OpenJDK 64-Bit Server VM (25.242-b08) for linux-amd64 JRE (1.8.0_242-8u242-b08-1~deb9u1-b08), built on Feb 10 2020 12:38:09 by "pbuilder" with gcc 6.3.0 20170516
Memory: 4k page, physical 8030900k(4579764k free), swap 16501756k(16501756k free)
CommandLine flags: -XX:+CMSEdenChunksRecordAlways -XX:CMSInitiatingOccupancyFraction=75 -XX:+CMSParallelInitialMarkEnabled -XX:+CMSParallelRemarkEnabled -XX:CMSWaitDuration=10000 -XX:+ExitOnOutOfMemoryError -XX:GCLogFileSize=10485760 -XX:+HeapDumpOnOutOfMemoryError -XX:+IgnoreUnrecognizedVMOptions -XX:InitialHeapSize=128494400 -XX:MaxHeapSize=2055910400 -XX:MaxNewSize=348966912 -XX:MaxTenuringThreshold=6 -XX:NumberOfGCLogFiles=10 -XX:OldPLABSize=16 -XX:+PerfDisableSharedMem -XX:+PrintGC -XX:+PrintGCApplicationStoppedTime -XX:+PrintGCDateStamps -XX:+PrintGCDetails -XX:+PrintGCTimeStamps -XX:+PrintHeapAtGC -XX:+PrintTenuringDistribution -XX:+ResizeTLAB -XX:-UseBiasedLocking -XX:+UseCMSInitiatingOccupancyOnly -XX:+UseCompressedClassPointers -XX:+UseCompressedOops -XX:+UseConcMarkSweepGC -XX:+UseCondCardMark -XX:+UseGCLogFileRotation -XX:+UseParNewGC -XX:+UseTLAB 
2021-01-18T18:01:21.397+0000: 8.735: Total time for which application threads were stopped: 0.0002216 seconds, Stopping threads took: 0.0001115 seconds
2021-01-18T18:01:22.397+0000: 9.736: Total time for which application threads were stopped: 0.0001906 seconds, Stopping threads took: 0.0000376 seconds
2021-01-18T18:01:23.397+0000: 10.736: Total time for which application threads were stopped: 0.0000968 seconds, Stopping threads took: 0.0000250 seconds
2021-01-18T18:01:24.398+0000: 11.736: Total time for which application threads were stopped: 0.0001329 seconds, Stopping threads took: 0.0000444 seconds
{Heap before GC invocations=0 (full 0):
 par new generation   total 38080K, used 33856K [0x0000000085600000, 0x0000000087f50000, 0x000000009a2c0000)
  eden space 33856K, 100% used [0x0000000085600000, 0x0000000087710000, 0x0000000087710000)
  from space 4224K,   0% used [0x0000000087710000, 0x0000000087710000, 0x0000000087b30000)
  to   space 4224K,   0% used [0x0000000087b30000, 0x0000000087b30000, 0x0000000087f50000)
 concurrent mark-sweep generation total 84672K, used 0K [0x000000009a2c0000, 0x000000009f570000, 0x0000000100000000)
 Metaspace       used 5724K, capacity 6038K, committed 6144K, reserved 1056768K
  class space    used 581K, capacity 699K, committed 768K, reserved 1048576K
2021-01-18T18:01:28.396+0000: 15.735: [GC (Allocation Failure) 2021-01-18T18:01:28.396+0000: 15.735: [ParNew
Desired survivor size 2162688 bytes, new threshold 1 (max 6)
- age   1:    3609144 bytes,    3609144 total
: 33856K->3559K(38080K), 0.0067717 secs] 33856K->3559K(122752K), 0.0068502 secs] [Times: user=0.03 sys=0.00, real=0.01 secs] 
Heap after GC invocations=1 (full 0):
 par new generation   total 38080K, used 3559K [0x0000000085600000, 0x0000000087f50000, 0x000000009a2c0000)
  eden space 33856K,   0% used [0x0000000085600000, 0x0000000085600000, 0x0000000087710000)
  from space 4224K,  84% used [0x0000000087b30000, 0x0000000087ea9fa8, 0x0000000087f50000)
  to   space 4224K,   0% used [0x0000000087710000, 0x0000000087710000, 0x0000000087b30000)
 concurrent mark-sweep generation total 84672K, used 0K [0x000000009a2c0000, 0x000000009f570000, 0x0000000100000000)
 Metaspace       used 5724K, capacity 6038K, committed 6144K, reserved 1056768K
  class space    used 581K, capacity 699K, committed 768K, reserved 1048576K
}
2021-01-18T18:01:28.403+0000: 15.742: Total time for which application threads were stopped: 0.0070061 seconds, Stopping threads took: 0.0000221 seconds
2021-01-18T18:01:28.465+0000: 15.804: Total time for which application threads were stopped: 0.0117405 seconds, Stopping threads took: 0.0000214 seconds
{Heap before GC invocations=1 (full 0):
 par new generation   total 38080K, used 37415K [0x0000000085600000, 0x0000000087f50000, 0x000000009a2c0000)
  eden space 33856K, 100% used [0x0000000085600000, 0x0000000087710000, 0x0000000087710000)
  from space 4224K,  84% used [0x0000000087b30000, 0x0000000087ea9fa8, 0x0000000087f50000)
  to   space 4224K,   0% used [0x0000000087710000, 0x0000000087710000, 0x0000000087b30000)
 concurrent mark-sweep generation total 84672K, used 0K [0x000000009a2c0000, 0x000000009f570000, 0x0000000100000000)
 Metaspace       used 5991K, capacity 6230K, committed 6400K, reserved 1056768K
  class space    used 613K, capacity 699K, committed 768K, reserved 1048576K
2021-01-18T18:01:28.619+0000: 15.957: [GC (Allocation Failure) 2021-01-18T18:01:28.619+0000: 15.957: [ParNew
Desired survivor size 2162688 bytes, new threshold 6 (max 6)
- age   1:    1570064 bytes,    1570064 total
: 37415K->3202K(38080K), 0.0194268 secs] 37415K->5922K(122752K), 0.0195041 secs] [Times: user=0.06 sys=0.00, real=0.02 secs] 
Heap after GC invocations=2 (full 0):
 par new generation   total 38080K, used 3202K [0x0000000085600000, 0x0000000087f50000, 0x000000009a2c0000)
  eden space 33856K,   0% used [0x0000000085600000, 0x0000000085600000, 0x0000000087710000)
  from space 4224K,  75% used [0x0000000087710000, 0x0000000087a30838, 0x0000000087b30000)
  to   space 4224K,   0% used [0x0000000087b30000, 0x0000000087b30000, 0x0000000087f50000)
 concurrent mark-sweep generation total 84672K, used 2720K [0x000000009a2c0000, 0x000000009f570000, 0x0000000100000000)
 Metaspace       used 5991K, capacity 6230K, committed 6400K, reserved 1056768K
  class space    used 613K, capacity 699K, committed 768K, reserved 1048576K
}
2021-01-18T18:01:28.638+0000: 15.977: Total time for which application threads were stopped: 0.0196425 seconds, Stopping threads took: 0.0000218 seconds
{Heap before GC invocations=2 (full 0):
 par new generation   total 38080K, used 37058K [0x0000000085600000, 0x0000000087f50000, 0x000000009a2c0000)
  eden space 33856K, 100% used [0x0000000085600000, 0x0000000087710000, 0x0000000087710000)
  from space 4224K,  75% used [0x0000000087710000, 0x0000000087a30838, 0x0000000087b30000)
  to   space 4224K,   0% used [0x0000000087b30000, 0x0000000087b30000, 0x0000000087f50000)
 concurrent mark-sweep generation total 84672K, used 2720K [0x000000009a2c0000, 0x000000009f570000, 0x0000000100000000)
 Metaspace       used 6390K, capacity 6646K, committed 6912K, reserved 1056768K
  class space    used 669K, capacity 731K, committed 768K, reserved 1048576K
2021-01-18T18:01:28.958+0000: 16.296: [GC (Allocation Failure) 2021-01-18T18:01:28.958+0000: 16.296: [ParNew
Desired survivor size 2162688 bytes, new threshold 6 (max 6)
- age   1:    1163392 bytes,    1163392 total
- age   2:     160648 bytes,    1324040 total
: 37058K->1621K(38080K), 0.0039968 secs] 39778K->4341K(122752K), 0.0040519 secs] [Times: user=0.01 sys=0.00, real=0.01 secs] 
Heap after GC invocations=3 (full 0):
 par new generation   total 38080K, used 1621K [0x0000000085600000, 0x0000000087f50000, 0x000000009a2c0000)
  eden space 33856K,   0% used [0x0000000085600000, 0x0000000085600000, 0x0000000087710000)
  from space 4224K,  38% used [0x0000000087b30000, 0x0000000087cc5480, 0x0000000087f50000)
  to   space 4224K,   0% used [0x0000000087710000, 0x0000000087710000, 0x0000000087b30000)
 concurrent mark-sweep generation total 84672K, used 2720K [0x000000009a2c0000, 0x000000009f570000, 0x0000000100000000)
 Metaspace       used 6390K, capacity 6646K, committed 6912K, reserved 1056768K
  class space    used 669K, capacity 731K, committed 768K, reserved 1048576K
}
2021-01-18T18:01:28.962+0000: 16.301: Total time for which application threads were stopped: 0.0041744 seconds, Stopping threads took: 0.0000180 seconds
2021-01-18T18:01:28.995+0000: 16.333: Total time for which application threads were stopped: 0.0001396 seconds, Stopping threads took: 0.0000161 seconds
{Heap before GC invocations=3 (full 0):
 par new generation   total 38080K, used 35477K [0x0000000085600000, 0x0000000087f50000, 0x000000009a2c0000)
  eden space 33856K, 100% used [0x0000000085600000, 0x0000000087710000, 0x0000000087710000)
  from space 4224K,  38% used [0x0000000087b30000, 0x0000000087cc5480, 0x0000000087f50000)
  to   space 4224K,   0% used [0x0000000087710000, 0x0000000087710000, 0x0000000087b30000)
 concurrent mark-sweep generation total 84672K, used 2720K [0x000000009a2c0000, 0x000000009f570000, 0x0000000100000000)
 Metaspace       used 7705K, capacity 7990K, committed 8192K, reserved 1056768K
  class space    used 827K, capacity 923K, committed 1024K, reserved 1048576K
2021-01-18T18:01:29.546+0000: 16.884: [GC (Allocation Failure) 2021-01-18T18:01:29.546+0000: 16.884: [ParNew
Desired survivor size 2162688 bytes, new threshold 1 (max 6)
- age   1:    2275704 bytes,    2275704 total
- age   2:      86208 bytes,    2361912 total
- age   3:     156056 bytes,    2517968 total
: 35477K->2583K(38080K), 0.0048807 secs] 38197K->5303K(122752K), 0.0049432 secs] [Times: user=0.00 sys=0.00, real=0.01 secs] 
Heap after GC invocations=4 (full 0):
 par new generation   total 38080K, used 2583K [0x0000000085600000, 0x0000000087f50000, 0x000000009a2c0000)
  eden space 33856K,   0% used [0x0000000085600000, 0x0000000085600000, 0x0000000087710000)
  from space 4224K,  61% used [0x0000000087710000, 0x0000000087995d90, 0x0000000087b30000)
  to   space 4224K,   0% used [0x0000000087b30000, 0x0000000087b30000, 0x0000000087f50000)
 concurrent mark-sweep generation total 84672K, used 2720K [0x000000009a2c0000, 0x000000009f570000, 0x0000000100000000)
 Metaspace       used 7705K, capacity 7990K, committed 8192K, reserved 1056768K
  class space    used 827K, capacity 923K, committed 1024K, reserved 1048576K
}
2021-01-18T18:01:29.551+0000: 16.889: Total time for which application threads were stopped: 0.0050566 seconds, Stopping threads took: 0.0000170 seconds
2021-01-18T18:01:29.581+0000: 16.919: Total time for which application threads were stopped: 0.0001300 seconds, Stopping threads took: 0.0000108 seconds
{Heap before GC invocations=4 (full 0):
 par new generation   total 38080K, used 36439K [0x0000000085600000, 0x0000000087f50000, 0x000000009a2c0000)
  eden space 33856K, 100% used [0x0000000085600000, 0x0000000087710000, 0x0000000087710000)
  from space 4224K,  61% used [0x0000000087710000, 0x0000000087995d90, 0x0000000087b30000)
  to   space 4224K,   0% used [0x0000000087b30000, 0x0000000087b30000, 0x0000000087f50000)
 concurrent mark-sweep generation total 84672K, used 2720K [0x000000009a2c0000, 0x000000009f570000, 0x0000000100000000)
 Metaspace       used 8256K, capacity 8566K, committed 8704K, reserved 1056768K
  class space    used 908K, capacity 987K, committed 1024K, reserved 1048576K
2021-01-18T18:01:29.795+0000: 17.133: [GC (Allocation Failure) 2021-01-18T18:01:29.795+0000: 17.133: [ParNew
Desired survivor size 2162688 bytes, new threshold 6 (max 6)
- age   1:     768352 bytes,     768352 total
: 36439K->932K(38080K), 0.0050603 secs] 39159K->4146K(122752K), 0.0051395 secs] [Times: user=0.02 sys=0.00, real=0.01 secs] 
Heap after GC invocations=5 (full 0):
 par new generation   total 38080K, used 932K [0x0000000085600000, 0x0000000087f50000, 0x000000009a2c0000)
  eden space 33856K,   0% used [0x0000000085600000, 0x0000000085600000, 0x0000000087710000)
  from space 4224K,  22% used [0x0000000087b30000, 0x0000000087c192f8, 0x0000000087f50000)
  to   space 4224K,   0% used [0x0000000087710000, 0x0000000087710000, 0x0000000087b30000)
 concurrent mark-sweep generation total 84672K, used 3213K [0x000000009a2c0000, 0x000000009f570000, 0x0000000100000000)
 Metaspace       used 8256K, capacity 8566K, committed 8704K, reserved 1056768K
  class space    used 908K, capacity 987K, committed 1024K, reserved 1048576K
}
2021-01-18T18:01:29.800+0000: 17.138: Total time for which application threads were stopped: 0.0053381 seconds, Stopping threads took: 0.0000217 seconds
2021-01-18T18:01:29.841+0000: 17.180: Total time for which application threads were stopped: 0.0001599 seconds, Stopping threads took: 0.0000196 seconds
{Heap before GC invocations=5 (full 0):
 par new generation   total 38080K, used 34788K [0x0000000085600000, 0x0000000087f50000, 0x000000009a2c0000)
  eden space 33856K, 100% used [0x0000000085600000, 0x0000000087710000, 0x0000000087710000)
  from space 4224K,  22% used [0x0000000087b30000, 0x0000000087c192f8, 0x0000000087f50000)
  to   space 4224K,   0% used [0x0000000087710000, 0x0000000087710000, 0x0000000087b30000)
 concurrent mark-sweep generation total 84672K, used 3213K [0x000000009a2c0000, 0x000000009f570000, 0x0000000100000000)
 Metaspace       used 9041K, capacity 9342K, committed 9600K, reserved 1058816K
  class space    used 1010K, capacity 1115K, committed 1152K, reserved 1048576K
2021-01-18T18:01:29.944+0000: 17.282: [GC (Allocation Failure) 2021-01-18T18:01:29.944+0000: 17.282: [ParNew
Desired survivor size 2162688 bytes, new threshold 6 (max 6)
- age   1:     789864 bytes,     789864 total
- age   2:     150808 bytes,     940672 total
: 34788K->1028K(38080K), 0.0016669 secs] 38002K->4242K(122752K), 0.0017373 secs] [Times: user=0.00 sys=0.00, real=0.00 secs] 
Heap after GC invocations=6 (full 0):
 par new generation   total 38080K, used 1028K [0x0000000085600000, 0x0000000087f50000, 0x000000009a2c0000)
  eden space 33856K,   0% used [0x0000000085600000, 0x0000000085600000, 0x0000000087710000)
  from space 4224K,  24% used [0x0000000087710000, 0x00000000878113e0, 0x0000000087b30000)
  to   space 4224K,   0% used [0x0000000087b30000, 0x0000000087b30000, 0x0000000087f50000)
 concurrent mark-sweep generation total 84672K, used 3213K [0x000000009a2c0000, 0x000000009f570000, 0x0000000100000000)
 Metaspace       used 9041K, capacity 9342K, committed 9600K, reserved 1058816K
  class space    used 1010K, capacity 1115K, committed 1152K, reserved 1048576K
}
2021-01-18T18:01:29.946+0000: 17.284: Total time for which application threads were stopped: 0.0018653 seconds, Stopping threads took: 0.0000201 seconds
{Heap before GC invocations=6 (full 0):
 par new generation   total 38080K, used 34884K [0x0000000085600000, 0x0000000087f50000, 0x000000009a2c0000)
  eden space 33856K, 100% used [0x0000000085600000, 0x0000000087710000, 0x0000000087710000)
  from space 4224K,  24% used [0x0000000087710000, 0x00000000878113e0, 0x0000000087b30000)
  to   space 4224K,   0% used [0x0000000087b30000, 0x0000000087b30000, 0x0000000087f50000)
 concurrent mark-sweep generation total 84672K, used 3213K [0x000000009a2c0000, 0x000000009f570000, 0x0000000100000000)
 Metaspace       used 9539K, capacity 9774K, committed 9984K, reserved 1058816K
  class space    used 1067K, capacity 1153K, committed 1280K, reserved 1048576K
2021-01-18T18:01:30.248+0000: 17.586: [GC (Allocation Failure) 2021-01-18T18:01:30.248+0000: 17.586: [ParNew
Desired survivor size 2162688 bytes, new threshold 6 (max 6)
- age   1:    1238792 bytes,    1238792 total
- age   2:     301832 bytes,    1540624 total
- age   3:     149944 bytes,    1690568 total
: 34884K->1922K(38080K), 0.0094406 secs] 38098K->5135K(122752K), 0.0095783 secs] [Times: user=0.02 sys=0.00, real=0.00 secs] 
Heap after GC invocations=7 (full 0):
 par new generation   total 38080K, used 1922K [0x0000000085600000, 0x0000000087f50000, 0x000000009a2c0000)
  eden space 33856K,   0% used [0x0000000085600000, 0x0000000085600000, 0x0000000087710000)
  from space 4224K,  45% used [0x0000000087b30000, 0x0000000087d108b0, 0x0000000087f50000)
  to   space 4224K,   0% used [0x0000000087710000, 0x0000000087710000, 0x0000000087b30000)
 concurrent mark-sweep generation total 84672K, used 3213K [0x000000009a2c0000, 0x000000009f570000, 0x0000000100000000)
 Metaspace       used 9539K, capacity 9774K, committed 9984K, reserved 1058816K
  class space    used 1067K, capacity 1153K, committed 1280K, reserved 1048576K
}
2021-01-18T18:01:30.257+0000: 17.596: Total time for which application threads were stopped: 0.0099142 seconds, Stopping threads took: 0.0000330 seconds
{Heap before GC invocations=7 (full 0):
 par new generation   total 38080K, used 35778K [0x0000000085600000, 0x0000000087f50000, 0x000000009a2c0000)
  eden space 33856K, 100% used [0x0000000085600000, 0x0000000087710000, 0x0000000087710000)
  from space 4224K,  45% used [0x0000000087b30000, 0x0000000087d108b0, 0x0000000087f50000)
  to   space 4224K,   0% used [0x0000000087710000, 0x0000000087710000, 0x0000000087b30000)
 concurrent mark-sweep generation total 84672K, used 3213K [0x000000009a2c0000, 0x000000009f570000, 0x0000000100000000)
 Metaspace       used 10145K, capacity 10452K, committed 10752K, reserved 1058816K
  class space    used 1156K, capacity 1252K, committed 1280K, reserved 1048576K
2021-01-18T18:01:30.554+0000: 17.893: [GC (Allocation Failure) 2021-01-18T18:01:30.555+0000: 17.893: [ParNew
Desired survivor size 2162688 bytes, new threshold 6 (max 6)
- age   1:    1213096 bytes,    1213096 total
- age   2:     248960 bytes,    1462056 total
- age   3:     301000 bytes,    1763056 total
- age   4:     149944 bytes,    1913000 total
: 35778K->2302K(38080K), 0.0062641 secs] 38991K->5515K(122752K), 0.0063700 secs] [Times: user=0.02 sys=0.00, real=0.01 secs] 
Heap after GC invocations=8 (full 0):
 par new generation   total 38080K, used 2302K [0x0000000085600000, 0x0000000087f50000, 0x000000009a2c0000)
  eden space 33856K,   0% used [0x0000000085600000, 0x0000000085600000, 0x0000000087710000)
  from space 4224K,  54% used [0x0000000087710000, 0x000000008794f980, 0x0000000087b30000)
  to   space 4224K,   0% used [0x0000000087b30000, 0x0000000087b30000, 0x0000000087f50000)
 concurrent mark-sweep generation total 84672K, used 3213K [0x000000009a2c0000, 0x000000009f570000, 0x0000000100000000)
 Metaspace       used 10145K, capacity 10452K, committed 10752K, reserved 1058816K
  class space    used 1156K, capacity 1252K, committed 1280K, reserved 1048576K
}
2021-01-18T18:01:30.561+0000: 17.899: Total time for which application threads were stopped: 0.0066032 seconds, Stopping threads took: 0.0000216 seconds
{Heap before GC invocations=8 (full 0):
 par new generation   total 38080K, used 36158K [0x0000000085600000, 0x0000000087f50000, 0x000000009a2c0000)
  eden space 33856K, 100% used [0x0000000085600000, 0x0000000087710000, 0x0000000087710000)
  from space 4224K,  54% used [0x0000000087710000, 0x000000008794f980, 0x0000000087b30000)
  to   space 4224K,   0% used [0x0000000087b30000, 0x0000000087b30000, 0x0000000087f50000)
 concurrent mark-sweep generation total 84672K, used 3213K [0x000000009a2c0000, 0x000000009f570000, 0x0000000100000000)
 Metaspace       used 10891K, capacity 11238K, committed 11392K, reserved 1058816K
  class space    used 1257K, capacity 1363K, committed 1408K, reserved 1048576K
2021-01-18T18:01:30.807+0000: 18.146: [GC (Allocation Failure) 2021-01-18T18:01:30.807+0000: 18.146: [ParNew
Desired survivor size 2162688 bytes, new threshold 5 (max 6)
- age   1:    1387232 bytes,    1387232 total
- age   2:     129064 bytes,    1516296 total
- age   3:     246672 bytes,    1762968 total
- age   4:     299936 bytes,    2062904 total
- age   5:     140472 bytes,    2203376 total
: 36158K->2551K(38080K), 0.0117025 secs] 39371K->5764K(122752K), 0.0118468 secs] [Times: user=0.02 sys=0.00, real=0.01 secs] 
Heap after GC invocations=9 (full 0):
 par new generation   total 38080K, used 2551K [0x0000000085600000, 0x0000000087f50000, 0x000000009a2c0000)
  eden space 33856K,   0% used [0x0000000085600000, 0x0000000085600000, 0x0000000087710000)
  from space 4224K,  60% used [0x0000000087b30000, 0x0000000087dadca0, 0x0000000087f50000)
  to   space 4224K,   0% used [0x0000000087710000, 0x0000000087710000, 0x0000000087b30000)
 concurrent mark-sweep generation total 84672K, used 3213K [0x000000009a2c0000, 0x000000009f570000, 0x0000000100000000)
 Metaspace       used 10891K, capacity 11238K, committed 11392K, reserved 1058816K
  class space    used 1257K, capacity 1363K, committed 1408K, reserved 1048576K
}
2021-01-18T18:01:30.819+0000: 18.158: Total time for which application threads were stopped: 0.0121935 seconds, Stopping threads took: 0.0000496 seconds
{Heap before GC invocations=9 (full 0):
 par new generation   total 38080K, used 36407K [0x0000000085600000, 0x0000000087f50000, 0x000000009a2c0000)
  eden space 33856K, 100% used [0x0000000085600000, 0x0000000087710000, 0x0000000087710000)
  from space 4224K,  60% used [0x0000000087b30000, 0x0000000087dadca0, 0x0000000087f50000)
  to   space 4224K,   0% used [0x0000000087710000, 0x0000000087710000, 0x0000000087b30000)
 concurrent mark-sweep generation total 84672K, used 3213K [0x000000009a2c0000, 0x000000009f570000, 0x0000000100000000)
 Metaspace       used 11277K, capacity 11630K, committed 11776K, reserved 1058816K
  class space    used 1316K, capacity 1429K, committed 1536K, reserved 1048576K
2021-01-18T18:01:30.922+0000: 18.260: [GC (Allocation Failure) 2021-01-18T18:01:30.922+0000: 18.260: [ParNew
Desired survivor size 2162688 bytes, new threshold 6 (max 6)
- age   1:     698688 bytes,     698688 total
- age   2:     208944 bytes,     907632 total
- age   3:     123840 bytes,    1031472 total
- age   4:     244616 bytes,    1276088 total
- age   5:     299416 bytes,    1575504 total
: 36407K->1833K(38080K), 0.0026314 secs] 39620K->5187K(122752K), 0.0026919 secs] [Times: user=0.00 sys=0.00, real=0.00 secs] 
Heap after GC invocations=10 (full 0):
 par new generation   total 38080K, used 1833K [0x0000000085600000, 0x0000000087f50000, 0x000000009a2c0000)
  eden space 33856K,   0% used [0x0000000085600000, 0x0000000085600000, 0x0000000087710000)
  from space 4224K,  43% used [0x0000000087710000, 0x00000000878da6e0, 0x0000000087b30000)
  to   space 4224K,   0% used [0x0000000087b30000, 0x0000000087b30000, 0x0000000087f50000)
 concurrent mark-sweep generation total 84672K, used 3353K [0x000000009a2c0000, 0x000000009f570000, 0x0000000100000000)
 Metaspace       used 11277K, capacity 11630K, committed 11776K, reserved 1058816K
  class space    used 1316K, capacity 1429K, committed 1536K, reserved 1048576K
}
2021-01-18T18:01:30.924+0000: 18.263: Total time for which application threads were stopped: 0.0027927 seconds, Stopping threads took: 0.0000110 seconds
{Heap before GC invocations=10 (full 0):
 par new generation   total 38080K, used 35689K [0x0000000085600000, 0x0000000087f50000, 0x000000009a2c0000)
  eden space 33856K, 100% used [0x0000000085600000, 0x0000000087710000, 0x0000000087710000)
  from space 4224K,  43% used [0x0000000087710000, 0x00000000878da6e0, 0x0000000087b30000)
  to   space 4224K,   0% used [0x0000000087b30000, 0x0000000087b30000, 0x0000000087f50000)
 concurrent mark-sweep generation total 84672K, used 3353K [0x000000009a2c0000, 0x000000009f570000, 0x0000000100000000)
 Metaspace       used 12138K, capacity 12448K, committed 12544K, reserved 1060864K
  class space    used 1413K, capacity 1530K, committed 1536K, reserved 1048576K
2021-01-18T18:01:31.079+0000: 18.418: [GC (Allocation Failure) 2021-01-18T18:01:31.079+0000: 18.418: [ParNew
Desired survivor size 2162688 bytes, new threshold 6 (max 6)
- age   1:    1071752 bytes,    1071752 total
- age   2:     107072 bytes,    1178824 total
- age   3:     202792 bytes,    1381616 total
- age   4:     123808 bytes,    1505424 total
- age   5:     241592 bytes,    1747016 total
- age   6:     299536 bytes,    2046552 total
: 35689K->2548K(38080K), 0.0028553 secs] 39043K->5901K(122752K), 0.0029082 secs] [Times: user=0.00 sys=0.00, real=0.00 secs] 
Heap after GC invocations=11 (full 0):
 par new generation   total 38080K, used 2548K [0x0000000085600000, 0x0000000087f50000, 0x000000009a2c0000)
  eden space 33856K,   0% used [0x0000000085600000, 0x0000000085600000, 0x0000000087710000)
  from space 4224K,  60% used [0x0000000087b30000, 0x0000000087dad030, 0x0000000087f50000)
  to   space 4224K,   0% used [0x0000000087710000, 0x0000000087710000, 0x0000000087b30000)
 concurrent mark-sweep generation total 84672K, used 3353K [0x000000009a2c0000, 0x000000009f570000, 0x0000000100000000)
 Metaspace       used 12138K, capacity 12448K, committed 12544K, reserved 1060864K
  class space    used 1413K, capacity 1530K, committed 1536K, reserved 1048576K
}
2021-01-18T18:01:31.082+0000: 18.421: Total time for which application threads were stopped: 0.0030106 seconds, Stopping threads took: 0.0000107 seconds
{Heap before GC invocations=11 (full 0):
 par new generation   total 38080K, used 36404K [0x0000000085600000, 0x0000000087f50000, 0x000000009a2c0000)
  eden space 33856K, 100% used [0x0000000085600000, 0x0000000087710000, 0x0000000087710000)
  from space 4224K,  60% used [0x0000000087b30000, 0x0000000087dad030, 0x0000000087f50000)
  to   space 4224K,   0% used [0x0000000087710000, 0x0000000087710000, 0x0000000087b30000)
 concurrent mark-sweep generation total 84672K, used 3353K [0x000000009a2c0000, 0x000000009f570000, 0x0000000100000000)
 Metaspace       used 12807K, capacity 13186K, committed 13440K, reserved 1060864K
  class space    used 1502K, capacity 1619K, committed 1664K, reserved 1048576K
2021-01-18T18:01:31.290+0000: 18.629: [GC (Allocation Failure) 2021-01-18T18:01:31.290+0000: 18.629: [ParNew
Desired survivor size 2162688 bytes, new threshold 6 (max 6)
- age   1:     636064 bytes,     636064 total
- age   2:     227792 bytes,     863856 total
- age   3:     102648 bytes,     966504 total
- age   4:     192656 bytes,    1159160 total
- age   5:     123584 bytes,    1282744 total
- age   6:     241432 bytes,    1524176 total
: 36404K->2151K(38080K), 0.0027906 secs] 39757K->5800K(122752K), 0.0028722 secs] [Times: user=0.01 sys=0.00, real=0.00 secs] 
Heap after GC invocations=12 (full 0):
 par new generation   total 38080K, used 2151K [0x0000000085600000, 0x0000000087f50000, 0x000000009a2c0000)
  eden space 33856K,   0% used [0x0000000085600000, 0x0000000085600000, 0x0000000087710000)
  from space 4224K,  50% used [0x0000000087710000, 0x0000000087929e40, 0x0000000087b30000)
  to   space 4224K,   0% used [0x0000000087b30000, 0x0000000087b30000, 0x0000000087f50000)
 concurrent mark-sweep generation total 84672K, used 3648K [0x000000009a2c0000, 0x000000009f570000, 0x0000000100000000)
 Metaspace       used 12807K, capacity 13186K, committed 13440K, reserved 1060864K
  class space    used 1502K, capacity 1619K, committed 1664K, reserved 1048576K
}
2021-01-18T18:01:31.293+0000: 18.632: Total time for which application threads were stopped: 0.0029826 seconds, Stopping threads took: 0.0000161 seconds
{Heap before GC invocations=12 (full 0):
 par new generation   total 38080K, used 36007K [0x0000000085600000, 0x0000000087f50000, 0x000000009a2c0000)
  eden space 33856K, 100% used [0x0000000085600000, 0x0000000087710000, 0x0000000087710000)
  from space 4224K,  50% used [0x0000000087710000, 0x0000000087929e40, 0x0000000087b30000)
  to   space 4224K,   0% used [0x0000000087b30000, 0x0000000087b30000, 0x0000000087f50000)
 concurrent mark-sweep generation total 84672K, used 3648K [0x000000009a2c0000, 0x000000009f570000, 0x0000000100000000)
 Metaspace       used 13307K, capacity 13798K, committed 14080K, reserved 1060864K
  class space    used 1580K, capacity 1727K, committed 1792K, reserved 1048576K
2021-01-18T18:01:31.449+0000: 18.788: [GC (Allocation Failure) 2021-01-18T18:01:31.449+0000: 18.788: [ParNew
Desired survivor size 2162688 bytes, new threshold 6 (max 6)
- age   1:    1130176 bytes,    1130176 total
- age   2:     239984 bytes,    1370160 total
- age   3:     224128 bytes,    1594288 total
- age   4:     101576 bytes,    1695864 total
- age   5:     192592 bytes,    1888456 total
- age   6:     123416 bytes,    2011872 total
: 36007K->2298K(38080K), 0.0034702 secs] 39656K->6186K(122752K), 0.0035250 secs] [Times: user=0.01 sys=0.00, real=0.00 secs] 
Heap after GC invocations=13 (full 0):
 par new generation   total 38080K, used 2298K [0x0000000085600000, 0x0000000087f50000, 0x000000009a2c0000)
  eden space 33856K,   0% used [0x0000000085600000, 0x0000000085600000, 0x0000000087710000)
  from space 4224K,  54% used [0x0000000087b30000, 0x0000000087d6e928, 0x0000000087f50000)
  to   space 4224K,   0% used [0x0000000087710000, 0x0000000087710000, 0x0000000087b30000)
 concurrent mark-sweep generation total 84672K, used 3887K [0x000000009a2c0000, 0x000000009f570000, 0x0000000100000000)
 Metaspace       used 13307K, capacity 13798K, committed 14080K, reserved 1060864K
  class space    used 1580K, capacity 1727K, committed 1792K, reserved 1048576K
}
2021-01-18T18:01:31.453+0000: 18.791: Total time for which application threads were stopped: 0.0036285 seconds, Stopping threads took: 0.0000105 seconds
2021-01-18T18:01:31.473+0000: 18.811: Total time for which application threads were stopped: 0.0001763 seconds, Stopping threads took: 0.0000108 seconds
{Heap before GC invocations=13 (full 0):
 par new generation   total 38080K, used 36154K [0x0000000085600000, 0x0000000087f50000, 0x000000009a2c0000)
  eden space 33856K, 100% used [0x0000000085600000, 0x0000000087710000, 0x0000000087710000)
  from space 4224K,  54% used [0x0000000087b30000, 0x0000000087d6e928, 0x0000000087f50000)
  to   space 4224K,   0% used [0x0000000087710000, 0x0000000087710000, 0x0000000087b30000)
 concurrent mark-sweep generation total 84672K, used 3887K [0x000000009a2c0000, 0x000000009f570000, 0x0000000100000000)
 Metaspace       used 13572K, capacity 14086K, committed 14336K, reserved 1062912K
  class space    used 1617K, capacity 1759K, committed 1792K, reserved 1048576K
2021-01-18T18:01:31.519+0000: 18.858: [GC (Allocation Failure) 2021-01-18T18:01:31.519+0000: 18.858: [ParNew
Desired survivor size 2162688 bytes, new threshold 6 (max 6)
- age   1:     814856 bytes,     814856 total
- age   2:     173480 bytes,     988336 total
- age   3:     239152 bytes,    1227488 total
- age   4:     224128 bytes,    1451616 total
- age   5:     101576 bytes,    1553192 total
- age   6:     192176 bytes,    1745368 total
: 36154K->2093K(38080K), 0.0028971 secs] 40042K->6107K(122752K), 0.0029744 secs] [Times: user=0.01 sys=0.00, real=0.00 secs] 
Heap after GC invocations=14 (full 0):
 par new generation   total 38080K, used 2093K [0x0000000085600000, 0x0000000087f50000, 0x000000009a2c0000)
  eden space 33856K,   0% used [0x0000000085600000, 0x0000000085600000, 0x0000000087710000)
  from space 4224K,  49% used [0x0000000087710000, 0x000000008791b598, 0x0000000087b30000)
  to   space 4224K,   0% used [0x0000000087b30000, 0x0000000087b30000, 0x0000000087f50000)
 concurrent mark-sweep generation total 84672K, used 4013K [0x000000009a2c0000, 0x000000009f570000, 0x0000000100000000)
 Metaspace       used 13572K, capacity 14086K, committed 14336K, reserved 1062912K
  class space    used 1617K, capacity 1759K, committed 1792K, reserved 1048576K
}
2021-01-18T18:01:31.522+0000: 18.861: Total time for which application threads were stopped: 0.0030746 seconds, Stopping threads took: 0.0000129 seconds
{Heap before GC invocations=14 (full 0):
 par new generation   total 38080K, used 35949K [0x0000000085600000, 0x0000000087f50000, 0x000000009a2c0000)
  eden space 33856K, 100% used [0x0000000085600000, 0x0000000087710000, 0x0000000087710000)
  from space 4224K,  49% used [0x0000000087710000, 0x000000008791b598, 0x0000000087b30000)
  to   space 4224K,   0% used [0x0000000087b30000, 0x0000000087b30000, 0x0000000087f50000)
 concurrent mark-sweep generation total 84672K, used 4013K [0x000000009a2c0000, 0x000000009f570000, 0x0000000100000000)
 Metaspace       used 13827K, capacity 14310K, committed 14336K, reserved 1062912K
  class space    used 1655K, capacity 1791K, committed 1792K, reserved 1048576K
2021-01-18T18:01:31.641+0000: 18.980: [GC (Allocation Failure) 2021-01-18T18:01:31.641+0000: 18.980: [ParNew
Desired survivor size 2162688 bytes, new threshold 6 (max 6)
- age   1:    1029480 bytes,    1029480 total
- age   2:      43496 bytes,    1072976 total
- age   3:     172696 bytes,    1245672 total
- age   4:     239152 bytes,    1484824 total
- age   5:     224128 bytes,    1708952 total
- age   6:     101576 bytes,    1810528 total
: 35949K->2148K(38080K), 0.0044543 secs] 39963K->6356K(122752K), 0.0045154 secs] [Times: user=0.01 sys=0.00, real=0.00 secs] 
Heap after GC invocations=15 (full 0):
 par new generation   total 38080K, used 2148K [0x0000000085600000, 0x0000000087f50000, 0x000000009a2c0000)
  eden space 33856K,   0% used [0x0000000085600000, 0x0000000085600000, 0x0000000087710000)
  from space 4224K,  50% used [0x0000000087b30000, 0x0000000087d49270, 0x0000000087f50000)
  to   space 4224K,   0% used [0x0000000087710000, 0x0000000087710000, 0x0000000087b30000)
 concurrent mark-sweep generation total 84672K, used 4207K [0x000000009a2c0000, 0x000000009f570000, 0x0000000100000000)
 Metaspace       used 13827K, capacity 14310K, committed 14336K, reserved 1062912K
  class space    used 1655K, capacity 1791K, committed 1792K, reserved 1048576K
}
2021-01-18T18:01:31.646+0000: 18.984: Total time for which application threads were stopped: 0.0046379 seconds, Stopping threads took: 0.0000197 seconds
2021-01-18T18:01:31.715+0000: 19.053: Total time for which application threads were stopped: 0.0002162 seconds, Stopping threads took: 0.0000201 seconds
2021-01-18T18:01:31.768+0000: 19.106: Total time for which application threads were stopped: 0.0001905 seconds, Stopping threads took: 0.0000127 seconds
{Heap before GC invocations=15 (full 0):
 par new generation   total 38080K, used 36004K [0x0000000085600000, 0x0000000087f50000, 0x000000009a2c0000)
  eden space 33856K, 100% used [0x0000000085600000, 0x0000000087710000, 0x0000000087710000)
  from space 4224K,  50% used [0x0000000087b30000, 0x0000000087d49270, 0x0000000087f50000)
  to   space 4224K,   0% used [0x0000000087710000, 0x0000000087710000, 0x0000000087b30000)
 concurrent mark-sweep generation total 84672K, used 4207K [0x000000009a2c0000, 0x000000009f570000, 0x0000000100000000)
 Metaspace       used 14152K, capacity 14688K, committed 14976K, reserved 1062912K
  class space    used 1683K, capacity 1800K, committed 1920K, reserved 1048576K
2021-01-18T18:01:31.807+0000: 19.145: [GC (Allocation Failure) 2021-01-18T18:01:31.807+0000: 19.145: [ParNew
Desired survivor size 2162688 bytes, new threshold 6 (max 6)
- age   1:     240152 bytes,     240152 total
- age   2:      56968 bytes,     297120 total
- age   3:      40176 bytes,     337296 total
- age   4:     164560 bytes,     501856 total
- age   5:     239128 bytes,     740984 total
- age   6:     222736 bytes,     963720 total
: 36004K->1234K(38080K), 0.0028029 secs] 40212K->5546K(122752K), 0.0028753 secs] [Times: user=0.01 sys=0.00, real=0.00 secs] 
Heap after GC invocations=16 (full 0):
 par new generation   total 38080K, used 1234K [0x0000000085600000, 0x0000000087f50000, 0x000000009a2c0000)
  eden space 33856K,   0% used [0x0000000085600000, 0x0000000085600000, 0x0000000087710000)
  from space 4224K,  29% used [0x0000000087710000, 0x0000000087844a78, 0x0000000087b30000)
  to   space 4224K,   0% used [0x0000000087b30000, 0x0000000087b30000, 0x0000000087f50000)
 concurrent mark-sweep generation total 84672K, used 4311K [0x000000009a2c0000, 0x000000009f570000, 0x0000000100000000)
 Metaspace       used 14152K, capacity 14688K, committed 14976K, reserved 1062912K
  class space    used 1683K, capacity 1800K, committed 1920K, reserved 1048576K
}
2021-01-18T18:01:31.810+0000: 19.148: Total time for which application threads were stopped: 0.0030084 seconds, Stopping threads took: 0.0000196 seconds
{Heap before GC invocations=16 (full 0):
 par new generation   total 38080K, used 35090K [0x0000000085600000, 0x0000000087f50000, 0x000000009a2c0000)
  eden space 33856K, 100% used [0x0000000085600000, 0x0000000087710000, 0x0000000087710000)
  from space 4224K,  29% used [0x0000000087710000, 0x0000000087844a78, 0x0000000087b30000)
  to   space 4224K,   0% used [0x0000000087b30000, 0x0000000087b30000, 0x0000000087f50000)
 concurrent mark-sweep generation total 84672K, used 4311K [0x000000009a2c0000, 0x000000009f570000, 0x0000000100000000)
 Metaspace       used 14568K, capacity 15100K, committed 15232K, reserved 1062912K
  class space    used 1737K, capacity 1882K, committed 1920K, reserved 1048576K
2021-01-18T18:01:31.999+0000: 19.337: [GC (Allocation Failure) 2021-01-18T18:01:31.999+0000: 19.337: [ParNew
Desired survivor size 2162688 bytes, new threshold 5 (max 6)
- age   1:    1738864 bytes,    1738864 total
- age   2:     215440 bytes,    1954304 total
- age   3:      56240 bytes,    2010544 total
- age   4:      40176 bytes,    2050720 total
- age   5:     154280 bytes,    2205000 total
- age   6:     159936 bytes,    2364936 total
: 35090K->3021K(38080K), 0.0057872 secs] 39402K->7557K(122752K), 0.0058502 secs] [Times: user=0.02 sys=0.00, real=0.00 secs] 
Heap after GC invocations=17 (full 0):
 par new generation   total 38080K, used 3021K [0x0000000085600000, 0x0000000087f50000, 0x000000009a2c0000)
  eden space 33856K,   0% used [0x0000000085600000, 0x0000000085600000, 0x0000000087710000)
  from space 4224K,  71% used [0x0000000087b30000, 0x0000000087e23628, 0x0000000087f50000)
  to   space 4224K,   0% used [0x0000000087710000, 0x0000000087710000, 0x0000000087b30000)
 concurrent mark-sweep generation total 84672K, used 4535K [0x000000009a2c0000, 0x000000009f570000, 0x0000000100000000)
 Metaspace       used 14568K, capacity 15100K, committed 15232K, reserved 1062912K
  class space    used 1737K, capacity 1882K, committed 1920K, reserved 1048576K
}
2021-01-18T18:01:32.005+0000: 19.343: Total time for which application threads were stopped: 0.0060106 seconds, Stopping threads took: 0.0000220 seconds
2021-01-18T18:01:32.014+0000: 19.352: Total time for which application threads were stopped: 0.0002181 seconds, Stopping threads took: 0.0000163 seconds
{Heap before GC invocations=17 (full 0):
 par new generation   total 38080K, used 36877K [0x0000000085600000, 0x0000000087f50000, 0x000000009a2c0000)
  eden space 33856K, 100% used [0x0000000085600000, 0x0000000087710000, 0x0000000087710000)
  from space 4224K,  71% used [0x0000000087b30000, 0x0000000087e23628, 0x0000000087f50000)
  to   space 4224K,   0% used [0x0000000087710000, 0x0000000087710000, 0x0000000087b30000)
 concurrent mark-sweep generation total 84672K, used 4535K [0x000000009a2c0000, 0x000000009f570000, 0x0000000100000000)
 Metaspace       used 15087K, capacity 15706K, committed 15872K, reserved 1062912K
  class space    used 1805K, capacity 1959K, committed 2048K, reserved 1048576K
2021-01-18T18:01:32.156+0000: 19.495: [GC (Allocation Failure) 2021-01-18T18:01:32.156+0000: 19.495: [ParNew
Desired survivor size 2162688 bytes, new threshold 2 (max 6)
- age   1:    1876528 bytes,    1876528 total
- age   2:     663464 bytes,    2539992 total
- age   3:     214608 bytes,    2754600 total
- age   4:      56216 bytes,    2810816 total
- age   5:      40176 bytes,    2850992 total
: 36877K->3363K(38080K), 0.0068535 secs] 41413K->8208K(122752K), 0.0069246 secs] [Times: user=0.02 sys=0.00, real=0.01 secs] 
Heap after GC invocations=18 (full 0):
 par new generation   total 38080K, used 3363K [0x0000000085600000, 0x0000000087f50000, 0x000000009a2c0000)
  eden space 33856K,   0% used [0x0000000085600000, 0x0000000085600000, 0x0000000087710000)
  from space 4224K,  79% used [0x0000000087710000, 0x0000000087a58c90, 0x0000000087b30000)
  to   space 4224K,   0% used [0x0000000087b30000, 0x0000000087b30000, 0x0000000087f50000)
 concurrent mark-sweep generation total 84672K, used 4845K [0x000000009a2c0000, 0x000000009f570000, 0x0000000100000000)
 Metaspace       used 15087K, capacity 15706K, committed 15872K, reserved 1062912K
  class space    used 1805K, capacity 1959K, committed 2048K, reserved 1048576K
}
2021-01-18T18:01:32.163+0000: 19.502: Total time for which application threads were stopped: 0.0071030 seconds, Stopping threads took: 0.0000204 seconds
{Heap before GC invocations=18 (full 0):
 par new generation   total 38080K, used 37219K [0x0000000085600000, 0x0000000087f50000, 0x000000009a2c0000)
  eden space 33856K, 100% used [0x0000000085600000, 0x0000000087710000, 0x0000000087710000)
  from space 4224K,  79% used [0x0000000087710000, 0x0000000087a58c90, 0x0000000087b30000)
  to   space 4224K,   0% used [0x0000000087b30000, 0x0000000087b30000, 0x0000000087f50000)
 concurrent mark-sweep generation total 84672K, used 4845K [0x000000009a2c0000, 0x000000009f570000, 0x0000000100000000)
 Metaspace       used 15603K, capacity 16130K, committed 16384K, reserved 1062912K
  class space    used 1863K, capacity 1995K, committed 2048K, reserved 1048576K
2021-01-18T18:01:32.244+0000: 19.583: [GC (Allocation Failure) 2021-01-18T18:01:32.244+0000: 19.583: [ParNew
Desired survivor size 2162688 bytes, new threshold 6 (max 6)
- age   1:    1540880 bytes,    1540880 total
- age   2:     144376 bytes,    1685256 total
: 37219K->2587K(38080K), 0.0071744 secs] 42064K->8395K(122752K), 0.0072389 secs] [Times: user=0.02 sys=0.00, real=0.01 secs] 
Heap after GC invocations=19 (full 0):
 par new generation   total 38080K, used 2587K [0x0000000085600000, 0x0000000087f50000, 0x000000009a2c0000)
  eden space 33856K,   0% used [0x0000000085600000, 0x0000000085600000, 0x0000000087710000)
  from space 4224K,  61% used [0x0000000087b30000, 0x0000000087db6da8, 0x0000000087f50000)
  to   space 4224K,   0% used [0x0000000087710000, 0x0000000087710000, 0x0000000087b30000)
 concurrent mark-sweep generation total 84672K, used 5808K [0x000000009a2c0000, 0x000000009f570000, 0x0000000100000000)
 Metaspace       used 15603K, capacity 16130K, committed 16384K, reserved 1062912K
  class space    used 1863K, capacity 1995K, committed 2048K, reserved 1048576K
}
2021-01-18T18:01:32.252+0000: 19.590: Total time for which application threads were stopped: 0.0073748 seconds, Stopping threads took: 0.0000216 seconds
{Heap before GC invocations=19 (full 0):
 par new generation   total 38080K, used 36443K [0x0000000085600000, 0x0000000087f50000, 0x000000009a2c0000)
  eden space 33856K, 100% used [0x0000000085600000, 0x0000000087710000, 0x0000000087710000)
  from space 4224K,  61% used [0x0000000087b30000, 0x0000000087db6da8, 0x0000000087f50000)
  to   space 4224K,   0% used [0x0000000087710000, 0x0000000087710000, 0x0000000087b30000)
 concurrent mark-sweep generation total 84672K, used 5808K [0x000000009a2c0000, 0x000000009f570000, 0x0000000100000000)
 Metaspace       used 16151K, capacity 16752K, committed 17024K, reserved 1064960K
  class space    used 1927K, capacity 2094K, committed 2176K, reserved 1048576K
2021-01-18T18:01:32.456+0000: 19.795: [GC (Allocation Failure) 2021-01-18T18:01:32.456+0000: 19.795: [ParNew
Desired survivor size 2162688 bytes, new threshold 6 (max 6)
- age   1:    1363168 bytes,    1363168 total
- age   2:     107496 bytes,    1470664 total
- age   3:     137448 bytes,    1608112 total
: 36443K->1702K(38080K), 0.0154085 secs] 42251K->7510K(122752K), 0.0155949 secs] [Times: user=0.05 sys=0.00, real=0.02 secs] 
Heap after GC invocations=20 (full 0):
 par new generation   total 38080K, used 1702K [0x0000000085600000, 0x0000000087f50000, 0x000000009a2c0000)
  eden space 33856K,   0% used [0x0000000085600000, 0x0000000085600000, 0x0000000087710000)
  from space 4224K,  40% used [0x0000000087710000, 0x00000000878b9998, 0x0000000087b30000)
  to   space 4224K,   0% used [0x0000000087b30000, 0x0000000087b30000, 0x0000000087f50000)
 concurrent mark-sweep generation total 84672K, used 5808K [0x000000009a2c0000, 0x000000009f570000, 0x0000000100000000)
 Metaspace       used 16151K, capacity 16752K, committed 17024K, reserved 1064960K
  class space    used 1927K, capacity 2094K, committed 2176K, reserved 1048576K
}
2021-01-18T18:01:32.472+0000: 19.811: Total time for which application threads were stopped: 0.0161557 seconds, Stopping threads took: 0.0002088 seconds
{Heap before GC invocations=20 (full 0):
 par new generation   total 38080K, used 35558K [0x0000000085600000, 0x0000000087f50000, 0x000000009a2c0000)
  eden space 33856K, 100% used [0x0000000085600000, 0x0000000087710000, 0x0000000087710000)
  from space 4224K,  40% used [0x0000000087710000, 0x00000000878b9998, 0x0000000087b30000)
  to   space 4224K,   0% used [0x0000000087b30000, 0x0000000087b30000, 0x0000000087f50000)
 concurrent mark-sweep generation total 84672K, used 5808K [0x000000009a2c0000, 0x000000009f570000, 0x0000000100000000)
 Metaspace       used 16889K, capacity 17460K, committed 17536K, reserved 1064960K
  class space    used 1999K, capacity 2160K, committed 2176K, reserved 1048576K
2021-01-18T18:01:32.628+0000: 19.966: [GC (Allocation Failure) 2021-01-18T18:01:32.628+0000: 19.966: [ParNew
Desired survivor size 2162688 bytes, new threshold 6 (max 6)
- age   1:    1754360 bytes,    1754360 total
- age   2:     128944 bytes,    1883304 total
- age   3:     103728 bytes,    1987032 total
- age   4:     131488 bytes,    2118520 total
: 35558K->2296K(38080K), 0.0089488 secs] 41366K->8104K(122752K), 0.0090493 secs] [Times: user=0.02 sys=0.00, real=0.00 secs] 
Heap after GC invocations=21 (full 0):
 par new generation   total 38080K, used 2296K [0x0000000085600000, 0x0000000087f50000, 0x000000009a2c0000)
  eden space 33856K,   0% used [0x0000000085600000, 0x0000000085600000, 0x0000000087710000)
  from space 4224K,  54% used [0x0000000087b30000, 0x0000000087d6e168, 0x0000000087f50000)
  to   space 4224K,   0% used [0x0000000087710000, 0x0000000087710000, 0x0000000087b30000)
 concurrent mark-sweep generation total 84672K, used 5808K [0x000000009a2c0000, 0x000000009f570000, 0x0000000100000000)
 Metaspace       used 16889K, capacity 17460K, committed 17536K, reserved 1064960K
  class space    used 1999K, capacity 2160K, committed 2176K, reserved 1048576K
}
2021-01-18T18:01:32.637+0000: 19.975: Total time for which application threads were stopped: 0.0094887 seconds, Stopping threads took: 0.0002429 seconds
{Heap before GC invocations=21 (full 0):
 par new generation   total 38080K, used 36152K [0x0000000085600000, 0x0000000087f50000, 0x000000009a2c0000)
  eden space 33856K, 100% used [0x0000000085600000, 0x0000000087710000, 0x0000000087710000)
  from space 4224K,  54% used [0x0000000087b30000, 0x0000000087d6e168, 0x0000000087f50000)
  to   space 4224K,   0% used [0x0000000087710000, 0x0000000087710000, 0x0000000087b30000)
 concurrent mark-sweep generation total 84672K, used 5808K [0x000000009a2c0000, 0x000000009f570000, 0x0000000100000000)
 Metaspace       used 17485K, capacity 18112K, committed 18432K, reserved 1064960K
  class space    used 2061K, capacity 2226K, committed 2304K, reserved 1048576K
2021-01-18T18:01:32.748+0000: 20.086: [GC (Allocation Failure) 2021-01-18T18:01:32.748+0000: 20.086: [ParNew
Desired survivor size 2162688 bytes, new threshold 6 (max 6)
- age   1:    1307992 bytes,    1307992 total
- age   2:     119792 bytes,    1427784 total
- age   3:     120344 bytes,    1548128 total
- age   4:     101280 bytes,    1649408 total
- age   5:     122056 bytes,    1771464 total
: 36152K->1902K(38080K), 0.0042654 secs] 41960K->7710K(122752K), 0.0043454 secs] [Times: user=0.01 sys=0.00, real=0.00 secs] 
Heap after GC invocations=22 (full 0):
 par new generation   total 38080K, used 1902K [0x0000000085600000, 0x0000000087f50000, 0x000000009a2c0000)
  eden space 33856K,   0% used [0x0000000085600000, 0x0000000085600000, 0x0000000087710000)
  from space 4224K,  45% used [0x0000000087710000, 0x00000000878ebaa8, 0x0000000087b30000)
  to   space 4224K,   0% used [0x0000000087b30000, 0x0000000087b30000, 0x0000000087f50000)
 concurrent mark-sweep generation total 84672K, used 5808K [0x000000009a2c0000, 0x000000009f570000, 0x0000000100000000)
 Metaspace       used 17485K, capacity 18112K, committed 18432K, reserved 1064960K
  class space    used 2061K, capacity 2226K, committed 2304K, reserved 1048576K
}
2021-01-18T18:01:32.752+0000: 20.090: Total time for which application threads were stopped: 0.0045206 seconds, Stopping threads took: 0.0000548 seconds
{Heap before GC invocations=22 (full 0):
 par new generation   total 38080K, used 35758K [0x0000000085600000, 0x0000000087f50000, 0x000000009a2c0000)
  eden space 33856K, 100% used [0x0000000085600000, 0x0000000087710000, 0x0000000087710000)
  from space 4224K,  45% used [0x0000000087710000, 0x00000000878ebaa8, 0x0000000087b30000)
  to   space 4224K,   0% used [0x0000000087b30000, 0x0000000087b30000, 0x0000000087f50000)
 concurrent mark-sweep generation total 84672K, used 5808K [0x000000009a2c0000, 0x000000009f570000, 0x0000000100000000)
 Metaspace       used 18138K, capacity 18778K, committed 18944K, reserved 1067008K
  class space    used 2124K, capacity 2297K, committed 2304K, reserved 1048576K
2021-01-18T18:01:33.006+0000: 20.345: [GC (Allocation Failure) 2021-01-18T18:01:33.006+0000: 20.345: [ParNew
Desired survivor size 2162688 bytes, new threshold 6 (max 6)
- age   1:     500520 bytes,     500520 total
- age   2:     145744 bytes,     646264 total
- age   3:     110248 bytes,     756512 total
- age   4:     115424 bytes,     871936 total
- age   5:      99704 bytes,     971640 total
- age   6:     122056 bytes,    1093696 total
: 35758K->1355K(38080K), 0.0062367 secs] 41566K->7163K(122752K), 0.0063709 secs] [Times: user=0.02 sys=0.00, real=0.00 secs] 
Heap after GC invocations=23 (full 0):
 par new generation   total 38080K, used 1355K [0x0000000085600000, 0x0000000087f50000, 0x000000009a2c0000)
  eden space 33856K,   0% used [0x0000000085600000, 0x0000000085600000, 0x0000000087710000)
  from space 4224K,  32% used [0x0000000087b30000, 0x0000000087c82e00, 0x0000000087f50000)
  to   space 4224K,   0% used [0x0000000087710000, 0x0000000087710000, 0x0000000087b30000)
 concurrent mark-sweep generation total 84672K, used 5808K [0x000000009a2c0000, 0x000000009f570000, 0x0000000100000000)
 Metaspace       used 18138K, capacity 18778K, committed 18944K, reserved 1067008K
  class space    used 2124K, capacity 2297K, committed 2304K, reserved 1048576K
}
2021-01-18T18:01:33.013+0000: 20.351: Total time for which application threads were stopped: 0.0067187 seconds, Stopping threads took: 0.0000663 seconds
2021-01-18T18:01:33.196+0000: 20.535: Total time for which application threads were stopped: 0.0001840 seconds, Stopping threads took: 0.0000537 seconds
{Heap before GC invocations=23 (full 0):
 par new generation   total 38080K, used 35211K [0x0000000085600000, 0x0000000087f50000, 0x000000009a2c0000)
  eden space 33856K, 100% used [0x0000000085600000, 0x0000000087710000, 0x0000000087710000)
  from space 4224K,  32% used [0x0000000087b30000, 0x0000000087c82e90, 0x0000000087f50000)
  to   space 4224K,   0% used [0x0000000087710000, 0x0000000087710000, 0x0000000087b30000)
 concurrent mark-sweep generation total 84672K, used 5808K [0x000000009a2c0000, 0x000000009f570000, 0x0000000100000000)
 Metaspace       used 18816K, capacity 19418K, committed 19584K, reserved 1067008K
  class space    used 2220K, capacity 2361K, committed 2432K, reserved 1048576K
2021-01-18T18:01:33.197+0000: 20.535: [GC (Allocation Failure) 2021-01-18T18:01:33.197+0000: 20.535: [ParNew
Desired survivor size 2162688 bytes, new threshold 6 (max 6)
- age   1:     786648 bytes,     786648 total
- age   2:     125392 bytes,     912040 total
- age   3:     144048 bytes,    1056088 total
- age   4:     108320 bytes,    1164408 total
- age   5:     109136 bytes,    1273544 total
- age   6:      99680 bytes,    1373224 total
: 35211K->1690K(38080K), 0.0086401 secs] 41019K->7620K(122752K), 0.0087932 secs] [Times: user=0.03 sys=0.00, real=0.01 secs] 
Heap after GC invocations=24 (full 0):
 par new generation   total 38080K, used 1690K [0x0000000085600000, 0x0000000087f50000, 0x000000009a2c0000)
  eden space 33856K,   0% used [0x0000000085600000, 0x0000000085600000, 0x0000000087710000)
  from space 4224K,  40% used [0x0000000087710000, 0x00000000878b68f8, 0x0000000087b30000)
  to   space 4224K,   0% used [0x0000000087b30000, 0x0000000087b30000, 0x0000000087f50000)
 concurrent mark-sweep generation total 84672K, used 5930K [0x000000009a2c0000, 0x000000009f570000, 0x0000000100000000)
 Metaspace       used 18816K, capacity 19418K, committed 19584K, reserved 1067008K
  class space    used 2220K, capacity 2361K, committed 2432K, reserved 1048576K
}
2021-01-18T18:01:33.206+0000: 20.544: Total time for which application threads were stopped: 0.0090894 seconds, Stopping threads took: 0.0000306 seconds
2021-01-18T18:01:33.230+0000: 20.568: Total time for which application threads were stopped: 0.0005344 seconds, Stopping threads took: 0.0000334 seconds
{Heap before GC invocations=24 (full 0):
 par new generation   total 38080K, used 35546K [0x0000000085600000, 0x0000000087f50000, 0x000000009a2c0000)
  eden space 33856K, 100% used [0x0000000085600000, 0x0000000087710000, 0x0000000087710000)
  from space 4224K,  40% used [0x0000000087710000, 0x00000000878b68f8, 0x0000000087b30000)
  to   space 4224K,   0% used [0x0000000087b30000, 0x0000000087b30000, 0x0000000087f50000)
 concurrent mark-sweep generation total 84672K, used 5930K [0x000000009a2c0000, 0x000000009f570000, 0x0000000100000000)
 Metaspace       used 19694K, capacity 20314K, committed 20480K, reserved 1067008K
  class space    used 2337K, capacity 2489K, committed 2560K, reserved 1048576K
2021-01-18T18:01:33.331+0000: 20.670: [GC (Allocation Failure) 2021-01-18T18:01:33.331+0000: 20.670: [ParNew
Desired survivor size 2162688 bytes, new threshold 6 (max 6)
- age   1:    1085288 bytes,    1085288 total
- age   2:      82872 bytes,    1168160 total
- age   3:     123728 bytes,    1291888 total
- age   4:     143160 bytes,    1435048 total
- age   5:     108256 bytes,    1543304 total
- age   6:     109136 bytes,    1652440 total
: 35546K->1933K(38080K), 0.0026337 secs] 41476K->7962K(122752K), 0.0026839 secs] [Times: user=0.01 sys=0.00, real=0.00 secs] 
Heap after GC invocations=25 (full 0):
 par new generation   total 38080K, used 1933K [0x0000000085600000, 0x0000000087f50000, 0x000000009a2c0000)
  eden space 33856K,   0% used [0x0000000085600000, 0x0000000085600000, 0x0000000087710000)
  from space 4224K,  45% used [0x0000000087b30000, 0x0000000087d13458, 0x0000000087f50000)
  to   space 4224K,   0% used [0x0000000087710000, 0x0000000087710000, 0x0000000087b30000)
 concurrent mark-sweep generation total 84672K, used 6029K [0x000000009a2c0000, 0x000000009f570000, 0x0000000100000000)
 Metaspace       used 19694K, capacity 20314K, committed 20480K, reserved 1067008K
  class space    used 2337K, capacity 2489K, committed 2560K, reserved 1048576K
}
2021-01-18T18:01:33.334+0000: 20.673: Total time for which application threads were stopped: 0.0027799 seconds, Stopping threads took: 0.0000108 seconds
{Heap before GC invocations=25 (full 0):
 par new generation   total 38080K, used 35789K [0x0000000085600000, 0x0000000087f50000, 0x000000009a2c0000)
  eden space 33856K, 100% used [0x0000000085600000, 0x0000000087710000, 0x0000000087710000)
  from space 4224K,  45% used [0x0000000087b30000, 0x0000000087d13458, 0x0000000087f50000)
  to   space 4224K,   0% used [0x0000000087710000, 0x0000000087710000, 0x0000000087b30000)
 concurrent mark-sweep generation total 84672K, used 6029K [0x000000009a2c0000, 0x000000009f570000, 0x0000000100000000)
 Metaspace       used 20521K, capacity 21082K, committed 21248K, reserved 1069056K
  class space    used 2412K, capacity 2553K, committed 2560K, reserved 1048576K
2021-01-18T18:01:33.427+0000: 20.766: [GC (Allocation Failure) 2021-01-18T18:01:33.427+0000: 20.766: [ParNew
Desired survivor size 2162688 bytes, new threshold 6 (max 6)
- age   1:    1410264 bytes,    1410264 total
- age   2:     294176 bytes,    1704440 total
- age   3:      81464 bytes,    1785904 total
- age   4:     123312 bytes,    1909216 total
- age   5:     143160 bytes,    2052376 total
- age   6:     108224 bytes,    2160600 total
: 35789K->2655K(38080K), 0.0034145 secs] 41818K->8794K(122752K), 0.0034676 secs] [Times: user=0.01 sys=0.01, real=0.00 secs] 
Heap after GC invocations=26 (full 0):
 par new generation   total 38080K, used 2655K [0x0000000085600000, 0x0000000087f50000, 0x000000009a2c0000)
  eden space 33856K,   0% used [0x0000000085600000, 0x0000000085600000, 0x0000000087710000)
  from space 4224K,  62% used [0x0000000087710000, 0x00000000879a7c98, 0x0000000087b30000)
  to   space 4224K,   0% used [0x0000000087b30000, 0x0000000087b30000, 0x0000000087f50000)
 concurrent mark-sweep generation total 84672K, used 6139K [0x000000009a2c0000, 0x000000009f570000, 0x0000000100000000)
 Metaspace       used 20521K, capacity 21082K, committed 21248K, reserved 1069056K
  class space    used 2412K, capacity 2553K, committed 2560K, reserved 1048576K
}
2021-01-18T18:01:33.431+0000: 20.769: Total time for which application threads were stopped: 0.0036050 seconds, Stopping threads took: 0.0000412 seconds
2021-01-18T18:01:33.445+0000: 20.784: Total time for which application threads were stopped: 0.0001417 seconds, Stopping threads took: 0.0000911 seconds
2021-01-18T18:01:33.463+0000: 20.802: Total time for which application threads were stopped: 0.0002177 seconds, Stopping threads took: 0.0001673 seconds
{Heap before GC invocations=26 (full 0):
 par new generation   total 38080K, used 36511K [0x0000000085600000, 0x0000000087f50000, 0x000000009a2c0000)
  eden space 33856K, 100% used [0x0000000085600000, 0x0000000087710000, 0x0000000087710000)
  from space 4224K,  62% used [0x0000000087710000, 0x00000000879a7c98, 0x0000000087b30000)
  to   space 4224K,   0% used [0x0000000087b30000, 0x0000000087b30000, 0x0000000087f50000)
 concurrent mark-sweep generation total 84672K, used 6139K [0x000000009a2c0000, 0x000000009f570000, 0x0000000100000000)
 Metaspace       used 21186K, capacity 21808K, committed 21960K, reserved 1069056K
  class space    used 2487K, capacity 2674K, committed 2736K, reserved 1048576K
2021-01-18T18:01:33.497+0000: 20.835: [GC (Allocation Failure) 2021-01-18T18:01:33.497+0000: 20.835: [ParNew
Desired survivor size 2162688 bytes, new threshold 6 (max 6)
- age   1:     935400 bytes,     935400 total
- age   2:     487368 bytes,    1422768 total
- age   3:     289928 bytes,    1712696 total
- age   4:      81304 bytes,    1794000 total
- age   5:     120176 bytes,    1914176 total
- age   6:     143160 bytes,    2057336 total
: 36511K->2771K(38080K), 0.0032823 secs] 42650K->9020K(122752K), 0.0033438 secs] [Times: user=0.01 sys=0.00, real=0.01 secs] 
Heap after GC invocations=27 (full 0):
 par new generation   total 38080K, used 2771K [0x0000000085600000, 0x0000000087f50000, 0x000000009a2c0000)
  eden space 33856K,   0% used [0x0000000085600000, 0x0000000085600000, 0x0000000087710000)
  from space 4224K,  65% used [0x0000000087b30000, 0x0000000087de4df0, 0x0000000087f50000)
  to   space 4224K,   0% used [0x0000000087710000, 0x0000000087710000, 0x0000000087b30000)
 concurrent mark-sweep generation total 84672K, used 6248K [0x000000009a2c0000, 0x000000009f570000, 0x0000000100000000)
 Metaspace       used 21186K, capacity 21808K, committed 21960K, reserved 1069056K
  class space    used 2487K, capacity 2674K, committed 2736K, reserved 1048576K
}
2021-01-18T18:01:33.500+0000: 20.839: Total time for which application threads were stopped: 0.0034556 seconds, Stopping threads took: 0.0000182 seconds
2021-01-18T18:01:33.501+0000: 20.839: [GC (CMS Initial Mark) [1 CMS-initial-mark: 6248K(84672K)] 9696K(122752K), 0.0012054 secs] [Times: user=0.00 sys=0.00, real=0.00 secs] 
2021-01-18T18:01:33.502+0000: 20.841: Total time for which application threads were stopped: 0.0012943 seconds, Stopping threads took: 0.0000374 seconds
2021-01-18T18:01:33.502+0000: 20.841: [CMS-concurrent-mark-start]
2021-01-18T18:01:33.524+0000: 20.862: [CMS-concurrent-mark: 0.021/0.021 secs] [Times: user=0.04 sys=0.00, real=0.02 secs] 
2021-01-18T18:01:33.524+0000: 20.862: [CMS-concurrent-preclean-start]
2021-01-18T18:01:33.524+0000: 20.863: [CMS-concurrent-preclean: 0.001/0.001 secs] [Times: user=0.00 sys=0.00, real=0.00 secs] 
2021-01-18T18:01:33.524+0000: 20.863: [CMS-concurrent-abortable-preclean-start]
2021-01-18T18:01:33.571+0000: 20.910: Total time for which application threads were stopped: 0.0000810 seconds, Stopping threads took: 0.0000317 seconds
2021-01-18T18:01:33.596+0000: 20.935: Total time for which application threads were stopped: 0.0002476 seconds, Stopping threads took: 0.0000467 seconds
2021-01-18T18:01:33.632+0000: 20.971: Total time for which application threads were stopped: 0.0002542 seconds, Stopping threads took: 0.0001326 seconds
{Heap before GC invocations=27 (full 1):
 par new generation   total 38080K, used 36627K [0x0000000085600000, 0x0000000087f50000, 0x000000009a2c0000)
  eden space 33856K, 100% used [0x0000000085600000, 0x0000000087710000, 0x0000000087710000)
  from space 4224K,  65% used [0x0000000087b30000, 0x0000000087de4df0, 0x0000000087f50000)
  to   space 4224K,   0% used [0x0000000087710000, 0x0000000087710000, 0x0000000087b30000)
 concurrent mark-sweep generation total 84672K, used 6248K [0x000000009a2c0000, 0x000000009f570000, 0x0000000100000000)
 Metaspace       used 21606K, capacity 22256K, committed 22548K, reserved 1069056K
  class space    used 2560K, capacity 2738K, committed 2812K, reserved 1048576K
2021-01-18T18:01:33.638+0000: 20.976: [GC (Allocation Failure) 2021-01-18T18:01:33.638+0000: 20.976: [ParNew
Desired survivor size 2162688 bytes, new threshold 6 (max 6)
- age   1:     910560 bytes,     910560 total
- age   2:     226400 bytes,    1136960 total
- age   3:     485904 bytes,    1622864 total
- age   4:     289440 bytes,    1912304 total
- age   5:      81288 bytes,    1993592 total
- age   6:     120176 bytes,    2113768 total
: 36627K->2877K(38080K), 0.0031833 secs] 42876K->9270K(122752K), 0.0032440 secs] [Times: user=0.01 sys=0.00, real=0.01 secs] 
Heap after GC invocations=28 (full 1):
 par new generation   total 38080K, used 2877K [0x0000000085600000, 0x0000000087f50000, 0x000000009a2c0000)
  eden space 33856K,   0% used [0x0000000085600000, 0x0000000085600000, 0x0000000087710000)
  from space 4224K,  68% used [0x0000000087710000, 0x00000000879df7e8, 0x0000000087b30000)
  to   space 4224K,   0% used [0x0000000087b30000, 0x0000000087b30000, 0x0000000087f50000)
 concurrent mark-sweep generation total 84672K, used 6392K [0x000000009a2c0000, 0x000000009f570000, 0x0000000100000000)
 Metaspace       used 21606K, capacity 22256K, committed 22548K, reserved 1069056K
  class space    used 2560K, capacity 2738K, committed 2812K, reserved 1048576K
}
2021-01-18T18:01:33.641+0000: 20.980: Total time for which application threads were stopped: 0.0033586 seconds, Stopping threads took: 0.0000228 seconds
2021-01-18T18:01:33.722+0000: 21.060: Total time for which application threads were stopped: 0.0001348 seconds, Stopping threads took: 0.0000489 seconds
2021-01-18T18:01:33.752+0000: 21.091: [CMS-concurrent-abortable-preclean: 0.099/0.228 secs] [Times: user=0.35 sys=0.01, real=0.23 secs] 
2021-01-18T18:01:33.752+0000: 21.091: [GC (CMS Final Remark) [YG occupancy: 28861 K (38080 K)]2021-01-18T18:01:33.752+0000: 21.091: [Rescan (parallel) , 0.0063975 secs]2021-01-18T18:01:33.759+0000: 21.097: [weak refs processing, 0.0000713 secs]2021-01-18T18:01:33.759+0000: 21.097: [class unloading, 0.0039501 secs]2021-01-18T18:01:33.763+0000: 21.101: [scrub symbol table, 0.0034849 secs]2021-01-18T18:01:33.766+0000: 21.105: [scrub string table, 0.0003938 secs][1 CMS-remark: 6392K(84672K)] 35253K(122752K), 0.0144468 secs] [Times: user=0.04 sys=0.00, real=0.02 secs] 
2021-01-18T18:01:33.767+0000: 21.105: Total time for which application threads were stopped: 0.0145540 seconds, Stopping threads took: 0.0000248 seconds
2021-01-18T18:01:33.767+0000: 21.105: [CMS-concurrent-sweep-start]
2021-01-18T18:01:33.772+0000: 21.111: [CMS-concurrent-sweep: 0.006/0.006 secs] [Times: user=0.01 sys=0.00, real=0.00 secs] 
2021-01-18T18:01:33.773+0000: 21.111: [CMS-concurrent-reset-start]
{Heap before GC invocations=28 (full 1):
 par new generation   total 38080K, used 36733K [0x0000000085600000, 0x0000000087f50000, 0x000000009a2c0000)
  eden space 33856K, 100% used [0x0000000085600000, 0x0000000087710000, 0x0000000087710000)
  from space 4224K,  68% used [0x0000000087710000, 0x00000000879df7e8, 0x0000000087b30000)
  to   space 4224K,   0% used [0x0000000087b30000, 0x0000000087b30000, 0x0000000087f50000)
 concurrent mark-sweep generation total 84672K, used 6188K [0x000000009a2c0000, 0x000000009f570000, 0x0000000100000000)
 Metaspace       used 22233K, capacity 22832K, committed 22880K, reserved 1069056K
  class space    used 2635K, capacity 2802K, committed 2812K, reserved 1048576K
2021-01-18T18:01:33.801+0000: 21.139: [GC (Allocation Failure) 2021-01-18T18:01:33.801+0000: 21.139: [ParNew
Desired survivor size 2162688 bytes, new threshold 6 (max 6)
- age   1:     534304 bytes,     534304 total
- age   2:     326016 bytes,     860320 total
- age   3:     225056 bytes,    1085376 total
- age   4:     485904 bytes,    1571280 total
- age   5:     289440 bytes,    1860720 total
- age   6:      80288 bytes,    1941008 total
: 36733K->2875K(38080K), 0.0047892 secs] 42922K->9184K(122752K), 0.0048678 secs] [Times: user=0.02 sys=0.00, real=0.00 secs] 
Heap after GC invocations=29 (full 1):
 par new generation   total 38080K, used 2875K [0x0000000085600000, 0x0000000087f50000, 0x000000009a2c0000)
  eden space 33856K,   0% used [0x0000000085600000, 0x0000000085600000, 0x0000000087710000)
  from space 4224K,  68% used [0x0000000087b30000, 0x0000000087dfef88, 0x0000000087f50000)
  to   space 4224K,   0% used [0x0000000087710000, 0x0000000087710000, 0x0000000087b30000)
 concurrent mark-sweep generation total 84672K, used 6308K [0x000000009a2c0000, 0x000000009f570000, 0x0000000100000000)
 Metaspace       used 22233K, capacity 22832K, committed 22880K, reserved 1069056K
  class space    used 2635K, capacity 2802K, committed 2812K, reserved 1048576K
}
2021-01-18T18:01:33.806+0000: 21.144: Total time for which application threads were stopped: 0.0051463 seconds, Stopping threads took: 0.0001308 seconds
2021-01-18T18:01:33.826+0000: 21.164: [CMS-concurrent-reset: 0.048/0.053 secs] [Times: user=0.13 sys=0.06, real=0.05 secs] 
{Heap before GC invocations=29 (full 1):
 par new generation   total 38080K, used 36731K [0x0000000085600000, 0x0000000087f50000, 0x000000009a2c0000)
  eden space 33856K, 100% used [0x0000000085600000, 0x0000000087710000, 0x0000000087710000)
  from space 4224K,  68% used [0x0000000087b30000, 0x0000000087dfef88, 0x0000000087f50000)
  to   space 4224K,   0% used [0x0000000087710000, 0x0000000087710000, 0x0000000087b30000)
 concurrent mark-sweep generation total 84672K, used 6308K [0x000000009a2c0000, 0x000000009f570000, 0x0000000100000000)
 Metaspace       used 22518K, capacity 23182K, committed 23264K, reserved 1069056K
  class space    used 2686K, capacity 2873K, committed 2940K, reserved 1048576K
2021-01-18T18:01:33.888+0000: 21.227: [GC (Allocation Failure) 2021-01-18T18:01:33.888+0000: 21.227: [ParNew
Desired survivor size 2162688 bytes, new threshold 4 (max 6)
- age   1:    1513344 bytes,    1513344 total
- age   2:     280560 bytes,    1793904 total
- age   3:     323696 bytes,    2117600 total
- age   4:     224640 bytes,    2342240 total
- age   5:     484976 bytes,    2827216 total
- age   6:     287760 bytes,    3114976 total
: 36731K->3951K(38080K), 0.0058062 secs] 43040K->10342K(122752K), 0.0058617 secs] [Times: user=0.02 sys=0.00, real=0.00 secs] 
Heap after GC invocations=30 (full 1):
 par new generation   total 38080K, used 3951K [0x0000000085600000, 0x0000000087f50000, 0x000000009a2c0000)
  eden space 33856K,   0% used [0x0000000085600000, 0x0000000085600000, 0x0000000087710000)
  from space 4224K,  93% used [0x0000000087710000, 0x0000000087aebcb8, 0x0000000087b30000)
  to   space 4224K,   0% used [0x0000000087b30000, 0x0000000087b30000, 0x0000000087f50000)
 concurrent mark-sweep generation total 84672K, used 6390K [0x000000009a2c0000, 0x000000009f570000, 0x0000000100000000)
 Metaspace       used 22518K, capacity 23182K, committed 23264K, reserved 1069056K
  class space    used 2686K, capacity 2873K, committed 2940K, reserved 1048576K
}
2021-01-18T18:01:33.894+0000: 21.233: Total time for which application threads were stopped: 0.0060079 seconds, Stopping threads took: 0.0000207 seconds
{Heap before GC invocations=30 (full 1):
 par new generation   total 38080K, used 37807K [0x0000000085600000, 0x0000000087f50000, 0x000000009a2c0000)
  eden space 33856K, 100% used [0x0000000085600000, 0x0000000087710000, 0x0000000087710000)
  from space 4224K,  93% used [0x0000000087710000, 0x0000000087aebcb8, 0x0000000087b30000)
  to   space 4224K,   0% used [0x0000000087b30000, 0x0000000087b30000, 0x0000000087f50000)
 concurrent mark-sweep generation total 84672K, used 6390K [0x000000009a2c0000, 0x000000009f570000, 0x0000000100000000)
 Metaspace       used 22898K, capacity 23596K, committed 23676K, reserved 1071104K
  class space    used 2753K, capacity 2922K, committed 2940K, reserved 1048576K
2021-01-18T18:01:33.973+0000: 21.311: [GC (Allocation Failure) 2021-01-18T18:01:33.973+0000: 21.311: [ParNew
Desired survivor size 2162688 bytes, new threshold 6 (max 6)
- age   1:    1074376 bytes,    1074376 total
- age   2:     273784 bytes,    1348160 total
- age   3:     280144 bytes,    1628304 total
- age   4:     323696 bytes,    1952000 total
: 37807K->3144K(38080K), 0.0116016 secs] 44198K->10528K(122752K), 0.0116572 secs] [Times: user=0.03 sys=0.00, real=0.01 secs] 
Heap after GC invocations=31 (full 1):
 par new generation   total 38080K, used 3144K [0x0000000085600000, 0x0000000087f50000, 0x000000009a2c0000)
  eden space 33856K,   0% used [0x0000000085600000, 0x0000000085600000, 0x0000000087710000)
  from space 4224K,  74% used [0x0000000087b30000, 0x0000000087e42248, 0x0000000087f50000)
  to   space 4224K,   0% used [0x0000000087710000, 0x0000000087710000, 0x0000000087b30000)
 concurrent mark-sweep generation total 84672K, used 7383K [0x000000009a2c0000, 0x000000009f570000, 0x0000000100000000)
 Metaspace       used 22898K, capacity 23596K, committed 23676K, reserved 1071104K
  class space    used 2753K, capacity 2922K, committed 2940K, reserved 1048576K
}
2021-01-18T18:01:33.984+0000: 21.323: Total time for which application threads were stopped: 0.0117719 seconds, Stopping threads took: 0.0000173 seconds
{Heap before GC invocations=31 (full 1):
 par new generation   total 38080K, used 37000K [0x0000000085600000, 0x0000000087f50000, 0x000000009a2c0000)
  eden space 33856K, 100% used [0x0000000085600000, 0x0000000087710000, 0x0000000087710000)
  from space 4224K,  74% used [0x0000000087b30000, 0x0000000087e42248, 0x0000000087f50000)
  to   space 4224K,   0% used [0x0000000087710000, 0x0000000087710000, 0x0000000087b30000)
 concurrent mark-sweep generation total 84672K, used 7383K [0x000000009a2c0000, 0x000000009f570000, 0x0000000100000000)
 Metaspace       used 23255K, capacity 24000K, committed 24316K, reserved 1071104K
  class space    used 2792K, capacity 2992K, committed 3068K, reserved 1048576K
2021-01-18T18:01:34.038+0000: 21.377: [GC (Allocation Failure) 2021-01-18T18:01:34.038+0000: 21.377: [ParNew
Desired survivor size 2162688 bytes, new threshold 6 (max 6)
- age   1:     195208 bytes,     195208 total
- age   2:     151000 bytes,     346208 total
- age   3:     268488 bytes,     614696 total
- age   4:     279992 bytes,     894688 total
- age   5:     323696 bytes,    1218384 total
: 37000K->1599K(38080K), 0.0018535 secs] 44384K->8983K(122752K), 0.0019136 secs] [Times: user=0.00 sys=0.00, real=0.01 secs] 
Heap after GC invocations=32 (full 1):
 par new generation   total 38080K, used 1599K [0x0000000085600000, 0x0000000087f50000, 0x000000009a2c0000)
  eden space 33856K,   0% used [0x0000000085600000, 0x0000000085600000, 0x0000000087710000)
  from space 4224K,  37% used [0x0000000087710000, 0x000000008789ffc0, 0x0000000087b30000)
  to   space 4224K,   0% used [0x0000000087b30000, 0x0000000087b30000, 0x0000000087f50000)
 concurrent mark-sweep generation total 84672K, used 7383K [0x000000009a2c0000, 0x000000009f570000, 0x0000000100000000)
 Metaspace       used 23255K, capacity 24000K, committed 24316K, reserved 1071104K
  class space    used 2792K, capacity 2992K, committed 3068K, reserved 1048576K
}
2021-01-18T18:01:34.040+0000: 21.379: Total time for which application threads were stopped: 0.0020214 seconds, Stopping threads took: 0.0000163 seconds
2021-01-18T18:01:34.054+0000: 21.392: Total time for which application threads were stopped: 0.0002214 seconds, Stopping threads took: 0.0000119 seconds
{Heap before GC invocations=32 (full 1):
 par new generation   total 38080K, used 35455K [0x0000000085600000, 0x0000000087f50000, 0x000000009a2c0000)
  eden space 33856K, 100% used [0x0000000085600000, 0x0000000087710000, 0x0000000087710000)
  from space 4224K,  37% used [0x0000000087710000, 0x000000008789ffc0, 0x0000000087b30000)
  to   space 4224K,   0% used [0x0000000087b30000, 0x0000000087b30000, 0x0000000087f50000)
 concurrent mark-sweep generation total 84672K, used 7383K [0x000000009a2c0000, 0x000000009f570000, 0x0000000100000000)
 Metaspace       used 23655K, capacity 24350K, committed 24572K, reserved 1071104K
  class space    used 2825K, capacity 2999K, committed 3068K, reserved 1048576K
2021-01-18T18:01:34.182+0000: 21.521: [GC (Allocation Failure) 2021-01-18T18:01:34.182+0000: 21.521: [ParNew
Desired survivor size 2162688 bytes, new threshold 6 (max 6)
- age   1:    1279152 bytes,    1279152 total
- age   2:     126512 bytes,    1405664 total
- age   3:     139112 bytes,    1544776 total
- age   4:     266336 bytes,    1811112 total
- age   5:     279992 bytes,    2091104 total
- age   6:     323696 bytes,    2414800 total
: 35455K->2725K(38080K), 0.0029550 secs] 42839K->10109K(122752K), 0.0030199 secs] [Times: user=0.02 sys=0.00, real=0.00 secs] 
Heap after GC invocations=33 (full 1):
 par new generation   total 38080K, used 2725K [0x0000000085600000, 0x0000000087f50000, 0x000000009a2c0000)
  eden space 33856K,   0% used [0x0000000085600000, 0x0000000085600000, 0x0000000087710000)
  from space 4224K,  64% used [0x0000000087b30000, 0x0000000087dd95d8, 0x0000000087f50000)
  to   space 4224K,   0% used [0x0000000087710000, 0x0000000087710000, 0x0000000087b30000)
 concurrent mark-sweep generation total 84672K, used 7383K [0x000000009a2c0000, 0x000000009f570000, 0x0000000100000000)
 Metaspace       used 23655K, capacity 24350K, committed 24572K, reserved 1071104K
  class space    used 2825K, capacity 2999K, committed 3068K, reserved 1048576K
}
2021-01-18T18:01:34.185+0000: 21.524: Total time for which application threads were stopped: 0.0031729 seconds, Stopping threads took: 0.0000221 seconds
{Heap before GC invocations=33 (full 1):
 par new generation   total 38080K, used 36581K [0x0000000085600000, 0x0000000087f50000, 0x000000009a2c0000)
  eden space 33856K, 100% used [0x0000000085600000, 0x0000000087710000, 0x0000000087710000)
  from space 4224K,  64% used [0x0000000087b30000, 0x0000000087dd95d8, 0x0000000087f50000)
  to   space 4224K,   0% used [0x0000000087710000, 0x0000000087710000, 0x0000000087b30000)
 concurrent mark-sweep generation total 84672K, used 7383K [0x000000009a2c0000, 0x000000009f570000, 0x0000000100000000)
 Metaspace       used 24420K, capacity 25136K, committed 25212K, reserved 1071104K
  class space    used 2929K, capacity 3120K, committed 3196K, reserved 1048576K
2021-01-18T18:01:34.541+0000: 21.880: [GC (Allocation Failure) 2021-01-18T18:01:34.541+0000: 21.880: [ParNew
Desired survivor size 2162688 bytes, new threshold 5 (max 6)
- age   1:     968296 bytes,     968296 total
- age   2:     907080 bytes,    1875376 total
- age   3:     114400 bytes,    1989776 total
- age   4:     134600 bytes,    2124376 total
- age   5:     265920 bytes,    2390296 total
- age   6:     280016 bytes,    2670312 total
: 36581K->3541K(38080K), 0.0035484 secs] 43965K->11246K(122752K), 0.0036018 secs] [Times: user=0.02 sys=0.00, real=0.00 secs] 
Heap after GC invocations=34 (full 1):
 par new generation   total 38080K, used 3541K [0x0000000085600000, 0x0000000087f50000, 0x000000009a2c0000)
  eden space 33856K,   0% used [0x0000000085600000, 0x0000000085600000, 0x0000000087710000)
  from space 4224K,  83% used [0x0000000087710000, 0x0000000087a854f8, 0x0000000087b30000)
  to   space 4224K,   0% used [0x0000000087b30000, 0x0000000087b30000, 0x0000000087f50000)
 concurrent mark-sweep generation total 84672K, used 7704K [0x000000009a2c0000, 0x000000009f570000, 0x0000000100000000)
 Metaspace       used 24420K, capacity 25136K, committed 25212K, reserved 1071104K
  class space    used 2929K, capacity 3120K, committed 3196K, reserved 1048576K
}
2021-01-18T18:01:34.545+0000: 21.883: Total time for which application threads were stopped: 0.0037458 seconds, Stopping threads took: 0.0000186 seconds
{Heap before GC invocations=34 (full 1):
 par new generation   total 38080K, used 37397K [0x0000000085600000, 0x0000000087f50000, 0x000000009a2c0000)
  eden space 33856K, 100% used [0x0000000085600000, 0x0000000087710000, 0x0000000087710000)
  from space 4224K,  83% used [0x0000000087710000, 0x0000000087a854f8, 0x0000000087b30000)
  to   space 4224K,   0% used [0x0000000087b30000, 0x0000000087b30000, 0x0000000087f50000)
 concurrent mark-sweep generation total 84672K, used 7704K [0x000000009a2c0000, 0x000000009f570000, 0x0000000100000000)
 Metaspace       used 24714K, capacity 25468K, committed 25724K, reserved 1071104K
  class space    used 2956K, capacity 3132K, committed 3196K, reserved 1048576K
2021-01-18T18:01:34.744+0000: 22.083: [GC (Allocation Failure) 2021-01-18T18:01:34.744+0000: 22.083: [ParNew
Desired survivor size 2162688 bytes, new threshold 3 (max 6)
- age   1:    1653032 bytes,    1653032 total
- age   2:     502672 bytes,    2155704 total
- age   3:     900688 bytes,    3056392 total
- age   4:     113984 bytes,    3170376 total
- age   5:     132616 bytes,    3302992 total
: 37397K->3917K(38080K), 0.0136898 secs] 45102K->12166K(122752K), 0.0138141 secs] [Times: user=0.04 sys=0.00, real=0.01 secs] 
Heap after GC invocations=35 (full 1):
 par new generation   total 38080K, used 3917K [0x0000000085600000, 0x0000000087f50000, 0x000000009a2c0000)
  eden space 33856K,   0% used [0x0000000085600000, 0x0000000085600000, 0x0000000087710000)
  from space 4224K,  92% used [0x0000000087b30000, 0x0000000087f03438, 0x0000000087f50000)
  to   space 4224K,   0% used [0x0000000087710000, 0x0000000087710000, 0x0000000087b30000)
 concurrent mark-sweep generation total 84672K, used 8249K [0x000000009a2c0000, 0x000000009f570000, 0x0000000100000000)
 Metaspace       used 24714K, capacity 25468K, committed 25724K, reserved 1071104K
  class space    used 2956K, capacity 3132K, committed 3196K, reserved 1048576K
}
2021-01-18T18:01:34.758+0000: 22.097: Total time for which application threads were stopped: 0.0142372 seconds, Stopping threads took: 0.0000376 seconds
{Heap before GC invocations=35 (full 1):
 par new generation   total 38080K, used 37765K [0x0000000085600000, 0x0000000087f50000, 0x000000009a2c0000)
  eden space 33856K,  99% used [0x0000000085600000, 0x000000008770e220, 0x0000000087710000)
  from space 4224K,  92% used [0x0000000087b30000, 0x0000000087f03438, 0x0000000087f50000)
  to   space 4224K,   0% used [0x0000000087710000, 0x0000000087710000, 0x0000000087b30000)
 concurrent mark-sweep generation total 84672K, used 8249K [0x000000009a2c0000, 0x000000009f570000, 0x0000000100000000)
 Metaspace       used 24787K, capacity 25638K, committed 25724K, reserved 1071104K
  class space    used 2969K, capacity 3165K, committed 3196K, reserved 1048576K
2021-01-18T18:01:34.884+0000: 22.223: [GC (Allocation Failure) 2021-01-18T18:01:34.884+0000: 22.223: [ParNew
Desired survivor size 2162688 bytes, new threshold 3 (max 6)
- age   1:    1084200 bytes,    1084200 total
- age   2:     784184 bytes,    1868384 total
- age   3:     498120 bytes,    2366504 total
: 37765K->3407K(38080K), 0.0051495 secs] 46014K->12786K(122752K), 0.0052230 secs] [Times: user=0.02 sys=0.00, real=0.01 secs] 
Heap after GC invocations=36 (full 1):
 par new generation   total 38080K, used 3407K [0x0000000085600000, 0x0000000087f50000, 0x000000009a2c0000)
  eden space 33856K,   0% used [0x0000000085600000, 0x0000000085600000, 0x0000000087710000)
  from space 4224K,  80% used [0x0000000087710000, 0x0000000087a63ec0, 0x0000000087b30000)
  to   space 4224K,   0% used [0x0000000087b30000, 0x0000000087b30000, 0x0000000087f50000)
 concurrent mark-sweep generation total 84672K, used 9379K [0x000000009a2c0000, 0x000000009f570000, 0x0000000100000000)
 Metaspace       used 24787K, capacity 25638K, committed 25724K, reserved 1071104K
  class space    used 2969K, capacity 3165K, committed 3196K, reserved 1048576K
}
2021-01-18T18:01:34.890+0000: 22.228: Total time for which application threads were stopped: 0.0054083 seconds, Stopping threads took: 0.0000305 seconds
{Heap before GC invocations=36 (full 1):
 par new generation   total 38080K, used 37263K [0x0000000085600000, 0x0000000087f50000, 0x000000009a2c0000)
  eden space 33856K, 100% used [0x0000000085600000, 0x0000000087710000, 0x0000000087710000)
  from space 4224K,  80% used [0x0000000087710000, 0x0000000087a63ec0, 0x0000000087b30000)
  to   space 4224K,   0% used [0x0000000087b30000, 0x0000000087b30000, 0x0000000087f50000)
 concurrent mark-sweep generation total 84672K, used 9379K [0x000000009a2c0000, 0x000000009f570000, 0x0000000100000000)
 Metaspace       used 24869K, capacity 25702K, committed 25980K, reserved 1073152K
  class space    used 2987K, capacity 3165K, committed 3196K, reserved 1048576K
2021-01-18T18:01:34.956+0000: 22.294: [GC (Allocation Failure) 2021-01-18T18:01:34.956+0000: 22.294: [ParNew
Desired survivor size 2162688 bytes, new threshold 6 (max 6)
- age   1:     733776 bytes,     733776 total
- age   2:     532848 bytes,    1266624 total
- age   3:     783080 bytes,    2049704 total
: 37263K->2932K(38080K), 0.0048351 secs] 46642K->12807K(122752K), 0.0048998 secs] [Times: user=0.01 sys=0.00, real=0.01 secs] 
Heap after GC invocations=37 (full 1):
 par new generation   total 38080K, used 2932K [0x0000000085600000, 0x0000000087f50000, 0x000000009a2c0000)
  eden space 33856K,   0% used [0x0000000085600000, 0x0000000085600000, 0x0000000087710000)
  from space 4224K,  69% used [0x0000000087b30000, 0x0000000087e0d1c0, 0x0000000087f50000)
  to   space 4224K,   0% used [0x0000000087710000, 0x0000000087710000, 0x0000000087b30000)
 concurrent mark-sweep generation total 84672K, used 9875K [0x000000009a2c0000, 0x000000009f570000, 0x0000000100000000)
 Metaspace       used 24869K, capacity 25702K, committed 25980K, reserved 1073152K
  class space    used 2987K, capacity 3165K, committed 3196K, reserved 1048576K
}
2021-01-18T18:01:34.961+0000: 22.299: Total time for which application threads were stopped: 0.0050273 seconds, Stopping threads took: 0.0000186 seconds
{Heap before GC invocations=37 (full 1):
 par new generation   total 38080K, used 36788K [0x0000000085600000, 0x0000000087f50000, 0x000000009a2c0000)
  eden space 33856K, 100% used [0x0000000085600000, 0x0000000087710000, 0x0000000087710000)
  from space 4224K,  69% used [0x0000000087b30000, 0x0000000087e0d1c0, 0x0000000087f50000)
  to   space 4224K,   0% used [0x0000000087710000, 0x0000000087710000, 0x0000000087b30000)
 concurrent mark-sweep generation total 84672K, used 9875K [0x000000009a2c0000, 0x000000009f570000, 0x0000000100000000)
 Metaspace       used 25011K, capacity 25802K, committed 26108K, reserved 1073152K
  class space    used 3011K, capacity 3197K, committed 3324K, reserved 1048576K
2021-01-18T18:01:35.104+0000: 22.442: [GC (Allocation Failure) 2021-01-18T18:01:35.104+0000: 22.442: [ParNew
Desired survivor size 2162688 bytes, new threshold 3 (max 6)
- age   1:    1873464 bytes,    1873464 total
- age   2:     270160 bytes,    2143624 total
- age   3:     517496 bytes,    2661120 total
- age   4:     773520 bytes,    3434640 total
: 36788K->4223K(38080K), 0.0071045 secs] 46663K->14284K(122752K), 0.0071614 secs] [Times: user=0.03 sys=0.00, real=0.01 secs] 
Heap after GC invocations=38 (full 1):
 par new generation   total 38080K, used 4223K [0x0000000085600000, 0x0000000087f50000, 0x000000009a2c0000)
  eden space 33856K,   0% used [0x0000000085600000, 0x0000000085600000, 0x0000000087710000)
  from space 4224K,  99% used [0x0000000087710000, 0x0000000087b2fff8, 0x0000000087b30000)
  to   space 4224K,   0% used [0x0000000087b30000, 0x0000000087b30000, 0x0000000087f50000)
 concurrent mark-sweep generation total 84672K, used 10060K [0x000000009a2c0000, 0x000000009f570000, 0x0000000100000000)
 Metaspace       used 25011K, capacity 25802K, committed 26108K, reserved 1073152K
  class space    used 3011K, capacity 3197K, committed 3324K, reserved 1048576K
}
2021-01-18T18:01:35.111+0000: 22.450: Total time for which application threads were stopped: 0.0073138 seconds, Stopping threads took: 0.0000221 seconds
{Heap before GC invocations=38 (full 1):
 par new generation   total 38080K, used 38079K [0x0000000085600000, 0x0000000087f50000, 0x000000009a2c0000)
  eden space 33856K, 100% used [0x0000000085600000, 0x0000000087710000, 0x0000000087710000)
  from space 4224K,  99% used [0x0000000087710000, 0x0000000087b2fff8, 0x0000000087b30000)
  to   space 4224K,   0% used [0x0000000087b30000, 0x0000000087b30000, 0x0000000087f50000)
 concurrent mark-sweep generation total 84672K, used 10060K [0x000000009a2c0000, 0x000000009f570000, 0x0000000100000000)
 Metaspace       used 25082K, capacity 25882K, committed 26108K, reserved 1073152K
  class space    used 3012K, capacity 3197K, committed 3324K, reserved 1048576K
2021-01-18T18:01:35.239+0000: 22.577: [GC (Allocation Failure) 2021-01-18T18:01:35.239+0000: 22.577: [ParNew
Desired survivor size 2162688 bytes, new threshold 3 (max 6)
- age   1:    1090528 bytes,    1090528 total
- age   2:     893440 bytes,    1983968 total
- age   3:     268080 bytes,    2252048 total
: 38079K->3281K(38080K), 0.0100303 secs] 48140K->14616K(122752K), 0.0101057 secs] [Times: user=0.03 sys=0.00, real=0.01 secs] 
Heap after GC invocations=39 (full 1):
 par new generation   total 38080K, used 3281K [0x0000000085600000, 0x0000000087f50000, 0x000000009a2c0000)
  eden space 33856K,   0% used [0x0000000085600000, 0x0000000085600000, 0x0000000087710000)
  from space 4224K,  77% used [0x0000000087b30000, 0x0000000087e64710, 0x0000000087f50000)
  to   space 4224K,   0% used [0x0000000087710000, 0x0000000087710000, 0x0000000087b30000)
 concurrent mark-sweep generation total 84672K, used 11334K [0x000000009a2c0000, 0x000000009f570000, 0x0000000100000000)
 Metaspace       used 25082K, capacity 25882K, committed 26108K, reserved 1073152K
  class space    used 3012K, capacity 3197K, committed 3324K, reserved 1048576K
}
2021-01-18T18:01:35.249+0000: 22.587: Total time for which application threads were stopped: 0.0103360 seconds, Stopping threads took: 0.0000374 seconds
{Heap before GC invocations=39 (full 1):
 par new generation   total 38080K, used 37137K [0x0000000085600000, 0x0000000087f50000, 0x000000009a2c0000)
  eden space 33856K, 100% used [0x0000000085600000, 0x0000000087710000, 0x0000000087710000)
  from space 4224K,  77% used [0x0000000087b30000, 0x0000000087e64710, 0x0000000087f50000)
  to   space 4224K,   0% used [0x0000000087710000, 0x0000000087710000, 0x0000000087b30000)
 concurrent mark-sweep generation total 84672K, used 11334K [0x000000009a2c0000, 0x000000009f570000, 0x0000000100000000)
 Metaspace       used 25171K, capacity 25974K, committed 26108K, reserved 1073152K
  class space    used 3015K, capacity 3197K, committed 3324K, reserved 1048576K
2021-01-18T18:01:35.414+0000: 22.752: [GC (Allocation Failure) 2021-01-18T18:01:35.414+0000: 22.752: [ParNew
Desired survivor size 2162688 bytes, new threshold 3 (max 6)
- age   1:    1220496 bytes,    1220496 total
- age   2:     627696 bytes,    1848192 total
- age   3:     871800 bytes,    2719992 total
: 37137K->3485K(38080K), 0.0051792 secs] 48472K->15083K(122752K), 0.0052455 secs] [Times: user=0.02 sys=0.00, real=0.01 secs] 
Heap after GC invocations=40 (full 1):
 par new generation   total 38080K, used 3485K [0x0000000085600000, 0x0000000087f50000, 0x000000009a2c0000)
  eden space 33856K,   0% used [0x0000000085600000, 0x0000000085600000, 0x0000000087710000)
  from space 4224K,  82% used [0x0000000087710000, 0x0000000087a77430, 0x0000000087b30000)
  to   space 4224K,   0% used [0x0000000087b30000, 0x0000000087b30000, 0x0000000087f50000)
 concurrent mark-sweep generation total 84672K, used 11598K [0x000000009a2c0000, 0x000000009f570000, 0x0000000100000000)
 Metaspace       used 25171K, capacity 25974K, committed 26108K, reserved 1073152K
  class space    used 3015K, capacity 3197K, committed 3324K, reserved 1048576K
}
2021-01-18T18:01:35.419+0000: 22.758: Total time for which application threads were stopped: 0.0054360 seconds, Stopping threads took: 0.0000488 seconds
{Heap before GC invocations=40 (full 1):
 par new generation   total 38080K, used 37341K [0x0000000085600000, 0x0000000087f50000, 0x000000009a2c0000)
  eden space 33856K, 100% used [0x0000000085600000, 0x0000000087710000, 0x0000000087710000)
  from space 4224K,  82% used [0x0000000087710000, 0x0000000087a77430, 0x0000000087b30000)
  to   space 4224K,   0% used [0x0000000087b30000, 0x0000000087b30000, 0x0000000087f50000)
 concurrent mark-sweep generation total 84672K, used 11598K [0x000000009a2c0000, 0x000000009f570000, 0x0000000100000000)
 Metaspace       used 25314K, capacity 26140K, committed 26364K, reserved 1073152K
  class space    used 3028K, capacity 3230K, committed 3324K, reserved 1048576K
2021-01-18T18:01:35.498+0000: 22.837: [GC (Allocation Failure) 2021-01-18T18:01:35.498+0000: 22.837: [ParNew
Desired survivor size 2162688 bytes, new threshold 3 (max 6)
- age   1:    1124072 bytes,    1124072 total
- age   2:     516664 bytes,    1640736 total
- age   3:     627696 bytes,    2268432 total
: 37341K->3415K(38080K), 0.0078414 secs] 48939K->15880K(122752K), 0.0078992 secs] [Times: user=0.03 sys=0.00, real=0.01 secs] 
Heap after GC invocations=41 (full 1):
 par new generation   total 38080K, used 3415K [0x0000000085600000, 0x0000000087f50000, 0x000000009a2c0000)
  eden space 33856K,   0% used [0x0000000085600000, 0x0000000085600000, 0x0000000087710000)
  from space 4224K,  80% used [0x0000000087b30000, 0x0000000087e85f00, 0x0000000087f50000)
  to   space 4224K,   0% used [0x0000000087710000, 0x0000000087710000, 0x0000000087b30000)
 concurrent mark-sweep generation total 84672K, used 12464K [0x000000009a2c0000, 0x000000009f570000, 0x0000000100000000)
 Metaspace       used 25314K, capacity 26140K, committed 26364K, reserved 1073152K
  class space    used 3028K, capacity 3230K, committed 3324K, reserved 1048576K
}
2021-01-18T18:01:35.506+0000: 22.844: Total time for which application threads were stopped: 0.0080227 seconds, Stopping threads took: 0.0000211 seconds
{Heap before GC invocations=41 (full 1):
 par new generation   total 38080K, used 37271K [0x0000000085600000, 0x0000000087f50000, 0x000000009a2c0000)
  eden space 33856K, 100% used [0x0000000085600000, 0x0000000087710000, 0x0000000087710000)
  from space 4224K,  80% used [0x0000000087b30000, 0x0000000087e85f00, 0x0000000087f50000)
  to   space 4224K,   0% used [0x0000000087710000, 0x0000000087710000, 0x0000000087b30000)
 concurrent mark-sweep generation total 84672K, used 12464K [0x000000009a2c0000, 0x000000009f570000, 0x0000000100000000)
 Metaspace       used 25406K, capacity 26222K, committed 26364K, reserved 1073152K
  class space    used 3040K, capacity 3233K, committed 3324K, reserved 1048576K
2021-01-18T18:01:35.594+0000: 22.933: [GC (Allocation Failure) 2021-01-18T18:01:35.594+0000: 22.933: [ParNew
Desired survivor size 2162688 bytes, new threshold 6 (max 6)
- age   1:     993568 bytes,     993568 total
- age   2:     184288 bytes,    1177856 total
- age   3:     492448 bytes,    1670304 total
: 37271K->1938K(38080K), 0.0063457 secs] 49736K->15029K(122752K), 0.0064112 secs] [Times: user=0.03 sys=0.00, real=0.01 secs] 
Heap after GC invocations=42 (full 1):
 par new generation   total 38080K, used 1938K [0x0000000085600000, 0x0000000087f50000, 0x000000009a2c0000)
  eden space 33856K,   0% used [0x0000000085600000, 0x0000000085600000, 0x0000000087710000)
  from space 4224K,  45% used [0x0000000087710000, 0x00000000878f49e0, 0x0000000087b30000)
  to   space 4224K,   0% used [0x0000000087b30000, 0x0000000087b30000, 0x0000000087f50000)
 concurrent mark-sweep generation total 84672K, used 13090K [0x000000009a2c0000, 0x000000009f570000, 0x0000000100000000)
 Metaspace       used 25406K, capacity 26222K, committed 26364K, reserved 1073152K
  class space    used 3040K, capacity 3233K, committed 3324K, reserved 1048576K
}
2021-01-18T18:01:35.600+0000: 22.939: Total time for which application threads were stopped: 0.0065461 seconds, Stopping threads took: 0.0000208 seconds
{Heap before GC invocations=42 (full 1):
 par new generation   total 38080K, used 35794K [0x0000000085600000, 0x0000000087f50000, 0x000000009a2c0000)
  eden space 33856K, 100% used [0x0000000085600000, 0x0000000087710000, 0x0000000087710000)
  from space 4224K,  45% used [0x0000000087710000, 0x00000000878f49e0, 0x0000000087b30000)
  to   space 4224K,   0% used [0x0000000087b30000, 0x0000000087b30000, 0x0000000087f50000)
 concurrent mark-sweep generation total 84672K, used 13090K [0x000000009a2c0000, 0x000000009f570000, 0x0000000100000000)
 Metaspace       used 25425K, capacity 26222K, committed 26364K, reserved 1073152K
  class space    used 3043K, capacity 3233K, committed 3324K, reserved 1048576K
2021-01-18T18:01:35.683+0000: 23.021: [GC (Allocation Failure) 2021-01-18T18:01:35.683+0000: 23.021: [ParNew
Desired survivor size 2162688 bytes, new threshold 2 (max 6)
- age   1:    1596096 bytes,    1596096 total
- age   2:     836360 bytes,    2432456 total
- age   3:     180976 bytes,    2613432 total
- age   4:     480376 bytes,    3093808 total
: 35794K->3522K(38080K), 0.0050914 secs] 48885K->16613K(122752K), 0.0051601 secs] [Times: user=0.02 sys=0.00, real=0.01 secs] 
Heap after GC invocations=43 (full 1):
 par new generation   total 38080K, used 3522K [0x0000000085600000, 0x0000000087f50000, 0x000000009a2c0000)
  eden space 33856K,   0% used [0x0000000085600000, 0x0000000085600000, 0x0000000087710000)
  from space 4224K,  83% used [0x0000000087b30000, 0x0000000087ea0900, 0x0000000087f50000)
  to   space 4224K,   0% used [0x0000000087710000, 0x0000000087710000, 0x0000000087b30000)
 concurrent mark-sweep generation total 84672K, used 13090K [0x000000009a2c0000, 0x000000009f570000, 0x0000000100000000)
 Metaspace       used 25425K, capacity 26222K, committed 26364K, reserved 1073152K
  class space    used 3043K, capacity 3233K, committed 3324K, reserved 1048576K
}
2021-01-18T18:01:35.688+0000: 23.026: Total time for which application threads were stopped: 0.0053214 seconds, Stopping threads took: 0.0000370 seconds
{Heap before GC invocations=43 (full 1):
 par new generation   total 38080K, used 37378K [0x0000000085600000, 0x0000000087f50000, 0x000000009a2c0000)
  eden space 33856K, 100% used [0x0000000085600000, 0x0000000087710000, 0x0000000087710000)
  from space 4224K,  83% used [0x0000000087b30000, 0x0000000087ea0900, 0x0000000087f50000)
  to   space 4224K,   0% used [0x0000000087710000, 0x0000000087710000, 0x0000000087b30000)
 concurrent mark-sweep generation total 84672K, used 13090K [0x000000009a2c0000, 0x000000009f570000, 0x0000000100000000)
 Metaspace       used 25477K, capacity 26286K, committed 26620K, reserved 1073152K
  class space    used 3046K, capacity 3233K, committed 3324K, reserved 1048576K
2021-01-18T18:01:35.912+0000: 23.250: [GC (Allocation Failure) 2021-01-18T18:01:35.912+0000: 23.250: [ParNew
Desired survivor size 2162688 bytes, new threshold 1 (max 6)
- age   1:    2279744 bytes,    2279744 total
- age   2:     742704 bytes,    3022448 total
: 37378K->4033K(38080K), 0.0110723 secs] 50469K->18594K(122752K), 0.0111536 secs] [Times: user=0.03 sys=0.00, real=0.01 secs] 
Heap after GC invocations=44 (full 1):
 par new generation   total 38080K, used 4033K [0x0000000085600000, 0x0000000087f50000, 0x000000009a2c0000)
  eden space 33856K,   0% used [0x0000000085600000, 0x0000000085600000, 0x0000000087710000)
  from space 4224K,  95% used [0x0000000087710000, 0x0000000087b007b8, 0x0000000087b30000)
  to   space 4224K,   0% used [0x0000000087b30000, 0x0000000087b30000, 0x0000000087f50000)
 concurrent mark-sweep generation total 84672K, used 14560K [0x000000009a2c0000, 0x000000009f570000, 0x0000000100000000)
 Metaspace       used 25477K, capacity 26286K, committed 26620K, reserved 1073152K
  class space    used 3046K, capacity 3233K, committed 3324K, reserved 1048576K
}
2021-01-18T18:01:35.923+0000: 23.262: Total time for which application threads were stopped: 0.0113277 seconds, Stopping threads took: 0.0000233 seconds
{Heap before GC invocations=44 (full 1):
 par new generation   total 38080K, used 37889K [0x0000000085600000, 0x0000000087f50000, 0x000000009a2c0000)
  eden space 33856K, 100% used [0x0000000085600000, 0x0000000087710000, 0x0000000087710000)
  from space 4224K,  95% used [0x0000000087710000, 0x0000000087b007b8, 0x0000000087b30000)
  to   space 4224K,   0% used [0x0000000087b30000, 0x0000000087b30000, 0x0000000087f50000)
 concurrent mark-sweep generation total 84672K, used 14560K [0x000000009a2c0000, 0x000000009f570000, 0x0000000100000000)
 Metaspace       used 25511K, capacity 26356K, committed 26620K, reserved 1073152K
  class space    used 3054K, capacity 3234K, committed 3324K, reserved 1048576K
2021-01-18T18:01:36.041+0000: 23.379: [GC (Allocation Failure) 2021-01-18T18:01:36.041+0000: 23.379: [ParNew
Desired survivor size 2162688 bytes, new threshold 6 (max 6)
- age   1:    1488024 bytes,    1488024 total
: 37889K->2541K(38080K), 0.0078523 secs] 52450K->19024K(122752K), 0.0079240 secs] [Times: user=0.02 sys=0.00, real=0.01 secs] 
Heap after GC invocations=45 (full 1):
 par new generation   total 38080K, used 2541K [0x0000000085600000, 0x0000000087f50000, 0x000000009a2c0000)
  eden space 33856K,   0% used [0x0000000085600000, 0x0000000085600000, 0x0000000087710000)
  from space 4224K,  60% used [0x0000000087b30000, 0x0000000087dab798, 0x0000000087f50000)
  to   space 4224K,   0% used [0x0000000087710000, 0x0000000087710000, 0x0000000087b30000)
 concurrent mark-sweep generation total 84672K, used 16482K [0x000000009a2c0000, 0x000000009f570000, 0x0000000100000000)
 Metaspace       used 25511K, capacity 26356K, committed 26620K, reserved 1073152K
  class space    used 3054K, capacity 3234K, committed 3324K, reserved 1048576K
}
2021-01-18T18:01:36.049+0000: 23.387: Total time for which application threads were stopped: 0.0080696 seconds, Stopping threads took: 0.0000237 seconds
{Heap before GC invocations=45 (full 1):
 par new generation   total 38080K, used 36397K [0x0000000085600000, 0x0000000087f50000, 0x000000009a2c0000)
  eden space 33856K, 100% used [0x0000000085600000, 0x0000000087710000, 0x0000000087710000)
  from space 4224K,  60% used [0x0000000087b30000, 0x0000000087dab798, 0x0000000087f50000)
  to   space 4224K,   0% used [0x0000000087710000, 0x0000000087710000, 0x0000000087b30000)
 concurrent mark-sweep generation total 84672K, used 16482K [0x000000009a2c0000, 0x000000009f570000, 0x0000000100000000)
 Metaspace       used 25521K, capacity 26426K, committed 26620K, reserved 1073152K
  class space    used 3055K, capacity 3235K, committed 3324K, reserved 1048576K
2021-01-18T18:01:36.100+0000: 23.438: [GC (Allocation Failure) 2021-01-18T18:01:36.100+0000: 23.438: [ParNew
Desired survivor size 2162688 bytes, new threshold 6 (max 6)
- age   1:     305544 bytes,     305544 total
- age   2:     310424 bytes,     615968 total
: 36397K->773K(38080K), 0.0033337 secs] 52880K->17255K(122752K), 0.0034078 secs] [Times: user=0.01 sys=0.00, real=0.00 secs] 
Heap after GC invocations=46 (full 1):
 par new generation   total 38080K, used 773K [0x0000000085600000, 0x0000000087f50000, 0x000000009a2c0000)
  eden space 33856K,   0% used [0x0000000085600000, 0x0000000085600000, 0x0000000087710000)
  from space 4224K,  18% used [0x0000000087710000, 0x00000000877d1420, 0x0000000087b30000)
  to   space 4224K,   0% used [0x0000000087b30000, 0x0000000087b30000, 0x0000000087f50000)
 concurrent mark-sweep generation total 84672K, used 16482K [0x000000009a2c0000, 0x000000009f570000, 0x0000000100000000)
 Metaspace       used 25521K, capacity 26426K, committed 26620K, reserved 1073152K
  class space    used 3055K, capacity 3235K, committed 3324K, reserved 1048576K
}
2021-01-18T18:01:36.103+0000: 23.442: Total time for which application threads were stopped: 0.0035699 seconds, Stopping threads took: 0.0000227 seconds
{Heap before GC invocations=46 (full 1):
 par new generation   total 38080K, used 34629K [0x0000000085600000, 0x0000000087f50000, 0x000000009a2c0000)
  eden space 33856K, 100% used [0x0000000085600000, 0x0000000087710000, 0x0000000087710000)
  from space 4224K,  18% used [0x0000000087710000, 0x00000000877d1420, 0x0000000087b30000)
  to   space 4224K,   0% used [0x0000000087b30000, 0x0000000087b30000, 0x0000000087f50000)
 concurrent mark-sweep generation total 84672K, used 16482K [0x000000009a2c0000, 0x000000009f570000, 0x0000000100000000)
 Metaspace       used 25620K, capacity 26552K, committed 26620K, reserved 1073152K
  class space    used 3068K, capacity 3272K, committed 3324K, reserved 1048576K
2021-01-18T18:01:36.192+0000: 23.530: [GC (Allocation Failure) 2021-01-18T18:01:36.192+0000: 23.530: [ParNew
Desired survivor size 2162688 bytes, new threshold 6 (max 6)
- age   1:    1424808 bytes,    1424808 total
- age   2:     118400 bytes,    1543208 total
- age   3:     308424 bytes,    1851632 total
: 34629K->1921K(38080K), 0.0056262 secs] 51111K->18403K(122752K), 0.0056919 secs] [Times: user=0.02 sys=0.00, real=0.00 secs] 
Heap after GC invocations=47 (full 1):
 par new generation   total 38080K, used 1921K [0x0000000085600000, 0x0000000087f50000, 0x000000009a2c0000)
  eden space 33856K,   0% used [0x0000000085600000, 0x0000000085600000, 0x0000000087710000)
  from space 4224K,  45% used [0x0000000087b30000, 0x0000000087d10608, 0x0000000087f50000)
  to   space 4224K,   0% used [0x0000000087710000, 0x0000000087710000, 0x0000000087b30000)
 concurrent mark-sweep generation total 84672K, used 16482K [0x000000009a2c0000, 0x000000009f570000, 0x0000000100000000)
 Metaspace       used 25620K, capacity 26552K, committed 26620K, reserved 1073152K
  class space    used 3068K, capacity 3272K, committed 3324K, reserved 1048576K
}
2021-01-18T18:01:36.197+0000: 23.536: Total time for which application threads were stopped: 0.0058471 seconds, Stopping threads took: 0.0000235 seconds
{Heap before GC invocations=47 (full 1):
 par new generation   total 38080K, used 35767K [0x0000000085600000, 0x0000000087f50000, 0x000000009a2c0000)
  eden space 33856K,  99% used [0x0000000085600000, 0x000000008770d8a0, 0x0000000087710000)
  from space 4224K,  45% used [0x0000000087b30000, 0x0000000087d10608, 0x0000000087f50000)
  to   space 4224K,   0% used [0x0000000087710000, 0x0000000087710000, 0x0000000087b30000)
 concurrent mark-sweep generation total 84672K, used 16482K [0x000000009a2c0000, 0x000000009f570000, 0x0000000100000000)
 Metaspace       used 25716K, capacity 26648K, committed 26876K, reserved 1073152K
  class space    used 3081K, capacity 3278K, committed 3324K, reserved 1048576K
2021-01-18T18:01:36.289+0000: 23.627: [GC (Allocation Failure) 2021-01-18T18:01:36.289+0000: 23.627: [ParNew
Desired survivor size 2162688 bytes, new threshold 4 (max 6)
- age   1:    1504496 bytes,    1504496 total
- age   2:     369608 bytes,    1874104 total
- age   3:     117472 bytes,    1991576 total
- age   4:     307968 bytes,    2299544 total
: 35767K->2690K(38080K), 0.0036806 secs] 52249K->19172K(122752K), 0.0037476 secs] [Times: user=0.00 sys=0.00, real=0.00 secs] 
Heap after GC invocations=48 (full 1):
 par new generation   total 38080K, used 2690K [0x0000000085600000, 0x0000000087f50000, 0x000000009a2c0000)
  eden space 33856K,   0% used [0x0000000085600000, 0x0000000085600000, 0x0000000087710000)
  from space 4224K,  63% used [0x0000000087710000, 0x00000000879b0900, 0x0000000087b30000)
  to   space 4224K,   0% used [0x0000000087b30000, 0x0000000087b30000, 0x0000000087f50000)
 concurrent mark-sweep generation total 84672K, used 16482K [0x000000009a2c0000, 0x000000009f570000, 0x0000000100000000)
 Metaspace       used 25716K, capacity 26648K, committed 26876K, reserved 1073152K
  class space    used 3081K, capacity 3278K, committed 3324K, reserved 1048576K
}
2021-01-18T18:01:36.293+0000: 23.631: Total time for which application threads were stopped: 0.0039188 seconds, Stopping threads took: 0.0000585 seconds
{Heap before GC invocations=48 (full 1):
 par new generation   total 38080K, used 36546K [0x0000000085600000, 0x0000000087f50000, 0x000000009a2c0000)
  eden space 33856K, 100% used [0x0000000085600000, 0x0000000087710000, 0x0000000087710000)
  from space 4224K,  63% used [0x0000000087710000, 0x00000000879b0900, 0x0000000087b30000)
  to   space 4224K,   0% used [0x0000000087b30000, 0x0000000087b30000, 0x0000000087f50000)
 concurrent mark-sweep generation total 84672K, used 16482K [0x000000009a2c0000, 0x000000009f570000, 0x0000000100000000)
 Metaspace       used 25810K, capacity 26712K, committed 26876K, reserved 1073152K
  class space    used 3094K, capacity 3278K, committed 3324K, reserved 1048576K
2021-01-18T18:01:36.419+0000: 23.758: [GC (Allocation Failure) 2021-01-18T18:01:36.420+0000: 23.758: [ParNew
Desired survivor size 2162688 bytes, new threshold 1 (max 6)
- age   1:    3171584 bytes,    3171584 total
- age   2:     125224 bytes,    3296808 total
- age   3:     369192 bytes,    3666000 total
- age   4:     117472 bytes,    3783472 total
: 36546K->4223K(38080K), 0.0106261 secs] 53028K->21362K(122752K), 0.0106905 secs] [Times: user=0.03 sys=0.00, real=0.01 secs] 
Heap after GC invocations=49 (full 1):
 par new generation   total 38080K, used 4223K [0x0000000085600000, 0x0000000087f50000, 0x000000009a2c0000)
  eden space 33856K,   0% used [0x0000000085600000, 0x0000000085600000, 0x0000000087710000)
  from space 4224K,  99% used [0x0000000087b30000, 0x0000000087f4fff8, 0x0000000087f50000)
  to   space 4224K,   0% used [0x0000000087710000, 0x0000000087710000, 0x0000000087b30000)
 concurrent mark-sweep generation total 84672K, used 17138K [0x000000009a2c0000, 0x000000009f570000, 0x0000000100000000)
 Metaspace       used 25810K, capacity 26712K, committed 26876K, reserved 1073152K
  class space    used 3094K, capacity 3278K, committed 3324K, reserved 1048576K
}
2021-01-18T18:01:36.430+0000: 23.769: Total time for which application threads were stopped: 0.0108197 seconds, Stopping threads took: 0.0000228 seconds
{Heap before GC invocations=49 (full 1):
 par new generation   total 38080K, used 38079K [0x0000000085600000, 0x0000000087f50000, 0x000000009a2c0000)
  eden space 33856K, 100% used [0x0000000085600000, 0x0000000087710000, 0x0000000087710000)
  from space 4224K,  99% used [0x0000000087b30000, 0x0000000087f4fff8, 0x0000000087f50000)
  to   space 4224K,   0% used [0x0000000087710000, 0x0000000087710000, 0x0000000087b30000)
 concurrent mark-sweep generation total 84672K, used 17138K [0x000000009a2c0000, 0x000000009f570000, 0x0000000100000000)
 Metaspace       used 25969K, capacity 26904K, committed 27260K, reserved 1073152K
  class space    used 3107K, capacity 3342K, committed 3452K, reserved 1048576K
2021-01-18T18:01:36.499+0000: 23.838: [GC (Allocation Failure) 2021-01-18T18:01:36.499+0000: 23.838: [ParNew
Desired survivor size 2162688 bytes, new threshold 1 (max 6)
- age   1:    3732728 bytes,    3732728 total
: 38079K->4223K(38080K), 0.0116962 secs] 55218K->22254K(122752K), 0.0117622 secs] [Times: user=0.03 sys=0.00, real=0.01 secs] 
Heap after GC invocations=50 (full 1):
 par new generation   total 38080K, used 4223K [0x0000000085600000, 0x0000000087f50000, 0x000000009a2c0000)
  eden space 33856K,   0% used [0x0000000085600000, 0x0000000085600000, 0x0000000087710000)
  from space 4224K,  99% used [0x0000000087710000, 0x0000000087b2fff8, 0x0000000087b30000)
  to   space 4224K,   0% used [0x0000000087b30000, 0x0000000087b30000, 0x0000000087f50000)
 concurrent mark-sweep generation total 84672K, used 18030K [0x000000009a2c0000, 0x000000009f570000, 0x0000000100000000)
 Metaspace       used 25969K, capacity 26904K, committed 27260K, reserved 1073152K
  class space    used 3107K, capacity 3342K, committed 3452K, reserved 1048576K
}
2021-01-18T18:01:36.511+0000: 23.850: Total time for which application threads were stopped: 0.0119002 seconds, Stopping threads took: 0.0000367 seconds
{Heap before GC invocations=50 (full 1):
 par new generation   total 38080K, used 38079K [0x0000000085600000, 0x0000000087f50000, 0x000000009a2c0000)
  eden space 33856K, 100% used [0x0000000085600000, 0x0000000087710000, 0x0000000087710000)
  from space 4224K,  99% used [0x0000000087710000, 0x0000000087b2fff8, 0x0000000087b30000)
  to   space 4224K,   0% used [0x0000000087b30000, 0x0000000087b30000, 0x0000000087f50000)
 concurrent mark-sweep generation total 84672K, used 18030K [0x000000009a2c0000, 0x000000009f570000, 0x0000000100000000)
 Metaspace       used 26167K, capacity 27096K, committed 27260K, reserved 1073152K
  class space    used 3119K, capacity 3342K, committed 3452K, reserved 1048576K
2021-01-18T18:01:36.570+0000: 23.909: [GC (Allocation Failure) 2021-01-18T18:01:36.570+0000: 23.909: [ParNew
Desired survivor size 2162688 bytes, new threshold 1 (max 6)
- age   1:    4056736 bytes,    4056736 total
: 38079K->4224K(38080K), 0.0098458 secs] 56110K->22423K(122752K), 0.0099078 secs] [Times: user=0.01 sys=0.00, real=0.01 secs] 
Heap after GC invocations=51 (full 1):
 par new generation   total 38080K, used 4224K [0x0000000085600000, 0x0000000087f50000, 0x000000009a2c0000)
  eden space 33856K,   0% used [0x0000000085600000, 0x0000000085600000, 0x0000000087710000)
  from space 4224K, 100% used [0x0000000087b30000, 0x0000000087f50000, 0x0000000087f50000)
  to   space 4224K,   0% used [0x0000000087710000, 0x0000000087710000, 0x0000000087b30000)
 concurrent mark-sweep generation total 84672K, used 18199K [0x000000009a2c0000, 0x000000009f570000, 0x0000000100000000)
 Metaspace       used 26167K, capacity 27096K, committed 27260K, reserved 1073152K
  class space    used 3119K, capacity 3342K, committed 3452K, reserved 1048576K
}
2021-01-18T18:01:36.580+0000: 23.919: Total time for which application threads were stopped: 0.0100637 seconds, Stopping threads took: 0.0000438 seconds
{Heap before GC invocations=51 (full 1):
 par new generation   total 38080K, used 38080K [0x0000000085600000, 0x0000000087f50000, 0x000000009a2c0000)
  eden space 33856K, 100% used [0x0000000085600000, 0x0000000087710000, 0x0000000087710000)
  from space 4224K, 100% used [0x0000000087b30000, 0x0000000087f50000, 0x0000000087f50000)
  to   space 4224K,   0% used [0x0000000087710000, 0x0000000087710000, 0x0000000087b30000)
 concurrent mark-sweep generation total 84672K, used 18199K [0x000000009a2c0000, 0x000000009f570000, 0x0000000100000000)
 Metaspace       used 26340K, capacity 27224K, committed 27516K, reserved 1073152K
  class space    used 3133K, capacity 3342K, committed 3452K, reserved 1048576K
2021-01-18T18:01:36.706+0000: 24.045: [GC (Allocation Failure) 2021-01-18T18:01:36.706+0000: 24.045: [ParNew
Desired survivor size 2162688 bytes, new threshold 1 (max 6)
- age   1:    4002000 bytes,    4002000 total
: 38080K->4224K(38080K), 0.0242438 secs] 56279K->22656K(122752K), 0.0243559 secs] [Times: user=0.04 sys=0.01, real=0.02 secs] 
Heap after GC invocations=52 (full 1):
 par new generation   total 38080K, used 4224K [0x0000000085600000, 0x0000000087f50000, 0x000000009a2c0000)
  eden space 33856K,   0% used [0x0000000085600000, 0x0000000085600000, 0x0000000087710000)
  from space 4224K, 100% used [0x0000000087710000, 0x0000000087b30000, 0x0000000087b30000)
  to   space 4224K,   0% used [0x0000000087b30000, 0x0000000087b30000, 0x0000000087f50000)
 concurrent mark-sweep generation total 84672K, used 18432K [0x000000009a2c0000, 0x000000009f570000, 0x0000000100000000)
 Metaspace       used 26340K, capacity 27224K, committed 27516K, reserved 1073152K
  class space    used 3133K, capacity 3342K, committed 3452K, reserved 1048576K
}
2021-01-18T18:01:36.731+0000: 24.069: Total time for which application threads were stopped: 0.0247397 seconds, Stopping threads took: 0.0001800 seconds
{Heap before GC invocations=52 (full 1):
 par new generation   total 38080K, used 38080K [0x0000000085600000, 0x0000000087f50000, 0x000000009a2c0000)
  eden space 33856K, 100% used [0x0000000085600000, 0x0000000087710000, 0x0000000087710000)
  from space 4224K, 100% used [0x0000000087710000, 0x0000000087b30000, 0x0000000087b30000)
  to   space 4224K,   0% used [0x0000000087b30000, 0x0000000087b30000, 0x0000000087f50000)
 concurrent mark-sweep generation total 84672K, used 18432K [0x000000009a2c0000, 0x000000009f570000, 0x0000000100000000)
 Metaspace       used 26589K, capacity 27512K, committed 27772K, reserved 1073152K
  class space    used 3151K, capacity 3374K, committed 3452K, reserved 1048576K
2021-01-18T18:01:36.888+0000: 24.226: [GC (Allocation Failure) 2021-01-18T18:01:36.888+0000: 24.226: [ParNew
Desired survivor size 2162688 bytes, new threshold 1 (max 6)
- age   1:    3821672 bytes,    3821672 total
: 38080K->3876K(38080K), 0.0091760 secs] 56512K->22369K(122752K), 0.0092424 secs] [Times: user=0.01 sys=0.00, real=0.00 secs] 
Heap after GC invocations=53 (full 1):
 par new generation   total 38080K, used 3876K [0x0000000085600000, 0x0000000087f50000, 0x000000009a2c0000)
  eden space 33856K,   0% used [0x0000000085600000, 0x0000000085600000, 0x0000000087710000)
  from space 4224K,  91% used [0x0000000087b30000, 0x0000000087ef9128, 0x0000000087f50000)
  to   space 4224K,   0% used [0x0000000087710000, 0x0000000087710000, 0x0000000087b30000)
 concurrent mark-sweep generation total 84672K, used 18493K [0x000000009a2c0000, 0x000000009f570000, 0x0000000100000000)
 Metaspace       used 26589K, capacity 27512K, committed 27772K, reserved 1073152K
  class space    used 3151K, capacity 3374K, committed 3452K, reserved 1048576K
}
2021-01-18T18:01:36.897+0000: 24.236: Total time for which application threads were stopped: 0.0093597 seconds, Stopping threads took: 0.0000166 seconds
{Heap before GC invocations=53 (full 1):
 par new generation   total 38080K, used 37732K [0x0000000085600000, 0x0000000087f50000, 0x000000009a2c0000)
  eden space 33856K, 100% used [0x0000000085600000, 0x0000000087710000, 0x0000000087710000)
  from space 4224K,  91% used [0x0000000087b30000, 0x0000000087ef9128, 0x0000000087f50000)
  to   space 4224K,   0% used [0x0000000087710000, 0x0000000087710000, 0x0000000087b30000)
 concurrent mark-sweep generation total 84672K, used 18493K [0x000000009a2c0000, 0x000000009f570000, 0x0000000100000000)
 Metaspace       used 26724K, capacity 27672K, committed 27772K, reserved 1073152K
  class space    used 3168K, capacity 3406K, committed 3452K, reserved 1048576K
2021-01-18T18:01:36.969+0000: 24.308: [GC (Allocation Failure) 2021-01-18T18:01:36.969+0000: 24.308: [ParNew
Desired survivor size 2162688 bytes, new threshold 1 (max 6)
- age   1:    3539304 bytes,    3539304 total
: 37732K->3707K(38080K), 0.0082908 secs] 56225K->22264K(122752K), 0.0083632 secs] [Times: user=0.02 sys=0.00, real=0.00 secs] 
Heap after GC invocations=54 (full 1):
 par new generation   total 38080K, used 3707K [0x0000000085600000, 0x0000000087f50000, 0x000000009a2c0000)
  eden space 33856K,   0% used [0x0000000085600000, 0x0000000085600000, 0x0000000087710000)
  from space 4224K,  87% used [0x0000000087710000, 0x0000000087aaee98, 0x0000000087b30000)
  to   space 4224K,   0% used [0x0000000087b30000, 0x0000000087b30000, 0x0000000087f50000)
 concurrent mark-sweep generation total 84672K, used 18556K [0x000000009a2c0000, 0x000000009f570000, 0x0000000100000000)
 Metaspace       used 26724K, capacity 27672K, committed 27772K, reserved 1073152K
  class space    used 3168K, capacity 3406K, committed 3452K, reserved 1048576K
}
2021-01-18T18:01:36.977+0000: 24.316: Total time for which application threads were stopped: 0.0085860 seconds, Stopping threads took: 0.0001085 seconds
{Heap before GC invocations=54 (full 1):
 par new generation   total 38080K, used 37563K [0x0000000085600000, 0x0000000087f50000, 0x000000009a2c0000)
  eden space 33856K, 100% used [0x0000000085600000, 0x0000000087710000, 0x0000000087710000)
  from space 4224K,  87% used [0x0000000087710000, 0x0000000087aaee98, 0x0000000087b30000)
  to   space 4224K,   0% used [0x0000000087b30000, 0x0000000087b30000, 0x0000000087f50000)
 concurrent mark-sweep generation total 84672K, used 18556K [0x000000009a2c0000, 0x000000009f570000, 0x0000000100000000)
 Metaspace       used 26724K, capacity 27672K, committed 27772K, reserved 1073152K
  class space    used 3168K, capacity 3406K, committed 3452K, reserved 1048576K
2021-01-18T18:01:37.012+0000: 24.351: [GC (Allocation Failure) 2021-01-18T18:01:37.012+0000: 24.351: [ParNew
Desired survivor size 2162688 bytes, new threshold 1 (max 6)
- age   1:    4128320 bytes,    4128320 total
: 37563K->4223K(38080K), 0.0109691 secs] 56120K->23141K(122752K), 0.0110361 secs] [Times: user=0.02 sys=0.00, real=0.01 secs] 
Heap after GC invocations=55 (full 1):
 par new generation   total 38080K, used 4223K [0x0000000085600000, 0x0000000087f50000, 0x000000009a2c0000)
  eden space 33856K,   0% used [0x0000000085600000, 0x0000000085600000, 0x0000000087710000)
  from space 4224K,  99% used [0x0000000087b30000, 0x0000000087f4fff8, 0x0000000087f50000)
  to   space 4224K,   0% used [0x0000000087710000, 0x0000000087710000, 0x0000000087b30000)
 concurrent mark-sweep generation total 84672K, used 18917K [0x000000009a2c0000, 0x000000009f570000, 0x0000000100000000)
 Metaspace       used 26724K, capacity 27672K, committed 27772K, reserved 1073152K
  class space    used 3168K, capacity 3406K, committed 3452K, reserved 1048576K
}
2021-01-18T18:01:37.023+0000: 24.362: Total time for which application threads were stopped: 0.0111560 seconds, Stopping threads took: 0.0000170 seconds
{Heap before GC invocations=55 (full 1):
 par new generation   total 38080K, used 38079K [0x0000000085600000, 0x0000000087f50000, 0x000000009a2c0000)
  eden space 33856K, 100% used [0x0000000085600000, 0x0000000087710000, 0x0000000087710000)
  from space 4224K,  99% used [0x0000000087b30000, 0x0000000087f4fff8, 0x0000000087f50000)
  to   space 4224K,   0% used [0x0000000087710000, 0x0000000087710000, 0x0000000087b30000)
 concurrent mark-sweep generation total 84672K, used 18917K [0x000000009a2c0000, 0x000000009f570000, 0x0000000100000000)
 Metaspace       used 26727K, capacity 27672K, committed 27772K, reserved 1073152K
  class space    used 3168K, capacity 3406K, committed 3452K, reserved 1048576K
2021-01-18T18:01:37.058+0000: 24.396: [GC (Allocation Failure) 2021-01-18T18:01:37.058+0000: 24.396: [ParNew
Desired survivor size 2162688 bytes, new threshold 1 (max 6)
- age   1:    4215296 bytes,    4215296 total
: 38079K->4224K(38080K), 0.0107314 secs] 56997K->23294K(122752K), 0.0107992 secs] [Times: user=0.02 sys=0.00, real=0.02 secs] 
Heap after GC invocations=56 (full 1):
 par new generation   total 38080K, used 4224K [0x0000000085600000, 0x0000000087f50000, 0x000000009a2c0000)
  eden space 33856K,   0% used [0x0000000085600000, 0x0000000085600000, 0x0000000087710000)
  from space 4224K, 100% used [0x0000000087710000, 0x0000000087b30000, 0x0000000087b30000)
  to   space 4224K,   0% used [0x0000000087b30000, 0x0000000087b30000, 0x0000000087f50000)
 concurrent mark-sweep generation total 84672K, used 19070K [0x000000009a2c0000, 0x000000009f570000, 0x0000000100000000)
 Metaspace       used 26727K, capacity 27672K, committed 27772K, reserved 1073152K
  class space    used 3168K, capacity 3406K, committed 3452K, reserved 1048576K
}
2021-01-18T18:01:37.069+0000: 24.407: Total time for which application threads were stopped: 0.0109141 seconds, Stopping threads took: 0.0000216 seconds
{Heap before GC invocations=56 (full 1):
 par new generation   total 38080K, used 38080K [0x0000000085600000, 0x0000000087f50000, 0x000000009a2c0000)
  eden space 33856K, 100% used [0x0000000085600000, 0x0000000087710000, 0x0000000087710000)
  from space 4224K, 100% used [0x0000000087710000, 0x0000000087b30000, 0x0000000087b30000)
  to   space 4224K,   0% used [0x0000000087b30000, 0x0000000087b30000, 0x0000000087f50000)
 concurrent mark-sweep generation total 84672K, used 19070K [0x000000009a2c0000, 0x000000009f570000, 0x0000000100000000)
 Metaspace       used 26727K, capacity 27672K, committed 27772K, reserved 1073152K
  class space    used 3168K, capacity 3406K, committed 3452K, reserved 1048576K
2021-01-18T18:01:37.117+0000: 24.455: [GC (Allocation Failure) 2021-01-18T18:01:37.117+0000: 24.455: [ParNew
Desired survivor size 2162688 bytes, new threshold 1 (max 6)
- age   1:    4128072 bytes,    4128072 total
: 38080K->4224K(38080K), 0.0115710 secs] 57150K->23711K(122752K), 0.0116382 secs] [Times: user=0.02 sys=0.00, real=0.02 secs] 
Heap after GC invocations=57 (full 1):
 par new generation   total 38080K, used 4224K [0x0000000085600000, 0x0000000087f50000, 0x000000009a2c0000)
  eden space 33856K,   0% used [0x0000000085600000, 0x0000000085600000, 0x0000000087710000)
  from space 4224K, 100% used [0x0000000087b30000, 0x0000000087f50000, 0x0000000087f50000)
  to   space 4224K,   0% used [0x0000000087710000, 0x0000000087710000, 0x0000000087b30000)
 concurrent mark-sweep generation total 84672K, used 19487K [0x000000009a2c0000, 0x000000009f570000, 0x0000000100000000)
 Metaspace       used 26727K, capacity 27672K, committed 27772K, reserved 1073152K
  class space    used 3168K, capacity 3406K, committed 3452K, reserved 1048576K
}
2021-01-18T18:01:37.129+0000: 24.467: Total time for which application threads were stopped: 0.0117551 seconds, Stopping threads took: 0.0000177 seconds
{Heap before GC invocations=57 (full 1):
 par new generation   total 38080K, used 38080K [0x0000000085600000, 0x0000000087f50000, 0x000000009a2c0000)
  eden space 33856K, 100% used [0x0000000085600000, 0x0000000087710000, 0x0000000087710000)
  from space 4224K, 100% used [0x0000000087b30000, 0x0000000087f50000, 0x0000000087f50000)
  to   space 4224K,   0% used [0x0000000087710000, 0x0000000087710000, 0x0000000087b30000)
 concurrent mark-sweep generation total 84672K, used 19487K [0x000000009a2c0000, 0x000000009f570000, 0x0000000100000000)
 Metaspace       used 26731K, capacity 27672K, committed 27772K, reserved 1073152K
  class space    used 3168K, capacity 3406K, committed 3452K, reserved 1048576K
2021-01-18T18:01:37.189+0000: 24.528: [GC (Allocation Failure) 2021-01-18T18:01:37.189+0000: 24.528: [ParNew
Desired survivor size 2162688 bytes, new threshold 1 (max 6)
- age   1:    4090208 bytes,    4090208 total
: 38080K->4224K(38080K), 0.0143433 secs] 57567K->23892K(122752K), 0.0144143 secs] [Times: user=0.03 sys=0.00, real=0.01 secs] 
Heap after GC invocations=58 (full 1):
 par new generation   total 38080K, used 4224K [0x0000000085600000, 0x0000000087f50000, 0x000000009a2c0000)
  eden space 33856K,   0% used [0x0000000085600000, 0x0000000085600000, 0x0000000087710000)
  from space 4224K, 100% used [0x0000000087710000, 0x0000000087b30000, 0x0000000087b30000)
  to   space 4224K,   0% used [0x0000000087b30000, 0x0000000087b30000, 0x0000000087f50000)
 concurrent mark-sweep generation total 84672K, used 19668K [0x000000009a2c0000, 0x000000009f570000, 0x0000000100000000)
 Metaspace       used 26731K, capacity 27672K, committed 27772K, reserved 1073152K
  class space    used 3168K, capacity 3406K, committed 3452K, reserved 1048576K
}
2021-01-18T18:01:37.204+0000: 24.542: Total time for which application threads were stopped: 0.0145589 seconds, Stopping threads took: 0.0000277 seconds
{Heap before GC invocations=58 (full 1):
 par new generation   total 38080K, used 38080K [0x0000000085600000, 0x0000000087f50000, 0x000000009a2c0000)
  eden space 33856K, 100% used [0x0000000085600000, 0x0000000087710000, 0x0000000087710000)
  from space 4224K, 100% used [0x0000000087710000, 0x0000000087b30000, 0x0000000087b30000)
  to   space 4224K,   0% used [0x0000000087b30000, 0x0000000087b30000, 0x0000000087f50000)
 concurrent mark-sweep generation total 84672K, used 19668K [0x000000009a2c0000, 0x000000009f570000, 0x0000000100000000)
 Metaspace       used 26731K, capacity 27672K, committed 27772K, reserved 1073152K
  class space    used 3168K, capacity 3406K, committed 3452K, reserved 1048576K
2021-01-18T18:01:37.258+0000: 24.597: [GC (Allocation Failure) 2021-01-18T18:01:37.258+0000: 24.597: [ParNew
Desired survivor size 2162688 bytes, new threshold 1 (max 6)
- age   1:    4111184 bytes,    4111184 total
: 38080K->4224K(38080K), 0.0143344 secs] 57748K->24137K(122752K), 0.0144064 secs] [Times: user=0.03 sys=0.00, real=0.01 secs] 
Heap after GC invocations=59 (full 1):
 par new generation   total 38080K, used 4224K [0x0000000085600000, 0x0000000087f50000, 0x000000009a2c0000)
  eden space 33856K,   0% used [0x0000000085600000, 0x0000000085600000, 0x0000000087710000)
  from space 4224K, 100% used [0x0000000087b30000, 0x0000000087f50000, 0x0000000087f50000)
  to   space 4224K,   0% used [0x0000000087710000, 0x0000000087710000, 0x0000000087b30000)
 concurrent mark-sweep generation total 84672K, used 19913K [0x000000009a2c0000, 0x000000009f570000, 0x0000000100000000)
 Metaspace       used 26731K, capacity 27672K, committed 27772K, reserved 1073152K
  class space    used 3168K, capacity 3406K, committed 3452K, reserved 1048576K
}
2021-01-18T18:01:37.273+0000: 24.611: Total time for which application threads were stopped: 0.0146036 seconds, Stopping threads took: 0.0000565 seconds
{Heap before GC invocations=59 (full 1):
 par new generation   total 38080K, used 38080K [0x0000000085600000, 0x0000000087f50000, 0x000000009a2c0000)
  eden space 33856K, 100% used [0x0000000085600000, 0x0000000087710000, 0x0000000087710000)
  from space 4224K, 100% used [0x0000000087b30000, 0x0000000087f50000, 0x0000000087f50000)
  to   space 4224K,   0% used [0x0000000087710000, 0x0000000087710000, 0x0000000087b30000)
 concurrent mark-sweep generation total 84672K, used 19913K [0x000000009a2c0000, 0x000000009f570000, 0x0000000100000000)
 Metaspace       used 26731K, capacity 27672K, committed 27772K, reserved 1073152K
  class space    used 3168K, capacity 3406K, committed 3452K, reserved 1048576K
2021-01-18T18:01:37.316+0000: 24.655: [GC (Allocation Failure) 2021-01-18T18:01:37.316+0000: 24.655: [ParNew
Desired survivor size 2162688 bytes, new threshold 1 (max 6)
- age   1:    4016240 bytes,    4016240 total
: 38080K->4223K(38080K), 0.0116638 secs] 57993K->24633K(122752K), 0.0117298 secs] [Times: user=0.02 sys=0.00, real=0.02 secs] 
Heap after GC invocations=60 (full 1):
 par new generation   total 38080K, used 4223K [0x0000000085600000, 0x0000000087f50000, 0x000000009a2c0000)
  eden space 33856K,   0% used [0x0000000085600000, 0x0000000085600000, 0x0000000087710000)
  from space 4224K,  99% used [0x0000000087710000, 0x0000000087b2fff8, 0x0000000087b30000)
  to   space 4224K,   0% used [0x0000000087b30000, 0x0000000087b30000, 0x0000000087f50000)
 concurrent mark-sweep generation total 84672K, used 20409K [0x000000009a2c0000, 0x000000009f570000, 0x0000000100000000)
 Metaspace       used 26731K, capacity 27672K, committed 27772K, reserved 1073152K
  class space    used 3168K, capacity 3406K, committed 3452K, reserved 1048576K
}
2021-01-18T18:01:37.328+0000: 24.667: Total time for which application threads were stopped: 0.0119139 seconds, Stopping threads took: 0.0000861 seconds
{Heap before GC invocations=60 (full 1):
 par new generation   total 38080K, used 38079K [0x0000000085600000, 0x0000000087f50000, 0x000000009a2c0000)
  eden space 33856K, 100% used [0x0000000085600000, 0x0000000087710000, 0x0000000087710000)
  from space 4224K,  99% used [0x0000000087710000, 0x0000000087b2fff8, 0x0000000087b30000)
  to   space 4224K,   0% used [0x0000000087b30000, 0x0000000087b30000, 0x0000000087f50000)
 concurrent mark-sweep generation total 84672K, used 20409K [0x000000009a2c0000, 0x000000009f570000, 0x0000000100000000)
 Metaspace       used 26735K, capacity 27672K, committed 27772K, reserved 1073152K
  class space    used 3168K, capacity 3406K, committed 3452K, reserved 1048576K
2021-01-18T18:01:37.389+0000: 24.727: [GC (Allocation Failure) 2021-01-18T18:01:37.389+0000: 24.728: [ParNew
Desired survivor size 2162688 bytes, new threshold 1 (max 6)
- age   1:    4210824 bytes,    4210824 total
: 38079K->4224K(38080K), 0.0107719 secs] 58489K->24808K(122752K), 0.0108303 secs] [Times: user=0.01 sys=0.00, real=0.01 secs] 
Heap after GC invocations=61 (full 1):
 par new generation   total 38080K, used 4224K [0x0000000085600000, 0x0000000087f50000, 0x000000009a2c0000)
  eden space 33856K,   0% used [0x0000000085600000, 0x0000000085600000, 0x0000000087710000)
  from space 4224K, 100% used [0x0000000087b30000, 0x0000000087f50000, 0x0000000087f50000)
  to   space 4224K,   0% used [0x0000000087710000, 0x0000000087710000, 0x0000000087b30000)
 concurrent mark-sweep generation total 84672K, used 20584K [0x000000009a2c0000, 0x000000009f570000, 0x0000000100000000)
 Metaspace       used 26735K, capacity 27672K, committed 27772K, reserved 1073152K
  class space    used 3168K, capacity 3406K, committed 3452K, reserved 1048576K
}
2021-01-18T18:01:37.400+0000: 24.738: Total time for which application threads were stopped: 0.0109380 seconds, Stopping threads took: 0.0000138 seconds
{Heap before GC invocations=61 (full 1):
 par new generation   total 38080K, used 38080K [0x0000000085600000, 0x0000000087f50000, 0x000000009a2c0000)
  eden space 33856K, 100% used [0x0000000085600000, 0x0000000087710000, 0x0000000087710000)
  from space 4224K, 100% used [0x0000000087b30000, 0x0000000087f50000, 0x0000000087f50000)
  to   space 4224K,   0% used [0x0000000087710000, 0x0000000087710000, 0x0000000087b30000)
 concurrent mark-sweep generation total 84672K, used 20584K [0x000000009a2c0000, 0x000000009f570000, 0x0000000100000000)
 Metaspace       used 26737K, capacity 27672K, committed 27772K, reserved 1073152K
  class space    used 3168K, capacity 3406K, committed 3452K, reserved 1048576K
2021-01-18T18:01:37.454+0000: 24.792: [GC (Allocation Failure) 2021-01-18T18:01:37.454+0000: 24.792: [ParNew
Desired survivor size 2162688 bytes, new threshold 1 (max 6)
- age   1:    4057176 bytes,    4057176 total
: 38080K->4223K(38080K), 0.0103959 secs] 58664K->24955K(122752K), 0.0104624 secs] [Times: user=0.02 sys=0.00, real=0.01 secs] 
Heap after GC invocations=62 (full 1):
 par new generation   total 38080K, used 4223K [0x0000000085600000, 0x0000000087f50000, 0x000000009a2c0000)
  eden space 33856K,   0% used [0x0000000085600000, 0x0000000085600000, 0x0000000087710000)
  from space 4224K,  99% used [0x0000000087710000, 0x0000000087b2fff8, 0x0000000087b30000)
  to   space 4224K,   0% used [0x0000000087b30000, 0x0000000087b30000, 0x0000000087f50000)
 concurrent mark-sweep generation total 84672K, used 20731K [0x000000009a2c0000, 0x000000009f570000, 0x0000000100000000)
 Metaspace       used 26737K, capacity 27672K, committed 27772K, reserved 1073152K
  class space    used 3168K, capacity 3406K, committed 3452K, reserved 1048576K
}
2021-01-18T18:01:37.464+0000: 24.803: Total time for which application threads were stopped: 0.0107007 seconds, Stopping threads took: 0.0001333 seconds
{Heap before GC invocations=62 (full 1):
 par new generation   total 38080K, used 38079K [0x0000000085600000, 0x0000000087f50000, 0x000000009a2c0000)
  eden space 33856K, 100% used [0x0000000085600000, 0x0000000087710000, 0x0000000087710000)
  from space 4224K,  99% used [0x0000000087710000, 0x0000000087b2fff8, 0x0000000087b30000)
  to   space 4224K,   0% used [0x0000000087b30000, 0x0000000087b30000, 0x0000000087f50000)
 concurrent mark-sweep generation total 84672K, used 20731K [0x000000009a2c0000, 0x000000009f570000, 0x0000000100000000)
 Metaspace       used 26737K, capacity 27672K, committed 27772K, reserved 1073152K
  class space    used 3168K, capacity 3406K, committed 3452K, reserved 1048576K
2021-01-18T18:01:37.499+0000: 24.838: [GC (Allocation Failure) 2021-01-18T18:01:37.499+0000: 24.838: [ParNew
Desired survivor size 2162688 bytes, new threshold 1 (max 6)
- age   1:    4044232 bytes,    4044232 total
: 38079K->4223K(38080K), 0.0112490 secs] 58811K->25350K(122752K), 0.0113174 secs] [Times: user=0.02 sys=0.00, real=0.01 secs] 
Heap after GC invocations=63 (full 1):
 par new generation   total 38080K, used 4223K [0x0000000085600000, 0x0000000087f50000, 0x000000009a2c0000)
  eden space 33856K,   0% used [0x0000000085600000, 0x0000000085600000, 0x0000000087710000)
  from space 4224K,  99% used [0x0000000087b30000, 0x0000000087f4fff8, 0x0000000087f50000)
  to   space 4224K,   0% used [0x0000000087710000, 0x0000000087710000, 0x0000000087b30000)
 concurrent mark-sweep generation total 84672K, used 21126K [0x000000009a2c0000, 0x000000009f570000, 0x0000000100000000)
 Metaspace       used 26737K, capacity 27672K, committed 27772K, reserved 1073152K
  class space    used 3168K, capacity 3406K, committed 3452K, reserved 1048576K
}
2021-01-18T18:01:37.511+0000: 24.849: Total time for which application threads were stopped: 0.0114335 seconds, Stopping threads took: 0.0000215 seconds
{Heap before GC invocations=63 (full 1):
 par new generation   total 38080K, used 38079K [0x0000000085600000, 0x0000000087f50000, 0x000000009a2c0000)
  eden space 33856K, 100% used [0x0000000085600000, 0x0000000087710000, 0x0000000087710000)
  from space 4224K,  99% used [0x0000000087b30000, 0x0000000087f4fff8, 0x0000000087f50000)
  to   space 4224K,   0% used [0x0000000087710000, 0x0000000087710000, 0x0000000087b30000)
 concurrent mark-sweep generation total 84672K, used 21126K [0x000000009a2c0000, 0x000000009f570000, 0x0000000100000000)
 Metaspace       used 26737K, capacity 27672K, committed 27772K, reserved 1073152K
  class space    used 3168K, capacity 3406K, committed 3452K, reserved 1048576K
2021-01-18T18:01:37.546+0000: 24.884: [GC (Allocation Failure) 2021-01-18T18:01:37.546+0000: 24.884: [ParNew
Desired survivor size 2162688 bytes, new threshold 1 (max 6)
- age   1:    4124984 bytes,    4124984 total
: 38079K->4223K(38080K), 0.0113664 secs] 59206K->25754K(122752K), 0.0114269 secs] [Times: user=0.02 sys=0.00, real=0.01 secs] 
Heap after GC invocations=64 (full 1):
 par new generation   total 38080K, used 4223K [0x0000000085600000, 0x0000000087f50000, 0x000000009a2c0000)
  eden space 33856K,   0% used [0x0000000085600000, 0x0000000085600000, 0x0000000087710000)
  from space 4224K,  99% used [0x0000000087710000, 0x0000000087b2fff8, 0x0000000087b30000)
  to   space 4224K,   0% used [0x0000000087b30000, 0x0000000087b30000, 0x0000000087f50000)
 concurrent mark-sweep generation total 84672K, used 21530K [0x000000009a2c0000, 0x000000009f570000, 0x0000000100000000)
 Metaspace       used 26737K, capacity 27672K, committed 27772K, reserved 1073152K
  class space    used 3168K, capacity 3406K, committed 3452K, reserved 1048576K
}
2021-01-18T18:01:37.557+0000: 24.896: Total time for which application threads were stopped: 0.0115334 seconds, Stopping threads took: 0.0000137 seconds
{Heap before GC invocations=64 (full 1):
 par new generation   total 38080K, used 38079K [0x0000000085600000, 0x0000000087f50000, 0x000000009a2c0000)
  eden space 33856K, 100% used [0x0000000085600000, 0x0000000087710000, 0x0000000087710000)
  from space 4224K,  99% used [0x0000000087710000, 0x0000000087b2fff8, 0x0000000087b30000)
  to   space 4224K,   0% used [0x0000000087b30000, 0x0000000087b30000, 0x0000000087f50000)
 concurrent mark-sweep generation total 84672K, used 21530K [0x000000009a2c0000, 0x000000009f570000, 0x0000000100000000)
 Metaspace       used 26738K, capacity 27672K, committed 27772K, reserved 1073152K
  class space    used 3168K, capacity 3406K, committed 3452K, reserved 1048576K
2021-01-18T18:01:37.623+0000: 24.961: [GC (Allocation Failure) 2021-01-18T18:01:37.623+0000: 24.961: [ParNew
Desired survivor size 2162688 bytes, new threshold 1 (max 6)
- age   1:    4153608 bytes,    4153608 total
: 38079K->4224K(38080K), 0.0114427 secs] 59610K->26276K(122752K), 0.0115266 secs] [Times: user=0.02 sys=0.00, real=0.01 secs] 
Heap after GC invocations=65 (full 1):
 par new generation   total 38080K, used 4224K [0x0000000085600000, 0x0000000087f50000, 0x000000009a2c0000)
  eden space 33856K,   0% used [0x0000000085600000, 0x0000000085600000, 0x0000000087710000)
  from space 4224K, 100% used [0x0000000087b30000, 0x0000000087f50000, 0x0000000087f50000)
  to   space 4224K,   0% used [0x0000000087710000, 0x0000000087710000, 0x0000000087b30000)
 concurrent mark-sweep generation total 84672K, used 22052K [0x000000009a2c0000, 0x000000009f570000, 0x0000000100000000)
 Metaspace       used 26738K, capacity 27672K, committed 27772K, reserved 1073152K
  class space    used 3168K, capacity 3406K, committed 3452K, reserved 1048576K
}
2021-01-18T18:01:37.634+0000: 24.973: Total time for which application threads were stopped: 0.0117026 seconds, Stopping threads took: 0.0000618 seconds
{Heap before GC invocations=65 (full 1):
 par new generation   total 38080K, used 38080K [0x0000000085600000, 0x0000000087f50000, 0x000000009a2c0000)
  eden space 33856K, 100% used [0x0000000085600000, 0x0000000087710000, 0x0000000087710000)
  from space 4224K, 100% used [0x0000000087b30000, 0x0000000087f50000, 0x0000000087f50000)
  to   space 4224K,   0% used [0x0000000087710000, 0x0000000087710000, 0x0000000087b30000)
 concurrent mark-sweep generation total 84672K, used 22052K [0x000000009a2c0000, 0x000000009f570000, 0x0000000100000000)
 Metaspace       used 26738K, capacity 27672K, committed 27772K, reserved 1073152K
  class space    used 3168K, capacity 3406K, committed 3452K, reserved 1048576K
2021-01-18T18:01:37.672+0000: 25.010: [GC (Allocation Failure) 2021-01-18T18:01:37.672+0000: 25.010: [ParNew
Desired survivor size 2162688 bytes, new threshold 1 (max 6)
- age   1:    3948784 bytes,    3948784 total
: 38080K->4224K(38080K), 0.0105013 secs] 60132K->27172K(122752K), 0.0105759 secs] [Times: user=0.01 sys=0.00, real=0.01 secs] 
Heap after GC invocations=66 (full 1):
 par new generation   total 38080K, used 4224K [0x0000000085600000, 0x0000000087f50000, 0x000000009a2c0000)
  eden space 33856K,   0% used [0x0000000085600000, 0x0000000085600000, 0x0000000087710000)
  from space 4224K, 100% used [0x0000000087710000, 0x0000000087b30000, 0x0000000087b30000)
  to   space 4224K,   0% used [0x0000000087b30000, 0x0000000087b30000, 0x0000000087f50000)
 concurrent mark-sweep generation total 84672K, used 22948K [0x000000009a2c0000, 0x000000009f570000, 0x0000000100000000)
 Metaspace       used 26738K, capacity 27672K, committed 27772K, reserved 1073152K
  class space    used 3168K, capacity 3406K, committed 3452K, reserved 1048576K
}
2021-01-18T18:01:37.682+0000: 25.021: Total time for which application threads were stopped: 0.0106922 seconds, Stopping threads took: 0.0000207 seconds
{Heap before GC invocations=66 (full 1):
 par new generation   total 38080K, used 38080K [0x0000000085600000, 0x0000000087f50000, 0x000000009a2c0000)
  eden space 33856K, 100% used [0x0000000085600000, 0x0000000087710000, 0x0000000087710000)
  from space 4224K, 100% used [0x0000000087710000, 0x0000000087b30000, 0x0000000087b30000)
  to   space 4224K,   0% used [0x0000000087b30000, 0x0000000087b30000, 0x0000000087f50000)
 concurrent mark-sweep generation total 84672K, used 22948K [0x000000009a2c0000, 0x000000009f570000, 0x0000000100000000)
 Metaspace       used 26738K, capacity 27672K, committed 27772K, reserved 1073152K
  class space    used 3168K, capacity 3406K, committed 3452K, reserved 1048576K
2021-01-18T18:01:37.716+0000: 25.054: [GC (Allocation Failure) 2021-01-18T18:01:37.716+0000: 25.054: [ParNew
Desired survivor size 2162688 bytes, new threshold 1 (max 6)
- age   1:    4031304 bytes,    4031304 total
: 38080K->4223K(38080K), 0.0109607 secs] 61028K->27514K(122752K), 0.0110290 secs] [Times: user=0.02 sys=0.00, real=0.02 secs] 
Heap after GC invocations=67 (full 1):
 par new generation   total 38080K, used 4223K [0x0000000085600000, 0x0000000087f50000, 0x000000009a2c0000)
  eden space 33856K,   0% used [0x0000000085600000, 0x0000000085600000, 0x0000000087710000)
  from space 4224K,  99% used [0x0000000087b30000, 0x0000000087f4fff8, 0x0000000087f50000)
  to   space 4224K,   0% used [0x0000000087710000, 0x0000000087710000, 0x0000000087b30000)
 concurrent mark-sweep generation total 84672K, used 23290K [0x000000009a2c0000, 0x000000009f570000, 0x0000000100000000)
 Metaspace       used 26738K, capacity 27672K, committed 27772K, reserved 1073152K
  class space    used 3168K, capacity 3406K, committed 3452K, reserved 1048576K
}
2021-01-18T18:01:37.727+0000: 25.065: Total time for which application threads were stopped: 0.0111421 seconds, Stopping threads took: 0.0000188 seconds
{Heap before GC invocations=67 (full 1):
 par new generation   total 38080K, used 38079K [0x0000000085600000, 0x0000000087f50000, 0x000000009a2c0000)
  eden space 33856K, 100% used [0x0000000085600000, 0x0000000087710000, 0x0000000087710000)
  from space 4224K,  99% used [0x0000000087b30000, 0x0000000087f4fff8, 0x0000000087f50000)
  to   space 4224K,   0% used [0x0000000087710000, 0x0000000087710000, 0x0000000087b30000)
 concurrent mark-sweep generation total 84672K, used 23290K [0x000000009a2c0000, 0x000000009f570000, 0x0000000100000000)
 Metaspace       used 26738K, capacity 27672K, committed 27772K, reserved 1073152K
  class space    used 3168K, capacity 3406K, committed 3452K, reserved 1048576K
2021-01-18T18:01:37.772+0000: 25.110: [GC (Allocation Failure) 2021-01-18T18:01:37.772+0000: 25.111: [ParNew
Desired survivor size 2162688 bytes, new threshold 1 (max 6)
- age   1:    4266064 bytes,    4266064 total
: 38079K->4223K(38080K), 0.0114494 secs] 61370K->27794K(122752K), 0.0115149 secs] [Times: user=0.02 sys=0.00, real=0.01 secs] 
Heap after GC invocations=68 (full 1):
 par new generation   total 38080K, used 4223K [0x0000000085600000, 0x0000000087f50000, 0x000000009a2c0000)
  eden space 33856K,   0% used [0x0000000085600000, 0x0000000085600000, 0x0000000087710000)
  from space 4224K,  99% used [0x0000000087710000, 0x0000000087b2fff8, 0x0000000087b30000)
  to   space 4224K,   0% used [0x0000000087b30000, 0x0000000087b30000, 0x0000000087f50000)
 concurrent mark-sweep generation total 84672K, used 23570K [0x000000009a2c0000, 0x000000009f570000, 0x0000000100000000)
 Metaspace       used 26738K, capacity 27672K, committed 27772K, reserved 1073152K
  class space    used 3168K, capacity 3406K, committed 3452K, reserved 1048576K
}
2021-01-18T18:01:37.784+0000: 25.122: Total time for which application threads were stopped: 0.0116328 seconds, Stopping threads took: 0.0000176 seconds
{Heap before GC invocations=68 (full 1):
 par new generation   total 38080K, used 38079K [0x0000000085600000, 0x0000000087f50000, 0x000000009a2c0000)
  eden space 33856K, 100% used [0x0000000085600000, 0x0000000087710000, 0x0000000087710000)
  from space 4224K,  99% used [0x0000000087710000, 0x0000000087b2fff8, 0x0000000087b30000)
  to   space 4224K,   0% used [0x0000000087b30000, 0x0000000087b30000, 0x0000000087f50000)
 concurrent mark-sweep generation total 84672K, used 23570K [0x000000009a2c0000, 0x000000009f570000, 0x0000000100000000)
 Metaspace       used 26813K, capacity 27758K, committed 28028K, reserved 1073152K
  class space    used 3185K, capacity 3415K, committed 3452K, reserved 1048576K
2021-01-18T18:01:38.259+0000: 25.598: [GC (Allocation Failure) 2021-01-18T18:01:38.259+0000: 25.598: [ParNew
Desired survivor size 2162688 bytes, new threshold 1 (max 6)
- age   1:    2892616 bytes,    2892616 total
: 38079K->3008K(38080K), 0.0051217 secs] 61650K->26587K(122752K), 0.0051853 secs] [Times: user=0.01 sys=0.00, real=0.00 secs] 
Heap after GC invocations=69 (full 1):
 par new generation   total 38080K, used 3008K [0x0000000085600000, 0x0000000087f50000, 0x000000009a2c0000)
  eden space 33856K,   0% used [0x0000000085600000, 0x0000000085600000, 0x0000000087710000)
  from space 4224K,  71% used [0x0000000087b30000, 0x0000000087e20110, 0x0000000087f50000)
  to   space 4224K,   0% used [0x0000000087710000, 0x0000000087710000, 0x0000000087b30000)
 concurrent mark-sweep generation total 84672K, used 23579K [0x000000009a2c0000, 0x000000009f570000, 0x0000000100000000)
 Metaspace       used 26813K, capacity 27758K, committed 28028K, reserved 1073152K
  class space    used 3185K, capacity 3415K, committed 3452K, reserved 1048576K
}
2021-01-18T18:01:38.265+0000: 25.603: Total time for which application threads were stopped: 0.0054026 seconds, Stopping threads took: 0.0001132 seconds
{Heap before GC invocations=69 (full 1):
 par new generation   total 38080K, used 36864K [0x0000000085600000, 0x0000000087f50000, 0x000000009a2c0000)
  eden space 33856K, 100% used [0x0000000085600000, 0x0000000087710000, 0x0000000087710000)
  from space 4224K,  71% used [0x0000000087b30000, 0x0000000087e20110, 0x0000000087f50000)
  to   space 4224K,   0% used [0x0000000087710000, 0x0000000087710000, 0x0000000087b30000)
 concurrent mark-sweep generation total 84672K, used 23579K [0x000000009a2c0000, 0x000000009f570000, 0x0000000100000000)
 Metaspace       used 27390K, capacity 28354K, committed 28668K, reserved 1075200K
  class space    used 3251K, capacity 3483K, committed 3580K, reserved 1048576K
2021-01-18T18:01:38.734+0000: 26.073: [GC (Allocation Failure) 2021-01-18T18:01:38.734+0000: 26.073: [ParNew
Desired survivor size 2162688 bytes, new threshold 1 (max 6)
- age   1:    2184688 bytes,    2184688 total
: 36864K->2580K(38080K), 0.0052876 secs] 60443K->26784K(122752K), 0.0053451 secs] [Times: user=0.01 sys=0.00, real=0.01 secs] 
Heap after GC invocations=70 (full 1):
 par new generation   total 38080K, used 2580K [0x0000000085600000, 0x0000000087f50000, 0x000000009a2c0000)
  eden space 33856K,   0% used [0x0000000085600000, 0x0000000085600000, 0x0000000087710000)
  from space 4224K,  61% used [0x0000000087710000, 0x0000000087995168, 0x0000000087b30000)
  to   space 4224K,   0% used [0x0000000087b30000, 0x0000000087b30000, 0x0000000087f50000)
 concurrent mark-sweep generation total 84672K, used 24204K [0x000000009a2c0000, 0x000000009f570000, 0x0000000100000000)
 Metaspace       used 27390K, capacity 28354K, committed 28668K, reserved 1075200K
  class space    used 3251K, capacity 3483K, committed 3580K, reserved 1048576K
}
2021-01-18T18:01:38.740+0000: 26.078: Total time for which application threads were stopped: 0.0055028 seconds, Stopping threads took: 0.0000102 seconds
{Heap before GC invocations=70 (full 1):
 par new generation   total 38080K, used 36436K [0x0000000085600000, 0x0000000087f50000, 0x000000009a2c0000)
  eden space 33856K, 100% used [0x0000000085600000, 0x0000000087710000, 0x0000000087710000)
  from space 4224K,  61% used [0x0000000087710000, 0x0000000087995168, 0x0000000087b30000)
  to   space 4224K,   0% used [0x0000000087b30000, 0x0000000087b30000, 0x0000000087f50000)
 concurrent mark-sweep generation total 84672K, used 24204K [0x000000009a2c0000, 0x000000009f570000, 0x0000000100000000)
 Metaspace       used 28397K, capacity 29346K, committed 29436K, reserved 1075200K
  class space    used 3362K, capacity 3579K, committed 3580K, reserved 1048576K
2021-01-18T18:01:38.825+0000: 26.164: [GC (Allocation Failure) 2021-01-18T18:01:38.826+0000: 26.164: [ParNew
Desired survivor size 2162688 bytes, new threshold 6 (max 6)
- age   1:    2031864 bytes,    2031864 total
: 36436K->2237K(38080K), 0.0049642 secs] 60640K->26716K(122752K), 0.0050342 secs] [Times: user=0.01 sys=0.00, real=0.01 secs] 
Heap after GC invocations=71 (full 1):
 par new generation   total 38080K, used 2237K [0x0000000085600000, 0x0000000087f50000, 0x000000009a2c0000)
  eden space 33856K,   0% used [0x0000000085600000, 0x0000000085600000, 0x0000000087710000)
  from space 4224K,  52% used [0x0000000087b30000, 0x0000000087d5f718, 0x0000000087f50000)
  to   space 4224K,   0% used [0x0000000087710000, 0x0000000087710000, 0x0000000087b30000)
 concurrent mark-sweep generation total 84672K, used 24479K [0x000000009a2c0000, 0x000000009f570000, 0x0000000100000000)
 Metaspace       used 28397K, capacity 29346K, committed 29436K, reserved 1075200K
  class space    used 3362K, capacity 3579K, committed 3580K, reserved 1048576K
}
2021-01-18T18:01:38.831+0000: 26.169: Total time for which application threads were stopped: 0.0051513 seconds, Stopping threads took: 0.0000137 seconds
{Heap before GC invocations=71 (full 1):
 par new generation   total 38080K, used 36093K [0x0000000085600000, 0x0000000087f50000, 0x000000009a2c0000)
  eden space 33856K, 100% used [0x0000000085600000, 0x0000000087710000, 0x0000000087710000)
  from space 4224K,  52% used [0x0000000087b30000, 0x0000000087d5f718, 0x0000000087f50000)
  to   space 4224K,   0% used [0x0000000087710000, 0x0000000087710000, 0x0000000087b30000)
 concurrent mark-sweep generation total 84672K, used 24479K [0x000000009a2c0000, 0x000000009f570000, 0x0000000100000000)
 Metaspace       used 28921K, capacity 29858K, committed 30076K, reserved 1075200K
  class space    used 3425K, capacity 3643K, committed 3708K, reserved 1048576K
2021-01-18T18:01:38.890+0000: 26.228: [GC (Allocation Failure) 2021-01-18T18:01:38.890+0000: 26.228: [ParNew
Desired survivor size 2162688 bytes, new threshold 6 (max 6)
- age   1:    1247880 bytes,    1247880 total
- age   2:     215192 bytes,    1463072 total
: 36093K->1649K(38080K), 0.0027672 secs] 60572K->26128K(122752K), 0.0028222 secs] [Times: user=0.01 sys=0.00, real=0.00 secs] 
Heap after GC invocations=72 (full 1):
 par new generation   total 38080K, used 1649K [0x0000000085600000, 0x0000000087f50000, 0x000000009a2c0000)
  eden space 33856K,   0% used [0x0000000085600000, 0x0000000085600000, 0x0000000087710000)
  from space 4224K,  39% used [0x0000000087710000, 0x00000000878ac568, 0x0000000087b30000)
  to   space 4224K,   0% used [0x0000000087b30000, 0x0000000087b30000, 0x0000000087f50000)
 concurrent mark-sweep generation total 84672K, used 24479K [0x000000009a2c0000, 0x000000009f570000, 0x0000000100000000)
 Metaspace       used 28921K, capacity 29858K, committed 30076K, reserved 1075200K
  class space    used 3425K, capacity 3643K, committed 3708K, reserved 1048576K
}
2021-01-18T18:01:38.892+0000: 26.231: Total time for which application threads were stopped: 0.0029259 seconds, Stopping threads took: 0.0000130 seconds
{Heap before GC invocations=72 (full 1):
 par new generation   total 38080K, used 35505K [0x0000000085600000, 0x0000000087f50000, 0x000000009a2c0000)
  eden space 33856K, 100% used [0x0000000085600000, 0x0000000087710000, 0x0000000087710000)
  from space 4224K,  39% used [0x0000000087710000, 0x00000000878ac568, 0x0000000087b30000)
  to   space 4224K,   0% used [0x0000000087b30000, 0x0000000087b30000, 0x0000000087f50000)
 concurrent mark-sweep generation total 84672K, used 24479K [0x000000009a2c0000, 0x000000009f570000, 0x0000000100000000)
 Metaspace       used 29109K, capacity 30082K, committed 30332K, reserved 1075200K
  class space    used 3451K, capacity 3675K, committed 3708K, reserved 1048576K
2021-01-18T18:01:38.940+0000: 26.278: [GC (Allocation Failure) 2021-01-18T18:01:38.940+0000: 26.278: [ParNew
Desired survivor size 2162688 bytes, new threshold 6 (max 6)
- age   1:     956280 bytes,     956280 total
- age   2:     149296 bytes,    1105576 total
- age   3:     214040 bytes,    1319616 total
: 35505K->1458K(38080K), 0.0025315 secs] 59984K->25938K(122752K), 0.0026027 secs] [Times: user=0.00 sys=0.00, real=0.00 secs] 
Heap after GC invocations=73 (full 1):
 par new generation   total 38080K, used 1458K [0x0000000085600000, 0x0000000087f50000, 0x000000009a2c0000)
  eden space 33856K,   0% used [0x0000000085600000, 0x0000000085600000, 0x0000000087710000)
  from space 4224K,  34% used [0x0000000087b30000, 0x0000000087c9cb48, 0x0000000087f50000)
  to   space 4224K,   0% used [0x0000000087710000, 0x0000000087710000, 0x0000000087b30000)
 concurrent mark-sweep generation total 84672K, used 24479K [0x000000009a2c0000, 0x000000009f570000, 0x0000000100000000)
 Metaspace       used 29109K, capacity 30082K, committed 30332K, reserved 1075200K
  class space    used 3451K, capacity 3675K, committed 3708K, reserved 1048576K
}
2021-01-18T18:01:38.942+0000: 26.281: Total time for which application threads were stopped: 0.0027075 seconds, Stopping threads took: 0.0000121 seconds
{Heap before GC invocations=73 (full 1):
 par new generation   total 38080K, used 35314K [0x0000000085600000, 0x0000000087f50000, 0x000000009a2c0000)
  eden space 33856K, 100% used [0x0000000085600000, 0x0000000087710000, 0x0000000087710000)
  from space 4224K,  34% used [0x0000000087b30000, 0x0000000087c9cb48, 0x0000000087f50000)
  to   space 4224K,   0% used [0x0000000087710000, 0x0000000087710000, 0x0000000087b30000)
 concurrent mark-sweep generation total 84672K, used 24479K [0x000000009a2c0000, 0x000000009f570000, 0x0000000100000000)
 Metaspace       used 29279K, capacity 30256K, committed 30332K, reserved 1075200K
  class space    used 3476K, capacity 3708K, committed 3708K, reserved 1048576K
2021-01-18T18:01:38.995+0000: 26.334: [GC (Allocation Failure) 2021-01-18T18:01:38.996+0000: 26.334: [ParNew
Desired survivor size 2162688 bytes, new threshold 6 (max 6)
- age   1:    1247296 bytes,    1247296 total
- age   2:      68608 bytes,    1315904 total
- age   3:     149000 bytes,    1464904 total
- age   4:     213768 bytes,    1678672 total
: 35314K->1986K(38080K), 0.0033882 secs] 59794K->26465K(122752K), 0.0034512 secs] [Times: user=0.01 sys=0.00, real=0.01 secs] 
Heap after GC invocations=74 (full 1):
 par new generation   total 38080K, used 1986K [0x0000000085600000, 0x0000000087f50000, 0x000000009a2c0000)
  eden space 33856K,   0% used [0x0000000085600000, 0x0000000085600000, 0x0000000087710000)
  from space 4224K,  47% used [0x0000000087710000, 0x0000000087900958, 0x0000000087b30000)
  to   space 4224K,   0% used [0x0000000087b30000, 0x0000000087b30000, 0x0000000087f50000)
 concurrent mark-sweep generation total 84672K, used 24479K [0x000000009a2c0000, 0x000000009f570000, 0x0000000100000000)
 Metaspace       used 29279K, capacity 30256K, committed 30332K, reserved 1075200K
  class space    used 3476K, capacity 3708K, committed 3708K, reserved 1048576K
}
2021-01-18T18:01:38.999+0000: 26.337: Total time for which application threads were stopped: 0.0035793 seconds, Stopping threads took: 0.0000243 seconds
{Heap before GC invocations=74 (full 1):
 par new generation   total 38080K, used 35842K [0x0000000085600000, 0x0000000087f50000, 0x000000009a2c0000)
  eden space 33856K, 100% used [0x0000000085600000, 0x0000000087710000, 0x0000000087710000)
  from space 4224K,  47% used [0x0000000087710000, 0x0000000087900958, 0x0000000087b30000)
  to   space 4224K,   0% used [0x0000000087b30000, 0x0000000087b30000, 0x0000000087f50000)
 concurrent mark-sweep generation total 84672K, used 24479K [0x000000009a2c0000, 0x000000009f570000, 0x0000000100000000)
 Metaspace       used 29430K, capacity 30472K, committed 30716K, reserved 1077248K
  class space    used 3506K, capacity 3750K, committed 3836K, reserved 1048576K
2021-01-18T18:01:39.076+0000: 26.415: [GC (Allocation Failure) 2021-01-18T18:01:39.077+0000: 26.415: [ParNew
Desired survivor size 2162688 bytes, new threshold 5 (max 6)
- age   1:    1775064 bytes,    1775064 total
- age   2:     114736 bytes,    1889800 total
- age   3:      67544 bytes,    1957344 total
- age   4:     148784 bytes,    2106128 total
- age   5:     213408 bytes,    2319536 total
: 35842K->2463K(38080K), 0.0080159 secs] 60321K->26943K(122752K), 0.0080962 secs] [Times: user=0.03 sys=0.00, real=0.01 secs] 
Heap after GC invocations=75 (full 1):
 par new generation   total 38080K, used 2463K [0x0000000085600000, 0x0000000087f50000, 0x000000009a2c0000)
  eden space 33856K,   0% used [0x0000000085600000, 0x0000000085600000, 0x0000000087710000)
  from space 4224K,  58% used [0x0000000087b30000, 0x0000000087d97f50, 0x0000000087f50000)
  to   space 4224K,   0% used [0x0000000087710000, 0x0000000087710000, 0x0000000087b30000)
 concurrent mark-sweep generation total 84672K, used 24479K [0x000000009a2c0000, 0x000000009f570000, 0x0000000100000000)
 Metaspace       used 29430K, capacity 30472K, committed 30716K, reserved 1077248K
  class space    used 3506K, capacity 3750K, committed 3836K, reserved 1048576K
}
2021-01-18T18:01:39.085+0000: 26.423: Total time for which application threads were stopped: 0.0082861 seconds, Stopping threads took: 0.0000247 seconds
{Heap before GC invocations=75 (full 1):
 par new generation   total 38080K, used 36319K [0x0000000085600000, 0x0000000087f50000, 0x000000009a2c0000)
  eden space 33856K, 100% used [0x0000000085600000, 0x0000000087710000, 0x0000000087710000)
  from space 4224K,  58% used [0x0000000087b30000, 0x0000000087d97f50, 0x0000000087f50000)
  to   space 4224K,   0% used [0x0000000087710000, 0x0000000087710000, 0x0000000087b30000)
 concurrent mark-sweep generation total 84672K, used 24479K [0x000000009a2c0000, 0x000000009f570000, 0x0000000100000000)
 Metaspace       used 29613K, capacity 30622K, committed 30972K, reserved 1077248K
  class space    used 3526K, capacity 3755K, committed 3836K, reserved 1048576K
2021-01-18T18:01:39.183+0000: 26.522: [GC (Allocation Failure) 2021-01-18T18:01:39.183+0000: 26.522: [ParNew
Desired survivor size 2162688 bytes, new threshold 6 (max 6)
- age   1:    1580168 bytes,    1580168 total
- age   2:     171728 bytes,    1751896 total
- age   3:     113632 bytes,    1865528 total
- age   4:      67544 bytes,    1933072 total
- age   5:     148784 bytes,    2081856 total
: 36319K->2559K(38080K), 0.0044787 secs] 60799K->27260K(122752K), 0.0045380 secs] [Times: user=0.01 sys=0.00, real=0.01 secs] 
Heap after GC invocations=76 (full 1):
 par new generation   total 38080K, used 2559K [0x0000000085600000, 0x0000000087f50000, 0x000000009a2c0000)
  eden space 33856K,   0% used [0x0000000085600000, 0x0000000085600000, 0x0000000087710000)
  from space 4224K,  60% used [0x0000000087710000, 0x000000008798ff98, 0x0000000087b30000)
  to   space 4224K,   0% used [0x0000000087b30000, 0x0000000087b30000, 0x0000000087f50000)
 concurrent mark-sweep generation total 84672K, used 24700K [0x000000009a2c0000, 0x000000009f570000, 0x0000000100000000)
 Metaspace       used 29613K, capacity 30622K, committed 30972K, reserved 1077248K
  class space    used 3526K, capacity 3755K, committed 3836K, reserved 1048576K
}
2021-01-18T18:01:39.188+0000: 26.527: Total time for which application threads were stopped: 0.0046864 seconds, Stopping threads took: 0.0000259 seconds
{Heap before GC invocations=76 (full 1):
 par new generation   total 38080K, used 36415K [0x0000000085600000, 0x0000000087f50000, 0x000000009a2c0000)
  eden space 33856K, 100% used [0x0000000085600000, 0x0000000087710000, 0x0000000087710000)
  from space 4224K,  60% used [0x0000000087710000, 0x000000008798ff98, 0x0000000087b30000)
  to   space 4224K,   0% used [0x0000000087b30000, 0x0000000087b30000, 0x0000000087f50000)
 concurrent mark-sweep generation total 84672K, used 24700K [0x000000009a2c0000, 0x000000009f570000, 0x0000000100000000)
 Metaspace       used 30313K, capacity 31332K, committed 31484K, reserved 1077248K
  class space    used 3590K, capacity 3820K, committed 3836K, reserved 1048576K
2021-01-18T18:01:40.166+0000: 27.504: [GC (Allocation Failure) 2021-01-18T18:01:40.166+0000: 27.504: [ParNew
Desired survivor size 2162688 bytes, new threshold 5 (max 6)
- age   1:    1606976 bytes,    1606976 total
- age   2:     239568 bytes,    1846544 total
- age   3:     169648 bytes,    2016192 total
- age   4:     113632 bytes,    2129824 total
- age   5:      67544 bytes,    2197368 total
- age   6:     148784 bytes,    2346152 total
: 36415K->2566K(38080K), 0.0071020 secs] 61116K->27267K(122752K), 0.0071818 secs] [Times: user=0.02 sys=0.00, real=0.01 secs] 
Heap after GC invocations=77 (full 1):
 par new generation   total 38080K, used 2566K [0x0000000085600000, 0x0000000087f50000, 0x000000009a2c0000)
  eden space 33856K,   0% used [0x0000000085600000, 0x0000000085600000, 0x0000000087710000)
  from space 4224K,  60% used [0x0000000087b30000, 0x0000000087db1a70, 0x0000000087f50000)
  to   space 4224K,   0% used [0x0000000087710000, 0x0000000087710000, 0x0000000087b30000)
 concurrent mark-sweep generation total 84672K, used 24700K [0x000000009a2c0000, 0x000000009f570000, 0x0000000100000000)
 Metaspace       used 30313K, capacity 31332K, committed 31484K, reserved 1077248K
  class space    used 3590K, capacity 3820K, committed 3836K, reserved 1048576K
}
2021-01-18T18:01:40.173+0000: 27.512: Total time for which application threads were stopped: 0.0074292 seconds, Stopping threads took: 0.0001093 seconds
{Heap before GC invocations=77 (full 1):
 par new generation   total 38080K, used 36422K [0x0000000085600000, 0x0000000087f50000, 0x000000009a2c0000)
  eden space 33856K, 100% used [0x0000000085600000, 0x0000000087710000, 0x0000000087710000)
  from space 4224K,  60% used [0x0000000087b30000, 0x0000000087db1a70, 0x0000000087f50000)
  to   space 4224K,   0% used [0x0000000087710000, 0x0000000087710000, 0x0000000087b30000)
 concurrent mark-sweep generation total 84672K, used 24700K [0x000000009a2c0000, 0x000000009f570000, 0x0000000100000000)
 Metaspace       used 30407K, capacity 31420K, committed 31484K, reserved 1077248K
  class space    used 3604K, capacity 3824K, committed 3836K, reserved 1048576K
2021-01-18T18:01:40.276+0000: 27.614: [GC (Allocation Failure) 2021-01-18T18:01:40.276+0000: 27.614: [ParNew
Desired survivor size 2162688 bytes, new threshold 6 (max 6)
- age   1:    1381624 bytes,    1381624 total
- age   2:     147944 bytes,    1529568 total
- age   3:     234304 bytes,    1763872 total
- age   4:     163736 bytes,    1927608 total
- age   5:     113632 bytes,    2041240 total
: 36422K->2692K(38080K), 0.0041489 secs] 61123K->27615K(122752K), 0.0042129 secs] [Times: user=0.01 sys=0.01, real=0.01 secs] 
Heap after GC invocations=78 (full 1):
 par new generation   total 38080K, used 2692K [0x0000000085600000, 0x0000000087f50000, 0x000000009a2c0000)
  eden space 33856K,   0% used [0x0000000085600000, 0x0000000085600000, 0x0000000087710000)
  from space 4224K,  63% used [0x0000000087710000, 0x00000000879b1248, 0x0000000087b30000)
  to   space 4224K,   0% used [0x0000000087b30000, 0x0000000087b30000, 0x0000000087f50000)
 concurrent mark-sweep generation total 84672K, used 24923K [0x000000009a2c0000, 0x000000009f570000, 0x0000000100000000)
 Metaspace       used 30407K, capacity 31420K, committed 31484K, reserved 1077248K
  class space    used 3604K, capacity 3824K, committed 3836K, reserved 1048576K
}
2021-01-18T18:01:40.280+0000: 27.619: Total time for which application threads were stopped: 0.0043630 seconds, Stopping threads took: 0.0000235 seconds
{Heap before GC invocations=78 (full 1):
 par new generation   total 38080K, used 36548K [0x0000000085600000, 0x0000000087f50000, 0x000000009a2c0000)
  eden space 33856K, 100% used [0x0000000085600000, 0x0000000087710000, 0x0000000087710000)
  from space 4224K,  63% used [0x0000000087710000, 0x00000000879b1248, 0x0000000087b30000)
  to   space 4224K,   0% used [0x0000000087b30000, 0x0000000087b30000, 0x0000000087f50000)
 concurrent mark-sweep generation total 84672K, used 24923K [0x000000009a2c0000, 0x000000009f570000, 0x0000000100000000)
 Metaspace       used 30468K, capacity 31522K, committed 31868K, reserved 1077248K
  class space    used 3613K, capacity 3857K, committed 3964K, reserved 1048576K
2021-01-18T18:01:40.448+0000: 27.787: [GC (Allocation Failure) 2021-01-18T18:01:40.448+0000: 27.787: [ParNew
Desired survivor size 2162688 bytes, new threshold 4 (max 6)
- age   1:    1645736 bytes,    1645736 total
- age   2:     242128 bytes,    1887864 total
- age   3:     141616 bytes,    2029480 total
- age   4:     233408 bytes,    2262888 total
- age   5:     163784 bytes,    2426672 total
- age   6:     113656 bytes,    2540328 total
: 36548K->2801K(38080K), 0.0115450 secs] 61471K->27724K(122752K), 0.0116610 secs] [Times: user=0.04 sys=0.00, real=0.01 secs] 
Heap after GC invocations=79 (full 1):
 par new generation   total 38080K, used 2801K [0x0000000085600000, 0x0000000087f50000, 0x000000009a2c0000)
  eden space 33856K,   0% used [0x0000000085600000, 0x0000000085600000, 0x0000000087710000)
  from space 4224K,  66% used [0x0000000087b30000, 0x0000000087dec578, 0x0000000087f50000)
  to   space 4224K,   0% used [0x0000000087710000, 0x0000000087710000, 0x0000000087b30000)
 concurrent mark-sweep generation total 84672K, used 24923K [0x000000009a2c0000, 0x000000009f570000, 0x0000000100000000)
 Metaspace       used 30468K, capacity 31522K, committed 31868K, reserved 1077248K
  class space    used 3613K, capacity 3857K, committed 3964K, reserved 1048576K
}
2021-01-18T18:01:40.460+0000: 27.798: Total time for which application threads were stopped: 0.0120114 seconds, Stopping threads took: 0.0001153 seconds
{Heap before GC invocations=79 (full 1):
 par new generation   total 38080K, used 36657K [0x0000000085600000, 0x0000000087f50000, 0x000000009a2c0000)
  eden space 33856K, 100% used [0x0000000085600000, 0x0000000087710000, 0x0000000087710000)
  from space 4224K,  66% used [0x0000000087b30000, 0x0000000087dec578, 0x0000000087f50000)
  to   space 4224K,   0% used [0x0000000087710000, 0x0000000087710000, 0x0000000087b30000)
 concurrent mark-sweep generation total 84672K, used 24923K [0x000000009a2c0000, 0x000000009f570000, 0x0000000100000000)
 Metaspace       used 30534K, capacity 31592K, committed 31868K, reserved 1077248K
  class space    used 3621K, capacity 3858K, committed 3964K, reserved 1048576K
2021-01-18T18:01:40.582+0000: 27.920: [GC (Allocation Failure) 2021-01-18T18:01:40.582+0000: 27.920: [ParNew
Desired survivor size 2162688 bytes, new threshold 3 (max 6)
- age   1:    1856648 bytes,    1856648 total
- age   2:     208776 bytes,    2065424 total
- age   3:     235088 bytes,    2300512 total
- age   4:     140320 bytes,    2440832 total
: 36657K->2782K(38080K), 0.0083531 secs] 61580K->28215K(122752K), 0.0084187 secs] [Times: user=0.03 sys=0.00, real=0.01 secs] 
Heap after GC invocations=80 (full 1):
 par new generation   total 38080K, used 2782K [0x0000000085600000, 0x0000000087f50000, 0x000000009a2c0000)
  eden space 33856K,   0% used [0x0000000085600000, 0x0000000085600000, 0x0000000087710000)
  from space 4224K,  65% used [0x0000000087710000, 0x00000000879c7b98, 0x0000000087b30000)
  to   space 4224K,   0% used [0x0000000087b30000, 0x0000000087b30000, 0x0000000087f50000)
 concurrent mark-sweep generation total 84672K, used 25432K [0x000000009a2c0000, 0x000000009f570000, 0x0000000100000000)
 Metaspace       used 30534K, capacity 31592K, committed 31868K, reserved 1077248K
  class space    used 3621K, capacity 3858K, committed 3964K, reserved 1048576K
}
2021-01-18T18:01:40.590+0000: 27.929: Total time for which application threads were stopped: 0.0085664 seconds, Stopping threads took: 0.0000184 seconds
{Heap before GC invocations=80 (full 1):
 par new generation   total 38080K, used 36638K [0x0000000085600000, 0x0000000087f50000, 0x000000009a2c0000)
  eden space 33856K, 100% used [0x0000000085600000, 0x0000000087710000, 0x0000000087710000)
  from space 4224K,  65% used [0x0000000087710000, 0x00000000879c7b98, 0x0000000087b30000)
  to   space 4224K,   0% used [0x0000000087b30000, 0x0000000087b30000, 0x0000000087f50000)
 concurrent mark-sweep generation total 84672K, used 25432K [0x000000009a2c0000, 0x000000009f570000, 0x0000000100000000)
 Metaspace       used 30620K, capacity 31680K, committed 31868K, reserved 1077248K
  class space    used 3637K, capacity 3866K, committed 3964K, reserved 1048576K
2021-01-18T18:01:40.678+0000: 28.016: [GC (Allocation Failure) 2021-01-18T18:01:40.678+0000: 28.016: [ParNew
Desired survivor size 2162688 bytes, new threshold 3 (max 6)
- age   1:    1782112 bytes,    1782112 total
- age   2:     216536 bytes,    1998648 total
- age   3:     207112 bytes,    2205760 total
: 36638K->2593K(38080K), 0.0100652 secs] 62071K->28399K(122752K), 0.0101489 secs] [Times: user=0.03 sys=0.00, real=0.02 secs] 
Heap after GC invocations=81 (full 1):
 par new generation   total 38080K, used 2593K [0x0000000085600000, 0x0000000087f50000, 0x000000009a2c0000)
  eden space 33856K,   0% used [0x0000000085600000, 0x0000000085600000, 0x0000000087710000)
  from space 4224K,  61% used [0x0000000087b30000, 0x0000000087db8428, 0x0000000087f50000)
  to   space 4224K,   0% used [0x0000000087710000, 0x0000000087710000, 0x0000000087b30000)
 concurrent mark-sweep generation total 84672K, used 25806K [0x000000009a2c0000, 0x000000009f570000, 0x0000000100000000)
 Metaspace       used 30620K, capacity 31680K, committed 31868K, reserved 1077248K
  class space    used 3637K, capacity 3866K, committed 3964K, reserved 1048576K
}
2021-01-18T18:01:40.688+0000: 28.027: Total time for which application threads were stopped: 0.0103018 seconds, Stopping threads took: 0.0000227 seconds
{Heap before GC invocations=81 (full 1):
 par new generation   total 38080K, used 36449K [0x0000000085600000, 0x0000000087f50000, 0x000000009a2c0000)
  eden space 33856K, 100% used [0x0000000085600000, 0x0000000087710000, 0x0000000087710000)
  from space 4224K,  61% used [0x0000000087b30000, 0x0000000087db8428, 0x0000000087f50000)
  to   space 4224K,   0% used [0x0000000087710000, 0x0000000087710000, 0x0000000087b30000)
 concurrent mark-sweep generation total 84672K, used 25806K [0x000000009a2c0000, 0x000000009f570000, 0x0000000100000000)
 Metaspace       used 30726K, capacity 31776K, committed 31868K, reserved 1077248K
  class space    used 3648K, capacity 3898K, committed 3964K, reserved 1048576K
2021-01-18T18:01:40.767+0000: 28.105: [GC (Allocation Failure) 2021-01-18T18:01:40.767+0000: 28.105: [ParNew
Desired survivor size 2162688 bytes, new threshold 6 (max 6)
- age   1:    1516648 bytes,    1516648 total
- age   2:     229128 bytes,    1745776 total
- age   3:     206472 bytes,    1952248 total
: 36449K->2057K(38080K), 0.0041526 secs] 62255K->28064K(122752K), 0.0042104 secs] [Times: user=0.01 sys=0.00, real=0.00 secs] 
Heap after GC invocations=82 (full 1):
 par new generation   total 38080K, used 2057K [0x0000000085600000, 0x0000000087f50000, 0x000000009a2c0000)
  eden space 33856K,   0% used [0x0000000085600000, 0x0000000085600000, 0x0000000087710000)
  from space 4224K,  48% used [0x0000000087710000, 0x0000000087912528, 0x0000000087b30000)
  to   space 4224K,   0% used [0x0000000087b30000, 0x0000000087b30000, 0x0000000087f50000)
 concurrent mark-sweep generation total 84672K, used 26007K [0x000000009a2c0000, 0x000000009f570000, 0x0000000100000000)
 Metaspace       used 30726K, capacity 31776K, committed 31868K, reserved 1077248K
  class space    used 3648K, capacity 3898K, committed 3964K, reserved 1048576K
}
2021-01-18T18:01:40.771+0000: 28.110: Total time for which application threads were stopped: 0.0043228 seconds, Stopping threads took: 0.0000174 seconds
2021-01-18T18:01:40.791+0000: 28.129: Total time for which application threads were stopped: 0.0003620 seconds, Stopping threads took: 0.0000203 seconds
{Heap before GC invocations=82 (full 1):
 par new generation   total 38080K, used 35913K [0x0000000085600000, 0x0000000087f50000, 0x000000009a2c0000)
  eden space 33856K, 100% used [0x0000000085600000, 0x0000000087710000, 0x0000000087710000)
  from space 4224K,  48% used [0x0000000087710000, 0x0000000087912528, 0x0000000087b30000)
  to   space 4224K,   0% used [0x0000000087b30000, 0x0000000087b30000, 0x0000000087f50000)
 concurrent mark-sweep generation total 84672K, used 26007K [0x000000009a2c0000, 0x000000009f570000, 0x0000000100000000)
 Metaspace       used 30922K, capacity 31980K, committed 32124K, reserved 1077248K
  class space    used 3681K, capacity 3938K, committed 3964K, reserved 1048576K
2021-01-18T18:01:40.864+0000: 28.202: [GC (Allocation Failure) 2021-01-18T18:01:40.864+0000: 28.202: [ParNew
Desired survivor size 2162688 bytes, new threshold 6 (max 6)
- age   1:    1469072 bytes,    1469072 total
- age   2:     128736 bytes,    1597808 total
- age   3:     227440 bytes,    1825248 total
- age   4:     205640 bytes,    2030888 total
: 35913K->2186K(38080K), 0.0054833 secs] 61920K->28193K(122752K), 0.0055589 secs] [Times: user=0.01 sys=0.00, real=0.01 secs] 
Heap after GC invocations=83 (full 1):
 par new generation   total 38080K, used 2186K [0x0000000085600000, 0x0000000087f50000, 0x000000009a2c0000)
  eden space 33856K,   0% used [0x0000000085600000, 0x0000000085600000, 0x0000000087710000)
  from space 4224K,  51% used [0x0000000087b30000, 0x0000000087d52850, 0x0000000087f50000)
  to   space 4224K,   0% used [0x0000000087710000, 0x0000000087710000, 0x0000000087b30000)
 concurrent mark-sweep generation total 84672K, used 26007K [0x000000009a2c0000, 0x000000009f570000, 0x0000000100000000)
 Metaspace       used 30922K, capacity 31980K, committed 32124K, reserved 1077248K
  class space    used 3681K, capacity 3938K, committed 3964K, reserved 1048576K
}
2021-01-18T18:01:40.869+0000: 28.208: Total time for which application threads were stopped: 0.0057373 seconds, Stopping threads took: 0.0000194 seconds
{Heap before GC invocations=83 (full 1):
 par new generation   total 38080K, used 36042K [0x0000000085600000, 0x0000000087f50000, 0x000000009a2c0000)
  eden space 33856K, 100% used [0x0000000085600000, 0x0000000087710000, 0x0000000087710000)
  from space 4224K,  51% used [0x0000000087b30000, 0x0000000087d52850, 0x0000000087f50000)
  to   space 4224K,   0% used [0x0000000087710000, 0x0000000087710000, 0x0000000087b30000)
 concurrent mark-sweep generation total 84672K, used 26007K [0x000000009a2c0000, 0x000000009f570000, 0x0000000100000000)
 Metaspace       used 31213K, capacity 32298K, committed 32508K, reserved 1077248K
  class space    used 3725K, capacity 3975K, committed 4092K, reserved 1048576K
2021-01-18T18:01:40.961+0000: 28.299: [GC (Allocation Failure) 2021-01-18T18:01:40.961+0000: 28.299: [ParNew
Desired survivor size 2162688 bytes, new threshold 3 (max 6)
- age   1:    1856304 bytes,    1856304 total
- age   2:     217376 bytes,    2073680 total
- age   3:     127904 bytes,    2201584 total
- age   4:     225296 bytes,    2426880 total
- age   5:     205584 bytes,    2632464 total
: 36042K->3196K(38080K), 0.0044826 secs] 62049K->29203K(122752K), 0.0045435 secs] [Times: user=0.01 sys=0.00, real=0.00 secs] 
Heap after GC invocations=84 (full 1):
 par new generation   total 38080K, used 3196K [0x0000000085600000, 0x0000000087f50000, 0x000000009a2c0000)
  eden space 33856K,   0% used [0x0000000085600000, 0x0000000085600000, 0x0000000087710000)
  from space 4224K,  75% used [0x0000000087710000, 0x0000000087a2f108, 0x0000000087b30000)
  to   space 4224K,   0% used [0x0000000087b30000, 0x0000000087b30000, 0x0000000087f50000)
 concurrent mark-sweep generation total 84672K, used 26007K [0x000000009a2c0000, 0x000000009f570000, 0x0000000100000000)
 Metaspace       used 31213K, capacity 32298K, committed 32508K, reserved 1077248K
  class space    used 3725K, capacity 3975K, committed 4092K, reserved 1048576K
}
2021-01-18T18:01:40.965+0000: 28.304: Total time for which application threads were stopped: 0.0046639 seconds, Stopping threads took: 0.0000127 seconds
2021-01-18T18:01:40.989+0000: 28.327: Total time for which application threads were stopped: 0.0002925 seconds, Stopping threads took: 0.0000105 seconds
2021-01-18T18:01:41.044+0000: 28.382: Total time for which application threads were stopped: 0.0008620 seconds, Stopping threads took: 0.0000304 seconds
{Heap before GC invocations=84 (full 1):
 par new generation   total 38080K, used 37052K [0x0000000085600000, 0x0000000087f50000, 0x000000009a2c0000)
  eden space 33856K, 100% used [0x0000000085600000, 0x0000000087710000, 0x0000000087710000)
  from space 4224K,  75% used [0x0000000087710000, 0x0000000087a2f108, 0x0000000087b30000)
  to   space 4224K,   0% used [0x0000000087b30000, 0x0000000087b30000, 0x0000000087f50000)
 concurrent mark-sweep generation total 84672K, used 26007K [0x000000009a2c0000, 0x000000009f570000, 0x0000000100000000)
 Metaspace       used 31665K, capacity 32820K, committed 33020K, reserved 1079296K
  class space    used 3780K, capacity 4044K, committed 4092K, reserved 1048576K
2021-01-18T18:01:41.116+0000: 28.454: [GC (Allocation Failure) 2021-01-18T18:01:41.116+0000: 28.454: [ParNew
Desired survivor size 2162688 bytes, new threshold 1 (max 6)
- age   1:    2253624 bytes,    2253624 total
- age   2:     149640 bytes,    2403264 total
- age   3:     214064 bytes,    2617328 total
: 37052K->2867K(38080K), 0.0061869 secs] 63059K->29423K(122752K), 0.0062612 secs] [Times: user=0.01 sys=0.00, real=0.01 secs] 
Heap after GC invocations=85 (full 1):
 par new generation   total 38080K, used 2867K [0x0000000085600000, 0x0000000087f50000, 0x000000009a2c0000)
  eden space 33856K,   0% used [0x0000000085600000, 0x0000000085600000, 0x0000000087710000)
  from space 4224K,  67% used [0x0000000087b30000, 0x0000000087dfcdc8, 0x0000000087f50000)
  to   space 4224K,   0% used [0x0000000087710000, 0x0000000087710000, 0x0000000087b30000)
 concurrent mark-sweep generation total 84672K, used 26556K [0x000000009a2c0000, 0x000000009f570000, 0x0000000100000000)
 Metaspace       used 31665K, capacity 32820K, committed 33020K, reserved 1079296K
  class space    used 3780K, capacity 4044K, committed 4092K, reserved 1048576K
}
2021-01-18T18:01:41.122+0000: 28.461: Total time for which application threads were stopped: 0.0063846 seconds, Stopping threads took: 0.0000164 seconds
2021-01-18T18:01:41.150+0000: 28.489: Total time for which application threads were stopped: 0.0003159 seconds, Stopping threads took: 0.0000126 seconds
{Heap before GC invocations=85 (full 1):
 par new generation   total 38080K, used 36723K [0x0000000085600000, 0x0000000087f50000, 0x000000009a2c0000)
  eden space 33856K, 100% used [0x0000000085600000, 0x0000000087710000, 0x0000000087710000)
  from space 4224K,  67% used [0x0000000087b30000, 0x0000000087dfcdc8, 0x0000000087f50000)
  to   space 4224K,   0% used [0x0000000087710000, 0x0000000087710000, 0x0000000087b30000)
 concurrent mark-sweep generation total 84672K, used 26556K [0x000000009a2c0000, 0x000000009f570000, 0x0000000100000000)
 Metaspace       used 32066K, capacity 33382K, committed 33660K, reserved 1079296K
  class space    used 3844K, capacity 4105K, committed 4220K, reserved 1048576K
2021-01-18T18:01:41.233+0000: 28.571: [GC (Allocation Failure) 2021-01-18T18:01:41.233+0000: 28.571: [ParNew
Desired survivor size 2162688 bytes, new threshold 6 (max 6)
- age   1:    1441024 bytes,    1441024 total
: 36723K->1810K(38080K), 0.0047664 secs] 63279K->28864K(122752K), 0.0048227 secs] [Times: user=0.02 sys=0.00, real=0.00 secs] 
Heap after GC invocations=86 (full 1):
 par new generation   total 38080K, used 1810K [0x0000000085600000, 0x0000000087f50000, 0x000000009a2c0000)
  eden space 33856K,   0% used [0x0000000085600000, 0x0000000085600000, 0x0000000087710000)
  from space 4224K,  42% used [0x0000000087710000, 0x00000000878d4910, 0x0000000087b30000)
  to   space 4224K,   0% used [0x0000000087b30000, 0x0000000087b30000, 0x0000000087f50000)
 concurrent mark-sweep generation total 84672K, used 27054K [0x000000009a2c0000, 0x000000009f570000, 0x0000000100000000)
 Metaspace       used 32066K, capacity 33382K, committed 33660K, reserved 1079296K
  class space    used 3844K, capacity 4105K, committed 4220K, reserved 1048576K
}
2021-01-18T18:01:41.238+0000: 28.576: Total time for which application threads were stopped: 0.0049714 seconds, Stopping threads took: 0.0000169 seconds
{Heap before GC invocations=86 (full 1):
 par new generation   total 38080K, used 35666K [0x0000000085600000, 0x0000000087f50000, 0x000000009a2c0000)
  eden space 33856K, 100% used [0x0000000085600000, 0x0000000087710000, 0x0000000087710000)
  from space 4224K,  42% used [0x0000000087710000, 0x00000000878d4910, 0x0000000087b30000)
  to   space 4224K,   0% used [0x0000000087b30000, 0x0000000087b30000, 0x0000000087f50000)
 concurrent mark-sweep generation total 84672K, used 27054K [0x000000009a2c0000, 0x000000009f570000, 0x0000000100000000)
 Metaspace       used 32271K, capacity 33548K, committed 33660K, reserved 1079296K
  class space    used 3873K, capacity 4138K, committed 4220K, reserved 1048576K
2021-01-18T18:01:41.334+0000: 28.673: [GC (Allocation Failure) 2021-01-18T18:01:41.334+0000: 28.673: [ParNew
Desired survivor size 2162688 bytes, new threshold 2 (max 6)
- age   1:    2129280 bytes,    2129280 total
- age   2:     259216 bytes,    2388496 total
: 35666K->2448K(38080K), 0.0048411 secs] 62720K->29502K(122752K), 0.0049049 secs] [Times: user=0.01 sys=0.00, real=0.01 secs] 
Heap after GC invocations=87 (full 1):
 par new generation   total 38080K, used 2448K [0x0000000085600000, 0x0000000087f50000, 0x000000009a2c0000)
  eden space 33856K,   0% used [0x0000000085600000, 0x0000000085600000, 0x0000000087710000)
  from space 4224K,  57% used [0x0000000087b30000, 0x0000000087d940d0, 0x0000000087f50000)
  to   space 4224K,   0% used [0x0000000087710000, 0x0000000087710000, 0x0000000087b30000)
 concurrent mark-sweep generation total 84672K, used 27054K [0x000000009a2c0000, 0x000000009f570000, 0x0000000100000000)
 Metaspace       used 32271K, capacity 33548K, committed 33660K, reserved 1079296K
  class space    used 3873K, capacity 4138K, committed 4220K, reserved 1048576K
}
2021-01-18T18:01:41.339+0000: 28.678: Total time for which application threads were stopped: 0.0050330 seconds, Stopping threads took: 0.0000110 seconds
{Heap before GC invocations=87 (full 1):
 par new generation   total 38080K, used 36304K [0x0000000085600000, 0x0000000087f50000, 0x000000009a2c0000)
  eden space 33856K, 100% used [0x0000000085600000, 0x0000000087710000, 0x0000000087710000)
  from space 4224K,  57% used [0x0000000087b30000, 0x0000000087d940d0, 0x0000000087f50000)
  to   space 4224K,   0% used [0x0000000087710000, 0x0000000087710000, 0x0000000087b30000)
 concurrent mark-sweep generation total 84672K, used 27054K [0x000000009a2c0000, 0x000000009f570000, 0x0000000100000000)
 Metaspace       used 32462K, capacity 33776K, committed 33916K, reserved 1079296K
  class space    used 3894K, capacity 4170K, committed 4220K, reserved 1048576K
2021-01-18T18:01:41.416+0000: 28.755: [GC (Allocation Failure) 2021-01-18T18:01:41.416+0000: 28.755: [ParNew
Desired survivor size 2162688 bytes, new threshold 1 (max 6)
- age   1:    3640784 bytes,    3640784 total
- age   2:     192576 bytes,    3833360 total
: 36304K->4188K(38080K), 0.0101079 secs] 63358K->31497K(122752K), 0.0101741 secs] [Times: user=0.03 sys=0.00, real=0.02 secs] 
Heap after GC invocations=88 (full 1):
 par new generation   total 38080K, used 4188K [0x0000000085600000, 0x0000000087f50000, 0x000000009a2c0000)
  eden space 33856K,   0% used [0x0000000085600000, 0x0000000085600000, 0x0000000087710000)
  from space 4224K,  99% used [0x0000000087710000, 0x0000000087b27330, 0x0000000087b30000)
  to   space 4224K,   0% used [0x0000000087b30000, 0x0000000087b30000, 0x0000000087f50000)
 concurrent mark-sweep generation total 84672K, used 27308K [0x000000009a2c0000, 0x000000009f570000, 0x0000000100000000)
 Metaspace       used 32462K, capacity 33776K, committed 33916K, reserved 1079296K
  class space    used 3894K, capacity 4170K, committed 4220K, reserved 1048576K
}
2021-01-18T18:01:41.426+0000: 28.765: Total time for which application threads were stopped: 0.0103211 seconds, Stopping threads took: 0.0000201 seconds
{Heap before GC invocations=88 (full 1):
 par new generation   total 38080K, used 38044K [0x0000000085600000, 0x0000000087f50000, 0x000000009a2c0000)
  eden space 33856K, 100% used [0x0000000085600000, 0x0000000087710000, 0x0000000087710000)
  from space 4224K,  99% used [0x0000000087710000, 0x0000000087b27330, 0x0000000087b30000)
  to   space 4224K,   0% used [0x0000000087b30000, 0x0000000087b30000, 0x0000000087f50000)
 concurrent mark-sweep generation total 84672K, used 27308K [0x000000009a2c0000, 0x000000009f570000, 0x0000000100000000)
 Metaspace       used 32623K, capacity 33926K, committed 34172K, reserved 1079296K
  class space    used 3915K, capacity 4173K, committed 4220K, reserved 1048576K
2021-01-18T18:01:41.505+0000: 28.843: [GC (Allocation Failure) 2021-01-18T18:01:41.505+0000: 28.843: [ParNew
Desired survivor size 2162688 bytes, new threshold 1 (max 6)
- age   1:    3531408 bytes,    3531408 total
: 38044K->3801K(38080K), 0.0103837 secs] 65353K->31461K(122752K), 0.0104558 secs] [Times: user=0.02 sys=0.01, real=0.01 secs] 
Heap after GC invocations=89 (full 1):
 par new generation   total 38080K, used 3801K [0x0000000085600000, 0x0000000087f50000, 0x000000009a2c0000)
  eden space 33856K,   0% used [0x0000000085600000, 0x0000000085600000, 0x0000000087710000)
  from space 4224K,  89% used [0x0000000087b30000, 0x0000000087ee64f8, 0x0000000087f50000)
  to   space 4224K,   0% used [0x0000000087710000, 0x0000000087710000, 0x0000000087b30000)
 concurrent mark-sweep generation total 84672K, used 27659K [0x000000009a2c0000, 0x000000009f570000, 0x0000000100000000)
 Metaspace       used 32623K, capacity 33926K, committed 34172K, reserved 1079296K
  class space    used 3915K, capacity 4173K, committed 4220K, reserved 1048576K
}
2021-01-18T18:01:41.515+0000: 28.854: Total time for which application threads were stopped: 0.0105864 seconds, Stopping threads took: 0.0000190 seconds
{Heap before GC invocations=89 (full 1):
 par new generation   total 38080K, used 37657K [0x0000000085600000, 0x0000000087f50000, 0x000000009a2c0000)
  eden space 33856K, 100% used [0x0000000085600000, 0x0000000087710000, 0x0000000087710000)
  from space 4224K,  89% used [0x0000000087b30000, 0x0000000087ee64f8, 0x0000000087f50000)
  to   space 4224K,   0% used [0x0000000087710000, 0x0000000087710000, 0x0000000087b30000)
 concurrent mark-sweep generation total 84672K, used 27659K [0x000000009a2c0000, 0x000000009f570000, 0x0000000100000000)
 Metaspace       used 32785K, capacity 34098K, committed 34172K, reserved 1079296K
  class space    used 3934K, capacity 4207K, committed 4220K, reserved 1048576K
2021-01-18T18:01:41.585+0000: 28.924: [GC (Allocation Failure) 2021-01-18T18:01:41.585+0000: 28.924: [ParNew
Desired survivor size 2162688 bytes, new threshold 1 (max 6)
- age   1:    3550192 bytes,    3550192 total
: 37657K->3658K(38080K), 0.0082370 secs] 65317K->31464K(122752K), 0.0082969 secs] [Times: user=0.01 sys=0.00, real=0.01 secs] 
Heap after GC invocations=90 (full 1):
 par new generation   total 38080K, used 3658K [0x0000000085600000, 0x0000000087f50000, 0x000000009a2c0000)
  eden space 33856K,   0% used [0x0000000085600000, 0x0000000085600000, 0x0000000087710000)
  from space 4224K,  86% used [0x0000000087710000, 0x0000000087aa28d8, 0x0000000087b30000)
  to   space 4224K,   0% used [0x0000000087b30000, 0x0000000087b30000, 0x0000000087f50000)
 concurrent mark-sweep generation total 84672K, used 27805K [0x000000009a2c0000, 0x000000009f570000, 0x0000000100000000)
 Metaspace       used 32785K, capacity 34098K, committed 34172K, reserved 1079296K
  class space    used 3934K, capacity 4207K, committed 4220K, reserved 1048576K
}
2021-01-18T18:01:41.593+0000: 28.932: Total time for which application threads were stopped: 0.0084071 seconds, Stopping threads took: 0.0000113 seconds
{Heap before GC invocations=90 (full 1):
 par new generation   total 38080K, used 37514K [0x0000000085600000, 0x0000000087f50000, 0x000000009a2c0000)
  eden space 33856K, 100% used [0x0000000085600000, 0x0000000087710000, 0x0000000087710000)
  from space 4224K,  86% used [0x0000000087710000, 0x0000000087aa28d8, 0x0000000087b30000)
  to   space 4224K,   0% used [0x0000000087b30000, 0x0000000087b30000, 0x0000000087f50000)
 concurrent mark-sweep generation total 84672K, used 27805K [0x000000009a2c0000, 0x000000009f570000, 0x0000000100000000)
 Metaspace       used 32909K, capacity 34162K, committed 34428K, reserved 1079296K
  class space    used 3950K, capacity 4207K, committed 4220K, reserved 1048576K
2021-01-18T18:01:41.661+0000: 29.000: [GC (Allocation Failure) 2021-01-18T18:01:41.661+0000: 29.000: [ParNew
Desired survivor size 2162688 bytes, new threshold 1 (max 6)
- age   1:    3232392 bytes,    3232392 total
: 37514K->3222K(38080K), 0.0081371 secs] 65320K->31199K(122752K), 0.0082066 secs] [Times: user=0.02 sys=0.00, real=0.01 secs] 
Heap after GC invocations=91 (full 1):
 par new generation   total 38080K, used 3222K [0x0000000085600000, 0x0000000087f50000, 0x000000009a2c0000)
  eden space 33856K,   0% used [0x0000000085600000, 0x0000000085600000, 0x0000000087710000)
  from space 4224K,  76% used [0x0000000087b30000, 0x0000000087e55ab0, 0x0000000087f50000)
  to   space 4224K,   0% used [0x0000000087710000, 0x0000000087710000, 0x0000000087b30000)
 concurrent mark-sweep generation total 84672K, used 27977K [0x000000009a2c0000, 0x000000009f570000, 0x0000000100000000)
 Metaspace       used 32909K, capacity 34162K, committed 34428K, reserved 1079296K
  class space    used 3950K, capacity 4207K, committed 4220K, reserved 1048576K
}
2021-01-18T18:01:41.670+0000: 29.008: Total time for which application threads were stopped: 0.0083242 seconds, Stopping threads took: 0.0000174 seconds
{Heap before GC invocations=91 (full 1):
 par new generation   total 38080K, used 37078K [0x0000000085600000, 0x0000000087f50000, 0x000000009a2c0000)
  eden space 33856K, 100% used [0x0000000085600000, 0x0000000087710000, 0x0000000087710000)
  from space 4224K,  76% used [0x0000000087b30000, 0x0000000087e55ab0, 0x0000000087f50000)
  to   space 4224K,   0% used [0x0000000087710000, 0x0000000087710000, 0x0000000087b30000)
 concurrent mark-sweep generation total 84672K, used 27977K [0x000000009a2c0000, 0x000000009f570000, 0x0000000100000000)
 Metaspace       used 33215K, capacity 34484K, committed 34812K, reserved 1079296K
  class space    used 3988K, capacity 4248K, committed 4348K, reserved 1048576K
2021-01-18T18:01:41.779+0000: 29.118: [GC (Allocation Failure) 2021-01-18T18:01:41.779+0000: 29.118: [ParNew
Desired survivor size 2162688 bytes, new threshold 6 (max 6)
- age   1:    1474224 bytes,    1474224 total
: 37078K->1809K(38080K), 0.0040480 secs] 65055K->29999K(122752K), 0.0041037 secs] [Times: user=0.01 sys=0.00, real=0.00 secs] 
Heap after GC invocations=92 (full 1):
 par new generation   total 38080K, used 1809K [0x0000000085600000, 0x0000000087f50000, 0x000000009a2c0000)
  eden space 33856K,   0% used [0x0000000085600000, 0x0000000085600000, 0x0000000087710000)
  from space 4224K,  42% used [0x0000000087710000, 0x00000000878d44c0, 0x0000000087b30000)
  to   space 4224K,   0% used [0x0000000087b30000, 0x0000000087b30000, 0x0000000087f50000)
 concurrent mark-sweep generation total 84672K, used 28190K [0x000000009a2c0000, 0x000000009f570000, 0x0000000100000000)
 Metaspace       used 33215K, capacity 34484K, committed 34812K, reserved 1079296K
  class space    used 3988K, capacity 4248K, committed 4348K, reserved 1048576K
}
2021-01-18T18:01:41.784+0000: 29.122: Total time for which application threads were stopped: 0.0042391 seconds, Stopping threads took: 0.0000178 seconds
{Heap before GC invocations=92 (full 1):
 par new generation   total 38080K, used 35665K [0x0000000085600000, 0x0000000087f50000, 0x000000009a2c0000)
  eden space 33856K, 100% used [0x0000000085600000, 0x0000000087710000, 0x0000000087710000)
  from space 4224K,  42% used [0x0000000087710000, 0x00000000878d44c0, 0x0000000087b30000)
  to   space 4224K,   0% used [0x0000000087b30000, 0x0000000087b30000, 0x0000000087f50000)
 concurrent mark-sweep generation total 84672K, used 28190K [0x000000009a2c0000, 0x000000009f570000, 0x0000000100000000)
 Metaspace       used 33516K, capacity 34776K, committed 35068K, reserved 1079296K
  class space    used 4024K, capacity 4280K, committed 4348K, reserved 1048576K
2021-01-18T18:01:41.873+0000: 29.212: [GC (Allocation Failure) 2021-01-18T18:01:41.873+0000: 29.212: [ParNew
Desired survivor size 2162688 bytes, new threshold 2 (max 6)
- age   1:    1885352 bytes,    1885352 total
- age   2:     514776 bytes,    2400128 total
: 35665K->2679K(38080K), 0.0056477 secs] 63855K->30869K(122752K), 0.0057273 secs] [Times: user=0.02 sys=0.00, real=0.01 secs] 
Heap after GC invocations=93 (full 1):
 par new generation   total 38080K, used 2679K [0x0000000085600000, 0x0000000087f50000, 0x000000009a2c0000)
  eden space 33856K,   0% used [0x0000000085600000, 0x0000000085600000, 0x0000000087710000)
  from space 4224K,  63% used [0x0000000087b30000, 0x0000000087dcdcb0, 0x0000000087f50000)
  to   space 4224K,   0% used [0x0000000087710000, 0x0000000087710000, 0x0000000087b30000)
 concurrent mark-sweep generation total 84672K, used 28190K [0x000000009a2c0000, 0x000000009f570000, 0x0000000100000000)
 Metaspace       used 33516K, capacity 34776K, committed 35068K, reserved 1079296K
  class space    used 4024K, capacity 4280K, committed 4348K, reserved 1048576K
}
2021-01-18T18:01:41.879+0000: 29.217: Total time for which application threads were stopped: 0.0058810 seconds, Stopping threads took: 0.0000243 seconds
{Heap before GC invocations=93 (full 1):
 par new generation   total 38080K, used 36535K [0x0000000085600000, 0x0000000087f50000, 0x000000009a2c0000)
  eden space 33856K, 100% used [0x0000000085600000, 0x0000000087710000, 0x0000000087710000)
  from space 4224K,  63% used [0x0000000087b30000, 0x0000000087dcdcb0, 0x0000000087f50000)
  to   space 4224K,   0% used [0x0000000087710000, 0x0000000087710000, 0x0000000087b30000)
 concurrent mark-sweep generation total 84672K, used 28190K [0x000000009a2c0000, 0x000000009f570000, 0x0000000100000000)
 Metaspace       used 33834K, capacity 35144K, committed 35452K, reserved 1081344K
  class space    used 4072K, capacity 4352K, committed 4476K, reserved 1048576K
2021-01-18T18:01:42.631+0000: 29.969: [GC (Allocation Failure) 2021-01-18T18:01:42.631+0000: 29.969: [ParNew
Desired survivor size 2162688 bytes, new threshold 6 (max 6)
- age   1:    1324144 bytes,    1324144 total
- age   2:     134984 bytes,    1459128 total
: 36535K->1887K(38080K), 0.0073871 secs] 64725K->30589K(122752K), 0.0074735 secs] [Times: user=0.02 sys=0.00, real=0.00 secs] 
Heap after GC invocations=94 (full 1):
 par new generation   total 38080K, used 1887K [0x0000000085600000, 0x0000000087f50000, 0x000000009a2c0000)
  eden space 33856K,   0% used [0x0000000085600000, 0x0000000085600000, 0x0000000087710000)
  from space 4224K,  44% used [0x0000000087710000, 0x00000000878e7f68, 0x0000000087b30000)
  to   space 4224K,   0% used [0x0000000087b30000, 0x0000000087b30000, 0x0000000087f50000)
 concurrent mark-sweep generation total 84672K, used 28701K [0x000000009a2c0000, 0x000000009f570000, 0x0000000100000000)
 Metaspace       used 33834K, capacity 35144K, committed 35452K, reserved 1081344K
  class space    used 4072K, capacity 4352K, committed 4476K, reserved 1048576K
}
2021-01-18T18:01:42.638+0000: 29.977: Total time for which application threads were stopped: 0.0076865 seconds, Stopping threads took: 0.0000188 seconds
{Heap before GC invocations=94 (full 1):
 par new generation   total 38080K, used 35743K [0x0000000085600000, 0x0000000087f50000, 0x000000009a2c0000)
  eden space 33856K, 100% used [0x0000000085600000, 0x0000000087710000, 0x0000000087710000)
  from space 4224K,  44% used [0x0000000087710000, 0x00000000878e7f68, 0x0000000087b30000)
  to   space 4224K,   0% used [0x0000000087b30000, 0x0000000087b30000, 0x0000000087f50000)
 concurrent mark-sweep generation total 84672K, used 28701K [0x000000009a2c0000, 0x000000009f570000, 0x0000000100000000)
 Metaspace       used 34151K, capacity 35450K, committed 35708K, reserved 1081344K
  class space    used 4115K, capacity 4387K, committed 4476K, reserved 1048576K
2021-01-18T18:01:43.001+0000: 30.339: [GC (Allocation Failure) 2021-01-18T18:01:43.001+0000: 30.339: [ParNew
Desired survivor size 2162688 bytes, new threshold 6 (max 6)
- age   1:    1285512 bytes,    1285512 total
- age   2:     239304 bytes,    1524816 total
- age   3:     132872 bytes,    1657688 total
: 35743K->1755K(38080K), 0.0064872 secs] 64445K->30457K(122752K), 0.0065758 secs] [Times: user=0.03 sys=0.00, real=0.01 secs] 
Heap after GC invocations=95 (full 1):
 par new generation   total 38080K, used 1755K [0x0000000085600000, 0x0000000087f50000, 0x000000009a2c0000)
  eden space 33856K,   0% used [0x0000000085600000, 0x0000000085600000, 0x0000000087710000)
  from space 4224K,  41% used [0x0000000087b30000, 0x0000000087ce6e40, 0x0000000087f50000)
  to   space 4224K,   0% used [0x0000000087710000, 0x0000000087710000, 0x0000000087b30000)
 concurrent mark-sweep generation total 84672K, used 28701K [0x000000009a2c0000, 0x000000009f570000, 0x0000000100000000)
 Metaspace       used 34151K, capacity 35450K, committed 35708K, reserved 1081344K
  class space    used 4115K, capacity 4387K, committed 4476K, reserved 1048576K
}
2021-01-18T18:01:43.007+0000: 30.346: Total time for which application threads were stopped: 0.0067210 seconds, Stopping threads took: 0.0000230 seconds
{Heap before GC invocations=95 (full 1):
 par new generation   total 38080K, used 35611K [0x0000000085600000, 0x0000000087f50000, 0x000000009a2c0000)
  eden space 33856K, 100% used [0x0000000085600000, 0x0000000087710000, 0x0000000087710000)
  from space 4224K,  41% used [0x0000000087b30000, 0x0000000087ce6e40, 0x0000000087f50000)
  to   space 4224K,   0% used [0x0000000087710000, 0x0000000087710000, 0x0000000087b30000)
 concurrent mark-sweep generation total 84672K, used 28701K [0x000000009a2c0000, 0x000000009f570000, 0x0000000100000000)
 Metaspace       used 34355K, capacity 35688K, committed 35964K, reserved 1081344K
  class space    used 4144K, capacity 4420K, committed 4476K, reserved 1048576K
2021-01-18T18:01:43.126+0000: 30.464: [GC (Allocation Failure) 2021-01-18T18:01:43.126+0000: 30.464: [ParNew
Desired survivor size 2162688 bytes, new threshold 6 (max 6)
- age   1:    1247632 bytes,    1247632 total
- age   2:     223168 bytes,    1470800 total
- age   3:     236064 bytes,    1706864 total
- age   4:     132888 bytes,    1839752 total
: 35611K->1961K(38080K), 0.0044881 secs] 64313K->30663K(122752K), 0.0045421 secs] [Times: user=0.01 sys=0.00, real=0.01 secs] 
Heap after GC invocations=96 (full 1):
 par new generation   total 38080K, used 1961K [0x0000000085600000, 0x0000000087f50000, 0x000000009a2c0000)
  eden space 33856K,   0% used [0x0000000085600000, 0x0000000085600000, 0x0000000087710000)
  from space 4224K,  46% used [0x0000000087710000, 0x00000000878fa678, 0x0000000087b30000)
  to   space 4224K,   0% used [0x0000000087b30000, 0x0000000087b30000, 0x0000000087f50000)
 concurrent mark-sweep generation total 84672K, used 28701K [0x000000009a2c0000, 0x000000009f570000, 0x0000000100000000)
 Metaspace       used 34355K, capacity 35688K, committed 35964K, reserved 1081344K
  class space    used 4144K, capacity 4420K, committed 4476K, reserved 1048576K
}
2021-01-18T18:01:43.130+0000: 30.469: Total time for which application threads were stopped: 0.0046609 seconds, Stopping threads took: 0.0000187 seconds
{Heap before GC invocations=96 (full 1):
 par new generation   total 38080K, used 35817K [0x0000000085600000, 0x0000000087f50000, 0x000000009a2c0000)
  eden space 33856K, 100% used [0x0000000085600000, 0x0000000087710000, 0x0000000087710000)
  from space 4224K,  46% used [0x0000000087710000, 0x00000000878fa678, 0x0000000087b30000)
  to   space 4224K,   0% used [0x0000000087b30000, 0x0000000087b30000, 0x0000000087f50000)
 concurrent mark-sweep generation total 84672K, used 28701K [0x000000009a2c0000, 0x000000009f570000, 0x0000000100000000)
 Metaspace       used 34504K, capacity 35918K, committed 35964K, reserved 1081344K
  class space    used 4172K, capacity 4453K, committed 4476K, reserved 1048576K
2021-01-18T18:01:43.215+0000: 30.554: [GC (Allocation Failure) 2021-01-18T18:01:43.215+0000: 30.554: [ParNew
Desired survivor size 2162688 bytes, new threshold 4 (max 6)
- age   1:    1593344 bytes,    1593344 total
- age   2:     222664 bytes,    1816008 total
- age   3:     208472 bytes,    2024480 total
- age   4:     234808 bytes,    2259288 total
- age   5:     132424 bytes,    2391712 total
: 35817K->2875K(38080K), 0.0040557 secs] 64519K->31577K(122752K), 0.0041297 secs] [Times: user=0.01 sys=0.00, real=0.01 secs] 
Heap after GC invocations=97 (full 1):
 par new generation   total 38080K, used 2875K [0x0000000085600000, 0x0000000087f50000, 0x000000009a2c0000)
  eden space 33856K,   0% used [0x0000000085600000, 0x0000000085600000, 0x0000000087710000)
  from space 4224K,  68% used [0x0000000087b30000, 0x0000000087dfef88, 0x0000000087f50000)
  to   space 4224K,   0% used [0x0000000087710000, 0x0000000087710000, 0x0000000087b30000)
 concurrent mark-sweep generation total 84672K, used 28701K [0x000000009a2c0000, 0x000000009f570000, 0x0000000100000000)
 Metaspace       used 34504K, capacity 35918K, committed 35964K, reserved 1081344K
  class space    used 4172K, capacity 4453K, committed 4476K, reserved 1048576K
}
2021-01-18T18:01:43.220+0000: 30.558: Total time for which application threads were stopped: 0.0042646 seconds, Stopping threads took: 0.0000199 seconds
2021-01-18T18:01:43.340+0000: 30.679: Total time for which application threads were stopped: 0.0003500 seconds, Stopping threads took: 0.0000106 seconds
2021-01-18T18:01:43.341+0000: 30.680: Total time for which application threads were stopped: 0.0002976 seconds, Stopping threads took: 0.0000083 seconds
{Heap before GC invocations=97 (full 1):
 par new generation   total 38080K, used 36731K [0x0000000085600000, 0x0000000087f50000, 0x000000009a2c0000)
  eden space 33856K, 100% used [0x0000000085600000, 0x0000000087710000, 0x0000000087710000)
  from space 4224K,  68% used [0x0000000087b30000, 0x0000000087dfef88, 0x0000000087f50000)
  to   space 4224K,   0% used [0x0000000087710000, 0x0000000087710000, 0x0000000087b30000)
 concurrent mark-sweep generation total 84672K, used 28701K [0x000000009a2c0000, 0x000000009f570000, 0x0000000100000000)
 Metaspace       used 34905K, capacity 36310K, committed 36604K, reserved 1081344K
  class space    used 4224K, capacity 4493K, committed 4604K, reserved 1048576K
2021-01-18T18:01:43.342+0000: 30.681: [GC (Allocation Failure) 2021-01-18T18:01:43.342+0000: 30.681: [ParNew
Desired survivor size 2162688 bytes, new threshold 4 (max 6)
- age   1:    1544048 bytes,    1544048 total
- age   2:     216008 bytes,    1760056 total
- age   3:     215472 bytes,    1975528 total
- age   4:     201832 bytes,    2177360 total
: 36731K->2748K(38080K), 0.0046116 secs] 65433K->31822K(122752K), 0.0046629 secs] [Times: user=0.01 sys=0.00, real=0.01 secs] 
Heap after GC invocations=98 (full 1):
 par new generation   total 38080K, used 2748K [0x0000000085600000, 0x0000000087f50000, 0x000000009a2c0000)
  eden space 33856K,   0% used [0x0000000085600000, 0x0000000085600000, 0x0000000087710000)
  from space 4224K,  65% used [0x0000000087710000, 0x00000000879bf0f8, 0x0000000087b30000)
  to   space 4224K,   0% used [0x0000000087b30000, 0x0000000087b30000, 0x0000000087f50000)
 concurrent mark-sweep generation total 84672K, used 29074K [0x000000009a2c0000, 0x000000009f570000, 0x0000000100000000)
 Metaspace       used 34905K, capacity 36310K, committed 36604K, reserved 1081344K
  class space    used 4224K, capacity 4493K, committed 4604K, reserved 1048576K
}
2021-01-18T18:01:43.347+0000: 30.685: Total time for which application threads were stopped: 0.0047554 seconds, Stopping threads took: 0.0000089 seconds
{Heap before GC invocations=98 (full 1):
 par new generation   total 38080K, used 36604K [0x0000000085600000, 0x0000000087f50000, 0x000000009a2c0000)
  eden space 33856K, 100% used [0x0000000085600000, 0x0000000087710000, 0x0000000087710000)
  from space 4224K,  65% used [0x0000000087710000, 0x00000000879bf0f8, 0x0000000087b30000)
  to   space 4224K,   0% used [0x0000000087b30000, 0x0000000087b30000, 0x0000000087f50000)
 concurrent mark-sweep generation total 84672K, used 29074K [0x000000009a2c0000, 0x000000009f570000, 0x0000000100000000)
 Metaspace       used 34941K, capacity 36312K, committed 36604K, reserved 1081344K
  class space    used 4230K, capacity 4494K, committed 4604K, reserved 1048576K
2021-01-18T18:01:43.447+0000: 30.786: [GC (Allocation Failure) 2021-01-18T18:01:43.447+0000: 30.786: [ParNew
Desired survivor size 2162688 bytes, new threshold 6 (max 6)
- age   1:     963960 bytes,     963960 total
- age   2:     226328 bytes,    1190288 total
- age   3:     214520 bytes,    1404808 total
- age   4:     215472 bytes,    1620280 total
: 36604K->2024K(38080K), 0.0115278 secs] 65678K->31304K(122752K), 0.0116069 secs] [Times: user=0.04 sys=0.00, real=0.01 secs] 
Heap after GC invocations=99 (full 1):
 par new generation   total 38080K, used 2024K [0x0000000085600000, 0x0000000087f50000, 0x000000009a2c0000)
  eden space 33856K,   0% used [0x0000000085600000, 0x0000000085600000, 0x0000000087710000)
  from space 4224K,  47% used [0x0000000087b30000, 0x0000000087d2a330, 0x0000000087f50000)
  to   space 4224K,   0% used [0x0000000087710000, 0x0000000087710000, 0x0000000087b30000)
 concurrent mark-sweep generation total 84672K, used 29279K [0x000000009a2c0000, 0x000000009f570000, 0x0000000100000000)
 Metaspace       used 34941K, capacity 36312K, committed 36604K, reserved 1081344K
  class space    used 4230K, capacity 4494K, committed 4604K, reserved 1048576K
}
2021-01-18T18:01:43.459+0000: 30.797: Total time for which application threads were stopped: 0.0117962 seconds, Stopping threads took: 0.0000238 seconds
{Heap before GC invocations=99 (full 1):
 par new generation   total 38080K, used 35880K [0x0000000085600000, 0x0000000087f50000, 0x000000009a2c0000)
  eden space 33856K, 100% used [0x0000000085600000, 0x0000000087710000, 0x0000000087710000)
  from space 4224K,  47% used [0x0000000087b30000, 0x0000000087d2a330, 0x0000000087f50000)
  to   space 4224K,   0% used [0x0000000087710000, 0x0000000087710000, 0x0000000087b30000)
 concurrent mark-sweep generation total 84672K, used 29279K [0x000000009a2c0000, 0x000000009f570000, 0x0000000100000000)
 Metaspace       used 35188K, capacity 36550K, committed 36860K, reserved 1081344K
  class space    used 4267K, capacity 4531K, committed 4604K, reserved 1048576K
2021-01-18T18:01:43.603+0000: 30.942: [GC (Allocation Failure) 2021-01-18T18:01:43.603+0000: 30.942: [ParNew
Desired survivor size 2162688 bytes, new threshold 5 (max 6)
- age   1:    1417104 bytes,    1417104 total
- age   2:     132544 bytes,    1549648 total
- age   3:     211208 bytes,    1760856 total
- age   4:     210632 bytes,    1971488 total
- age   5:     214384 bytes,    2185872 total
: 35880K->2849K(38080K), 0.0037048 secs] 65160K->32129K(122752K), 0.0037591 secs] [Times: user=0.01 sys=0.00, real=0.01 secs] 
Heap after GC invocations=100 (full 1):
 par new generation   total 38080K, used 2849K [0x0000000085600000, 0x0000000087f50000, 0x000000009a2c0000)
  eden space 33856K,   0% used [0x0000000085600000, 0x0000000085600000, 0x0000000087710000)
  from space 4224K,  67% used [0x0000000087710000, 0x00000000879d8650, 0x0000000087b30000)
  to   space 4224K,   0% used [0x0000000087b30000, 0x0000000087b30000, 0x0000000087f50000)
 concurrent mark-sweep generation total 84672K, used 29279K [0x000000009a2c0000, 0x000000009f570000, 0x0000000100000000)
 Metaspace       used 35188K, capacity 36550K, committed 36860K, reserved 1081344K
  class space    used 4267K, capacity 4531K, committed 4604K, reserved 1048576K
}
2021-01-18T18:01:43.607+0000: 30.946: Total time for which application threads were stopped: 0.0039037 seconds, Stopping threads took: 0.0000098 seconds
{Heap before GC invocations=100 (full 1):
 par new generation   total 38080K, used 36705K [0x0000000085600000, 0x0000000087f50000, 0x000000009a2c0000)
  eden space 33856K, 100% used [0x0000000085600000, 0x0000000087710000, 0x0000000087710000)
  from space 4224K,  67% used [0x0000000087710000, 0x00000000879d8650, 0x0000000087b30000)
  to   space 4224K,   0% used [0x0000000087b30000, 0x0000000087b30000, 0x0000000087f50000)
 concurrent mark-sweep generation total 84672K, used 29279K [0x000000009a2c0000, 0x000000009f570000, 0x0000000100000000)
 Metaspace       used 35480K, capacity 36882K, committed 37116K, reserved 1081344K
  class space    used 4318K, capacity 4597K, committed 4604K, reserved 1048576K
2021-01-18T18:01:43.683+0000: 31.021: [GC (Allocation Failure) 2021-01-18T18:01:43.683+0000: 31.021: [ParNew
Desired survivor size 2162688 bytes, new threshold 6 (max 6)
- age   1:     903160 bytes,     903160 total
- age   2:     207112 bytes,    1110272 total
- age   3:     132440 bytes,    1242712 total
- age   4:     209544 bytes,    1452256 total
- age   5:     204664 bytes,    1656920 total
: 36705K->2358K(38080K), 0.0031981 secs] 65985K->31851K(122752K), 0.0032601 secs] [Times: user=0.01 sys=0.00, real=0.00 secs] 
Heap after GC invocations=101 (full 1):
 par new generation   total 38080K, used 2358K [0x0000000085600000, 0x0000000087f50000, 0x000000009a2c0000)
  eden space 33856K,   0% used [0x0000000085600000, 0x0000000085600000, 0x0000000087710000)
  from space 4224K,  55% used [0x0000000087b30000, 0x0000000087d7d858, 0x0000000087f50000)
  to   space 4224K,   0% used [0x0000000087710000, 0x0000000087710000, 0x0000000087b30000)
 concurrent mark-sweep generation total 84672K, used 29493K [0x000000009a2c0000, 0x000000009f570000, 0x0000000100000000)
 Metaspace       used 35480K, capacity 36882K, committed 37116K, reserved 1081344K
  class space    used 4318K, capacity 4597K, committed 4604K, reserved 1048576K
}
2021-01-18T18:01:43.686+0000: 31.024: Total time for which application threads were stopped: 0.0033725 seconds, Stopping threads took: 0.0000115 seconds
{Heap before GC invocations=101 (full 1):
 par new generation   total 38080K, used 36214K [0x0000000085600000, 0x0000000087f50000, 0x000000009a2c0000)
  eden space 33856K, 100% used [0x0000000085600000, 0x0000000087710000, 0x0000000087710000)
  from space 4224K,  55% used [0x0000000087b30000, 0x0000000087d7d858, 0x0000000087f50000)
  to   space 4224K,   0% used [0x0000000087710000, 0x0000000087710000, 0x0000000087b30000)
 concurrent mark-sweep generation total 84672K, used 29493K [0x000000009a2c0000, 0x000000009f570000, 0x0000000100000000)
 Metaspace       used 35786K, capacity 37176K, committed 37500K, reserved 1081344K
  class space    used 4366K, capacity 4630K, committed 4732K, reserved 1048576K
2021-01-18T18:01:43.773+0000: 31.111: [GC (Allocation Failure) 2021-01-18T18:01:43.773+0000: 31.111: [ParNew
Desired survivor size 2162688 bytes, new threshold 6 (max 6)
- age   1:     921400 bytes,     921400 total
- age   2:     334856 bytes,    1256256 total
- age   3:     203280 bytes,    1459536 total
- age   4:     132440 bytes,    1591976 total
- age   5:     193280 bytes,    1785256 total
- age   6:     201544 bytes,    1986800 total
: 36214K->2905K(38080K), 0.0032699 secs] 65707K->32399K(122752K), 0.0033245 secs] [Times: user=0.01 sys=0.00, real=0.00 secs] 
Heap after GC invocations=102 (full 1):
 par new generation   total 38080K, used 2905K [0x0000000085600000, 0x0000000087f50000, 0x000000009a2c0000)
  eden space 33856K,   0% used [0x0000000085600000, 0x0000000085600000, 0x0000000087710000)
  from space 4224K,  68% used [0x0000000087710000, 0x00000000879e6648, 0x0000000087b30000)
  to   space 4224K,   0% used [0x0000000087b30000, 0x0000000087b30000, 0x0000000087f50000)
 concurrent mark-sweep generation total 84672K, used 29493K [0x000000009a2c0000, 0x000000009f570000, 0x0000000100000000)
 Metaspace       used 35786K, capacity 37176K, committed 37500K, reserved 1081344K
  class space    used 4366K, capacity 4630K, committed 4732K, reserved 1048576K
}
2021-01-18T18:01:43.776+0000: 31.115: Total time for which application threads were stopped: 0.0034297 seconds, Stopping threads took: 0.0000121 seconds
2021-01-18T18:01:43.808+0000: 31.147: Total time for which application threads were stopped: 0.0003338 seconds, Stopping threads took: 0.0000122 seconds
{Heap before GC invocations=102 (full 1):
 par new generation   total 38080K, used 36761K [0x0000000085600000, 0x0000000087f50000, 0x000000009a2c0000)
  eden space 33856K, 100% used [0x0000000085600000, 0x0000000087710000, 0x0000000087710000)
  from space 4224K,  68% used [0x0000000087710000, 0x00000000879e6648, 0x0000000087b30000)
  to   space 4224K,   0% used [0x0000000087b30000, 0x0000000087b30000, 0x0000000087f50000)
 concurrent mark-sweep generation total 84672K, used 29493K [0x000000009a2c0000, 0x000000009f570000, 0x0000000100000000)
 Metaspace       used 36134K, capacity 37560K, committed 37756K, reserved 1083392K
  class space    used 4410K, capacity 4694K, committed 4732K, reserved 1048576K
2021-01-18T18:01:43.828+0000: 31.167: [GC (Allocation Failure) 2021-01-18T18:01:43.828+0000: 31.167: [ParNew
Desired survivor size 2162688 bytes, new threshold 6 (max 6)
- age   1:     397600 bytes,     397600 total
- age   2:     167304 bytes,     564904 total
- age   3:     332824 bytes,     897728 total
- age   4:     202032 bytes,    1099760 total
- age   5:     131624 bytes,    1231384 total
- age   6:     193304 bytes,    1424688 total
: 36761K->1806K(38080K), 0.0029440 secs] 66255K->31506K(122752K), 0.0030019 secs] [Times: user=0.01 sys=0.00, real=0.00 secs] 
Heap after GC invocations=103 (full 1):
 par new generation   total 38080K, used 1806K [0x0000000085600000, 0x0000000087f50000, 0x000000009a2c0000)
  eden space 33856K,   0% used [0x0000000085600000, 0x0000000085600000, 0x0000000087710000)
  from space 4224K,  42% used [0x0000000087b30000, 0x0000000087cf3ba0, 0x0000000087f50000)
  to   space 4224K,   0% used [0x0000000087710000, 0x0000000087710000, 0x0000000087b30000)
 concurrent mark-sweep generation total 84672K, used 29699K [0x000000009a2c0000, 0x000000009f570000, 0x0000000100000000)
 Metaspace       used 36134K, capacity 37560K, committed 37756K, reserved 1083392K
  class space    used 4410K, capacity 4694K, committed 4732K, reserved 1048576K
}
2021-01-18T18:01:43.831+0000: 31.170: Total time for which application threads were stopped: 0.0030965 seconds, Stopping threads took: 0.0000107 seconds
2021-01-18T18:01:43.893+0000: 31.231: Total time for which application threads were stopped: 0.0003420 seconds, Stopping threads took: 0.0000171 seconds
2021-01-18T18:01:43.927+0000: 31.265: Total time for which application threads were stopped: 0.0001081 seconds, Stopping threads took: 0.0000354 seconds
{Heap before GC invocations=103 (full 1):
 par new generation   total 38080K, used 35662K [0x0000000085600000, 0x0000000087f50000, 0x000000009a2c0000)
  eden space 33856K, 100% used [0x0000000085600000, 0x0000000087710000, 0x0000000087710000)
  from space 4224K,  42% used [0x0000000087b30000, 0x0000000087cf3ba0, 0x0000000087f50000)
  to   space 4224K,   0% used [0x0000000087710000, 0x0000000087710000, 0x0000000087b30000)
 concurrent mark-sweep generation total 84672K, used 29699K [0x000000009a2c0000, 0x000000009f570000, 0x0000000100000000)
 Metaspace       used 36746K, capacity 38198K, committed 38392K, reserved 1083392K
  class space    used 4470K, capacity 4731K, committed 4732K, reserved 1048576K
2021-01-18T18:01:43.946+0000: 31.285: [GC (Allocation Failure) 2021-01-18T18:01:43.946+0000: 31.285: [ParNew
Desired survivor size 2162688 bytes, new threshold 6 (max 6)
- age   1:     393056 bytes,     393056 total
- age   2:      61336 bytes,     454392 total
- age   3:     164904 bytes,     619296 total
- age   4:     332360 bytes,     951656 total
- age   5:     201776 bytes,    1153432 total
- age   6:     131648 bytes,    1285080 total
: 35662K->1571K(38080K), 0.0038125 secs] 65362K->31465K(122752K), 0.0038670 secs] [Times: user=0.02 sys=0.00, real=0.00 secs] 
Heap after GC invocations=104 (full 1):
 par new generation   total 38080K, used 1571K [0x0000000085600000, 0x0000000087f50000, 0x000000009a2c0000)
  eden space 33856K,   0% used [0x0000000085600000, 0x0000000085600000, 0x0000000087710000)
  from space 4224K,  37% used [0x0000000087710000, 0x0000000087898c00, 0x0000000087b30000)
  to   space 4224K,   0% used [0x0000000087b30000, 0x0000000087b30000, 0x0000000087f50000)
 concurrent mark-sweep generation total 84672K, used 29894K [0x000000009a2c0000, 0x000000009f570000, 0x0000000100000000)
 Metaspace       used 36746K, capacity 38198K, committed 38392K, reserved 1083392K
  class space    used 4470K, capacity 4731K, committed 4732K, reserved 1048576K
}
2021-01-18T18:01:43.950+0000: 31.289: Total time for which application threads were stopped: 0.0040039 seconds, Stopping threads took: 0.0000445 seconds
2021-01-18T18:01:43.950+0000: 31.289: [GC (CMS Initial Mark) [1 CMS-initial-mark: 29894K(84672K)] 32148K(122752K), 0.0011971 secs] [Times: user=0.00 sys=0.00, real=0.00 secs] 
2021-01-18T18:01:43.952+0000: 31.290: Total time for which application threads were stopped: 0.0013275 seconds, Stopping threads took: 0.0000665 seconds
2021-01-18T18:01:43.952+0000: 31.290: [CMS-concurrent-mark-start]
2021-01-18T18:01:43.995+0000: 31.333: [CMS-concurrent-mark: 0.043/0.043 secs] [Times: user=0.15 sys=0.00, real=0.04 secs] 
2021-01-18T18:01:43.995+0000: 31.334: Total time for which application threads were stopped: 0.0004403 seconds, Stopping threads took: 0.0000222 seconds
2021-01-18T18:01:43.995+0000: 31.334: [CMS-concurrent-preclean-start]
2021-01-18T18:01:43.996+0000: 31.334: [CMS-concurrent-preclean: 0.001/0.001 secs] [Times: user=0.00 sys=0.00, real=0.00 secs] 
2021-01-18T18:01:43.996+0000: 31.334: [CMS-concurrent-abortable-preclean-start]
2021-01-18T18:01:44.003+0000: 31.342: Total time for which application threads were stopped: 0.0003991 seconds, Stopping threads took: 0.0000212 seconds
2021-01-18T18:01:44.085+0000: 31.424: Total time for which application threads were stopped: 0.0000940 seconds, Stopping threads took: 0.0000218 seconds
{Heap before GC invocations=104 (full 2):
 par new generation   total 38080K, used 35427K [0x0000000085600000, 0x0000000087f50000, 0x000000009a2c0000)
  eden space 33856K, 100% used [0x0000000085600000, 0x0000000087710000, 0x0000000087710000)
  from space 4224K,  37% used [0x0000000087710000, 0x0000000087898c00, 0x0000000087b30000)
  to   space 4224K,   0% used [0x0000000087b30000, 0x0000000087b30000, 0x0000000087f50000)
 concurrent mark-sweep generation total 84672K, used 29894K [0x000000009a2c0000, 0x000000009f570000, 0x0000000100000000)
 Metaspace       used 37195K, capacity 38672K, committed 38800K, reserved 1083392K
  class space    used 4536K, capacity 4810K, committed 4884K, reserved 1048576K
2021-01-18T18:01:44.244+0000: 31.582: [GC (Allocation Failure) 2021-01-18T18:01:44.244+0000: 31.582: [ParNew
Desired survivor size 2162688 bytes, new threshold 1 (max 6)
- age   1:    2287272 bytes,    2287272 total
- age   2:     348776 bytes,    2636048 total
- age   3:      60504 bytes,    2696552 total
- age   4:     161480 bytes,    2858032 total
- age   5:     317776 bytes,    3175808 total
- age   6:     178272 bytes,    3354080 total
: 35427K->3652K(38080K), 0.0159478 secs] 65321K->33677K(122752K), 0.0160196 secs] [Times: user=0.06 sys=0.00, real=0.02 secs] 
Heap after GC invocations=105 (full 2):
 par new generation   total 38080K, used 3652K [0x0000000085600000, 0x0000000087f50000, 0x000000009a2c0000)
  eden space 33856K,   0% used [0x0000000085600000, 0x0000000085600000, 0x0000000087710000)
  from space 4224K,  86% used [0x0000000087b30000, 0x0000000087ec1160, 0x0000000087f50000)
  to   space 4224K,   0% used [0x0000000087710000, 0x0000000087710000, 0x0000000087b30000)
 concurrent mark-sweep generation total 84672K, used 30025K [0x000000009a2c0000, 0x000000009f570000, 0x0000000100000000)
 Metaspace       used 37195K, capacity 38672K, committed 38800K, reserved 1083392K
  class space    used 4536K, capacity 4810K, committed 4884K, reserved 1048576K
}
2021-01-18T18:01:44.260+0000: 31.598: Total time for which application threads were stopped: 0.0161692 seconds, Stopping threads took: 0.0000236 seconds
2021-01-18T18:01:44.308+0000: 31.647: Total time for which application threads were stopped: 0.0000998 seconds, Stopping threads took: 0.0000233 seconds
{Heap before GC invocations=105 (full 2):
 par new generation   total 38080K, used 37508K [0x0000000085600000, 0x0000000087f50000, 0x000000009a2c0000)
  eden space 33856K, 100% used [0x0000000085600000, 0x0000000087710000, 0x0000000087710000)
  from space 4224K,  86% used [0x0000000087b30000, 0x0000000087ec1160, 0x0000000087f50000)
  to   space 4224K,   0% used [0x0000000087710000, 0x0000000087710000, 0x0000000087b30000)
 concurrent mark-sweep generation total 84672K, used 30025K [0x000000009a2c0000, 0x000000009f570000, 0x0000000100000000)
 Metaspace       used 37375K, capacity 38842K, committed 39056K, reserved 1083392K
  class space    used 4566K, capacity 4845K, committed 4884K, reserved 1048576K
2021-01-18T18:01:44.376+0000: 31.714: [GC (Allocation Failure) 2021-01-18T18:01:44.376+0000: 31.714: [ParNew
Desired survivor size 2162688 bytes, new threshold 6 (max 6)
- age   1:     464824 bytes,     464824 total
: 37508K->2095K(38080K), 0.0205547 secs] 67533K->33989K(122752K), 0.0206318 secs] [Times: user=0.06 sys=0.00, real=0.02 secs] 
Heap after GC invocations=106 (full 2):
 par new generation   total 38080K, used 2095K [0x0000000085600000, 0x0000000087f50000, 0x000000009a2c0000)
  eden space 33856K,   0% used [0x0000000085600000, 0x0000000085600000, 0x0000000087710000)
  from space 4224K,  49% used [0x0000000087710000, 0x000000008791bc40, 0x0000000087b30000)
  to   space 4224K,   0% used [0x0000000087b30000, 0x0000000087b30000, 0x0000000087f50000)
 concurrent mark-sweep generation total 84672K, used 31894K [0x000000009a2c0000, 0x000000009f570000, 0x0000000100000000)
 Metaspace       used 37375K, capacity 38842K, committed 39056K, reserved 1083392K
  class space    used 4566K, capacity 4845K, committed 4884K, reserved 1048576K
}
2021-01-18T18:01:44.396+0000: 31.735: Total time for which application threads were stopped: 0.0207729 seconds, Stopping threads took: 0.0000239 seconds
2021-01-18T18:01:44.396+0000: 31.735: [CMS-concurrent-abortable-preclean: 0.095/0.400 secs] [Times: user=1.21 sys=0.02, real=0.40 secs] 
2021-01-18T18:01:44.397+0000: 31.735: [GC (CMS Final Remark) [YG occupancy: 2095 K (38080 K)]2021-01-18T18:01:44.397+0000: 31.735: [Rescan (parallel) , 0.0029350 secs]2021-01-18T18:01:44.400+0000: 31.738: [weak refs processing, 0.0001721 secs]2021-01-18T18:01:44.400+0000: 31.738: [class unloading, 0.0049958 secs]2021-01-18T18:01:44.405+0000: 31.743: [scrub symbol table, 0.0066369 secs]2021-01-18T18:01:44.411+0000: 31.750: [scrub string table, 0.0003230 secs][1 CMS-remark: 31894K(84672K)] 33989K(122752K), 0.0151616 secs] [Times: user=0.03 sys=0.00, real=0.02 secs] 
2021-01-18T18:01:44.412+0000: 31.750: Total time for which application threads were stopped: 0.0152621 seconds, Stopping threads took: 0.0000335 seconds
2021-01-18T18:01:44.412+0000: 31.750: [CMS-concurrent-sweep-start]
2021-01-18T18:01:44.434+0000: 31.772: [CMS-concurrent-sweep: 0.022/0.022 secs] [Times: user=0.07 sys=0.00, real=0.02 secs] 
2021-01-18T18:01:44.434+0000: 31.772: [CMS-concurrent-reset-start]
2021-01-18T18:01:44.437+0000: 31.776: [CMS-concurrent-reset: 0.004/0.004 secs] [Times: user=0.02 sys=0.00, real=0.00 secs] 
{Heap before GC invocations=106 (full 2):
 par new generation   total 38080K, used 35951K [0x0000000085600000, 0x0000000087f50000, 0x000000009a2c0000)
  eden space 33856K, 100% used [0x0000000085600000, 0x0000000087710000, 0x0000000087710000)
  from space 4224K,  49% used [0x0000000087710000, 0x000000008791bc40, 0x0000000087b30000)
  to   space 4224K,   0% used [0x0000000087b30000, 0x0000000087b30000, 0x0000000087f50000)
 concurrent mark-sweep generation total 84672K, used 22262K [0x000000009a2c0000, 0x000000009f570000, 0x0000000100000000)
 Metaspace       used 37536K, capacity 39048K, committed 39184K, reserved 1083392K
  class space    used 4602K, capacity 4888K, committed 5012K, reserved 1048576K
2021-01-18T18:01:44.587+0000: 31.925: [GC (Allocation Failure) 2021-01-18T18:01:44.587+0000: 31.925: [ParNew
Desired survivor size 2162688 bytes, new threshold 6 (max 6)
- age   1:     907144 bytes,     907144 total
- age   2:      80912 bytes,     988056 total
: 35951K->1132K(38080K), 0.0040594 secs] 58213K->23394K(122752K), 0.0041237 secs] [Times: user=0.01 sys=0.00, real=0.00 secs] 
Heap after GC invocations=107 (full 2):
 par new generation   total 38080K, used 1132K [0x0000000085600000, 0x0000000087f50000, 0x000000009a2c0000)
  eden space 33856K,   0% used [0x0000000085600000, 0x0000000085600000, 0x0000000087710000)
  from space 4224K,  26% used [0x0000000087b30000, 0x0000000087c4b058, 0x0000000087f50000)
  to   space 4224K,   0% used [0x0000000087710000, 0x0000000087710000, 0x0000000087b30000)
 concurrent mark-sweep generation total 84672K, used 22262K [0x000000009a2c0000, 0x000000009f570000, 0x0000000100000000)
 Metaspace       used 37536K, capacity 39048K, committed 39184K, reserved 1083392K
  class space    used 4602K, capacity 4888K, committed 5012K, reserved 1048576K
}
2021-01-18T18:01:44.591+0000: 31.929: Total time for which application threads were stopped: 0.0042818 seconds, Stopping threads took: 0.0000236 seconds
{Heap before GC invocations=107 (full 2):
 par new generation   total 38080K, used 34988K [0x0000000085600000, 0x0000000087f50000, 0x000000009a2c0000)
  eden space 33856K, 100% used [0x0000000085600000, 0x0000000087710000, 0x0000000087710000)
  from space 4224K,  26% used [0x0000000087b30000, 0x0000000087c4b058, 0x0000000087f50000)
  to   space 4224K,   0% used [0x0000000087710000, 0x0000000087710000, 0x0000000087b30000)
 concurrent mark-sweep generation total 84672K, used 22262K [0x000000009a2c0000, 0x000000009f570000, 0x0000000100000000)
 Metaspace       used 38007K, capacity 39614K, committed 39696K, reserved 1083392K
  class space    used 4672K, capacity 4987K, committed 5012K, reserved 1048576K
2021-01-18T18:01:44.750+0000: 32.088: [GC (Allocation Failure) 2021-01-18T18:01:44.750+0000: 32.088: [ParNew
Desired survivor size 2162688 bytes, new threshold 6 (max 6)
- age   1:    1110280 bytes,    1110280 total
- age   2:     274976 bytes,    1385256 total
- age   3:      75960 bytes,    1461216 total
: 34988K->1698K(38080K), 0.0025987 secs] 57250K->23961K(122752K), 0.0026586 secs] [Times: user=0.01 sys=0.00, real=0.00 secs] 
Heap after GC invocations=108 (full 2):
 par new generation   total 38080K, used 1698K [0x0000000085600000, 0x0000000087f50000, 0x000000009a2c0000)
  eden space 33856K,   0% used [0x0000000085600000, 0x0000000085600000, 0x0000000087710000)
  from space 4224K,  40% used [0x0000000087710000, 0x00000000878b8b98, 0x0000000087b30000)
  to   space 4224K,   0% used [0x0000000087b30000, 0x0000000087b30000, 0x0000000087f50000)
 concurrent mark-sweep generation total 84672K, used 22262K [0x000000009a2c0000, 0x000000009f570000, 0x0000000100000000)
 Metaspace       used 38007K, capacity 39614K, committed 39696K, reserved 1083392K
  class space    used 4672K, capacity 4987K, committed 5012K, reserved 1048576K
}
2021-01-18T18:01:44.752+0000: 32.091: Total time for which application threads were stopped: 0.0027858 seconds, Stopping threads took: 0.0000190 seconds
2021-01-18T18:01:44.770+0000: 32.108: Total time for which application threads were stopped: 0.0004587 seconds, Stopping threads took: 0.0000422 seconds
2021-01-18T18:01:44.847+0000: 32.186: Total time for which application threads were stopped: 0.0005112 seconds, Stopping threads took: 0.0000375 seconds
{Heap before GC invocations=108 (full 2):
 par new generation   total 38080K, used 35554K [0x0000000085600000, 0x0000000087f50000, 0x000000009a2c0000)
  eden space 33856K, 100% used [0x0000000085600000, 0x0000000087710000, 0x0000000087710000)
  from space 4224K,  40% used [0x0000000087710000, 0x00000000878b8b98, 0x0000000087b30000)
  to   space 4224K,   0% used [0x0000000087b30000, 0x0000000087b30000, 0x0000000087f50000)
 concurrent mark-sweep generation total 84672K, used 22262K [0x000000009a2c0000, 0x000000009f570000, 0x0000000100000000)
 Metaspace       used 38215K, capacity 39890K, committed 40212K, reserved 1085440K
  class space    used 4710K, capacity 5031K, committed 5140K, reserved 1048576K
2021-01-18T18:01:44.872+0000: 32.211: [GC (Allocation Failure) 2021-01-18T18:01:44.872+0000: 32.211: [ParNew
Desired survivor size 2162688 bytes, new threshold 2 (max 6)
- age   1:    1622496 bytes,    1622496 total
- age   2:     993728 bytes,    2616224 total
- age   3:     273688 bytes,    2889912 total
- age   4:      74656 bytes,    2964568 total
: 35554K->3475K(38080K), 0.0048738 secs] 57817K->25738K(122752K), 0.0049449 secs] [Times: user=0.01 sys=0.00, real=0.00 secs] 
Heap after GC invocations=109 (full 2):
 par new generation   total 38080K, used 3475K [0x0000000085600000, 0x0000000087f50000, 0x000000009a2c0000)
  eden space 33856K,   0% used [0x0000000085600000, 0x0000000085600000, 0x0000000087710000)
  from space 4224K,  82% used [0x0000000087b30000, 0x0000000087e94ec0, 0x0000000087f50000)
  to   space 4224K,   0% used [0x0000000087710000, 0x0000000087710000, 0x0000000087b30000)
 concurrent mark-sweep generation total 84672K, used 22262K [0x000000009a2c0000, 0x000000009f570000, 0x0000000100000000)
 Metaspace       used 38215K, capacity 39890K, committed 40212K, reserved 1085440K
  class space    used 4710K, capacity 5031K, committed 5140K, reserved 1048576K
}
2021-01-18T18:01:44.877+0000: 32.216: Total time for which application threads were stopped: 0.0050779 seconds, Stopping threads took: 0.0000235 seconds
2021-01-18T18:01:44.975+0000: 32.313: Total time for which application threads were stopped: 0.0004886 seconds, Stopping threads took: 0.0000215 seconds
{Heap before GC invocations=109 (full 2):
 par new generation   total 38080K, used 37331K [0x0000000085600000, 0x0000000087f50000, 0x000000009a2c0000)
  eden space 33856K, 100% used [0x0000000085600000, 0x0000000087710000, 0x0000000087710000)
  from space 4224K,  82% used [0x0000000087b30000, 0x0000000087e94ec0, 0x0000000087f50000)
  to   space 4224K,   0% used [0x0000000087710000, 0x0000000087710000, 0x0000000087b30000)
 concurrent mark-sweep generation total 84672K, used 22262K [0x000000009a2c0000, 0x000000009f570000, 0x0000000100000000)
 Metaspace       used 38314K, capacity 39994K, committed 40212K, reserved 1085440K
  class space    used 4728K, capacity 5065K, committed 5140K, reserved 1048576K
2021-01-18T18:01:44.976+0000: 32.315: [GC (Allocation Failure) 2021-01-18T18:01:44.976+0000: 32.315: [ParNew
Desired survivor size 2162688 bytes, new threshold 6 (max 6)
- age   1:     422960 bytes,     422960 total
- age   2:     179456 bytes,     602416 total
: 37331K->1716K(38080K), 0.0054723 secs] 59594K->25318K(122752K), 0.0055404 secs] [Times: user=0.02 sys=0.00, real=0.01 secs] 
Heap after GC invocations=110 (full 2):
 par new generation   total 38080K, used 1716K [0x0000000085600000, 0x0000000087f50000, 0x000000009a2c0000)
  eden space 33856K,   0% used [0x0000000085600000, 0x0000000085600000, 0x0000000087710000)
  from space 4224K,  40% used [0x0000000087710000, 0x00000000878bd110, 0x0000000087b30000)
  to   space 4224K,   0% used [0x0000000087b30000, 0x0000000087b30000, 0x0000000087f50000)
 concurrent mark-sweep generation total 84672K, used 23602K [0x000000009a2c0000, 0x000000009f570000, 0x0000000100000000)
 Metaspace       used 38314K, capacity 39994K, committed 40212K, reserved 1085440K
  class space    used 4728K, capacity 5065K, committed 5140K, reserved 1048576K
}
2021-01-18T18:01:44.982+0000: 32.320: Total time for which application threads were stopped: 0.0056758 seconds, Stopping threads took: 0.0000246 seconds
{Heap before GC invocations=110 (full 2):
 par new generation   total 38080K, used 35572K [0x0000000085600000, 0x0000000087f50000, 0x000000009a2c0000)
  eden space 33856K, 100% used [0x0000000085600000, 0x0000000087710000, 0x0000000087710000)
  from space 4224K,  40% used [0x0000000087710000, 0x00000000878bd110, 0x0000000087b30000)
  to   space 4224K,   0% used [0x0000000087b30000, 0x0000000087b30000, 0x0000000087f50000)
 concurrent mark-sweep generation total 84672K, used 23602K [0x000000009a2c0000, 0x000000009f570000, 0x0000000100000000)
 Metaspace       used 39008K, capacity 40670K, committed 40724K, reserved 1085440K
  class space    used 4811K, capacity 5133K, committed 5140K, reserved 1048576K
2021-01-18T18:01:45.758+0000: 33.097: [GC (Allocation Failure) 2021-01-18T18:01:45.758+0000: 33.097: [ParNew
Desired survivor size 2162688 bytes, new threshold 6 (max 6)
- age   1:    1294792 bytes,    1294792 total
- age   2:     172392 bytes,    1467184 total
- age   3:     177720 bytes,    1644904 total
: 35572K->1804K(38080K), 0.0041181 secs] 59174K->25406K(122752K), 0.0041882 secs] [Times: user=0.01 sys=0.00, real=0.00 secs] 
Heap after GC invocations=111 (full 2):
 par new generation   total 38080K, used 1804K [0x0000000085600000, 0x0000000087f50000, 0x000000009a2c0000)
  eden space 33856K,   0% used [0x0000000085600000, 0x0000000085600000, 0x0000000087710000)
  from space 4224K,  42% used [0x0000000087b30000, 0x0000000087cf3130, 0x0000000087f50000)
  to   space 4224K,   0% used [0x0000000087710000, 0x0000000087710000, 0x0000000087b30000)
 concurrent mark-sweep generation total 84672K, used 23602K [0x000000009a2c0000, 0x000000009f570000, 0x0000000100000000)
 Metaspace       used 39008K, capacity 40670K, committed 40724K, reserved 1085440K
  class space    used 4811K, capacity 5133K, committed 5140K, reserved 1048576K
}
2021-01-18T18:01:45.762+0000: 33.101: Total time for which application threads were stopped: 0.0044286 seconds, Stopping threads took: 0.0000674 seconds
{Heap before GC invocations=111 (full 2):
 par new generation   total 38080K, used 35660K [0x0000000085600000, 0x0000000087f50000, 0x000000009a2c0000)
  eden space 33856K, 100% used [0x0000000085600000, 0x0000000087710000, 0x0000000087710000)
  from space 4224K,  42% used [0x0000000087b30000, 0x0000000087cf3130, 0x0000000087f50000)
  to   space 4224K,   0% used [0x0000000087710000, 0x0000000087710000, 0x0000000087b30000)
 concurrent mark-sweep generation total 84672K, used 23602K [0x000000009a2c0000, 0x000000009f570000, 0x0000000100000000)
 Metaspace       used 39640K, capacity 41694K, committed 42004K, reserved 1085440K
  class space    used 4919K, capacity 5279K, committed 5396K, reserved 1048576K
2021-01-18T18:01:45.981+0000: 33.319: [GC (Allocation Failure) 2021-01-18T18:01:45.981+0000: 33.319: [ParNew
Desired survivor size 2162688 bytes, new threshold 6 (max 6)
- age   1:    1311696 bytes,    1311696 total
- age   2:     463328 bytes,    1775024 total
- age   3:     170712 bytes,    1945736 total
- age   4:     176888 bytes,    2122624 total
: 35660K->2175K(38080K), 0.0050609 secs] 59262K->25777K(122752K), 0.0051276 secs] [Times: user=0.02 sys=0.00, real=0.00 secs] 
Heap after GC invocations=112 (full 2):
 par new generation   total 38080K, used 2175K [0x0000000085600000, 0x0000000087f50000, 0x000000009a2c0000)
  eden space 33856K,   0% used [0x0000000085600000, 0x0000000085600000, 0x0000000087710000)
  from space 4224K,  51% used [0x0000000087710000, 0x000000008792fc60, 0x0000000087b30000)
  to   space 4224K,   0% used [0x0000000087b30000, 0x0000000087b30000, 0x0000000087f50000)
 concurrent mark-sweep generation total 84672K, used 23602K [0x000000009a2c0000, 0x000000009f570000, 0x0000000100000000)
 Metaspace       used 39640K, capacity 41694K, committed 42004K, reserved 1085440K
  class space    used 4919K, capacity 5279K, committed 5396K, reserved 1048576K
}
2021-01-18T18:01:45.986+0000: 33.324: Total time for which application threads were stopped: 0.0053349 seconds, Stopping threads took: 0.0000214 seconds
{Heap before GC invocations=112 (full 2):
 par new generation   total 38080K, used 36031K [0x0000000085600000, 0x0000000087f50000, 0x000000009a2c0000)
  eden space 33856K, 100% used [0x0000000085600000, 0x0000000087710000, 0x0000000087710000)
  from space 4224K,  51% used [0x0000000087710000, 0x000000008792fc60, 0x0000000087b30000)
  to   space 4224K,   0% used [0x0000000087b30000, 0x0000000087b30000, 0x0000000087f50000)
 concurrent mark-sweep generation total 84672K, used 23602K [0x000000009a2c0000, 0x000000009f570000, 0x0000000100000000)
 Metaspace       used 40294K, capacity 42366K, committed 42516K, reserved 1087488K
  class space    used 4993K, capacity 5375K, committed 5396K, reserved 1048576K
2021-01-18T18:01:46.286+0000: 33.624: [GC (Allocation Failure) 2021-01-18T18:01:46.286+0000: 33.624: [ParNew
Desired survivor size 2162688 bytes, new threshold 2 (max 6)
- age   1:    1489928 bytes,    1489928 total
- age   2:     985256 bytes,    2475184 total
- age   3:     455368 bytes,    2930552 total
- age   4:     170712 bytes,    3101264 total
- age   5:     176888 bytes,    3278152 total
: 36031K->3399K(38080K), 0.0063535 secs] 59633K->27001K(122752K), 0.0064227 secs] [Times: user=0.03 sys=0.00, real=0.01 secs] 
Heap after GC invocations=113 (full 2):
 par new generation   total 38080K, used 3399K [0x0000000085600000, 0x0000000087f50000, 0x000000009a2c0000)
  eden space 33856K,   0% used [0x0000000085600000, 0x0000000085600000, 0x0000000087710000)
  from space 4224K,  80% used [0x0000000087b30000, 0x0000000087e81d18, 0x0000000087f50000)
  to   space 4224K,   0% used [0x0000000087710000, 0x0000000087710000, 0x0000000087b30000)
 concurrent mark-sweep generation total 84672K, used 23602K [0x000000009a2c0000, 0x000000009f570000, 0x0000000100000000)
 Metaspace       used 40294K, capacity 42366K, committed 42516K, reserved 1087488K
  class space    used 4993K, capacity 5375K, committed 5396K, reserved 1048576K
}
2021-01-18T18:01:46.292+0000: 33.631: Total time for which application threads were stopped: 0.0065387 seconds, Stopping threads took: 0.0000160 seconds
2021-01-18T18:01:46.344+0000: 33.683: Total time for which application threads were stopped: 0.0004975 seconds, Stopping threads took: 0.0000234 seconds
{Heap before GC invocations=113 (full 2):
 par new generation   total 38080K, used 37255K [0x0000000085600000, 0x0000000087f50000, 0x000000009a2c0000)
  eden space 33856K, 100% used [0x0000000085600000, 0x0000000087710000, 0x0000000087710000)
  from space 4224K,  80% used [0x0000000087b30000, 0x0000000087e81d18, 0x0000000087f50000)
  to   space 4224K,   0% used [0x0000000087710000, 0x0000000087710000, 0x0000000087b30000)
 concurrent mark-sweep generation total 84672K, used 23602K [0x000000009a2c0000, 0x000000009f570000, 0x0000000100000000)
 Metaspace       used 40855K, capacity 42916K, committed 43156K, reserved 1087488K
  class space    used 5047K, capacity 5408K, committed 5524K, reserved 1048576K
2021-01-18T18:01:46.462+0000: 33.801: [GC (Allocation Failure) 2021-01-18T18:01:46.462+0000: 33.801: [ParNew
Desired survivor size 2162688 bytes, new threshold 6 (max 6)
- age   1:     971184 bytes,     971184 total
- age   2:     227600 bytes,    1198784 total
: 37255K->2513K(38080K), 0.0071633 secs] 60857K->27890K(122752K), 0.0072372 secs] [Times: user=0.02 sys=0.01, real=0.01 secs] 
Heap after GC invocations=114 (full 2):
 par new generation   total 38080K, used 2513K [0x0000000085600000, 0x0000000087f50000, 0x000000009a2c0000)
  eden space 33856K,   0% used [0x0000000085600000, 0x0000000085600000, 0x0000000087710000)
  from space 4224K,  59% used [0x0000000087710000, 0x0000000087984570, 0x0000000087b30000)
  to   space 4224K,   0% used [0x0000000087b30000, 0x0000000087b30000, 0x0000000087f50000)
 concurrent mark-sweep generation total 84672K, used 25376K [0x000000009a2c0000, 0x000000009f570000, 0x0000000100000000)
 Metaspace       used 40855K, capacity 42916K, committed 43156K, reserved 1087488K
  class space    used 5047K, capacity 5408K, committed 5524K, reserved 1048576K
}
2021-01-18T18:01:46.470+0000: 33.808: Total time for which application threads were stopped: 0.0074119 seconds, Stopping threads took: 0.0000146 seconds
2021-01-18T18:01:46.492+0000: 33.830: Total time for which application threads were stopped: 0.0004675 seconds, Stopping threads took: 0.0000139 seconds
2021-01-18T18:01:46.599+0000: 33.937: Total time for which application threads were stopped: 0.0006241 seconds, Stopping threads took: 0.0000182 seconds
2021-01-18T18:01:46.603+0000: 33.941: Total time for which application threads were stopped: 0.0004927 seconds, Stopping threads took: 0.0000123 seconds
{Heap before GC invocations=114 (full 2):
 par new generation   total 38080K, used 36369K [0x0000000085600000, 0x0000000087f50000, 0x000000009a2c0000)
  eden space 33856K, 100% used [0x0000000085600000, 0x0000000087710000, 0x0000000087710000)
  from space 4224K,  59% used [0x0000000087710000, 0x0000000087984570, 0x0000000087b30000)
  to   space 4224K,   0% used [0x0000000087b30000, 0x0000000087b30000, 0x0000000087f50000)
 concurrent mark-sweep generation total 84672K, used 25376K [0x000000009a2c0000, 0x000000009f570000, 0x0000000100000000)
 Metaspace       used 41370K, capacity 43452K, committed 43668K, reserved 1087488K
  class space    used 5095K, capacity 5476K, committed 5524K, reserved 1048576K
2021-01-18T18:01:46.611+0000: 33.950: [GC (Allocation Failure) 2021-01-18T18:01:46.611+0000: 33.950: [ParNew
Desired survivor size 2162688 bytes, new threshold 6 (max 6)
- age   1:    1122920 bytes,    1122920 total
- age   2:     326648 bytes,    1449568 total
- age   3:     226848 bytes,    1676416 total
: 36369K->1954K(38080K), 0.0035909 secs] 61746K->27331K(122752K), 0.0036573 secs] [Times: user=0.01 sys=0.00, real=0.00 secs] 
Heap after GC invocations=115 (full 2):
 par new generation   total 38080K, used 1954K [0x0000000085600000, 0x0000000087f50000, 0x000000009a2c0000)
  eden space 33856K,   0% used [0x0000000085600000, 0x0000000085600000, 0x0000000087710000)
  from space 4224K,  46% used [0x0000000087b30000, 0x0000000087d18ab0, 0x0000000087f50000)
  to   space 4224K,   0% used [0x0000000087710000, 0x0000000087710000, 0x0000000087b30000)
 concurrent mark-sweep generation total 84672K, used 25376K [0x000000009a2c0000, 0x000000009f570000, 0x0000000100000000)
 Metaspace       used 41370K, capacity 43452K, committed 43668K, reserved 1087488K
  class space    used 5095K, capacity 5476K, committed 5524K, reserved 1048576K
}
2021-01-18T18:01:46.615+0000: 33.953: Total time for which application threads were stopped: 0.0037661 seconds, Stopping threads took: 0.0000107 seconds
{Heap before GC invocations=115 (full 2):
 par new generation   total 38080K, used 35810K [0x0000000085600000, 0x0000000087f50000, 0x000000009a2c0000)
  eden space 33856K, 100% used [0x0000000085600000, 0x0000000087710000, 0x0000000087710000)
  from space 4224K,  46% used [0x0000000087b30000, 0x0000000087d18ab0, 0x0000000087f50000)
  to   space 4224K,   0% used [0x0000000087710000, 0x0000000087710000, 0x0000000087b30000)
 concurrent mark-sweep generation total 84672K, used 25376K [0x000000009a2c0000, 0x000000009f570000, 0x0000000100000000)
 Metaspace       used 41866K, capacity 43932K, committed 44180K, reserved 1087488K
  class space    used 5149K, capacity 5508K, committed 5524K, reserved 1048576K
2021-01-18T18:01:46.807+0000: 34.146: [GC (Allocation Failure) 2021-01-18T18:01:46.807+0000: 34.146: [ParNew
Desired survivor size 2162688 bytes, new threshold 6 (max 6)
- age   1:    1406120 bytes,    1406120 total
- age   2:     161760 bytes,    1567880 total
- age   3:     325784 bytes,    1893664 total
- age   4:     226848 bytes,    2120512 total
: 35810K->2410K(38080K), 0.0045959 secs] 61187K->27787K(122752K), 0.0046597 secs] [Times: user=0.01 sys=0.00, real=0.00 secs] 
Heap after GC invocations=116 (full 2):
 par new generation   total 38080K, used 2410K [0x0000000085600000, 0x0000000087f50000, 0x000000009a2c0000)
  eden space 33856K,   0% used [0x0000000085600000, 0x0000000085600000, 0x0000000087710000)
  from space 4224K,  57% used [0x0000000087710000, 0x000000008796ab10, 0x0000000087b30000)
  to   space 4224K,   0% used [0x0000000087b30000, 0x0000000087b30000, 0x0000000087f50000)
 concurrent mark-sweep generation total 84672K, used 25376K [0x000000009a2c0000, 0x000000009f570000, 0x0000000100000000)
 Metaspace       used 41866K, capacity 43932K, committed 44180K, reserved 1087488K
  class space    used 5149K, capacity 5508K, committed 5524K, reserved 1048576K
}
2021-01-18T18:01:46.812+0000: 34.150: Total time for which application threads were stopped: 0.0047959 seconds, Stopping threads took: 0.0000196 seconds
{Heap before GC invocations=116 (full 2):
 par new generation   total 38080K, used 36266K [0x0000000085600000, 0x0000000087f50000, 0x000000009a2c0000)
  eden space 33856K, 100% used [0x0000000085600000, 0x0000000087710000, 0x0000000087710000)
  from space 4224K,  57% used [0x0000000087710000, 0x000000008796ab10, 0x0000000087b30000)
  to   space 4224K,   0% used [0x0000000087b30000, 0x0000000087b30000, 0x0000000087f50000)
 concurrent mark-sweep generation total 84672K, used 25376K [0x000000009a2c0000, 0x000000009f570000, 0x0000000100000000)
 Metaspace       used 42248K, capacity 44312K, committed 44564K, reserved 1087488K
  class space    used 5208K, capacity 5568K, committed 5652K, reserved 1048576K
2021-01-18T18:01:46.966+0000: 34.305: [GC (Allocation Failure) 2021-01-18T18:01:46.966+0000: 34.305: [ParNew
Desired survivor size 2162688 bytes, new threshold 6 (max 6)
- age   1:     950688 bytes,     950688 total
- age   2:     188856 bytes,    1139544 total
- age   3:     160472 bytes,    1300016 total
- age   4:     325696 bytes,    1625712 total
- age   5:     226784 bytes,    1852496 total
: 36266K->2278K(38080K), 0.0045576 secs] 61643K->27655K(122752K), 0.0046243 secs] [Times: user=0.01 sys=0.00, real=0.00 secs] 
Heap after GC invocations=117 (full 2):
 par new generation   total 38080K, used 2278K [0x0000000085600000, 0x0000000087f50000, 0x000000009a2c0000)
  eden space 33856K,   0% used [0x0000000085600000, 0x0000000085600000, 0x0000000087710000)
  from space 4224K,  53% used [0x0000000087b30000, 0x0000000087d69ba8, 0x0000000087f50000)
  to   space 4224K,   0% used [0x0000000087710000, 0x0000000087710000, 0x0000000087b30000)
 concurrent mark-sweep generation total 84672K, used 25376K [0x000000009a2c0000, 0x000000009f570000, 0x0000000100000000)
 Metaspace       used 42248K, capacity 44312K, committed 44564K, reserved 1087488K
  class space    used 5208K, capacity 5568K, committed 5652K, reserved 1048576K
}
2021-01-18T18:01:46.971+0000: 34.309: Total time for which application threads were stopped: 0.0048052 seconds, Stopping threads took: 0.0000356 seconds
2021-01-18T18:01:47.087+0000: 34.426: Total time for which application threads were stopped: 0.0006089 seconds, Stopping threads took: 0.0000385 seconds
{Heap before GC invocations=117 (full 2):
 par new generation   total 38080K, used 36134K [0x0000000085600000, 0x0000000087f50000, 0x000000009a2c0000)
  eden space 33856K, 100% used [0x0000000085600000, 0x0000000087710000, 0x0000000087710000)
  from space 4224K,  53% used [0x0000000087b30000, 0x0000000087d69ba8, 0x0000000087f50000)
  to   space 4224K,   0% used [0x0000000087710000, 0x0000000087710000, 0x0000000087b30000)
 concurrent mark-sweep generation total 84672K, used 25376K [0x000000009a2c0000, 0x000000009f570000, 0x0000000100000000)
 Metaspace       used 42971K, capacity 45292K, committed 45588K, reserved 1089536K
  class space    used 5343K, capacity 5784K, committed 5908K, reserved 1048576K
2021-01-18T18:01:47.257+0000: 34.596: [GC (Allocation Failure) 2021-01-18T18:01:47.257+0000: 34.596: [ParNew
Desired survivor size 2162688 bytes, new threshold 5 (max 6)
- age   1:    1297328 bytes,    1297328 total
- age   2:     479920 bytes,    1777248 total
- age   3:     187888 bytes,    1965136 total
- age   4:     160472 bytes,    2125608 total
- age   5:     325664 bytes,    2451272 total
- age   6:     226688 bytes,    2677960 total
: 36134K->2883K(38080K), 0.0084510 secs] 61511K->28259K(122752K), 0.0085244 secs] [Times: user=0.04 sys=0.00, real=0.01 secs] 
Heap after GC invocations=118 (full 2):
 par new generation   total 38080K, used 2883K [0x0000000085600000, 0x0000000087f50000, 0x000000009a2c0000)
  eden space 33856K,   0% used [0x0000000085600000, 0x0000000085600000, 0x0000000087710000)
  from space 4224K,  68% used [0x0000000087710000, 0x00000000879e0c00, 0x0000000087b30000)
  to   space 4224K,   0% used [0x0000000087b30000, 0x0000000087b30000, 0x0000000087f50000)
 concurrent mark-sweep generation total 84672K, used 25376K [0x000000009a2c0000, 0x000000009f570000, 0x0000000100000000)
 Metaspace       used 42971K, capacity 45292K, committed 45588K, reserved 1089536K
  class space    used 5343K, capacity 5784K, committed 5908K, reserved 1048576K
}
2021-01-18T18:01:47.266+0000: 34.604: Total time for which application threads were stopped: 0.0087123 seconds, Stopping threads took: 0.0000239 seconds
{Heap before GC invocations=118 (full 2):
 par new generation   total 38080K, used 36739K [0x0000000085600000, 0x0000000087f50000, 0x000000009a2c0000)
  eden space 33856K, 100% used [0x0000000085600000, 0x0000000087710000, 0x0000000087710000)
  from space 4224K,  68% used [0x0000000087710000, 0x00000000879e0c00, 0x0000000087b30000)
  to   space 4224K,   0% used [0x0000000087b30000, 0x0000000087b30000, 0x0000000087f50000)
 concurrent mark-sweep generation total 84672K, used 25376K [0x000000009a2c0000, 0x000000009f570000, 0x0000000100000000)
 Metaspace       used 43542K, capacity 45874K, committed 46100K, reserved 1089536K
  class space    used 5422K, capacity 5865K, committed 5908K, reserved 1048576K
2021-01-18T18:01:47.398+0000: 34.736: [GC (Allocation Failure) 2021-01-18T18:01:47.398+0000: 34.736: [ParNew
Desired survivor size 2162688 bytes, new threshold 3 (max 6)
- age   1:    1078392 bytes,    1078392 total
- age   2:     662016 bytes,    1740408 total
- age   3:     475632 bytes,    2216040 total
- age   4:     187888 bytes,    2403928 total
- age   5:     160472 bytes,    2564400 total
: 36739K->3141K(38080K), 0.0058621 secs] 62115K->29066K(122752K), 0.0059370 secs] [Times: user=0.02 sys=0.00, real=0.01 secs] 
Heap after GC invocations=119 (full 2):
 par new generation   total 38080K, used 3141K [0x0000000085600000, 0x0000000087f50000, 0x000000009a2c0000)
  eden space 33856K,   0% used [0x0000000085600000, 0x0000000085600000, 0x0000000087710000)
  from space 4224K,  74% used [0x0000000087b30000, 0x0000000087e416d0, 0x0000000087f50000)
  to   space 4224K,   0% used [0x0000000087710000, 0x0000000087710000, 0x0000000087b30000)
 concurrent mark-sweep generation total 84672K, used 25924K [0x000000009a2c0000, 0x000000009f570000, 0x0000000100000000)
 Metaspace       used 43542K, capacity 45874K, committed 46100K, reserved 1089536K
  class space    used 5422K, capacity 5865K, committed 5908K, reserved 1048576K
}
2021-01-18T18:01:47.404+0000: 34.742: Total time for which application threads were stopped: 0.0061211 seconds, Stopping threads took: 0.0000258 seconds
{Heap before GC invocations=119 (full 2):
 par new generation   total 38080K, used 36997K [0x0000000085600000, 0x0000000087f50000, 0x000000009a2c0000)
  eden space 33856K, 100% used [0x0000000085600000, 0x0000000087710000, 0x0000000087710000)
  from space 4224K,  74% used [0x0000000087b30000, 0x0000000087e416d0, 0x0000000087f50000)
  to   space 4224K,   0% used [0x0000000087710000, 0x0000000087710000, 0x0000000087b30000)
 concurrent mark-sweep generation total 84672K, used 25924K [0x000000009a2c0000, 0x000000009f570000, 0x0000000100000000)
 Metaspace       used 43638K, capacity 46014K, committed 46100K, reserved 1089536K
  class space    used 5437K, capacity 5867K, committed 5908K, reserved 1048576K
2021-01-18T18:01:47.514+0000: 34.852: [GC (Allocation Failure) 2021-01-18T18:01:47.514+0000: 34.852: [ParNew
Desired survivor size 2162688 bytes, new threshold 2 (max 6)
- age   1:    1564344 bytes,    1564344 total
- age   2:     617056 bytes,    2181400 total
- age   3:     660472 bytes,    2841872 total
: 36997K->3795K(38080K), 0.0071115 secs] 62922K->30535K(122752K), 0.0071830 secs] [Times: user=0.03 sys=0.00, real=0.01 secs] 
Heap after GC invocations=120 (full 2):
 par new generation   total 38080K, used 3795K [0x0000000085600000, 0x0000000087f50000, 0x000000009a2c0000)
  eden space 33856K,   0% used [0x0000000085600000, 0x0000000085600000, 0x0000000087710000)
  from space 4224K,  89% used [0x0000000087710000, 0x0000000087ac4d38, 0x0000000087b30000)
  to   space 4224K,   0% used [0x0000000087b30000, 0x0000000087b30000, 0x0000000087f50000)
 concurrent mark-sweep generation total 84672K, used 26740K [0x000000009a2c0000, 0x000000009f570000, 0x0000000100000000)
 Metaspace       used 43638K, capacity 46014K, committed 46100K, reserved 1089536K
  class space    used 5437K, capacity 5867K, committed 5908K, reserved 1048576K
}
2021-01-18T18:01:47.521+0000: 34.860: Total time for which application threads were stopped: 0.0074060 seconds, Stopping threads took: 0.0000239 seconds
{Heap before GC invocations=120 (full 2):
 par new generation   total 38080K, used 37651K [0x0000000085600000, 0x0000000087f50000, 0x000000009a2c0000)
  eden space 33856K, 100% used [0x0000000085600000, 0x0000000087710000, 0x0000000087710000)
  from space 4224K,  89% used [0x0000000087710000, 0x0000000087ac4d38, 0x0000000087b30000)
  to   space 4224K,   0% used [0x0000000087b30000, 0x0000000087b30000, 0x0000000087f50000)
 concurrent mark-sweep generation total 84672K, used 26740K [0x000000009a2c0000, 0x000000009f570000, 0x0000000100000000)
 Metaspace       used 43975K, capacity 46374K, committed 46612K, reserved 1089536K
  class space    used 5470K, capacity 5901K, committed 5908K, reserved 1048576K
2021-01-18T18:01:47.637+0000: 34.976: [GC (Allocation Failure) 2021-01-18T18:01:47.637+0000: 34.976: [ParNew
Desired survivor size 2162688 bytes, new threshold 6 (max 6)
- age   1:     757840 bytes,     757840 total
- age   2:     145056 bytes,     902896 total
: 37651K->1382K(38080K), 0.0093901 secs] 64391K->29385K(122752K), 0.0094709 secs] [Times: user=0.04 sys=0.00, real=0.02 secs] 
Heap after GC invocations=121 (full 2):
 par new generation   total 38080K, used 1382K [0x0000000085600000, 0x0000000087f50000, 0x000000009a2c0000)
  eden space 33856K,   0% used [0x0000000085600000, 0x0000000085600000, 0x0000000087710000)
  from space 4224K,  32% used [0x0000000087b30000, 0x0000000087c89a18, 0x0000000087f50000)
  to   space 4224K,   0% used [0x0000000087710000, 0x0000000087710000, 0x0000000087b30000)
 concurrent mark-sweep generation total 84672K, used 28003K [0x000000009a2c0000, 0x000000009f570000, 0x0000000100000000)
 Metaspace       used 43975K, capacity 46374K, committed 46612K, reserved 1089536K
  class space    used 5470K, capacity 5901K, committed 5908K, reserved 1048576K
}
2021-01-18T18:01:47.647+0000: 34.985: Total time for which application threads were stopped: 0.0096504 seconds, Stopping threads took: 0.0000269 seconds
{Heap before GC invocations=121 (full 2):
 par new generation   total 38080K, used 35238K [0x0000000085600000, 0x0000000087f50000, 0x000000009a2c0000)
  eden space 33856K, 100% used [0x0000000085600000, 0x0000000087710000, 0x0000000087710000)
  from space 4224K,  32% used [0x0000000087b30000, 0x0000000087c89a18, 0x0000000087f50000)
  to   space 4224K,   0% used [0x0000000087710000, 0x0000000087710000, 0x0000000087b30000)
 concurrent mark-sweep generation total 84672K, used 28003K [0x000000009a2c0000, 0x000000009f570000, 0x0000000100000000)
 Metaspace       used 44062K, capacity 46480K, committed 46740K, reserved 1089536K
  class space    used 5486K, capacity 5936K, committed 6036K, reserved 1048576K
2021-01-18T18:01:47.748+0000: 35.087: [GC (Allocation Failure) 2021-01-18T18:01:47.748+0000: 35.087: [ParNew
Desired survivor size 2162688 bytes, new threshold 6 (max 6)
- age   1:     813464 bytes,     813464 total
- age   2:     404136 bytes,    1217600 total
- age   3:     142336 bytes,    1359936 total
: 35238K->1647K(38080K), 0.0040506 secs] 63241K->29650K(122752K), 0.0041144 secs] [Times: user=0.02 sys=0.00, real=0.00 secs] 
Heap after GC invocations=122 (full 2):
 par new generation   total 38080K, used 1647K [0x0000000085600000, 0x0000000087f50000, 0x000000009a2c0000)
  eden space 33856K,   0% used [0x0000000085600000, 0x0000000085600000, 0x0000000087710000)
  from space 4224K,  39% used [0x0000000087710000, 0x00000000878abdb0, 0x0000000087b30000)
  to   space 4224K,   0% used [0x0000000087b30000, 0x0000000087b30000, 0x0000000087f50000)
 concurrent mark-sweep generation total 84672K, used 28003K [0x000000009a2c0000, 0x000000009f570000, 0x0000000100000000)
 Metaspace       used 44062K, capacity 46480K, committed 46740K, reserved 1089536K
  class space    used 5486K, capacity 5936K, committed 6036K, reserved 1048576K
}
2021-01-18T18:01:47.753+0000: 35.091: Total time for which application threads were stopped: 0.0042915 seconds, Stopping threads took: 0.0000232 seconds
2021-01-18T18:01:47.884+0000: 35.222: Total time for which application threads were stopped: 0.0005696 seconds, Stopping threads took: 0.0000221 seconds
{Heap before GC invocations=122 (full 2):
 par new generation   total 38080K, used 35503K [0x0000000085600000, 0x0000000087f50000, 0x000000009a2c0000)
  eden space 33856K, 100% used [0x0000000085600000, 0x0000000087710000, 0x0000000087710000)
  from space 4224K,  39% used [0x0000000087710000, 0x00000000878abdb0, 0x0000000087b30000)
  to   space 4224K,   0% used [0x0000000087b30000, 0x0000000087b30000, 0x0000000087f50000)
 concurrent mark-sweep generation total 84672K, used 28003K [0x000000009a2c0000, 0x000000009f570000, 0x0000000100000000)
 Metaspace       used 44716K, capacity 47144K, committed 47252K, reserved 1091584K
  class space    used 5558K, capacity 5984K, committed 6036K, reserved 1048576K
2021-01-18T18:01:48.003+0000: 35.342: [GC (Allocation Failure) 2021-01-18T18:01:48.004+0000: 35.342: [ParNew
Desired survivor size 2162688 bytes, new threshold 4 (max 6)
- age   1:    1409384 bytes,    1409384 total
- age   2:     304392 bytes,    1713776 total
- age   3:     403664 bytes,    2117440 total
- age   4:     142248 bytes,    2259688 total
: 35503K->2543K(38080K), 0.0058682 secs] 63506K->30546K(122752K), 0.0059549 secs] [Times: user=0.01 sys=0.00, real=0.01 secs] 
Heap after GC invocations=123 (full 2):
 par new generation   total 38080K, used 2543K [0x0000000085600000, 0x0000000087f50000, 0x000000009a2c0000)
  eden space 33856K,   0% used [0x0000000085600000, 0x0000000085600000, 0x0000000087710000)
  from space 4224K,  60% used [0x0000000087b30000, 0x0000000087dabf10, 0x0000000087f50000)
  to   space 4224K,   0% used [0x0000000087710000, 0x0000000087710000, 0x0000000087b30000)
 concurrent mark-sweep generation total 84672K, used 28003K [0x000000009a2c0000, 0x000000009f570000, 0x0000000100000000)
 Metaspace       used 44716K, capacity 47144K, committed 47252K, reserved 1091584K
  class space    used 5558K, capacity 5984K, committed 6036K, reserved 1048576K
}
2021-01-18T18:01:48.009+0000: 35.348: Total time for which application threads were stopped: 0.0061197 seconds, Stopping threads took: 0.0000213 seconds
{Heap before GC invocations=123 (full 2):
 par new generation   total 38080K, used 36399K [0x0000000085600000, 0x0000000087f50000, 0x000000009a2c0000)
  eden space 33856K, 100% used [0x0000000085600000, 0x0000000087710000, 0x0000000087710000)
  from space 4224K,  60% used [0x0000000087b30000, 0x0000000087dabf10, 0x0000000087f50000)
  to   space 4224K,   0% used [0x0000000087710000, 0x0000000087710000, 0x0000000087b30000)
 concurrent mark-sweep generation total 84672K, used 28003K [0x000000009a2c0000, 0x000000009f570000, 0x0000000100000000)
 Metaspace       used 45343K, capacity 47816K, committed 48148K, reserved 1091584K
  class space    used 5626K, capacity 6080K, committed 6164K, reserved 1048576K
2021-01-18T18:01:48.139+0000: 35.478: [GC (Allocation Failure) 2021-01-18T18:01:48.139+0000: 35.478: [ParNew
Desired survivor size 2162688 bytes, new threshold 6 (max 6)
- age   1:    1035072 bytes,    1035072 total
- age   2:     364104 bytes,    1399176 total
- age   3:     302728 bytes,    1701904 total
- age   4:     403248 bytes,    2105152 total
: 36399K->2499K(38080K), 0.0083221 secs] 64402K->30643K(122752K), 0.0084004 secs] [Times: user=0.03 sys=0.00, real=0.01 secs] 
Heap after GC invocations=124 (full 2):
 par new generation   total 38080K, used 2499K [0x0000000085600000, 0x0000000087f50000, 0x000000009a2c0000)
  eden space 33856K,   0% used [0x0000000085600000, 0x0000000085600000, 0x0000000087710000)
  from space 4224K,  59% used [0x0000000087710000, 0x0000000087980c60, 0x0000000087b30000)
  to   space 4224K,   0% used [0x0000000087b30000, 0x0000000087b30000, 0x0000000087f50000)
 concurrent mark-sweep generation total 84672K, used 28144K [0x000000009a2c0000, 0x000000009f570000, 0x0000000100000000)
 Metaspace       used 45343K, capacity 47816K, committed 48148K, reserved 1091584K
  class space    used 5626K, capacity 6080K, committed 6164K, reserved 1048576K
}
2021-01-18T18:01:48.148+0000: 35.486: Total time for which application threads were stopped: 0.0085978 seconds, Stopping threads took: 0.0000266 seconds
{Heap before GC invocations=124 (full 2):
 par new generation   total 38080K, used 36355K [0x0000000085600000, 0x0000000087f50000, 0x000000009a2c0000)
  eden space 33856K, 100% used [0x0000000085600000, 0x0000000087710000, 0x0000000087710000)
  from space 4224K,  59% used [0x0000000087710000, 0x0000000087980c60, 0x0000000087b30000)
  to   space 4224K,   0% used [0x0000000087b30000, 0x0000000087b30000, 0x0000000087f50000)
 concurrent mark-sweep generation total 84672K, used 28144K [0x000000009a2c0000, 0x000000009f570000, 0x0000000100000000)
 Metaspace       used 45653K, capacity 48102K, committed 48404K, reserved 1091584K
  class space    used 5678K, capacity 6149K, committed 6164K, reserved 1048576K
2021-01-18T18:01:48.311+0000: 35.650: [GC (Allocation Failure) 2021-01-18T18:01:48.311+0000: 35.650: [ParNew
Desired survivor size 2162688 bytes, new threshold 4 (max 6)
- age   1:    1515888 bytes,    1515888 total
- age   2:     123616 bytes,    1639504 total
- age   3:     349864 bytes,    1989368 total
- age   4:     302680 bytes,    2292048 total
- age   5:     400816 bytes,    2692864 total
: 36355K->2871K(38080K), 0.0091757 secs] 64499K->31016K(122752K), 0.0092604 secs] [Times: user=0.03 sys=0.00, real=0.01 secs] 
Heap after GC invocations=125 (full 2):
 par new generation   total 38080K, used 2871K [0x0000000085600000, 0x0000000087f50000, 0x000000009a2c0000)
  eden space 33856K,   0% used [0x0000000085600000, 0x0000000085600000, 0x0000000087710000)
  from space 4224K,  67% used [0x0000000087b30000, 0x0000000087dfdfb0, 0x0000000087f50000)
  to   space 4224K,   0% used [0x0000000087710000, 0x0000000087710000, 0x0000000087b30000)
 concurrent mark-sweep generation total 84672K, used 28144K [0x000000009a2c0000, 0x000000009f570000, 0x0000000100000000)
 Metaspace       used 45653K, capacity 48102K, committed 48404K, reserved 1091584K
  class space    used 5678K, capacity 6149K, committed 6164K, reserved 1048576K
}
2021-01-18T18:01:48.320+0000: 35.659: Total time for which application threads were stopped: 0.0094477 seconds, Stopping threads took: 0.0000212 seconds
{Heap before GC invocations=125 (full 2):
 par new generation   total 38080K, used 36727K [0x0000000085600000, 0x0000000087f50000, 0x000000009a2c0000)
  eden space 33856K, 100% used [0x0000000085600000, 0x0000000087710000, 0x0000000087710000)
  from space 4224K,  67% used [0x0000000087b30000, 0x0000000087dfdfb0, 0x0000000087f50000)
  to   space 4224K,   0% used [0x0000000087710000, 0x0000000087710000, 0x0000000087b30000)
 concurrent mark-sweep generation total 84672K, used 28144K [0x000000009a2c0000, 0x000000009f570000, 0x0000000100000000)
 Metaspace       used 46467K, capacity 48936K, committed 49300K, reserved 1091584K
  class space    used 5746K, capacity 6214K, committed 6292K, reserved 1048576K
2021-01-18T18:01:48.490+0000: 35.828: [GC (Allocation Failure) 2021-01-18T18:01:48.490+0000: 35.828: [ParNew
Desired survivor size 2162688 bytes, new threshold 4 (max 6)
- age   1:    1634088 bytes,    1634088 total
- age   2:     256144 bytes,    1890232 total
- age   3:     120584 bytes,    2010816 total
- age   4:     348616 bytes,    2359432 total
: 36727K->2814K(38080K), 0.0075731 secs] 64872K->31660K(122752K), 0.0076295 secs] [Times: user=0.02 sys=0.00, real=0.00 secs] 
Heap after GC invocations=126 (full 2):
 par new generation   total 38080K, used 2814K [0x0000000085600000, 0x0000000087f50000, 0x000000009a2c0000)
  eden space 33856K,   0% used [0x0000000085600000, 0x0000000085600000, 0x0000000087710000)
  from space 4224K,  66% used [0x0000000087710000, 0x00000000879cfb98, 0x0000000087b30000)
  to   space 4224K,   0% used [0x0000000087b30000, 0x0000000087b30000, 0x0000000087f50000)
 concurrent mark-sweep generation total 84672K, used 28845K [0x000000009a2c0000, 0x000000009f570000, 0x0000000100000000)
 Metaspace       used 46467K, capacity 48936K, committed 49300K, reserved 1091584K
  class space    used 5746K, capacity 6214K, committed 6292K, reserved 1048576K
}
2021-01-18T18:01:48.498+0000: 35.836: Total time for which application threads were stopped: 0.0077731 seconds, Stopping threads took: 0.0000386 seconds
{Heap before GC invocations=126 (full 2):
 par new generation   total 38080K, used 36670K [0x0000000085600000, 0x0000000087f50000, 0x000000009a2c0000)
  eden space 33856K, 100% used [0x0000000085600000, 0x0000000087710000, 0x0000000087710000)
  from space 4224K,  66% used [0x0000000087710000, 0x00000000879cfb98, 0x0000000087b30000)
  to   space 4224K,   0% used [0x0000000087b30000, 0x0000000087b30000, 0x0000000087f50000)
 concurrent mark-sweep generation total 84672K, used 28845K [0x000000009a2c0000, 0x000000009f570000, 0x0000000100000000)
 Metaspace       used 46674K, capacity 49172K, committed 49300K, reserved 1091584K
  class space    used 5786K, capacity 6248K, committed 6292K, reserved 1048576K
2021-01-18T18:01:48.596+0000: 35.934: [GC (Allocation Failure) 2021-01-18T18:01:48.596+0000: 35.934: [ParNew
Desired survivor size 2162688 bytes, new threshold 1 (max 6)
- age   1:    2262536 bytes,    2262536 total
- age   2:     150496 bytes,    2413032 total
- age   3:     253928 bytes,    2666960 total
- age   4:     120560 bytes,    2787520 total
: 36670K->3063K(38080K), 0.0092887 secs] 65516K->32255K(122752K), 0.0093685 secs] [Times: user=0.03 sys=0.00, real=0.01 secs] 
Heap after GC invocations=127 (full 2):
 par new generation   total 38080K, used 3063K [0x0000000085600000, 0x0000000087f50000, 0x000000009a2c0000)
  eden space 33856K,   0% used [0x0000000085600000, 0x0000000085600000, 0x0000000087710000)
  from space 4224K,  72% used [0x0000000087b30000, 0x0000000087e2dcf8, 0x0000000087f50000)
  to   space 4224K,   0% used [0x0000000087710000, 0x0000000087710000, 0x0000000087b30000)
 concurrent mark-sweep generation total 84672K, used 29192K [0x000000009a2c0000, 0x000000009f570000, 0x0000000100000000)
 Metaspace       used 46674K, capacity 49172K, committed 49300K, reserved 1091584K
  class space    used 5786K, capacity 6248K, committed 6292K, reserved 1048576K
}
2021-01-18T18:01:48.605+0000: 35.943: Total time for which application threads were stopped: 0.0095250 seconds, Stopping threads took: 0.0000178 seconds
{Heap before GC invocations=127 (full 2):
 par new generation   total 38080K, used 36919K [0x0000000085600000, 0x0000000087f50000, 0x000000009a2c0000)
  eden space 33856K, 100% used [0x0000000085600000, 0x0000000087710000, 0x0000000087710000)
  from space 4224K,  72% used [0x0000000087b30000, 0x0000000087e2dcf8, 0x0000000087f50000)
  to   space 4224K,   0% used [0x0000000087710000, 0x0000000087710000, 0x0000000087b30000)
 concurrent mark-sweep generation total 84672K, used 29192K [0x000000009a2c0000, 0x000000009f570000, 0x0000000100000000)
 Metaspace       used 46873K, capacity 49332K, committed 49556K, reserved 1093632K
  class space    used 5812K, capacity 6280K, committed 6292K, reserved 1048576K
2021-01-18T18:01:48.816+0000: 36.154: [GC (Allocation Failure) 2021-01-18T18:01:48.816+0000: 36.154: [ParNew
Desired survivor size 2162688 bytes, new threshold 6 (max 6)
- age   1:    1633792 bytes,    1633792 total
: 36919K->2260K(38080K), 0.0111598 secs] 66111K->32036K(122752K), 0.0112605 secs] [Times: user=0.02 sys=0.00, real=0.02 secs] 
Heap after GC invocations=128 (full 2):
 par new generation   total 38080K, used 2260K [0x0000000085600000, 0x0000000087f50000, 0x000000009a2c0000)
  eden space 33856K,   0% used [0x0000000085600000, 0x0000000085600000, 0x0000000087710000)
  from space 4224K,  53% used [0x0000000087710000, 0x0000000087945350, 0x0000000087b30000)
  to   space 4224K,   0% used [0x0000000087b30000, 0x0000000087b30000, 0x0000000087f50000)
 concurrent mark-sweep generation total 84672K, used 29776K [0x000000009a2c0000, 0x000000009f570000, 0x0000000100000000)
 Metaspace       used 46873K, capacity 49332K, committed 49556K, reserved 1093632K
  class space    used 5812K, capacity 6280K, committed 6292K, reserved 1048576K
}
2021-01-18T18:01:48.827+0000: 36.165: Total time for which application threads were stopped: 0.0115274 seconds, Stopping threads took: 0.0000235 seconds
{Heap before GC invocations=128 (full 2):
 par new generation   total 38080K, used 36116K [0x0000000085600000, 0x0000000087f50000, 0x000000009a2c0000)
  eden space 33856K, 100% used [0x0000000085600000, 0x0000000087710000, 0x0000000087710000)
  from space 4224K,  53% used [0x0000000087710000, 0x0000000087945350, 0x0000000087b30000)
  to   space 4224K,   0% used [0x0000000087b30000, 0x0000000087b30000, 0x0000000087f50000)
 concurrent mark-sweep generation total 84672K, used 29776K [0x000000009a2c0000, 0x000000009f570000, 0x0000000100000000)
 Metaspace       used 47069K, capacity 49556K, committed 49940K, reserved 1093632K
  class space    used 5853K, capacity 6312K, committed 6420K, reserved 1048576K
2021-01-18T18:01:48.929+0000: 36.267: [GC (Allocation Failure) 2021-01-18T18:01:48.929+0000: 36.267: [ParNew
Desired survivor size 2162688 bytes, new threshold 6 (max 6)
- age   1:     700552 bytes,     700552 total
- age   2:      52760 bytes,     753312 total
: 36116K->850K(38080K), 0.0032879 secs] 65892K->30626K(122752K), 0.0033830 secs] [Times: user=0.00 sys=0.00, real=0.00 secs] 
Heap after GC invocations=129 (full 2):
 par new generation   total 38080K, used 850K [0x0000000085600000, 0x0000000087f50000, 0x000000009a2c0000)
  eden space 33856K,   0% used [0x0000000085600000, 0x0000000085600000, 0x0000000087710000)
  from space 4224K,  20% used [0x0000000087b30000, 0x0000000087c04820, 0x0000000087f50000)
  to   space 4224K,   0% used [0x0000000087710000, 0x0000000087710000, 0x0000000087b30000)
 concurrent mark-sweep generation total 84672K, used 29776K [0x000000009a2c0000, 0x000000009f570000, 0x0000000100000000)
 Metaspace       used 47069K, capacity 49556K, committed 49940K, reserved 1093632K
  class space    used 5853K, capacity 6312K, committed 6420K, reserved 1048576K
}
2021-01-18T18:01:48.932+0000: 36.271: Total time for which application threads were stopped: 0.0035651 seconds, Stopping threads took: 0.0000209 seconds
{Heap before GC invocations=129 (full 2):
 par new generation   total 38080K, used 34706K [0x0000000085600000, 0x0000000087f50000, 0x000000009a2c0000)
  eden space 33856K, 100% used [0x0000000085600000, 0x0000000087710000, 0x0000000087710000)
  from space 4224K,  20% used [0x0000000087b30000, 0x0000000087c04820, 0x0000000087f50000)
  to   space 4224K,   0% used [0x0000000087710000, 0x0000000087710000, 0x0000000087b30000)
 concurrent mark-sweep generation total 84672K, used 29776K [0x000000009a2c0000, 0x000000009f570000, 0x0000000100000000)
 Metaspace       used 47372K, capacity 49844K, committed 50196K, reserved 1093632K
  class space    used 5899K, capacity 6344K, committed 6420K, reserved 1048576K
2021-01-18T18:01:49.002+0000: 36.340: [GC (Allocation Failure) 2021-01-18T18:01:49.002+0000: 36.340: [ParNew
Desired survivor size 2162688 bytes, new threshold 6 (max 6)
- age   1:     449936 bytes,     449936 total
- age   2:      32272 bytes,     482208 total
- age   3:      51832 bytes,     534040 total
: 34706K->580K(38080K), 0.0047648 secs] 64482K->30356K(122752K), 0.0048224 secs] [Times: user=0.02 sys=0.00, real=0.01 secs] 
Heap after GC invocations=130 (full 2):
 par new generation   total 38080K, used 580K [0x0000000085600000, 0x0000000087f50000, 0x000000009a2c0000)
  eden space 33856K,   0% used [0x0000000085600000, 0x0000000085600000, 0x0000000087710000)
  from space 4224K,  13% used [0x0000000087710000, 0x00000000877a1130, 0x0000000087b30000)
  to   space 4224K,   0% used [0x0000000087b30000, 0x0000000087b30000, 0x0000000087f50000)
 concurrent mark-sweep generation total 84672K, used 29776K [0x000000009a2c0000, 0x000000009f570000, 0x0000000100000000)
 Metaspace       used 47372K, capacity 49844K, committed 50196K, reserved 1093632K
  class space    used 5899K, capacity 6344K, committed 6420K, reserved 1048576K
}
2021-01-18T18:01:49.007+0000: 36.345: Total time for which application threads were stopped: 0.0049619 seconds, Stopping threads took: 0.0000184 seconds
{Heap before GC invocations=130 (full 2):
 par new generation   total 38080K, used 34436K [0x0000000085600000, 0x0000000087f50000, 0x000000009a2c0000)
  eden space 33856K, 100% used [0x0000000085600000, 0x0000000087710000, 0x0000000087710000)
  from space 4224K,  13% used [0x0000000087710000, 0x00000000877a1130, 0x0000000087b30000)
  to   space 4224K,   0% used [0x0000000087b30000, 0x0000000087b30000, 0x0000000087f50000)
 concurrent mark-sweep generation total 84672K, used 29776K [0x000000009a2c0000, 0x000000009f570000, 0x0000000100000000)
 Metaspace       used 47551K, capacity 50038K, committed 50196K, reserved 1093632K
  class space    used 5938K, capacity 6409K, committed 6420K, reserved 1048576K
2021-01-18T18:01:49.136+0000: 36.475: [GC (Allocation Failure) 2021-01-18T18:01:49.136+0000: 36.475: [ParNew
Desired survivor size 2162688 bytes, new threshold 6 (max 6)
- age   1:     456480 bytes,     456480 total
- age   2:      31432 bytes,     487912 total
- age   3:      31712 bytes,     519624 total
- age   4:      50040 bytes,     569664 total
: 34436K->629K(38080K), 0.0016649 secs] 64212K->30405K(122752K), 0.0017211 secs] [Times: user=0.00 sys=0.00, real=0.00 secs] 
Heap after GC invocations=131 (full 2):
 par new generation   total 38080K, used 629K [0x0000000085600000, 0x0000000087f50000, 0x000000009a2c0000)
  eden space 33856K,   0% used [0x0000000085600000, 0x0000000085600000, 0x0000000087710000)
  from space 4224K,  14% used [0x0000000087b30000, 0x0000000087bcd578, 0x0000000087f50000)
  to   space 4224K,   0% used [0x0000000087710000, 0x0000000087710000, 0x0000000087b30000)
 concurrent mark-sweep generation total 84672K, used 29776K [0x000000009a2c0000, 0x000000009f570000, 0x0000000100000000)
 Metaspace       used 47551K, capacity 50038K, committed 50196K, reserved 1093632K
  class space    used 5938K, capacity 6409K, committed 6420K, reserved 1048576K
}
2021-01-18T18:01:49.138+0000: 36.477: Total time for which application threads were stopped: 0.0018353 seconds, Stopping threads took: 0.0000106 seconds
{Heap before GC invocations=131 (full 2):
 par new generation   total 38080K, used 34485K [0x0000000085600000, 0x0000000087f50000, 0x000000009a2c0000)
  eden space 33856K, 100% used [0x0000000085600000, 0x0000000087710000, 0x0000000087710000)
  from space 4224K,  14% used [0x0000000087b30000, 0x0000000087bcd578, 0x0000000087f50000)
  to   space 4224K,   0% used [0x0000000087710000, 0x0000000087710000, 0x0000000087b30000)
 concurrent mark-sweep generation total 84672K, used 29776K [0x000000009a2c0000, 0x000000009f570000, 0x0000000100000000)
 Metaspace       used 47737K, capacity 50198K, committed 50580K, reserved 1093632K
  class space    used 5977K, capacity 6441K, committed 6548K, reserved 1048576K
2021-01-18T18:01:49.184+0000: 36.522: [GC (Allocation Failure) 2021-01-18T18:01:49.184+0000: 36.523: [ParNew
Desired survivor size 2162688 bytes, new threshold 6 (max 6)
- age   1:      80680 bytes,      80680 total
- age   2:      35448 bytes,     116128 total
- age   3:      31016 bytes,     147144 total
- age   4:      31296 bytes,     178440 total
- age   5:      49624 bytes,     228064 total
: 34485K->308K(38080K), 0.0011506 secs] 64261K->30084K(122752K), 0.0012017 secs] [Times: user=0.01 sys=0.00, real=0.00 secs] 
Heap after GC invocations=132 (full 2):
 par new generation   total 38080K, used 308K [0x0000000085600000, 0x0000000087f50000, 0x000000009a2c0000)
  eden space 33856K,   0% used [0x0000000085600000, 0x0000000085600000, 0x0000000087710000)
  from space 4224K,   7% used [0x0000000087710000, 0x000000008775d260, 0x0000000087b30000)
  to   space 4224K,   0% used [0x0000000087b30000, 0x0000000087b30000, 0x0000000087f50000)
 concurrent mark-sweep generation total 84672K, used 29776K [0x000000009a2c0000, 0x000000009f570000, 0x0000000100000000)
 Metaspace       used 47737K, capacity 50198K, committed 50580K, reserved 1093632K
  class space    used 5977K, capacity 6441K, committed 6548K, reserved 1048576K
}
2021-01-18T18:01:49.185+0000: 36.524: Total time for which application threads were stopped: 0.0013123 seconds, Stopping threads took: 0.0000128 seconds
{Heap before GC invocations=132 (full 2):
 par new generation   total 38080K, used 34164K [0x0000000085600000, 0x0000000087f50000, 0x000000009a2c0000)
  eden space 33856K, 100% used [0x0000000085600000, 0x0000000087710000, 0x0000000087710000)
  from space 4224K,   7% used [0x0000000087710000, 0x000000008775d260, 0x0000000087b30000)
  to   space 4224K,   0% used [0x0000000087b30000, 0x0000000087b30000, 0x0000000087f50000)
 concurrent mark-sweep generation total 84672K, used 29776K [0x000000009a2c0000, 0x000000009f570000, 0x0000000100000000)
 Metaspace       used 47938K, capacity 50358K, committed 50580K, reserved 1093632K
  class space    used 6020K, capacity 6473K, committed 6548K, reserved 1048576K
2021-01-18T18:01:49.296+0000: 36.634: [GC (Allocation Failure) 2021-01-18T18:01:49.296+0000: 36.634: [ParNew
Desired survivor size 2162688 bytes, new threshold 6 (max 6)
- age   1:     588816 bytes,     588816 total
- age   2:      34496 bytes,     623312 total
- age   3:      34616 bytes,     657928 total
- age   4:      30984 bytes,     688912 total
- age   5:      31296 bytes,     720208 total
- age   6:      49624 bytes,     769832 total
: 34164K->851K(38080K), 0.0026541 secs] 63940K->30627K(122752K), 0.0027574 secs] [Times: user=0.00 sys=0.00, real=0.01 secs] 
Heap after GC invocations=133 (full 2):
 par new generation   total 38080K, used 851K [0x0000000085600000, 0x0000000087f50000, 0x000000009a2c0000)
  eden space 33856K,   0% used [0x0000000085600000, 0x0000000085600000, 0x0000000087710000)
  from space 4224K,  20% used [0x0000000087b30000, 0x0000000087c04e98, 0x0000000087f50000)
  to   space 4224K,   0% used [0x0000000087710000, 0x0000000087710000, 0x0000000087b30000)
 concurrent mark-sweep generation total 84672K, used 29776K [0x000000009a2c0000, 0x000000009f570000, 0x0000000100000000)
 Metaspace       used 47938K, capacity 50358K, committed 50580K, reserved 1093632K
  class space    used 6020K, capacity 6473K, committed 6548K, reserved 1048576K
}
2021-01-18T18:01:49.299+0000: 36.637: Total time for which application threads were stopped: 0.0029344 seconds, Stopping threads took: 0.0000180 seconds
{Heap before GC invocations=133 (full 2):
 par new generation   total 38080K, used 34707K [0x0000000085600000, 0x0000000087f50000, 0x000000009a2c0000)
  eden space 33856K, 100% used [0x0000000085600000, 0x0000000087710000, 0x0000000087710000)
  from space 4224K,  20% used [0x0000000087b30000, 0x0000000087c04e98, 0x0000000087f50000)
  to   space 4224K,   0% used [0x0000000087710000, 0x0000000087710000, 0x0000000087b30000)
 concurrent mark-sweep generation total 84672K, used 29776K [0x000000009a2c0000, 0x000000009f570000, 0x0000000100000000)
 Metaspace       used 48291K, capacity 50808K, committed 51092K, reserved 1093632K
  class space    used 6072K, capacity 6548K, committed 6548K, reserved 1048576K
2021-01-18T18:01:49.493+0000: 36.831: [GC (Allocation Failure) 2021-01-18T18:01:49.493+0000: 36.831: [ParNew
Desired survivor size 2162688 bytes, new threshold 6 (max 6)
- age   1:     614600 bytes,     614600 total
- age   2:      53640 bytes,     668240 total
- age   3:      33448 bytes,     701688 total
- age   4:      32456 bytes,     734144 total
- age   5:      31008 bytes,     765152 total
- age   6:      30272 bytes,     795424 total
: 34707K->856K(38080K), 0.0032464 secs] 64483K->30675K(122752K), 0.0033127 secs] [Times: user=0.01 sys=0.00, real=0.00 secs] 
Heap after GC invocations=134 (full 2):
 par new generation   total 38080K, used 856K [0x0000000085600000, 0x0000000087f50000, 0x000000009a2c0000)
  eden space 33856K,   0% used [0x0000000085600000, 0x0000000085600000, 0x0000000087710000)
  from space 4224K,  20% used [0x0000000087710000, 0x00000000877e6190, 0x0000000087b30000)
  to   space 4224K,   0% used [0x0000000087b30000, 0x0000000087b30000, 0x0000000087f50000)
 concurrent mark-sweep generation total 84672K, used 29819K [0x000000009a2c0000, 0x000000009f570000, 0x0000000100000000)
 Metaspace       used 48291K, capacity 50808K, committed 51092K, reserved 1093632K
  class space    used 6072K, capacity 6548K, committed 6548K, reserved 1048576K
}
2021-01-18T18:01:49.496+0000: 36.834: Total time for which application threads were stopped: 0.0035021 seconds, Stopping threads took: 0.0000154 seconds
{Heap before GC invocations=134 (full 2):
 par new generation   total 38080K, used 34712K [0x0000000085600000, 0x0000000087f50000, 0x000000009a2c0000)
  eden space 33856K, 100% used [0x0000000085600000, 0x0000000087710000, 0x0000000087710000)
  from space 4224K,  20% used [0x0000000087710000, 0x00000000877e6190, 0x0000000087b30000)
  to   space 4224K,   0% used [0x0000000087b30000, 0x0000000087b30000, 0x0000000087f50000)
 concurrent mark-sweep generation total 84672K, used 29819K [0x000000009a2c0000, 0x000000009f570000, 0x0000000100000000)
 Metaspace       used 48562K, capacity 51032K, committed 51220K, reserved 1093632K
  class space    used 6120K, capacity 6580K, committed 6676K, reserved 1048576K
2021-01-18T18:01:49.796+0000: 37.135: [GC (Allocation Failure) 2021-01-18T18:01:49.796+0000: 37.135: [ParNew
Desired survivor size 2162688 bytes, new threshold 6 (max 6)
- age   1:    1475120 bytes,    1475120 total
- age   2:      79616 bytes,    1554736 total
- age   3:      53224 bytes,    1607960 total
- age   4:      33008 bytes,    1640968 total
- age   5:      32480 bytes,    1673448 total
- age   6:      30984 bytes,    1704432 total
: 34712K->1825K(38080K), 0.0077078 secs] 64531K->31675K(122752K), 0.0078370 secs] [Times: user=0.02 sys=0.00, real=0.01 secs] 
Heap after GC invocations=135 (full 2):
 par new generation   total 38080K, used 1825K [0x0000000085600000, 0x0000000087f50000, 0x000000009a2c0000)
  eden space 33856K,   0% used [0x0000000085600000, 0x0000000085600000, 0x0000000087710000)
  from space 4224K,  43% used [0x0000000087b30000, 0x0000000087cf8508, 0x0000000087f50000)
  to   space 4224K,   0% used [0x0000000087710000, 0x0000000087710000, 0x0000000087b30000)
 concurrent mark-sweep generation total 84672K, used 29850K [0x000000009a2c0000, 0x000000009f570000, 0x0000000100000000)
 Metaspace       used 48562K, capacity 51032K, committed 51220K, reserved 1093632K
  class space    used 6120K, capacity 6580K, committed 6676K, reserved 1048576K
}
2021-01-18T18:01:49.804+0000: 37.143: Total time for which application threads were stopped: 0.0081103 seconds, Stopping threads took: 0.0000301 seconds
{Heap before GC invocations=135 (full 2):
 par new generation   total 38080K, used 35681K [0x0000000085600000, 0x0000000087f50000, 0x000000009a2c0000)
  eden space 33856K, 100% used [0x0000000085600000, 0x0000000087710000, 0x0000000087710000)
  from space 4224K,  43% used [0x0000000087b30000, 0x0000000087cf8508, 0x0000000087f50000)
  to   space 4224K,   0% used [0x0000000087710000, 0x0000000087710000, 0x0000000087b30000)
 concurrent mark-sweep generation total 84672K, used 29850K [0x000000009a2c0000, 0x000000009f570000, 0x0000000100000000)
 Metaspace       used 49109K, capacity 51622K, committed 51860K, reserved 1093632K
  class space    used 6251K, capacity 6715K, committed 6804K, reserved 1048576K
2021-01-18T18:01:49.880+0000: 37.218: [GC (Allocation Failure) 2021-01-18T18:01:49.880+0000: 37.218: [ParNew
Desired survivor size 2162688 bytes, new threshold 6 (max 6)
- age   1:     275784 bytes,     275784 total
- age   2:      77352 bytes,     353136 total
- age   3:      79216 bytes,     432352 total
- age   4:      53344 bytes,     485696 total
- age   5:      33104 bytes,     518800 total
- age   6:      32696 bytes,     551496 total
: 35681K->678K(38080K), 0.0017233 secs] 65531K->30560K(122752K), 0.0017731 secs] [Times: user=0.00 sys=0.00, real=0.00 secs] 
Heap after GC invocations=136 (full 2):
 par new generation   total 38080K, used 678K [0x0000000085600000, 0x0000000087f50000, 0x000000009a2c0000)
  eden space 33856K,   0% used [0x0000000085600000, 0x0000000085600000, 0x0000000087710000)
  from space 4224K,  16% used [0x0000000087710000, 0x00000000877b9b88, 0x0000000087b30000)
  to   space 4224K,   0% used [0x0000000087b30000, 0x0000000087b30000, 0x0000000087f50000)
 concurrent mark-sweep generation total 84672K, used 29882K [0x000000009a2c0000, 0x000000009f570000, 0x0000000100000000)
 Metaspace       used 49109K, capacity 51622K, committed 51860K, reserved 1093632K
  class space    used 6251K, capacity 6715K, committed 6804K, reserved 1048576K
}
2021-01-18T18:01:49.881+0000: 37.220: Total time for which application threads were stopped: 0.0018787 seconds, Stopping threads took: 0.0000105 seconds
{Heap before GC invocations=136 (full 2):
 par new generation   total 38080K, used 34534K [0x0000000085600000, 0x0000000087f50000, 0x000000009a2c0000)
  eden space 33856K, 100% used [0x0000000085600000, 0x0000000087710000, 0x0000000087710000)
  from space 4224K,  16% used [0x0000000087710000, 0x00000000877b9b88, 0x0000000087b30000)
  to   space 4224K,   0% used [0x0000000087b30000, 0x0000000087b30000, 0x0000000087f50000)
 concurrent mark-sweep generation total 84672K, used 29882K [0x000000009a2c0000, 0x000000009f570000, 0x0000000100000000)
 Metaspace       used 49636K, capacity 52114K, committed 52500K, reserved 1095680K
  class space    used 6356K, capacity 6813K, committed 6932K, reserved 1048576K
2021-01-18T18:01:49.990+0000: 37.329: [GC (Allocation Failure) 2021-01-18T18:01:49.990+0000: 37.329: [ParNew
Desired survivor size 2162688 bytes, new threshold 6 (max 6)
- age   1:     567168 bytes,     567168 total
- age   2:      72440 bytes,     639608 total
- age   3:      76896 bytes,     716504 total
- age   4:      79024 bytes,     795528 total
- age   5:      53344 bytes,     848872 total
- age   6:      33080 bytes,     881952 total
: 34534K->996K(38080K), 0.0034065 secs] 64416K->30912K(122752K), 0.0034853 secs] [Times: user=0.01 sys=0.00, real=0.00 secs] 
Heap after GC invocations=137 (full 2):
 par new generation   total 38080K, used 996K [0x0000000085600000, 0x0000000087f50000, 0x000000009a2c0000)
  eden space 33856K,   0% used [0x0000000085600000, 0x0000000085600000, 0x0000000087710000)
  from space 4224K,  23% used [0x0000000087b30000, 0x0000000087c293e8, 0x0000000087f50000)
  to   space 4224K,   0% used [0x0000000087710000, 0x0000000087710000, 0x0000000087b30000)
 concurrent mark-sweep generation total 84672K, used 29915K [0x000000009a2c0000, 0x000000009f570000, 0x0000000100000000)
 Metaspace       used 49636K, capacity 52114K, committed 52500K, reserved 1095680K
  class space    used 6356K, capacity 6813K, committed 6932K, reserved 1048576K
}
2021-01-18T18:01:49.994+0000: 37.332: Total time for which application threads were stopped: 0.0037061 seconds, Stopping threads took: 0.0000463 seconds
{Heap before GC invocations=137 (full 2):
 par new generation   total 38080K, used 34852K [0x0000000085600000, 0x0000000087f50000, 0x000000009a2c0000)
  eden space 33856K, 100% used [0x0000000085600000, 0x0000000087710000, 0x0000000087710000)
  from space 4224K,  23% used [0x0000000087b30000, 0x0000000087c293e8, 0x0000000087f50000)
  to   space 4224K,   0% used [0x0000000087710000, 0x0000000087710000, 0x0000000087b30000)
 concurrent mark-sweep generation total 84672K, used 29915K [0x000000009a2c0000, 0x000000009f570000, 0x0000000100000000)
 Metaspace       used 50197K, capacity 52764K, committed 53012K, reserved 1095680K
  class space    used 6420K, capacity 6880K, committed 6932K, reserved 1048576K
2021-01-18T18:01:50.103+0000: 37.441: [GC (Allocation Failure) 2021-01-18T18:01:50.103+0000: 37.441: [ParNew
Desired survivor size 2162688 bytes, new threshold 6 (max 6)
- age   1:     922280 bytes,     922280 total
- age   2:      71984 bytes,     994264 total
- age   3:      71832 bytes,    1066096 total
- age   4:      76488 bytes,    1142584 total
- age   5:      78928 bytes,    1221512 total
- age   6:      53224 bytes,    1274736 total
: 34852K->1428K(38080K), 0.0028481 secs] 64768K->31377K(122752K), 0.0028980 secs] [Times: user=0.01 sys=0.00, real=0.00 secs] 
Heap after GC invocations=138 (full 2):
 par new generation   total 38080K, used 1428K [0x0000000085600000, 0x0000000087f50000, 0x000000009a2c0000)
  eden space 33856K,   0% used [0x0000000085600000, 0x0000000085600000, 0x0000000087710000)
  from space 4224K,  33% used [0x0000000087710000, 0x00000000878750b8, 0x0000000087b30000)
  to   space 4224K,   0% used [0x0000000087b30000, 0x0000000087b30000, 0x0000000087f50000)
 concurrent mark-sweep generation total 84672K, used 29949K [0x000000009a2c0000, 0x000000009f570000, 0x0000000100000000)
 Metaspace       used 50197K, capacity 52764K, committed 53012K, reserved 1095680K
  class space    used 6420K, capacity 6880K, committed 6932K, reserved 1048576K
}
2021-01-18T18:01:50.106+0000: 37.444: Total time for which application threads were stopped: 0.0030086 seconds, Stopping threads took: 0.0000114 seconds
2021-01-18T18:01:50.179+0000: 37.517: Total time for which application threads were stopped: 0.0005883 seconds, Stopping threads took: 0.0000147 seconds
{Heap before GC invocations=138 (full 2):
 par new generation   total 38080K, used 35284K [0x0000000085600000, 0x0000000087f50000, 0x000000009a2c0000)
  eden space 33856K, 100% used [0x0000000085600000, 0x0000000087710000, 0x0000000087710000)
  from space 4224K,  33% used [0x0000000087710000, 0x00000000878750b8, 0x0000000087b30000)
  to   space 4224K,   0% used [0x0000000087b30000, 0x0000000087b30000, 0x0000000087f50000)
 concurrent mark-sweep generation total 84672K, used 29949K [0x000000009a2c0000, 0x000000009f570000, 0x0000000100000000)
 Metaspace       used 51474K, capacity 53986K, committed 54164K, reserved 1095680K
  class space    used 6552K, capacity 7009K, committed 7060K, reserved 1048576K
2021-01-18T18:01:50.441+0000: 37.780: [GC (Allocation Failure) 2021-01-18T18:01:50.441+0000: 37.780: [ParNew
Desired survivor size 2162688 bytes, new threshold 6 (max 6)
- age   1:    1443096 bytes,    1443096 total
- age   2:     127952 bytes,    1571048 total
- age   3:      71568 bytes,    1642616 total
- age   4:      71800 bytes,    1714416 total
- age   5:      76008 bytes,    1790424 total
- age   6:      78928 bytes,    1869352 total
: 35284K->2199K(38080K), 0.0037549 secs] 65233K->32202K(122752K), 0.0038171 secs] [Times: user=0.01 sys=0.00, real=0.00 secs] 
Heap after GC invocations=139 (full 2):
 par new generation   total 38080K, used 2199K [0x0000000085600000, 0x0000000087f50000, 0x000000009a2c0000)
  eden space 33856K,   0% used [0x0000000085600000, 0x0000000085600000, 0x0000000087710000)
  from space 4224K,  52% used [0x0000000087b30000, 0x0000000087d55d60, 0x0000000087f50000)
  to   space 4224K,   0% used [0x0000000087710000, 0x0000000087710000, 0x0000000087b30000)
 concurrent mark-sweep generation total 84672K, used 30002K [0x000000009a2c0000, 0x000000009f570000, 0x0000000100000000)
 Metaspace       used 51474K, capacity 53986K, committed 54164K, reserved 1095680K
  class space    used 6552K, capacity 7009K, committed 7060K, reserved 1048576K
}
2021-01-18T18:01:50.445+0000: 37.784: Total time for which application threads were stopped: 0.0039407 seconds, Stopping threads took: 0.0000112 seconds
{Heap before GC invocations=139 (full 2):
 par new generation   total 38080K, used 36055K [0x0000000085600000, 0x0000000087f50000, 0x000000009a2c0000)
  eden space 33856K, 100% used [0x0000000085600000, 0x0000000087710000, 0x0000000087710000)
  from space 4224K,  52% used [0x0000000087b30000, 0x0000000087d55d60, 0x0000000087f50000)
  to   space 4224K,   0% used [0x0000000087710000, 0x0000000087710000, 0x0000000087b30000)
 concurrent mark-sweep generation total 84672K, used 30002K [0x000000009a2c0000, 0x000000009f570000, 0x0000000100000000)
 Metaspace       used 52105K, capacity 54626K, committed 55060K, reserved 1097728K
  class space    used 6617K, capacity 7073K, committed 7188K, reserved 1048576K
2021-01-18T18:01:51.041+0000: 38.379: [GC (Allocation Failure) 2021-01-18T18:01:51.041+0000: 38.379: [ParNew
Desired survivor size 2162688 bytes, new threshold 6 (max 6)
- age   1:    1459040 bytes,    1459040 total
- age   2:     276584 bytes,    1735624 total
- age   3:     125344 bytes,    1860968 total
- age   4:      71568 bytes,    1932536 total
- age   5:      71800 bytes,    2004336 total
- age   6:      75592 bytes,    2079928 total
: 36055K->2246K(38080K), 0.0114890 secs] 66058K->32329K(122752K), 0.0116179 secs] [Times: user=0.04 sys=0.00, real=0.01 secs] 
Heap after GC invocations=140 (full 2):
 par new generation   total 38080K, used 2246K [0x0000000085600000, 0x0000000087f50000, 0x000000009a2c0000)
  eden space 33856K,   0% used [0x0000000085600000, 0x0000000085600000, 0x0000000087710000)
  from space 4224K,  53% used [0x0000000087710000, 0x0000000087941ad8, 0x0000000087b30000)
  to   space 4224K,   0% used [0x0000000087b30000, 0x0000000087b30000, 0x0000000087f50000)
 concurrent mark-sweep generation total 84672K, used 30082K [0x000000009a2c0000, 0x000000009f570000, 0x0000000100000000)
 Metaspace       used 52105K, capacity 54626K, committed 55060K, reserved 1097728K
  class space    used 6617K, capacity 7073K, committed 7188K, reserved 1048576K
}
2021-01-18T18:01:51.052+0000: 38.391: Total time for which application threads were stopped: 0.0120794 seconds, Stopping threads took: 0.0001478 seconds
{Heap before GC invocations=140 (full 2):
 par new generation   total 38080K, used 36102K [0x0000000085600000, 0x0000000087f50000, 0x000000009a2c0000)
  eden space 33856K, 100% used [0x0000000085600000, 0x0000000087710000, 0x0000000087710000)
  from space 4224K,  53% used [0x0000000087710000, 0x0000000087941ad8, 0x0000000087b30000)
  to   space 4224K,   0% used [0x0000000087b30000, 0x0000000087b30000, 0x0000000087f50000)
 concurrent mark-sweep generation total 84672K, used 30082K [0x000000009a2c0000, 0x000000009f570000, 0x0000000100000000)
 Metaspace       used 52705K, capacity 55146K, committed 55316K, reserved 1097728K
  class space    used 6702K, capacity 7139K, committed 7188K, reserved 1048576K
2021-01-18T18:01:51.143+0000: 38.482: [GC (Allocation Failure) 2021-01-18T18:01:51.143+0000: 38.482: [ParNew
Desired survivor size 2162688 bytes, new threshold 6 (max 6)
- age   1:     385608 bytes,     385608 total
- age   2:    1109544 bytes,    1495152 total
- age   3:     275224 bytes,    1770376 total
- age   4:     124856 bytes,    1895232 total
- age   5:      71536 bytes,    1966768 total
- age   6:      71800 bytes,    2038568 total
: 36102K->2878K(38080K), 0.0028198 secs] 66185K->33037K(122752K), 0.0028965 secs] [Times: user=0.01 sys=0.00, real=0.01 secs] 
Heap after GC invocations=141 (full 2):
 par new generation   total 38080K, used 2878K [0x0000000085600000, 0x0000000087f50000, 0x000000009a2c0000)
  eden space 33856K,   0% used [0x0000000085600000, 0x0000000085600000, 0x0000000087710000)
  from space 4224K,  68% used [0x0000000087b30000, 0x0000000087dff8d8, 0x0000000087f50000)
  to   space 4224K,   0% used [0x0000000087710000, 0x0000000087710000, 0x0000000087b30000)
 concurrent mark-sweep generation total 84672K, used 30159K [0x000000009a2c0000, 0x000000009f570000, 0x0000000100000000)
 Metaspace       used 52705K, capacity 55146K, committed 55316K, reserved 1097728K
  class space    used 6702K, capacity 7139K, committed 7188K, reserved 1048576K
}
2021-01-18T18:01:51.146+0000: 38.485: Total time for which application threads were stopped: 0.0030235 seconds, Stopping threads took: 0.0000129 seconds
{Heap before GC invocations=141 (full 2):
 par new generation   total 38080K, used 36734K [0x0000000085600000, 0x0000000087f50000, 0x000000009a2c0000)
  eden space 33856K, 100% used [0x0000000085600000, 0x0000000087710000, 0x0000000087710000)
  from space 4224K,  68% used [0x0000000087b30000, 0x0000000087dff8d8, 0x0000000087f50000)
  to   space 4224K,   0% used [0x0000000087710000, 0x0000000087710000, 0x0000000087b30000)
 concurrent mark-sweep generation total 84672K, used 30159K [0x000000009a2c0000, 0x000000009f570000, 0x0000000100000000)
 Metaspace       used 53306K, capacity 55850K, committed 56212K, reserved 1097728K
  class space    used 6759K, capacity 7203K, committed 7316K, reserved 1048576K
2021-01-18T18:01:51.245+0000: 38.584: [GC (Allocation Failure) 2021-01-18T18:01:51.245+0000: 38.584: [ParNew
Desired survivor size 2162688 bytes, new threshold 6 (max 6)
- age   1:     370232 bytes,     370232 total
- age   2:     191648 bytes,     561880 total
- age   3:    1108712 bytes,    1670592 total
- age   4:     275224 bytes,    1945816 total
- age   5:     124856 bytes,    2070672 total
- age   6:      71536 bytes,    2142208 total
: 36734K->3295K(38080K), 0.0030154 secs] 66893K->33528K(122752K), 0.0030705 secs] [Times: user=0.01 sys=0.00, real=0.01 secs] 
Heap after GC invocations=142 (full 2):
 par new generation   total 38080K, used 3295K [0x0000000085600000, 0x0000000087f50000, 0x000000009a2c0000)
  eden space 33856K,   0% used [0x0000000085600000, 0x0000000085600000, 0x0000000087710000)
  from space 4224K,  78% used [0x0000000087710000, 0x0000000087a47dd8, 0x0000000087b30000)
  to   space 4224K,   0% used [0x0000000087b30000, 0x0000000087b30000, 0x0000000087f50000)
 concurrent mark-sweep generation total 84672K, used 30233K [0x000000009a2c0000, 0x000000009f570000, 0x0000000100000000)
 Metaspace       used 53306K, capacity 55850K, committed 56212K, reserved 1097728K
  class space    used 6759K, capacity 7203K, committed 7316K, reserved 1048576K
}
2021-01-18T18:01:51.248+0000: 38.587: Total time for which application threads were stopped: 0.0031934 seconds, Stopping threads took: 0.0000121 seconds
{Heap before GC invocations=142 (full 2):
 par new generation   total 38080K, used 37151K [0x0000000085600000, 0x0000000087f50000, 0x000000009a2c0000)
  eden space 33856K, 100% used [0x0000000085600000, 0x0000000087710000, 0x0000000087710000)
  from space 4224K,  78% used [0x0000000087710000, 0x0000000087a47dd8, 0x0000000087b30000)
  to   space 4224K,   0% used [0x0000000087b30000, 0x0000000087b30000, 0x0000000087f50000)
 concurrent mark-sweep generation total 84672K, used 30233K [0x000000009a2c0000, 0x000000009f570000, 0x0000000100000000)
 Metaspace       used 53681K, capacity 56240K, committed 56468K, reserved 1097728K
  class space    used 6826K, capacity 7268K, committed 7316K, reserved 1048576K
2021-01-18T18:01:51.317+0000: 38.655: [GC (Allocation Failure) 2021-01-18T18:01:51.317+0000: 38.655: [ParNew
Desired survivor size 2162688 bytes, new threshold 6 (max 6)
- age   1:     241760 bytes,     241760 total
- age   2:     112216 bytes,     353976 total
- age   3:     190992 bytes,     544968 total
- age   4:    1108712 bytes,    1653680 total
- age   5:     274392 bytes,    1928072 total
- age   6:     124840 bytes,    2052912 total
: 37151K->3357K(38080K), 0.0043541 secs] 67384K->33663K(122752K), 0.0044190 secs] [Times: user=0.01 sys=0.00, real=0.01 secs] 
Heap after GC invocations=143 (full 2):
 par new generation   total 38080K, used 3357K [0x0000000085600000, 0x0000000087f50000, 0x000000009a2c0000)
  eden space 33856K,   0% used [0x0000000085600000, 0x0000000085600000, 0x0000000087710000)
  from space 4224K,  79% used [0x0000000087b30000, 0x0000000087e77558, 0x0000000087f50000)
  to   space 4224K,   0% used [0x0000000087710000, 0x0000000087710000, 0x0000000087b30000)
 concurrent mark-sweep generation total 84672K, used 30306K [0x000000009a2c0000, 0x000000009f570000, 0x0000000100000000)
 Metaspace       used 53681K, capacity 56240K, committed 56468K, reserved 1097728K
  class space    used 6826K, capacity 7268K, committed 7316K, reserved 1048576K
}
2021-01-18T18:01:51.321+0000: 38.660: Total time for which application threads were stopped: 0.0045512 seconds, Stopping threads took: 0.0000178 seconds
2021-01-18T18:01:51.475+0000: 38.814: Total time for which application threads were stopped: 0.0004846 seconds, Stopping threads took: 0.0000237 seconds
{Heap before GC invocations=143 (full 2):
 par new generation   total 38080K, used 37213K [0x0000000085600000, 0x0000000087f50000, 0x000000009a2c0000)
  eden space 33856K, 100% used [0x0000000085600000, 0x0000000087710000, 0x0000000087710000)
  from space 4224K,  79% used [0x0000000087b30000, 0x0000000087e77558, 0x0000000087f50000)
  to   space 4224K,   0% used [0x0000000087710000, 0x0000000087710000, 0x0000000087b30000)
 concurrent mark-sweep generation total 84672K, used 30306K [0x000000009a2c0000, 0x000000009f570000, 0x0000000100000000)
 Metaspace       used 54298K, capacity 56846K, committed 57364K, reserved 1099776K
  class space    used 6896K, capacity 7337K, committed 7444K, reserved 1048576K
2021-01-18T18:01:51.529+0000: 38.867: [GC (Allocation Failure) 2021-01-18T18:01:51.529+0000: 38.867: [ParNew
Desired survivor size 2162688 bytes, new threshold 5 (max 6)
- age   1:    1326744 bytes,    1326744 total
- age   2:      95544 bytes,    1422288 total
- age   3:     103456 bytes,    1525744 total
- age   4:     190816 bytes,    1716560 total
- age   5:    1108712 bytes,    2825272 total
- age   6:     274336 bytes,    3099608 total
: 37213K->3536K(38080K), 0.0072115 secs] 67519K->33968K(122752K), 0.0072866 secs] [Times: user=0.03 sys=0.00, real=0.00 secs] 
Heap after GC invocations=144 (full 2):
 par new generation   total 38080K, used 3536K [0x0000000085600000, 0x0000000087f50000, 0x000000009a2c0000)
  eden space 33856K,   0% used [0x0000000085600000, 0x0000000085600000, 0x0000000087710000)
  from space 4224K,  83% used [0x0000000087710000, 0x0000000087a843f0, 0x0000000087b30000)
  to   space 4224K,   0% used [0x0000000087b30000, 0x0000000087b30000, 0x0000000087f50000)
 concurrent mark-sweep generation total 84672K, used 30431K [0x000000009a2c0000, 0x000000009f570000, 0x0000000100000000)
 Metaspace       used 54298K, capacity 56846K, committed 57364K, reserved 1099776K
  class space    used 6896K, capacity 7337K, committed 7444K, reserved 1048576K
}
2021-01-18T18:01:51.536+0000: 38.875: Total time for which application threads were stopped: 0.0074375 seconds, Stopping threads took: 0.0000260 seconds
{Heap before GC invocations=144 (full 2):
 par new generation   total 38080K, used 37392K [0x0000000085600000, 0x0000000087f50000, 0x000000009a2c0000)
  eden space 33856K, 100% used [0x0000000085600000, 0x0000000087710000, 0x0000000087710000)
  from space 4224K,  83% used [0x0000000087710000, 0x0000000087a843f0, 0x0000000087b30000)
  to   space 4224K,   0% used [0x0000000087b30000, 0x0000000087b30000, 0x0000000087f50000)
 concurrent mark-sweep generation total 84672K, used 30431K [0x000000009a2c0000, 0x000000009f570000, 0x0000000100000000)
 Metaspace       used 54863K, capacity 57380K, committed 57748K, reserved 1099776K
  class space    used 6990K, capacity 7470K, committed 7572K, reserved 1048576K
2021-01-18T18:01:51.631+0000: 38.970: [GC (Allocation Failure) 2021-01-18T18:01:51.631+0000: 38.970: [ParNew
Desired survivor size 2162688 bytes, new threshold 6 (max 6)
- age   1:     557032 bytes,     557032 total
- age   2:     960400 bytes,    1517432 total
- age   3:      93584 bytes,    1611016 total
- age   4:     103040 bytes,    1714056 total
- age   5:     190816 bytes,    1904872 total
: 37392K->3283K(38080K), 0.0116502 secs] 67824K->35091K(122752K), 0.0117151 secs] [Times: user=0.03 sys=0.00, real=0.01 secs] 
Heap after GC invocations=145 (full 2):
 par new generation   total 38080K, used 3283K [0x0000000085600000, 0x0000000087f50000, 0x000000009a2c0000)
  eden space 33856K,   0% used [0x0000000085600000, 0x0000000085600000, 0x0000000087710000)
  from space 4224K,  77% used [0x0000000087b30000, 0x0000000087e64ea8, 0x0000000087f50000)
  to   space 4224K,   0% used [0x0000000087710000, 0x0000000087710000, 0x0000000087b30000)
 concurrent mark-sweep generation total 84672K, used 31807K [0x000000009a2c0000, 0x000000009f570000, 0x0000000100000000)
 Metaspace       used 54863K, capacity 57380K, committed 57748K, reserved 1099776K
  class space    used 6990K, capacity 7470K, committed 7572K, reserved 1048576K
}
2021-01-18T18:01:51.643+0000: 38.981: Total time for which application threads were stopped: 0.0118596 seconds, Stopping threads took: 0.0000207 seconds
{Heap before GC invocations=145 (full 2):
 par new generation   total 38080K, used 37139K [0x0000000085600000, 0x0000000087f50000, 0x000000009a2c0000)
  eden space 33856K, 100% used [0x0000000085600000, 0x0000000087710000, 0x0000000087710000)
  from space 4224K,  77% used [0x0000000087b30000, 0x0000000087e64ea8, 0x0000000087f50000)
  to   space 4224K,   0% used [0x0000000087710000, 0x0000000087710000, 0x0000000087b30000)
 concurrent mark-sweep generation total 84672K, used 31807K [0x000000009a2c0000, 0x000000009f570000, 0x0000000100000000)
 Metaspace       used 55178K, capacity 57674K, committed 58004K, reserved 1099776K
  class space    used 7042K, capacity 7503K, committed 7572K, reserved 1048576K
2021-01-18T18:01:51.736+0000: 39.074: [GC (Allocation Failure) 2021-01-18T18:01:51.736+0000: 39.074: [ParNew
Desired survivor size 2162688 bytes, new threshold 6 (max 6)
- age   1:     379048 bytes,     379048 total
- age   2:     121256 bytes,     500304 total
- age   3:     959568 bytes,    1459872 total
- age   4:      93584 bytes,    1553456 total
- age   5:     103040 bytes,    1656496 total
- age   6:     190816 bytes,    1847312 total
: 37139K->2536K(38080K), 0.0065284 secs] 68947K->34343K(122752K), 0.0066059 secs] [Times: user=0.03 sys=0.00, real=0.01 secs] 
Heap after GC invocations=146 (full 2):
 par new generation   total 38080K, used 2536K [0x0000000085600000, 0x0000000087f50000, 0x000000009a2c0000)
  eden space 33856K,   0% used [0x0000000085600000, 0x0000000085600000, 0x0000000087710000)
  from space 4224K,  60% used [0x0000000087710000, 0x000000008798a1b8, 0x0000000087b30000)
  to   space 4224K,   0% used [0x0000000087b30000, 0x0000000087b30000, 0x0000000087f50000)
 concurrent mark-sweep generation total 84672K, used 31807K [0x000000009a2c0000, 0x000000009f570000, 0x0000000100000000)
 Metaspace       used 55178K, capacity 57674K, committed 58004K, reserved 1099776K
  class space    used 7042K, capacity 7503K, committed 7572K, reserved 1048576K
}
2021-01-18T18:01:51.742+0000: 39.081: Total time for which application threads were stopped: 0.0067417 seconds, Stopping threads took: 0.0000215 seconds
{Heap before GC invocations=146 (full 2):
 par new generation   total 38080K, used 36392K [0x0000000085600000, 0x0000000087f50000, 0x000000009a2c0000)
  eden space 33856K, 100% used [0x0000000085600000, 0x0000000087710000, 0x0000000087710000)
  from space 4224K,  60% used [0x0000000087710000, 0x000000008798a1b8, 0x0000000087b30000)
  to   space 4224K,   0% used [0x0000000087b30000, 0x0000000087b30000, 0x0000000087f50000)
 concurrent mark-sweep generation total 84672K, used 31807K [0x000000009a2c0000, 0x000000009f570000, 0x0000000100000000)
 Metaspace       used 55631K, capacity 58194K, committed 58516K, reserved 1099776K
  class space    used 7101K, capacity 7569K, committed 7572K, reserved 1048576K
2021-01-18T18:01:51.838+0000: 39.177: [GC (Allocation Failure) 2021-01-18T18:01:51.838+0000: 39.177: [ParNew
Desired survivor size 2162688 bytes, new threshold 4 (max 6)
- age   1:    1130576 bytes,    1130576 total
- age   2:      76584 bytes,    1207160 total
- age   3:     119624 bytes,    1326784 total
- age   4:     954416 bytes,    2281200 total
- age   5:      86760 bytes,    2367960 total
- age   6:     103040 bytes,    2471000 total
: 36392K->2813K(38080K), 0.0133488 secs] 68199K->34812K(122752K), 0.0134242 secs] [Times: user=0.04 sys=0.01, real=0.01 secs] 
Heap after GC invocations=147 (full 2):
 par new generation   total 38080K, used 2813K [0x0000000085600000, 0x0000000087f50000, 0x000000009a2c0000)
  eden space 33856K,   0% used [0x0000000085600000, 0x0000000085600000, 0x0000000087710000)
  from space 4224K,  66% used [0x0000000087b30000, 0x0000000087def428, 0x0000000087f50000)
  to   space 4224K,   0% used [0x0000000087710000, 0x0000000087710000, 0x0000000087b30000)
 concurrent mark-sweep generation total 84672K, used 31999K [0x000000009a2c0000, 0x000000009f570000, 0x0000000100000000)
 Metaspace       used 55631K, capacity 58194K, committed 58516K, reserved 1099776K
  class space    used 7101K, capacity 7569K, committed 7572K, reserved 1048576K
}
2021-01-18T18:01:51.852+0000: 39.190: Total time for which application threads were stopped: 0.0135663 seconds, Stopping threads took: 0.0000226 seconds
{Heap before GC invocations=147 (full 2):
 par new generation   total 38080K, used 36669K [0x0000000085600000, 0x0000000087f50000, 0x000000009a2c0000)
  eden space 33856K, 100% used [0x0000000085600000, 0x0000000087710000, 0x0000000087710000)
  from space 4224K,  66% used [0x0000000087b30000, 0x0000000087def428, 0x0000000087f50000)
  to   space 4224K,   0% used [0x0000000087710000, 0x0000000087710000, 0x0000000087b30000)
 concurrent mark-sweep generation total 84672K, used 31999K [0x000000009a2c0000, 0x000000009f570000, 0x0000000100000000)
 Metaspace       used 56425K, capacity 58994K, committed 59412K, reserved 1101824K
  class space    used 7187K, capacity 7665K, committed 7700K, reserved 1048576K
2021-01-18T18:01:51.940+0000: 39.279: [GC (Allocation Failure) 2021-01-18T18:01:51.940+0000: 39.279: [ParNew
Desired survivor size 2162688 bytes, new threshold 6 (max 6)
- age   1:     859320 bytes,     859320 total
- age   2:     388856 bytes,    1248176 total
- age   3:      76168 bytes,    1324344 total
- age   4:     119040 bytes,    1443384 total
: 36669K->2794K(38080K), 0.0104515 secs] 68668K->35936K(122752K), 0.0105342 secs] [Times: user=0.04 sys=0.01, real=0.01 secs] 
Heap after GC invocations=148 (full 2):
 par new generation   total 38080K, used 2794K [0x0000000085600000, 0x0000000087f50000, 0x000000009a2c0000)
  eden space 33856K,   0% used [0x0000000085600000, 0x0000000085600000, 0x0000000087710000)
  from space 4224K,  66% used [0x0000000087710000, 0x00000000879caa80, 0x0000000087b30000)
  to   space 4224K,   0% used [0x0000000087b30000, 0x0000000087b30000, 0x0000000087f50000)
 concurrent mark-sweep generation total 84672K, used 33142K [0x000000009a2c0000, 0x000000009f570000, 0x0000000100000000)
 Metaspace       used 56425K, capacity 58994K, committed 59412K, reserved 1101824K
  class space    used 7187K, capacity 7665K, committed 7700K, reserved 1048576K
}
2021-01-18T18:01:51.951+0000: 39.289: Total time for which application threads were stopped: 0.0106715 seconds, Stopping threads took: 0.0000210 seconds
{Heap before GC invocations=148 (full 2):
 par new generation   total 38080K, used 36650K [0x0000000085600000, 0x0000000087f50000, 0x000000009a2c0000)
  eden space 33856K, 100% used [0x0000000085600000, 0x0000000087710000, 0x0000000087710000)
  from space 4224K,  66% used [0x0000000087710000, 0x00000000879caa80, 0x0000000087b30000)
  to   space 4224K,   0% used [0x0000000087b30000, 0x0000000087b30000, 0x0000000087f50000)
 concurrent mark-sweep generation total 84672K, used 33142K [0x000000009a2c0000, 0x000000009f570000, 0x0000000100000000)
 Metaspace       used 56659K, capacity 59230K, committed 59412K, reserved 1101824K
  class space    used 7233K, capacity 7699K, committed 7700K, reserved 1048576K
2021-01-18T18:01:52.084+0000: 39.422: [GC (Allocation Failure) 2021-01-18T18:01:52.084+0000: 39.422: [ParNew
Desired survivor size 2162688 bytes, new threshold 6 (max 6)
- age   1:     300944 bytes,     300944 total
- age   2:      72720 bytes,     373664 total
- age   3:     387456 bytes,     761120 total
- age   4:      76168 bytes,     837288 total
- age   5:     119040 bytes,     956328 total
: 36650K->1250K(38080K), 0.0024315 secs] 69792K->34392K(122752K), 0.0024814 secs] [Times: user=0.01 sys=0.00, real=0.01 secs] 
Heap after GC invocations=149 (full 2):
 par new generation   total 38080K, used 1250K [0x0000000085600000, 0x0000000087f50000, 0x000000009a2c0000)
  eden space 33856K,   0% used [0x0000000085600000, 0x0000000085600000, 0x0000000087710000)
  from space 4224K,  29% used [0x0000000087b30000, 0x0000000087c68910, 0x0000000087f50000)
  to   space 4224K,   0% used [0x0000000087710000, 0x0000000087710000, 0x0000000087b30000)
 concurrent mark-sweep generation total 84672K, used 33142K [0x000000009a2c0000, 0x000000009f570000, 0x0000000100000000)
 Metaspace       used 56659K, capacity 59230K, committed 59412K, reserved 1101824K
  class space    used 7233K, capacity 7699K, committed 7700K, reserved 1048576K
}
2021-01-18T18:01:52.086+0000: 39.425: Total time for which application threads were stopped: 0.0026618 seconds, Stopping threads took: 0.0000117 seconds
{Heap before GC invocations=149 (full 2):
 par new generation   total 38080K, used 35106K [0x0000000085600000, 0x0000000087f50000, 0x000000009a2c0000)
  eden space 33856K, 100% used [0x0000000085600000, 0x0000000087710000, 0x0000000087710000)
  from space 4224K,  29% used [0x0000000087b30000, 0x0000000087c68910, 0x0000000087f50000)
  to   space 4224K,   0% used [0x0000000087710000, 0x0000000087710000, 0x0000000087b30000)
 concurrent mark-sweep generation total 84672K, used 33142K [0x000000009a2c0000, 0x000000009f570000, 0x0000000100000000)
 Metaspace       used 56868K, capacity 59422K, committed 59796K, reserved 1101824K
  class space    used 7280K, capacity 7763K, committed 7828K, reserved 1048576K
2021-01-18T18:01:52.134+0000: 39.473: [GC (Allocation Failure) 2021-01-18T18:01:52.134+0000: 39.473: [ParNew
Desired survivor size 2162688 bytes, new threshold 6 (max 6)
- age   1:     342232 bytes,     342232 total
- age   2:      70920 bytes,     413152 total
- age   3:      72424 bytes,     485576 total
- age   4:     387464 bytes,     873040 total
- age   5:      76312 bytes,     949352 total
- age   6:     119256 bytes,    1068608 total
: 35106K->1664K(38080K), 0.0022802 secs] 68248K->34807K(122752K), 0.0023518 secs] [Times: user=0.00 sys=0.00, real=0.00 secs] 
Heap after GC invocations=150 (full 2):
 par new generation   total 38080K, used 1664K [0x0000000085600000, 0x0000000087f50000, 0x000000009a2c0000)
  eden space 33856K,   0% used [0x0000000085600000, 0x0000000085600000, 0x0000000087710000)
  from space 4224K,  39% used [0x0000000087710000, 0x00000000878b0328, 0x0000000087b30000)
  to   space 4224K,   0% used [0x0000000087b30000, 0x0000000087b30000, 0x0000000087f50000)
 concurrent mark-sweep generation total 84672K, used 33142K [0x000000009a2c0000, 0x000000009f570000, 0x0000000100000000)
 Metaspace       used 56868K, capacity 59422K, committed 59796K, reserved 1101824K
  class space    used 7280K, capacity 7763K, committed 7828K, reserved 1048576K
}
2021-01-18T18:01:52.137+0000: 39.475: Total time for which application threads were stopped: 0.0024742 seconds, Stopping threads took: 0.0000132 seconds
{Heap before GC invocations=150 (full 2):
 par new generation   total 38080K, used 35520K [0x0000000085600000, 0x0000000087f50000, 0x000000009a2c0000)
  eden space 33856K, 100% used [0x0000000085600000, 0x0000000087710000, 0x0000000087710000)
  from space 4224K,  39% used [0x0000000087710000, 0x00000000878b0328, 0x0000000087b30000)
  to   space 4224K,   0% used [0x0000000087b30000, 0x0000000087b30000, 0x0000000087f50000)
 concurrent mark-sweep generation total 84672K, used 33142K [0x000000009a2c0000, 0x000000009f570000, 0x0000000100000000)
 Metaspace       used 57137K, capacity 59742K, committed 60052K, reserved 1101824K
  class space    used 7349K, capacity 7827K, committed 7828K, reserved 1048576K
2021-01-18T18:01:52.213+0000: 39.552: [GC (Allocation Failure) 2021-01-18T18:01:52.213+0000: 39.552: [ParNew
Desired survivor size 2162688 bytes, new threshold 6 (max 6)
- age   1:     215360 bytes,     215360 total
- age   2:      30888 bytes,     246248 total
- age   3:      69912 bytes,     316160 total
- age   4:      72304 bytes,     388464 total
- age   5:     387368 bytes,     775832 total
- age   6:      76168 bytes,     852000 total
: 35520K->970K(38080K), 0.0022679 secs] 68663K->34232K(122752K), 0.0023198 secs] [Times: user=0.01 sys=0.00, real=0.00 secs] 
Heap after GC invocations=151 (full 2):
 par new generation   total 38080K, used 970K [0x0000000085600000, 0x0000000087f50000, 0x000000009a2c0000)
  eden space 33856K,   0% used [0x0000000085600000, 0x0000000085600000, 0x0000000087710000)
  from space 4224K,  22% used [0x0000000087b30000, 0x0000000087c22938, 0x0000000087f50000)
  to   space 4224K,   0% used [0x0000000087710000, 0x0000000087710000, 0x0000000087b30000)
 concurrent mark-sweep generation total 84672K, used 33262K [0x000000009a2c0000, 0x000000009f570000, 0x0000000100000000)
 Metaspace       used 57137K, capacity 59742K, committed 60052K, reserved 1101824K
  class space    used 7349K, capacity 7827K, committed 7828K, reserved 1048576K
}
2021-01-18T18:01:52.216+0000: 39.554: Total time for which application threads were stopped: 0.0024434 seconds, Stopping threads took: 0.0000205 seconds
{Heap before GC invocations=151 (full 2):
 par new generation   total 38080K, used 34826K [0x0000000085600000, 0x0000000087f50000, 0x000000009a2c0000)
  eden space 33856K, 100% used [0x0000000085600000, 0x0000000087710000, 0x0000000087710000)
  from space 4224K,  22% used [0x0000000087b30000, 0x0000000087c22938, 0x0000000087f50000)
  to   space 4224K,   0% used [0x0000000087710000, 0x0000000087710000, 0x0000000087b30000)
 concurrent mark-sweep generation total 84672K, used 33262K [0x000000009a2c0000, 0x000000009f570000, 0x0000000100000000)
 Metaspace       used 57333K, capacity 59908K, committed 60180K, reserved 1101824K
  class space    used 7395K, capacity 7860K, committed 7956K, reserved 1048576K
2021-01-18T18:01:52.265+0000: 39.603: [GC (Allocation Failure) 2021-01-18T18:01:52.265+0000: 39.603: [ParNew
Desired survivor size 2162688 bytes, new threshold 6 (max 6)
- age   1:      72272 bytes,      72272 total
- age   2:      45168 bytes,     117440 total
- age   3:      29944 bytes,     147384 total
- age   4:      69496 bytes,     216880 total
- age   5:      72304 bytes,     289184 total
- age   6:     387456 bytes,     676640 total
: 34826K->824K(38080K), 0.0018187 secs] 68088K->34164K(122752K), 0.0018777 secs] [Times: user=0.01 sys=0.00, real=0.01 secs] 
Heap after GC invocations=152 (full 2):
 par new generation   total 38080K, used 824K [0x0000000085600000, 0x0000000087f50000, 0x000000009a2c0000)
  eden space 33856K,   0% used [0x0000000085600000, 0x0000000085600000, 0x0000000087710000)
  from space 4224K,  19% used [0x0000000087710000, 0x00000000877de068, 0x0000000087b30000)
  to   space 4224K,   0% used [0x0000000087b30000, 0x0000000087b30000, 0x0000000087f50000)
 concurrent mark-sweep generation total 84672K, used 33339K [0x000000009a2c0000, 0x000000009f570000, 0x0000000100000000)
 Metaspace       used 57333K, capacity 59908K, committed 60180K, reserved 1101824K
  class space    used 7395K, capacity 7860K, committed 7956K, reserved 1048576K
}
2021-01-18T18:01:52.266+0000: 39.605: Total time for which application threads were stopped: 0.0019967 seconds, Stopping threads took: 0.0000152 seconds
{Heap before GC invocations=152 (full 2):
 par new generation   total 38080K, used 34680K [0x0000000085600000, 0x0000000087f50000, 0x000000009a2c0000)
  eden space 33856K, 100% used [0x0000000085600000, 0x0000000087710000, 0x0000000087710000)
  from space 4224K,  19% used [0x0000000087710000, 0x00000000877de068, 0x0000000087b30000)
  to   space 4224K,   0% used [0x0000000087b30000, 0x0000000087b30000, 0x0000000087f50000)
 concurrent mark-sweep generation total 84672K, used 33339K [0x000000009a2c0000, 0x000000009f570000, 0x0000000100000000)
 Metaspace       used 57566K, capacity 60174K, committed 60436K, reserved 1101824K
  class space    used 7439K, capacity 7899K, committed 7956K, reserved 1048576K
2021-01-18T18:01:52.324+0000: 39.663: [GC (Allocation Failure) 2021-01-18T18:01:52.324+0000: 39.663: [ParNew
Desired survivor size 2162688 bytes, new threshold 6 (max 6)
- age   1:     132616 bytes,     132616 total
- age   2:      26904 bytes,     159520 total
- age   3:      44472 bytes,     203992 total
- age   4:      29944 bytes,     233936 total
- age   5:      69096 bytes,     303032 total
- age   6:      72304 bytes,     375336 total
: 34680K->503K(38080K), 0.0024763 secs] 68020K->34229K(122752K), 0.0025485 secs] [Times: user=0.01 sys=0.00, real=0.01 secs] 
Heap after GC invocations=153 (full 2):
 par new generation   total 38080K, used 503K [0x0000000085600000, 0x0000000087f50000, 0x000000009a2c0000)
  eden space 33856K,   0% used [0x0000000085600000, 0x0000000085600000, 0x0000000087710000)
  from space 4224K,  11% used [0x0000000087b30000, 0x0000000087bade00, 0x0000000087f50000)
  to   space 4224K,   0% used [0x0000000087710000, 0x0000000087710000, 0x0000000087b30000)
 concurrent mark-sweep generation total 84672K, used 33725K [0x000000009a2c0000, 0x000000009f570000, 0x0000000100000000)
 Metaspace       used 57566K, capacity 60174K, committed 60436K, reserved 1101824K
  class space    used 7439K, capacity 7899K, committed 7956K, reserved 1048576K
}
2021-01-18T18:01:52.327+0000: 39.665: Total time for which application threads were stopped: 0.0026806 seconds, Stopping threads took: 0.0000133 seconds
{Heap before GC invocations=153 (full 2):
 par new generation   total 38080K, used 34359K [0x0000000085600000, 0x0000000087f50000, 0x000000009a2c0000)
  eden space 33856K, 100% used [0x0000000085600000, 0x0000000087710000, 0x0000000087710000)
  from space 4224K,  11% used [0x0000000087b30000, 0x0000000087bade00, 0x0000000087f50000)
  to   space 4224K,   0% used [0x0000000087710000, 0x0000000087710000, 0x0000000087b30000)
 concurrent mark-sweep generation total 84672K, used 33725K [0x000000009a2c0000, 0x000000009f570000, 0x0000000100000000)
 Metaspace       used 57836K, capacity 60430K, committed 60820K, reserved 1101824K
  class space    used 7476K, capacity 7963K, committed 8084K, reserved 1048576K
2021-01-18T18:01:52.375+0000: 39.714: [GC (Allocation Failure) 2021-01-18T18:01:52.375+0000: 39.714: [ParNew
Desired survivor size 2162688 bytes, new threshold 6 (max 6)
- age   1:     322536 bytes,     322536 total
- age   2:      86408 bytes,     408944 total
- age   3:      26488 bytes,     435432 total
- age   4:      43984 bytes,     479416 total
- age   5:      29944 bytes,     509360 total
- age   6:      69096 bytes,     578456 total
: 34359K->662K(38080K), 0.0020116 secs] 68085K->34461K(122752K), 0.0020836 secs] [Times: user=0.00 sys=0.00, real=0.00 secs] 
Heap after GC invocations=154 (full 2):
 par new generation   total 38080K, used 662K [0x0000000085600000, 0x0000000087f50000, 0x000000009a2c0000)
  eden space 33856K,   0% used [0x0000000085600000, 0x0000000085600000, 0x0000000087710000)
  from space 4224K,  15% used [0x0000000087710000, 0x00000000877b5918, 0x0000000087b30000)
  to   space 4224K,   0% used [0x0000000087b30000, 0x0000000087b30000, 0x0000000087f50000)
 concurrent mark-sweep generation total 84672K, used 33799K [0x000000009a2c0000, 0x000000009f570000, 0x0000000100000000)
 Metaspace       used 57836K, capacity 60430K, committed 60820K, reserved 1101824K
  class space    used 7476K, capacity 7963K, committed 8084K, reserved 1048576K
}
2021-01-18T18:01:52.377+0000: 39.716: Total time for which application threads were stopped: 0.0021977 seconds, Stopping threads took: 0.0000114 seconds
{Heap before GC invocations=154 (full 2):
 par new generation   total 38080K, used 34518K [0x0000000085600000, 0x0000000087f50000, 0x000000009a2c0000)
  eden space 33856K, 100% used [0x0000000085600000, 0x0000000087710000, 0x0000000087710000)
  from space 4224K,  15% used [0x0000000087710000, 0x00000000877b5918, 0x0000000087b30000)
  to   space 4224K,   0% used [0x0000000087b30000, 0x0000000087b30000, 0x0000000087f50000)
 concurrent mark-sweep generation total 84672K, used 33799K [0x000000009a2c0000, 0x000000009f570000, 0x0000000100000000)
 Metaspace       used 58074K, capacity 60654K, committed 61076K, reserved 1101824K
  class space    used 7516K, capacity 7995K, committed 8084K, reserved 1048576K
2021-01-18T18:01:52.431+0000: 39.769: [GC (Allocation Failure) 2021-01-18T18:01:52.431+0000: 39.769: [ParNew
Desired survivor size 2162688 bytes, new threshold 6 (max 6)
- age   1:     326192 bytes,     326192 total
- age   2:      28088 bytes,     354280 total
- age   3:      85992 bytes,     440272 total
- age   4:      26488 bytes,     466760 total
- age   5:      43968 bytes,     510728 total
- age   6:      29944 bytes,     540672 total
: 34518K->587K(38080K), 0.0018694 secs] 68317K->34456K(122752K), 0.0019202 secs] [Times: user=0.00 sys=0.00, real=0.00 secs] 
Heap after GC invocations=155 (full 2):
 par new generation   total 38080K, used 587K [0x0000000085600000, 0x0000000087f50000, 0x000000009a2c0000)
  eden space 33856K,   0% used [0x0000000085600000, 0x0000000085600000, 0x0000000087710000)
  from space 4224K,  13% used [0x0000000087b30000, 0x0000000087bc2cf8, 0x0000000087f50000)
  to   space 4224K,   0% used [0x0000000087710000, 0x0000000087710000, 0x0000000087b30000)
 concurrent mark-sweep generation total 84672K, used 33869K [0x000000009a2c0000, 0x000000009f570000, 0x0000000100000000)
 Metaspace       used 58074K, capacity 60654K, committed 61076K, reserved 1101824K
  class space    used 7516K, capacity 7995K, committed 8084K, reserved 1048576K
}
2021-01-18T18:01:52.433+0000: 39.771: Total time for which application threads were stopped: 0.0020396 seconds, Stopping threads took: 0.0000132 seconds
{Heap before GC invocations=155 (full 2):
 par new generation   total 38080K, used 34443K [0x0000000085600000, 0x0000000087f50000, 0x000000009a2c0000)
  eden space 33856K, 100% used [0x0000000085600000, 0x0000000087710000, 0x0000000087710000)
  from space 4224K,  13% used [0x0000000087b30000, 0x0000000087bc2cf8, 0x0000000087f50000)
  to   space 4224K,   0% used [0x0000000087710000, 0x0000000087710000, 0x0000000087b30000)
 concurrent mark-sweep generation total 84672K, used 33869K [0x000000009a2c0000, 0x000000009f570000, 0x0000000100000000)
 Metaspace       used 58333K, capacity 60884K, committed 61332K, reserved 1101824K
  class space    used 7569K, capacity 8028K, committed 8084K, reserved 1048576K
2021-01-18T18:01:52.498+0000: 39.837: [GC (Allocation Failure) 2021-01-18T18:01:52.498+0000: 39.837: [ParNew
Desired survivor size 2162688 bytes, new threshold 6 (max 6)
- age   1:     237152 bytes,     237152 total
- age   2:      29768 bytes,     266920 total
- age   3:      24648 bytes,     291568 total
- age   4:      33464 bytes,     325032 total
- age   5:      25928 bytes,     350960 total
- age   6:      43232 bytes,     394192 total
: 34443K->508K(38080K), 0.0016890 secs] 68312K->34408K(122752K), 0.0017455 secs] [Times: user=0.01 sys=0.00, real=0.00 secs] 
Heap after GC invocations=156 (full 2):
 par new generation   total 38080K, used 508K [0x0000000085600000, 0x0000000087f50000, 0x000000009a2c0000)
  eden space 33856K,   0% used [0x0000000085600000, 0x0000000085600000, 0x0000000087710000)
  from space 4224K,  12% used [0x0000000087710000, 0x000000008778f278, 0x0000000087b30000)
  to   space 4224K,   0% used [0x0000000087b30000, 0x0000000087b30000, 0x0000000087f50000)
 concurrent mark-sweep generation total 84672K, used 33899K [0x000000009a2c0000, 0x000000009f570000, 0x0000000100000000)
 Metaspace       used 58333K, capacity 60884K, committed 61332K, reserved 1101824K
  class space    used 7569K, capacity 8028K, committed 8084K, reserved 1048576K
}
2021-01-18T18:01:52.500+0000: 39.839: Total time for which application threads were stopped: 0.0018754 seconds, Stopping threads took: 0.0000128 seconds
2021-01-18T18:01:52.615+0000: 39.954: Total time for which application threads were stopped: 0.0002208 seconds, Stopping threads took: 0.0000259 seconds
2021-01-18T18:01:52.703+0000: 40.042: Total time for which application threads were stopped: 0.0001700 seconds, Stopping threads took: 0.0000206 seconds
{Heap before GC invocations=156 (full 2):
 par new generation   total 38080K, used 34364K [0x0000000085600000, 0x0000000087f50000, 0x000000009a2c0000)
  eden space 33856K, 100% used [0x0000000085600000, 0x0000000087710000, 0x0000000087710000)
  from space 4224K,  12% used [0x0000000087710000, 0x000000008778f278, 0x0000000087b30000)
  to   space 4224K,   0% used [0x0000000087b30000, 0x0000000087b30000, 0x0000000087f50000)
 concurrent mark-sweep generation total 84672K, used 33899K [0x000000009a2c0000, 0x000000009f570000, 0x0000000100000000)
 Metaspace       used 58714K, capacity 61330K, committed 61588K, reserved 1103872K
  class space    used 7593K, capacity 8065K, committed 8084K, reserved 1048576K
2021-01-18T18:01:52.727+0000: 40.065: [GC (Allocation Failure) 2021-01-18T18:01:52.727+0000: 40.066: [ParNew
Desired survivor size 2162688 bytes, new threshold 6 (max 6)
- age   1:     689832 bytes,     689832 total
- age   2:      65736 bytes,     755568 total
- age   3:      29352 bytes,     784920 total
- age   4:      24600 bytes,     809520 total
- age   5:      33000 bytes,     842520 total
- age   6:      25912 bytes,     868432 total
: 34364K->924K(38080K), 0.0037608 secs] 68264K->34866K(122752K), 0.0038269 secs] [Times: user=0.01 sys=0.00, real=0.00 secs] 
Heap after GC invocations=157 (full 2):
 par new generation   total 38080K, used 924K [0x0000000085600000, 0x0000000087f50000, 0x000000009a2c0000)
  eden space 33856K,   0% used [0x0000000085600000, 0x0000000085600000, 0x0000000087710000)
  from space 4224K,  21% used [0x0000000087b30000, 0x0000000087c171d8, 0x0000000087f50000)
  to   space 4224K,   0% used [0x0000000087710000, 0x0000000087710000, 0x0000000087b30000)
 concurrent mark-sweep generation total 84672K, used 33942K [0x000000009a2c0000, 0x000000009f570000, 0x0000000100000000)
 Metaspace       used 58714K, capacity 61330K, committed 61588K, reserved 1103872K
  class space    used 7593K, capacity 8065K, committed 8084K, reserved 1048576K
}
2021-01-18T18:01:52.731+0000: 40.069: Total time for which application threads were stopped: 0.0040275 seconds, Stopping threads took: 0.0000378 seconds
{Heap before GC invocations=157 (full 2):
 par new generation   total 38080K, used 34780K [0x0000000085600000, 0x0000000087f50000, 0x000000009a2c0000)
  eden space 33856K, 100% used [0x0000000085600000, 0x0000000087710000, 0x0000000087710000)
  from space 4224K,  21% used [0x0000000087b30000, 0x0000000087c171d8, 0x0000000087f50000)
  to   space 4224K,   0% used [0x0000000087710000, 0x0000000087710000, 0x0000000087b30000)
 concurrent mark-sweep generation total 84672K, used 33942K [0x000000009a2c0000, 0x000000009f570000, 0x0000000100000000)
 Metaspace       used 59061K, capacity 61634K, committed 61972K, reserved 1103872K
  class space    used 7620K, capacity 8103K, committed 8212K, reserved 1048576K
2021-01-18T18:01:52.977+0000: 40.316: [GC (Allocation Failure) 2021-01-18T18:01:52.977+0000: 40.316: [ParNew
Desired survivor size 2162688 bytes, new threshold 6 (max 6)
- age   1:     948432 bytes,     948432 total
- age   2:     407072 bytes,    1355504 total
- age   3:      64456 bytes,    1419960 total
- age   4:      29352 bytes,    1449312 total
- age   5:      24600 bytes,    1473912 total
- age   6:      32600 bytes,    1506512 total
: 34780K->1650K(38080K), 0.0071035 secs] 68722K->35619K(122752K), 0.0071987 secs] [Times: user=0.02 sys=0.00, real=0.01 secs] 
Heap after GC invocations=158 (full 2):
 par new generation   total 38080K, used 1650K [0x0000000085600000, 0x0000000087f50000, 0x000000009a2c0000)
  eden space 33856K,   0% used [0x0000000085600000, 0x0000000085600000, 0x0000000087710000)
  from space 4224K,  39% used [0x0000000087710000, 0x00000000878aca88, 0x0000000087b30000)
  to   space 4224K,   0% used [0x0000000087b30000, 0x0000000087b30000, 0x0000000087f50000)
 concurrent mark-sweep generation total 84672K, used 33968K [0x000000009a2c0000, 0x000000009f570000, 0x0000000100000000)
 Metaspace       used 59061K, capacity 61634K, committed 61972K, reserved 1103872K
  class space    used 7620K, capacity 8103K, committed 8212K, reserved 1048576K
}
2021-01-18T18:01:52.985+0000: 40.323: Total time for which application threads were stopped: 0.0075539 seconds, Stopping threads took: 0.0000604 seconds
{Heap before GC invocations=158 (full 2):
 par new generation   total 38080K, used 35506K [0x0000000085600000, 0x0000000087f50000, 0x000000009a2c0000)
  eden space 33856K, 100% used [0x0000000085600000, 0x0000000087710000, 0x0000000087710000)
  from space 4224K,  39% used [0x0000000087710000, 0x00000000878aca88, 0x0000000087b30000)
  to   space 4224K,   0% used [0x0000000087b30000, 0x0000000087b30000, 0x0000000087f50000)
 concurrent mark-sweep generation total 84672K, used 33968K [0x000000009a2c0000, 0x000000009f570000, 0x0000000100000000)
 Metaspace       used 59425K, capacity 62018K, committed 62484K, reserved 1103872K
  class space    used 7684K, capacity 8167K, committed 8212K, reserved 1048576K
2021-01-18T18:01:53.080+0000: 40.418: [GC (Allocation Failure) 2021-01-18T18:01:53.080+0000: 40.418: [ParNew
Desired survivor size 2162688 bytes, new threshold 6 (max 6)
- age   1:     327720 bytes,     327720 total
- age   2:     441768 bytes,     769488 total
- age   3:     406656 bytes,    1176144 total
- age   4:      64456 bytes,    1240600 total
- age   5:      29352 bytes,    1269952 total
- age   6:      24600 bytes,    1294552 total
: 35506K->1870K(38080K), 0.0024976 secs] 69475K->35872K(122752K), 0.0025739 secs] [Times: user=0.01 sys=0.01, real=0.00 secs] 
Heap after GC invocations=159 (full 2):
 par new generation   total 38080K, used 1870K [0x0000000085600000, 0x0000000087f50000, 0x000000009a2c0000)
  eden space 33856K,   0% used [0x0000000085600000, 0x0000000085600000, 0x0000000087710000)
  from space 4224K,  44% used [0x0000000087b30000, 0x0000000087d03928, 0x0000000087f50000)
  to   space 4224K,   0% used [0x0000000087710000, 0x0000000087710000, 0x0000000087b30000)
 concurrent mark-sweep generation total 84672K, used 34002K [0x000000009a2c0000, 0x000000009f570000, 0x0000000100000000)
 Metaspace       used 59425K, capacity 62018K, committed 62484K, reserved 1103872K
  class space    used 7684K, capacity 8167K, committed 8212K, reserved 1048576K
}
2021-01-18T18:01:53.082+0000: 40.421: Total time for which application threads were stopped: 0.0027415 seconds, Stopping threads took: 0.0000253 seconds
{Heap before GC invocations=159 (full 2):
 par new generation   total 38080K, used 35726K [0x0000000085600000, 0x0000000087f50000, 0x000000009a2c0000)
  eden space 33856K, 100% used [0x0000000085600000, 0x0000000087710000, 0x0000000087710000)
  from space 4224K,  44% used [0x0000000087b30000, 0x0000000087d03928, 0x0000000087f50000)
  to   space 4224K,   0% used [0x0000000087710000, 0x0000000087710000, 0x0000000087b30000)
 concurrent mark-sweep generation total 84672K, used 34002K [0x000000009a2c0000, 0x000000009f570000, 0x0000000100000000)
 Metaspace       used 59924K, capacity 62500K, committed 62740K, reserved 1103872K
  class space    used 7746K, capacity 8200K, committed 8212K, reserved 1048576K
2021-01-18T18:01:53.292+0000: 40.631: [GC (Allocation Failure) 2021-01-18T18:01:53.292+0000: 40.631: [ParNew
Desired survivor size 2162688 bytes, new threshold 6 (max 6)
- age   1:     769984 bytes,     769984 total
- age   2:      73936 bytes,     843920 total
- age   3:     441112 bytes,    1285032 total
- age   4:     406656 bytes,    1691688 total
- age   5:      64456 bytes,    1756144 total
- age   6:      29352 bytes,    1785496 total
: 35726K->2261K(38080K), 0.0027423 secs] 69728K->36289K(122752K), 0.0028059 secs] [Times: user=0.01 sys=0.00, real=0.00 secs] 
Heap after GC invocations=160 (full 2):
 par new generation   total 38080K, used 2261K [0x0000000085600000, 0x0000000087f50000, 0x000000009a2c0000)
  eden space 33856K,   0% used [0x0000000085600000, 0x0000000085600000, 0x0000000087710000)
  from space 4224K,  53% used [0x0000000087710000, 0x0000000087945558, 0x0000000087b30000)
  to   space 4224K,   0% used [0x0000000087b30000, 0x0000000087b30000, 0x0000000087f50000)
 concurrent mark-sweep generation total 84672K, used 34027K [0x000000009a2c0000, 0x000000009f570000, 0x0000000100000000)
 Metaspace       used 59924K, capacity 62500K, committed 62740K, reserved 1103872K
  class space    used 7746K, capacity 8200K, committed 8212K, reserved 1048576K
}
2021-01-18T18:01:53.295+0000: 40.634: Total time for which application threads were stopped: 0.0029332 seconds, Stopping threads took: 0.0000119 seconds
{Heap before GC invocations=160 (full 2):
 par new generation   total 38080K, used 36117K [0x0000000085600000, 0x0000000087f50000, 0x000000009a2c0000)
  eden space 33856K, 100% used [0x0000000085600000, 0x0000000087710000, 0x0000000087710000)
  from space 4224K,  53% used [0x0000000087710000, 0x0000000087945558, 0x0000000087b30000)
  to   space 4224K,   0% used [0x0000000087b30000, 0x0000000087b30000, 0x0000000087f50000)
 concurrent mark-sweep generation total 84672K, used 34027K [0x000000009a2c0000, 0x000000009f570000, 0x0000000100000000)
 Metaspace       used 60033K, capacity 62596K, committed 63124K, reserved 1103872K
  class space    used 7766K, capacity 8232K, committed 8340K, reserved 1048576K
2021-01-18T18:01:53.335+0000: 40.673: [GC (Allocation Failure) 2021-01-18T18:01:53.335+0000: 40.673: [ParNew
Desired survivor size 2162688 bytes, new threshold 6 (max 6)
- age   1:      96376 bytes,      96376 total
- age   2:     524296 bytes,     620672 total
- age   3:      73520 bytes,     694192 total
- age   4:     440952 bytes,    1135144 total
- age   5:     406656 bytes,    1541800 total
- age   6:      64456 bytes,    1606256 total
: 36117K->2488K(38080K), 0.0023617 secs] 70145K->36546K(122752K), 0.0024194 secs] [Times: user=0.01 sys=0.00, real=0.00 secs] 
Heap after GC invocations=161 (full 2):
 par new generation   total 38080K, used 2488K [0x0000000085600000, 0x0000000087f50000, 0x000000009a2c0000)
  eden space 33856K,   0% used [0x0000000085600000, 0x0000000085600000, 0x0000000087710000)
  from space 4224K,  58% used [0x0000000087b30000, 0x0000000087d9e3f8, 0x0000000087f50000)
  to   space 4224K,   0% used [0x0000000087710000, 0x0000000087710000, 0x0000000087b30000)
 concurrent mark-sweep generation total 84672K, used 34057K [0x000000009a2c0000, 0x000000009f570000, 0x0000000100000000)
 Metaspace       used 60033K, capacity 62596K, committed 63124K, reserved 1103872K
  class space    used 7766K, capacity 8232K, committed 8340K, reserved 1048576K
}
2021-01-18T18:01:53.337+0000: 40.676: Total time for which application threads were stopped: 0.0025346 seconds, Stopping threads took: 0.0000143 seconds
{Heap before GC invocations=161 (full 2):
 par new generation   total 38080K, used 36344K [0x0000000085600000, 0x0000000087f50000, 0x000000009a2c0000)
  eden space 33856K, 100% used [0x0000000085600000, 0x0000000087710000, 0x0000000087710000)
  from space 4224K,  58% used [0x0000000087b30000, 0x0000000087d9e3f8, 0x0000000087f50000)
  to   space 4224K,   0% used [0x0000000087710000, 0x0000000087710000, 0x0000000087b30000)
 concurrent mark-sweep generation total 84672K, used 34057K [0x000000009a2c0000, 0x000000009f570000, 0x0000000100000000)
 Metaspace       used 60130K, capacity 62698K, committed 63124K, reserved 1103872K
  class space    used 7783K, capacity 8265K, committed 8340K, reserved 1048576K
2021-01-18T18:01:53.383+0000: 40.721: [GC (Allocation Failure) 2021-01-18T18:01:53.383+0000: 40.721: [ParNew
Desired survivor size 2162688 bytes, new threshold 6 (max 6)
- age   1:     204728 bytes,     204728 total
- age   2:      61616 bytes,     266344 total
- age   3:     522136 bytes,     788480 total
- age   4:      73520 bytes,     862000 total
- age   5:     440952 bytes,    1302952 total
- age   6:     406656 bytes,    1709608 total
: 36344K->2397K(38080K), 0.0026308 secs] 70402K->36520K(122752K), 0.0026944 secs] [Times: user=0.01 sys=0.00, real=0.00 secs] 
Heap after GC invocations=162 (full 2):
 par new generation   total 38080K, used 2397K [0x0000000085600000, 0x0000000087f50000, 0x000000009a2c0000)
  eden space 33856K,   0% used [0x0000000085600000, 0x0000000085600000, 0x0000000087710000)
  from space 4224K,  56% used [0x0000000087710000, 0x0000000087967788, 0x0000000087b30000)
  to   space 4224K,   0% used [0x0000000087b30000, 0x0000000087b30000, 0x0000000087f50000)
 concurrent mark-sweep generation total 84672K, used 34122K [0x000000009a2c0000, 0x000000009f570000, 0x0000000100000000)
 Metaspace       used 60130K, capacity 62698K, committed 63124K, reserved 1103872K
  class space    used 7783K, capacity 8265K, committed 8340K, reserved 1048576K
}
2021-01-18T18:01:53.385+0000: 40.724: Total time for which application threads were stopped: 0.0028220 seconds, Stopping threads took: 0.0000136 seconds
{Heap before GC invocations=162 (full 2):
 par new generation   total 38080K, used 36253K [0x0000000085600000, 0x0000000087f50000, 0x000000009a2c0000)
  eden space 33856K, 100% used [0x0000000085600000, 0x0000000087710000, 0x0000000087710000)
  from space 4224K,  56% used [0x0000000087710000, 0x0000000087967788, 0x0000000087b30000)
  to   space 4224K,   0% used [0x0000000087b30000, 0x0000000087b30000, 0x0000000087f50000)
 concurrent mark-sweep generation total 84672K, used 34122K [0x000000009a2c0000, 0x000000009f570000, 0x0000000100000000)
 Metaspace       used 60529K, capacity 63154K, committed 63380K, reserved 1103872K
  class space    used 7840K, capacity 8307K, committed 8340K, reserved 1048576K
2021-01-18T18:01:53.487+0000: 40.826: [GC (Allocation Failure) 2021-01-18T18:01:53.487+0000: 40.826: [ParNew
Desired survivor size 2162688 bytes, new threshold 6 (max 6)
- age   1:    1038808 bytes,    1038808 total
- age   2:      56160 bytes,    1094968 total
- age   3:      61200 bytes,    1156168 total
- age   4:     522136 bytes,    1678304 total
- age   5:      73520 bytes,    1751824 total
- age   6:     438792 bytes,    2190616 total
: 36253K->2500K(38080K), 0.0051449 secs] 70376K->37022K(122752K), 0.0052206 secs] [Times: user=0.02 sys=0.00, real=0.00 secs] 
Heap after GC invocations=163 (full 2):
 par new generation   total 38080K, used 2500K [0x0000000085600000, 0x0000000087f50000, 0x000000009a2c0000)
  eden space 33856K,   0% used [0x0000000085600000, 0x0000000085600000, 0x0000000087710000)
  from space 4224K,  59% used [0x0000000087b30000, 0x0000000087da12d8, 0x0000000087f50000)
  to   space 4224K,   0% used [0x0000000087710000, 0x0000000087710000, 0x0000000087b30000)
 concurrent mark-sweep generation total 84672K, used 34522K [0x000000009a2c0000, 0x000000009f570000, 0x0000000100000000)
 Metaspace       used 60529K, capacity 63154K, committed 63380K, reserved 1103872K
  class space    used 7840K, capacity 8307K, committed 8340K, reserved 1048576K
}
2021-01-18T18:01:53.493+0000: 40.831: Total time for which application threads were stopped: 0.0054056 seconds, Stopping threads took: 0.0000247 seconds
{Heap before GC invocations=163 (full 2):
 par new generation   total 38080K, used 36356K [0x0000000085600000, 0x0000000087f50000, 0x000000009a2c0000)
  eden space 33856K, 100% used [0x0000000085600000, 0x0000000087710000, 0x0000000087710000)
  from space 4224K,  59% used [0x0000000087b30000, 0x0000000087da12d8, 0x0000000087f50000)
  to   space 4224K,   0% used [0x0000000087710000, 0x0000000087710000, 0x0000000087b30000)
 concurrent mark-sweep generation total 84672K, used 34522K [0x000000009a2c0000, 0x000000009f570000, 0x0000000100000000)
 Metaspace       used 61221K, capacity 63848K, committed 64276K, reserved 1105920K
  class space    used 7928K, capacity 8408K, committed 8468K, reserved 1048576K
2021-01-18T18:01:53.623+0000: 40.961: [GC (Allocation Failure) 2021-01-18T18:01:53.623+0000: 40.961: [ParNew
Desired survivor size 2162688 bytes, new threshold 6 (max 6)
- age   1:     842296 bytes,     842296 total
- age   2:     365072 bytes,    1207368 total
- age   3:      55608 bytes,    1262976 total
- age   4:      60784 bytes,    1323760 total
- age   5:     522136 bytes,    1845896 total
- age   6:      73520 bytes,    1919416 total
: 36356K->2132K(38080K), 0.0111963 secs] 70878K->37088K(122752K), 0.0112750 secs] [Times: user=0.02 sys=0.00, real=0.01 secs] 
Heap after GC invocations=164 (full 2):
 par new generation   total 38080K, used 2132K [0x0000000085600000, 0x0000000087f50000, 0x000000009a2c0000)
  eden space 33856K,   0% used [0x0000000085600000, 0x0000000085600000, 0x0000000087710000)
  from space 4224K,  50% used [0x0000000087710000, 0x00000000879252f8, 0x0000000087b30000)
  to   space 4224K,   0% used [0x0000000087b30000, 0x0000000087b30000, 0x0000000087f50000)
 concurrent mark-sweep generation total 84672K, used 34955K [0x000000009a2c0000, 0x000000009f570000, 0x0000000100000000)
 Metaspace       used 61221K, capacity 63848K, committed 64276K, reserved 1105920K
  class space    used 7928K, capacity 8408K, committed 8468K, reserved 1048576K
}
2021-01-18T18:01:53.634+0000: 40.972: Total time for which application threads were stopped: 0.0114527 seconds, Stopping threads took: 0.0000379 seconds
{Heap before GC invocations=164 (full 2):
 par new generation   total 38080K, used 35988K [0x0000000085600000, 0x0000000087f50000, 0x000000009a2c0000)
  eden space 33856K, 100% used [0x0000000085600000, 0x0000000087710000, 0x0000000087710000)
  from space 4224K,  50% used [0x0000000087710000, 0x00000000879252f8, 0x0000000087b30000)
  to   space 4224K,   0% used [0x0000000087b30000, 0x0000000087b30000, 0x0000000087f50000)
 concurrent mark-sweep generation total 84672K, used 34955K [0x000000009a2c0000, 0x000000009f570000, 0x0000000100000000)
 Metaspace       used 61870K, capacity 64772K, committed 64916K, reserved 1105920K
  class space    used 8029K, capacity 8528K, committed 8596K, reserved 1048576K
2021-01-18T18:01:53.982+0000: 41.321: [GC (Allocation Failure) 2021-01-18T18:01:53.982+0000: 41.321: [ParNew
Desired survivor size 2162688 bytes, new threshold 6 (max 6)
- age   1:     500784 bytes,     500784 total
- age   2:      83560 bytes,     584344 total
- age   3:     358280 bytes,     942624 total
- age   4:      55608 bytes,     998232 total
- age   5:      60784 bytes,    1059016 total
- age   6:     522104 bytes,    1581120 total
: 35988K->2151K(38080K), 0.0044297 secs] 70944K->37182K(122752K), 0.0045080 secs] [Times: user=0.01 sys=0.00, real=0.01 secs] 
Heap after GC invocations=165 (full 2):
 par new generation   total 38080K, used 2151K [0x0000000085600000, 0x0000000087f50000, 0x000000009a2c0000)
  eden space 33856K,   0% used [0x0000000085600000, 0x0000000085600000, 0x0000000087710000)
  from space 4224K,  50% used [0x0000000087b30000, 0x0000000087d49d60, 0x0000000087f50000)
  to   space 4224K,   0% used [0x0000000087710000, 0x0000000087710000, 0x0000000087b30000)
 concurrent mark-sweep generation total 84672K, used 35030K [0x000000009a2c0000, 0x000000009f570000, 0x0000000100000000)
 Metaspace       used 61870K, capacity 64772K, committed 64916K, reserved 1105920K
  class space    used 8029K, capacity 8528K, committed 8596K, reserved 1048576K
}
2021-01-18T18:01:53.987+0000: 41.325: Total time for which application threads were stopped: 0.0047411 seconds, Stopping threads took: 0.0000496 seconds
2021-01-18T18:01:54.108+0000: 41.446: Total time for which application threads were stopped: 0.0001159 seconds, Stopping threads took: 0.0000152 seconds
2021-01-18T18:01:54.142+0000: 41.481: Total time for which application threads were stopped: 0.0006799 seconds, Stopping threads took: 0.0000255 seconds
{Heap before GC invocations=165 (full 2):
 par new generation   total 38080K, used 36007K [0x0000000085600000, 0x0000000087f50000, 0x000000009a2c0000)
  eden space 33856K, 100% used [0x0000000085600000, 0x0000000087710000, 0x0000000087710000)
  from space 4224K,  50% used [0x0000000087b30000, 0x0000000087d49d60, 0x0000000087f50000)
  to   space 4224K,   0% used [0x0000000087710000, 0x0000000087710000, 0x0000000087b30000)
 concurrent mark-sweep generation total 84672K, used 35030K [0x000000009a2c0000, 0x000000009f570000, 0x0000000100000000)
 Metaspace       used 62287K, capacity 65339K, committed 65428K, reserved 1105920K
  class space    used 8087K, capacity 8626K, committed 8672K, reserved 1048576K
2021-01-18T18:01:54.672+0000: 42.011: [GC (Allocation Failure) 2021-01-18T18:01:54.672+0000: 42.011: [ParNew
Desired survivor size 2162688 bytes, new threshold 6 (max 6)
- age   1:     695944 bytes,     695944 total
- age   2:     368560 bytes,    1064504 total
- age   3:      81784 bytes,    1146288 total
- age   4:     352864 bytes,    1499152 total
- age   5:      55608 bytes,    1554760 total
- age   6:      60784 bytes,    1615544 total
: 36007K->2555K(38080K), 0.0068799 secs] 71038K->38099K(122752K), 0.0069615 secs] [Times: user=0.01 sys=0.01, real=0.01 secs] 
Heap after GC invocations=166 (full 2):
 par new generation   total 38080K, used 2555K [0x0000000085600000, 0x0000000087f50000, 0x000000009a2c0000)
  eden space 33856K,   0% used [0x0000000085600000, 0x0000000085600000, 0x0000000087710000)
  from space 4224K,  60% used [0x0000000087710000, 0x000000008798edb0, 0x0000000087b30000)
  to   space 4224K,   0% used [0x0000000087b30000, 0x0000000087b30000, 0x0000000087f50000)
 concurrent mark-sweep generation total 84672K, used 35544K [0x000000009a2c0000, 0x000000009f570000, 0x0000000100000000)
 Metaspace       used 62287K, capacity 65339K, committed 65428K, reserved 1105920K
  class space    used 8087K, capacity 8626K, committed 8672K, reserved 1048576K
}
2021-01-18T18:01:54.679+0000: 42.018: Total time for which application threads were stopped: 0.0071356 seconds, Stopping threads took: 0.0000168 seconds
2021-01-18T18:01:54.680+0000: 42.018: [GC (CMS Initial Mark) [1 CMS-initial-mark: 35544K(84672K)] 38119K(122752K), 0.0022926 secs] [Times: user=0.01 sys=0.00, real=0.00 secs] 
2021-01-18T18:01:54.682+0000: 42.021: Total time for which application threads were stopped: 0.0024355 seconds, Stopping threads took: 0.0000505 seconds
2021-01-18T18:01:54.682+0000: 42.021: [CMS-concurrent-mark-start]
2021-01-18T18:01:54.688+0000: 42.027: Total time for which application threads were stopped: 0.0000752 seconds, Stopping threads took: 0.0000110 seconds
2021-01-18T18:01:54.757+0000: 42.096: [CMS-concurrent-mark: 0.075/0.075 secs] [Times: user=0.12 sys=0.00, real=0.07 secs] 
2021-01-18T18:01:54.757+0000: 42.096: [CMS-concurrent-preclean-start]
2021-01-18T18:01:54.759+0000: 42.097: [CMS-concurrent-preclean: 0.001/0.001 secs] [Times: user=0.00 sys=0.00, real=0.01 secs] 
2021-01-18T18:01:54.759+0000: 42.097: [CMS-concurrent-abortable-preclean-start]
2021-01-18T18:01:54.861+0000: 42.199: Total time for which application threads were stopped: 0.0001059 seconds, Stopping threads took: 0.0000206 seconds
2021-01-18T18:01:55.162+0000: 42.501: Total time for which application threads were stopped: 0.0003462 seconds, Stopping threads took: 0.0000338 seconds
{Heap before GC invocations=166 (full 3):
 par new generation   total 38080K, used 36411K [0x0000000085600000, 0x0000000087f50000, 0x000000009a2c0000)
  eden space 33856K, 100% used [0x0000000085600000, 0x0000000087710000, 0x0000000087710000)
  from space 4224K,  60% used [0x0000000087710000, 0x000000008798edb0, 0x0000000087b30000)
  to   space 4224K,   0% used [0x0000000087b30000, 0x0000000087b30000, 0x0000000087f50000)
 concurrent mark-sweep generation total 84672K, used 35544K [0x000000009a2c0000, 0x000000009f570000, 0x0000000100000000)
 Metaspace       used 62950K, capacity 66113K, committed 66348K, reserved 1107968K
  class space    used 8172K, capacity 8719K, committed 8800K, reserved 1048576K
2021-01-18T18:01:55.769+0000: 43.107: [GC (Allocation Failure) 2021-01-18T18:01:55.769+0000: 43.107: [ParNew
Desired survivor size 2162688 bytes, new threshold 6 (max 6)
- age   1:     527896 bytes,     527896 total
- age   2:     197304 bytes,     725200 total
- age   3:     356328 bytes,    1081528 total
- age   4:      81288 bytes,    1162816 total
- age   5:     352848 bytes,    1515664 total
- age   6:      55584 bytes,    1571248 total
: 36411K->1841K(38080K), 0.0055008 secs] 71955K->37444K(122752K), 0.0055817 secs] [Times: user=0.02 sys=0.00, real=0.00 secs] 
Heap after GC invocations=167 (full 3):
 par new generation   total 38080K, used 1841K [0x0000000085600000, 0x0000000087f50000, 0x000000009a2c0000)
  eden space 33856K,   0% used [0x0000000085600000, 0x0000000085600000, 0x0000000087710000)
  from space 4224K,  43% used [0x0000000087b30000, 0x0000000087cfc4e8, 0x0000000087f50000)
  to   space 4224K,   0% used [0x0000000087710000, 0x0000000087710000, 0x0000000087b30000)
 concurrent mark-sweep generation total 84672K, used 35602K [0x000000009a2c0000, 0x000000009f570000, 0x0000000100000000)
 Metaspace       used 62950K, capacity 66113K, committed 66348K, reserved 1107968K
  class space    used 8172K, capacity 8719K, committed 8800K, reserved 1048576K
}
2021-01-18T18:01:55.774+0000: 43.113: Total time for which application threads were stopped: 0.0057705 seconds, Stopping threads took: 0.0000226 seconds
2021-01-18T18:01:56.543+0000: 43.881: Total time for which application threads were stopped: 0.0001490 seconds, Stopping threads took: 0.0000187 seconds
2021-01-18T18:01:56.543+0000: 43.881: [CMS-concurrent-abortable-preclean: 0.411/1.784 secs] [Times: user=0.84 sys=0.02, real=1.78 secs] 
2021-01-18T18:01:56.543+0000: 43.882: [GC (CMS Final Remark) [YG occupancy: 21470 K (38080 K)]2021-01-18T18:01:56.543+0000: 43.882: [Rescan (parallel) , 0.0057571 secs]2021-01-18T18:01:56.549+0000: 43.887: [weak refs processing, 0.0001257 secs]2021-01-18T18:01:56.549+0000: 43.888: [class unloading, 0.0093965 secs]2021-01-18T18:01:56.559+0000: 43.897: [scrub symbol table, 0.0152444 secs]2021-01-18T18:01:56.574+0000: 43.912: [scrub string table, 0.0007711 secs][1 CMS-remark: 35602K(84672K)] 57073K(122752K), 0.0314551 secs] [Times: user=0.05 sys=0.00, real=0.03 secs] 
2021-01-18T18:01:56.575+0000: 43.913: Total time for which application threads were stopped: 0.0316432 seconds, Stopping threads took: 0.0001142 seconds
2021-01-18T18:01:56.590+0000: 43.928: [CMS-concurrent-sweep-start]
2021-01-18T18:01:56.633+0000: 43.972: [CMS-concurrent-sweep: 0.043/0.043 secs] [Times: user=0.12 sys=0.00, real=0.04 secs] 
2021-01-18T18:01:56.633+0000: 43.972: [CMS-concurrent-reset-start]
2021-01-18T18:01:56.636+0000: 43.975: [CMS-concurrent-reset: 0.003/0.003 secs] [Times: user=0.00 sys=0.00, real=0.00 secs] 
{Heap before GC invocations=167 (full 3):
 par new generation   total 38080K, used 35697K [0x0000000085600000, 0x0000000087f50000, 0x000000009a2c0000)
  eden space 33856K, 100% used [0x0000000085600000, 0x0000000087710000, 0x0000000087710000)
  from space 4224K,  43% used [0x0000000087b30000, 0x0000000087cfc4e8, 0x0000000087f50000)
  to   space 4224K,   0% used [0x0000000087710000, 0x0000000087710000, 0x0000000087b30000)
 concurrent mark-sweep generation total 84672K, used 33558K [0x000000009a2c0000, 0x000000009f570000, 0x0000000100000000)
 Metaspace       used 63337K, capacity 66531K, committed 66680K, reserved 1107968K
  class space    used 8249K, capacity 8786K, committed 8800K, reserved 1048576K
2021-01-18T18:01:56.723+0000: 44.062: [GC (Allocation Failure) 2021-01-18T18:01:56.723+0000: 44.062: [ParNew
Desired survivor size 2162688 bytes, new threshold 6 (max 6)
- age   1:     921936 bytes,     921936 total
- age   2:     207056 bytes,    1128992 total
- age   3:     190648 bytes,    1319640 total
- age   4:     356232 bytes,    1675872 total
- age   5:      79864 bytes,    1755736 total
- age   6:     348576 bytes,    2104312 total
: 35697K->2604K(38080K), 0.0085661 secs] 69255K->36218K(122752K), 0.0086408 secs] [Times: user=0.03 sys=0.00, real=0.01 secs] 
Heap after GC invocations=168 (full 3):
 par new generation   total 38080K, used 2604K [0x0000000085600000, 0x0000000087f50000, 0x000000009a2c0000)
  eden space 33856K,   0% used [0x0000000085600000, 0x0000000085600000, 0x0000000087710000)
  from space 4224K,  61% used [0x0000000087710000, 0x000000008799b088, 0x0000000087b30000)
  to   space 4224K,   0% used [0x0000000087b30000, 0x0000000087b30000, 0x0000000087f50000)
 concurrent mark-sweep generation total 84672K, used 33614K [0x000000009a2c0000, 0x000000009f570000, 0x0000000100000000)
 Metaspace       used 63337K, capacity 66531K, committed 66680K, reserved 1107968K
  class space    used 8249K, capacity 8786K, committed 8800K, reserved 1048576K
}
2021-01-18T18:01:56.732+0000: 44.070: Total time for which application threads were stopped: 0.0088658 seconds, Stopping threads took: 0.0000375 seconds
{Heap before GC invocations=168 (full 3):
 par new generation   total 38080K, used 36460K [0x0000000085600000, 0x0000000087f50000, 0x000000009a2c0000)
  eden space 33856K, 100% used [0x0000000085600000, 0x0000000087710000, 0x0000000087710000)
  from space 4224K,  61% used [0x0000000087710000, 0x000000008799b088, 0x0000000087b30000)
  to   space 4224K,   0% used [0x0000000087b30000, 0x0000000087b30000, 0x0000000087f50000)
 concurrent mark-sweep generation total 84672K, used 33614K [0x000000009a2c0000, 0x000000009f570000, 0x0000000100000000)
 Metaspace       used 63734K, capacity 66983K, committed 67064K, reserved 1107968K
  class space    used 8300K, capacity 8862K, committed 8928K, reserved 1048576K
2021-01-18T18:01:57.154+0000: 44.492: [GC (Allocation Failure) 2021-01-18T18:01:57.154+0000: 44.492: [ParNew
Desired survivor size 2162688 bytes, new threshold 5 (max 6)
- age   1:     864640 bytes,     864640 total
- age   2:     571984 bytes,    1436624 total
- age   3:     200280 bytes,    1636904 total
- age   4:     187464 bytes,    1824368 total
- age   5:     355120 bytes,    2179488 total
- age   6:      78992 bytes,    2258480 total
: 36460K->2751K(38080K), 0.0129457 secs] 70074K->36713K(122752K), 0.0130116 secs] [Times: user=0.05 sys=0.00, real=0.02 secs] 
Heap after GC invocations=169 (full 3):
 par new generation   total 38080K, used 2751K [0x0000000085600000, 0x0000000087f50000, 0x000000009a2c0000)
  eden space 33856K,   0% used [0x0000000085600000, 0x0000000085600000, 0x0000000087710000)
  from space 4224K,  65% used [0x0000000087b30000, 0x0000000087ddfdb0, 0x0000000087f50000)
  to   space 4224K,   0% used [0x0000000087710000, 0x0000000087710000, 0x0000000087b30000)
 concurrent mark-sweep generation total 84672K, used 33961K [0x000000009a2c0000, 0x000000009f570000, 0x0000000100000000)
 Metaspace       used 63734K, capacity 66983K, committed 67064K, reserved 1107968K
  class space    used 8300K, capacity 8862K, committed 8928K, reserved 1048576K
}
2021-01-18T18:01:57.167+0000: 44.505: Total time for which application threads were stopped: 0.0132041 seconds, Stopping threads took: 0.0000227 seconds
2021-01-18T18:01:57.322+0000: 44.660: Total time for which application threads were stopped: 0.0006788 seconds, Stopping threads took: 0.0000187 seconds
2021-01-18T18:01:57.426+0000: 44.764: Total time for which application threads were stopped: 0.0009624 seconds, Stopping threads took: 0.0000218 seconds
{Heap before GC invocations=169 (full 3):
 par new generation   total 38080K, used 36607K [0x0000000085600000, 0x0000000087f50000, 0x000000009a2c0000)
  eden space 33856K, 100% used [0x0000000085600000, 0x0000000087710000, 0x0000000087710000)
  from space 4224K,  65% used [0x0000000087b30000, 0x0000000087ddfdb0, 0x0000000087f50000)
  to   space 4224K,   0% used [0x0000000087710000, 0x0000000087710000, 0x0000000087b30000)
 concurrent mark-sweep generation total 84672K, used 33961K [0x000000009a2c0000, 0x000000009f570000, 0x0000000100000000)
 Metaspace       used 64379K, capacity 67667K, committed 67960K, reserved 1107968K
  class space    used 8375K, capacity 8960K, committed 9056K, reserved 1048576K
2021-01-18T18:01:57.494+0000: 44.833: [GC (Allocation Failure) 2021-01-18T18:01:57.494+0000: 44.833: [ParNew
Desired survivor size 2162688 bytes, new threshold 6 (max 6)
- age   1:     440320 bytes,     440320 total
- age   2:     366184 bytes,     806504 total
- age   3:     569904 bytes,    1376408 total
- age   4:     200280 bytes,    1576688 total
- age   5:     187464 bytes,    1764152 total
: 36607K->2856K(38080K), 0.0084940 secs] 70569K->37253K(122752K), 0.0085791 secs] [Times: user=0.03 sys=0.00, real=0.01 secs] 
Heap after GC invocations=170 (full 3):
 par new generation   total 38080K, used 2856K [0x0000000085600000, 0x0000000087f50000, 0x000000009a2c0000)
  eden space 33856K,   0% used [0x0000000085600000, 0x0000000085600000, 0x0000000087710000)
  from space 4224K,  67% used [0x0000000087710000, 0x00000000879da0e8, 0x0000000087b30000)
  to   space 4224K,   0% used [0x0000000087b30000, 0x0000000087b30000, 0x0000000087f50000)
 concurrent mark-sweep generation total 84672K, used 34397K [0x000000009a2c0000, 0x000000009f570000, 0x0000000100000000)
 Metaspace       used 64379K, capacity 67667K, committed 67960K, reserved 1107968K
  class space    used 8375K, capacity 8960K, committed 9056K, reserved 1048576K
}
2021-01-18T18:01:57.503+0000: 44.841: Total time for which application threads were stopped: 0.0087529 seconds, Stopping threads took: 0.0000278 seconds
{Heap before GC invocations=170 (full 3):
 par new generation   total 38080K, used 36712K [0x0000000085600000, 0x0000000087f50000, 0x000000009a2c0000)
  eden space 33856K, 100% used [0x0000000085600000, 0x0000000087710000, 0x0000000087710000)
  from space 4224K,  67% used [0x0000000087710000, 0x00000000879da0e8, 0x0000000087b30000)
  to   space 4224K,   0% used [0x0000000087b30000, 0x0000000087b30000, 0x0000000087f50000)
 concurrent mark-sweep generation total 84672K, used 34397K [0x000000009a2c0000, 0x000000009f570000, 0x0000000100000000)
 Metaspace       used 65020K, capacity 68389K, committed 68652K, reserved 1110016K
  class space    used 8437K, capacity 9011K, committed 9056K, reserved 1048576K
2021-01-18T18:01:57.708+0000: 45.047: [GC (Allocation Failure) 2021-01-18T18:01:57.708+0000: 45.047: [ParNew
Desired survivor size 2162688 bytes, new threshold 5 (max 6)
- age   1:     856032 bytes,     856032 total
- age   2:     245472 bytes,    1101504 total
- age   3:     357888 bytes,    1459392 total
- age   4:     569880 bytes,    2029272 total
- age   5:     200280 bytes,    2229552 total
- age   6:     187352 bytes,    2416904 total
: 36712K->2680K(38080K), 0.0105267 secs] 71109K->37078K(122752K), 0.0106014 secs] [Times: user=0.03 sys=0.00, real=0.01 secs] 
Heap after GC invocations=171 (full 3):
 par new generation   total 38080K, used 2680K [0x0000000085600000, 0x0000000087f50000, 0x000000009a2c0000)
  eden space 33856K,   0% used [0x0000000085600000, 0x0000000085600000, 0x0000000087710000)
  from space 4224K,  63% used [0x0000000087b30000, 0x0000000087dce2c0, 0x0000000087f50000)
  to   space 4224K,   0% used [0x0000000087710000, 0x0000000087710000, 0x0000000087b30000)
 concurrent mark-sweep generation total 84672K, used 34397K [0x000000009a2c0000, 0x000000009f570000, 0x0000000100000000)
 Metaspace       used 65020K, capacity 68389K, committed 68652K, reserved 1110016K
  class space    used 8437K, capacity 9011K, committed 9056K, reserved 1048576K
}
2021-01-18T18:01:57.719+0000: 45.058: Total time for which application threads were stopped: 0.0109674 seconds, Stopping threads took: 0.0001013 seconds
{Heap before GC invocations=171 (full 3):
 par new generation   total 38080K, used 36536K [0x0000000085600000, 0x0000000087f50000, 0x000000009a2c0000)
  eden space 33856K, 100% used [0x0000000085600000, 0x0000000087710000, 0x0000000087710000)
  from space 4224K,  63% used [0x0000000087b30000, 0x0000000087dce2c0, 0x0000000087f50000)
  to   space 4224K,   0% used [0x0000000087710000, 0x0000000087710000, 0x0000000087b30000)
 concurrent mark-sweep generation total 84672K, used 34397K [0x000000009a2c0000, 0x000000009f570000, 0x0000000100000000)
 Metaspace       used 65192K, capacity 68561K, committed 68652K, reserved 1110016K
  class space    used 8445K, capacity 9045K, committed 9056K, reserved 1048576K
2021-01-18T18:01:57.905+0000: 45.244: [GC (Allocation Failure) 2021-01-18T18:01:57.905+0000: 45.244: [ParNew
Desired survivor size 2162688 bytes, new threshold 5 (max 6)
- age   1:     763800 bytes,     763800 total
- age   2:     745776 bytes,    1509576 total
- age   3:     245056 bytes,    1754632 total
- age   4:     357168 bytes,    2111800 total
- age   5:     569536 bytes,    2681336 total
: 36536K->3956K(38080K), 0.0071446 secs] 70934K->38743K(122752K), 0.0072073 secs] [Times: user=0.04 sys=0.00, real=0.01 secs] 
Heap after GC invocations=172 (full 3):
 par new generation   total 38080K, used 3956K [0x0000000085600000, 0x0000000087f50000, 0x000000009a2c0000)
  eden space 33856K,   0% used [0x0000000085600000, 0x0000000085600000, 0x0000000087710000)
  from space 4224K,  93% used [0x0000000087710000, 0x0000000087aed1b8, 0x0000000087b30000)
  to   space 4224K,   0% used [0x0000000087b30000, 0x0000000087b30000, 0x0000000087f50000)
 concurrent mark-sweep generation total 84672K, used 34787K [0x000000009a2c0000, 0x000000009f570000, 0x0000000100000000)
 Metaspace       used 65192K, capacity 68561K, committed 68652K, reserved 1110016K
  class space    used 8445K, capacity 9045K, committed 9056K, reserved 1048576K
}
2021-01-18T18:01:57.913+0000: 45.251: Total time for which application threads were stopped: 0.0073895 seconds, Stopping threads took: 0.0000255 seconds
{Heap before GC invocations=172 (full 3):
 par new generation   total 38080K, used 37812K [0x0000000085600000, 0x0000000087f50000, 0x000000009a2c0000)
  eden space 33856K, 100% used [0x0000000085600000, 0x0000000087710000, 0x0000000087710000)
  from space 4224K,  93% used [0x0000000087710000, 0x0000000087aed1b8, 0x0000000087b30000)
  to   space 4224K,   0% used [0x0000000087b30000, 0x0000000087b30000, 0x0000000087f50000)
 concurrent mark-sweep generation total 84672K, used 34787K [0x000000009a2c0000, 0x000000009f570000, 0x0000000100000000)
 Metaspace       used 65742K, capacity 69151K, committed 69292K, reserved 1110016K
  class space    used 8514K, capacity 9124K, committed 9184K, reserved 1048576K
2021-01-18T18:01:58.835+0000: 46.173: [GC (Allocation Failure) 2021-01-18T18:01:58.835+0000: 46.173: [ParNew
Desired survivor size 2162688 bytes, new threshold 3 (max 6)
- age   1:    1239280 bytes,    1239280 total
- age   2:     678856 bytes,    1918136 total
- age   3:     719112 bytes,    2637248 total
- age   4:     245056 bytes,    2882304 total
- age   5:     355968 bytes,    3238272 total
: 37812K->4224K(38080K), 0.0166741 secs] 72599K->39787K(122752K), 0.0167644 secs] [Times: user=0.05 sys=0.00, real=0.02 secs] 
Heap after GC invocations=173 (full 3):
 par new generation   total 38080K, used 4224K [0x0000000085600000, 0x0000000087f50000, 0x000000009a2c0000)
  eden space 33856K,   0% used [0x0000000085600000, 0x0000000085600000, 0x0000000087710000)
  from space 4224K, 100% used [0x0000000087b30000, 0x0000000087f50000, 0x0000000087f50000)
  to   space 4224K,   0% used [0x0000000087710000, 0x0000000087710000, 0x0000000087b30000)
 concurrent mark-sweep generation total 84672K, used 35563K [0x000000009a2c0000, 0x000000009f570000, 0x0000000100000000)
 Metaspace       used 65742K, capacity 69151K, committed 69292K, reserved 1110016K
  class space    used 8514K, capacity 9124K, committed 9184K, reserved 1048576K
}
2021-01-18T18:01:58.851+0000: 46.190: Total time for which application threads were stopped: 0.0169913 seconds, Stopping threads took: 0.0000450 seconds
{Heap before GC invocations=173 (full 3):
 par new generation   total 38080K, used 38080K [0x0000000085600000, 0x0000000087f50000, 0x000000009a2c0000)
  eden space 33856K, 100% used [0x0000000085600000, 0x0000000087710000, 0x0000000087710000)
  from space 4224K, 100% used [0x0000000087b30000, 0x0000000087f50000, 0x0000000087f50000)
  to   space 4224K,   0% used [0x0000000087710000, 0x0000000087710000, 0x0000000087b30000)
 concurrent mark-sweep generation total 84672K, used 35563K [0x000000009a2c0000, 0x000000009f570000, 0x0000000100000000)
 Metaspace       used 66180K, capacity 69609K, committed 69804K, reserved 1110016K
  class space    used 8535K, capacity 9137K, committed 9184K, reserved 1048576K
2021-01-18T18:01:59.111+0000: 46.449: [GC (Allocation Failure) 2021-01-18T18:01:59.111+0000: 46.449: [ParNew
Desired survivor size 2162688 bytes, new threshold 2 (max 6)
- age   1:    1458128 bytes,    1458128 total
- age   2:     904064 bytes,    2362192 total
- age   3:     674752 bytes,    3036944 total
: 38080K->4224K(38080K), 0.0096854 secs] 73643K->41223K(122752K), 0.0097466 secs] [Times: user=0.03 sys=0.00, real=0.01 secs] 
Heap after GC invocations=174 (full 3):
 par new generation   total 38080K, used 4224K [0x0000000085600000, 0x0000000087f50000, 0x000000009a2c0000)
  eden space 33856K,   0% used [0x0000000085600000, 0x0000000085600000, 0x0000000087710000)
  from space 4224K, 100% used [0x0000000087710000, 0x0000000087b30000, 0x0000000087b30000)
  to   space 4224K,   0% used [0x0000000087b30000, 0x0000000087b30000, 0x0000000087f50000)
 concurrent mark-sweep generation total 84672K, used 36999K [0x000000009a2c0000, 0x000000009f570000, 0x0000000100000000)
 Metaspace       used 66180K, capacity 69609K, committed 69804K, reserved 1110016K
  class space    used 8535K, capacity 9137K, committed 9184K, reserved 1048576K
}
2021-01-18T18:01:59.120+0000: 46.459: Total time for which application threads were stopped: 0.0099930 seconds, Stopping threads took: 0.0000453 seconds
2021-01-18T18:01:59.706+0000: 47.044: Total time for which application threads were stopped: 0.0007307 seconds, Stopping threads took: 0.0000204 seconds
2021-01-18T18:01:59.710+0000: 47.048: Total time for which application threads were stopped: 0.0006332 seconds, Stopping threads took: 0.0000198 seconds
{Heap before GC invocations=174 (full 3):
 par new generation   total 38080K, used 38080K [0x0000000085600000, 0x0000000087f50000, 0x000000009a2c0000)
  eden space 33856K, 100% used [0x0000000085600000, 0x0000000087710000, 0x0000000087710000)
  from space 4224K, 100% used [0x0000000087710000, 0x0000000087b30000, 0x0000000087b30000)
  to   space 4224K,   0% used [0x0000000087b30000, 0x0000000087b30000, 0x0000000087f50000)
 concurrent mark-sweep generation total 84672K, used 36999K [0x000000009a2c0000, 0x000000009f570000, 0x0000000100000000)
 Metaspace       used 66594K, capacity 70003K, committed 70060K, reserved 1110016K
  class space    used 8567K, capacity 9176K, committed 9184K, reserved 1048576K
2021-01-18T18:01:59.931+0000: 47.270: [GC (Allocation Failure) 2021-01-18T18:01:59.931+0000: 47.270: [ParNew
Desired survivor size 2162688 bytes, new threshold 2 (max 6)
- age   1:    1233128 bytes,    1233128 total
- age   2:    1435160 bytes,    2668288 total
: 38080K->3938K(38080K), 0.0240367 secs] 75079K->42528K(122752K), 0.0241132 secs] [Times: user=0.07 sys=0.00, real=0.02 secs] 
Heap after GC invocations=175 (full 3):
 par new generation   total 38080K, used 3938K [0x0000000085600000, 0x0000000087f50000, 0x000000009a2c0000)
  eden space 33856K,   0% used [0x0000000085600000, 0x0000000085600000, 0x0000000087710000)
  from space 4224K,  93% used [0x0000000087b30000, 0x0000000087f08990, 0x0000000087f50000)
  to   space 4224K,   0% used [0x0000000087710000, 0x0000000087710000, 0x0000000087b30000)
 concurrent mark-sweep generation total 84672K, used 38589K [0x000000009a2c0000, 0x000000009f570000, 0x0000000100000000)
 Metaspace       used 66594K, capacity 70003K, committed 70060K, reserved 1110016K
  class space    used 8567K, capacity 9176K, committed 9184K, reserved 1048576K
}
2021-01-18T18:01:59.956+0000: 47.294: Total time for which application threads were stopped: 0.0243065 seconds, Stopping threads took: 0.0000410 seconds
2021-01-18T18:02:00.956+0000: 48.295: Total time for which application threads were stopped: 0.0001292 seconds, Stopping threads took: 0.0000262 seconds
{Heap before GC invocations=175 (full 3):
 par new generation   total 38080K, used 37794K [0x0000000085600000, 0x0000000087f50000, 0x000000009a2c0000)
  eden space 33856K, 100% used [0x0000000085600000, 0x0000000087710000, 0x0000000087710000)
  from space 4224K,  93% used [0x0000000087b30000, 0x0000000087f08990, 0x0000000087f50000)
  to   space 4224K,   0% used [0x0000000087710000, 0x0000000087710000, 0x0000000087b30000)
 concurrent mark-sweep generation total 84672K, used 38589K [0x000000009a2c0000, 0x000000009f570000, 0x0000000100000000)
 Metaspace       used 67518K, capacity 70939K, committed 71212K, reserved 1112064K
  class space    used 8681K, capacity 9274K, committed 9312K, reserved 1048576K
2021-01-18T18:02:01.223+0000: 48.562: [GC (Allocation Failure) 2021-01-18T18:02:01.223+0000: 48.562: [ParNew
Desired survivor size 2162688 bytes, new threshold 6 (max 6)
- age   1:     794208 bytes,     794208 total
- age   2:     975144 bytes,    1769352 total
: 37794K->3074K(38080K), 0.0145593 secs] 76384K->43102K(122752K), 0.0146298 secs] [Times: user=0.04 sys=0.01, real=0.01 secs] 
Heap after GC invocations=176 (full 3):
 par new generation   total 38080K, used 3074K [0x0000000085600000, 0x0000000087f50000, 0x000000009a2c0000)
  eden space 33856K,   0% used [0x0000000085600000, 0x0000000085600000, 0x0000000087710000)
  from space 4224K,  72% used [0x0000000087710000, 0x0000000087a10a08, 0x0000000087b30000)
  to   space 4224K,   0% used [0x0000000087b30000, 0x0000000087b30000, 0x0000000087f50000)
 concurrent mark-sweep generation total 84672K, used 40028K [0x000000009a2c0000, 0x000000009f570000, 0x0000000100000000)
 Metaspace       used 67518K, capacity 70939K, committed 71212K, reserved 1112064K
  class space    used 8681K, capacity 9274K, committed 9312K, reserved 1048576K
}
2021-01-18T18:02:01.238+0000: 48.576: Total time for which application threads were stopped: 0.0147951 seconds, Stopping threads took: 0.0000189 seconds
{Heap before GC invocations=176 (full 3):
 par new generation   total 38080K, used 36930K [0x0000000085600000, 0x0000000087f50000, 0x000000009a2c0000)
  eden space 33856K, 100% used [0x0000000085600000, 0x0000000087710000, 0x0000000087710000)
  from space 4224K,  72% used [0x0000000087710000, 0x0000000087a10a08, 0x0000000087b30000)
  to   space 4224K,   0% used [0x0000000087b30000, 0x0000000087b30000, 0x0000000087f50000)
 concurrent mark-sweep generation total 84672K, used 40028K [0x000000009a2c0000, 0x000000009f570000, 0x0000000100000000)
 Metaspace       used 68778K, capacity 72251K, committed 72364K, reserved 1112064K
  class space    used 8789K, capacity 9370K, committed 9440K, reserved 1048576K
2021-01-18T18:02:01.980+0000: 49.318: [GC (Allocation Failure) 2021-01-18T18:02:01.980+0000: 49.319: [ParNew
Desired survivor size 2162688 bytes, new threshold 6 (max 6)
- age   1:     890840 bytes,     890840 total
- age   2:     142904 bytes,    1033744 total
- age   3:     974728 bytes,    2008472 total
: 36930K->2456K(38080K), 0.0048634 secs] 76958K->42484K(122752K), 0.0049371 secs] [Times: user=0.01 sys=0.00, real=0.00 secs] 
Heap after GC invocations=177 (full 3):
 par new generation   total 38080K, used 2456K [0x0000000085600000, 0x0000000087f50000, 0x000000009a2c0000)
  eden space 33856K,   0% used [0x0000000085600000, 0x0000000085600000, 0x0000000087710000)
  from space 4224K,  58% used [0x0000000087b30000, 0x0000000087d96208, 0x0000000087f50000)
  to   space 4224K,   0% used [0x0000000087710000, 0x0000000087710000, 0x0000000087b30000)
 concurrent mark-sweep generation total 84672K, used 40028K [0x000000009a2c0000, 0x000000009f570000, 0x0000000100000000)
 Metaspace       used 68778K, capacity 72251K, committed 72364K, reserved 1112064K
  class space    used 8789K, capacity 9370K, committed 9440K, reserved 1048576K
}
2021-01-18T18:02:01.985+0000: 49.323: Total time for which application threads were stopped: 0.0051279 seconds, Stopping threads took: 0.0000264 seconds
2021-01-18T18:02:02.239+0000: 49.577: Total time for which application threads were stopped: 0.0008307 seconds, Stopping threads took: 0.0000259 seconds
{Heap before GC invocations=177 (full 3):
 par new generation   total 38080K, used 36312K [0x0000000085600000, 0x0000000087f50000, 0x000000009a2c0000)
  eden space 33856K, 100% used [0x0000000085600000, 0x0000000087710000, 0x0000000087710000)
  from space 4224K,  58% used [0x0000000087b30000, 0x0000000087d96208, 0x0000000087f50000)
  to   space 4224K,   0% used [0x0000000087710000, 0x0000000087710000, 0x0000000087b30000)
 concurrent mark-sweep generation total 84672K, used 40028K [0x000000009a2c0000, 0x000000009f570000, 0x0000000100000000)
 Metaspace       used 69649K, capacity 73169K, committed 73516K, reserved 1114112K
  class space    used 8874K, capacity 9481K, committed 9568K, reserved 1048576K
2021-01-18T18:02:02.320+0000: 49.659: [GC (Allocation Failure) 2021-01-18T18:02:02.320+0000: 49.659: [ParNew
Desired survivor size 2162688 bytes, new threshold 6 (max 6)
- age   1:     493184 bytes,     493184 total
- age   2:     396856 bytes,     890040 total
- age   3:     132472 bytes,    1022512 total
- age   4:     973472 bytes,    1995984 total
: 36312K->2415K(38080K), 0.0052256 secs] 76340K->42443K(122752K), 0.0052944 secs] [Times: user=0.02 sys=0.00, real=0.00 secs] 
Heap after GC invocations=178 (full 3):
 par new generation   total 38080K, used 2415K [0x0000000085600000, 0x0000000087f50000, 0x000000009a2c0000)
  eden space 33856K,   0% used [0x0000000085600000, 0x0000000085600000, 0x0000000087710000)
  from space 4224K,  57% used [0x0000000087710000, 0x000000008796be28, 0x0000000087b30000)
  to   space 4224K,   0% used [0x0000000087b30000, 0x0000000087b30000, 0x0000000087f50000)
 concurrent mark-sweep generation total 84672K, used 40028K [0x000000009a2c0000, 0x000000009f570000, 0x0000000100000000)
 Metaspace       used 69649K, capacity 73169K, committed 73516K, reserved 1114112K
  class space    used 8874K, capacity 9481K, committed 9568K, reserved 1048576K
}
2021-01-18T18:02:02.326+0000: 49.664: Total time for which application threads were stopped: 0.0054566 seconds, Stopping threads took: 0.0000242 seconds
{Heap before GC invocations=178 (full 3):
 par new generation   total 38080K, used 36271K [0x0000000085600000, 0x0000000087f50000, 0x000000009a2c0000)
  eden space 33856K, 100% used [0x0000000085600000, 0x0000000087710000, 0x0000000087710000)
  from space 4224K,  57% used [0x0000000087710000, 0x000000008796be28, 0x0000000087b30000)
  to   space 4224K,   0% used [0x0000000087b30000, 0x0000000087b30000, 0x0000000087f50000)
 concurrent mark-sweep generation total 84672K, used 40028K [0x000000009a2c0000, 0x000000009f570000, 0x0000000100000000)
 Metaspace       used 70011K, capacity 73555K, committed 73772K, reserved 1114112K
  class space    used 8912K, capacity 9502K, committed 9568K, reserved 1048576K
2021-01-18T18:02:02.580+0000: 49.918: [GC (Allocation Failure) 2021-01-18T18:02:02.580+0000: 49.918: [ParNew
Desired survivor size 2162688 bytes, new threshold 5 (max 6)
- age   1:    1284320 bytes,    1284320 total
- age   2:     309144 bytes,    1593464 total
- age   3:     394800 bytes,    1988264 total
- age   4:     132016 bytes,    2120280 total
- age   5:     968688 bytes,    3088968 total
: 36271K->3692K(38080K), 0.0066226 secs] 76299K->43720K(122752K), 0.0066932 secs] [Times: user=0.02 sys=0.00, real=0.01 secs] 
Heap after GC invocations=179 (full 3):
 par new generation   total 38080K, used 3692K [0x0000000085600000, 0x0000000087f50000, 0x000000009a2c0000)
  eden space 33856K,   0% used [0x0000000085600000, 0x0000000085600000, 0x0000000087710000)
  from space 4224K,  87% used [0x0000000087b30000, 0x0000000087ecb228, 0x0000000087f50000)
  to   space 4224K,   0% used [0x0000000087710000, 0x0000000087710000, 0x0000000087b30000)
 concurrent mark-sweep generation total 84672K, used 40028K [0x000000009a2c0000, 0x000000009f570000, 0x0000000100000000)
 Metaspace       used 70011K, capacity 73555K, committed 73772K, reserved 1114112K
  class space    used 8912K, capacity 9502K, committed 9568K, reserved 1048576K
}
2021-01-18T18:02:02.586+0000: 49.925: Total time for which application threads were stopped: 0.0068779 seconds, Stopping threads took: 0.0000192 seconds
{Heap before GC invocations=179 (full 3):
 par new generation   total 38080K, used 37548K [0x0000000085600000, 0x0000000087f50000, 0x000000009a2c0000)
  eden space 33856K, 100% used [0x0000000085600000, 0x0000000087710000, 0x0000000087710000)
  from space 4224K,  87% used [0x0000000087b30000, 0x0000000087ecb228, 0x0000000087f50000)
  to   space 4224K,   0% used [0x0000000087710000, 0x0000000087710000, 0x0000000087b30000)
 concurrent mark-sweep generation total 84672K, used 40028K [0x000000009a2c0000, 0x000000009f570000, 0x0000000100000000)
 Metaspace       used 70189K, capacity 73733K, committed 73772K, reserved 1114112K
  class space    used 8920K, capacity 9537K, committed 9568K, reserved 1048576K
2021-01-18T18:02:02.763+0000: 50.101: [GC (Allocation Failure) 2021-01-18T18:02:02.763+0000: 50.101: [ParNew
Desired survivor size 2162688 bytes, new threshold 4 (max 6)
- age   1:     643976 bytes,     643976 total
- age   2:    1000488 bytes,    1644464 total
- age   3:     309144 bytes,    1953608 total
- age   4:     394776 bytes,    2348384 total
- age   5:     132016 bytes,    2480400 total
: 37548K->3145K(38080K), 0.0093910 secs] 77576K->44142K(122752K), 0.0094553 secs] [Times: user=0.03 sys=0.00, real=0.01 secs] 
Heap after GC invocations=180 (full 3):
 par new generation   total 38080K, used 3145K [0x0000000085600000, 0x0000000087f50000, 0x000000009a2c0000)
  eden space 33856K,   0% used [0x0000000085600000, 0x0000000085600000, 0x0000000087710000)
  from space 4224K,  74% used [0x0000000087710000, 0x0000000087a22468, 0x0000000087b30000)
  to   space 4224K,   0% used [0x0000000087b30000, 0x0000000087b30000, 0x0000000087f50000)
 concurrent mark-sweep generation total 84672K, used 40997K [0x000000009a2c0000, 0x000000009f570000, 0x0000000100000000)
 Metaspace       used 70189K, capacity 73733K, committed 73772K, reserved 1114112K
  class space    used 8920K, capacity 9537K, committed 9568K, reserved 1048576K
}
2021-01-18T18:02:02.772+0000: 50.111: Total time for which application threads were stopped: 0.0096615 seconds, Stopping threads took: 0.0000495 seconds
{Heap before GC invocations=180 (full 3):
 par new generation   total 38080K, used 37001K [0x0000000085600000, 0x0000000087f50000, 0x000000009a2c0000)
  eden space 33856K, 100% used [0x0000000085600000, 0x0000000087710000, 0x0000000087710000)
  from space 4224K,  74% used [0x0000000087710000, 0x0000000087a22468, 0x0000000087b30000)
  to   space 4224K,   0% used [0x0000000087b30000, 0x0000000087b30000, 0x0000000087f50000)
 concurrent mark-sweep generation total 84672K, used 40997K [0x000000009a2c0000, 0x000000009f570000, 0x0000000100000000)
 Metaspace       used 70345K, capacity 73877K, committed 74028K, reserved 1114112K
  class space    used 8926K, capacity 9539K, committed 9568K, reserved 1048576K
2021-01-18T18:02:02.950+0000: 50.288: [GC (Allocation Failure) 2021-01-18T18:02:02.950+0000: 50.288: [ParNew
Desired survivor size 2162688 bytes, new threshold 3 (max 6)
- age   1:     564584 bytes,     564584 total
- age   2:     624808 bytes,    1189392 total
- age   3:    1000024 bytes,    2189416 total
- age   4:     309024 bytes,    2498440 total
: 37001K->4224K(38080K), 0.0161045 secs] 77998K->45751K(122752K), 0.0161846 secs] [Times: user=0.04 sys=0.00, real=0.01 secs] 
Heap after GC invocations=181 (full 3):
 par new generation   total 38080K, used 4224K [0x0000000085600000, 0x0000000087f50000, 0x000000009a2c0000)
  eden space 33856K,   0% used [0x0000000085600000, 0x0000000085600000, 0x0000000087710000)
  from space 4224K, 100% used [0x0000000087b30000, 0x0000000087f50000, 0x0000000087f50000)
  to   space 4224K,   0% used [0x0000000087710000, 0x0000000087710000, 0x0000000087b30000)
 concurrent mark-sweep generation total 84672K, used 41527K [0x000000009a2c0000, 0x000000009f570000, 0x0000000100000000)
 Metaspace       used 70345K, capacity 73877K, committed 74028K, reserved 1114112K
  class space    used 8926K, capacity 9539K, committed 9568K, reserved 1048576K
}
2021-01-18T18:02:02.966+0000: 50.304: Total time for which application threads were stopped: 0.0164331 seconds, Stopping threads took: 0.0000236 seconds
{Heap before GC invocations=181 (full 3):
 par new generation   total 38080K, used 38080K [0x0000000085600000, 0x0000000087f50000, 0x000000009a2c0000)
  eden space 33856K, 100% used [0x0000000085600000, 0x0000000087710000, 0x0000000087710000)
  from space 4224K, 100% used [0x0000000087b30000, 0x0000000087f50000, 0x0000000087f50000)
  to   space 4224K,   0% used [0x0000000087710000, 0x0000000087710000, 0x0000000087b30000)
 concurrent mark-sweep generation total 84672K, used 41527K [0x000000009a2c0000, 0x000000009f570000, 0x0000000100000000)
 Metaspace       used 70814K, capacity 74451K, committed 74668K, reserved 1114112K
  class space    used 8979K, capacity 9598K, committed 9696K, reserved 1048576K
2021-01-18T18:02:03.788+0000: 51.127: [GC (Allocation Failure) 2021-01-18T18:02:03.792+0000: 51.131: [ParNew
Desired survivor size 2162688 bytes, new threshold 3 (max 6)
- age   1:    1311248 bytes,    1311248 total
- age   2:     559344 bytes,    1870592 total
- age   3:     624576 bytes,    2495168 total
: 38080K->3511K(38080K), 0.0174099 secs] 79607K->46352K(122752K), 0.0213158 secs] [Times: user=0.05 sys=0.00, real=0.02 secs] 
Heap after GC invocations=182 (full 3):
 par new generation   total 38080K, used 3511K [0x0000000085600000, 0x0000000087f50000, 0x000000009a2c0000)
  eden space 33856K,   0% used [0x0000000085600000, 0x0000000085600000, 0x0000000087710000)
  from space 4224K,  83% used [0x0000000087710000, 0x0000000087a7dfc8, 0x0000000087b30000)
  to   space 4224K,   0% used [0x0000000087b30000, 0x0000000087b30000, 0x0000000087f50000)
 concurrent mark-sweep generation total 84672K, used 42840K [0x000000009a2c0000, 0x000000009f570000, 0x0000000100000000)
 Metaspace       used 70814K, capacity 74451K, committed 74668K, reserved 1114112K
  class space    used 8979K, capacity 9598K, committed 9696K, reserved 1048576K
}
2021-01-18T18:02:03.810+0000: 51.148: Total time for which application threads were stopped: 0.0215664 seconds, Stopping threads took: 0.0000269 seconds
{Heap before GC invocations=182 (full 3):
 par new generation   total 38080K, used 37367K [0x0000000085600000, 0x0000000087f50000, 0x000000009a2c0000)
  eden space 33856K, 100% used [0x0000000085600000, 0x0000000087710000, 0x0000000087710000)
  from space 4224K,  83% used [0x0000000087710000, 0x0000000087a7dfc8, 0x0000000087b30000)
  to   space 4224K,   0% used [0x0000000087b30000, 0x0000000087b30000, 0x0000000087f50000)
 concurrent mark-sweep generation total 84672K, used 42840K [0x000000009a2c0000, 0x000000009f570000, 0x0000000100000000)
 Metaspace       used 71071K, capacity 74721K, committed 74924K, reserved 1114112K
  class space    used 9004K, capacity 9615K, committed 9696K, reserved 1048576K
2021-01-18T18:02:03.992+0000: 51.331: [GC (Allocation Failure) 2021-01-18T18:02:03.992+0000: 51.331: [ParNew
Desired survivor size 2162688 bytes, new threshold 2 (max 6)
- age   1:    1071248 bytes,    1071248 total
- age   2:    1203856 bytes,    2275104 total
- age   3:     555720 bytes,    2830824 total
: 37367K->3229K(38080K), 0.0146869 secs] 80208K->46701K(122752K), 0.0147975 secs] [Times: user=0.04 sys=0.00, real=0.02 secs] 
Heap after GC invocations=183 (full 3):
 par new generation   total 38080K, used 3229K [0x0000000085600000, 0x0000000087f50000, 0x000000009a2c0000)
  eden space 33856K,   0% used [0x0000000085600000, 0x0000000085600000, 0x0000000087710000)
  from space 4224K,  76% used [0x0000000087b30000, 0x0000000087e57740, 0x0000000087f50000)
  to   space 4224K,   0% used [0x0000000087710000, 0x0000000087710000, 0x0000000087b30000)
 concurrent mark-sweep generation total 84672K, used 43471K [0x000000009a2c0000, 0x000000009f570000, 0x0000000100000000)
 Metaspace       used 71071K, capacity 74721K, committed 74924K, reserved 1114112K
  class space    used 9004K, capacity 9615K, committed 9696K, reserved 1048576K
}
2021-01-18T18:02:04.007+0000: 51.345: Total time for which application threads were stopped: 0.0150896 seconds, Stopping threads took: 0.0000471 seconds
{Heap before GC invocations=183 (full 3):
 par new generation   total 38080K, used 37085K [0x0000000085600000, 0x0000000087f50000, 0x000000009a2c0000)
  eden space 33856K, 100% used [0x0000000085600000, 0x0000000087710000, 0x0000000087710000)
  from space 4224K,  76% used [0x0000000087b30000, 0x0000000087e57740, 0x0000000087f50000)
  to   space 4224K,   0% used [0x0000000087710000, 0x0000000087710000, 0x0000000087b30000)
 concurrent mark-sweep generation total 84672K, used 43471K [0x000000009a2c0000, 0x000000009f570000, 0x0000000100000000)
 Metaspace       used 71288K, capacity 74999K, committed 75180K, reserved 1114112K
  class space    used 9014K, capacity 9618K, committed 9696K, reserved 1048576K
2021-01-18T18:02:04.157+0000: 51.496: [GC (Allocation Failure) 2021-01-18T18:02:04.157+0000: 51.496: [ParNew
Desired survivor size 2162688 bytes, new threshold 6 (max 6)
- age   1:     618336 bytes,     618336 total
- age   2:    1055944 bytes,    1674280 total
: 37085K->2610K(38080K), 0.0099251 secs] 80557K->47851K(122752K), 0.0099865 secs] [Times: user=0.03 sys=0.00, real=0.02 secs] 
Heap after GC invocations=184 (full 3):
 par new generation   total 38080K, used 2610K [0x0000000085600000, 0x0000000087f50000, 0x000000009a2c0000)
  eden space 33856K,   0% used [0x0000000085600000, 0x0000000085600000, 0x0000000087710000)
  from space 4224K,  61% used [0x0000000087710000, 0x000000008799cad0, 0x0000000087b30000)
  to   space 4224K,   0% used [0x0000000087b30000, 0x0000000087b30000, 0x0000000087f50000)
 concurrent mark-sweep generation total 84672K, used 45240K [0x000000009a2c0000, 0x000000009f570000, 0x0000000100000000)
 Metaspace       used 71288K, capacity 74999K, committed 75180K, reserved 1114112K
  class space    used 9014K, capacity 9618K, committed 9696K, reserved 1048576K
}
2021-01-18T18:02:04.167+0000: 51.506: Total time for which application threads were stopped: 0.0101571 seconds, Stopping threads took: 0.0000214 seconds
2021-01-18T18:02:04.256+0000: 51.594: Total time for which application threads were stopped: 0.0009880 seconds, Stopping threads took: 0.0000414 seconds
{Heap before GC invocations=184 (full 3):
 par new generation   total 38080K, used 36466K [0x0000000085600000, 0x0000000087f50000, 0x000000009a2c0000)
  eden space 33856K, 100% used [0x0000000085600000, 0x0000000087710000, 0x0000000087710000)
  from space 4224K,  61% used [0x0000000087710000, 0x000000008799cad0, 0x0000000087b30000)
  to   space 4224K,   0% used [0x0000000087b30000, 0x0000000087b30000, 0x0000000087f50000)
 concurrent mark-sweep generation total 84672K, used 45240K [0x000000009a2c0000, 0x000000009f570000, 0x0000000100000000)
 Metaspace       used 71623K, capacity 75323K, committed 75436K, reserved 1116160K
  class space    used 9039K, capacity 9656K, committed 9696K, reserved 1048576K
2021-01-18T18:02:04.356+0000: 51.695: [GC (Allocation Failure) 2021-01-18T18:02:04.356+0000: 51.695: [ParNew
Desired survivor size 2162688 bytes, new threshold 3 (max 6)
- age   1:     882312 bytes,     882312 total
- age   2:     601944 bytes,    1484256 total
- age   3:    1054880 bytes,    2539136 total
: 36466K->3292K(38080K), 0.0147025 secs] 81707K->48533K(122752K), 0.0147739 secs] [Times: user=0.05 sys=0.00, real=0.02 secs] 
Heap after GC invocations=185 (full 3):
 par new generation   total 38080K, used 3292K [0x0000000085600000, 0x0000000087f50000, 0x000000009a2c0000)
  eden space 33856K,   0% used [0x0000000085600000, 0x0000000085600000, 0x0000000087710000)
  from space 4224K,  77% used [0x0000000087b30000, 0x0000000087e67318, 0x0000000087f50000)
  to   space 4224K,   0% used [0x0000000087710000, 0x0000000087710000, 0x0000000087b30000)
 concurrent mark-sweep generation total 84672K, used 45240K [0x000000009a2c0000, 0x000000009f570000, 0x0000000100000000)
 Metaspace       used 71623K, capacity 75323K, committed 75436K, reserved 1116160K
  class space    used 9039K, capacity 9656K, committed 9696K, reserved 1048576K
}
2021-01-18T18:02:04.371+0000: 51.710: Total time for which application threads were stopped: 0.0149715 seconds, Stopping threads took: 0.0000482 seconds
{Heap before GC invocations=185 (full 3):
 par new generation   total 38080K, used 37148K [0x0000000085600000, 0x0000000087f50000, 0x000000009a2c0000)
  eden space 33856K, 100% used [0x0000000085600000, 0x0000000087710000, 0x0000000087710000)
  from space 4224K,  77% used [0x0000000087b30000, 0x0000000087e67318, 0x0000000087f50000)
  to   space 4224K,   0% used [0x0000000087710000, 0x0000000087710000, 0x0000000087b30000)
 concurrent mark-sweep generation total 84672K, used 45240K [0x000000009a2c0000, 0x000000009f570000, 0x0000000100000000)
 Metaspace       used 71877K, capacity 75609K, committed 75820K, reserved 1116160K
  class space    used 9060K, capacity 9699K, committed 9824K, reserved 1048576K
2021-01-18T18:02:04.837+0000: 52.176: [GC (Allocation Failure) 2021-01-18T18:02:04.837+0000: 52.176: [ParNew
Desired survivor size 2162688 bytes, new threshold 3 (max 6)
- age   1:     739792 bytes,     739792 total
- age   2:     857768 bytes,    1597560 total
- age   3:     600944 bytes,    2198504 total
: 37148K->2902K(38080K), 0.0200021 secs] 82389K->49195K(122752K), 0.0201821 secs] [Times: user=0.08 sys=0.00, real=0.02 secs] 
Heap after GC invocations=186 (full 3):
 par new generation   total 38080K, used 2902K [0x0000000085600000, 0x0000000087f50000, 0x000000009a2c0000)
  eden space 33856K,   0% used [0x0000000085600000, 0x0000000085600000, 0x0000000087710000)
  from space 4224K,  68% used [0x0000000087710000, 0x00000000879e5b10, 0x0000000087b30000)
  to   space 4224K,   0% used [0x0000000087b30000, 0x0000000087b30000, 0x0000000087f50000)
 concurrent mark-sweep generation total 84672K, used 46292K [0x000000009a2c0000, 0x000000009f570000, 0x0000000100000000)
 Metaspace       used 71877K, capacity 75609K, committed 75820K, reserved 1116160K
  class space    used 9060K, capacity 9699K, committed 9824K, reserved 1048576K
}
2021-01-18T18:02:04.857+0000: 52.196: Total time for which application threads were stopped: 0.0207799 seconds, Stopping threads took: 0.0001443 seconds
2021-01-18T18:02:05.858+0000: 53.196: Total time for which application threads were stopped: 0.0001282 seconds, Stopping threads took: 0.0000222 seconds
{Heap before GC invocations=186 (full 3):
 par new generation   total 38080K, used 36758K [0x0000000085600000, 0x0000000087f50000, 0x000000009a2c0000)
  eden space 33856K, 100% used [0x0000000085600000, 0x0000000087710000, 0x0000000087710000)
  from space 4224K,  68% used [0x0000000087710000, 0x00000000879e5b10, 0x0000000087b30000)
  to   space 4224K,   0% used [0x0000000087b30000, 0x0000000087b30000, 0x0000000087f50000)
 concurrent mark-sweep generation total 84672K, used 46292K [0x000000009a2c0000, 0x000000009f570000, 0x0000000100000000)
 Metaspace       used 72258K, capacity 75979K, committed 76076K, reserved 1116160K
  class space    used 9096K, capacity 9734K, committed 9824K, reserved 1048576K
2021-01-18T18:02:06.534+0000: 53.872: [GC (Allocation Failure) 2021-01-18T18:02:06.534+0000: 53.872: [ParNew
Desired survivor size 2162688 bytes, new threshold 3 (max 6)
- age   1:     956992 bytes,     956992 total
- age   2:     724680 bytes,    1681672 total
- age   3:     856816 bytes,    2538488 total
: 36758K->3578K(38080K), 0.0129835 secs] 83051K->50477K(122752K), 0.0131375 secs] [Times: user=0.04 sys=0.00, real=0.02 secs] 
Heap after GC invocations=187 (full 3):
 par new generation   total 38080K, used 3578K [0x0000000085600000, 0x0000000087f50000, 0x000000009a2c0000)
  eden space 33856K,   0% used [0x0000000085600000, 0x0000000085600000, 0x0000000087710000)
  from space 4224K,  84% used [0x0000000087b30000, 0x0000000087eae8b8, 0x0000000087f50000)
  to   space 4224K,   0% used [0x0000000087710000, 0x0000000087710000, 0x0000000087b30000)
 concurrent mark-sweep generation total 84672K, used 46899K [0x000000009a2c0000, 0x000000009f570000, 0x0000000100000000)
 Metaspace       used 72258K, capacity 75979K, committed 76076K, reserved 1116160K
  class space    used 9096K, capacity 9734K, committed 9824K, reserved 1048576K
}
2021-01-18T18:02:06.547+0000: 53.885: Total time for which application threads were stopped: 0.0135372 seconds, Stopping threads took: 0.0000468 seconds
{Heap before GC invocations=187 (full 3):
 par new generation   total 38080K, used 37434K [0x0000000085600000, 0x0000000087f50000, 0x000000009a2c0000)
  eden space 33856K, 100% used [0x0000000085600000, 0x0000000087710000, 0x0000000087710000)
  from space 4224K,  84% used [0x0000000087b30000, 0x0000000087eae8b8, 0x0000000087f50000)
  to   space 4224K,   0% used [0x0000000087710000, 0x0000000087710000, 0x0000000087b30000)
 concurrent mark-sweep generation total 84672K, used 46899K [0x000000009a2c0000, 0x000000009f570000, 0x0000000100000000)
 Metaspace       used 72868K, capacity 76551K, committed 76844K, reserved 1116160K
  class space    used 9149K, capacity 9772K, committed 9824K, reserved 1048576K
2021-01-18T18:02:07.216+0000: 54.554: [GC (Allocation Failure) 2021-01-18T18:02:07.216+0000: 54.554: [ParNew
Desired survivor size 2162688 bytes, new threshold 6 (max 6)
- age   1:     411352 bytes,     411352 total
- age   2:     601448 bytes,    1012800 total
- age   3:     724920 bytes,    1737720 total
: 37434K->2301K(38080K), 0.0150205 secs] 84333K->50058K(122752K), 0.0150933 secs] [Times: user=0.04 sys=0.00, real=0.02 secs] 
Heap after GC invocations=188 (full 3):
 par new generation   total 38080K, used 2301K [0x0000000085600000, 0x0000000087f50000, 0x000000009a2c0000)
  eden space 33856K,   0% used [0x0000000085600000, 0x0000000085600000, 0x0000000087710000)
  from space 4224K,  54% used [0x0000000087710000, 0x000000008794f418, 0x0000000087b30000)
  to   space 4224K,   0% used [0x0000000087b30000, 0x0000000087b30000, 0x0000000087f50000)
 concurrent mark-sweep generation total 84672K, used 47757K [0x000000009a2c0000, 0x000000009f570000, 0x0000000100000000)
 Metaspace       used 72868K, capacity 76551K, committed 76844K, reserved 1116160K
  class space    used 9149K, capacity 9772K, committed 9824K, reserved 1048576K
}
2021-01-18T18:02:07.231+0000: 54.569: Total time for which application threads were stopped: 0.0153460 seconds, Stopping threads took: 0.0000248 seconds
2021-01-18T18:02:08.160+0000: 55.498: Total time for which application threads were stopped: 0.0007682 seconds, Stopping threads took: 0.0000202 seconds
{Heap before GC invocations=188 (full 3):
 par new generation   total 38080K, used 36157K [0x0000000085600000, 0x0000000087f50000, 0x000000009a2c0000)
  eden space 33856K, 100% used [0x0000000085600000, 0x0000000087710000, 0x0000000087710000)
  from space 4224K,  54% used [0x0000000087710000, 0x000000008794f418, 0x0000000087b30000)
  to   space 4224K,   0% used [0x0000000087b30000, 0x0000000087b30000, 0x0000000087f50000)
 concurrent mark-sweep generation total 84672K, used 47757K [0x000000009a2c0000, 0x000000009f570000, 0x0000000100000000)
 Metaspace       used 73812K, capacity 77753K, committed 77868K, reserved 1118208K
  class space    used 9283K, capacity 9973K, committed 10080K, reserved 1048576K
2021-01-18T18:02:08.213+0000: 55.552: [GC (Allocation Failure) 2021-01-18T18:02:08.213+0000: 55.552: [ParNew
Desired survivor size 2162688 bytes, new threshold 3 (max 6)
- age   1:    1534360 bytes,    1534360 total
- age   2:     264944 bytes,    1799304 total
- age   3:     588600 bytes,    2387904 total
- age   4:     723472 bytes,    3111376 total
: 36157K->3814K(38080K), 0.0056063 secs] 83914K->51571K(122752K), 0.0057017 secs] [Times: user=0.02 sys=0.00, real=0.01 secs] 
Heap after GC invocations=189 (full 3):
 par new generation   total 38080K, used 3814K [0x0000000085600000, 0x0000000087f50000, 0x000000009a2c0000)
  eden space 33856K,   0% used [0x0000000085600000, 0x0000000085600000, 0x0000000087710000)
  from space 4224K,  90% used [0x0000000087b30000, 0x0000000087ee9958, 0x0000000087f50000)
  to   space 4224K,   0% used [0x0000000087710000, 0x0000000087710000, 0x0000000087b30000)
 concurrent mark-sweep generation total 84672K, used 47757K [0x000000009a2c0000, 0x000000009f570000, 0x0000000100000000)
 Metaspace       used 73812K, capacity 77753K, committed 77868K, reserved 1118208K
  class space    used 9283K, capacity 9973K, committed 10080K, reserved 1048576K
}
2021-01-18T18:02:08.219+0000: 55.558: Total time for which application threads were stopped: 0.0059078 seconds, Stopping threads took: 0.0000252 seconds
2021-01-18T18:02:08.752+0000: 56.091: Total time for which application threads were stopped: 0.0007180 seconds, Stopping threads took: 0.0000148 seconds
{Heap before GC invocations=189 (full 3):
 par new generation   total 38080K, used 37670K [0x0000000085600000, 0x0000000087f50000, 0x000000009a2c0000)
  eden space 33856K, 100% used [0x0000000085600000, 0x0000000087710000, 0x0000000087710000)
  from space 4224K,  90% used [0x0000000087b30000, 0x0000000087ee9958, 0x0000000087f50000)
  to   space 4224K,   0% used [0x0000000087710000, 0x0000000087710000, 0x0000000087b30000)
 concurrent mark-sweep generation total 84672K, used 47757K [0x000000009a2c0000, 0x000000009f570000, 0x0000000100000000)
 Metaspace       used 74150K, capacity 78111K, committed 78380K, reserved 1118208K
  class space    used 9327K, capacity 10006K, committed 10080K, reserved 1048576K
2021-01-18T18:02:08.767+0000: 56.106: [GC (Allocation Failure) 2021-01-18T18:02:08.768+0000: 56.106: [ParNew
Desired survivor size 2162688 bytes, new threshold 6 (max 6)
- age   1:     783760 bytes,     783760 total
- age   2:    1109280 bytes,    1893040 total
- age   3:     264528 bytes,    2157568 total
: 37670K->3002K(38080K), 0.0069899 secs] 85427K->52077K(122752K), 0.0070570 secs] [Times: user=0.02 sys=0.00, real=0.00 secs] 
Heap after GC invocations=190 (full 3):
 par new generation   total 38080K, used 3002K [0x0000000085600000, 0x0000000087f50000, 0x000000009a2c0000)
  eden space 33856K,   0% used [0x0000000085600000, 0x0000000085600000, 0x0000000087710000)
  from space 4224K,  71% used [0x0000000087710000, 0x00000000879feb40, 0x0000000087b30000)
  to   space 4224K,   0% used [0x0000000087b30000, 0x0000000087b30000, 0x0000000087f50000)
 concurrent mark-sweep generation total 84672K, used 49074K [0x000000009a2c0000, 0x000000009f570000, 0x0000000100000000)
 Metaspace       used 74150K, capacity 78111K, committed 78380K, reserved 1118208K
  class space    used 9327K, capacity 10006K, committed 10080K, reserved 1048576K
}
2021-01-18T18:02:08.775+0000: 56.113: Total time for which application threads were stopped: 0.0072182 seconds, Stopping threads took: 0.0000186 seconds
{Heap before GC invocations=190 (full 3):
 par new generation   total 38080K, used 36858K [0x0000000085600000, 0x0000000087f50000, 0x000000009a2c0000)
  eden space 33856K, 100% used [0x0000000085600000, 0x0000000087710000, 0x0000000087710000)
  from space 4224K,  71% used [0x0000000087710000, 0x00000000879feb40, 0x0000000087b30000)
  to   space 4224K,   0% used [0x0000000087b30000, 0x0000000087b30000, 0x0000000087f50000)
 concurrent mark-sweep generation total 84672K, used 49074K [0x000000009a2c0000, 0x000000009f570000, 0x0000000100000000)
 Metaspace       used 74398K, capacity 78335K, committed 78380K, reserved 1118208K
  class space    used 9357K, capacity 10038K, committed 10080K, reserved 1048576K
2021-01-18T18:02:09.224+0000: 56.563: [GC (Allocation Failure) 2021-01-18T18:02:09.224+0000: 56.563: [ParNew
Desired survivor size 2162688 bytes, new threshold 3 (max 6)
- age   1:    1698376 bytes,    1698376 total
- age   2:     127904 bytes,    1826280 total
- age   3:    1108848 bytes,    2935128 total
- age   4:     264616 bytes,    3199744 total
: 36858K->3546K(38080K), 0.0099752 secs] 85933K->52621K(122752K), 0.0100523 secs] [Times: user=0.03 sys=0.00, real=0.01 secs] 
Heap after GC invocations=191 (full 3):
 par new generation   total 38080K, used 3546K [0x0000000085600000, 0x0000000087f50000, 0x000000009a2c0000)
  eden space 33856K,   0% used [0x0000000085600000, 0x0000000085600000, 0x0000000087710000)
  from space 4224K,  83% used [0x0000000087b30000, 0x0000000087ea6b40, 0x0000000087f50000)
  to   space 4224K,   0% used [0x0000000087710000, 0x0000000087710000, 0x0000000087b30000)
 concurrent mark-sweep generation total 84672K, used 49074K [0x000000009a2c0000, 0x000000009f570000, 0x0000000100000000)
 Metaspace       used 74398K, capacity 78335K, committed 78380K, reserved 1118208K
  class space    used 9357K, capacity 10038K, committed 10080K, reserved 1048576K
}
2021-01-18T18:02:09.234+0000: 56.573: Total time for which application threads were stopped: 0.0102317 seconds, Stopping threads took: 0.0000222 seconds
{Heap before GC invocations=191 (full 3):
 par new generation   total 38080K, used 37402K [0x0000000085600000, 0x0000000087f50000, 0x000000009a2c0000)
  eden space 33856K, 100% used [0x0000000085600000, 0x0000000087710000, 0x0000000087710000)
  from space 4224K,  83% used [0x0000000087b30000, 0x0000000087ea6b40, 0x0000000087f50000)
  to   space 4224K,   0% used [0x0000000087710000, 0x0000000087710000, 0x0000000087b30000)
 concurrent mark-sweep generation total 84672K, used 49074K [0x000000009a2c0000, 0x000000009f570000, 0x0000000100000000)
 Metaspace       used 74699K, capacity 78623K, committed 78636K, reserved 1118208K
  class space    used 9394K, capacity 10070K, committed 10080K, reserved 1048576K
2021-01-18T18:02:09.563+0000: 56.902: [GC (Allocation Failure) 2021-01-18T18:02:09.563+0000: 56.902: [ParNew
Desired survivor size 2162688 bytes, new threshold 6 (max 6)
- age   1:     696736 bytes,     696736 total
- age   2:      43200 bytes,     739936 total
- age   3:     127344 bytes,     867280 total
: 37402K->2269K(38080K), 0.0384265 secs] 86477K->52711K(122752K), 0.0385884 secs] [Times: user=0.06 sys=0.00, real=0.04 secs] 
Heap after GC invocations=192 (full 3):
 par new generation   total 38080K, used 2269K [0x0000000085600000, 0x0000000087f50000, 0x000000009a2c0000)
  eden space 33856K,   0% used [0x0000000085600000, 0x0000000085600000, 0x0000000087710000)
  from space 4224K,  53% used [0x0000000087710000, 0x0000000087947700, 0x0000000087b30000)
  to   space 4224K,   0% used [0x0000000087b30000, 0x0000000087b30000, 0x0000000087f50000)
 concurrent mark-sweep generation total 84672K, used 50441K [0x000000009a2c0000, 0x000000009f570000, 0x0000000100000000)
 Metaspace       used 74699K, capacity 78623K, committed 78636K, reserved 1118208K
  class space    used 9394K, capacity 10070K, committed 10080K, reserved 1048576K
}
2021-01-18T18:02:09.602+0000: 56.940: Total time for which application threads were stopped: 0.0390643 seconds, Stopping threads took: 0.0000458 seconds
{Heap before GC invocations=192 (full 3):
 par new generation   total 38080K, used 36125K [0x0000000085600000, 0x0000000087f50000, 0x000000009a2c0000)
  eden space 33856K, 100% used [0x0000000085600000, 0x0000000087710000, 0x0000000087710000)
  from space 4224K,  53% used [0x0000000087710000, 0x0000000087947700, 0x0000000087b30000)
  to   space 4224K,   0% used [0x0000000087b30000, 0x0000000087b30000, 0x0000000087f50000)
 concurrent mark-sweep generation total 84672K, used 50441K [0x000000009a2c0000, 0x000000009f570000, 0x0000000100000000)
 Metaspace       used 75364K, capacity 79289K, committed 79532K, reserved 1118208K
  class space    used 9466K, capacity 10139K, committed 10208K, reserved 1048576K
2021-01-18T18:02:10.056+0000: 57.394: [GC (Allocation Failure) 2021-01-18T18:02:10.056+0000: 57.394: [ParNew
Desired survivor size 2162688 bytes, new threshold 6 (max 6)
- age   1:     884336 bytes,     884336 total
- age   2:     127768 bytes,    1012104 total
- age   3:      42704 bytes,    1054808 total
- age   4:     123248 bytes,    1178056 total
: 36125K->1486K(38080K), 0.0072099 secs] 86567K->51928K(122752K), 0.0073088 secs] [Times: user=0.01 sys=0.00, real=0.01 secs] 
Heap after GC invocations=193 (full 3):
 par new generation   total 38080K, used 1486K [0x0000000085600000, 0x0000000087f50000, 0x000000009a2c0000)
  eden space 33856K,   0% used [0x0000000085600000, 0x0000000085600000, 0x0000000087710000)
  from space 4224K,  35% used [0x0000000087b30000, 0x0000000087ca3910, 0x0000000087f50000)
  to   space 4224K,   0% used [0x0000000087710000, 0x0000000087710000, 0x0000000087b30000)
 concurrent mark-sweep generation total 84672K, used 50441K [0x000000009a2c0000, 0x000000009f570000, 0x0000000100000000)
 Metaspace       used 75364K, capacity 79289K, committed 79532K, reserved 1118208K
  class space    used 9466K, capacity 10139K, committed 10208K, reserved 1048576K
}
2021-01-18T18:02:10.063+0000: 57.402: Total time for which application threads were stopped: 0.0075357 seconds, Stopping threads took: 0.0000196 seconds
2021-01-18T18:02:10.096+0000: 57.434: Total time for which application threads were stopped: 0.0008850 seconds, Stopping threads took: 0.0000167 seconds
2021-01-18T18:02:10.316+0000: 57.655: Total time for which application threads were stopped: 0.0009124 seconds, Stopping threads took: 0.0000172 seconds
{Heap before GC invocations=193 (full 3):
 par new generation   total 38080K, used 35342K [0x0000000085600000, 0x0000000087f50000, 0x000000009a2c0000)
  eden space 33856K, 100% used [0x0000000085600000, 0x0000000087710000, 0x0000000087710000)
  from space 4224K,  35% used [0x0000000087b30000, 0x0000000087ca3910, 0x0000000087f50000)
  to   space 4224K,   0% used [0x0000000087710000, 0x0000000087710000, 0x0000000087b30000)
 concurrent mark-sweep generation total 84672K, used 50441K [0x000000009a2c0000, 0x000000009f570000, 0x0000000100000000)
 Metaspace       used 75867K, capacity 79831K, committed 80172K, reserved 1120256K
  class space    used 9522K, capacity 10212K, committed 10336K, reserved 1048576K
2021-01-18T18:02:10.412+0000: 57.751: [GC (Allocation Failure) 2021-01-18T18:02:10.413+0000: 57.751: [ParNew
Desired survivor size 2162688 bytes, new threshold 6 (max 6)
- age   1:     505760 bytes,     505760 total
- age   2:     690472 bytes,    1196232 total
- age   3:     127352 bytes,    1323584 total
- age   4:      42704 bytes,    1366288 total
- age   5:     121808 bytes,    1488096 total
: 35342K->1917K(38080K), 0.0047856 secs] 85784K->52359K(122752K), 0.0048593 secs] [Times: user=0.01 sys=0.00, real=0.00 secs] 
Heap after GC invocations=194 (full 3):
 par new generation   total 38080K, used 1917K [0x0000000085600000, 0x0000000087f50000, 0x000000009a2c0000)
  eden space 33856K,   0% used [0x0000000085600000, 0x0000000085600000, 0x0000000087710000)
  from space 4224K,  45% used [0x0000000087710000, 0x00000000878ef490, 0x0000000087b30000)
  to   space 4224K,   0% used [0x0000000087b30000, 0x0000000087b30000, 0x0000000087f50000)
 concurrent mark-sweep generation total 84672K, used 50441K [0x000000009a2c0000, 0x000000009f570000, 0x0000000100000000)
 Metaspace       used 75867K, capacity 79831K, committed 80172K, reserved 1120256K
  class space    used 9522K, capacity 10212K, committed 10336K, reserved 1048576K
}
2021-01-18T18:02:10.417+0000: 57.756: Total time for which application threads were stopped: 0.0050750 seconds, Stopping threads took: 0.0000295 seconds
{Heap before GC invocations=194 (full 3):
 par new generation   total 38080K, used 35773K [0x0000000085600000, 0x0000000087f50000, 0x000000009a2c0000)
  eden space 33856K, 100% used [0x0000000085600000, 0x0000000087710000, 0x0000000087710000)
  from space 4224K,  45% used [0x0000000087710000, 0x00000000878ef490, 0x0000000087b30000)
  to   space 4224K,   0% used [0x0000000087b30000, 0x0000000087b30000, 0x0000000087f50000)
 concurrent mark-sweep generation total 84672K, used 50441K [0x000000009a2c0000, 0x000000009f570000, 0x0000000100000000)
 Metaspace       used 76084K, capacity 80031K, committed 80428K, reserved 1120256K
  class space    used 9551K, capacity 10214K, committed 10336K, reserved 1048576K
2021-01-18T18:02:11.197+0000: 58.535: [GC (Allocation Failure) 2021-01-18T18:02:11.197+0000: 58.535: [ParNew
Desired survivor size 2162688 bytes, new threshold 3 (max 6)
- age   1:    1344104 bytes,    1344104 total
- age   2:     392344 bytes,    1736448 total
- age   3:     689224 bytes,    2425672 total
- age   4:     127328 bytes,    2553000 total
- age   5:      42704 bytes,    2595704 total
- age   6:     121344 bytes,    2717048 total
: 35773K->3212K(38080K), 0.0062332 secs] 86215K->53654K(122752K), 0.0063058 secs] [Times: user=0.03 sys=0.00, real=0.01 secs] 
Heap after GC invocations=195 (full 3):
 par new generation   total 38080K, used 3212K [0x0000000085600000, 0x0000000087f50000, 0x000000009a2c0000)
  eden space 33856K,   0% used [0x0000000085600000, 0x0000000085600000, 0x0000000087710000)
  from space 4224K,  76% used [0x0000000087b30000, 0x0000000087e532e8, 0x0000000087f50000)
  to   space 4224K,   0% used [0x0000000087710000, 0x0000000087710000, 0x0000000087b30000)
 concurrent mark-sweep generation total 84672K, used 50441K [0x000000009a2c0000, 0x000000009f570000, 0x0000000100000000)
 Metaspace       used 76084K, capacity 80031K, committed 80428K, reserved 1120256K
  class space    used 9551K, capacity 10214K, committed 10336K, reserved 1048576K
}
2021-01-18T18:02:11.203+0000: 58.541: Total time for which application threads were stopped: 0.0064748 seconds, Stopping threads took: 0.0000197 seconds
2021-01-18T18:02:11.220+0000: 58.558: Total time for which application threads were stopped: 0.0009114 seconds, Stopping threads took: 0.0000261 seconds
2021-01-18T18:02:11.232+0000: 58.571: Total time for which application threads were stopped: 0.0010224 seconds, Stopping threads took: 0.0000518 seconds
2021-01-18T18:02:11.423+0000: 58.761: Total time for which application threads were stopped: 0.0019113 seconds, Stopping threads took: 0.0000385 seconds
2021-01-18T18:02:11.486+0000: 58.824: Total time for which application threads were stopped: 0.0022413 seconds, Stopping threads took: 0.0000717 seconds
{Heap before GC invocations=195 (full 3):
 par new generation   total 38080K, used 37068K [0x0000000085600000, 0x0000000087f50000, 0x000000009a2c0000)
  eden space 33856K, 100% used [0x0000000085600000, 0x0000000087710000, 0x0000000087710000)
  from space 4224K,  76% used [0x0000000087b30000, 0x0000000087e532e8, 0x0000000087f50000)
  to   space 4224K,   0% used [0x0000000087710000, 0x0000000087710000, 0x0000000087b30000)
 concurrent mark-sweep generation total 84672K, used 50441K [0x000000009a2c0000, 0x000000009f570000, 0x0000000100000000)
 Metaspace       used 76446K, capacity 80359K, committed 80684K, reserved 1120256K
  class space    used 9598K, capacity 10280K, committed 10336K, reserved 1048576K
2021-01-18T18:02:11.582+0000: 58.921: [GC (Allocation Failure) 2021-01-18T18:02:11.582+0000: 58.921: [ParNew
Desired survivor size 2162688 bytes, new threshold 6 (max 6)
- age   1:     891264 bytes,     891264 total
- age   2:     752760 bytes,    1644024 total
- age   3:     391096 bytes,    2035120 total
: 37068K->2961K(38080K), 0.0057070 secs] 87510K->54380K(122752K), 0.0057784 secs] [Times: user=0.02 sys=0.00, real=0.01 secs] 
Heap after GC invocations=196 (full 3):
 par new generation   total 38080K, used 2961K [0x0000000085600000, 0x0000000087f50000, 0x000000009a2c0000)
  eden space 33856K,   0% used [0x0000000085600000, 0x0000000085600000, 0x0000000087710000)
  from space 4224K,  70% used [0x0000000087710000, 0x00000000879f4630, 0x0000000087b30000)
  to   space 4224K,   0% used [0x0000000087b30000, 0x0000000087b30000, 0x0000000087f50000)
 concurrent mark-sweep generation total 84672K, used 51418K [0x000000009a2c0000, 0x000000009f570000, 0x0000000100000000)
 Metaspace       used 76446K, capacity 80359K, committed 80684K, reserved 1120256K
  class space    used 9598K, capacity 10280K, committed 10336K, reserved 1048576K
}
2021-01-18T18:02:11.588+0000: 58.927: Total time for which application threads were stopped: 0.0059485 seconds, Stopping threads took: 0.0000242 seconds
{Heap before GC invocations=196 (full 3):
 par new generation   total 38080K, used 36817K [0x0000000085600000, 0x0000000087f50000, 0x000000009a2c0000)
  eden space 33856K, 100% used [0x0000000085600000, 0x0000000087710000, 0x0000000087710000)
  from space 4224K,  70% used [0x0000000087710000, 0x00000000879f4630, 0x0000000087b30000)
  to   space 4224K,   0% used [0x0000000087b30000, 0x0000000087b30000, 0x0000000087f50000)
 concurrent mark-sweep generation total 84672K, used 51418K [0x000000009a2c0000, 0x000000009f570000, 0x0000000100000000)
 Metaspace       used 76760K, capacity 80755K, committed 80940K, reserved 1120256K
  class space    used 9638K, capacity 10326K, committed 10336K, reserved 1048576K
2021-01-18T18:02:11.739+0000: 59.077: [GC (Allocation Failure) 2021-01-18T18:02:11.739+0000: 59.077: [ParNew
Desired survivor size 2162688 bytes, new threshold 4 (max 6)
- age   1:     992568 bytes,     992568 total
- age   2:     223800 bytes,    1216368 total
- age   3:     750472 bytes,    1966840 total
- age   4:     389360 bytes,    2356200 total
: 36817K->2641K(38080K), 0.0088191 secs] 88236K->54059K(122752K), 0.0089066 secs] [Times: user=0.04 sys=0.00, real=0.01 secs] 
Heap after GC invocations=197 (full 3):
 par new generation   total 38080K, used 2641K [0x0000000085600000, 0x0000000087f50000, 0x000000009a2c0000)
  eden space 33856K,   0% used [0x0000000085600000, 0x0000000085600000, 0x0000000087710000)
  from space 4224K,  62% used [0x0000000087b30000, 0x0000000087dc4450, 0x0000000087f50000)
  to   space 4224K,   0% used [0x0000000087710000, 0x0000000087710000, 0x0000000087b30000)
 concurrent mark-sweep generation total 84672K, used 51418K [0x000000009a2c0000, 0x000000009f570000, 0x0000000100000000)
 Metaspace       used 76760K, capacity 80755K, committed 80940K, reserved 1120256K
  class space    used 9638K, capacity 10326K, committed 10336K, reserved 1048576K
}
2021-01-18T18:02:11.748+0000: 59.086: Total time for which application threads were stopped: 0.0091521 seconds, Stopping threads took: 0.0000280 seconds
{Heap before GC invocations=197 (full 3):
 par new generation   total 38080K, used 36497K [0x0000000085600000, 0x0000000087f50000, 0x000000009a2c0000)
  eden space 33856K, 100% used [0x0000000085600000, 0x0000000087710000, 0x0000000087710000)
  from space 4224K,  62% used [0x0000000087b30000, 0x0000000087dc4450, 0x0000000087f50000)
  to   space 4224K,   0% used [0x0000000087710000, 0x0000000087710000, 0x0000000087b30000)
 concurrent mark-sweep generation total 84672K, used 51418K [0x000000009a2c0000, 0x000000009f570000, 0x0000000100000000)
 Metaspace       used 76927K, capacity 80945K, committed 81068K, reserved 1120256K
  class space    used 9657K, capacity 10363K, committed 10464K, reserved 1048576K
2021-01-18T18:02:11.977+0000: 59.315: [GC (Allocation Failure) 2021-01-18T18:02:11.977+0000: 59.315: [ParNew
Desired survivor size 2162688 bytes, new threshold 4 (max 6)
- age   1:     961432 bytes,     961432 total
- age   2:     956920 bytes,    1918352 total
- age   3:     222840 bytes,    2141192 total
- age   4:     749424 bytes,    2890616 total
: 36497K->3794K(38080K), 0.0271345 secs] 87915K->55603K(122752K), 0.0272260 secs] [Times: user=0.09 sys=0.00, real=0.03 secs] 
Heap after GC invocations=198 (full 3):
 par new generation   total 38080K, used 3794K [0x0000000085600000, 0x0000000087f50000, 0x000000009a2c0000)
  eden space 33856K,   0% used [0x0000000085600000, 0x0000000085600000, 0x0000000087710000)
  from space 4224K,  89% used [0x0000000087710000, 0x0000000087ac4a08, 0x0000000087b30000)
  to   space 4224K,   0% used [0x0000000087b30000, 0x0000000087b30000, 0x0000000087f50000)
 concurrent mark-sweep generation total 84672K, used 51808K [0x000000009a2c0000, 0x000000009f570000, 0x0000000100000000)
 Metaspace       used 76927K, capacity 80945K, committed 81068K, reserved 1120256K
  class space    used 9657K, capacity 10363K, committed 10464K, reserved 1048576K
}
2021-01-18T18:02:12.004+0000: 59.343: Total time for which application threads were stopped: 0.0274673 seconds, Stopping threads took: 0.0000304 seconds
{Heap before GC invocations=198 (full 3):
 par new generation   total 38080K, used 37650K [0x0000000085600000, 0x0000000087f50000, 0x000000009a2c0000)
  eden space 33856K, 100% used [0x0000000085600000, 0x0000000087710000, 0x0000000087710000)
  from space 4224K,  89% used [0x0000000087710000, 0x0000000087ac4a08, 0x0000000087b30000)
  to   space 4224K,   0% used [0x0000000087b30000, 0x0000000087b30000, 0x0000000087f50000)
 concurrent mark-sweep generation total 84672K, used 51808K [0x000000009a2c0000, 0x000000009f570000, 0x0000000100000000)
 Metaspace       used 77402K, capacity 81463K, committed 81580K, reserved 1120256K
  class space    used 9714K, capacity 10428K, committed 10464K, reserved 1048576K
2021-01-18T18:02:12.901+0000: 60.239: [GC (Allocation Failure) 2021-01-18T18:02:12.901+0000: 60.239: [ParNew
Desired survivor size 2162688 bytes, new threshold 3 (max 6)
- age   1:     878984 bytes,     878984 total
- age   2:     659448 bytes,    1538432 total
- age   3:     955880 bytes,    2494312 total
- age   4:     222840 bytes,    2717152 total
: 37650K->4215K(38080K), 0.0122334 secs] 89459K->56769K(122752K), 0.0123328 secs] [Times: user=0.03 sys=0.00, real=0.01 secs] 
Heap after GC invocations=199 (full 3):
 par new generation   total 38080K, used 4215K [0x0000000085600000, 0x0000000087f50000, 0x000000009a2c0000)
  eden space 33856K,   0% used [0x0000000085600000, 0x0000000085600000, 0x0000000087710000)
  from space 4224K,  99% used [0x0000000087b30000, 0x0000000087f4dd98, 0x0000000087f50000)
  to   space 4224K,   0% used [0x0000000087710000, 0x0000000087710000, 0x0000000087b30000)
 concurrent mark-sweep generation total 84672K, used 52554K [0x000000009a2c0000, 0x000000009f570000, 0x0000000100000000)
 Metaspace       used 77402K, capacity 81463K, committed 81580K, reserved 1120256K
  class space    used 9714K, capacity 10428K, committed 10464K, reserved 1048576K
}
2021-01-18T18:02:12.913+0000: 60.252: Total time for which application threads were stopped: 0.0125501 seconds, Stopping threads took: 0.0000262 seconds
2021-01-18T18:02:15.914+0000: 63.252: Total time for which application threads were stopped: 0.0002587 seconds, Stopping threads took: 0.0000496 seconds
2021-01-18T18:02:16.184+0000: 63.523: Total time for which application threads were stopped: 0.0007060 seconds, Stopping threads took: 0.0000159 seconds
{Heap before GC invocations=199 (full 3):
 par new generation   total 38080K, used 38071K [0x0000000085600000, 0x0000000087f50000, 0x000000009a2c0000)
  eden space 33856K, 100% used [0x0000000085600000, 0x0000000087710000, 0x0000000087710000)
  from space 4224K,  99% used [0x0000000087b30000, 0x0000000087f4dd98, 0x0000000087f50000)
  to   space 4224K,   0% used [0x0000000087710000, 0x0000000087710000, 0x0000000087b30000)
 concurrent mark-sweep generation total 84672K, used 52554K [0x000000009a2c0000, 0x000000009f570000, 0x0000000100000000)
 Metaspace       used 78471K, capacity 82501K, committed 82732K, reserved 1122304K
  class space    used 9842K, capacity 10535K, committed 10592K, reserved 1048576K
2021-01-18T18:02:16.216+0000: 63.554: [GC (Allocation Failure) 2021-01-18T18:02:16.216+0000: 63.554: [ParNew
Desired survivor size 2162688 bytes, new threshold 6 (max 6)
- age   1:     742808 bytes,     742808 total
- age   2:     404096 bytes,    1146904 total
- age   3:     658200 bytes,    1805104 total
: 38071K->2476K(38080K), 0.0082707 secs] 90625K->56203K(122752K), 0.0083646 secs] [Times: user=0.02 sys=0.00, real=0.01 secs] 
Heap after GC invocations=200 (full 3):
 par new generation   total 38080K, used 2476K [0x0000000085600000, 0x0000000087f50000, 0x000000009a2c0000)
  eden space 33856K,   0% used [0x0000000085600000, 0x0000000085600000, 0x0000000087710000)
  from space 4224K,  58% used [0x0000000087710000, 0x000000008797b018, 0x0000000087b30000)
  to   space 4224K,   0% used [0x0000000087b30000, 0x0000000087b30000, 0x0000000087f50000)
 concurrent mark-sweep generation total 84672K, used 53727K [0x000000009a2c0000, 0x000000009f570000, 0x0000000100000000)
 Metaspace       used 78471K, capacity 82501K, committed 82732K, reserved 1122304K
  class space    used 9842K, capacity 10535K, committed 10592K, reserved 1048576K
}
2021-01-18T18:02:16.224+0000: 63.563: Total time for which application threads were stopped: 0.0085401 seconds, Stopping threads took: 0.0000259 seconds
2021-01-18T18:02:18.225+0000: 65.563: Total time for which application threads were stopped: 0.0003037 seconds, Stopping threads took: 0.0000611 seconds
2021-01-18T18:02:19.225+0000: 66.563: Total time for which application threads were stopped: 0.0002034 seconds, Stopping threads took: 0.0000283 seconds
{Heap before GC invocations=200 (full 3):
 par new generation   total 38080K, used 36332K [0x0000000085600000, 0x0000000087f50000, 0x000000009a2c0000)
  eden space 33856K, 100% used [0x0000000085600000, 0x0000000087710000, 0x0000000087710000)
  from space 4224K,  58% used [0x0000000087710000, 0x000000008797b018, 0x0000000087b30000)
  to   space 4224K,   0% used [0x0000000087b30000, 0x0000000087b30000, 0x0000000087f50000)
 concurrent mark-sweep generation total 84672K, used 53727K [0x000000009a2c0000, 0x000000009f570000, 0x0000000100000000)
 Metaspace       used 79747K, capacity 83869K, committed 84140K, reserved 1122304K
  class space    used 9973K, capacity 10691K, committed 10720K, reserved 1048576K
2021-01-18T18:02:20.149+0000: 67.488: [GC (Allocation Failure) 2021-01-18T18:02:20.149+0000: 67.488: [ParNew
Desired survivor size 2162688 bytes, new threshold 4 (max 6)
- age   1:    1337912 bytes,    1337912 total
- age   2:     386232 bytes,    1724144 total
- age   3:     392680 bytes,    2116824 total
- age   4:     657752 bytes,    2774576 total
: 36332K->3368K(38080K), 0.0065289 secs] 90059K->57096K(122752K), 0.0066150 secs] [Times: user=0.02 sys=0.00, real=0.00 secs] 
Heap after GC invocations=201 (full 3):
 par new generation   total 38080K, used 3368K [0x0000000085600000, 0x0000000087f50000, 0x000000009a2c0000)
  eden space 33856K,   0% used [0x0000000085600000, 0x0000000085600000, 0x0000000087710000)
  from space 4224K,  79% used [0x0000000087b30000, 0x0000000087e7a3e8, 0x0000000087f50000)
  to   space 4224K,   0% used [0x0000000087710000, 0x0000000087710000, 0x0000000087b30000)
 concurrent mark-sweep generation total 84672K, used 53727K [0x000000009a2c0000, 0x000000009f570000, 0x0000000100000000)
 Metaspace       used 79747K, capacity 83869K, committed 84140K, reserved 1122304K
  class space    used 9973K, capacity 10691K, committed 10720K, reserved 1048576K
}
2021-01-18T18:02:20.156+0000: 67.494: Total time for which application threads were stopped: 0.0068781 seconds, Stopping threads took: 0.0000240 seconds
2021-01-18T18:02:20.830+0000: 68.168: Total time for which application threads were stopped: 0.0026030 seconds, Stopping threads took: 0.0000600 seconds
{Heap before GC invocations=201 (full 3):
 par new generation   total 38080K, used 37224K [0x0000000085600000, 0x0000000087f50000, 0x000000009a2c0000)
  eden space 33856K, 100% used [0x0000000085600000, 0x0000000087710000, 0x0000000087710000)
  from space 4224K,  79% used [0x0000000087b30000, 0x0000000087e7a3e8, 0x0000000087f50000)
  to   space 4224K,   0% used [0x0000000087710000, 0x0000000087710000, 0x0000000087b30000)
 concurrent mark-sweep generation total 84672K, used 53727K [0x000000009a2c0000, 0x000000009f570000, 0x0000000100000000)
 Metaspace       used 80201K, capacity 84337K, committed 84524K, reserved 1122304K
  class space    used 10017K, capacity 10731K, committed 10848K, reserved 1048576K
2021-01-18T18:02:21.253+0000: 68.592: [GC (Allocation Failure) 2021-01-18T18:02:21.253+0000: 68.592: [ParNew
Desired survivor size 2162688 bytes, new threshold 1 (max 6)
- age   1:    2174864 bytes,    2174864 total
- age   2:     898328 bytes,    3073192 total
- age   3:     382064 bytes,    3455256 total
- age   4:     164600 bytes,    3619856 total
: 37224K->4224K(38080K), 0.0372692 secs] 90952K->59293K(122752K), 0.0374628 secs] [Times: user=0.06 sys=0.01, real=0.04 secs] 
Heap after GC invocations=202 (full 3):
 par new generation   total 38080K, used 4224K [0x0000000085600000, 0x0000000087f50000, 0x000000009a2c0000)
  eden space 33856K,   0% used [0x0000000085600000, 0x0000000085600000, 0x0000000087710000)
  from space 4224K, 100% used [0x0000000087710000, 0x0000000087b30000, 0x0000000087b30000)
  to   space 4224K,   0% used [0x0000000087b30000, 0x0000000087b30000, 0x0000000087f50000)
 concurrent mark-sweep generation total 84672K, used 55069K [0x000000009a2c0000, 0x000000009f570000, 0x0000000100000000)
 Metaspace       used 80201K, capacity 84337K, committed 84524K, reserved 1122304K
  class space    used 10017K, capacity 10731K, committed 10848K, reserved 1048576K
}
2021-01-18T18:02:21.291+0000: 68.629: Total time for which application threads were stopped: 0.0381543 seconds, Stopping threads took: 0.0000755 seconds
2021-01-18T18:02:22.291+0000: 69.630: Total time for which application threads were stopped: 0.0003602 seconds, Stopping threads took: 0.0000535 seconds
2021-01-18T18:02:22.479+0000: 69.818: Total time for which application threads were stopped: 0.0008187 seconds, Stopping threads took: 0.0000208 seconds
2021-01-18T18:02:23.480+0000: 70.818: Total time for which application threads were stopped: 0.0007666 seconds, Stopping threads took: 0.0002137 seconds
2021-01-18T18:02:25.481+0000: 72.819: Total time for which application threads were stopped: 0.0003824 seconds, Stopping threads took: 0.0000542 seconds
2021-01-18T18:02:26.481+0000: 73.820: Total time for which application threads were stopped: 0.0003645 seconds, Stopping threads took: 0.0000472 seconds
{Heap before GC invocations=202 (full 3):
 par new generation   total 38080K, used 38080K [0x0000000085600000, 0x0000000087f50000, 0x000000009a2c0000)
  eden space 33856K, 100% used [0x0000000085600000, 0x0000000087710000, 0x0000000087710000)
  from space 4224K, 100% used [0x0000000087710000, 0x0000000087b30000, 0x0000000087b30000)
  to   space 4224K,   0% used [0x0000000087b30000, 0x0000000087b30000, 0x0000000087f50000)
 concurrent mark-sweep generation total 84672K, used 55069K [0x000000009a2c0000, 0x000000009f570000, 0x0000000100000000)
 Metaspace       used 83180K, capacity 87663K, committed 87852K, reserved 1126400K
  class space    used 10423K, capacity 11308K, committed 11360K, reserved 1048576K
2021-01-18T18:02:27.226+0000: 74.564: [GC (Allocation Failure) 2021-01-18T18:02:27.226+0000: 74.564: [ParNew
Desired survivor size 2162688 bytes, new threshold 1 (max 6)
- age   1:    2765832 bytes,    2765832 total
: 38080K->4224K(38080K), 0.0207426 secs] 93149K->64056K(122752K), 0.0209547 secs] [Times: user=0.05 sys=0.00, real=0.03 secs] 
Heap after GC invocations=203 (full 3):
 par new generation   total 38080K, used 4224K [0x0000000085600000, 0x0000000087f50000, 0x000000009a2c0000)
  eden space 33856K,   0% used [0x0000000085600000, 0x0000000085600000, 0x0000000087710000)
  from space 4224K, 100% used [0x0000000087b30000, 0x0000000087f50000, 0x0000000087f50000)
  to   space 4224K,   0% used [0x0000000087710000, 0x0000000087710000, 0x0000000087b30000)
 concurrent mark-sweep generation total 84672K, used 59832K [0x000000009a2c0000, 0x000000009f570000, 0x0000000100000000)
 Metaspace       used 83180K, capacity 87663K, committed 87852K, reserved 1126400K
  class space    used 10423K, capacity 11308K, committed 11360K, reserved 1048576K
}
2021-01-18T18:02:27.247+0000: 74.585: Total time for which application threads were stopped: 0.0212106 seconds, Stopping threads took: 0.0000484 seconds
2021-01-18T18:02:28.248+0000: 75.586: Total time for which application threads were stopped: 0.0003631 seconds, Stopping threads took: 0.0000585 seconds
2021-01-18T18:02:28.745+0000: 76.084: Total time for which application threads were stopped: 0.0010243 seconds, Stopping threads took: 0.0000179 seconds
{Heap before GC invocations=203 (full 3):
 par new generation   total 38080K, used 38080K [0x0000000085600000, 0x0000000087f50000, 0x000000009a2c0000)
  eden space 33856K, 100% used [0x0000000085600000, 0x0000000087710000, 0x0000000087710000)
  from space 4224K, 100% used [0x0000000087b30000, 0x0000000087f50000, 0x0000000087f50000)
  to   space 4224K,   0% used [0x0000000087710000, 0x0000000087710000, 0x0000000087b30000)
 concurrent mark-sweep generation total 84672K, used 59832K [0x000000009a2c0000, 0x000000009f570000, 0x0000000100000000)
 Metaspace       used 84608K, capacity 89027K, committed 89260K, reserved 1126400K
  class space    used 10612K, capacity 11478K, committed 11488K, reserved 1048576K
2021-01-18T18:02:29.334+0000: 76.672: [GC (Allocation Failure) 2021-01-18T18:02:29.334+0000: 76.672: [ParNew
Desired survivor size 2162688 bytes, new threshold 1 (max 6)
- age   1:    2680472 bytes,    2680472 total
: 38080K->3464K(38080K), 0.0100889 secs] 97912K->64884K(122752K), 0.0101589 secs] [Times: user=0.04 sys=0.00, real=0.01 secs] 
Heap after GC invocations=204 (full 3):
 par new generation   total 38080K, used 3464K [0x0000000085600000, 0x0000000087f50000, 0x000000009a2c0000)
  eden space 33856K,   0% used [0x0000000085600000, 0x0000000085600000, 0x0000000087710000)
  from space 4224K,  82% used [0x0000000087710000, 0x0000000087a72218, 0x0000000087b30000)
  to   space 4224K,   0% used [0x0000000087b30000, 0x0000000087b30000, 0x0000000087f50000)
 concurrent mark-sweep generation total 84672K, used 61419K [0x000000009a2c0000, 0x000000009f570000, 0x0000000100000000)
 Metaspace       used 84608K, capacity 89027K, committed 89260K, reserved 1126400K
  class space    used 10612K, capacity 11478K, committed 11488K, reserved 1048576K
}
2021-01-18T18:02:29.344+0000: 76.682: Total time for which application threads were stopped: 0.0103697 seconds, Stopping threads took: 0.0000326 seconds
{Heap before GC invocations=204 (full 3):
 par new generation   total 38080K, used 37320K [0x0000000085600000, 0x0000000087f50000, 0x000000009a2c0000)
  eden space 33856K, 100% used [0x0000000085600000, 0x0000000087710000, 0x0000000087710000)
  from space 4224K,  82% used [0x0000000087710000, 0x0000000087a72218, 0x0000000087b30000)
  to   space 4224K,   0% used [0x0000000087b30000, 0x0000000087b30000, 0x0000000087f50000)
 concurrent mark-sweep generation total 84672K, used 61419K [0x000000009a2c0000, 0x000000009f570000, 0x0000000100000000)
 Metaspace       used 85289K, capacity 89753K, committed 89900K, reserved 1128448K
  class space    used 10654K, capacity 11519K, committed 11616K, reserved 1048576K
2021-01-18T18:02:29.663+0000: 77.002: [GC (Allocation Failure) 2021-01-18T18:02:29.663+0000: 77.002: [ParNew
Desired survivor size 2162688 bytes, new threshold 1 (max 6)
- age   1:    2442008 bytes,    2442008 total
: 37320K->3662K(38080K), 0.0184923 secs] 98740K->67169K(122752K), 0.0185806 secs] [Times: user=0.04 sys=0.00, real=0.02 secs] 
Heap after GC invocations=205 (full 3):
 par new generation   total 38080K, used 3662K [0x0000000085600000, 0x0000000087f50000, 0x000000009a2c0000)
  eden space 33856K,   0% used [0x0000000085600000, 0x0000000085600000, 0x0000000087710000)
  from space 4224K,  86% used [0x0000000087b30000, 0x0000000087ec3948, 0x0000000087f50000)
  to   space 4224K,   0% used [0x0000000087710000, 0x0000000087710000, 0x0000000087b30000)
 concurrent mark-sweep generation total 84672K, used 63507K [0x000000009a2c0000, 0x000000009f570000, 0x0000000100000000)
 Metaspace       used 85289K, capacity 89753K, committed 89900K, reserved 1128448K
  class space    used 10654K, capacity 11519K, committed 11616K, reserved 1048576K
}
2021-01-18T18:02:29.682+0000: 77.020: Total time for which application threads were stopped: 0.0187902 seconds, Stopping threads took: 0.0000255 seconds
2021-01-18T18:02:29.682+0000: 77.021: [GC (CMS Initial Mark) [1 CMS-initial-mark: 63507K(84672K)] 67170K(122752K), 0.0070017 secs] [Times: user=0.00 sys=0.00, real=0.01 secs] 
2021-01-18T18:02:29.689+0000: 77.028: Total time for which application threads were stopped: 0.0071715 seconds, Stopping threads took: 0.0000353 seconds
2021-01-18T18:02:29.690+0000: 77.028: [CMS-concurrent-mark-start]
2021-01-18T18:02:29.831+0000: 77.169: [CMS-concurrent-mark: 0.141/0.141 secs] [Times: user=0.28 sys=0.00, real=0.14 secs] 
2021-01-18T18:02:29.831+0000: 77.169: [CMS-concurrent-preclean-start]
2021-01-18T18:02:29.832+0000: 77.171: [CMS-concurrent-preclean: 0.001/0.001 secs] [Times: user=0.00 sys=0.00, real=0.00 secs] 
2021-01-18T18:02:29.832+0000: 77.171: [CMS-concurrent-abortable-preclean-start]
{Heap before GC invocations=205 (full 4):
 par new generation   total 38080K, used 37518K [0x0000000085600000, 0x0000000087f50000, 0x000000009a2c0000)
  eden space 33856K, 100% used [0x0000000085600000, 0x0000000087710000, 0x0000000087710000)
  from space 4224K,  86% used [0x0000000087b30000, 0x0000000087ec3948, 0x0000000087f50000)
  to   space 4224K,   0% used [0x0000000087710000, 0x0000000087710000, 0x0000000087b30000)
 concurrent mark-sweep generation total 84672K, used 63507K [0x000000009a2c0000, 0x000000009f570000, 0x0000000100000000)
 Metaspace       used 85778K, capacity 90263K, committed 90412K, reserved 1128448K
  class space    used 10689K, capacity 11556K, committed 11616K, reserved 1048576K
2021-01-18T18:02:29.925+0000: 77.263: [GC (Allocation Failure) 2021-01-18T18:02:29.925+0000: 77.263: [ParNew
Desired survivor size 2162688 bytes, new threshold 6 (max 6)
- age   1:    1452344 bytes,    1452344 total
: 37518K->2083K(38080K), 0.0089995 secs] 101025K->66856K(122752K), 0.0090753 secs] [Times: user=0.03 sys=0.00, real=0.01 secs] 
Heap after GC invocations=206 (full 4):
 par new generation   total 38080K, used 2083K [0x0000000085600000, 0x0000000087f50000, 0x000000009a2c0000)
  eden space 33856K,   0% used [0x0000000085600000, 0x0000000085600000, 0x0000000087710000)
  from space 4224K,  49% used [0x0000000087710000, 0x0000000087918f50, 0x0000000087b30000)
  to   space 4224K,   0% used [0x0000000087b30000, 0x0000000087b30000, 0x0000000087f50000)
 concurrent mark-sweep generation total 84672K, used 64772K [0x000000009a2c0000, 0x000000009f570000, 0x0000000100000000)
 Metaspace       used 85778K, capacity 90263K, committed 90412K, reserved 1128448K
  class space    used 10689K, capacity 11556K, committed 11616K, reserved 1048576K
}
2021-01-18T18:02:29.934+0000: 77.272: Total time for which application threads were stopped: 0.0092737 seconds, Stopping threads took: 0.0000255 seconds
2021-01-18T18:02:30.072+0000: 77.410: [CMS-concurrent-abortable-preclean: 0.130/0.240 secs] [Times: user=0.69 sys=0.00, real=0.24 secs] 
2021-01-18T18:02:30.084+0000: 77.423: [GC (CMS Final Remark) [YG occupancy: 22488 K (38080 K)]2021-01-18T18:02:30.084+0000: 77.423: [Rescan (parallel) , 0.0103402 secs]2021-01-18T18:02:30.094+0000: 77.433: [weak refs processing, 0.0002898 secs]2021-01-18T18:02:30.095+0000: 77.433: [class unloading, 0.0183432 secs]2021-01-18T18:02:30.113+0000: 77.452: [scrub symbol table, 0.0225212 secs]2021-01-18T18:02:30.136+0000: 77.474: [scrub string table, 0.0008805 secs][1 CMS-remark: 64772K(84672K)] 87261K(122752K), 0.0525440 secs] [Times: user=0.06 sys=0.01, real=0.05 secs] 
2021-01-18T18:02:30.137+0000: 77.475: Total time for which application threads were stopped: 0.0542884 seconds, Stopping threads took: 0.0016227 seconds
2021-01-18T18:02:30.137+0000: 77.475: [CMS-concurrent-sweep-start]
2021-01-18T18:02:30.201+0000: 77.539: [CMS-concurrent-sweep: 0.064/0.064 secs] [Times: user=0.21 sys=0.00, real=0.07 secs] 
2021-01-18T18:02:30.201+0000: 77.540: [CMS-concurrent-reset-start]
2021-01-18T18:02:30.205+0000: 77.543: [CMS-concurrent-reset: 0.004/0.004 secs] [Times: user=0.01 sys=0.00, real=0.00 secs] 
{Heap before GC invocations=206 (full 4):
 par new generation   total 38080K, used 35939K [0x0000000085600000, 0x0000000087f50000, 0x000000009a2c0000)
  eden space 33856K, 100% used [0x0000000085600000, 0x0000000087710000, 0x0000000087710000)
  from space 4224K,  49% used [0x0000000087710000, 0x0000000087918f50, 0x0000000087b30000)
  to   space 4224K,   0% used [0x0000000087b30000, 0x0000000087b30000, 0x0000000087f50000)
 concurrent mark-sweep generation total 101696K, used 61017K [0x000000009a2c0000, 0x00000000a0610000, 0x0000000100000000)
 Metaspace       used 86419K, capacity 90935K, committed 91180K, reserved 1128448K
  class space    used 10725K, capacity 11598K, committed 11616K, reserved 1048576K
2021-01-18T18:02:30.243+0000: 77.581: [GC (Allocation Failure) 2021-01-18T18:02:30.243+0000: 77.581: [ParNew
Desired survivor size 2162688 bytes, new threshold 6 (max 6)
- age   1:    1249776 bytes,    1249776 total
- age   2:     559176 bytes,    1808952 total
: 35939K->1890K(38080K), 0.0049150 secs] 96956K->62907K(139776K), 0.0050191 secs] [Times: user=0.02 sys=0.00, real=0.01 secs] 
Heap after GC invocations=207 (full 4):
 par new generation   total 38080K, used 1890K [0x0000000085600000, 0x0000000087f50000, 0x000000009a2c0000)
  eden space 33856K,   0% used [0x0000000085600000, 0x0000000085600000, 0x0000000087710000)
  from space 4224K,  44% used [0x0000000087b30000, 0x0000000087d08870, 0x0000000087f50000)
  to   space 4224K,   0% used [0x0000000087710000, 0x0000000087710000, 0x0000000087b30000)
 concurrent mark-sweep generation total 101696K, used 61017K [0x000000009a2c0000, 0x00000000a0610000, 0x0000000100000000)
 Metaspace       used 86419K, capacity 90935K, committed 91180K, reserved 1128448K
  class space    used 10725K, capacity 11598K, committed 11616K, reserved 1048576K
}
2021-01-18T18:02:30.248+0000: 77.586: Total time for which application threads were stopped: 0.0052770 seconds, Stopping threads took: 0.0000593 seconds
{Heap before GC invocations=207 (full 4):
 par new generation   total 38080K, used 35746K [0x0000000085600000, 0x0000000087f50000, 0x000000009a2c0000)
  eden space 33856K, 100% used [0x0000000085600000, 0x0000000087710000, 0x0000000087710000)
  from space 4224K,  44% used [0x0000000087b30000, 0x0000000087d08870, 0x0000000087f50000)
  to   space 4224K,   0% used [0x0000000087710000, 0x0000000087710000, 0x0000000087b30000)
 concurrent mark-sweep generation total 101696K, used 61017K [0x000000009a2c0000, 0x00000000a0610000, 0x0000000100000000)
 Metaspace       used 87040K, capacity 91569K, committed 91820K, reserved 1130496K
  class space    used 10788K, capacity 11635K, committed 11744K, reserved 1048576K
2021-01-18T18:02:30.396+0000: 77.735: [GC (Allocation Failure) 2021-01-18T18:02:30.397+0000: 77.735: [ParNew
Desired survivor size 2162688 bytes, new threshold 3 (max 6)
- age   1:     597488 bytes,     597488 total
- age   2:    1193360 bytes,    1790848 total
- age   3:     555888 bytes,    2346736 total
: 35746K->2939K(38080K), 0.0091281 secs] 96763K->63956K(139776K), 0.0092879 secs] [Times: user=0.02 sys=0.00, real=0.01 secs] 
Heap after GC invocations=208 (full 4):
 par new generation   total 38080K, used 2939K [0x0000000085600000, 0x0000000087f50000, 0x000000009a2c0000)
  eden space 33856K,   0% used [0x0000000085600000, 0x0000000085600000, 0x0000000087710000)
  from space 4224K,  69% used [0x0000000087710000, 0x00000000879eec40, 0x0000000087b30000)
  to   space 4224K,   0% used [0x0000000087b30000, 0x0000000087b30000, 0x0000000087f50000)
 concurrent mark-sweep generation total 101696K, used 61017K [0x000000009a2c0000, 0x00000000a0610000, 0x0000000100000000)
 Metaspace       used 87040K, capacity 91569K, committed 91820K, reserved 1130496K
  class space    used 10788K, capacity 11635K, committed 11744K, reserved 1048576K
}
2021-01-18T18:02:30.406+0000: 77.744: Total time for which application threads were stopped: 0.0095726 seconds, Stopping threads took: 0.0000290 seconds
2021-01-18T18:02:31.406+0000: 78.745: Total time for which application threads were stopped: 0.0003037 seconds, Stopping threads took: 0.0000488 seconds
2021-01-18T18:02:31.681+0000: 79.020: Total time for which application threads were stopped: 0.0010456 seconds, Stopping threads took: 0.0000200 seconds
{Heap before GC invocations=208 (full 4):
 par new generation   total 38080K, used 36795K [0x0000000085600000, 0x0000000087f50000, 0x000000009a2c0000)
  eden space 33856K, 100% used [0x0000000085600000, 0x0000000087710000, 0x0000000087710000)
  from space 4224K,  69% used [0x0000000087710000, 0x00000000879eec40, 0x0000000087b30000)
  to   space 4224K,   0% used [0x0000000087b30000, 0x0000000087b30000, 0x0000000087f50000)
 concurrent mark-sweep generation total 101696K, used 61017K [0x000000009a2c0000, 0x00000000a0610000, 0x0000000100000000)
 Metaspace       used 88931K, capacity 93465K, committed 93612K, reserved 1130496K
  class space    used 11011K, capacity 11899K, committed 12000K, reserved 1048576K
2021-01-18T18:02:31.910+0000: 79.249: [GC (Allocation Failure) 2021-01-18T18:02:31.910+0000: 79.249: [ParNew
Desired survivor size 2162688 bytes, new threshold 2 (max 6)
- age   1:    1887152 bytes,    1887152 total
- age   2:     507512 bytes,    2394664 total
- age   3:    1192360 bytes,    3587024 total
: 36795K->4224K(38080K), 0.0116228 secs] 97812K->66244K(139776K), 0.0118424 secs] [Times: user=0.03 sys=0.00, real=0.01 secs] 
Heap after GC invocations=209 (full 4):
 par new generation   total 38080K, used 4224K [0x0000000085600000, 0x0000000087f50000, 0x000000009a2c0000)
  eden space 33856K,   0% used [0x0000000085600000, 0x0000000085600000, 0x0000000087710000)
  from space 4224K, 100% used [0x0000000087b30000, 0x0000000087f50000, 0x0000000087f50000)
  to   space 4224K,   0% used [0x0000000087710000, 0x0000000087710000, 0x0000000087b30000)
 concurrent mark-sweep generation total 101696K, used 62020K [0x000000009a2c0000, 0x00000000a0610000, 0x0000000100000000)
 Metaspace       used 88931K, capacity 93465K, committed 93612K, reserved 1130496K
  class space    used 11011K, capacity 11899K, committed 12000K, reserved 1048576K
}
2021-01-18T18:02:31.922+0000: 79.261: Total time for which application threads were stopped: 0.0120490 seconds, Stopping threads took: 0.0000165 seconds
2021-01-18T18:02:32.923+0000: 80.262: Total time for which application threads were stopped: 0.0001351 seconds, Stopping threads took: 0.0000234 seconds
{Heap before GC invocations=209 (full 4):
 par new generation   total 38080K, used 38080K [0x0000000085600000, 0x0000000087f50000, 0x000000009a2c0000)
  eden space 33856K, 100% used [0x0000000085600000, 0x0000000087710000, 0x0000000087710000)
  from space 4224K, 100% used [0x0000000087b30000, 0x0000000087f50000, 0x0000000087f50000)
  to   space 4224K,   0% used [0x0000000087710000, 0x0000000087710000, 0x0000000087b30000)
 concurrent mark-sweep generation total 101696K, used 62020K [0x000000009a2c0000, 0x00000000a0610000, 0x0000000100000000)
 Metaspace       used 89704K, capacity 94233K, committed 94380K, reserved 1132544K
  class space    used 11099K, capacity 11963K, committed 12000K, reserved 1048576K
2021-01-18T18:02:33.244+0000: 80.583: [GC (Allocation Failure) 2021-01-18T18:02:33.244+0000: 80.583: [ParNew
Desired survivor size 2162688 bytes, new threshold 2 (max 6)
- age   1:     916824 bytes,     916824 total
- age   2:    1814344 bytes,    2731168 total
: 38080K->4224K(38080K), 0.0148636 secs] 100100K->68297K(139776K), 0.0149607 secs] [Times: user=0.03 sys=0.00, real=0.02 secs] 
Heap after GC invocations=210 (full 4):
 par new generation   total 38080K, used 4224K [0x0000000085600000, 0x0000000087f50000, 0x000000009a2c0000)
  eden space 33856K,   0% used [0x0000000085600000, 0x0000000085600000, 0x0000000087710000)
  from space 4224K, 100% used [0x0000000087710000, 0x0000000087b30000, 0x0000000087b30000)
  to   space 4224K,   0% used [0x0000000087b30000, 0x0000000087b30000, 0x0000000087f50000)
 concurrent mark-sweep generation total 101696K, used 64073K [0x000000009a2c0000, 0x00000000a0610000, 0x0000000100000000)
 Metaspace       used 89704K, capacity 94233K, committed 94380K, reserved 1132544K
  class space    used 11099K, capacity 11963K, committed 12000K, reserved 1048576K
}
2021-01-18T18:02:33.259+0000: 80.598: Total time for which application threads were stopped: 0.0151488 seconds, Stopping threads took: 0.0000220 seconds
{Heap before GC invocations=210 (full 4):
 par new generation   total 38080K, used 38080K [0x0000000085600000, 0x0000000087f50000, 0x000000009a2c0000)
  eden space 33856K, 100% used [0x0000000085600000, 0x0000000087710000, 0x0000000087710000)
  from space 4224K, 100% used [0x0000000087710000, 0x0000000087b30000, 0x0000000087b30000)
  to   space 4224K,   0% used [0x0000000087b30000, 0x0000000087b30000, 0x0000000087f50000)
 concurrent mark-sweep generation total 101696K, used 64073K [0x000000009a2c0000, 0x00000000a0610000, 0x0000000100000000)
 Metaspace       used 89865K, capacity 94393K, committed 94636K, reserved 1132544K
  class space    used 11120K, capacity 11995K, committed 12000K, reserved 1048576K
2021-01-18T18:02:33.554+0000: 80.893: [GC (Allocation Failure) 2021-01-18T18:02:33.554+0000: 80.893: [ParNew
Desired survivor size 2162688 bytes, new threshold 6 (max 6)
- age   1:     600728 bytes,     600728 total
- age   2:     316096 bytes,     916824 total
: 38080K->1490K(38080K), 0.0101888 secs] 102153K->67349K(139776K), 0.0102728 secs] [Times: user=0.02 sys=0.00, real=0.01 secs] 
Heap after GC invocations=211 (full 4):
 par new generation   total 38080K, used 1490K [0x0000000085600000, 0x0000000087f50000, 0x000000009a2c0000)
  eden space 33856K,   0% used [0x0000000085600000, 0x0000000085600000, 0x0000000087710000)
  from space 4224K,  35% used [0x0000000087b30000, 0x0000000087ca49a8, 0x0000000087f50000)
  to   space 4224K,   0% used [0x0000000087710000, 0x0000000087710000, 0x0000000087b30000)
 concurrent mark-sweep generation total 101696K, used 65858K [0x000000009a2c0000, 0x00000000a0610000, 0x0000000100000000)
 Metaspace       used 89865K, capacity 94393K, committed 94636K, reserved 1132544K
  class space    used 11120K, capacity 11995K, committed 12000K, reserved 1048576K
}
2021-01-18T18:02:33.564+0000: 80.903: Total time for which application threads were stopped: 0.0104977 seconds, Stopping threads took: 0.0000369 seconds
{Heap before GC invocations=211 (full 4):
 par new generation   total 38080K, used 35346K [0x0000000085600000, 0x0000000087f50000, 0x000000009a2c0000)
  eden space 33856K, 100% used [0x0000000085600000, 0x0000000087710000, 0x0000000087710000)
  from space 4224K,  35% used [0x0000000087b30000, 0x0000000087ca49a8, 0x0000000087f50000)
  to   space 4224K,   0% used [0x0000000087710000, 0x0000000087710000, 0x0000000087b30000)
 concurrent mark-sweep generation total 101696K, used 65858K [0x000000009a2c0000, 0x00000000a0610000, 0x0000000100000000)
 Metaspace       used 90246K, capacity 94745K, committed 95020K, reserved 1132544K
  class space    used 11171K, capacity 12027K, committed 12128K, reserved 1048576K
2021-01-18T18:02:34.267+0000: 81.605: [GC (Allocation Failure) 2021-01-18T18:02:34.267+0000: 81.605: [ParNew
Desired survivor size 2162688 bytes, new threshold 6 (max 6)
- age   1:     619904 bytes,     619904 total
- age   2:     232600 bytes,     852504 total
- age   3:     305824 bytes,    1158328 total
: 35346K->1381K(38080K), 0.0079528 secs] 101205K->67239K(139776K), 0.0080777 secs] [Times: user=0.03 sys=0.00, real=0.00 secs] 
Heap after GC invocations=212 (full 4):
 par new generation   total 38080K, used 1381K [0x0000000085600000, 0x0000000087f50000, 0x000000009a2c0000)
  eden space 33856K,   0% used [0x0000000085600000, 0x0000000085600000, 0x0000000087710000)
  from space 4224K,  32% used [0x0000000087710000, 0x0000000087869478, 0x0000000087b30000)
  to   space 4224K,   0% used [0x0000000087b30000, 0x0000000087b30000, 0x0000000087f50000)
 concurrent mark-sweep generation total 101696K, used 65858K [0x000000009a2c0000, 0x00000000a0610000, 0x0000000100000000)
 Metaspace       used 90246K, capacity 94745K, committed 95020K, reserved 1132544K
  class space    used 11171K, capacity 12027K, committed 12128K, reserved 1048576K
}
2021-01-18T18:02:34.275+0000: 81.613: Total time for which application threads were stopped: 0.0085264 seconds, Stopping threads took: 0.0000511 seconds
2021-01-18T18:02:34.351+0000: 81.689: Total time for which application threads were stopped: 0.0011044 seconds, Stopping threads took: 0.0000296 seconds
2021-01-18T18:02:34.352+0000: 81.691: Total time for which application threads were stopped: 0.0009908 seconds, Stopping threads took: 0.0000234 seconds
2021-01-18T18:02:34.354+0000: 81.693: Total time for which application threads were stopped: 0.0009013 seconds, Stopping threads took: 0.0000278 seconds
2021-01-18T18:02:34.475+0000: 81.814: Total time for which application threads were stopped: 0.0010783 seconds, Stopping threads took: 0.0000277 seconds
2021-01-18T18:02:34.477+0000: 81.816: Total time for which application threads were stopped: 0.0011684 seconds, Stopping threads took: 0.0000435 seconds
{Heap before GC invocations=212 (full 4):
 par new generation   total 38080K, used 35237K [0x0000000085600000, 0x0000000087f50000, 0x000000009a2c0000)
  eden space 33856K, 100% used [0x0000000085600000, 0x0000000087710000, 0x0000000087710000)
  from space 4224K,  32% used [0x0000000087710000, 0x0000000087869478, 0x0000000087b30000)
  to   space 4224K,   0% used [0x0000000087b30000, 0x0000000087b30000, 0x0000000087f50000)
 concurrent mark-sweep generation total 101696K, used 65858K [0x000000009a2c0000, 0x00000000a0610000, 0x0000000100000000)
 Metaspace       used 90606K, capacity 95171K, committed 95276K, reserved 1132544K
  class space    used 11218K, capacity 12102K, committed 12128K, reserved 1048576K
2021-01-18T18:02:34.539+0000: 81.878: [GC (Allocation Failure) 2021-01-18T18:02:34.540+0000: 81.878: [ParNew
Desired survivor size 2162688 bytes, new threshold 6 (max 6)
- age   1:     951520 bytes,     951520 total
- age   2:     426384 bytes,    1377904 total
- age   3:     229080 bytes,    1606984 total
- age   4:     305408 bytes,    1912392 total
: 35237K->2428K(38080K), 0.0207203 secs] 101095K->68287K(139776K), 0.0208292 secs] [Times: user=0.04 sys=0.00, real=0.02 secs] 
Heap after GC invocations=213 (full 4):
 par new generation   total 38080K, used 2428K [0x0000000085600000, 0x0000000087f50000, 0x000000009a2c0000)
  eden space 33856K,   0% used [0x0000000085600000, 0x0000000085600000, 0x0000000087710000)
  from space 4224K,  57% used [0x0000000087b30000, 0x0000000087d8f360, 0x0000000087f50000)
  to   space 4224K,   0% used [0x0000000087710000, 0x0000000087710000, 0x0000000087b30000)
 concurrent mark-sweep generation total 101696K, used 65858K [0x000000009a2c0000, 0x00000000a0610000, 0x0000000100000000)
 Metaspace       used 90606K, capacity 95171K, committed 95276K, reserved 1132544K
  class space    used 11218K, capacity 12102K, committed 12128K, reserved 1048576K
}
2021-01-18T18:02:34.560+0000: 81.899: Total time for which application threads were stopped: 0.0210976 seconds, Stopping threads took: 0.0000513 seconds
2021-01-18T18:02:34.875+0000: 82.213: Total time for which application threads were stopped: 0.0017337 seconds, Stopping threads took: 0.0000691 seconds
2021-01-18T18:02:34.911+0000: 82.249: Total time for which application threads were stopped: 0.0011518 seconds, Stopping threads took: 0.0000517 seconds
{Heap before GC invocations=213 (full 4):
 par new generation   total 38080K, used 36284K [0x0000000085600000, 0x0000000087f50000, 0x000000009a2c0000)
  eden space 33856K, 100% used [0x0000000085600000, 0x0000000087710000, 0x0000000087710000)
  from space 4224K,  57% used [0x0000000087b30000, 0x0000000087d8f360, 0x0000000087f50000)
  to   space 4224K,   0% used [0x0000000087710000, 0x0000000087710000, 0x0000000087b30000)
 concurrent mark-sweep generation total 101696K, used 65858K [0x000000009a2c0000, 0x00000000a0610000, 0x0000000100000000)
 Metaspace       used 90979K, capacity 95677K, committed 95916K, reserved 1132544K
  class space    used 11272K, capacity 12165K, committed 12256K, reserved 1048576K
2021-01-18T18:02:34.978+0000: 82.317: [GC (Allocation Failure) 2021-01-18T18:02:34.978+0000: 82.317: [ParNew
Desired survivor size 2162688 bytes, new threshold 5 (max 6)
- age   1:    1053368 bytes,    1053368 total
- age   2:     425208 bytes,    1478576 total
- age   3:     422232 bytes,    1900808 total
- age   4:     228664 bytes,    2129472 total
- age   5:     303872 bytes,    2433344 total
: 36284K->2813K(38080K), 0.0306276 secs] 102143K->68672K(139776K), 0.0307495 secs] [Times: user=0.09 sys=0.00, real=0.03 secs] 
Heap after GC invocations=214 (full 4):
 par new generation   total 38080K, used 2813K [0x0000000085600000, 0x0000000087f50000, 0x000000009a2c0000)
  eden space 33856K,   0% used [0x0000000085600000, 0x0000000085600000, 0x0000000087710000)
  from space 4224K,  66% used [0x0000000087710000, 0x00000000879cf560, 0x0000000087b30000)
  to   space 4224K,   0% used [0x0000000087b30000, 0x0000000087b30000, 0x0000000087f50000)
 concurrent mark-sweep generation total 101696K, used 65858K [0x000000009a2c0000, 0x00000000a0610000, 0x0000000100000000)
 Metaspace       used 90979K, capacity 95677K, committed 95916K, reserved 1132544K
  class space    used 11272K, capacity 12165K, committed 12256K, reserved 1048576K
}
2021-01-18T18:02:35.009+0000: 82.348: Total time for which application threads were stopped: 0.0310730 seconds, Stopping threads took: 0.0000552 seconds
{Heap before GC invocations=214 (full 4):
 par new generation   total 38080K, used 36669K [0x0000000085600000, 0x0000000087f50000, 0x000000009a2c0000)
  eden space 33856K, 100% used [0x0000000085600000, 0x0000000087710000, 0x0000000087710000)
  from space 4224K,  66% used [0x0000000087710000, 0x00000000879cf560, 0x0000000087b30000)
  to   space 4224K,   0% used [0x0000000087b30000, 0x0000000087b30000, 0x0000000087f50000)
 concurrent mark-sweep generation total 101696K, used 65858K [0x000000009a2c0000, 0x00000000a0610000, 0x0000000100000000)
 Metaspace       used 91341K, capacity 95997K, committed 96172K, reserved 1132544K
  class space    used 11336K, capacity 12229K, committed 12256K, reserved 1048576K
2021-01-18T18:02:35.161+0000: 82.499: [GC (Allocation Failure) 2021-01-18T18:02:35.161+0000: 82.499: [ParNew
Desired survivor size 2162688 bytes, new threshold 4 (max 6)
- age   1:     670432 bytes,     670432 total
- age   2:     758776 bytes,    1429208 total
- age   3:     421688 bytes,    1850896 total
- age   4:     414376 bytes,    2265272 total
- age   5:     226240 bytes,    2491512 total
: 36669K->3145K(38080K), 0.0118629 secs] 102528K->69306K(139776K), 0.0119617 secs] [Times: user=0.04 sys=0.00, real=0.01 secs] 
Heap after GC invocations=215 (full 4):
 par new generation   total 38080K, used 3145K [0x0000000085600000, 0x0000000087f50000, 0x000000009a2c0000)
  eden space 33856K,   0% used [0x0000000085600000, 0x0000000085600000, 0x0000000087710000)
  from space 4224K,  74% used [0x0000000087b30000, 0x0000000087e42758, 0x0000000087f50000)
  to   space 4224K,   0% used [0x0000000087710000, 0x0000000087710000, 0x0000000087b30000)
 concurrent mark-sweep generation total 101696K, used 66160K [0x000000009a2c0000, 0x00000000a0610000, 0x0000000100000000)
 Metaspace       used 91341K, capacity 95997K, committed 96172K, reserved 1132544K
  class space    used 11336K, capacity 12229K, committed 12256K, reserved 1048576K
}
2021-01-18T18:02:35.173+0000: 82.511: Total time for which application threads were stopped: 0.0121910 seconds, Stopping threads took: 0.0000308 seconds
{Heap before GC invocations=215 (full 4):
 par new generation   total 38080K, used 37001K [0x0000000085600000, 0x0000000087f50000, 0x000000009a2c0000)
  eden space 33856K, 100% used [0x0000000085600000, 0x0000000087710000, 0x0000000087710000)
  from space 4224K,  74% used [0x0000000087b30000, 0x0000000087e42758, 0x0000000087f50000)
  to   space 4224K,   0% used [0x0000000087710000, 0x0000000087710000, 0x0000000087b30000)
 concurrent mark-sweep generation total 101696K, used 66160K [0x000000009a2c0000, 0x00000000a0610000, 0x0000000100000000)
 Metaspace       used 91561K, capacity 96197K, committed 96428K, reserved 1134592K
  class space    used 11366K, capacity 12231K, committed 12256K, reserved 1048576K
2021-01-18T18:02:35.744+0000: 83.083: [GC (Allocation Failure) 2021-01-18T18:02:35.744+0000: 83.083: [ParNew
Desired survivor size 2162688 bytes, new threshold 4 (max 6)
- age   1:     771504 bytes,     771504 total
- age   2:     348760 bytes,    1120264 total
- age   3:     756720 bytes,    1876984 total
- age   4:     421656 bytes,    2298640 total
: 37001K->3110K(38080K), 0.0059012 secs] 103162K->69908K(139776K), 0.0059759 secs] [Times: user=0.02 sys=0.00, real=0.01 secs] 
Heap after GC invocations=216 (full 4):
 par new generation   total 38080K, used 3110K [0x0000000085600000, 0x0000000087f50000, 0x000000009a2c0000)
  eden space 33856K,   0% used [0x0000000085600000, 0x0000000085600000, 0x0000000087710000)
  from space 4224K,  73% used [0x0000000087710000, 0x0000000087a19bc8, 0x0000000087b30000)
  to   space 4224K,   0% used [0x0000000087b30000, 0x0000000087b30000, 0x0000000087f50000)
 concurrent mark-sweep generation total 101696K, used 66797K [0x000000009a2c0000, 0x00000000a0610000, 0x0000000100000000)
 Metaspace       used 91561K, capacity 96197K, committed 96428K, reserved 1134592K
  class space    used 11366K, capacity 12231K, committed 12256K, reserved 1048576K
}
2021-01-18T18:02:35.750+0000: 83.089: Total time for which application threads were stopped: 0.0061380 seconds, Stopping threads took: 0.0000205 seconds
{Heap before GC invocations=216 (full 4):
 par new generation   total 38080K, used 36966K [0x0000000085600000, 0x0000000087f50000, 0x000000009a2c0000)
  eden space 33856K, 100% used [0x0000000085600000, 0x0000000087710000, 0x0000000087710000)
  from space 4224K,  73% used [0x0000000087710000, 0x0000000087a19bc8, 0x0000000087b30000)
  to   space 4224K,   0% used [0x0000000087b30000, 0x0000000087b30000, 0x0000000087f50000)
 concurrent mark-sweep generation total 101696K, used 66797K [0x000000009a2c0000, 0x00000000a0610000, 0x0000000100000000)
 Metaspace       used 91808K, capacity 96453K, committed 96556K, reserved 1134592K
  class space    used 11403K, capacity 12295K, committed 12384K, reserved 1048576K
2021-01-18T18:02:37.068+0000: 84.406: [GC (Allocation Failure) 2021-01-18T18:02:37.068+0000: 84.407: [ParNew
Desired survivor size 2162688 bytes, new threshold 4 (max 6)
- age   1:    1526448 bytes,    1526448 total
- age   2:     200664 bytes,    1727112 total
- age   3:     348344 bytes,    2075456 total
- age   4:     756720 bytes,    2832176 total
: 36966K->3578K(38080K), 0.0244604 secs] 103764K->70798K(139776K), 0.0246305 secs] [Times: user=0.06 sys=0.00, real=0.02 secs] 
Heap after GC invocations=217 (full 4):
 par new generation   total 38080K, used 3578K [0x0000000085600000, 0x0000000087f50000, 0x000000009a2c0000)
  eden space 33856K,   0% used [0x0000000085600000, 0x0000000085600000, 0x0000000087710000)
  from space 4224K,  84% used [0x0000000087b30000, 0x0000000087eaeb20, 0x0000000087f50000)
  to   space 4224K,   0% used [0x0000000087710000, 0x0000000087710000, 0x0000000087b30000)
 concurrent mark-sweep generation total 101696K, used 67219K [0x000000009a2c0000, 0x00000000a0610000, 0x0000000100000000)
 Metaspace       used 91808K, capacity 96453K, committed 96556K, reserved 1134592K
  class space    used 11403K, capacity 12295K, committed 12384K, reserved 1048576K
}
2021-01-18T18:02:37.093+0000: 84.431: Total time for which application threads were stopped: 0.0250555 seconds, Stopping threads took: 0.0000485 seconds
2021-01-18T18:02:38.093+0000: 85.431: Total time for which application threads were stopped: 0.0001441 seconds, Stopping threads took: 0.0000407 seconds
{Heap before GC invocations=217 (full 4):
 par new generation   total 38080K, used 37434K [0x0000000085600000, 0x0000000087f50000, 0x000000009a2c0000)
  eden space 33856K, 100% used [0x0000000085600000, 0x0000000087710000, 0x0000000087710000)
  from space 4224K,  84% used [0x0000000087b30000, 0x0000000087eaeb20, 0x0000000087f50000)
  to   space 4224K,   0% used [0x0000000087710000, 0x0000000087710000, 0x0000000087b30000)
 concurrent mark-sweep generation total 101696K, used 67219K [0x000000009a2c0000, 0x00000000a0610000, 0x0000000100000000)
 Metaspace       used 92019K, capacity 96699K, committed 96812K, reserved 1134592K
  class space    used 11440K, capacity 12334K, committed 12384K, reserved 1048576K
2021-01-18T18:02:38.480+0000: 85.818: [GC (Allocation Failure) 2021-01-18T18:02:38.480+0000: 85.818: [ParNew
Desired survivor size 2162688 bytes, new threshold 6 (max 6)
- age   1:     833360 bytes,     833360 total
- age   2:      55488 bytes,     888848 total
- age   3:     195888 bytes,    1084736 total
- age   4:     348344 bytes,    1433080 total
: 37434K->2184K(38080K), 0.0413655 secs] 104654K->70161K(139776K), 0.0416023 secs] [Times: user=0.08 sys=0.00, real=0.04 secs] 
Heap after GC invocations=218 (full 4):
 par new generation   total 38080K, used 2184K [0x0000000085600000, 0x0000000087f50000, 0x000000009a2c0000)
  eden space 33856K,   0% used [0x0000000085600000, 0x0000000085600000, 0x0000000087710000)
  from space 4224K,  51% used [0x0000000087710000, 0x00000000879320a8, 0x0000000087b30000)
  to   space 4224K,   0% used [0x0000000087b30000, 0x0000000087b30000, 0x0000000087f50000)
 concurrent mark-sweep generation total 101696K, used 67977K [0x000000009a2c0000, 0x00000000a0610000, 0x0000000100000000)
 Metaspace       used 92019K, capacity 96699K, committed 96812K, reserved 1134592K
  class space    used 11440K, capacity 12334K, committed 12384K, reserved 1048576K
}
2021-01-18T18:02:38.521+0000: 85.860: Total time for which application threads were stopped: 0.0422610 seconds, Stopping threads took: 0.0001350 seconds
2021-01-18T18:02:39.528+0000: 86.867: Total time for which application threads were stopped: 0.0001428 seconds, Stopping threads took: 0.0000290 seconds
{Heap before GC invocations=218 (full 4):
 par new generation   total 38080K, used 36040K [0x0000000085600000, 0x0000000087f50000, 0x000000009a2c0000)
  eden space 33856K, 100% used [0x0000000085600000, 0x0000000087710000, 0x0000000087710000)
  from space 4224K,  51% used [0x0000000087710000, 0x00000000879320a8, 0x0000000087b30000)
  to   space 4224K,   0% used [0x0000000087b30000, 0x0000000087b30000, 0x0000000087f50000)
 concurrent mark-sweep generation total 101696K, used 67977K [0x000000009a2c0000, 0x00000000a0610000, 0x0000000100000000)
 Metaspace       used 92111K, capacity 96765K, committed 97068K, reserved 1134592K
  class space    used 11455K, capacity 12335K, committed 12384K, reserved 1048576K
2021-01-18T18:02:39.650+0000: 86.989: [GC (Allocation Failure) 2021-01-18T18:02:39.650+0000: 86.989: [ParNew
Desired survivor size 2162688 bytes, new threshold 1 (max 6)
- age   1:    2532016 bytes,    2532016 total
- age   2:     138096 bytes,    2670112 total
- age   3:      54656 bytes,    2724768 total
- age   4:     194952 bytes,    2919720 total
- age   5:     348344 bytes,    3268064 total
: 36040K->3495K(38080K), 0.0074244 secs] 104017K->71472K(139776K), 0.0075001 secs] [Times: user=0.02 sys=0.00, real=0.00 secs] 
Heap after GC invocations=219 (full 4):
 par new generation   total 38080K, used 3495K [0x0000000085600000, 0x0000000087f50000, 0x000000009a2c0000)
  eden space 33856K,   0% used [0x0000000085600000, 0x0000000085600000, 0x0000000087710000)
  from space 4224K,  82% used [0x0000000087b30000, 0x0000000087e99e78, 0x0000000087f50000)
  to   space 4224K,   0% used [0x0000000087710000, 0x0000000087710000, 0x0000000087b30000)
 concurrent mark-sweep generation total 101696K, used 67977K [0x000000009a2c0000, 0x00000000a0610000, 0x0000000100000000)
 Metaspace       used 92111K, capacity 96765K, committed 97068K, reserved 1134592K
  class space    used 11455K, capacity 12335K, committed 12384K, reserved 1048576K
}
2021-01-18T18:02:39.658+0000: 86.996: Total time for which application threads were stopped: 0.0078478 seconds, Stopping threads took: 0.0000466 seconds
{Heap before GC invocations=219 (full 4):
 par new generation   total 38080K, used 37351K [0x0000000085600000, 0x0000000087f50000, 0x000000009a2c0000)
  eden space 33856K, 100% used [0x0000000085600000, 0x0000000087710000, 0x0000000087710000)
  from space 4224K,  82% used [0x0000000087b30000, 0x0000000087e99e78, 0x0000000087f50000)
  to   space 4224K,   0% used [0x0000000087710000, 0x0000000087710000, 0x0000000087b30000)
 concurrent mark-sweep generation total 101696K, used 67977K [0x000000009a2c0000, 0x00000000a0610000, 0x0000000100000000)
 Metaspace       used 92277K, capacity 96983K, committed 97068K, reserved 1134592K
  class space    used 11485K, capacity 12382K, committed 12384K, reserved 1048576K
2021-01-18T18:02:40.299+0000: 87.638: [GC (Allocation Failure) 2021-01-18T18:02:40.300+0000: 87.638: [ParNew
Desired survivor size 2162688 bytes, new threshold 6 (max 6)
- age   1:    1692632 bytes,    1692632 total
: 37351K->2273K(38080K), 0.0191633 secs] 105328K->71103K(139776K), 0.0197910 secs] [Times: user=0.04 sys=0.00, real=0.02 secs] 
Heap after GC invocations=220 (full 4):
 par new generation   total 38080K, used 2273K [0x0000000085600000, 0x0000000087f50000, 0x000000009a2c0000)
  eden space 33856K,   0% used [0x0000000085600000, 0x0000000085600000, 0x0000000087710000)
  from space 4224K,  53% used [0x0000000087710000, 0x00000000879485d8, 0x0000000087b30000)
  to   space 4224K,   0% used [0x0000000087b30000, 0x0000000087b30000, 0x0000000087f50000)
 concurrent mark-sweep generation total 101696K, used 68830K [0x000000009a2c0000, 0x00000000a0610000, 0x0000000100000000)
 Metaspace       used 92277K, capacity 96983K, committed 97068K, reserved 1134592K
  class space    used 11485K, capacity 12382K, committed 12384K, reserved 1048576K
}
2021-01-18T18:02:40.319+0000: 87.658: Total time for which application threads were stopped: 0.0199930 seconds, Stopping threads took: 0.0000183 seconds
2021-01-18T18:02:41.320+0000: 88.658: Total time for which application threads were stopped: 0.0002367 seconds, Stopping threads took: 0.0000430 seconds
{Heap before GC invocations=220 (full 4):
 par new generation   total 38080K, used 36129K [0x0000000085600000, 0x0000000087f50000, 0x000000009a2c0000)
  eden space 33856K, 100% used [0x0000000085600000, 0x0000000087710000, 0x0000000087710000)
  from space 4224K,  53% used [0x0000000087710000, 0x00000000879485d8, 0x0000000087b30000)
  to   space 4224K,   0% used [0x0000000087b30000, 0x0000000087b30000, 0x0000000087f50000)
 concurrent mark-sweep generation total 101696K, used 68830K [0x000000009a2c0000, 0x00000000a0610000, 0x0000000100000000)
 Metaspace       used 92467K, capacity 97149K, committed 97452K, reserved 1134592K
  class space    used 11514K, capacity 12417K, committed 12512K, reserved 1048576K
2021-01-18T18:02:41.526+0000: 88.865: [GC (Allocation Failure) 2021-01-18T18:02:41.526+0000: 88.865: [ParNew
Desired survivor size 2162688 bytes, new threshold 6 (max 6)
- age   1:     924536 bytes,     924536 total
- age   2:     220344 bytes,    1144880 total
: 36129K->1236K(38080K), 0.0112851 secs] 104959K->70066K(139776K), 0.0114574 secs] [Times: user=0.03 sys=0.00, real=0.00 secs] 
Heap after GC invocations=221 (full 4):
 par new generation   total 38080K, used 1236K [0x0000000085600000, 0x0000000087f50000, 0x000000009a2c0000)
  eden space 33856K,   0% used [0x0000000085600000, 0x0000000085600000, 0x0000000087710000)
  from space 4224K,  29% used [0x0000000087b30000, 0x0000000087c65110, 0x0000000087f50000)
  to   space 4224K,   0% used [0x0000000087710000, 0x0000000087710000, 0x0000000087b30000)
 concurrent mark-sweep generation total 101696K, used 68830K [0x000000009a2c0000, 0x00000000a0610000, 0x0000000100000000)
 Metaspace       used 92467K, capacity 97149K, committed 97452K, reserved 1134592K
  class space    used 11514K, capacity 12417K, committed 12512K, reserved 1048576K
}
2021-01-18T18:02:41.538+0000: 88.876: Total time for which application threads were stopped: 0.0120762 seconds, Stopping threads took: 0.0001549 seconds
{Heap before GC invocations=221 (full 4):
 par new generation   total 38080K, used 35092K [0x0000000085600000, 0x0000000087f50000, 0x000000009a2c0000)
  eden space 33856K, 100% used [0x0000000085600000, 0x0000000087710000, 0x0000000087710000)
  from space 4224K,  29% used [0x0000000087b30000, 0x0000000087c65110, 0x0000000087f50000)
  to   space 4224K,   0% used [0x0000000087710000, 0x0000000087710000, 0x0000000087b30000)
 concurrent mark-sweep generation total 101696K, used 68830K [0x000000009a2c0000, 0x00000000a0610000, 0x0000000100000000)
 Metaspace       used 92613K, capacity 97311K, committed 97452K, reserved 1134592K
  class space    used 11538K, capacity 12424K, committed 12512K, reserved 1048576K
2021-01-18T18:02:41.816+0000: 89.155: [GC (Allocation Failure) 2021-01-18T18:02:41.816+0000: 89.155: [ParNew
Desired survivor size 2162688 bytes, new threshold 1 (max 6)
- age   1:    2335976 bytes,    2335976 total
- age   2:     266712 bytes,    2602688 total
- age   3:     219064 bytes,    2821752 total
: 35092K->3018K(38080K), 0.0107157 secs] 103922K->71848K(139776K), 0.0108115 secs] [Times: user=0.03 sys=0.00, real=0.02 secs] 
Heap after GC invocations=222 (full 4):
 par new generation   total 38080K, used 3018K [0x0000000085600000, 0x0000000087f50000, 0x000000009a2c0000)
  eden space 33856K,   0% used [0x0000000085600000, 0x0000000085600000, 0x0000000087710000)
  from space 4224K,  71% used [0x0000000087710000, 0x0000000087a029c0, 0x0000000087b30000)
  to   space 4224K,   0% used [0x0000000087b30000, 0x0000000087b30000, 0x0000000087f50000)
 concurrent mark-sweep generation total 101696K, used 68830K [0x000000009a2c0000, 0x00000000a0610000, 0x0000000100000000)
 Metaspace       used 92613K, capacity 97311K, committed 97452K, reserved 1134592K
  class space    used 11538K, capacity 12424K, committed 12512K, reserved 1048576K
}
2021-01-18T18:02:41.827+0000: 89.165: Total time for which application threads were stopped: 0.0110166 seconds, Stopping threads took: 0.0000254 seconds
{Heap before GC invocations=222 (full 4):
 par new generation   total 38080K, used 36874K [0x0000000085600000, 0x0000000087f50000, 0x000000009a2c0000)
  eden space 33856K, 100% used [0x0000000085600000, 0x0000000087710000, 0x0000000087710000)
  from space 4224K,  71% used [0x0000000087710000, 0x0000000087a029c0, 0x0000000087b30000)
  to   space 4224K,   0% used [0x0000000087b30000, 0x0000000087b30000, 0x0000000087f50000)
 concurrent mark-sweep generation total 101696K, used 68830K [0x000000009a2c0000, 0x00000000a0610000, 0x0000000100000000)
 Metaspace       used 92721K, capacity 97443K, committed 97708K, reserved 1134592K
  class space    used 11554K, capacity 12462K, committed 12512K, reserved 1048576K
2021-01-18T18:02:42.032+0000: 89.371: [GC (Allocation Failure) 2021-01-18T18:02:42.032+0000: 89.371: [ParNew
Desired survivor size 2162688 bytes, new threshold 1 (max 6)
- age   1:    2515512 bytes,    2515512 total
: 36874K->2878K(38080K), 0.0135885 secs] 105704K->72624K(139776K), 0.0136981 secs] [Times: user=0.04 sys=0.00, real=0.01 secs] 
Heap after GC invocations=223 (full 4):
 par new generation   total 38080K, used 2878K [0x0000000085600000, 0x0000000087f50000, 0x000000009a2c0000)
  eden space 33856K,   0% used [0x0000000085600000, 0x0000000085600000, 0x0000000087710000)
  from space 4224K,  68% used [0x0000000087b30000, 0x0000000087dffb30, 0x0000000087f50000)
  to   space 4224K,   0% used [0x0000000087710000, 0x0000000087710000, 0x0000000087b30000)
 concurrent mark-sweep generation total 101696K, used 69746K [0x000000009a2c0000, 0x00000000a0610000, 0x0000000100000000)
 Metaspace       used 92721K, capacity 97443K, committed 97708K, reserved 1134592K
  class space    used 11554K, capacity 12462K, committed 12512K, reserved 1048576K
}
2021-01-18T18:02:42.046+0000: 89.385: Total time for which application threads were stopped: 0.0139838 seconds, Stopping threads took: 0.0000463 seconds
{Heap before GC invocations=223 (full 4):
 par new generation   total 38080K, used 36734K [0x0000000085600000, 0x0000000087f50000, 0x000000009a2c0000)
  eden space 33856K, 100% used [0x0000000085600000, 0x0000000087710000, 0x0000000087710000)
  from space 4224K,  68% used [0x0000000087b30000, 0x0000000087dffb30, 0x0000000087f50000)
  to   space 4224K,   0% used [0x0000000087710000, 0x0000000087710000, 0x0000000087b30000)
 concurrent mark-sweep generation total 101696K, used 69746K [0x000000009a2c0000, 0x00000000a0610000, 0x0000000100000000)
 Metaspace       used 92846K, capacity 97607K, committed 97708K, reserved 1134592K
  class space    used 11571K, capacity 12468K, committed 12512K, reserved 1048576K
2021-01-18T18:02:42.224+0000: 89.562: [GC (Allocation Failure) 2021-01-18T18:02:42.224+0000: 89.562: [ParNew
Desired survivor size 2162688 bytes, new threshold 1 (max 6)
- age   1:    2786176 bytes,    2786176 total
: 36734K->2925K(38080K), 0.0180701 secs] 106480K->72889K(139776K), 0.0182216 secs] [Times: user=0.03 sys=0.00, real=0.02 secs] 
Heap after GC invocations=224 (full 4):
 par new generation   total 38080K, used 2925K [0x0000000085600000, 0x0000000087f50000, 0x000000009a2c0000)
  eden space 33856K,   0% used [0x0000000085600000, 0x0000000085600000, 0x0000000087710000)
  from space 4224K,  69% used [0x0000000087710000, 0x00000000879eb690, 0x0000000087b30000)
  to   space 4224K,   0% used [0x0000000087b30000, 0x0000000087b30000, 0x0000000087f50000)
 concurrent mark-sweep generation total 101696K, used 69963K [0x000000009a2c0000, 0x00000000a0610000, 0x0000000100000000)
 Metaspace       used 92846K, capacity 97607K, committed 97708K, reserved 1134592K
  class space    used 11571K, capacity 12468K, committed 12512K, reserved 1048576K
}
2021-01-18T18:02:42.242+0000: 89.581: Total time for which application threads were stopped: 0.0186280 seconds, Stopping threads took: 0.0000895 seconds
2021-01-18T18:02:43.000+0000: 90.338: Total time for which application threads were stopped: 0.0010452 seconds, Stopping threads took: 0.0000291 seconds
2021-01-18T18:02:43.610+0000: 90.948: Total time for which application threads were stopped: 0.0010541 seconds, Stopping threads took: 0.0000224 seconds
{Heap before GC invocations=224 (full 4):
 par new generation   total 38080K, used 36781K [0x0000000085600000, 0x0000000087f50000, 0x000000009a2c0000)
  eden space 33856K, 100% used [0x0000000085600000, 0x0000000087710000, 0x0000000087710000)
  from space 4224K,  69% used [0x0000000087710000, 0x00000000879eb690, 0x0000000087b30000)
  to   space 4224K,   0% used [0x0000000087b30000, 0x0000000087b30000, 0x0000000087f50000)
 concurrent mark-sweep generation total 101696K, used 69963K [0x000000009a2c0000, 0x00000000a0610000, 0x0000000100000000)
 Metaspace       used 93173K, capacity 97897K, committed 97964K, reserved 1134592K
  class space    used 11613K, capacity 12501K, committed 12512K, reserved 1048576K
2021-01-18T18:02:43.618+0000: 90.957: [GC (Allocation Failure) 2021-01-18T18:02:43.618+0000: 90.957: [ParNew
Desired survivor size 2162688 bytes, new threshold 6 (max 6)
- age   1:     367656 bytes,     367656 total
: 36781K->467K(38080K), 0.0093137 secs] 106745K->70642K(139776K), 0.0094030 secs] [Times: user=0.01 sys=0.00, real=0.02 secs] 
Heap after GC invocations=225 (full 4):
 par new generation   total 38080K, used 467K [0x0000000085600000, 0x0000000087f50000, 0x000000009a2c0000)
  eden space 33856K,   0% used [0x0000000085600000, 0x0000000085600000, 0x0000000087710000)
  from space 4224K,  11% used [0x0000000087b30000, 0x0000000087ba4ce8, 0x0000000087f50000)
  to   space 4224K,   0% used [0x0000000087710000, 0x0000000087710000, 0x0000000087b30000)
 concurrent mark-sweep generation total 101696K, used 70175K [0x000000009a2c0000, 0x00000000a0610000, 0x0000000100000000)
 Metaspace       used 93173K, capacity 97897K, committed 97964K, reserved 1134592K
  class space    used 11613K, capacity 12501K, committed 12512K, reserved 1048576K
}
2021-01-18T18:02:43.627+0000: 90.966: Total time for which application threads were stopped: 0.0096454 seconds, Stopping threads took: 0.0000452 seconds
2021-01-18T18:02:43.814+0000: 91.153: Total time for which application threads were stopped: 0.0010871 seconds, Stopping threads took: 0.0000456 seconds
{Heap before GC invocations=225 (full 4):
 par new generation   total 38080K, used 34323K [0x0000000085600000, 0x0000000087f50000, 0x000000009a2c0000)
  eden space 33856K, 100% used [0x0000000085600000, 0x0000000087710000, 0x0000000087710000)
  from space 4224K,  11% used [0x0000000087b30000, 0x0000000087ba4ce8, 0x0000000087f50000)
  to   space 4224K,   0% used [0x0000000087710000, 0x0000000087710000, 0x0000000087b30000)
 concurrent mark-sweep generation total 101696K, used 70175K [0x000000009a2c0000, 0x00000000a0610000, 0x0000000100000000)
 Metaspace       used 93439K, capacity 98243K, committed 98348K, reserved 1134592K
  class space    used 11652K, capacity 12554K, committed 12640K, reserved 1048576K
2021-01-18T18:02:44.157+0000: 91.496: [GC (Allocation Failure) 2021-01-18T18:02:44.157+0000: 91.496: [ParNew
Desired survivor size 2162688 bytes, new threshold 6 (max 6)
- age   1:     661816 bytes,     661816 total
- age   2:     190416 bytes,     852232 total
: 34323K->905K(38080K), 0.0242162 secs] 104498K->71080K(139776K), 0.0243188 secs] [Times: user=0.04 sys=0.00, real=0.03 secs] 
Heap after GC invocations=226 (full 4):
 par new generation   total 38080K, used 905K [0x0000000085600000, 0x0000000087f50000, 0x000000009a2c0000)
  eden space 33856K,   0% used [0x0000000085600000, 0x0000000085600000, 0x0000000087710000)
  from space 4224K,  21% used [0x0000000087710000, 0x00000000877f2530, 0x0000000087b30000)
  to   space 4224K,   0% used [0x0000000087b30000, 0x0000000087b30000, 0x0000000087f50000)
 concurrent mark-sweep generation total 101696K, used 70175K [0x000000009a2c0000, 0x00000000a0610000, 0x0000000100000000)
 Metaspace       used 93439K, capacity 98243K, committed 98348K, reserved 1134592K
  class space    used 11652K, capacity 12554K, committed 12640K, reserved 1048576K
}
2021-01-18T18:02:44.181+0000: 91.520: Total time for which application threads were stopped: 0.0245619 seconds, Stopping threads took: 0.0000314 seconds
2021-01-18T18:02:45.182+0000: 92.520: Total time for which application threads were stopped: 0.0001352 seconds, Stopping threads took: 0.0000285 seconds
{Heap before GC invocations=226 (full 4):
 par new generation   total 38080K, used 34761K [0x0000000085600000, 0x0000000087f50000, 0x000000009a2c0000)
  eden space 33856K, 100% used [0x0000000085600000, 0x0000000087710000, 0x0000000087710000)
  from space 4224K,  21% used [0x0000000087710000, 0x00000000877f2530, 0x0000000087b30000)
  to   space 4224K,   0% used [0x0000000087b30000, 0x0000000087b30000, 0x0000000087f50000)
 concurrent mark-sweep generation total 101696K, used 70175K [0x000000009a2c0000, 0x00000000a0610000, 0x0000000100000000)
 Metaspace       used 93766K, capacity 98609K, committed 98860K, reserved 1136640K
  class space    used 11689K, capacity 12589K, committed 12640K, reserved 1048576K
2021-01-18T18:02:45.420+0000: 92.758: [GC (Allocation Failure) 2021-01-18T18:02:45.420+0000: 92.758: [ParNew
Desired survivor size 2162688 bytes, new threshold 6 (max 6)
- age   1:    1284248 bytes,    1284248 total
- age   2:     238448 bytes,    1522696 total
- age   3:     188072 bytes,    1710768 total
: 34761K->1825K(38080K), 0.0060427 secs] 104936K->72001K(139776K), 0.0061167 secs] [Times: user=0.02 sys=0.00, real=0.00 secs] 
Heap after GC invocations=227 (full 4):
 par new generation   total 38080K, used 1825K [0x0000000085600000, 0x0000000087f50000, 0x000000009a2c0000)
  eden space 33856K,   0% used [0x0000000085600000, 0x0000000085600000, 0x0000000087710000)
  from space 4224K,  43% used [0x0000000087b30000, 0x0000000087cf85f0, 0x0000000087f50000)
  to   space 4224K,   0% used [0x0000000087710000, 0x0000000087710000, 0x0000000087b30000)
 concurrent mark-sweep generation total 101696K, used 70175K [0x000000009a2c0000, 0x00000000a0610000, 0x0000000100000000)
 Metaspace       used 93766K, capacity 98609K, committed 98860K, reserved 1136640K
  class space    used 11689K, capacity 12589K, committed 12640K, reserved 1048576K
}
2021-01-18T18:02:45.426+0000: 92.764: Total time for which application threads were stopped: 0.0062765 seconds, Stopping threads took: 0.0000180 seconds
{Heap before GC invocations=227 (full 4):
 par new generation   total 38080K, used 35681K [0x0000000085600000, 0x0000000087f50000, 0x000000009a2c0000)
  eden space 33856K, 100% used [0x0000000085600000, 0x0000000087710000, 0x0000000087710000)
  from space 4224K,  43% used [0x0000000087b30000, 0x0000000087cf85f0, 0x0000000087f50000)
  to   space 4224K,   0% used [0x0000000087710000, 0x0000000087710000, 0x0000000087b30000)
 concurrent mark-sweep generation total 101696K, used 70175K [0x000000009a2c0000, 0x00000000a0610000, 0x0000000100000000)
 Metaspace       used 94433K, capacity 99313K, committed 99500K, reserved 1136640K
  class space    used 11768K, capacity 12697K, committed 12768K, reserved 1048576K
2021-01-18T18:02:45.856+0000: 93.194: [GC (Allocation Failure) 2021-01-18T18:02:45.916+0000: 93.255: [ParNew
Desired survivor size 2162688 bytes, new threshold 6 (max 6)
- age   1:     529304 bytes,     529304 total
- age   2:     279144 bytes,     808448 total
- age   3:     238032 bytes,    1046480 total
- age   4:     187656 bytes,    1234136 total
: 35681K->1747K(38080K), 0.0293036 secs] 105857K->71923K(139776K), 0.0895300 secs] [Times: user=0.06 sys=0.00, real=0.09 secs] 
Heap after GC invocations=228 (full 4):
 par new generation   total 38080K, used 1747K [0x0000000085600000, 0x0000000087f50000, 0x000000009a2c0000)
  eden space 33856K,   0% used [0x0000000085600000, 0x0000000085600000, 0x0000000087710000)
  from space 4224K,  41% used [0x0000000087710000, 0x00000000878c4fe0, 0x0000000087b30000)
  to   space 4224K,   0% used [0x0000000087b30000, 0x0000000087b30000, 0x0000000087f50000)
 concurrent mark-sweep generation total 101696K, used 70175K [0x000000009a2c0000, 0x00000000a0610000, 0x0000000100000000)
 Metaspace       used 94433K, capacity 99313K, committed 99500K, reserved 1136640K
  class space    used 11768K, capacity 12697K, committed 12768K, reserved 1048576K
}
2021-01-18T18:02:45.946+0000: 93.284: Total time for which application threads were stopped: 0.0898172 seconds, Stopping threads took: 0.0000182 seconds
2021-01-18T18:02:46.527+0000: 93.866: Total time for which application threads were stopped: 0.0010705 seconds, Stopping threads took: 0.0000280 seconds
{Heap before GC invocations=228 (full 4):
 par new generation   total 38080K, used 35603K [0x0000000085600000, 0x0000000087f50000, 0x000000009a2c0000)
  eden space 33856K, 100% used [0x0000000085600000, 0x0000000087710000, 0x0000000087710000)
  from space 4224K,  41% used [0x0000000087710000, 0x00000000878c4fe0, 0x0000000087b30000)
  to   space 4224K,   0% used [0x0000000087b30000, 0x0000000087b30000, 0x0000000087f50000)
 concurrent mark-sweep generation total 101696K, used 70175K [0x000000009a2c0000, 0x00000000a0610000, 0x0000000100000000)
 Metaspace       used 94921K, capacity 99907K, committed 100140K, reserved 1136640K
  class space    used 11850K, capacity 12818K, committed 12896K, reserved 1048576K
2021-01-18T18:02:46.567+0000: 93.906: [GC (Allocation Failure) 2021-01-18T18:02:46.567+0000: 93.906: [ParNew
Desired survivor size 2162688 bytes, new threshold 6 (max 6)
- age   1:     540928 bytes,     540928 total
- age   2:     118944 bytes,     659872 total
- age   3:     278312 bytes,     938184 total
- age   4:     238032 bytes,    1176216 total
- age   5:     187656 bytes,    1363872 total
: 35603K->1557K(38080K), 0.0102429 secs] 105779K->71733K(139776K), 0.0103353 secs] [Times: user=0.02 sys=0.01, real=0.00 secs] 
Heap after GC invocations=229 (full 4):
 par new generation   total 38080K, used 1557K [0x0000000085600000, 0x0000000087f50000, 0x000000009a2c0000)
  eden space 33856K,   0% used [0x0000000085600000, 0x0000000085600000, 0x0000000087710000)
  from space 4224K,  36% used [0x0000000087b30000, 0x0000000087cb5778, 0x0000000087f50000)
  to   space 4224K,   0% used [0x0000000087710000, 0x0000000087710000, 0x0000000087b30000)
 concurrent mark-sweep generation total 101696K, used 70175K [0x000000009a2c0000, 0x00000000a0610000, 0x0000000100000000)
 Metaspace       used 94921K, capacity 99907K, committed 100140K, reserved 1136640K
  class space    used 11850K, capacity 12818K, committed 12896K, reserved 1048576K
}
2021-01-18T18:02:46.578+0000: 93.916: Total time for which application threads were stopped: 0.0105713 seconds, Stopping threads took: 0.0000226 seconds
{Heap before GC invocations=229 (full 4):
 par new generation   total 38080K, used 35413K [0x0000000085600000, 0x0000000087f50000, 0x000000009a2c0000)
  eden space 33856K, 100% used [0x0000000085600000, 0x0000000087710000, 0x0000000087710000)
  from space 4224K,  36% used [0x0000000087b30000, 0x0000000087cb5778, 0x0000000087f50000)
  to   space 4224K,   0% used [0x0000000087710000, 0x0000000087710000, 0x0000000087b30000)
 concurrent mark-sweep generation total 101696K, used 70175K [0x000000009a2c0000, 0x00000000a0610000, 0x0000000100000000)
 Metaspace       used 95116K, capacity 100133K, committed 100396K, reserved 1136640K
  class space    used 11898K, capacity 12863K, committed 12896K, reserved 1048576K
2021-01-18T18:02:47.123+0000: 94.462: [GC (Allocation Failure) 2021-01-18T18:02:47.123+0000: 94.462: [ParNew
Desired survivor size 2162688 bytes, new threshold 4 (max 6)
- age   1:    1493120 bytes,    1493120 total
- age   2:     402936 bytes,    1896056 total
- age   3:     116864 bytes,    2012920 total
- age   4:     272312 bytes,    2285232 total
- age   5:     237616 bytes,    2522848 total
- age   6:     187656 bytes,    2710504 total
: 35413K->2906K(38080K), 0.0073763 secs] 105589K->73082K(139776K), 0.0074659 secs] [Times: user=0.02 sys=0.00, real=0.01 secs] 
Heap after GC invocations=230 (full 4):
 par new generation   total 38080K, used 2906K [0x0000000085600000, 0x0000000087f50000, 0x000000009a2c0000)
  eden space 33856K,   0% used [0x0000000085600000, 0x0000000085600000, 0x0000000087710000)
  from space 4224K,  68% used [0x0000000087710000, 0x00000000879e69f8, 0x0000000087b30000)
  to   space 4224K,   0% used [0x0000000087b30000, 0x0000000087b30000, 0x0000000087f50000)
 concurrent mark-sweep generation total 101696K, used 70175K [0x000000009a2c0000, 0x00000000a0610000, 0x0000000100000000)
 Metaspace       used 95116K, capacity 100133K, committed 100396K, reserved 1136640K
  class space    used 11898K, capacity 12863K, committed 12896K, reserved 1048576K
}
2021-01-18T18:02:47.131+0000: 94.469: Total time for which application threads were stopped: 0.0076410 seconds, Stopping threads took: 0.0000237 seconds
2021-01-18T18:02:47.427+0000: 94.765: Total time for which application threads were stopped: 0.0009677 seconds, Stopping threads took: 0.0000315 seconds
2021-01-18T18:02:47.516+0000: 94.854: Total time for which application threads were stopped: 0.0009224 seconds, Stopping threads took: 0.0000192 seconds
2021-01-18T18:02:47.860+0000: 95.199: Total time for which application threads were stopped: 0.0012281 seconds, Stopping threads took: 0.0000220 seconds
2021-01-18T18:02:48.861+0000: 96.199: Total time for which application threads were stopped: 0.0004199 seconds, Stopping threads took: 0.0000989 seconds
{Heap before GC invocations=230 (full 4):
 par new generation   total 38080K, used 36762K [0x0000000085600000, 0x0000000087f50000, 0x000000009a2c0000)
  eden space 33856K, 100% used [0x0000000085600000, 0x0000000087710000, 0x0000000087710000)
  from space 4224K,  68% used [0x0000000087710000, 0x00000000879e69f8, 0x0000000087b30000)
  to   space 4224K,   0% used [0x0000000087b30000, 0x0000000087b30000, 0x0000000087f50000)
 concurrent mark-sweep generation total 101696K, used 70175K [0x000000009a2c0000, 0x00000000a0610000, 0x0000000100000000)
 Metaspace       used 96614K, capacity 101651K, committed 101932K, reserved 1138688K
  class space    used 12064K, capacity 13036K, committed 13152K, reserved 1048576K
2021-01-18T18:02:48.989+0000: 96.328: [GC (Allocation Failure) 2021-01-18T18:02:48.989+0000: 96.328: [ParNew
Desired survivor size 2162688 bytes, new threshold 1 (max 6)
- age   1:    2625864 bytes,    2625864 total
- age   2:     411168 bytes,    3037032 total
- age   3:     402104 bytes,    3439136 total
- age   4:     116864 bytes,    3556000 total
: 36762K->4224K(38080K), 0.0311775 secs] 106938K->76326K(139776K), 0.0312689 secs] [Times: user=0.04 sys=0.00, real=0.03 secs] 
Heap after GC invocations=231 (full 4):
 par new generation   total 38080K, used 4224K [0x0000000085600000, 0x0000000087f50000, 0x000000009a2c0000)
  eden space 33856K,   0% used [0x0000000085600000, 0x0000000085600000, 0x0000000087710000)
  from space 4224K, 100% used [0x0000000087b30000, 0x0000000087f50000, 0x0000000087f50000)
  to   space 4224K,   0% used [0x0000000087710000, 0x0000000087710000, 0x0000000087b30000)
 concurrent mark-sweep generation total 101696K, used 72102K [0x000000009a2c0000, 0x00000000a0610000, 0x0000000100000000)
 Metaspace       used 96614K, capacity 101651K, committed 101932K, reserved 1138688K
  class space    used 12064K, capacity 13036K, committed 13152K, reserved 1048576K
}
2021-01-18T18:02:49.020+0000: 96.359: Total time for which application threads were stopped: 0.0314647 seconds, Stopping threads took: 0.0000211 seconds
{Heap before GC invocations=231 (full 4):
 par new generation   total 38080K, used 38080K [0x0000000085600000, 0x0000000087f50000, 0x000000009a2c0000)
  eden space 33856K, 100% used [0x0000000085600000, 0x0000000087710000, 0x0000000087710000)
  from space 4224K, 100% used [0x0000000087b30000, 0x0000000087f50000, 0x0000000087f50000)
  to   space 4224K,   0% used [0x0000000087710000, 0x0000000087710000, 0x0000000087b30000)
 concurrent mark-sweep generation total 101696K, used 72102K [0x000000009a2c0000, 0x00000000a0610000, 0x0000000100000000)
 Metaspace       used 96881K, capacity 101939K, committed 102188K, reserved 1138688K
  class space    used 12108K, capacity 13068K, committed 13152K, reserved 1048576K
2021-01-18T18:02:49.579+0000: 96.918: [GC (Allocation Failure) 2021-01-18T18:02:49.579+0000: 96.918: [ParNew
Desired survivor size 2162688 bytes, new threshold 6 (max 6)
- age   1:     927800 bytes,     927800 total
: 38080K->2955K(38080K), 0.0188624 secs] 110182K->78421K(139776K), 0.0189456 secs] [Times: user=0.03 sys=0.00, real=0.02 secs] 
Heap after GC invocations=232 (full 4):
 par new generation   total 38080K, used 2955K [0x0000000085600000, 0x0000000087f50000, 0x000000009a2c0000)
  eden space 33856K,   0% used [0x0000000085600000, 0x0000000085600000, 0x0000000087710000)
  from space 4224K,  69% used [0x0000000087710000, 0x00000000879f2de8, 0x0000000087b30000)
  to   space 4224K,   0% used [0x0000000087b30000, 0x0000000087b30000, 0x0000000087f50000)
 concurrent mark-sweep generation total 101696K, used 75466K [0x000000009a2c0000, 0x00000000a0610000, 0x0000000100000000)
 Metaspace       used 96881K, capacity 101939K, committed 102188K, reserved 1138688K
  class space    used 12108K, capacity 13068K, committed 13152K, reserved 1048576K
}
2021-01-18T18:02:49.598+0000: 96.937: Total time for which application threads were stopped: 0.0191271 seconds, Stopping threads took: 0.0000298 seconds
{Heap before GC invocations=232 (full 4):
 par new generation   total 38080K, used 36811K [0x0000000085600000, 0x0000000087f50000, 0x000000009a2c0000)
  eden space 33856K, 100% used [0x0000000085600000, 0x0000000087710000, 0x0000000087710000)
  from space 4224K,  69% used [0x0000000087710000, 0x00000000879f2de8, 0x0000000087b30000)
  to   space 4224K,   0% used [0x0000000087b30000, 0x0000000087b30000, 0x0000000087f50000)
 concurrent mark-sweep generation total 101696K, used 75466K [0x000000009a2c0000, 0x00000000a0610000, 0x0000000100000000)
 Metaspace       used 97133K, capacity 102199K, committed 102444K, reserved 1138688K
  class space    used 12152K, capacity 13106K, committed 13152K, reserved 1048576K
2021-01-18T18:02:49.961+0000: 97.299: [GC (Allocation Failure) 2021-01-18T18:02:49.961+0000: 97.299: [ParNew
Desired survivor size 2162688 bytes, new threshold 6 (max 6)
- age   1:    1152376 bytes,    1152376 total
- age   2:      63176 bytes,    1215552 total
: 36811K->1541K(38080K), 0.0057169 secs] 112277K->77007K(139776K), 0.0058243 secs] [Times: user=0.02 sys=0.00, real=0.01 secs] 
Heap after GC invocations=233 (full 4):
 par new generation   total 38080K, used 1541K [0x0000000085600000, 0x0000000087f50000, 0x000000009a2c0000)
  eden space 33856K,   0% used [0x0000000085600000, 0x0000000085600000, 0x0000000087710000)
  from space 4224K,  36% used [0x0000000087b30000, 0x0000000087cb1450, 0x0000000087f50000)
  to   space 4224K,   0% used [0x0000000087710000, 0x0000000087710000, 0x0000000087b30000)
 concurrent mark-sweep generation total 101696K, used 75466K [0x000000009a2c0000, 0x00000000a0610000, 0x0000000100000000)
 Metaspace       used 97133K, capacity 102199K, committed 102444K, reserved 1138688K
  class space    used 12152K, capacity 13106K, committed 13152K, reserved 1048576K
}
2021-01-18T18:02:49.967+0000: 97.305: Total time for which application threads were stopped: 0.0061355 seconds, Stopping threads took: 0.0000566 seconds
2021-01-18T18:02:50.015+0000: 97.354: Total time for which application threads were stopped: 0.0010046 seconds, Stopping threads took: 0.0000342 seconds
{Heap before GC invocations=233 (full 4):
 par new generation   total 38080K, used 35397K [0x0000000085600000, 0x0000000087f50000, 0x000000009a2c0000)
  eden space 33856K, 100% used [0x0000000085600000, 0x0000000087710000, 0x0000000087710000)
  from space 4224K,  36% used [0x0000000087b30000, 0x0000000087cb1450, 0x0000000087f50000)
  to   space 4224K,   0% used [0x0000000087710000, 0x0000000087710000, 0x0000000087b30000)
 concurrent mark-sweep generation total 101696K, used 75466K [0x000000009a2c0000, 0x00000000a0610000, 0x0000000100000000)
 Metaspace       used 97505K, capacity 102785K, committed 103084K, reserved 1138688K
  class space    used 12218K, capacity 13223K, committed 13280K, reserved 1048576K
2021-01-18T18:02:50.746+0000: 98.084: [GC (Allocation Failure) 2021-01-18T18:02:50.746+0000: 98.085: [ParNew
Desired survivor size 2162688 bytes, new threshold 6 (max 6)
- age   1:    1360472 bytes,    1360472 total
- age   2:     485512 bytes,    1845984 total
- age   3:      61512 bytes,    1907496 total
: 35397K->2086K(38080K), 0.0150170 secs] 110863K->77553K(139776K), 0.0152344 secs] [Times: user=0.04 sys=0.00, real=0.02 secs] 
Heap after GC invocations=234 (full 4):
 par new generation   total 38080K, used 2086K [0x0000000085600000, 0x0000000087f50000, 0x000000009a2c0000)
  eden space 33856K,   0% used [0x0000000085600000, 0x0000000085600000, 0x0000000087710000)
  from space 4224K,  49% used [0x0000000087710000, 0x0000000087919ac8, 0x0000000087b30000)
  to   space 4224K,   0% used [0x0000000087b30000, 0x0000000087b30000, 0x0000000087f50000)
 concurrent mark-sweep generation total 101696K, used 75466K [0x000000009a2c0000, 0x00000000a0610000, 0x0000000100000000)
 Metaspace       used 97505K, capacity 102785K, committed 103084K, reserved 1138688K
  class space    used 12218K, capacity 13223K, committed 13280K, reserved 1048576K
}
2021-01-18T18:02:50.761+0000: 98.100: Total time for which application threads were stopped: 0.0157969 seconds, Stopping threads took: 0.0000568 seconds
2021-01-18T18:02:51.762+0000: 99.100: Total time for which application threads were stopped: 0.0003305 seconds, Stopping threads took: 0.0000567 seconds
{Heap before GC invocations=234 (full 4):
 par new generation   total 38080K, used 35942K [0x0000000085600000, 0x0000000087f50000, 0x000000009a2c0000)
  eden space 33856K, 100% used [0x0000000085600000, 0x0000000087710000, 0x0000000087710000)
  from space 4224K,  49% used [0x0000000087710000, 0x0000000087919ac8, 0x0000000087b30000)
  to   space 4224K,   0% used [0x0000000087b30000, 0x0000000087b30000, 0x0000000087f50000)
 concurrent mark-sweep generation total 101696K, used 75466K [0x000000009a2c0000, 0x00000000a0610000, 0x0000000100000000)
 Metaspace       used 98483K, capacity 103937K, committed 104236K, reserved 1140736K
  class space    used 12342K, capacity 13361K, committed 13408K, reserved 1048576K
2021-01-18T18:02:51.802+0000: 99.140: [GC (Allocation Failure) 2021-01-18T18:02:51.802+0000: 99.141: [ParNew
Desired survivor size 2162688 bytes, new threshold 6 (max 6)
- age   1:     578592 bytes,     578592 total
- age   2:     613264 bytes,    1191856 total
- age   3:     485096 bytes,    1676952 total
- age   4:      61512 bytes,    1738464 total
: 35942K->2263K(38080K), 0.0109927 secs] 111409K->77730K(139776K), 0.0111505 secs] [Times: user=0.03 sys=0.00, real=0.01 secs] 
Heap after GC invocations=235 (full 4):
 par new generation   total 38080K, used 2263K [0x0000000085600000, 0x0000000087f50000, 0x000000009a2c0000)
  eden space 33856K,   0% used [0x0000000085600000, 0x0000000085600000, 0x0000000087710000)
  from space 4224K,  53% used [0x0000000087b30000, 0x0000000087d65ec8, 0x0000000087f50000)
  to   space 4224K,   0% used [0x0000000087710000, 0x0000000087710000, 0x0000000087b30000)
 concurrent mark-sweep generation total 101696K, used 75466K [0x000000009a2c0000, 0x00000000a0610000, 0x0000000100000000)
 Metaspace       used 98483K, capacity 103937K, committed 104236K, reserved 1140736K
  class space    used 12342K, capacity 13361K, committed 13408K, reserved 1048576K
}
2021-01-18T18:02:51.813+0000: 99.152: Total time for which application threads were stopped: 0.0115416 seconds, Stopping threads took: 0.0000451 seconds
{Heap before GC invocations=235 (full 4):
 par new generation   total 38080K, used 36119K [0x0000000085600000, 0x0000000087f50000, 0x000000009a2c0000)
  eden space 33856K, 100% used [0x0000000085600000, 0x0000000087710000, 0x0000000087710000)
  from space 4224K,  53% used [0x0000000087b30000, 0x0000000087d65ec8, 0x0000000087f50000)
  to   space 4224K,   0% used [0x0000000087710000, 0x0000000087710000, 0x0000000087b30000)
 concurrent mark-sweep generation total 101696K, used 75466K [0x000000009a2c0000, 0x00000000a0610000, 0x0000000100000000)
 Metaspace       used 98794K, capacity 104229K, committed 104492K, reserved 1140736K
  class space    used 12375K, capacity 13393K, committed 13408K, reserved 1048576K
2021-01-18T18:02:52.064+0000: 99.403: [GC (Allocation Failure) 2021-01-18T18:02:52.065+0000: 99.403: [ParNew
Desired survivor size 2162688 bytes, new threshold 4 (max 6)
- age   1:     757320 bytes,     757320 total
- age   2:     394240 bytes,    1151560 total
- age   3:     601544 bytes,    1753104 total
- age   4:     485096 bytes,    2238200 total
- age   5:      61472 bytes,    2299672 total
: 36119K->2924K(38080K), 0.0084097 secs] 111586K->78390K(139776K), 0.0085103 secs] [Times: user=0.03 sys=0.00, real=0.01 secs] 
Heap after GC invocations=236 (full 4):
 par new generation   total 38080K, used 2924K [0x0000000085600000, 0x0000000087f50000, 0x000000009a2c0000)
  eden space 33856K,   0% used [0x0000000085600000, 0x0000000085600000, 0x0000000087710000)
  from space 4224K,  69% used [0x0000000087710000, 0x00000000879eb038, 0x0000000087b30000)
  to   space 4224K,   0% used [0x0000000087b30000, 0x0000000087b30000, 0x0000000087f50000)
 concurrent mark-sweep generation total 101696K, used 75466K [0x000000009a2c0000, 0x00000000a0610000, 0x0000000100000000)
 Metaspace       used 98794K, capacity 104229K, committed 104492K, reserved 1140736K
  class space    used 12375K, capacity 13393K, committed 13408K, reserved 1048576K
}
2021-01-18T18:02:52.073+0000: 99.412: Total time for which application threads were stopped: 0.0087499 seconds, Stopping threads took: 0.0000357 seconds
{Heap before GC invocations=236 (full 4):
 par new generation   total 38080K, used 36780K [0x0000000085600000, 0x0000000087f50000, 0x000000009a2c0000)
  eden space 33856K, 100% used [0x0000000085600000, 0x0000000087710000, 0x0000000087710000)
  from space 4224K,  69% used [0x0000000087710000, 0x00000000879eb038, 0x0000000087b30000)
  to   space 4224K,   0% used [0x0000000087b30000, 0x0000000087b30000, 0x0000000087f50000)
 concurrent mark-sweep generation total 101696K, used 75466K [0x000000009a2c0000, 0x00000000a0610000, 0x0000000100000000)
 Metaspace       used 99122K, capacity 104603K, committed 104876K, reserved 1140736K
  class space    used 12416K, capacity 13470K, committed 13536K, reserved 1048576K
2021-01-18T18:02:53.059+0000: 100.397: [GC (Allocation Failure) 2021-01-18T18:02:53.059+0000: 100.397: [ParNew
Desired survivor size 2162688 bytes, new threshold 4 (max 6)
- age   1:     989272 bytes,     989272 total
- age   2:     461944 bytes,    1451216 total
- age   3:     392296 bytes,    1843512 total
- age   4:     598856 bytes,    2442368 total
: 36780K->3523K(38080K), 0.0088659 secs] 112246K->79532K(139776K), 0.0089676 secs] [Times: user=0.02 sys=0.01, real=0.01 secs] 
Heap after GC invocations=237 (full 4):
 par new generation   total 38080K, used 3523K [0x0000000085600000, 0x0000000087f50000, 0x000000009a2c0000)
  eden space 33856K,   0% used [0x0000000085600000, 0x0000000085600000, 0x0000000087710000)
  from space 4224K,  83% used [0x0000000087b30000, 0x0000000087ea0c58, 0x0000000087f50000)
  to   space 4224K,   0% used [0x0000000087710000, 0x0000000087710000, 0x0000000087b30000)
 concurrent mark-sweep generation total 101696K, used 76009K [0x000000009a2c0000, 0x00000000a0610000, 0x0000000100000000)
 Metaspace       used 99122K, capacity 104603K, committed 104876K, reserved 1140736K
  class space    used 12416K, capacity 13470K, committed 13536K, reserved 1048576K
}
2021-01-18T18:02:53.068+0000: 100.406: Total time for which application threads were stopped: 0.0092092 seconds, Stopping threads took: 0.0000292 seconds
2021-01-18T18:02:53.667+0000: 101.005: Total time for which application threads were stopped: 0.0022823 seconds, Stopping threads took: 0.0000529 seconds
2021-01-18T18:02:54.668+0000: 102.007: Total time for which application threads were stopped: 0.0014417 seconds, Stopping threads took: 0.0011997 seconds
{Heap before GC invocations=237 (full 4):
 par new generation   total 38080K, used 37379K [0x0000000085600000, 0x0000000087f50000, 0x000000009a2c0000)
  eden space 33856K, 100% used [0x0000000085600000, 0x0000000087710000, 0x0000000087710000)
  from space 4224K,  83% used [0x0000000087b30000, 0x0000000087ea0c58, 0x0000000087f50000)
  to   space 4224K,   0% used [0x0000000087710000, 0x0000000087710000, 0x0000000087b30000)
 concurrent mark-sweep generation total 101696K, used 76009K [0x000000009a2c0000, 0x00000000a0610000, 0x0000000100000000)
 Metaspace       used 99966K, capacity 105401K, committed 105772K, reserved 1140736K
  class space    used 12507K, capacity 13541K, committed 13664K, reserved 1048576K
2021-01-18T18:02:54.859+0000: 102.198: [GC (Allocation Failure) 2021-01-18T18:02:54.860+0000: 102.198: [ParNew
Desired survivor size 2162688 bytes, new threshold 4 (max 6)
- age   1:     818120 bytes,     818120 total
- age   2:     520224 bytes,    1338344 total
- age   3:     460696 bytes,    1799040 total
- age   4:     392136 bytes,    2191176 total
: 37379K->2804K(38080K), 0.0054584 secs] 113388K->79406K(139776K), 0.0055380 secs] [Times: user=0.02 sys=0.00, real=0.00 secs] 
Heap after GC invocations=238 (full 4):
 par new generation   total 38080K, used 2804K [0x0000000085600000, 0x0000000087f50000, 0x000000009a2c0000)
  eden space 33856K,   0% used [0x0000000085600000, 0x0000000085600000, 0x0000000087710000)
  from space 4224K,  66% used [0x0000000087710000, 0x00000000879cd3f8, 0x0000000087b30000)
  to   space 4224K,   0% used [0x0000000087b30000, 0x0000000087b30000, 0x0000000087f50000)
 concurrent mark-sweep generation total 101696K, used 76601K [0x000000009a2c0000, 0x00000000a0610000, 0x0000000100000000)
 Metaspace       used 99966K, capacity 105401K, committed 105772K, reserved 1140736K
  class space    used 12507K, capacity 13541K, committed 13664K, reserved 1048576K
}
2021-01-18T18:02:54.865+0000: 102.204: Total time for which application threads were stopped: 0.0057014 seconds, Stopping threads took: 0.0000215 seconds
2021-01-18T18:02:54.865+0000: 102.204: [GC (CMS Initial Mark) [1 CMS-initial-mark: 76601K(101696K)] 80077K(139776K), 0.0020220 secs] [Times: user=0.01 sys=0.00, real=0.01 secs] 
2021-01-18T18:02:54.867+0000: 102.206: Total time for which application threads were stopped: 0.0021975 seconds, Stopping threads took: 0.0000522 seconds
2021-01-18T18:02:54.868+0000: 102.206: [CMS-concurrent-mark-start]
2021-01-18T18:02:54.995+0000: 102.333: [CMS-concurrent-mark: 0.127/0.127 secs] [Times: user=0.20 sys=0.00, real=0.12 secs] 
2021-01-18T18:02:54.995+0000: 102.333: [CMS-concurrent-preclean-start]
2021-01-18T18:02:54.996+0000: 102.335: [CMS-concurrent-preclean: 0.001/0.001 secs] [Times: user=0.00 sys=0.00, real=0.00 secs] 
2021-01-18T18:02:54.996+0000: 102.335: [CMS-concurrent-abortable-preclean-start]
{Heap before GC invocations=238 (full 5):
 par new generation   total 38080K, used 36660K [0x0000000085600000, 0x0000000087f50000, 0x000000009a2c0000)
  eden space 33856K, 100% used [0x0000000085600000, 0x0000000087710000, 0x0000000087710000)
  from space 4224K,  66% used [0x0000000087710000, 0x00000000879cd3f8, 0x0000000087b30000)
  to   space 4224K,   0% used [0x0000000087b30000, 0x0000000087b30000, 0x0000000087f50000)
 concurrent mark-sweep generation total 101696K, used 76601K [0x000000009a2c0000, 0x00000000a0610000, 0x0000000100000000)
 Metaspace       used 100370K, capacity 105849K, committed 106028K, reserved 1142784K
  class space    used 12563K, capacity 13605K, committed 13664K, reserved 1048576K
2021-01-18T18:02:55.084+0000: 102.422: [GC (Allocation Failure) 2021-01-18T18:02:55.084+0000: 102.422: [ParNew
Desired survivor size 2162688 bytes, new threshold 6 (max 6)
- age   1:     393152 bytes,     393152 total
- age   2:     342640 bytes,     735792 total
- age   3:     519392 bytes,    1255184 total
- age   4:     460720 bytes,    1715904 total
: 36660K->2734K(38080K), 0.0063077 secs] 113262K->79725K(139776K), 0.0063853 secs] [Times: user=0.02 sys=0.00, real=0.01 secs] 
Heap after GC invocations=239 (full 5):
 par new generation   total 38080K, used 2734K [0x0000000085600000, 0x0000000087f50000, 0x000000009a2c0000)
  eden space 33856K,   0% used [0x0000000085600000, 0x0000000085600000, 0x0000000087710000)
  from space 4224K,  64% used [0x0000000087b30000, 0x0000000087ddbb50, 0x0000000087f50000)
  to   space 4224K,   0% used [0x0000000087710000, 0x0000000087710000, 0x0000000087b30000)
 concurrent mark-sweep generation total 101696K, used 76990K [0x000000009a2c0000, 0x00000000a0610000, 0x0000000100000000)
 Metaspace       used 100370K, capacity 105849K, committed 106028K, reserved 1142784K
  class space    used 12563K, capacity 13605K, committed 13664K, reserved 1048576K
}
2021-01-18T18:02:55.090+0000: 102.429: Total time for which application threads were stopped: 0.0066070 seconds, Stopping threads took: 0.0000319 seconds
2021-01-18T18:02:55.235+0000: 102.574: [CMS-concurrent-abortable-preclean: 0.058/0.239 secs] [Times: user=0.32 sys=0.00, real=0.24 secs] 
2021-01-18T18:02:55.236+0000: 102.574: [GC (CMS Final Remark) [YG occupancy: 31624 K (38080 K)]2021-01-18T18:02:55.236+0000: 102.574: [Rescan (parallel) , 0.0051424 secs]2021-01-18T18:02:55.241+0000: 102.579: [weak refs processing, 0.0001777 secs]2021-01-18T18:02:55.241+0000: 102.580: [class unloading, 0.0134444 secs]2021-01-18T18:02:55.254+0000: 102.593: [scrub symbol table, 0.0219448 secs]2021-01-18T18:02:55.276+0000: 102.615: [scrub string table, 0.0012859 secs][1 CMS-remark: 76990K(101696K)] 108615K(139776K), 0.0421589 secs] [Times: user=0.06 sys=0.00, real=0.04 secs] 
2021-01-18T18:02:55.278+0000: 102.616: Total time for which application threads were stopped: 0.0423012 seconds, Stopping threads took: 0.0000298 seconds
2021-01-18T18:02:55.278+0000: 102.617: [CMS-concurrent-sweep-start]
{Heap before GC invocations=239 (full 5):
 par new generation   total 38080K, used 36590K [0x0000000085600000, 0x0000000087f50000, 0x000000009a2c0000)
  eden space 33856K, 100% used [0x0000000085600000, 0x0000000087710000, 0x0000000087710000)
  from space 4224K,  64% used [0x0000000087b30000, 0x0000000087ddbb50, 0x0000000087f50000)
  to   space 4224K,   0% used [0x0000000087710000, 0x0000000087710000, 0x0000000087b30000)
 concurrent mark-sweep generation total 101696K, used 73104K [0x000000009a2c0000, 0x00000000a0610000, 0x0000000100000000)
 Metaspace       used 100690K, capacity 106181K, committed 106412K, reserved 1142784K
  class space    used 12615K, capacity 13671K, committed 13792K, reserved 1048576K
2021-01-18T18:02:55.309+0000: 102.647: [GC (Allocation Failure) 2021-01-18T18:02:55.309+0000: 102.647: [ParNew
Desired survivor size 2162688 bytes, new threshold 6 (max 6)
- age   1:     193320 bytes,     193320 total
- age   2:     199568 bytes,     392888 total
- age   3:     331352 bytes,     724240 total
- age   4:     518608 bytes,    1242848 total
- age   5:     459960 bytes,    1702808 total
: 36590K->2292K(38080K), 0.0052413 secs] 109695K->75397K(139776K), 0.0053088 secs] [Times: user=0.02 sys=0.00, real=0.00 secs] 
Heap after GC invocations=240 (full 5):
 par new generation   total 38080K, used 2292K [0x0000000085600000, 0x0000000087f50000, 0x000000009a2c0000)
  eden space 33856K,   0% used [0x0000000085600000, 0x0000000085600000, 0x0000000087710000)
  from space 4224K,  54% used [0x0000000087710000, 0x000000008794d380, 0x0000000087b30000)
  to   space 4224K,   0% used [0x0000000087b30000, 0x0000000087b30000, 0x0000000087f50000)
 concurrent mark-sweep generation total 101696K, used 73104K [0x000000009a2c0000, 0x00000000a0610000, 0x0000000100000000)
 Metaspace       used 100690K, capacity 106181K, committed 106412K, reserved 1142784K
  class space    used 12615K, capacity 13671K, committed 13792K, reserved 1048576K
}
2021-01-18T18:02:55.314+0000: 102.653: Total time for which application threads were stopped: 0.0055157 seconds, Stopping threads took: 0.0000449 seconds
2021-01-18T18:02:55.332+0000: 102.670: [CMS-concurrent-sweep: 0.048/0.054 secs] [Times: user=0.20 sys=0.00, real=0.06 secs] 
2021-01-18T18:02:55.332+0000: 102.671: [CMS-concurrent-reset-start]
2021-01-18T18:02:55.336+0000: 102.674: [CMS-concurrent-reset: 0.004/0.004 secs] [Times: user=0.01 sys=0.00, real=0.00 secs] 
2021-01-18T18:02:56.315+0000: 103.653: Total time for which application threads were stopped: 0.0002230 seconds, Stopping threads took: 0.0000434 seconds
{Heap before GC invocations=240 (full 5):
 par new generation   total 38080K, used 36148K [0x0000000085600000, 0x0000000087f50000, 0x000000009a2c0000)
  eden space 33856K, 100% used [0x0000000085600000, 0x0000000087710000, 0x0000000087710000)
  from space 4224K,  54% used [0x0000000087710000, 0x000000008794d380, 0x0000000087b30000)
  to   space 4224K,   0% used [0x0000000087b30000, 0x0000000087b30000, 0x0000000087f50000)
 concurrent mark-sweep generation total 118092K, used 70854K [0x000000009a2c0000, 0x00000000a1613000, 0x0000000100000000)
 Metaspace       used 100949K, capacity 106423K, committed 106668K, reserved 1142784K
  class space    used 12665K, capacity 13706K, committed 13792K, reserved 1048576K
2021-01-18T18:02:56.366+0000: 103.705: [GC (Allocation Failure) 2021-01-18T18:02:56.366+0000: 103.705: [ParNew
Desired survivor size 2162688 bytes, new threshold 6 (max 6)
- age   1:     271144 bytes,     271144 total
- age   2:     133424 bytes,     404568 total
- age   3:     192704 bytes,     597272 total
- age   4:     328640 bytes,     925912 total
- age   5:     518880 bytes,    1444792 total
- age   6:     459936 bytes,    1904728 total
: 36148K->2619K(38080K), 0.0046494 secs] 107002K->73474K(156172K), 0.0047479 secs] [Times: user=0.02 sys=0.00, real=0.01 secs] 
Heap after GC invocations=241 (full 5):
 par new generation   total 38080K, used 2619K [0x0000000085600000, 0x0000000087f50000, 0x000000009a2c0000)
  eden space 33856K,   0% used [0x0000000085600000, 0x0000000085600000, 0x0000000087710000)
  from space 4224K,  62% used [0x0000000087b30000, 0x0000000087dbefe8, 0x0000000087f50000)
  to   space 4224K,   0% used [0x0000000087710000, 0x0000000087710000, 0x0000000087b30000)
 concurrent mark-sweep generation total 118092K, used 70854K [0x000000009a2c0000, 0x00000000a1613000, 0x0000000100000000)
 Metaspace       used 100949K, capacity 106423K, committed 106668K, reserved 1142784K
  class space    used 12665K, capacity 13706K, committed 13792K, reserved 1048576K
}
2021-01-18T18:02:56.371+0000: 103.709: Total time for which application threads were stopped: 0.0049739 seconds, Stopping threads took: 0.0000374 seconds
{Heap before GC invocations=241 (full 5):
 par new generation   total 38080K, used 36475K [0x0000000085600000, 0x0000000087f50000, 0x000000009a2c0000)
  eden space 33856K, 100% used [0x0000000085600000, 0x0000000087710000, 0x0000000087710000)
  from space 4224K,  62% used [0x0000000087b30000, 0x0000000087dbefe8, 0x0000000087f50000)
  to   space 4224K,   0% used [0x0000000087710000, 0x0000000087710000, 0x0000000087b30000)
 concurrent mark-sweep generation total 118092K, used 70854K [0x000000009a2c0000, 0x00000000a1613000, 0x0000000100000000)
 Metaspace       used 101071K, capacity 106573K, committed 106924K, reserved 1142784K
  class space    used 12669K, capacity 13709K, committed 13792K, reserved 1048576K
2021-01-18T18:02:56.536+0000: 103.875: [GC (Allocation Failure) 2021-01-18T18:02:56.536+0000: 103.875: [ParNew
Desired survivor size 2162688 bytes, new threshold 6 (max 6)
- age   1:     335920 bytes,     335920 total
- age   2:     180664 bytes,     516584 total
- age   3:     131016 bytes,     647600 total
- age   4:     192272 bytes,     839872 total
- age   5:     328600 bytes,    1168472 total
- age   6:     518608 bytes,    1687080 total
: 36475K->2610K(38080K), 0.0115410 secs] 107330K->73926K(156172K), 0.0116267 secs] [Times: user=0.03 sys=0.00, real=0.02 secs] 
Heap after GC invocations=242 (full 5):
 par new generation   total 38080K, used 2610K [0x0000000085600000, 0x0000000087f50000, 0x000000009a2c0000)
  eden space 33856K,   0% used [0x0000000085600000, 0x0000000085600000, 0x0000000087710000)
  from space 4224K,  61% used [0x0000000087710000, 0x000000008799c990, 0x0000000087b30000)
  to   space 4224K,   0% used [0x0000000087b30000, 0x0000000087b30000, 0x0000000087f50000)
 concurrent mark-sweep generation total 118092K, used 71316K [0x000000009a2c0000, 0x00000000a1613000, 0x0000000100000000)
 Metaspace       used 101071K, capacity 106573K, committed 106924K, reserved 1142784K
  class space    used 12669K, capacity 13709K, committed 13792K, reserved 1048576K
}
2021-01-18T18:02:56.548+0000: 103.886: Total time for which application threads were stopped: 0.0118910 seconds, Stopping threads took: 0.0000310 seconds
{Heap before GC invocations=242 (full 5):
 par new generation   total 38080K, used 36466K [0x0000000085600000, 0x0000000087f50000, 0x000000009a2c0000)
  eden space 33856K, 100% used [0x0000000085600000, 0x0000000087710000, 0x0000000087710000)
  from space 4224K,  61% used [0x0000000087710000, 0x000000008799c990, 0x0000000087b30000)
  to   space 4224K,   0% used [0x0000000087b30000, 0x0000000087b30000, 0x0000000087f50000)
 concurrent mark-sweep generation total 118092K, used 71316K [0x000000009a2c0000, 0x00000000a1613000, 0x0000000100000000)
 Metaspace       used 101146K, capacity 106673K, committed 106924K, reserved 1142784K
  class space    used 12673K, capacity 13715K, committed 13792K, reserved 1048576K
2021-01-18T18:02:56.695+0000: 104.034: [GC (Allocation Failure) 2021-01-18T18:02:56.695+0000: 104.034: [ParNew
Desired survivor size 2162688 bytes, new threshold 6 (max 6)
- age   1:     169048 bytes,     169048 total
- age   2:     197848 bytes,     366896 total
- age   3:     178944 bytes,     545840 total
- age   4:     130888 bytes,     676728 total
- age   5:     192272 bytes,     869000 total
- age   6:     328600 bytes,    1197600 total
: 36466K->2079K(38080K), 0.0090127 secs] 107782K->73908K(156172K), 0.0090997 secs] [Times: user=0.03 sys=0.00, real=0.01 secs] 
Heap after GC invocations=243 (full 5):
 par new generation   total 38080K, used 2079K [0x0000000085600000, 0x0000000087f50000, 0x000000009a2c0000)
  eden space 33856K,   0% used [0x0000000085600000, 0x0000000085600000, 0x0000000087710000)
  from space 4224K,  49% used [0x0000000087b30000, 0x0000000087d37d18, 0x0000000087f50000)
  to   space 4224K,   0% used [0x0000000087710000, 0x0000000087710000, 0x0000000087b30000)
 concurrent mark-sweep generation total 118092K, used 71829K [0x000000009a2c0000, 0x00000000a1613000, 0x0000000100000000)
 Metaspace       used 101146K, capacity 106673K, committed 106924K, reserved 1142784K
  class space    used 12673K, capacity 13715K, committed 13792K, reserved 1048576K
}
2021-01-18T18:02:56.704+0000: 104.043: Total time for which application threads were stopped: 0.0093415 seconds, Stopping threads took: 0.0000330 seconds
{Heap before GC invocations=243 (full 5):
 par new generation   total 38080K, used 35935K [0x0000000085600000, 0x0000000087f50000, 0x000000009a2c0000)
  eden space 33856K, 100% used [0x0000000085600000, 0x0000000087710000, 0x0000000087710000)
  from space 4224K,  49% used [0x0000000087b30000, 0x0000000087d37d18, 0x0000000087f50000)
  to   space 4224K,   0% used [0x0000000087710000, 0x0000000087710000, 0x0000000087b30000)
 concurrent mark-sweep generation total 118092K, used 71829K [0x000000009a2c0000, 0x00000000a1613000, 0x0000000100000000)
 Metaspace       used 101172K, capacity 106673K, committed 106924K, reserved 1142784K
  class space    used 12673K, capacity 13715K, committed 13792K, reserved 1048576K
2021-01-18T18:02:56.862+0000: 104.201: [GC (Allocation Failure) 2021-01-18T18:02:56.862+0000: 104.201: [ParNew
Desired survivor size 2162688 bytes, new threshold 6 (max 6)
- age   1:     209232 bytes,     209232 total
- age   2:     125016 bytes,     334248 total
- age   3:     195744 bytes,     529992 total
- age   4:     178544 bytes,     708536 total
- age   5:     130824 bytes,     839360 total
- age   6:     191232 bytes,    1030592 total
: 35935K->1286K(38080K), 0.0068453 secs] 107764K->73442K(156172K), 0.0069441 secs] [Times: user=0.02 sys=0.00, real=0.01 secs] 
Heap after GC invocations=244 (full 5):
 par new generation   total 38080K, used 1286K [0x0000000085600000, 0x0000000087f50000, 0x000000009a2c0000)
  eden space 33856K,   0% used [0x0000000085600000, 0x0000000085600000, 0x0000000087710000)
  from space 4224K,  30% used [0x0000000087710000, 0x0000000087851ab0, 0x0000000087b30000)
  to   space 4224K,   0% used [0x0000000087b30000, 0x0000000087b30000, 0x0000000087f50000)
 concurrent mark-sweep generation total 118092K, used 72156K [0x000000009a2c0000, 0x00000000a1613000, 0x0000000100000000)
 Metaspace       used 101172K, capacity 106673K, committed 106924K, reserved 1142784K
  class space    used 12673K, capacity 13715K, committed 13792K, reserved 1048576K
}
2021-01-18T18:02:56.869+0000: 104.208: Total time for which application threads were stopped: 0.0071622 seconds, Stopping threads took: 0.0000361 seconds
{Heap before GC invocations=244 (full 5):
 par new generation   total 38080K, used 35142K [0x0000000085600000, 0x0000000087f50000, 0x000000009a2c0000)
  eden space 33856K, 100% used [0x0000000085600000, 0x0000000087710000, 0x0000000087710000)
  from space 4224K,  30% used [0x0000000087710000, 0x0000000087851ab0, 0x0000000087b30000)
  to   space 4224K,   0% used [0x0000000087b30000, 0x0000000087b30000, 0x0000000087f50000)
 concurrent mark-sweep generation total 118092K, used 72156K [0x000000009a2c0000, 0x00000000a1613000, 0x0000000100000000)
 Metaspace       used 101253K, capacity 106807K, committed 106924K, reserved 1142784K
  class space    used 12674K, capacity 13716K, committed 13792K, reserved 1048576K
2021-01-18T18:02:57.024+0000: 104.362: [GC (Allocation Failure) 2021-01-18T18:02:57.024+0000: 104.362: [ParNew
Desired survivor size 2162688 bytes, new threshold 6 (max 6)
- age   1:     254544 bytes,     254544 total
- age   2:     148008 bytes,     402552 total
- age   3:     123376 bytes,     525928 total
- age   4:     193424 bytes,     719352 total
- age   5:     177952 bytes,     897304 total
- age   6:     129832 bytes,    1027136 total
: 35142K->1221K(38080K), 0.0071075 secs] 107298K->73568K(156172K), 0.0071898 secs] [Times: user=0.03 sys=0.00, real=0.01 secs] 
Heap after GC invocations=245 (full 5):
 par new generation   total 38080K, used 1221K [0x0000000085600000, 0x0000000087f50000, 0x000000009a2c0000)
  eden space 33856K,   0% used [0x0000000085600000, 0x0000000085600000, 0x0000000087710000)
  from space 4224K,  28% used [0x0000000087b30000, 0x0000000087c61520, 0x0000000087f50000)
  to   space 4224K,   0% used [0x0000000087710000, 0x0000000087710000, 0x0000000087b30000)
 concurrent mark-sweep generation total 118092K, used 72346K [0x000000009a2c0000, 0x00000000a1613000, 0x0000000100000000)
 Metaspace       used 101253K, capacity 106807K, committed 106924K, reserved 1142784K
  class space    used 12674K, capacity 13716K, committed 13792K, reserved 1048576K
}
2021-01-18T18:02:57.031+0000: 104.370: Total time for which application threads were stopped: 0.0089218 seconds, Stopping threads took: 0.0014180 seconds
{Heap before GC invocations=245 (full 5):
 par new generation   total 38080K, used 35077K [0x0000000085600000, 0x0000000087f50000, 0x000000009a2c0000)
  eden space 33856K, 100% used [0x0000000085600000, 0x0000000087710000, 0x0000000087710000)
  from space 4224K,  28% used [0x0000000087b30000, 0x0000000087c61520, 0x0000000087f50000)
  to   space 4224K,   0% used [0x0000000087710000, 0x0000000087710000, 0x0000000087b30000)
 concurrent mark-sweep generation total 118092K, used 72346K [0x000000009a2c0000, 0x00000000a1613000, 0x0000000100000000)
 Metaspace       used 101287K, capacity 106807K, committed 106924K, reserved 1142784K
  class space    used 12675K, capacity 13716K, committed 13792K, reserved 1048576K
2021-01-18T18:02:57.145+0000: 104.483: [GC (Allocation Failure) 2021-01-18T18:02:57.145+0000: 104.483: [ParNew
Desired survivor size 2162688 bytes, new threshold 6 (max 6)
- age   1:     188616 bytes,     188616 total
- age   2:     178728 bytes,     367344 total
- age   3:     147912 bytes,     515256 total
- age   4:     123184 bytes,     638440 total
- age   5:     193424 bytes,     831864 total
- age   6:     177904 bytes,    1009768 total
: 35077K->1224K(38080K), 0.0047307 secs] 107424K->73701K(156172K), 0.0048375 secs] [Times: user=0.02 sys=0.00, real=0.01 secs] 
Heap after GC invocations=246 (full 5):
 par new generation   total 38080K, used 1224K [0x0000000085600000, 0x0000000087f50000, 0x000000009a2c0000)
  eden space 33856K,   0% used [0x0000000085600000, 0x0000000085600000, 0x0000000087710000)
  from space 4224K,  28% used [0x0000000087710000, 0x0000000087842030, 0x0000000087b30000)
  to   space 4224K,   0% used [0x0000000087b30000, 0x0000000087b30000, 0x0000000087f50000)
 concurrent mark-sweep generation total 118092K, used 72477K [0x000000009a2c0000, 0x00000000a1613000, 0x0000000100000000)
 Metaspace       used 101287K, capacity 106807K, committed 106924K, reserved 1142784K
  class space    used 12675K, capacity 13716K, committed 13792K, reserved 1048576K
}
2021-01-18T18:02:57.150+0000: 104.488: Total time for which application threads were stopped: 0.0050822 seconds, Stopping threads took: 0.0000417 seconds
{Heap before GC invocations=246 (full 5):
 par new generation   total 38080K, used 35080K [0x0000000085600000, 0x0000000087f50000, 0x000000009a2c0000)
  eden space 33856K, 100% used [0x0000000085600000, 0x0000000087710000, 0x0000000087710000)
  from space 4224K,  28% used [0x0000000087710000, 0x0000000087842030, 0x0000000087b30000)
  to   space 4224K,   0% used [0x0000000087b30000, 0x0000000087b30000, 0x0000000087f50000)
 concurrent mark-sweep generation total 118092K, used 72477K [0x000000009a2c0000, 0x00000000a1613000, 0x0000000100000000)
 Metaspace       used 101319K, capacity 106871K, committed 107180K, reserved 1142784K
  class space    used 12677K, capacity 13716K, committed 13792K, reserved 1048576K
2021-01-18T18:02:57.256+0000: 104.595: [GC (Allocation Failure) 2021-01-18T18:02:57.256+0000: 104.595: [ParNew
Desired survivor size 2162688 bytes, new threshold 6 (max 6)
- age   1:     263440 bytes,     263440 total
- age   2:      95736 bytes,     359176 total
- age   3:     177120 bytes,     536296 total
- age   4:     147816 bytes,     684112 total
- age   5:     122896 bytes,     807008 total
- age   6:     193368 bytes,    1000376 total
: 35080K->1478K(38080K), 0.0068038 secs] 107557K->74133K(156172K), 0.0068776 secs] [Times: user=0.03 sys=0.00, real=0.01 secs] 
Heap after GC invocations=247 (full 5):
 par new generation   total 38080K, used 1478K [0x0000000085600000, 0x0000000087f50000, 0x000000009a2c0000)
  eden space 33856K,   0% used [0x0000000085600000, 0x0000000085600000, 0x0000000087710000)
  from space 4224K,  34% used [0x0000000087b30000, 0x0000000087ca1960, 0x0000000087f50000)
  to   space 4224K,   0% used [0x0000000087710000, 0x0000000087710000, 0x0000000087b30000)
 concurrent mark-sweep generation total 118092K, used 72655K [0x000000009a2c0000, 0x00000000a1613000, 0x0000000100000000)
 Metaspace       used 101319K, capacity 106871K, committed 107180K, reserved 1142784K
  class space    used 12677K, capacity 13716K, committed 13792K, reserved 1048576K
}
2021-01-18T18:02:57.263+0000: 104.602: Total time for which application threads were stopped: 0.0071503 seconds, Stopping threads took: 0.0000563 seconds
{Heap before GC invocations=247 (full 5):
 par new generation   total 38080K, used 35334K [0x0000000085600000, 0x0000000087f50000, 0x000000009a2c0000)
  eden space 33856K, 100% used [0x0000000085600000, 0x0000000087710000, 0x0000000087710000)
  from space 4224K,  34% used [0x0000000087b30000, 0x0000000087ca1960, 0x0000000087f50000)
  to   space 4224K,   0% used [0x0000000087710000, 0x0000000087710000, 0x0000000087b30000)
 concurrent mark-sweep generation total 118092K, used 72655K [0x000000009a2c0000, 0x00000000a1613000, 0x0000000100000000)
 Metaspace       used 101350K, capacity 106871K, committed 107180K, reserved 1142784K
  class space    used 12679K, capacity 13716K, committed 13792K, reserved 1048576K
2021-01-18T18:02:57.367+0000: 104.705: [GC (Allocation Failure) 2021-01-18T18:02:57.367+0000: 104.705: [ParNew
Desired survivor size 2162688 bytes, new threshold 6 (max 6)
- age   1:     246256 bytes,     246256 total
- age   2:     145376 bytes,     391632 total
- age   3:      94872 bytes,     486504 total
- age   4:     176560 bytes,     663064 total
- age   5:     147816 bytes,     810880 total
- age   6:     122896 bytes,     933776 total
: 35334K->1445K(38080K), 0.0065204 secs] 107989K->74294K(156172K), 0.0066017 secs] [Times: user=0.02 sys=0.00, real=0.00 secs] 
Heap after GC invocations=248 (full 5):
 par new generation   total 38080K, used 1445K [0x0000000085600000, 0x0000000087f50000, 0x000000009a2c0000)
  eden space 33856K,   0% used [0x0000000085600000, 0x0000000085600000, 0x0000000087710000)
  from space 4224K,  34% used [0x0000000087710000, 0x00000000878797a0, 0x0000000087b30000)
  to   space 4224K,   0% used [0x0000000087b30000, 0x0000000087b30000, 0x0000000087f50000)
 concurrent mark-sweep generation total 118092K, used 72848K [0x000000009a2c0000, 0x00000000a1613000, 0x0000000100000000)
 Metaspace       used 101350K, capacity 106871K, committed 107180K, reserved 1142784K
  class space    used 12679K, capacity 13716K, committed 13792K, reserved 1048576K
}
2021-01-18T18:02:57.374+0000: 104.712: Total time for which application threads were stopped: 0.0067929 seconds, Stopping threads took: 0.0000322 seconds
{Heap before GC invocations=248 (full 5):
 par new generation   total 38080K, used 35301K [0x0000000085600000, 0x0000000087f50000, 0x000000009a2c0000)
  eden space 33856K, 100% used [0x0000000085600000, 0x0000000087710000, 0x0000000087710000)
  from space 4224K,  34% used [0x0000000087710000, 0x00000000878797a0, 0x0000000087b30000)
  to   space 4224K,   0% used [0x0000000087b30000, 0x0000000087b30000, 0x0000000087f50000)
 concurrent mark-sweep generation total 118092K, used 72848K [0x000000009a2c0000, 0x00000000a1613000, 0x0000000100000000)
 Metaspace       used 101385K, capacity 106935K, committed 107180K, reserved 1142784K
  class space    used 12679K, capacity 13716K, committed 13792K, reserved 1048576K
2021-01-18T18:02:57.489+0000: 104.827: [GC (Allocation Failure) 2021-01-18T18:02:57.489+0000: 104.827: [ParNew
Desired survivor size 2162688 bytes, new threshold 6 (max 6)
- age   1:     222216 bytes,     222216 total
- age   2:     113504 bytes,     335720 total
- age   3:     144520 bytes,     480240 total
- age   4:      94784 bytes,     575024 total
- age   5:     176560 bytes,     751584 total
- age   6:     147128 bytes,     898712 total
: 35301K->922K(38080K), 0.0179872 secs] 108150K->73893K(156172K), 0.0180818 secs] [Times: user=0.05 sys=0.00, real=0.02 secs] 
Heap after GC invocations=249 (full 5):
 par new generation   total 38080K, used 922K [0x0000000085600000, 0x0000000087f50000, 0x000000009a2c0000)
  eden space 33856K,   0% used [0x0000000085600000, 0x0000000085600000, 0x0000000087710000)
  from space 4224K,  21% used [0x0000000087b30000, 0x0000000087c169c0, 0x0000000087f50000)
  to   space 4224K,   0% used [0x0000000087710000, 0x0000000087710000, 0x0000000087b30000)
 concurrent mark-sweep generation total 118092K, used 72971K [0x000000009a2c0000, 0x00000000a1613000, 0x0000000100000000)
 Metaspace       used 101385K, capacity 106935K, committed 107180K, reserved 1142784K
  class space    used 12679K, capacity 13716K, committed 13792K, reserved 1048576K
}
2021-01-18T18:02:57.507+0000: 104.845: Total time for which application threads were stopped: 0.0183334 seconds, Stopping threads took: 0.0000524 seconds
{Heap before GC invocations=249 (full 5):
 par new generation   total 38080K, used 34778K [0x0000000085600000, 0x0000000087f50000, 0x000000009a2c0000)
  eden space 33856K, 100% used [0x0000000085600000, 0x0000000087710000, 0x0000000087710000)
  from space 4224K,  21% used [0x0000000087b30000, 0x0000000087c169c0, 0x0000000087f50000)
  to   space 4224K,   0% used [0x0000000087710000, 0x0000000087710000, 0x0000000087b30000)
 concurrent mark-sweep generation total 118092K, used 72971K [0x000000009a2c0000, 0x00000000a1613000, 0x0000000100000000)
 Metaspace       used 101432K, capacity 106941K, committed 107180K, reserved 1142784K
  class space    used 12681K, capacity 13717K, committed 13792K, reserved 1048576K
2021-01-18T18:02:57.648+0000: 104.986: [GC (Allocation Failure) 2021-01-18T18:02:57.648+0000: 104.986: [ParNew
Desired survivor size 2162688 bytes, new threshold 6 (max 6)
- age   1:     175832 bytes,     175832 total
- age   2:      98408 bytes,     274240 total
- age   3:     111600 bytes,     385840 total
- age   4:     144456 bytes,     530296 total
- age   5:      94784 bytes,     625080 total
- age   6:     175280 bytes,     800360 total
: 34778K->1109K(38080K), 0.0069277 secs] 107749K->74227K(156172K), 0.0070184 secs] [Times: user=0.03 sys=0.00, real=0.00 secs] 
Heap after GC invocations=250 (full 5):
 par new generation   total 38080K, used 1109K [0x0000000085600000, 0x0000000087f50000, 0x000000009a2c0000)
  eden space 33856K,   0% used [0x0000000085600000, 0x0000000085600000, 0x0000000087710000)
  from space 4224K,  26% used [0x0000000087710000, 0x0000000087825578, 0x0000000087b30000)
  to   space 4224K,   0% used [0x0000000087b30000, 0x0000000087b30000, 0x0000000087f50000)
 concurrent mark-sweep generation total 118092K, used 73118K [0x000000009a2c0000, 0x00000000a1613000, 0x0000000100000000)
 Metaspace       used 101432K, capacity 106941K, committed 107180K, reserved 1142784K
  class space    used 12681K, capacity 13717K, committed 13792K, reserved 1048576K
}
2021-01-18T18:02:57.655+0000: 104.993: Total time for which application threads were stopped: 0.0072648 seconds, Stopping threads took: 0.0000362 seconds
{Heap before GC invocations=250 (full 5):
 par new generation   total 38080K, used 34965K [0x0000000085600000, 0x0000000087f50000, 0x000000009a2c0000)
  eden space 33856K, 100% used [0x0000000085600000, 0x0000000087710000, 0x0000000087710000)
  from space 4224K,  26% used [0x0000000087710000, 0x0000000087825578, 0x0000000087b30000)
  to   space 4224K,   0% used [0x0000000087b30000, 0x0000000087b30000, 0x0000000087f50000)
 concurrent mark-sweep generation total 118092K, used 73118K [0x000000009a2c0000, 0x00000000a1613000, 0x0000000100000000)
 Metaspace       used 101602K, capacity 107107K, committed 107180K, reserved 1142784K
  class space    used 12705K, capacity 13750K, committed 13792K, reserved 1048576K
2021-01-18T18:02:57.824+0000: 105.163: [GC (Allocation Failure) 2021-01-18T18:02:57.824+0000: 105.163: [ParNew
Desired survivor size 2162688 bytes, new threshold 6 (max 6)
- age   1:     506152 bytes,     506152 total
- age   2:     136440 bytes,     642592 total
- age   3:      96600 bytes,     739192 total
- age   4:     107920 bytes,     847112 total
- age   5:     141888 bytes,     989000 total
- age   6:      94480 bytes,    1083480 total
: 34965K->1223K(38080K), 0.0051293 secs] 108083K->74514K(156172K), 0.0052286 secs] [Times: user=0.02 sys=0.00, real=0.01 secs] 
Heap after GC invocations=251 (full 5):
 par new generation   total 38080K, used 1223K [0x0000000085600000, 0x0000000087f50000, 0x000000009a2c0000)
  eden space 33856K,   0% used [0x0000000085600000, 0x0000000085600000, 0x0000000087710000)
  from space 4224K,  28% used [0x0000000087b30000, 0x0000000087c61c80, 0x0000000087f50000)
  to   space 4224K,   0% used [0x0000000087710000, 0x0000000087710000, 0x0000000087b30000)
 concurrent mark-sweep generation total 118092K, used 73291K [0x000000009a2c0000, 0x00000000a1613000, 0x0000000100000000)
 Metaspace       used 101602K, capacity 107107K, committed 107180K, reserved 1142784K
  class space    used 12705K, capacity 13750K, committed 13792K, reserved 1048576K
}
2021-01-18T18:02:57.829+0000: 105.168: Total time for which application threads were stopped: 0.0055446 seconds, Stopping threads took: 0.0000494 seconds
{Heap before GC invocations=251 (full 5):
 par new generation   total 38080K, used 35079K [0x0000000085600000, 0x0000000087f50000, 0x000000009a2c0000)
  eden space 33856K, 100% used [0x0000000085600000, 0x0000000087710000, 0x0000000087710000)
  from space 4224K,  28% used [0x0000000087b30000, 0x0000000087c61c80, 0x0000000087f50000)
  to   space 4224K,   0% used [0x0000000087710000, 0x0000000087710000, 0x0000000087b30000)
 concurrent mark-sweep generation total 118092K, used 73291K [0x000000009a2c0000, 0x00000000a1613000, 0x0000000100000000)
 Metaspace       used 101630K, capacity 107171K, committed 107436K, reserved 1142784K
  class space    used 12705K, capacity 13750K, committed 13792K, reserved 1048576K
2021-01-18T18:02:57.945+0000: 105.283: [GC (Allocation Failure) 2021-01-18T18:02:57.945+0000: 105.283: [ParNew
Desired survivor size 2162688 bytes, new threshold 6 (max 6)
- age   1:     175280 bytes,     175280 total
- age   2:     358984 bytes,     534264 total
- age   3:     135336 bytes,     669600 total
- age   4:      96344 bytes,     765944 total
- age   5:     107744 bytes,     873688 total
- age   6:     141888 bytes,    1015576 total
: 35079K->1464K(38080K), 0.0087772 secs] 108370K->74850K(156172K), 0.0088717 secs] [Times: user=0.02 sys=0.00, real=0.01 secs] 
Heap after GC invocations=252 (full 5):
 par new generation   total 38080K, used 1464K [0x0000000085600000, 0x0000000087f50000, 0x000000009a2c0000)
  eden space 33856K,   0% used [0x0000000085600000, 0x0000000085600000, 0x0000000087710000)
  from space 4224K,  34% used [0x0000000087710000, 0x000000008787e280, 0x0000000087b30000)
  to   space 4224K,   0% used [0x0000000087b30000, 0x0000000087b30000, 0x0000000087f50000)
 concurrent mark-sweep generation total 118092K, used 73386K [0x000000009a2c0000, 0x00000000a1613000, 0x0000000100000000)
 Metaspace       used 101630K, capacity 107171K, committed 107436K, reserved 1142784K
  class space    used 12705K, capacity 13750K, committed 13792K, reserved 1048576K
}
2021-01-18T18:02:57.954+0000: 105.292: Total time for which application threads were stopped: 0.0091198 seconds, Stopping threads took: 0.0000351 seconds
{Heap before GC invocations=252 (full 5):
 par new generation   total 38080K, used 35320K [0x0000000085600000, 0x0000000087f50000, 0x000000009a2c0000)
  eden space 33856K, 100% used [0x0000000085600000, 0x0000000087710000, 0x0000000087710000)
  from space 4224K,  34% used [0x0000000087710000, 0x000000008787e280, 0x0000000087b30000)
  to   space 4224K,   0% used [0x0000000087b30000, 0x0000000087b30000, 0x0000000087f50000)
 concurrent mark-sweep generation total 118092K, used 73386K [0x000000009a2c0000, 0x00000000a1613000, 0x0000000100000000)
 Metaspace       used 101673K, capacity 107177K, committed 107436K, reserved 1142784K
  class space    used 12707K, capacity 13751K, committed 13792K, reserved 1048576K
2021-01-18T18:02:58.081+0000: 105.420: [GC (Allocation Failure) 2021-01-18T18:02:58.081+0000: 105.420: [ParNew
Desired survivor size 2162688 bytes, new threshold 6 (max 6)
- age   1:     222632 bytes,     222632 total
- age   2:     103120 bytes,     325752 total
- age   3:     356168 bytes,     681920 total
- age   4:     134872 bytes,     816792 total
- age   5:      96344 bytes,     913136 total
- age   6:     107744 bytes,    1020880 total
: 35320K->1245K(38080K), 0.0049506 secs] 108706K->74773K(156172K), 0.0050319 secs] [Times: user=0.02 sys=0.00, real=0.01 secs] 
Heap after GC invocations=253 (full 5):
 par new generation   total 38080K, used 1245K [0x0000000085600000, 0x0000000087f50000, 0x000000009a2c0000)
  eden space 33856K,   0% used [0x0000000085600000, 0x0000000085600000, 0x0000000087710000)
  from space 4224K,  29% used [0x0000000087b30000, 0x0000000087c677d0, 0x0000000087f50000)
  to   space 4224K,   0% used [0x0000000087710000, 0x0000000087710000, 0x0000000087b30000)
 concurrent mark-sweep generation total 118092K, used 73527K [0x000000009a2c0000, 0x00000000a1613000, 0x0000000100000000)
 Metaspace       used 101673K, capacity 107177K, committed 107436K, reserved 1142784K
  class space    used 12707K, capacity 13751K, committed 13792K, reserved 1048576K
}
2021-01-18T18:02:58.087+0000: 105.425: Total time for which application threads were stopped: 0.0052604 seconds, Stopping threads took: 0.0000371 seconds
{Heap before GC invocations=253 (full 5):
 par new generation   total 38080K, used 35101K [0x0000000085600000, 0x0000000087f50000, 0x000000009a2c0000)
  eden space 33856K, 100% used [0x0000000085600000, 0x0000000087710000, 0x0000000087710000)
  from space 4224K,  29% used [0x0000000087b30000, 0x0000000087c677d0, 0x0000000087f50000)
  to   space 4224K,   0% used [0x0000000087710000, 0x0000000087710000, 0x0000000087b30000)
 concurrent mark-sweep generation total 118092K, used 73527K [0x000000009a2c0000, 0x00000000a1613000, 0x0000000100000000)
 Metaspace       used 101679K, capacity 107177K, committed 107436K, reserved 1142784K
  class space    used 12707K, capacity 13751K, committed 13792K, reserved 1048576K
2021-01-18T18:02:58.205+0000: 105.543: [GC (Allocation Failure) 2021-01-18T18:02:58.205+0000: 105.543: [ParNew
Desired survivor size 2162688 bytes, new threshold 6 (max 6)
- age   1:     137896 bytes,     137896 total
- age   2:     133976 bytes,     271872 total
- age   3:     102928 bytes,     374800 total
- age   4:     355528 bytes,     730328 total
- age   5:     134872 bytes,     865200 total
- age   6:      96344 bytes,     961544 total
: 35101K->1453K(38080K), 0.0032104 secs] 108629K->75089K(156172K), 0.0033054 secs] [Times: user=0.02 sys=0.00, real=0.01 secs] 
Heap after GC invocations=254 (full 5):
 par new generation   total 38080K, used 1453K [0x0000000085600000, 0x0000000087f50000, 0x000000009a2c0000)
  eden space 33856K,   0% used [0x0000000085600000, 0x0000000085600000, 0x0000000087710000)
  from space 4224K,  34% used [0x0000000087710000, 0x000000008787b7e0, 0x0000000087b30000)
  to   space 4224K,   0% used [0x0000000087b30000, 0x0000000087b30000, 0x0000000087f50000)
 concurrent mark-sweep generation total 118092K, used 73635K [0x000000009a2c0000, 0x00000000a1613000, 0x0000000100000000)
 Metaspace       used 101679K, capacity 107177K, committed 107436K, reserved 1142784K
  class space    used 12707K, capacity 13751K, committed 13792K, reserved 1048576K
}
2021-01-18T18:02:58.208+0000: 105.546: Total time for which application threads were stopped: 0.0035531 seconds, Stopping threads took: 0.0000463 seconds
{Heap before GC invocations=254 (full 5):
 par new generation   total 38080K, used 35309K [0x0000000085600000, 0x0000000087f50000, 0x000000009a2c0000)
  eden space 33856K, 100% used [0x0000000085600000, 0x0000000087710000, 0x0000000087710000)
  from space 4224K,  34% used [0x0000000087710000, 0x000000008787b7e0, 0x0000000087b30000)
  to   space 4224K,   0% used [0x0000000087b30000, 0x0000000087b30000, 0x0000000087f50000)
 concurrent mark-sweep generation total 118092K, used 73635K [0x000000009a2c0000, 0x00000000a1613000, 0x0000000100000000)
 Metaspace       used 101744K, capacity 107241K, committed 107436K, reserved 1142784K
  class space    used 12712K, capacity 13751K, committed 13792K, reserved 1048576K
2021-01-18T18:02:58.351+0000: 105.690: [GC (Allocation Failure) 2021-01-18T18:02:58.351+0000: 105.690: [ParNew
Desired survivor size 2162688 bytes, new threshold 6 (max 6)
- age   1:     320744 bytes,     320744 total
- age   2:      75736 bytes,     396480 total
- age   3:     131760 bytes,     528240 total
- age   4:     101256 bytes,     629496 total
- age   5:     342344 bytes,     971840 total
- age   6:     134008 bytes,    1105848 total
: 35309K->1660K(38080K), 0.0054116 secs] 108945K->75390K(156172K), 0.0054979 secs] [Times: user=0.02 sys=0.00, real=0.00 secs] 
Heap after GC invocations=255 (full 5):
 par new generation   total 38080K, used 1660K [0x0000000085600000, 0x0000000087f50000, 0x000000009a2c0000)
  eden space 33856K,   0% used [0x0000000085600000, 0x0000000085600000, 0x0000000087710000)
  from space 4224K,  39% used [0x0000000087b30000, 0x0000000087ccf020, 0x0000000087f50000)
  to   space 4224K,   0% used [0x0000000087710000, 0x0000000087710000, 0x0000000087b30000)
 concurrent mark-sweep generation total 118092K, used 73730K [0x000000009a2c0000, 0x00000000a1613000, 0x0000000100000000)
 Metaspace       used 101744K, capacity 107241K, committed 107436K, reserved 1142784K
  class space    used 12712K, capacity 13751K, committed 13792K, reserved 1048576K
}
2021-01-18T18:02:58.357+0000: 105.695: Total time for which application threads were stopped: 0.0057419 seconds, Stopping threads took: 0.0000358 seconds
{Heap before GC invocations=255 (full 5):
 par new generation   total 38080K, used 35516K [0x0000000085600000, 0x0000000087f50000, 0x000000009a2c0000)
  eden space 33856K, 100% used [0x0000000085600000, 0x0000000087710000, 0x0000000087710000)
  from space 4224K,  39% used [0x0000000087b30000, 0x0000000087ccf020, 0x0000000087f50000)
  to   space 4224K,   0% used [0x0000000087710000, 0x0000000087710000, 0x0000000087b30000)
 concurrent mark-sweep generation total 118092K, used 73730K [0x000000009a2c0000, 0x00000000a1613000, 0x0000000100000000)
 Metaspace       used 101788K, capacity 107305K, committed 107436K, reserved 1142784K
  class space    used 12714K, capacity 13751K, committed 13792K, reserved 1048576K
2021-01-18T18:02:58.497+0000: 105.835: [GC (Allocation Failure) 2021-01-18T18:02:58.497+0000: 105.835: [ParNew
Desired survivor size 2162688 bytes, new threshold 6 (max 6)
- age   1:     303120 bytes,     303120 total
- age   2:     283152 bytes,     586272 total
- age   3:      75352 bytes,     661624 total
- age   4:     131088 bytes,     792712 total
- age   5:     101144 bytes,     893856 total
- age   6:     336440 bytes,    1230296 total
: 35516K->1562K(38080K), 0.0048858 secs] 109246K->75426K(156172K), 0.0049751 secs] [Times: user=0.02 sys=0.00, real=0.01 secs] 
Heap after GC invocations=256 (full 5):
 par new generation   total 38080K, used 1562K [0x0000000085600000, 0x0000000087f50000, 0x000000009a2c0000)
  eden space 33856K,   0% used [0x0000000085600000, 0x0000000085600000, 0x0000000087710000)
  from space 4224K,  36% used [0x0000000087710000, 0x0000000087896ae0, 0x0000000087b30000)
  to   space 4224K,   0% used [0x0000000087b30000, 0x0000000087b30000, 0x0000000087f50000)
 concurrent mark-sweep generation total 118092K, used 73863K [0x000000009a2c0000, 0x00000000a1613000, 0x0000000100000000)
 Metaspace       used 101788K, capacity 107305K, committed 107436K, reserved 1142784K
  class space    used 12714K, capacity 13751K, committed 13792K, reserved 1048576K
}
2021-01-18T18:02:58.502+0000: 105.840: Total time for which application threads were stopped: 0.0052650 seconds, Stopping threads took: 0.0000362 seconds
{Heap before GC invocations=256 (full 5):
 par new generation   total 38080K, used 35418K [0x0000000085600000, 0x0000000087f50000, 0x000000009a2c0000)
  eden space 33856K, 100% used [0x0000000085600000, 0x0000000087710000, 0x0000000087710000)
  from space 4224K,  36% used [0x0000000087710000, 0x0000000087896ae0, 0x0000000087b30000)
  to   space 4224K,   0% used [0x0000000087b30000, 0x0000000087b30000, 0x0000000087f50000)
 concurrent mark-sweep generation total 118092K, used 73863K [0x000000009a2c0000, 0x00000000a1613000, 0x0000000100000000)
 Metaspace       used 101805K, capacity 107311K, committed 107436K, reserved 1142784K
  class space    used 12715K, capacity 13752K, committed 13792K, reserved 1048576K
2021-01-18T18:02:58.618+0000: 105.957: [GC (Allocation Failure) 2021-01-18T18:02:58.618+0000: 105.957: [ParNew
Desired survivor size 2162688 bytes, new threshold 6 (max 6)
- age   1:     259440 bytes,     259440 total
- age   2:     198128 bytes,     457568 total
- age   3:     282688 bytes,     740256 total
- age   4:      75352 bytes,     815608 total
- age   5:     131088 bytes,     946696 total
- age   6:     101096 bytes,    1047792 total
: 35418K->1433K(38080K), 0.0052049 secs] 109282K->75634K(156172K), 0.0053044 secs] [Times: user=0.01 sys=0.00, real=0.00 secs] 
Heap after GC invocations=257 (full 5):
 par new generation   total 38080K, used 1433K [0x0000000085600000, 0x0000000087f50000, 0x000000009a2c0000)
  eden space 33856K,   0% used [0x0000000085600000, 0x0000000085600000, 0x0000000087710000)
  from space 4224K,  33% used [0x0000000087b30000, 0x0000000087c964e0, 0x0000000087f50000)
  to   space 4224K,   0% used [0x0000000087710000, 0x0000000087710000, 0x0000000087b30000)
 concurrent mark-sweep generation total 118092K, used 74201K [0x000000009a2c0000, 0x00000000a1613000, 0x0000000100000000)
 Metaspace       used 101805K, capacity 107311K, committed 107436K, reserved 1142784K
  class space    used 12715K, capacity 13752K, committed 13792K, reserved 1048576K
}
2021-01-18T18:02:58.624+0000: 105.962: Total time for which application threads were stopped: 0.0055829 seconds, Stopping threads took: 0.0000422 seconds
{Heap before GC invocations=257 (full 5):
 par new generation   total 38080K, used 35289K [0x0000000085600000, 0x0000000087f50000, 0x000000009a2c0000)
  eden space 33856K, 100% used [0x0000000085600000, 0x0000000087710000, 0x0000000087710000)
  from space 4224K,  33% used [0x0000000087b30000, 0x0000000087c964e0, 0x0000000087f50000)
  to   space 4224K,   0% used [0x0000000087710000, 0x0000000087710000, 0x0000000087b30000)
 concurrent mark-sweep generation total 118092K, used 74201K [0x000000009a2c0000, 0x00000000a1613000, 0x0000000100000000)
 Metaspace       used 101814K, capacity 107311K, committed 107436K, reserved 1142784K
  class space    used 12715K, capacity 13752K, committed 13792K, reserved 1048576K
2021-01-18T18:02:58.719+0000: 106.057: [GC (Allocation Failure) 2021-01-18T18:02:58.719+0000: 106.057: [ParNew
Desired survivor size 2162688 bytes, new threshold 6 (max 6)
- age   1:      56352 bytes,      56352 total
- age   2:      63368 bytes,     119720 total
- age   3:     197216 bytes,     316936 total
- age   4:     282688 bytes,     599624 total
- age   5:      75352 bytes,     674976 total
- age   6:     131088 bytes,     806064 total
: 35289K->1310K(38080K), 0.0060834 secs] 109490K->75613K(156172K), 0.0061737 secs] [Times: user=0.02 sys=0.00, real=0.00 secs] 
Heap after GC invocations=258 (full 5):
 par new generation   total 38080K, used 1310K [0x0000000085600000, 0x0000000087f50000, 0x000000009a2c0000)
  eden space 33856K,   0% used [0x0000000085600000, 0x0000000085600000, 0x0000000087710000)
  from space 4224K,  31% used [0x0000000087710000, 0x0000000087857a48, 0x0000000087b30000)
  to   space 4224K,   0% used [0x0000000087b30000, 0x0000000087b30000, 0x0000000087f50000)
 concurrent mark-sweep generation total 118092K, used 74302K [0x000000009a2c0000, 0x00000000a1613000, 0x0000000100000000)
 Metaspace       used 101814K, capacity 107311K, committed 107436K, reserved 1142784K
  class space    used 12715K, capacity 13752K, committed 13792K, reserved 1048576K
}
2021-01-18T18:02:58.725+0000: 106.063: Total time for which application threads were stopped: 0.0064491 seconds, Stopping threads took: 0.0000580 seconds
{Heap before GC invocations=258 (full 5):
 par new generation   total 38080K, used 35166K [0x0000000085600000, 0x0000000087f50000, 0x000000009a2c0000)
  eden space 33856K, 100% used [0x0000000085600000, 0x0000000087710000, 0x0000000087710000)
  from space 4224K,  31% used [0x0000000087710000, 0x0000000087857a48, 0x0000000087b30000)
  to   space 4224K,   0% used [0x0000000087b30000, 0x0000000087b30000, 0x0000000087f50000)
 concurrent mark-sweep generation total 118092K, used 74302K [0x000000009a2c0000, 0x00000000a1613000, 0x0000000100000000)
 Metaspace       used 101814K, capacity 107311K, committed 107436K, reserved 1142784K
  class space    used 12715K, capacity 13752K, committed 13792K, reserved 1048576K
2021-01-18T18:02:58.818+0000: 106.157: [GC (Allocation Failure) 2021-01-18T18:02:58.818+0000: 106.157: [ParNew
Desired survivor size 2162688 bytes, new threshold 6 (max 6)
- age   1:     216544 bytes,     216544 total
- age   2:      33528 bytes,     250072 total
- age   3:      62984 bytes,     313056 total
- age   4:     197216 bytes,     510272 total
- age   5:     282688 bytes,     792960 total
- age   6:      75352 bytes,     868312 total
: 35166K->1113K(38080K), 0.0111902 secs] 109469K->75547K(156172K), 0.0112995 secs] [Times: user=0.04 sys=0.00, real=0.01 secs] 
Heap after GC invocations=259 (full 5):
 par new generation   total 38080K, used 1113K [0x0000000085600000, 0x0000000087f50000, 0x000000009a2c0000)
  eden space 33856K,   0% used [0x0000000085600000, 0x0000000085600000, 0x0000000087710000)
  from space 4224K,  26% used [0x0000000087b30000, 0x0000000087c46680, 0x0000000087f50000)
  to   space 4224K,   0% used [0x0000000087710000, 0x0000000087710000, 0x0000000087b30000)
 concurrent mark-sweep generation total 118092K, used 74433K [0x000000009a2c0000, 0x00000000a1613000, 0x0000000100000000)
 Metaspace       used 101814K, capacity 107311K, committed 107436K, reserved 1142784K
  class space    used 12715K, capacity 13752K, committed 13792K, reserved 1048576K
}
2021-01-18T18:02:58.830+0000: 106.168: Total time for which application threads were stopped: 0.0115462 seconds, Stopping threads took: 0.0000343 seconds
{Heap before GC invocations=259 (full 5):
 par new generation   total 38080K, used 34969K [0x0000000085600000, 0x0000000087f50000, 0x000000009a2c0000)
  eden space 33856K, 100% used [0x0000000085600000, 0x0000000087710000, 0x0000000087710000)
  from space 4224K,  26% used [0x0000000087b30000, 0x0000000087c46680, 0x0000000087f50000)
  to   space 4224K,   0% used [0x0000000087710000, 0x0000000087710000, 0x0000000087b30000)
 concurrent mark-sweep generation total 118092K, used 74433K [0x000000009a2c0000, 0x00000000a1613000, 0x0000000100000000)
 Metaspace       used 101821K, capacity 107311K, committed 107436K, reserved 1142784K
  class space    used 12715K, capacity 13752K, committed 13792K, reserved 1048576K
2021-01-18T18:02:58.945+0000: 106.284: [GC (Allocation Failure) 2021-01-18T18:02:58.945+0000: 106.284: [ParNew
Desired survivor size 2162688 bytes, new threshold 6 (max 6)
- age   1:     214408 bytes,     214408 total
- age   2:      41040 bytes,     255448 total
- age   3:      32696 bytes,     288144 total
- age   4:      61344 bytes,     349488 total
- age   5:     196496 bytes,     545984 total
- age   6:     282688 bytes,     828672 total
: 34969K->1167K(38080K), 0.0043348 secs] 109403K->75676K(156172K), 0.0044029 secs] [Times: user=0.01 sys=0.00, real=0.01 secs] 
Heap after GC invocations=260 (full 5):
 par new generation   total 38080K, used 1167K [0x0000000085600000, 0x0000000087f50000, 0x000000009a2c0000)
  eden space 33856K,   0% used [0x0000000085600000, 0x0000000085600000, 0x0000000087710000)
  from space 4224K,  27% used [0x0000000087710000, 0x0000000087833dd0, 0x0000000087b30000)
  to   space 4224K,   0% used [0x0000000087b30000, 0x0000000087b30000, 0x0000000087f50000)
 concurrent mark-sweep generation total 118092K, used 74509K [0x000000009a2c0000, 0x00000000a1613000, 0x0000000100000000)
 Metaspace       used 101821K, capacity 107311K, committed 107436K, reserved 1142784K
  class space    used 12715K, capacity 13752K, committed 13792K, reserved 1048576K
}
2021-01-18T18:02:58.950+0000: 106.288: Total time for which application threads were stopped: 0.0046335 seconds, Stopping threads took: 0.0000443 seconds
{Heap before GC invocations=260 (full 5):
 par new generation   total 38080K, used 35023K [0x0000000085600000, 0x0000000087f50000, 0x000000009a2c0000)
  eden space 33856K, 100% used [0x0000000085600000, 0x0000000087710000, 0x0000000087710000)
  from space 4224K,  27% used [0x0000000087710000, 0x0000000087833dd0, 0x0000000087b30000)
  to   space 4224K,   0% used [0x0000000087b30000, 0x0000000087b30000, 0x0000000087f50000)
 concurrent mark-sweep generation total 118092K, used 74509K [0x000000009a2c0000, 0x00000000a1613000, 0x0000000100000000)
 Metaspace       used 101860K, capacity 107375K, committed 107436K, reserved 1142784K
  class space    used 12717K, capacity 13752K, committed 13792K, reserved 1048576K
2021-01-18T18:02:59.086+0000: 106.424: [GC (Allocation Failure) 2021-01-18T18:02:59.086+0000: 106.424: [ParNew
Desired survivor size 2162688 bytes, new threshold 6 (max 6)
- age   1:     241640 bytes,     241640 total
- age   2:     144008 bytes,     385648 total
- age   3:      40656 bytes,     426304 total
- age   4:      32696 bytes,     459000 total
- age   5:      61296 bytes,     520296 total
- age   6:     196496 bytes,     716792 total
: 35023K->1202K(38080K), 0.0088765 secs] 109532K->75994K(156172K), 0.0089634 secs] [Times: user=0.02 sys=0.00, real=0.01 secs] 
Heap after GC invocations=261 (full 5):
 par new generation   total 38080K, used 1202K [0x0000000085600000, 0x0000000087f50000, 0x000000009a2c0000)
  eden space 33856K,   0% used [0x0000000085600000, 0x0000000085600000, 0x0000000087710000)
  from space 4224K,  28% used [0x0000000087b30000, 0x0000000087c5ca68, 0x0000000087f50000)
  to   space 4224K,   0% used [0x0000000087710000, 0x0000000087710000, 0x0000000087b30000)
 concurrent mark-sweep generation total 118092K, used 74791K [0x000000009a2c0000, 0x00000000a1613000, 0x0000000100000000)
 Metaspace       used 101860K, capacity 107375K, committed 107436K, reserved 1142784K
  class space    used 12717K, capacity 13752K, committed 13792K, reserved 1048576K
}
2021-01-18T18:02:59.095+0000: 106.433: Total time for which application threads were stopped: 0.0092291 seconds, Stopping threads took: 0.0000385 seconds
{Heap before GC invocations=261 (full 5):
 par new generation   total 38080K, used 35058K [0x0000000085600000, 0x0000000087f50000, 0x000000009a2c0000)
  eden space 33856K, 100% used [0x0000000085600000, 0x0000000087710000, 0x0000000087710000)
  from space 4224K,  28% used [0x0000000087b30000, 0x0000000087c5ca68, 0x0000000087f50000)
  to   space 4224K,   0% used [0x0000000087710000, 0x0000000087710000, 0x0000000087b30000)
 concurrent mark-sweep generation total 118092K, used 74791K [0x000000009a2c0000, 0x00000000a1613000, 0x0000000100000000)
 Metaspace       used 101865K, capacity 107375K, committed 107436K, reserved 1142784K
  class space    used 12717K, capacity 13752K, committed 13792K, reserved 1048576K
2021-01-18T18:02:59.192+0000: 106.530: [GC (Allocation Failure) 2021-01-18T18:02:59.192+0000: 106.530: [ParNew
Desired survivor size 2162688 bytes, new threshold 6 (max 6)
- age   1:     245208 bytes,     245208 total
- age   2:     156496 bytes,     401704 total
- age   3:     143664 bytes,     545368 total
- age   4:      40656 bytes,     586024 total
- age   5:      32696 bytes,     618720 total
- age   6:      61248 bytes,     679968 total
: 35058K->814K(38080K), 0.0066843 secs] 109850K->75802K(156172K), 0.0067681 secs] [Times: user=0.02 sys=0.00, real=0.01 secs] 
Heap after GC invocations=262 (full 5):
 par new generation   total 38080K, used 814K [0x0000000085600000, 0x0000000087f50000, 0x000000009a2c0000)
  eden space 33856K,   0% used [0x0000000085600000, 0x0000000085600000, 0x0000000087710000)
  from space 4224K,  19% used [0x0000000087710000, 0x00000000877dba48, 0x0000000087b30000)
  to   space 4224K,   0% used [0x0000000087b30000, 0x0000000087b30000, 0x0000000087f50000)
 concurrent mark-sweep generation total 118092K, used 74987K [0x000000009a2c0000, 0x00000000a1613000, 0x0000000100000000)
 Metaspace       used 101865K, capacity 107375K, committed 107436K, reserved 1142784K
  class space    used 12717K, capacity 13752K, committed 13792K, reserved 1048576K
}
2021-01-18T18:02:59.199+0000: 106.537: Total time for which application threads were stopped: 0.0069972 seconds, Stopping threads took: 0.0000311 seconds
2021-01-18T18:02:59.458+0000: 106.797: Total time for which application threads were stopped: 0.0022913 seconds, Stopping threads took: 0.0000483 seconds
2021-01-18T18:03:00.458+0000: 107.797: Total time for which application threads were stopped: 0.0001832 seconds, Stopping threads took: 0.0000521 seconds
2021-01-18T18:03:00.785+0000: 108.123: Total time for which application threads were stopped: 0.0036546 seconds, Stopping threads took: 0.0013372 seconds
{Heap before GC invocations=262 (full 5):
 par new generation   total 38080K, used 34670K [0x0000000085600000, 0x0000000087f50000, 0x000000009a2c0000)
  eden space 33856K, 100% used [0x0000000085600000, 0x0000000087710000, 0x0000000087710000)
  from space 4224K,  19% used [0x0000000087710000, 0x00000000877dba48, 0x0000000087b30000)
  to   space 4224K,   0% used [0x0000000087b30000, 0x0000000087b30000, 0x0000000087f50000)
 concurrent mark-sweep generation total 118092K, used 74987K [0x000000009a2c0000, 0x00000000a1613000, 0x0000000100000000)
 Metaspace       used 103111K, capacity 108819K, committed 108972K, reserved 1144832K
  class space    used 12892K, capacity 13966K, committed 14048K, reserved 1048576K
2021-01-18T18:03:00.846+0000: 108.185: [GC (Allocation Failure) 2021-01-18T18:03:00.846+0000: 108.185: [ParNew
Desired survivor size 2162688 bytes, new threshold 6 (max 6)
- age   1:     845200 bytes,     845200 total
- age   2:     136304 bytes,     981504 total
- age   3:     156112 bytes,    1137616 total
- age   4:     143664 bytes,    1281280 total
- age   5:      40656 bytes,    1321936 total
- age   6:      32632 bytes,    1354568 total
: 34670K->1613K(38080K), 0.0114076 secs] 109658K->76663K(156172K), 0.0115385 secs] [Times: user=0.03 sys=0.00, real=0.00 secs] 
Heap after GC invocations=263 (full 5):
 par new generation   total 38080K, used 1613K [0x0000000085600000, 0x0000000087f50000, 0x000000009a2c0000)
  eden space 33856K,   0% used [0x0000000085600000, 0x0000000085600000, 0x0000000087710000)
  from space 4224K,  38% used [0x0000000087b30000, 0x0000000087cc3678, 0x0000000087f50000)
  to   space 4224K,   0% used [0x0000000087710000, 0x0000000087710000, 0x0000000087b30000)
 concurrent mark-sweep generation total 118092K, used 75049K [0x000000009a2c0000, 0x00000000a1613000, 0x0000000100000000)
 Metaspace       used 103111K, capacity 108819K, committed 108972K, reserved 1144832K
  class space    used 12892K, capacity 13966K, committed 14048K, reserved 1048576K
}
2021-01-18T18:03:00.858+0000: 108.196: Total time for which application threads were stopped: 0.0127903 seconds, Stopping threads took: 0.0009154 seconds
2021-01-18T18:03:01.859+0000: 109.197: Total time for which application threads were stopped: 0.0004007 seconds, Stopping threads took: 0.0000674 seconds
2021-01-18T18:03:02.859+0000: 110.198: Total time for which application threads were stopped: 0.0004004 seconds, Stopping threads took: 0.0000680 seconds
2021-01-18T18:03:03.456+0000: 110.795: Total time for which application threads were stopped: 0.0009200 seconds, Stopping threads took: 0.0000226 seconds
{Heap before GC invocations=263 (full 5):
 par new generation   total 38080K, used 35469K [0x0000000085600000, 0x0000000087f50000, 0x000000009a2c0000)
  eden space 33856K, 100% used [0x0000000085600000, 0x0000000087710000, 0x0000000087710000)
  from space 4224K,  38% used [0x0000000087b30000, 0x0000000087cc3678, 0x0000000087f50000)
  to   space 4224K,   0% used [0x0000000087710000, 0x0000000087710000, 0x0000000087b30000)
 concurrent mark-sweep generation total 118092K, used 75049K [0x000000009a2c0000, 0x00000000a1613000, 0x0000000100000000)
 Metaspace       used 104115K, capacity 109993K, committed 110124K, reserved 1144832K
  class space    used 13008K, capacity 14101K, committed 14176K, reserved 1048576K
2021-01-18T18:03:03.832+0000: 111.171: [GC (Allocation Failure) 2021-01-18T18:03:03.832+0000: 111.171: [ParNew
Desired survivor size 2162688 bytes, new threshold 5 (max 6)
- age   1:    1191488 bytes,    1191488 total
- age   2:     645112 bytes,    1836600 total
- age   3:     136304 bytes,    1972904 total
- age   4:     155664 bytes,    2128568 total
- age   5:     143728 bytes,    2272296 total
- age   6:      40656 bytes,    2312952 total
: 35469K->2868K(38080K), 0.0045585 secs] 110519K->77950K(156172K), 0.0046474 secs] [Times: user=0.02 sys=0.00, real=0.00 secs] 
Heap after GC invocations=264 (full 5):
 par new generation   total 38080K, used 2868K [0x0000000085600000, 0x0000000087f50000, 0x000000009a2c0000)
  eden space 33856K,   0% used [0x0000000085600000, 0x0000000085600000, 0x0000000087710000)
  from space 4224K,  67% used [0x0000000087710000, 0x00000000879dd048, 0x0000000087b30000)
  to   space 4224K,   0% used [0x0000000087b30000, 0x0000000087b30000, 0x0000000087f50000)
 concurrent mark-sweep generation total 118092K, used 75082K [0x000000009a2c0000, 0x00000000a1613000, 0x0000000100000000)
 Metaspace       used 104115K, capacity 109993K, committed 110124K, reserved 1144832K
  class space    used 13008K, capacity 14101K, committed 14176K, reserved 1048576K
}
2021-01-18T18:03:03.837+0000: 111.176: Total time for which application threads were stopped: 0.0048997 seconds, Stopping threads took: 0.0000404 seconds
2021-01-18T18:03:04.842+0000: 112.181: Total time for which application threads were stopped: 0.0048841 seconds, Stopping threads took: 0.0045902 seconds
2021-01-18T18:03:05.843+0000: 113.181: Total time for which application threads were stopped: 0.0004546 seconds, Stopping threads took: 0.0000645 seconds
2021-01-18T18:03:06.843+0000: 114.182: Total time for which application threads were stopped: 0.0004742 seconds, Stopping threads took: 0.0000848 seconds
2021-01-18T18:03:07.726+0000: 115.065: Total time for which application threads were stopped: 0.0012165 seconds, Stopping threads took: 0.0000301 seconds
2021-01-18T18:03:08.162+0000: 115.500: Total time for which application threads were stopped: 0.0001933 seconds, Stopping threads took: 0.0000309 seconds
{Heap before GC invocations=264 (full 5):
 par new generation   total 38080K, used 36724K [0x0000000085600000, 0x0000000087f50000, 0x000000009a2c0000)
  eden space 33856K, 100% used [0x0000000085600000, 0x0000000087710000, 0x0000000087710000)
  from space 4224K,  67% used [0x0000000087710000, 0x00000000879dd048, 0x0000000087b30000)
  to   space 4224K,   0% used [0x0000000087b30000, 0x0000000087b30000, 0x0000000087f50000)
 concurrent mark-sweep generation total 118092K, used 75082K [0x000000009a2c0000, 0x00000000a1613000, 0x0000000100000000)
 Metaspace       used 107034K, capacity 113021K, committed 113196K, reserved 1148928K
  class space    used 13293K, capacity 14408K, committed 14432K, reserved 1048576K
2021-01-18T18:03:08.204+0000: 115.543: [GC (Allocation Failure) 2021-01-18T18:03:08.204+0000: 115.543: [ParNew
Desired survivor size 2162688 bytes, new threshold 1 (max 6)
- age   1:    3077240 bytes,    3077240 total
- age   2:     610144 bytes,    3687384 total
- age   3:     454296 bytes,    4141680 total
- age   4:      69880 bytes,    4211560 total
- age   5:      79000 bytes,    4290560 total
: 36724K->4224K(38080K), 0.0092804 secs] 111806K->82730K(156172K), 0.0093795 secs] [Times: user=0.02 sys=0.00, real=0.01 secs] 
Heap after GC invocations=265 (full 5):
 par new generation   total 38080K, used 4224K [0x0000000085600000, 0x0000000087f50000, 0x000000009a2c0000)
  eden space 33856K,   0% used [0x0000000085600000, 0x0000000085600000, 0x0000000087710000)
  from space 4224K, 100% used [0x0000000087b30000, 0x0000000087f50000, 0x0000000087f50000)
  to   space 4224K,   0% used [0x0000000087710000, 0x0000000087710000, 0x0000000087b30000)
 concurrent mark-sweep generation total 118092K, used 78506K [0x000000009a2c0000, 0x00000000a1613000, 0x0000000100000000)
 Metaspace       used 107034K, capacity 113021K, committed 113196K, reserved 1148928K
  class space    used 13293K, capacity 14408K, committed 14432K, reserved 1048576K
}
2021-01-18T18:03:08.213+0000: 115.552: Total time for which application threads were stopped: 0.0096471 seconds, Stopping threads took: 0.0000361 seconds
2021-01-18T18:03:08.260+0000: 115.599: Total time for which application threads were stopped: 0.0002778 seconds, Stopping threads took: 0.0000564 seconds
2021-01-18T18:03:08.624+0000: 115.962: Total time for which application threads were stopped: 0.0016024 seconds, Stopping threads took: 0.0013027 seconds
{Heap before GC invocations=265 (full 5):
 par new generation   total 38080K, used 38080K [0x0000000085600000, 0x0000000087f50000, 0x000000009a2c0000)
  eden space 33856K, 100% used [0x0000000085600000, 0x0000000087710000, 0x0000000087710000)
  from space 4224K, 100% used [0x0000000087b30000, 0x0000000087f50000, 0x0000000087f50000)
  to   space 4224K,   0% used [0x0000000087710000, 0x0000000087710000, 0x0000000087b30000)
 concurrent mark-sweep generation total 118092K, used 78506K [0x000000009a2c0000, 0x00000000a1613000, 0x0000000100000000)
 Metaspace       used 109115K, capacity 116057K, committed 116140K, reserved 1150976K
  class space    used 13632K, capacity 14999K, committed 15072K, reserved 1048576K
2021-01-18T18:03:09.321+0000: 116.659: [GC (Allocation Failure) 2021-01-18T18:03:09.334+0000: 116.673: [ParNew
Desired survivor size 2162688 bytes, new threshold 1 (max 6)
- age   1:    2177168 bytes,    2177168 total
: 38080K->4224K(38080K), 0.0221189 secs] 116586K->85729K(156172K), 0.0358475 secs] [Times: user=0.04 sys=0.00, real=0.03 secs] 
Heap after GC invocations=266 (full 5):
 par new generation   total 38080K, used 4224K [0x0000000085600000, 0x0000000087f50000, 0x000000009a2c0000)
  eden space 33856K,   0% used [0x0000000085600000, 0x0000000085600000, 0x0000000087710000)
  from space 4224K, 100% used [0x0000000087710000, 0x0000000087b30000, 0x0000000087b30000)
  to   space 4224K,   0% used [0x0000000087b30000, 0x0000000087b30000, 0x0000000087f50000)
 concurrent mark-sweep generation total 118092K, used 81505K [0x000000009a2c0000, 0x00000000a1613000, 0x0000000100000000)
 Metaspace       used 109115K, capacity 116057K, committed 116140K, reserved 1150976K
  class space    used 13632K, capacity 14999K, committed 15072K, reserved 1048576K
}
2021-01-18T18:03:09.356+0000: 116.695: Total time for which application threads were stopped: 0.0383287 seconds, Stopping threads took: 0.0021252 seconds
{Heap before GC invocations=266 (full 5):
 par new generation   total 38080K, used 38080K [0x0000000085600000, 0x0000000087f50000, 0x000000009a2c0000)
  eden space 33856K, 100% used [0x0000000085600000, 0x0000000087710000, 0x0000000087710000)
  from space 4224K, 100% used [0x0000000087710000, 0x0000000087b30000, 0x0000000087b30000)
  to   space 4224K,   0% used [0x0000000087b30000, 0x0000000087b30000, 0x0000000087f50000)
 concurrent mark-sweep generation total 118092K, used 81505K [0x000000009a2c0000, 0x00000000a1613000, 0x0000000100000000)
 Metaspace       used 109604K, capacity 116985K, committed 117292K, reserved 1150976K
  class space    used 13677K, capacity 15148K, committed 15200K, reserved 1048576K
2021-01-18T18:03:09.950+0000: 117.289: [GC (Allocation Failure) 2021-01-18T18:03:09.951+0000: 117.289: [ParNew
Desired survivor size 2162688 bytes, new threshold 6 (max 6)
- age   1:    1477872 bytes,    1477872 total
: 38080K->2516K(38080K), 0.0324715 secs] 119585K->86052K(156172K), 0.0325953 secs] [Times: user=0.06 sys=0.00, real=0.03 secs] 
Heap after GC invocations=267 (full 5):
 par new generation   total 38080K, used 2516K [0x0000000085600000, 0x0000000087f50000, 0x000000009a2c0000)
  eden space 33856K,   0% used [0x0000000085600000, 0x0000000085600000, 0x0000000087710000)
  from space 4224K,  59% used [0x0000000087b30000, 0x0000000087da53d8, 0x0000000087f50000)
  to   space 4224K,   0% used [0x0000000087710000, 0x0000000087710000, 0x0000000087b30000)
 concurrent mark-sweep generation total 118092K, used 83535K [0x000000009a2c0000, 0x00000000a1613000, 0x0000000100000000)
 Metaspace       used 109604K, capacity 116985K, committed 117292K, reserved 1150976K
  class space    used 13677K, capacity 15148K, committed 15200K, reserved 1048576K
}
2021-01-18T18:03:09.983+0000: 117.322: Total time for which application threads were stopped: 0.0614911 seconds, Stopping threads took: 0.0285178 seconds
2021-01-18T18:03:10.985+0000: 118.324: Total time for which application threads were stopped: 0.0001944 seconds, Stopping threads took: 0.0000421 seconds
2021-01-18T18:03:11.986+0000: 119.324: Total time for which application threads were stopped: 0.0003370 seconds, Stopping threads took: 0.0000718 seconds
2021-01-18T18:03:19.987+0000: 127.326: Total time for which application threads were stopped: 0.0003870 seconds, Stopping threads took: 0.0000818 seconds
2021-01-18T18:03:21.988+0000: 129.327: Total time for which application threads were stopped: 0.0004189 seconds, Stopping threads took: 0.0001019 seconds
2021-01-18T18:03:31.990+0000: 139.329: Total time for which application threads were stopped: 0.0003966 seconds, Stopping threads took: 0.0000803 seconds
2021-01-18T18:03:41.992+0000: 149.330: Total time for which application threads were stopped: 0.0004087 seconds, Stopping threads took: 0.0000697 seconds
2021-01-18T18:04:13.847+0000: 181.186: Total time for which application threads were stopped: 0.0033321 seconds, Stopping threads took: 0.0000740 seconds
2021-01-18T18:04:14.848+0000: 182.187: Total time for which application threads were stopped: 0.0004372 seconds, Stopping threads took: 0.0000776 seconds
{Heap before GC invocations=267 (full 5):
 par new generation   total 38080K, used 36372K [0x0000000085600000, 0x0000000087f50000, 0x000000009a2c0000)
  eden space 33856K, 100% used [0x0000000085600000, 0x0000000087710000, 0x0000000087710000)
  from space 4224K,  59% used [0x0000000087b30000, 0x0000000087da53d8, 0x0000000087f50000)
  to   space 4224K,   0% used [0x0000000087710000, 0x0000000087710000, 0x0000000087b30000)
 concurrent mark-sweep generation total 118092K, used 83535K [0x000000009a2c0000, 0x00000000a1613000, 0x0000000100000000)
 Metaspace       used 109951K, capacity 117329K, committed 117548K, reserved 1150976K
  class space    used 13718K, capacity 15171K, committed 15200K, reserved 1048576K
2021-01-18T18:04:16.415+0000: 183.753: [GC (Allocation Failure) 2021-01-18T18:04:16.415+0000: 183.753: [ParNew
Desired survivor size 2162688 bytes, new threshold 6 (max 6)
- age   1:     244392 bytes,     244392 total
- age   2:    1260552 bytes,    1504944 total
: 36372K->1905K(38080K), 0.0112153 secs] 119908K->85441K(156172K), 0.0114961 secs] [Times: user=0.04 sys=0.00, real=0.01 secs] 
Heap after GC invocations=268 (full 5):
 par new generation   total 38080K, used 1905K [0x0000000085600000, 0x0000000087f50000, 0x000000009a2c0000)
  eden space 33856K,   0% used [0x0000000085600000, 0x0000000085600000, 0x0000000087710000)
  from space 4224K,  45% used [0x0000000087710000, 0x00000000878ec7a8, 0x0000000087b30000)
  to   space 4224K,   0% used [0x0000000087b30000, 0x0000000087b30000, 0x0000000087f50000)
 concurrent mark-sweep generation total 118092K, used 83535K [0x000000009a2c0000, 0x00000000a1613000, 0x0000000100000000)
 Metaspace       used 109951K, capacity 117329K, committed 117548K, reserved 1150976K
  class space    used 13718K, capacity 15171K, committed 15200K, reserved 1048576K
}
2021-01-18T18:04:16.426+0000: 183.765: Total time for which application threads were stopped: 0.0123075 seconds, Stopping threads took: 0.0000751 seconds
2021-01-18T18:04:33.429+0000: 200.768: Total time for which application threads were stopped: 0.0002314 seconds, Stopping threads took: 0.0000419 seconds
2021-01-18T18:04:34.429+0000: 201.768: Total time for which application threads were stopped: 0.0003493 seconds, Stopping threads took: 0.0000662 seconds
2021-01-18T18:04:56.433+0000: 223.771: Total time for which application threads were stopped: 0.0003577 seconds, Stopping threads took: 0.0000668 seconds
2021-01-18T18:05:02.434+0000: 229.772: Total time for which application threads were stopped: 0.0004455 seconds, Stopping threads took: 0.0000686 seconds
2021-01-18T18:05:04.435+0000: 231.773: Total time for which application threads were stopped: 0.0003854 seconds, Stopping threads took: 0.0000646 seconds
2021-01-18T18:05:05.435+0000: 232.774: Total time for which application threads were stopped: 0.0004248 seconds, Stopping threads took: 0.0000695 seconds
2021-01-18T18:05:08.436+0000: 235.775: Total time for which application threads were stopped: 0.0004515 seconds, Stopping threads took: 0.0000678 seconds
2021-01-18T18:05:14.437+0000: 241.776: Total time for which application threads were stopped: 0.0004798 seconds, Stopping threads took: 0.0001152 seconds
2021-01-18T18:05:21.439+0000: 248.777: Total time for which application threads were stopped: 0.0002740 seconds, Stopping threads took: 0.0000576 seconds
2021-01-18T18:05:32.441+0000: 259.779: Total time for which application threads were stopped: 0.0005162 seconds, Stopping threads took: 0.0000964 seconds
2021-01-18T18:05:42.442+0000: 269.781: Total time for which application threads were stopped: 0.0006470 seconds, Stopping threads took: 0.0000639 seconds
2021-01-18T18:05:44.443+0000: 271.782: Total time for which application threads were stopped: 0.0003945 seconds, Stopping threads took: 0.0000660 seconds
{Heap before GC invocations=268 (full 5):
 par new generation   total 38080K, used 35761K [0x0000000085600000, 0x0000000087f50000, 0x000000009a2c0000)
  eden space 33856K, 100% used [0x0000000085600000, 0x0000000087710000, 0x0000000087710000)
  from space 4224K,  45% used [0x0000000087710000, 0x00000000878ec7a8, 0x0000000087b30000)
  to   space 4224K,   0% used [0x0000000087b30000, 0x0000000087b30000, 0x0000000087f50000)
 concurrent mark-sweep generation total 118092K, used 83535K [0x000000009a2c0000, 0x00000000a1613000, 0x0000000100000000)
 Metaspace       used 109988K, capacity 117353K, committed 117548K, reserved 1150976K
  class space    used 13720K, capacity 15175K, committed 15200K, reserved 1048576K
2021-01-18T18:06:01.690+0000: 289.029: [GC (Allocation Failure) 2021-01-18T18:06:01.690+0000: 289.029: [ParNew
Desired survivor size 2162688 bytes, new threshold 6 (max 6)
- age   1:       7728 bytes,       7728 total
- age   2:     187344 bytes,     195072 total
- age   3:    1260552 bytes,    1455624 total
: 35761K->1990K(38080K), 0.0110151 secs] 119297K->85526K(156172K), 0.0113003 secs] [Times: user=0.03 sys=0.00, real=0.01 secs] 
Heap after GC invocations=269 (full 5):
 par new generation   total 38080K, used 1990K [0x0000000085600000, 0x0000000087f50000, 0x000000009a2c0000)
  eden space 33856K,   0% used [0x0000000085600000, 0x0000000085600000, 0x0000000087710000)
  from space 4224K,  47% used [0x0000000087b30000, 0x0000000087d21b20, 0x0000000087f50000)
  to   space 4224K,   0% used [0x0000000087710000, 0x0000000087710000, 0x0000000087b30000)
 concurrent mark-sweep generation total 118092K, used 83535K [0x000000009a2c0000, 0x00000000a1613000, 0x0000000100000000)
 Metaspace       used 109988K, capacity 117353K, committed 117548K, reserved 1150976K
  class space    used 13720K, capacity 15175K, committed 15200K, reserved 1048576K
}
2021-01-18T18:06:01.702+0000: 289.040: Total time for which application threads were stopped: 0.0119460 seconds, Stopping threads took: 0.0001106 seconds
2021-01-18T18:06:14.704+0000: 302.042: Total time for which application threads were stopped: 0.0001278 seconds, Stopping threads took: 0.0000247 seconds
2021-01-18T18:07:14.710+0000: 362.048: Total time for which application threads were stopped: 0.0006809 seconds, Stopping threads took: 0.0002229 seconds
2021-01-18T18:07:34.713+0000: 382.052: Total time for which application threads were stopped: 0.0008360 seconds, Stopping threads took: 0.0001845 seconds
{Heap before GC invocations=269 (full 5):
 par new generation   total 38080K, used 35846K [0x0000000085600000, 0x0000000087f50000, 0x000000009a2c0000)
  eden space 33856K, 100% used [0x0000000085600000, 0x0000000087710000, 0x0000000087710000)
  from space 4224K,  47% used [0x0000000087b30000, 0x0000000087d21b20, 0x0000000087f50000)
  to   space 4224K,   0% used [0x0000000087710000, 0x0000000087710000, 0x0000000087b30000)
 concurrent mark-sweep generation total 118092K, used 83535K [0x000000009a2c0000, 0x00000000a1613000, 0x0000000100000000)
 Metaspace       used 110024K, capacity 117425K, committed 117548K, reserved 1150976K
  class space    used 13720K, capacity 15175K, committed 15200K, reserved 1048576K
2021-01-18T18:07:46.926+0000: 394.265: [GC (Allocation Failure) 2021-01-18T18:07:46.926+0000: 394.265: [ParNew
Desired survivor size 2162688 bytes, new threshold 6 (max 6)
- age   1:       5024 bytes,       5024 total
- age   2:       4224 bytes,       9248 total
- age   3:     187280 bytes,     196528 total
- age   4:    1260552 bytes,    1457080 total
: 35846K->2096K(38080K), 0.0036044 secs] 119382K->85632K(156172K), 0.0037105 secs] [Times: user=0.01 sys=0.01, real=0.00 secs] 
Heap after GC invocations=270 (full 5):
 par new generation   total 38080K, used 2096K [0x0000000085600000, 0x0000000087f50000, 0x000000009a2c0000)
  eden space 33856K,   0% used [0x0000000085600000, 0x0000000085600000, 0x0000000087710000)
  from space 4224K,  49% used [0x0000000087710000, 0x000000008791c3d0, 0x0000000087b30000)
  to   space 4224K,   0% used [0x0000000087b30000, 0x0000000087b30000, 0x0000000087f50000)
 concurrent mark-sweep generation total 118092K, used 83535K [0x000000009a2c0000, 0x00000000a1613000, 0x0000000100000000)
 Metaspace       used 110024K, capacity 117425K, committed 117548K, reserved 1150976K
  class space    used 13720K, capacity 15175K, committed 15200K, reserved 1048576K
}
2021-01-18T18:07:46.930+0000: 394.268: Total time for which application threads were stopped: 0.0039536 seconds, Stopping threads took: 0.0000270 seconds
2021-01-18T18:07:59.932+0000: 407.270: Total time for which application threads were stopped: 0.0006444 seconds, Stopping threads took: 0.0000676 seconds
2021-01-18T18:08:13.934+0000: 421.272: Total time for which application threads were stopped: 0.0003200 seconds, Stopping threads took: 0.0000572 seconds
2021-01-18T18:09:11.940+0000: 479.278: Total time for which application threads were stopped: 0.0006254 seconds, Stopping threads took: 0.0001534 seconds
2021-01-18T18:09:13.940+0000: 481.279: Total time for which application threads were stopped: 0.0003460 seconds, Stopping threads took: 0.0000572 seconds
{Heap before GC invocations=270 (full 5):
 par new generation   total 38080K, used 35952K [0x0000000085600000, 0x0000000087f50000, 0x000000009a2c0000)
  eden space 33856K, 100% used [0x0000000085600000, 0x0000000087710000, 0x0000000087710000)
  from space 4224K,  49% used [0x0000000087710000, 0x000000008791c3d0, 0x0000000087b30000)
  to   space 4224K,   0% used [0x0000000087b30000, 0x0000000087b30000, 0x0000000087f50000)
 concurrent mark-sweep generation total 118092K, used 83535K [0x000000009a2c0000, 0x00000000a1613000, 0x0000000100000000)
 Metaspace       used 110031K, capacity 117425K, committed 117548K, reserved 1150976K
  class space    used 13720K, capacity 15175K, committed 15200K, reserved 1048576K
2021-01-18T18:09:32.272+0000: 499.611: [GC (Allocation Failure) 2021-01-18T18:09:32.272+0000: 499.611: [ParNew
Desired survivor size 2162688 bytes, new threshold 6 (max 6)
- age   1:       3616 bytes,       3616 total
- age   2:       1304 bytes,       4920 total
- age   3:       4224 bytes,       9144 total
- age   4:     187280 bytes,     196424 total
- age   5:    1260552 bytes,    1456976 total
: 35952K->2125K(38080K), 0.0042156 secs] 119488K->85660K(156172K), 0.0044847 secs] [Times: user=0.02 sys=0.00, real=0.00 secs] 
Heap after GC invocations=271 (full 5):
 par new generation   total 38080K, used 2125K [0x0000000085600000, 0x0000000087f50000, 0x000000009a2c0000)
  eden space 33856K,   0% used [0x0000000085600000, 0x0000000085600000, 0x0000000087710000)
  from space 4224K,  50% used [0x0000000087b30000, 0x0000000087d43450, 0x0000000087f50000)
  to   space 4224K,   0% used [0x0000000087710000, 0x0000000087710000, 0x0000000087b30000)
 concurrent mark-sweep generation total 118092K, used 83535K [0x000000009a2c0000, 0x00000000a1613000, 0x0000000100000000)
 Metaspace       used 110031K, capacity 117425K, committed 117548K, reserved 1150976K
  class space    used 13720K, capacity 15175K, committed 15200K, reserved 1048576K
}
2021-01-18T18:09:32.277+0000: 499.615: Total time for which application threads were stopped: 0.0047182 seconds, Stopping threads took: 0.0000278 seconds
2021-01-18T18:10:52.284+0000: 579.623: Total time for which application threads were stopped: 0.0002492 seconds, Stopping threads took: 0.0000464 seconds
2021-01-18T18:11:02.285+0000: 589.624: Total time for which application threads were stopped: 0.0002748 seconds, Stopping threads took: 0.0000528 seconds
2021-01-18T18:11:14.288+0000: 601.626: Total time for which application threads were stopped: 0.0007822 seconds, Stopping threads took: 0.0001828 seconds
{Heap before GC invocations=271 (full 5):
 par new generation   total 38080K, used 35981K [0x0000000085600000, 0x0000000087f50000, 0x000000009a2c0000)
  eden space 33856K, 100% used [0x0000000085600000, 0x0000000087710000, 0x0000000087710000)
  from space 4224K,  50% used [0x0000000087b30000, 0x0000000087d43450, 0x0000000087f50000)
  to   space 4224K,   0% used [0x0000000087710000, 0x0000000087710000, 0x0000000087b30000)
 concurrent mark-sweep generation total 118092K, used 83535K [0x000000009a2c0000, 0x00000000a1613000, 0x0000000100000000)
 Metaspace       used 110041K, capacity 117425K, committed 117548K, reserved 1150976K
  class space    used 13720K, capacity 15175K, committed 15200K, reserved 1048576K
2021-01-18T18:11:18.005+0000: 605.344: [GC (Allocation Failure) 2021-01-18T18:11:18.006+0000: 605.344: [ParNew
Desired survivor size 2162688 bytes, new threshold 6 (max 6)
- age   1:      38256 bytes,      38256 total
- age   2:         80 bytes,      38336 total
- age   3:       1272 bytes,      39608 total
- age   4:       4224 bytes,      43832 total
- age   5:     187280 bytes,     231112 total
- age   6:    1260552 bytes,    1491664 total
: 35981K->2487K(38080K), 0.0068559 secs] 119516K->86022K(156172K), 0.0070007 secs] [Times: user=0.02 sys=0.00, real=0.01 secs] 
Heap after GC invocations=272 (full 5):
 par new generation   total 38080K, used 2487K [0x0000000085600000, 0x0000000087f50000, 0x000000009a2c0000)
  eden space 33856K,   0% used [0x0000000085600000, 0x0000000085600000, 0x0000000087710000)
  from space 4224K,  58% used [0x0000000087710000, 0x000000008797dd30, 0x0000000087b30000)
  to   space 4224K,   0% used [0x0000000087b30000, 0x0000000087b30000, 0x0000000087f50000)
 concurrent mark-sweep generation total 118092K, used 83535K [0x000000009a2c0000, 0x00000000a1613000, 0x0000000100000000)
 Metaspace       used 110041K, capacity 117425K, committed 117548K, reserved 1150976K
  class space    used 13720K, capacity 15175K, committed 15200K, reserved 1048576K
}
2021-01-18T18:11:18.013+0000: 605.351: Total time for which application threads were stopped: 0.0073173 seconds, Stopping threads took: 0.0000434 seconds
2021-01-18T18:12:14.019+0000: 661.357: Total time for which application threads were stopped: 0.0001937 seconds, Stopping threads took: 0.0000422 seconds
2021-01-18T18:12:34.021+0000: 681.360: Total time for which application threads were stopped: 0.0001348 seconds, Stopping threads took: 0.0000278 seconds
{Heap before GC invocations=272 (full 5):
 par new generation   total 38080K, used 36343K [0x0000000085600000, 0x0000000087f50000, 0x000000009a2c0000)
  eden space 33856K, 100% used [0x0000000085600000, 0x0000000087710000, 0x0000000087710000)
  from space 4224K,  58% used [0x0000000087710000, 0x000000008797dd30, 0x0000000087b30000)
  to   space 4224K,   0% used [0x0000000087b30000, 0x0000000087b30000, 0x0000000087f50000)
 concurrent mark-sweep generation total 118092K, used 83535K [0x000000009a2c0000, 0x00000000a1613000, 0x0000000100000000)
 Metaspace       used 110065K, capacity 117429K, committed 117548K, reserved 1150976K
  class space    used 13720K, capacity 15175K, committed 15200K, reserved 1048576K
2021-01-18T18:13:04.163+0000: 711.502: [GC (Allocation Failure) 2021-01-18T18:13:04.163+0000: 711.502: [ParNew
Desired survivor size 2162688 bytes, new threshold 6 (max 6)
- age   1:       4536 bytes,       4536 total
- age   2:        592 bytes,       5128 total
- age   3:         80 bytes,       5208 total
- age   4:       1272 bytes,       6480 total
- age   5:       4224 bytes,      10704 total
- age   6:     187568 bytes,     198272 total
: 36343K->901K(38080K), 0.0053565 secs] 119878K->85680K(156172K), 0.0054596 secs] [Times: user=0.02 sys=0.01, real=0.01 secs] 
Heap after GC invocations=273 (full 5):
 par new generation   total 38080K, used 901K [0x0000000085600000, 0x0000000087f50000, 0x000000009a2c0000)
  eden space 33856K,   0% used [0x0000000085600000, 0x0000000085600000, 0x0000000087710000)
  from space 4224K,  21% used [0x0000000087b30000, 0x0000000087c11660, 0x0000000087f50000)
  to   space 4224K,   0% used [0x0000000087710000, 0x0000000087710000, 0x0000000087b30000)
 concurrent mark-sweep generation total 118092K, used 84778K [0x000000009a2c0000, 0x00000000a1613000, 0x0000000100000000)
 Metaspace       used 110065K, capacity 117429K, committed 117548K, reserved 1150976K
  class space    used 13720K, capacity 15175K, committed 15200K, reserved 1048576K
}
2021-01-18T18:13:04.169+0000: 711.507: Total time for which application threads were stopped: 0.0057581 seconds, Stopping threads took: 0.0000287 seconds
2021-01-18T18:13:14.170+0000: 721.509: Total time for which application threads were stopped: 0.0002503 seconds, Stopping threads took: 0.0000539 seconds
2021-01-18T18:14:14.176+0000: 781.514: Total time for which application threads were stopped: 0.0001677 seconds, Stopping threads took: 0.0000349 seconds
{Heap before GC invocations=273 (full 5):
 par new generation   total 38080K, used 34757K [0x0000000085600000, 0x0000000087f50000, 0x000000009a2c0000)
  eden space 33856K, 100% used [0x0000000085600000, 0x0000000087710000, 0x0000000087710000)
  from space 4224K,  21% used [0x0000000087b30000, 0x0000000087c11660, 0x0000000087f50000)
  to   space 4224K,   0% used [0x0000000087710000, 0x0000000087710000, 0x0000000087b30000)
 concurrent mark-sweep generation total 118092K, used 84778K [0x000000009a2c0000, 0x00000000a1613000, 0x0000000100000000)
 Metaspace       used 110071K, capacity 117429K, committed 117548K, reserved 1150976K
  class space    used 13720K, capacity 15175K, committed 15200K, reserved 1048576K
2021-01-18T18:14:49.845+0000: 817.183: [GC (Allocation Failure) 2021-01-18T18:14:49.845+0000: 817.183: [ParNew
Desired survivor size 2162688 bytes, new threshold 6 (max 6)
- age   1:       4472 bytes,       4472 total
- age   2:        856 bytes,       5328 total
- age   3:        480 bytes,       5808 total
- age   4:         80 bytes,       5888 total
- age   5:       1272 bytes,       7160 total
- age   6:       4224 bytes,      11384 total
: 34757K->273K(38080K), 0.0067514 secs] 119536K->85238K(156172K), 0.0070144 secs] [Times: user=0.02 sys=0.00, real=0.01 secs] 
Heap after GC invocations=274 (full 5):
 par new generation   total 38080K, used 273K [0x0000000085600000, 0x0000000087f50000, 0x000000009a2c0000)
  eden space 33856K,   0% used [0x0000000085600000, 0x0000000085600000, 0x0000000087710000)
  from space 4224K,   6% used [0x0000000087710000, 0x0000000087754700, 0x0000000087b30000)
  to   space 4224K,   0% used [0x0000000087b30000, 0x0000000087b30000, 0x0000000087f50000)
 concurrent mark-sweep generation total 118092K, used 84964K [0x000000009a2c0000, 0x00000000a1613000, 0x0000000100000000)
 Metaspace       used 110071K, capacity 117429K, committed 117548K, reserved 1150976K
  class space    used 13720K, capacity 15175K, committed 15200K, reserved 1048576K
}
2021-01-18T18:14:49.852+0000: 817.190: Total time for which application threads were stopped: 0.0076371 seconds, Stopping threads took: 0.0000679 seconds
2021-01-18T18:15:41.857+0000: 869.195: Total time for which application threads were stopped: 0.0002263 seconds, Stopping threads took: 0.0000929 seconds
2021-01-18T18:15:47.858+0000: 875.196: Total time for which application threads were stopped: 0.0002119 seconds, Stopping threads took: 0.0000359 seconds
2021-01-18T18:16:13.860+0000: 901.199: Total time for which application threads were stopped: 0.0002619 seconds, Stopping threads took: 0.0000552 seconds
{Heap before GC invocations=274 (full 5):
 par new generation   total 38080K, used 34129K [0x0000000085600000, 0x0000000087f50000, 0x000000009a2c0000)
  eden space 33856K, 100% used [0x0000000085600000, 0x0000000087710000, 0x0000000087710000)
  from space 4224K,   6% used [0x0000000087710000, 0x0000000087754700, 0x0000000087b30000)
  to   space 4224K,   0% used [0x0000000087b30000, 0x0000000087b30000, 0x0000000087f50000)
 concurrent mark-sweep generation total 118092K, used 84964K [0x000000009a2c0000, 0x00000000a1613000, 0x0000000100000000)
 Metaspace       used 110099K, capacity 117493K, committed 117548K, reserved 1150976K
  class space    used 13720K, capacity 15175K, committed 15200K, reserved 1048576K
2021-01-18T18:16:35.727+0000: 923.066: [GC (Allocation Failure) 2021-01-18T18:16:35.728+0000: 923.066: [ParNew
Desired survivor size 2162688 bytes, new threshold 6 (max 6)
- age   1:       4456 bytes,       4456 total
- age   2:        704 bytes,       5160 total
- age   3:        856 bytes,       6016 total
- age   4:        480 bytes,       6496 total
- age   5:         80 bytes,       6576 total
- age   6:       1272 bytes,       7848 total
: 34129K->52K(38080K), 0.0021224 secs] 119094K->85021K(156172K), 0.0022155 secs] [Times: user=0.01 sys=0.00, real=0.00 secs] 
Heap after GC invocations=275 (full 5):
 par new generation   total 38080K, used 52K [0x0000000085600000, 0x0000000087f50000, 0x000000009a2c0000)
  eden space 33856K,   0% used [0x0000000085600000, 0x0000000085600000, 0x0000000087710000)
  from space 4224K,   1% used [0x0000000087b30000, 0x0000000087b3d380, 0x0000000087f50000)
  to   space 4224K,   0% used [0x0000000087710000, 0x0000000087710000, 0x0000000087b30000)
 concurrent mark-sweep generation total 118092K, used 84968K [0x000000009a2c0000, 0x00000000a1613000, 0x0000000100000000)
 Metaspace       used 110099K, capacity 117493K, committed 117548K, reserved 1150976K
  class space    used 13720K, capacity 15175K, committed 15200K, reserved 1048576K
}
2021-01-18T18:16:35.730+0000: 923.068: Total time for which application threads were stopped: 0.0025049 seconds, Stopping threads took: 0.0000944 seconds
2021-01-18T18:17:14.734+0000: 962.072: Total time for which application threads were stopped: 0.0002988 seconds, Stopping threads took: 0.0000413 seconds
2021-01-18T18:17:57.738+0000: 1005.077: Total time for which application threads were stopped: 0.0001833 seconds, Stopping threads took: 0.0000373 seconds
2021-01-18T18:18:14.740+0000: 1022.079: Total time for which application threads were stopped: 0.0003130 seconds, Stopping threads took: 0.0000512 seconds
{Heap before GC invocations=275 (full 5):
 par new generation   total 38080K, used 33908K [0x0000000085600000, 0x0000000087f50000, 0x000000009a2c0000)
  eden space 33856K, 100% used [0x0000000085600000, 0x0000000087710000, 0x0000000087710000)
  from space 4224K,   1% used [0x0000000087b30000, 0x0000000087b3d380, 0x0000000087f50000)
  to   space 4224K,   0% used [0x0000000087710000, 0x0000000087710000, 0x0000000087b30000)
 concurrent mark-sweep generation total 118092K, used 84968K [0x000000009a2c0000, 0x00000000a1613000, 0x0000000100000000)
 Metaspace       used 110119K, capacity 117511K, committed 117548K, reserved 1150976K
  class space    used 13722K, capacity 15178K, committed 15200K, reserved 1048576K
2021-01-18T18:18:21.257+0000: 1028.596: [GC (Allocation Failure) 2021-01-18T18:18:21.257+0000: 1028.596: [ParNew
Desired survivor size 2162688 bytes, new threshold 6 (max 6)
- age   1:      40928 bytes,      40928 total
- age   2:        664 bytes,      41592 total
- age   3:        672 bytes,      42264 total
- age   4:        856 bytes,      43120 total
- age   5:        480 bytes,      43600 total
- age   6:         80 bytes,      43680 total
: 33908K->55K(38080K), 0.0033747 secs] 118877K->85025K(156172K), 0.0034851 secs] [Times: user=0.01 sys=0.00, real=0.01 secs] 
Heap after GC invocations=276 (full 5):
 par new generation   total 38080K, used 55K [0x0000000085600000, 0x0000000087f50000, 0x000000009a2c0000)
  eden space 33856K,   0% used [0x0000000085600000, 0x0000000085600000, 0x0000000087710000)
  from space 4224K,   1% used [0x0000000087710000, 0x000000008771df38, 0x0000000087b30000)
  to   space 4224K,   0% used [0x0000000087b30000, 0x0000000087b30000, 0x0000000087f50000)
 concurrent mark-sweep generation total 118092K, used 84969K [0x000000009a2c0000, 0x00000000a1613000, 0x0000000100000000)
 Metaspace       used 110119K, capacity 117511K, committed 117548K, reserved 1150976K
  class space    used 13722K, capacity 15178K, committed 15200K, reserved 1048576K
}
2021-01-18T18:18:21.261+0000: 1028.599: Total time for which application threads were stopped: 0.0037846 seconds, Stopping threads took: 0.0000587 seconds
{Heap before GC invocations=276 (full 5):
 par new generation   total 38080K, used 33911K [0x0000000085600000, 0x0000000087f50000, 0x000000009a2c0000)
  eden space 33856K, 100% used [0x0000000085600000, 0x0000000087710000, 0x0000000087710000)
  from space 4224K,   1% used [0x0000000087710000, 0x000000008771df38, 0x0000000087b30000)
  to   space 4224K,   0% used [0x0000000087b30000, 0x0000000087b30000, 0x0000000087f50000)
 concurrent mark-sweep generation total 118092K, used 84969K [0x000000009a2c0000, 0x00000000a1613000, 0x0000000100000000)
 Metaspace       used 110122K, capacity 117517K, committed 117548K, reserved 1150976K
  class space    used 13722K, capacity 15179K, committed 15200K, reserved 1048576K
2021-01-18T18:20:06.856+0000: 1134.194: [GC (Allocation Failure) 2021-01-18T18:20:06.856+0000: 1134.194: [ParNew
Desired survivor size 2162688 bytes, new threshold 6 (max 6)
- age   1:      72312 bytes,      72312 total
- age   2:       3744 bytes,      76056 total
- age   3:        664 bytes,      76720 total
- age   4:        672 bytes,      77392 total
- age   5:        856 bytes,      78248 total
- age   6:        480 bytes,      78728 total
: 33911K->80K(38080K), 0.0026281 secs] 118881K->85050K(156172K), 0.0027522 secs] [Times: user=0.01 sys=0.00, real=0.01 secs] 
Heap after GC invocations=277 (full 5):
 par new generation   total 38080K, used 80K [0x0000000085600000, 0x0000000087f50000, 0x000000009a2c0000)
  eden space 33856K,   0% used [0x0000000085600000, 0x0000000085600000, 0x0000000087710000)
  from space 4224K,   1% used [0x0000000087b30000, 0x0000000087b442f0, 0x0000000087f50000)
  to   space 4224K,   0% used [0x0000000087710000, 0x0000000087710000, 0x0000000087b30000)
 concurrent mark-sweep generation total 118092K, used 84969K [0x000000009a2c0000, 0x00000000a1613000, 0x0000000100000000)
 Metaspace       used 110122K, capacity 117517K, committed 117548K, reserved 1150976K
  class space    used 13722K, capacity 15179K, committed 15200K, reserved 1048576K
}
2021-01-18T18:20:06.859+0000: 1134.197: Total time for which application threads were stopped: 0.0030588 seconds, Stopping threads took: 0.0000374 seconds
2021-01-18T18:21:13.868+0000: 1201.206: Total time for which application threads were stopped: 0.0002355 seconds, Stopping threads took: 0.0000453 seconds
{Heap before GC invocations=277 (full 5):
 par new generation   total 38080K, used 33936K [0x0000000085600000, 0x0000000087f50000, 0x000000009a2c0000)
  eden space 33856K, 100% used [0x0000000085600000, 0x0000000087710000, 0x0000000087710000)
  from space 4224K,   1% used [0x0000000087b30000, 0x0000000087b442f0, 0x0000000087f50000)
  to   space 4224K,   0% used [0x0000000087710000, 0x0000000087710000, 0x0000000087b30000)
 concurrent mark-sweep generation total 118092K, used 84969K [0x000000009a2c0000, 0x00000000a1613000, 0x0000000100000000)
 Metaspace       used 110125K, capacity 117517K, committed 117548K, reserved 1150976K
  class space    used 13722K, capacity 15179K, committed 15200K, reserved 1048576K
2021-01-18T18:21:53.118+0000: 1240.456: [GC (Allocation Failure) 2021-01-18T18:21:53.118+0000: 1240.457: [ParNew
Desired survivor size 2162688 bytes, new threshold 6 (max 6)
- age   1:       3488 bytes,       3488 total
- age   2:        992 bytes,       4480 total
- age   3:       3680 bytes,       8160 total
- age   4:        664 bytes,       8824 total
- age   5:        672 bytes,       9496 total
- age   6:        856 bytes,      10352 total
: 33936K->13K(38080K), 0.0035100 secs] 118906K->84983K(156172K), 0.0039091 secs] [Times: user=0.01 sys=0.00, real=0.01 secs] 
Heap after GC invocations=278 (full 5):
 par new generation   total 38080K, used 13K [0x0000000085600000, 0x0000000087f50000, 0x000000009a2c0000)
  eden space 33856K,   0% used [0x0000000085600000, 0x0000000085600000, 0x0000000087710000)
  from space 4224K,   0% used [0x0000000087710000, 0x0000000087713610, 0x0000000087b30000)
  to   space 4224K,   0% used [0x0000000087b30000, 0x0000000087b30000, 0x0000000087f50000)
 concurrent mark-sweep generation total 118092K, used 84970K [0x000000009a2c0000, 0x00000000a1613000, 0x0000000100000000)
 Metaspace       used 110125K, capacity 117517K, committed 117548K, reserved 1150976K
  class space    used 13722K, capacity 15179K, committed 15200K, reserved 1048576K
}
2021-01-18T18:21:53.122+0000: 1240.460: Total time for which application threads were stopped: 0.0052019 seconds, Stopping threads took: 0.0003467 seconds
2021-01-18T18:23:14.131+0000: 1321.469: Total time for which application threads were stopped: 0.0006209 seconds, Stopping threads took: 0.0001797 seconds
2021-01-18T18:23:32.133+0000: 1339.471: Total time for which application threads were stopped: 0.0001310 seconds, Stopping threads took: 0.0000275 seconds
{Heap before GC invocations=278 (full 5):
 par new generation   total 38080K, used 33869K [0x0000000085600000, 0x0000000087f50000, 0x000000009a2c0000)
  eden space 33856K, 100% used [0x0000000085600000, 0x0000000087710000, 0x0000000087710000)
  from space 4224K,   0% used [0x0000000087710000, 0x0000000087713610, 0x0000000087b30000)
  to   space 4224K,   0% used [0x0000000087b30000, 0x0000000087b30000, 0x0000000087f50000)
 concurrent mark-sweep generation total 118092K, used 84970K [0x000000009a2c0000, 0x00000000a1613000, 0x0000000100000000)
 Metaspace       used 110134K, capacity 117517K, committed 117548K, reserved 1150976K
  class space    used 13722K, capacity 15179K, committed 15200K, reserved 1048576K
2021-01-18T18:23:38.260+0000: 1345.599: [GC (Allocation Failure) 2021-01-18T18:23:38.260+0000: 1345.599: [ParNew
Desired survivor size 2162688 bytes, new threshold 6 (max 6)
- age   1:       3616 bytes,       3616 total
- age   2:         32 bytes,       3648 total
- age   3:        992 bytes,       4640 total
- age   4:       3680 bytes,       8320 total
- age   5:        664 bytes,       8984 total
- age   6:        672 bytes,       9656 total
: 33869K->15K(38080K), 0.0021839 secs] 118839K->84986K(156172K), 0.0022988 secs] [Times: user=0.01 sys=0.00, real=0.00 secs] 
Heap after GC invocations=279 (full 5):
 par new generation   total 38080K, used 15K [0x0000000085600000, 0x0000000087f50000, 0x000000009a2c0000)
  eden space 33856K,   0% used [0x0000000085600000, 0x0000000085600000, 0x0000000087710000)
  from space 4224K,   0% used [0x0000000087b30000, 0x0000000087b33db0, 0x0000000087f50000)
  to   space 4224K,   0% used [0x0000000087710000, 0x0000000087710000, 0x0000000087b30000)
 concurrent mark-sweep generation total 118092K, used 84971K [0x000000009a2c0000, 0x00000000a1613000, 0x0000000100000000)
 Metaspace       used 110134K, capacity 117517K, committed 117548K, reserved 1150976K
  class space    used 13722K, capacity 15179K, committed 15200K, reserved 1048576K
}
2021-01-18T18:23:38.263+0000: 1345.601: Total time for which application threads were stopped: 0.0025502 seconds, Stopping threads took: 0.0000301 seconds
2021-01-18T18:24:10.266+0000: 1377.604: Total time for which application threads were stopped: 0.0001652 seconds, Stopping threads took: 0.0000313 seconds
2021-01-18T18:24:14.267+0000: 1381.606: Total time for which application threads were stopped: 0.0007930 seconds, Stopping threads took: 0.0002168 seconds
2021-01-18T18:25:14.273+0000: 1441.611: Total time for which application threads were stopped: 0.0002372 seconds, Stopping threads took: 0.0000511 seconds
{Heap before GC invocations=279 (full 5):
 par new generation   total 38080K, used 33871K [0x0000000085600000, 0x0000000087f50000, 0x000000009a2c0000)
  eden space 33856K, 100% used [0x0000000085600000, 0x0000000087710000, 0x0000000087710000)
  from space 4224K,   0% used [0x0000000087b30000, 0x0000000087b33db0, 0x0000000087f50000)
  to   space 4224K,   0% used [0x0000000087710000, 0x0000000087710000, 0x0000000087b30000)
 concurrent mark-sweep generation total 118092K, used 84971K [0x000000009a2c0000, 0x00000000a1613000, 0x0000000100000000)
 Metaspace       used 110177K, capacity 117517K, committed 117548K, reserved 1150976K
  class space    used 13723K, capacity 15179K, committed 15200K, reserved 1048576K
2021-01-18T18:25:23.324+0000: 1450.663: [GC (Allocation Failure) 2021-01-18T18:25:23.324+0000: 1450.663: [ParNew
Desired survivor size 2162688 bytes, new threshold 6 (max 6)
- age   1:       6448 bytes,       6448 total
- age   4:        992 bytes,       7440 total
- age   5:       3680 bytes,      11120 total
- age   6:        664 bytes,      11784 total
: 33871K->14K(38080K), 0.0091479 secs] 118842K->84986K(156172K), 0.0093604 secs] [Times: user=0.02 sys=0.01, real=0.01 secs] 
Heap after GC invocations=280 (full 5):
 par new generation   total 38080K, used 14K [0x0000000085600000, 0x0000000087f50000, 0x000000009a2c0000)
  eden space 33856K,   0% used [0x0000000085600000, 0x0000000085600000, 0x0000000087710000)
  from space 4224K,   0% used [0x0000000087710000, 0x0000000087713a80, 0x0000000087b30000)
  to   space 4224K,   0% used [0x0000000087b30000, 0x0000000087b30000, 0x0000000087f50000)
 concurrent mark-sweep generation total 118092K, used 84971K [0x000000009a2c0000, 0x00000000a1613000, 0x0000000100000000)
 Metaspace       used 110177K, capacity 117517K, committed 117548K, reserved 1150976K
  class space    used 13723K, capacity 15179K, committed 15200K, reserved 1048576K
}
2021-01-18T18:25:23.334+0000: 1450.672: Total time for which application threads were stopped: 0.0098123 seconds, Stopping threads took: 0.0000487 seconds
2021-01-18T18:26:14.338+0000: 1501.677: Total time for which application threads were stopped: 0.0005064 seconds, Stopping threads took: 0.0000967 seconds
{Heap before GC invocations=280 (full 5):
 par new generation   total 38080K, used 33870K [0x0000000085600000, 0x0000000087f50000, 0x000000009a2c0000)
  eden space 33856K, 100% used [0x0000000085600000, 0x0000000087710000, 0x0000000087710000)
  from space 4224K,   0% used [0x0000000087710000, 0x0000000087713a80, 0x0000000087b30000)
  to   space 4224K,   0% used [0x0000000087b30000, 0x0000000087b30000, 0x0000000087f50000)
 concurrent mark-sweep generation total 118092K, used 84971K [0x000000009a2c0000, 0x00000000a1613000, 0x0000000100000000)
 Metaspace       used 110186K, capacity 117585K, committed 117804K, reserved 1153024K
  class space    used 13723K, capacity 15179K, committed 15200K, reserved 1048576K
2021-01-18T18:27:08.573+0000: 1555.912: [GC (Allocation Failure) 2021-01-18T18:27:08.573+0000: 1555.912: [ParNew
Desired survivor size 2162688 bytes, new threshold 6 (max 6)
- age   1:      71984 bytes,      71984 total
- age   2:       2848 bytes,      74832 total
- age   5:        992 bytes,      75824 total
- age   6:       3680 bytes,      79504 total
: 33870K->81K(38080K), 0.0049534 secs] 118842K->85054K(156172K), 0.0052696 secs] [Times: user=0.02 sys=0.00, real=0.01 secs] 
Heap after GC invocations=281 (full 5):
 par new generation   total 38080K, used 81K [0x0000000085600000, 0x0000000087f50000, 0x000000009a2c0000)
  eden space 33856K,   0% used [0x0000000085600000, 0x0000000085600000, 0x0000000087710000)
  from space 4224K,   1% used [0x0000000087b30000, 0x0000000087b44780, 0x0000000087f50000)
  to   space 4224K,   0% used [0x0000000087710000, 0x0000000087710000, 0x0000000087b30000)
 concurrent mark-sweep generation total 118092K, used 84972K [0x000000009a2c0000, 0x00000000a1613000, 0x0000000100000000)
 Metaspace       used 110186K, capacity 117585K, committed 117804K, reserved 1153024K
  class space    used 13723K, capacity 15179K, committed 15200K, reserved 1048576K
}
2021-01-18T18:27:08.579+0000: 1555.917: Total time for which application threads were stopped: 0.0056344 seconds, Stopping threads took: 0.0000414 seconds
2021-01-18T18:27:14.579+0000: 1561.918: Total time for which application threads were stopped: 0.0002026 seconds, Stopping threads took: 0.0000387 seconds
2021-01-18T18:27:32.581+0000: 1579.919: Total time for which application threads were stopped: 0.0002078 seconds, Stopping threads took: 0.0000361 seconds
2021-01-18T18:28:05.585+0000: 1612.923: Total time for which application threads were stopped: 0.0004314 seconds, Stopping threads took: 0.0000776 seconds
2021-01-18T18:28:14.586+0000: 1621.924: Total time for which application threads were stopped: 0.0001918 seconds, Stopping threads took: 0.0000372 seconds
{Heap before GC invocations=281 (full 5):
 par new generation   total 38080K, used 33937K [0x0000000085600000, 0x0000000087f50000, 0x000000009a2c0000)
  eden space 33856K, 100% used [0x0000000085600000, 0x0000000087710000, 0x0000000087710000)
  from space 4224K,   1% used [0x0000000087b30000, 0x0000000087b44780, 0x0000000087f50000)
  to   space 4224K,   0% used [0x0000000087710000, 0x0000000087710000, 0x0000000087b30000)
 concurrent mark-sweep generation total 118092K, used 84972K [0x000000009a2c0000, 0x00000000a1613000, 0x0000000100000000)
 Metaspace       used 110201K, capacity 117585K, committed 117804K, reserved 1153024K
  class space    used 13723K, capacity 15179K, committed 15200K, reserved 1048576K
2021-01-18T18:28:53.879+0000: 1661.218: [GC (Allocation Failure) 2021-01-18T18:28:53.879+0000: 1661.218: [ParNew
Desired survivor size 2162688 bytes, new threshold 6 (max 6)
- age   1:       7632 bytes,       7632 total
- age   2:        576 bytes,       8208 total
- age   3:       2784 bytes,      10992 total
- age   6:        992 bytes,      11984 total
: 33937K->17K(38080K), 0.0024631 secs] 118910K->84994K(156172K), 0.0025668 secs] [Times: user=0.01 sys=0.00, real=0.00 secs] 
Heap after GC invocations=282 (full 5):
 par new generation   total 38080K, used 17K [0x0000000085600000, 0x0000000087f50000, 0x000000009a2c0000)
  eden space 33856K,   0% used [0x0000000085600000, 0x0000000085600000, 0x0000000087710000)
  from space 4224K,   0% used [0x0000000087710000, 0x0000000087714740, 0x0000000087b30000)
  to   space 4224K,   0% used [0x0000000087b30000, 0x0000000087b30000, 0x0000000087f50000)
 concurrent mark-sweep generation total 118092K, used 84976K [0x000000009a2c0000, 0x00000000a1613000, 0x0000000100000000)
 Metaspace       used 110201K, capacity 117585K, committed 117804K, reserved 1153024K
  class space    used 13723K, capacity 15179K, committed 15200K, reserved 1048576K
}
2021-01-18T18:28:53.882+0000: 1661.220: Total time for which application threads were stopped: 0.0028265 seconds, Stopping threads took: 0.0000431 seconds
2021-01-18T18:28:54.882+0000: 1662.221: Total time for which application threads were stopped: 0.0002217 seconds, Stopping threads took: 0.0000416 seconds
2021-01-18T18:29:13.884+0000: 1681.223: Total time for which application threads were stopped: 0.0004947 seconds, Stopping threads took: 0.0001002 seconds
2021-01-18T18:29:14.884+0000: 1682.223: Total time for which application threads were stopped: 0.0001383 seconds, Stopping threads took: 0.0000274 seconds
2021-01-18T18:29:17.885+0000: 1685.224: Total time for which application threads were stopped: 0.0002653 seconds, Stopping threads took: 0.0000820 seconds
2021-01-18T18:29:19.886+0000: 1687.224: Total time for which application threads were stopped: 0.0004741 seconds, Stopping threads took: 0.0001682 seconds
2021-01-18T18:29:22.886+0000: 1690.225: Total time for which application threads were stopped: 0.0002171 seconds, Stopping threads took: 0.0000285 seconds
2021-01-18T18:30:13.891+0000: 1741.230: Total time for which application threads were stopped: 0.0002896 seconds, Stopping threads took: 0.0000690 seconds
{Heap before GC invocations=282 (full 5):
 par new generation   total 38080K, used 33873K [0x0000000085600000, 0x0000000087f50000, 0x000000009a2c0000)
  eden space 33856K, 100% used [0x0000000085600000, 0x0000000087710000, 0x0000000087710000)
  from space 4224K,   0% used [0x0000000087710000, 0x0000000087714740, 0x0000000087b30000)
  to   space 4224K,   0% used [0x0000000087b30000, 0x0000000087b30000, 0x0000000087f50000)
 concurrent mark-sweep generation total 118092K, used 84976K [0x000000009a2c0000, 0x00000000a1613000, 0x0000000100000000)
 Metaspace       used 110220K, capacity 117585K, committed 117804K, reserved 1153024K
  class space    used 13723K, capacity 15179K, committed 15200K, reserved 1048576K
2021-01-18T18:30:39.340+0000: 1766.679: [GC (Allocation Failure) 2021-01-18T18:30:39.340+0000: 1766.679: [ParNew
Desired survivor size 2162688 bytes, new threshold 6 (max 6)
- age   1:       6136 bytes,       6136 total
- age   2:       3664 bytes,       9800 total
- age   3:        528 bytes,      10328 total
- age   4:       2784 bytes,      13112 total
: 33873K->15K(38080K), 0.0032029 secs] 118850K->84992K(156172K), 0.0033306 secs] [Times: user=0.01 sys=0.00, real=0.00 secs] 
Heap after GC invocations=283 (full 5):
 par new generation   total 38080K, used 15K [0x0000000085600000, 0x0000000087f50000, 0x000000009a2c0000)
  eden space 33856K,   0% used [0x0000000085600000, 0x0000000085600000, 0x0000000087710000)
  from space 4224K,   0% used [0x0000000087b30000, 0x0000000087b33df0, 0x0000000087f50000)
  to   space 4224K,   0% used [0x0000000087710000, 0x0000000087710000, 0x0000000087b30000)
 concurrent mark-sweep generation total 118092K, used 84977K [0x000000009a2c0000, 0x00000000a1613000, 0x0000000100000000)
 Metaspace       used 110220K, capacity 117585K, committed 117804K, reserved 1153024K
  class space    used 13723K, capacity 15179K, committed 15200K, reserved 1048576K
}
2021-01-18T18:30:39.344+0000: 1766.682: Total time for which application threads were stopped: 0.0036387 seconds, Stopping threads took: 0.0000900 seconds
2021-01-18T18:31:05.346+0000: 1792.684: Total time for which application threads were stopped: 0.0002585 seconds, Stopping threads took: 0.0000613 seconds
2021-01-18T18:31:08.347+0000: 1795.685: Total time for which application threads were stopped: 0.0004270 seconds, Stopping threads took: 0.0001188 seconds
2021-01-18T18:31:14.347+0000: 1801.686: Total time for which application threads were stopped: 0.0001998 seconds, Stopping threads took: 0.0000339 seconds
2021-01-18T18:31:16.348+0000: 1803.686: Total time for which application threads were stopped: 0.0004590 seconds, Stopping threads took: 0.0001134 seconds
2021-01-18T18:31:17.348+0000: 1804.687: Total time for which application threads were stopped: 0.0001856 seconds, Stopping threads took: 0.0000335 seconds
2021-01-18T18:31:19.349+0000: 1806.687: Total time for which application threads were stopped: 0.0004361 seconds, Stopping threads took: 0.0000995 seconds
2021-01-18T18:31:21.349+0000: 1808.688: Total time for which application threads were stopped: 0.0001529 seconds, Stopping threads took: 0.0000282 seconds
2021-01-18T18:32:14.354+0000: 1861.693: Total time for which application threads were stopped: 0.0006644 seconds, Stopping threads took: 0.0000786 seconds
{Heap before GC invocations=283 (full 5):
 par new generation   total 38080K, used 33871K [0x0000000085600000, 0x0000000087f50000, 0x000000009a2c0000)
  eden space 33856K, 100% used [0x0000000085600000, 0x0000000087710000, 0x0000000087710000)
  from space 4224K,   0% used [0x0000000087b30000, 0x0000000087b33df0, 0x0000000087f50000)
  to   space 4224K,   0% used [0x0000000087710000, 0x0000000087710000, 0x0000000087b30000)
 concurrent mark-sweep generation total 118092K, used 84977K [0x000000009a2c0000, 0x00000000a1613000, 0x0000000100000000)
 Metaspace       used 110256K, capacity 117655K, committed 117804K, reserved 1153024K
  class space    used 13723K, capacity 15180K, committed 15200K, reserved 1048576K
2021-01-18T18:32:20.420+0000: 1867.758: [GC (Allocation Failure) 2021-01-18T18:32:20.420+0000: 1867.758: [ParNew
Desired survivor size 2162688 bytes, new threshold 6 (max 6)
- age   1:     863296 bytes,     863296 total
- age   2:       2328 bytes,     865624 total
- age   3:       3632 bytes,     869256 total
- age   4:        528 bytes,     869784 total
- age   5:       2784 bytes,     872568 total
: 33871K->867K(38080K), 0.0034155 secs] 118848K->85844K(156172K), 0.0035786 secs] [Times: user=0.01 sys=0.00, real=0.00 secs] 
Heap after GC invocations=284 (full 5):
 par new generation   total 38080K, used 867K [0x0000000085600000, 0x0000000087f50000, 0x000000009a2c0000)
  eden space 33856K,   0% used [0x0000000085600000, 0x0000000085600000, 0x0000000087710000)
  from space 4224K,  20% used [0x0000000087710000, 0x00000000877e8c68, 0x0000000087b30000)
  to   space 4224K,   0% used [0x0000000087b30000, 0x0000000087b30000, 0x0000000087f50000)
 concurrent mark-sweep generation total 118092K, used 84977K [0x000000009a2c0000, 0x00000000a1613000, 0x0000000100000000)
 Metaspace       used 110256K, capacity 117655K, committed 117804K, reserved 1153024K
  class space    used 13723K, capacity 15180K, committed 15200K, reserved 1048576K
}
2021-01-18T18:32:20.424+0000: 1867.762: Total time for which application threads were stopped: 0.0041378 seconds, Stopping threads took: 0.0001127 seconds
{Heap before GC invocations=284 (full 5):
 par new generation   total 38080K, used 34723K [0x0000000085600000, 0x0000000087f50000, 0x000000009a2c0000)
  eden space 33856K, 100% used [0x0000000085600000, 0x0000000087710000, 0x0000000087710000)
  from space 4224K,  20% used [0x0000000087710000, 0x00000000877e8c68, 0x0000000087b30000)
  to   space 4224K,   0% used [0x0000000087b30000, 0x0000000087b30000, 0x0000000087f50000)
 concurrent mark-sweep generation total 118092K, used 84977K [0x000000009a2c0000, 0x00000000a1613000, 0x0000000100000000)
 Metaspace       used 110258K, capacity 117655K, committed 117804K, reserved 1153024K
  class space    used 13723K, capacity 15180K, committed 15200K, reserved 1048576K
2021-01-18T18:34:06.306+0000: 1973.645: [GC (Allocation Failure) 2021-01-18T18:34:06.307+0000: 1973.645: [ParNew
Desired survivor size 2162688 bytes, new threshold 6 (max 6)
- age   1:      71328 bytes,      71328 total
- age   2:     825936 bytes,     897264 total
- age   3:       2328 bytes,     899592 total
- age   4:       3632 bytes,     903224 total
- age   5:        528 bytes,     903752 total
- age   6:       2784 bytes,     906536 total
: 34723K->1059K(38080K), 0.0085124 secs] 119700K->86037K(156172K), 0.0087125 secs] [Times: user=0.02 sys=0.00, real=0.00 secs] 
Heap after GC invocations=285 (full 5):
 par new generation   total 38080K, used 1059K [0x0000000085600000, 0x0000000087f50000, 0x000000009a2c0000)
  eden space 33856K,   0% used [0x0000000085600000, 0x0000000085600000, 0x0000000087710000)
  from space 4224K,  25% used [0x0000000087b30000, 0x0000000087c38fa0, 0x0000000087f50000)
  to   space 4224K,   0% used [0x0000000087710000, 0x0000000087710000, 0x0000000087b30000)
 concurrent mark-sweep generation total 118092K, used 84977K [0x000000009a2c0000, 0x00000000a1613000, 0x0000000100000000)
 Metaspace       used 110258K, capacity 117655K, committed 117804K, reserved 1153024K
  class space    used 13723K, capacity 15180K, committed 15200K, reserved 1048576K
}
2021-01-18T18:34:06.315+0000: 1973.654: Total time for which application threads were stopped: 0.0092487 seconds, Stopping threads took: 0.0000761 seconds
2021-01-18T18:34:14.316+0000: 1981.655: Total time for which application threads were stopped: 0.0001506 seconds, Stopping threads took: 0.0000316 seconds
2021-01-18T18:35:14.322+0000: 2041.660: Total time for which application threads were stopped: 0.0003875 seconds, Stopping threads took: 0.0000423 seconds
{Heap before GC invocations=285 (full 5):
 par new generation   total 38080K, used 34915K [0x0000000085600000, 0x0000000087f50000, 0x000000009a2c0000)
  eden space 33856K, 100% used [0x0000000085600000, 0x0000000087710000, 0x0000000087710000)
  from space 4224K,  25% used [0x0000000087b30000, 0x0000000087c38fa0, 0x0000000087f50000)
  to   space 4224K,   0% used [0x0000000087710000, 0x0000000087710000, 0x0000000087b30000)
 concurrent mark-sweep generation total 118092K, used 84977K [0x000000009a2c0000, 0x00000000a1613000, 0x0000000100000000)
 Metaspace       used 110275K, capacity 117655K, committed 117804K, reserved 1153024K
  class space    used 13723K, capacity 15180K, committed 15200K, reserved 1048576K
2021-01-18T18:35:52.254+0000: 2079.593: [GC (Allocation Failure) 2021-01-18T18:35:52.254+0000: 2079.593: [ParNew
Desired survivor size 2162688 bytes, new threshold 6 (max 6)
- age   1:       4624 bytes,       4624 total
- age   2:        144 bytes,       4768 total
- age   3:     825872 bytes,     830640 total
- age   4:       2328 bytes,     832968 total
- age   5:       3632 bytes,     836600 total
- age   6:        528 bytes,     837128 total
: 34915K->931K(38080K), 0.0040348 secs] 119893K->85911K(156172K), 0.0041892 secs] [Times: user=0.00 sys=0.01, real=0.01 secs] 
Heap after GC invocations=286 (full 5):
 par new generation   total 38080K, used 931K [0x0000000085600000, 0x0000000087f50000, 0x000000009a2c0000)
  eden space 33856K,   0% used [0x0000000085600000, 0x0000000085600000, 0x0000000087710000)
  from space 4224K,  22% used [0x0000000087710000, 0x00000000877f8f80, 0x0000000087b30000)
  to   space 4224K,   0% used [0x0000000087b30000, 0x0000000087b30000, 0x0000000087f50000)
 concurrent mark-sweep generation total 118092K, used 84979K [0x000000009a2c0000, 0x00000000a1613000, 0x0000000100000000)
 Metaspace       used 110275K, capacity 117655K, committed 117804K, reserved 1153024K
  class space    used 13723K, capacity 15180K, committed 15200K, reserved 1048576K
}
2021-01-18T18:35:52.258+0000: 2079.597: Total time for which application threads were stopped: 0.0044854 seconds, Stopping threads took: 0.0000367 seconds
2021-01-18T18:35:53.259+0000: 2080.597: Total time for which application threads were stopped: 0.0001428 seconds, Stopping threads took: 0.0000325 seconds
2021-01-18T18:36:14.261+0000: 2101.599: Total time for which application threads were stopped: 0.0003241 seconds, Stopping threads took: 0.0000593 seconds
2021-01-18T18:37:14.266+0000: 2161.604: Total time for which application threads were stopped: 0.0002175 seconds, Stopping threads took: 0.0000803 seconds
{Heap before GC invocations=286 (full 5):
 par new generation   total 38080K, used 34787K [0x0000000085600000, 0x0000000087f50000, 0x000000009a2c0000)
  eden space 33856K, 100% used [0x0000000085600000, 0x0000000087710000, 0x0000000087710000)
  from space 4224K,  22% used [0x0000000087710000, 0x00000000877f8f80, 0x0000000087b30000)
  to   space 4224K,   0% used [0x0000000087b30000, 0x0000000087b30000, 0x0000000087f50000)
 concurrent mark-sweep generation total 118092K, used 84979K [0x000000009a2c0000, 0x00000000a1613000, 0x0000000100000000)
 Metaspace       used 110278K, capacity 117655K, committed 117804K, reserved 1153024K
  class space    used 13723K, capacity 15180K, committed 15200K, reserved 1048576K
2021-01-18T18:37:37.223+0000: 2184.562: [GC (Allocation Failure) 2021-01-18T18:37:37.223+0000: 2184.562: [ParNew
Desired survivor size 2162688 bytes, new threshold 6 (max 6)
- age   1:       4944 bytes,       4944 total
- age   2:       1088 bytes,       6032 total
- age   3:        144 bytes,       6176 total
- age   4:     825872 bytes,     832048 total
- age   5:       2328 bytes,     834376 total
- age   6:       3632 bytes,     838008 total
: 34787K->1399K(38080K), 0.0162424 secs] 119767K->86379K(156172K), 0.0163858 secs] [Times: user=0.02 sys=0.00, real=0.02 secs] 
Heap after GC invocations=287 (full 5):
 par new generation   total 38080K, used 1399K [0x0000000085600000, 0x0000000087f50000, 0x000000009a2c0000)
  eden space 33856K,   0% used [0x0000000085600000, 0x0000000085600000, 0x0000000087710000)
  from space 4224K,  33% used [0x0000000087b30000, 0x0000000087c8dc80, 0x0000000087f50000)
  to   space 4224K,   0% used [0x0000000087710000, 0x0000000087710000, 0x0000000087b30000)
 concurrent mark-sweep generation total 118092K, used 84980K [0x000000009a2c0000, 0x00000000a1613000, 0x0000000100000000)
 Metaspace       used 110278K, capacity 117655K, committed 117804K, reserved 1153024K
  class space    used 13723K, capacity 15180K, committed 15200K, reserved 1048576K
}
2021-01-18T18:37:37.239+0000: 2184.578: Total time for which application threads were stopped: 0.0166886 seconds, Stopping threads took: 0.0000344 seconds
2021-01-18T18:38:08.242+0000: 2215.581: Total time for which application threads were stopped: 0.0003747 seconds, Stopping threads took: 0.0000774 seconds
2021-01-18T18:38:14.243+0000: 2221.582: Total time for which application threads were stopped: 0.0002672 seconds, Stopping threads took: 0.0000524 seconds
{Heap before GC invocations=287 (full 5):
 par new generation   total 38080K, used 35255K [0x0000000085600000, 0x0000000087f50000, 0x000000009a2c0000)
  eden space 33856K, 100% used [0x0000000085600000, 0x0000000087710000, 0x0000000087710000)
  from space 4224K,  33% used [0x0000000087b30000, 0x0000000087c8dc80, 0x0000000087f50000)
  to   space 4224K,   0% used [0x0000000087710000, 0x0000000087710000, 0x0000000087b30000)
 concurrent mark-sweep generation total 118092K, used 84980K [0x000000009a2c0000, 0x00000000a1613000, 0x0000000100000000)
 Metaspace       used 110283K, capacity 117655K, committed 117804K, reserved 1153024K
  class space    used 13723K, capacity 15180K, committed 15200K, reserved 1048576K
2021-01-18T18:39:22.595+0000: 2289.934: [GC (Allocation Failure) 2021-01-18T18:39:22.595+0000: 2289.934: [ParNew
Desired survivor size 2162688 bytes, new threshold 6 (max 6)
- age   1:       4112 bytes,       4112 total
- age   2:       1224 bytes,       5336 total
- age   3:       1056 bytes,       6392 total
- age   4:        144 bytes,       6536 total
- age   5:     825872 bytes,     832408 total
- age   6:       2328 bytes,     834736 total
: 35255K->1266K(38080K), 0.0144368 secs] 120235K->86250K(156172K), 0.0146394 secs] [Times: user=0.03 sys=0.00, real=0.02 secs] 
Heap after GC invocations=288 (full 5):
 par new generation   total 38080K, used 1266K [0x0000000085600000, 0x0000000087f50000, 0x000000009a2c0000)
  eden space 33856K,   0% used [0x0000000085600000, 0x0000000085600000, 0x0000000087710000)
  from space 4224K,  29% used [0x0000000087710000, 0x000000008784cb80, 0x0000000087b30000)
  to   space 4224K,   0% used [0x0000000087b30000, 0x0000000087b30000, 0x0000000087f50000)
 concurrent mark-sweep generation total 118092K, used 84984K [0x000000009a2c0000, 0x00000000a1613000, 0x0000000100000000)
 Metaspace       used 110283K, capacity 117655K, committed 117804K, reserved 1153024K
  class space    used 13723K, capacity 15180K, committed 15200K, reserved 1048576K
}
2021-01-18T18:39:22.610+0000: 2289.948: Total time for which application threads were stopped: 0.0152170 seconds, Stopping threads took: 0.0001222 seconds
2021-01-18T18:40:14.615+0000: 2341.954: Total time for which application threads were stopped: 0.0002554 seconds, Stopping threads took: 0.0000417 seconds
2021-01-18T18:40:53.618+0000: 2380.957: Total time for which application threads were stopped: 0.0002699 seconds, Stopping threads took: 0.0000548 seconds
{Heap before GC invocations=288 (full 5):
 par new generation   total 38080K, used 35122K [0x0000000085600000, 0x0000000087f50000, 0x000000009a2c0000)
  eden space 33856K, 100% used [0x0000000085600000, 0x0000000087710000, 0x0000000087710000)
  from space 4224K,  29% used [0x0000000087710000, 0x000000008784cb80, 0x0000000087b30000)
  to   space 4224K,   0% used [0x0000000087b30000, 0x0000000087b30000, 0x0000000087f50000)
 concurrent mark-sweep generation total 118092K, used 84984K [0x000000009a2c0000, 0x00000000a1613000, 0x0000000100000000)
 Metaspace       used 110285K, capacity 117655K, committed 117804K, reserved 1153024K
  class space    used 13723K, capacity 15180K, committed 15200K, reserved 1048576K
2021-01-18T18:41:07.974+0000: 2395.312: [GC (Allocation Failure) 2021-01-18T18:41:07.974+0000: 2395.312: [ParNew
Desired survivor size 2162688 bytes, new threshold 6 (max 6)
- age   1:      71432 bytes,      71432 total
- age   2:        424 bytes,      71856 total
- age   3:       1224 bytes,      73080 total
- age   4:       1056 bytes,      74136 total
- age   5:        144 bytes,      74280 total
- age   6:     825872 bytes,     900152 total
: 35122K->1107K(38080K), 0.0028923 secs] 120106K->86093K(156172K), 0.0030312 secs] [Times: user=0.01 sys=0.00, real=0.00 secs] 
Heap after GC invocations=289 (full 5):
 par new generation   total 38080K, used 1107K [0x0000000085600000, 0x0000000087f50000, 0x000000009a2c0000)
  eden space 33856K,   0% used [0x0000000085600000, 0x0000000085600000, 0x0000000087710000)
  from space 4224K,  26% used [0x0000000087b30000, 0x0000000087c44c90, 0x0000000087f50000)
  to   space 4224K,   0% used [0x0000000087710000, 0x0000000087710000, 0x0000000087b30000)
 concurrent mark-sweep generation total 118092K, used 84986K [0x000000009a2c0000, 0x00000000a1613000, 0x0000000100000000)
 Metaspace       used 110285K, capacity 117655K, committed 117804K, reserved 1153024K
  class space    used 13723K, capacity 15180K, committed 15200K, reserved 1048576K
}
2021-01-18T18:41:07.977+0000: 2395.315: Total time for which application threads were stopped: 0.0033164 seconds, Stopping threads took: 0.0000323 seconds
2021-01-18T18:41:08.977+0000: 2396.316: Total time for which application threads were stopped: 0.0004254 seconds, Stopping threads took: 0.0000773 seconds
2021-01-18T18:41:13.978+0000: 2401.316: Total time for which application threads were stopped: 0.0002228 seconds, Stopping threads took: 0.0000445 seconds
{Heap before GC invocations=289 (full 5):
 par new generation   total 38080K, used 34934K [0x0000000085600000, 0x0000000087f50000, 0x000000009a2c0000)
  eden space 33856K,  99% used [0x0000000085600000, 0x0000000087708ea0, 0x0000000087710000)
  from space 4224K,  26% used [0x0000000087b30000, 0x0000000087c44c90, 0x0000000087f50000)
  to   space 4224K,   0% used [0x0000000087710000, 0x0000000087710000, 0x0000000087b30000)
 concurrent mark-sweep generation total 118092K, used 84986K [0x000000009a2c0000, 0x00000000a1613000, 0x0000000100000000)
 Metaspace       used 110292K, capacity 117655K, committed 117804K, reserved 1153024K
  class space    used 13723K, capacity 15180K, committed 15200K, reserved 1048576K
2021-01-18T18:42:53.397+0000: 2500.736: [GC (Allocation Failure) 2021-01-18T18:42:53.397+0000: 2500.736: [ParNew
Desired survivor size 2162688 bytes, new threshold 6 (max 6)
- age   1:       3688 bytes,       3688 total
- age   2:         48 bytes,       3736 total
- age   3:        360 bytes,       4096 total
- age   4:       1224 bytes,       5320 total
- age   5:       1056 bytes,       6376 total
- age   6:        144 bytes,       6520 total
: 34934K->843K(38080K), 0.0066947 secs] 119921K->86647K(156172K), 0.0070016 secs] [Times: user=0.02 sys=0.00, real=0.01 secs] 
Heap after GC invocations=290 (full 5):
 par new generation   total 38080K, used 843K [0x0000000085600000, 0x0000000087f50000, 0x000000009a2c0000)
  eden space 33856K,   0% used [0x0000000085600000, 0x0000000085600000, 0x0000000087710000)
  from space 4224K,  19% used [0x0000000087710000, 0x00000000877e2f60, 0x0000000087b30000)
  to   space 4224K,   0% used [0x0000000087b30000, 0x0000000087b30000, 0x0000000087f50000)
 concurrent mark-sweep generation total 118092K, used 85803K [0x000000009a2c0000, 0x00000000a1613000, 0x0000000100000000)
 Metaspace       used 110292K, capacity 117655K, committed 117804K, reserved 1153024K
  class space    used 13723K, capacity 15180K, committed 15200K, reserved 1048576K
}
2021-01-18T18:42:53.404+0000: 2500.743: Total time for which application threads were stopped: 0.0076316 seconds, Stopping threads took: 0.0001015 seconds
2021-01-18T18:44:08.410+0000: 2575.749: Total time for which application threads were stopped: 0.0002016 seconds, Stopping threads took: 0.0000368 seconds
2021-01-18T18:44:14.411+0000: 2581.750: Total time for which application threads were stopped: 0.0004134 seconds, Stopping threads took: 0.0001061 seconds
2021-01-18T18:44:15.412+0000: 2582.751: Total time for which application threads were stopped: 0.0004987 seconds, Stopping threads took: 0.0000961 seconds
{Heap before GC invocations=290 (full 5):
 par new generation   total 38080K, used 34699K [0x0000000085600000, 0x0000000087f50000, 0x000000009a2c0000)
  eden space 33856K, 100% used [0x0000000085600000, 0x0000000087710000, 0x0000000087710000)
  from space 4224K,  19% used [0x0000000087710000, 0x00000000877e2f60, 0x0000000087b30000)
  to   space 4224K,   0% used [0x0000000087b30000, 0x0000000087b30000, 0x0000000087f50000)
 concurrent mark-sweep generation total 118092K, used 85803K [0x000000009a2c0000, 0x00000000a1613000, 0x0000000100000000)
 Metaspace       used 110323K, capacity 117719K, committed 117804K, reserved 1153024K
  class space    used 13723K, capacity 15180K, committed 15200K, reserved 1048576K
2021-01-18T18:44:38.811+0000: 2606.150: [GC (Allocation Failure) 2021-01-18T18:44:38.811+0000: 2606.150: [ParNew
Desired survivor size 2162688 bytes, new threshold 6 (max 6)
- age   1:       5312 bytes,       5312 total
- age   2:        152 bytes,       5464 total
- age   4:        360 bytes,       5824 total
- age   5:       1224 bytes,       7048 total
- age   6:       1056 bytes,       8104 total
: 34699K->159K(38080K), 0.0045247 secs] 120503K->85962K(156172K), 0.0046977 secs] [Times: user=0.01 sys=0.00, real=0.00 secs] 
Heap after GC invocations=291 (full 5):
 par new generation   total 38080K, used 159K [0x0000000085600000, 0x0000000087f50000, 0x000000009a2c0000)
  eden space 33856K,   0% used [0x0000000085600000, 0x0000000085600000, 0x0000000087710000)
  from space 4224K,   3% used [0x0000000087b30000, 0x0000000087b57c78, 0x0000000087f50000)
  to   space 4224K,   0% used [0x0000000087710000, 0x0000000087710000, 0x0000000087b30000)
 concurrent mark-sweep generation total 118092K, used 85803K [0x000000009a2c0000, 0x00000000a1613000, 0x0000000100000000)
 Metaspace       used 110323K, capacity 117719K, committed 117804K, reserved 1153024K
  class space    used 13723K, capacity 15180K, committed 15200K, reserved 1048576K
}
2021-01-18T18:44:38.816+0000: 2606.154: Total time for which application threads were stopped: 0.0049931 seconds, Stopping threads took: 0.0000418 seconds
2021-01-18T18:44:41.816+0000: 2609.155: Total time for which application threads were stopped: 0.0001709 seconds, Stopping threads took: 0.0000323 seconds
2021-01-18T18:44:51.818+0000: 2619.156: Total time for which application threads were stopped: 0.0004012 seconds, Stopping threads took: 0.0000907 seconds
2021-01-18T18:45:01.819+0000: 2629.157: Total time for which application threads were stopped: 0.0001637 seconds, Stopping threads took: 0.0000335 seconds
2021-01-18T18:45:05.819+0000: 2633.158: Total time for which application threads were stopped: 0.0001755 seconds, Stopping threads took: 0.0000333 seconds
2021-01-18T18:45:07.820+0000: 2635.158: Total time for which application threads were stopped: 0.0003521 seconds, Stopping threads took: 0.0000948 seconds
2021-01-18T18:46:13.826+0000: 2701.165: Total time for which application threads were stopped: 0.0006270 seconds, Stopping threads took: 0.0001089 seconds
{Heap before GC invocations=291 (full 5):
 par new generation   total 38080K, used 34015K [0x0000000085600000, 0x0000000087f50000, 0x000000009a2c0000)
  eden space 33856K, 100% used [0x0000000085600000, 0x0000000087710000, 0x0000000087710000)
  from space 4224K,   3% used [0x0000000087b30000, 0x0000000087b57c78, 0x0000000087f50000)
  to   space 4224K,   0% used [0x0000000087710000, 0x0000000087710000, 0x0000000087b30000)
 concurrent mark-sweep generation total 118092K, used 85803K [0x000000009a2c0000, 0x00000000a1613000, 0x0000000100000000)
 Metaspace       used 110376K, capacity 117719K, committed 117804K, reserved 1153024K
  class space    used 13723K, capacity 15180K, committed 15200K, reserved 1048576K
2021-01-18T18:46:24.281+0000: 2711.619: [GC (Allocation Failure) 2021-01-18T18:46:24.281+0000: 2711.619: [ParNew
Desired survivor size 2162688 bytes, new threshold 6 (max 6)
- age   1:      10656 bytes,      10656 total
- age   2:       1544 bytes,      12200 total
- age   3:        120 bytes,      12320 total
- age   5:        360 bytes,      12680 total
- age   6:       1224 bytes,      13904 total
: 34015K->40K(38080K), 0.0227557 secs] 119818K->85845K(156172K), 0.0229427 secs] [Times: user=0.03 sys=0.00, real=0.02 secs] 
Heap after GC invocations=292 (full 5):
 par new generation   total 38080K, used 40K [0x0000000085600000, 0x0000000087f50000, 0x000000009a2c0000)
  eden space 33856K,   0% used [0x0000000085600000, 0x0000000085600000, 0x0000000087710000)
  from space 4224K,   0% used [0x0000000087710000, 0x000000008771a380, 0x0000000087b30000)
  to   space 4224K,   0% used [0x0000000087b30000, 0x0000000087b30000, 0x0000000087f50000)
 concurrent mark-sweep generation total 118092K, used 85804K [0x000000009a2c0000, 0x00000000a1613000, 0x0000000100000000)
 Metaspace       used 110376K, capacity 117719K, committed 117804K, reserved 1153024K
  class space    used 13723K, capacity 15180K, committed 15200K, reserved 1048576K
}
2021-01-18T18:46:24.304+0000: 2711.642: Total time for which application threads were stopped: 0.0234114 seconds, Stopping threads took: 0.0000926 seconds
2021-01-18T18:47:14.308+0000: 2761.647: Total time for which application threads were stopped: 0.0002777 seconds, Stopping threads took: 0.0000579 seconds
{Heap before GC invocations=292 (full 5):
 par new generation   total 38080K, used 33896K [0x0000000085600000, 0x0000000087f50000, 0x000000009a2c0000)
  eden space 33856K, 100% used [0x0000000085600000, 0x0000000087710000, 0x0000000087710000)
  from space 4224K,   0% used [0x0000000087710000, 0x000000008771a380, 0x0000000087b30000)
  to   space 4224K,   0% used [0x0000000087b30000, 0x0000000087b30000, 0x0000000087f50000)
 concurrent mark-sweep generation total 118092K, used 85804K [0x000000009a2c0000, 0x00000000a1613000, 0x0000000100000000)
 Metaspace       used 110404K, capacity 117783K, committed 117804K, reserved 1153024K
  class space    used 13723K, capacity 15180K, committed 15200K, reserved 1048576K
2021-01-18T18:48:09.758+0000: 2817.097: [GC (Allocation Failure) 2021-01-18T18:48:09.758+0000: 2817.097: [ParNew
Desired survivor size 2162688 bytes, new threshold 6 (max 6)
- age   1:      74120 bytes,      74120 total
- age   2:       7376 bytes,      81496 total
- age   3:       1544 bytes,      83040 total
- age   4:        120 bytes,      83160 total
- age   6:        360 bytes,      83520 total
: 33896K->89K(38080K), 0.0070086 secs] 119701K->85895K(156172K), 0.0073251 secs] [Times: user=0.01 sys=0.00, real=0.01 secs] 
Heap after GC invocations=293 (full 5):
 par new generation   total 38080K, used 89K [0x0000000085600000, 0x0000000087f50000, 0x000000009a2c0000)
  eden space 33856K,   0% used [0x0000000085600000, 0x0000000085600000, 0x0000000087710000)
  from space 4224K,   2% used [0x0000000087b30000, 0x0000000087b46620, 0x0000000087f50000)
  to   space 4224K,   0% used [0x0000000087710000, 0x0000000087710000, 0x0000000087b30000)
 concurrent mark-sweep generation total 118092K, used 85806K [0x000000009a2c0000, 0x00000000a1613000, 0x0000000100000000)
 Metaspace       used 110404K, capacity 117783K, committed 117804K, reserved 1153024K
  class space    used 13723K, capacity 15180K, committed 15200K, reserved 1048576K
}
2021-01-18T18:48:09.766+0000: 2817.104: Total time for which application threads were stopped: 0.0078467 seconds, Stopping threads took: 0.0000685 seconds
2021-01-18T18:48:14.766+0000: 2822.105: Total time for which application threads were stopped: 0.0001566 seconds, Stopping threads took: 0.0000318 seconds
2021-01-18T18:49:05.770+0000: 2873.109: Total time for which application threads were stopped: 0.0001549 seconds, Stopping threads took: 0.0000313 seconds
2021-01-18T18:49:14.771+0000: 2882.110: Total time for which application threads were stopped: 0.0002381 seconds, Stopping threads took: 0.0000351 seconds
{Heap before GC invocations=293 (full 5):
 par new generation   total 38080K, used 33945K [0x0000000085600000, 0x0000000087f50000, 0x000000009a2c0000)
  eden space 33856K, 100% used [0x0000000085600000, 0x0000000087710000, 0x0000000087710000)
  from space 4224K,   2% used [0x0000000087b30000, 0x0000000087b46620, 0x0000000087f50000)
  to   space 4224K,   0% used [0x0000000087710000, 0x0000000087710000, 0x0000000087b30000)
 concurrent mark-sweep generation total 118092K, used 85806K [0x000000009a2c0000, 0x00000000a1613000, 0x0000000100000000)
 Metaspace       used 110426K, capacity 117783K, committed 117804K, reserved 1153024K
  class space    used 13723K, capacity 15180K, committed 15200K, reserved 1048576K
2021-01-18T18:49:55.507+0000: 2922.846: [GC (Allocation Failure) 2021-01-18T18:49:55.507+0000: 2922.846: [ParNew
Desired survivor size 2162688 bytes, new threshold 6 (max 6)
- age   1:       4344 bytes,       4344 total
- age   2:       3064 bytes,       7408 total
- age   3:       7312 bytes,      14720 total
- age   4:       1544 bytes,      16264 total
- age   5:        120 bytes,      16384 total
: 33945K->26K(38080K), 0.0074242 secs] 119751K->85832K(156172K), 0.0077626 secs] [Times: user=0.01 sys=0.00, real=0.00 secs] 
Heap after GC invocations=294 (full 5):
 par new generation   total 38080K, used 26K [0x0000000085600000, 0x0000000087f50000, 0x000000009a2c0000)
  eden space 33856K,   0% used [0x0000000085600000, 0x0000000085600000, 0x0000000087710000)
  from space 4224K,   0% used [0x0000000087710000, 0x0000000087716870, 0x0000000087b30000)
  to   space 4224K,   0% used [0x0000000087b30000, 0x0000000087b30000, 0x0000000087f50000)
 concurrent mark-sweep generation total 118092K, used 85806K [0x000000009a2c0000, 0x00000000a1613000, 0x0000000100000000)
 Metaspace       used 110426K, capacity 117783K, committed 117804K, reserved 1153024K
  class space    used 13723K, capacity 15180K, committed 15200K, reserved 1048576K
}
2021-01-18T18:49:55.515+0000: 2922.853: Total time for which application threads were stopped: 0.0083949 seconds, Stopping threads took: 0.0001671 seconds
2021-01-18T18:51:14.523+0000: 3001.861: Total time for which application threads were stopped: 0.0004971 seconds, Stopping threads took: 0.0001002 seconds
{Heap before GC invocations=294 (full 5):
 par new generation   total 38080K, used 33882K [0x0000000085600000, 0x0000000087f50000, 0x000000009a2c0000)
  eden space 33856K, 100% used [0x0000000085600000, 0x0000000087710000, 0x0000000087710000)
  from space 4224K,   0% used [0x0000000087710000, 0x0000000087716870, 0x0000000087b30000)
  to   space 4224K,   0% used [0x0000000087b30000, 0x0000000087b30000, 0x0000000087f50000)
 concurrent mark-sweep generation total 118092K, used 85806K [0x000000009a2c0000, 0x00000000a1613000, 0x0000000100000000)
 Metaspace       used 110450K, capacity 117847K, committed 118060K, reserved 1153024K
  class space    used 13723K, capacity 15180K, committed 15200K, reserved 1048576K
2021-01-18T18:51:41.238+0000: 3028.577: [GC (Allocation Failure) 2021-01-18T18:51:41.238+0000: 3028.577: [ParNew
Desired survivor size 2162688 bytes, new threshold 6 (max 6)
- age   1:       5360 bytes,       5360 total
- age   2:        600 bytes,       5960 total
- age   3:       3064 bytes,       9024 total
- age   4:       7312 bytes,      16336 total
- age   5:       1544 bytes,      17880 total
- age   6:        120 bytes,      18000 total
: 33882K->20K(38080K), 0.0045473 secs] 119688K->85827K(156172K), 0.0047023 secs] [Times: user=0.01 sys=0.00, real=0.00 secs] 
Heap after GC invocations=295 (full 5):
 par new generation   total 38080K, used 20K [0x0000000085600000, 0x0000000087f50000, 0x000000009a2c0000)
  eden space 33856K,   0% used [0x0000000085600000, 0x0000000085600000, 0x0000000087710000)
  from space 4224K,   0% used [0x0000000087b30000, 0x0000000087b353c0, 0x0000000087f50000)
  to   space 4224K,   0% used [0x0000000087710000, 0x0000000087710000, 0x0000000087b30000)
 concurrent mark-sweep generation total 118092K, used 85806K [0x000000009a2c0000, 0x00000000a1613000, 0x0000000100000000)
 Metaspace       used 110450K, capacity 117847K, committed 118060K, reserved 1153024K
  class space    used 13723K, capacity 15180K, committed 15200K, reserved 1048576K
}
2021-01-18T18:51:41.243+0000: 3028.582: Total time for which application threads were stopped: 0.0052920 seconds, Stopping threads took: 0.0000995 seconds
2021-01-18T18:52:14.247+0000: 3061.585: Total time for which application threads were stopped: 0.0003216 seconds, Stopping threads took: 0.0000670 seconds
{Heap before GC invocations=295 (full 5):
 par new generation   total 38080K, used 33876K [0x0000000085600000, 0x0000000087f50000, 0x000000009a2c0000)
  eden space 33856K, 100% used [0x0000000085600000, 0x0000000087710000, 0x0000000087710000)
  from space 4224K,   0% used [0x0000000087b30000, 0x0000000087b353c0, 0x0000000087f50000)
  to   space 4224K,   0% used [0x0000000087710000, 0x0000000087710000, 0x0000000087b30000)
 concurrent mark-sweep generation total 118092K, used 85806K [0x000000009a2c0000, 0x00000000a1613000, 0x0000000100000000)
 Metaspace       used 110450K, capacity 117847K, committed 118060K, reserved 1153024K
  class space    used 13723K, capacity 15180K, committed 15200K, reserved 1048576K
2021-01-18T18:53:26.990+0000: 3134.328: [GC (Allocation Failure) 2021-01-18T18:53:26.990+0000: 3134.328: [ParNew
Desired survivor size 2162688 bytes, new threshold 6 (max 6)
- age   1:       3552 bytes,       3552 total
- age   2:       1528 bytes,       5080 total
- age   3:        568 bytes,       5648 total
- age   4:       3064 bytes,       8712 total
- age   5:       7312 bytes,      16024 total
- age   6:       1544 bytes,      17568 total
: 33876K->25K(38080K), 0.0064908 secs] 119683K->85831K(156172K), 0.0067236 secs] [Times: user=0.01 sys=0.00, real=0.00 secs] 
Heap after GC invocations=296 (full 5):
 par new generation   total 38080K, used 25K [0x0000000085600000, 0x0000000087f50000, 0x000000009a2c0000)
  eden space 33856K,   0% used [0x0000000085600000, 0x0000000085600000, 0x0000000087710000)
  from space 4224K,   0% used [0x0000000087710000, 0x00000000877165a0, 0x0000000087b30000)
  to   space 4224K,   0% used [0x0000000087b30000, 0x0000000087b30000, 0x0000000087f50000)
 concurrent mark-sweep generation total 118092K, used 85806K [0x000000009a2c0000, 0x00000000a1613000, 0x0000000100000000)
 Metaspace       used 110450K, capacity 117847K, committed 118060K, reserved 1153024K
  class space    used 13723K, capacity 15180K, committed 15200K, reserved 1048576K
}
2021-01-18T18:53:26.997+0000: 3134.335: Total time for which application threads were stopped: 0.0071662 seconds, Stopping threads took: 0.0000506 seconds
{Heap before GC invocations=296 (full 5):
 par new generation   total 38080K, used 33881K [0x0000000085600000, 0x0000000087f50000, 0x000000009a2c0000)
  eden space 33856K, 100% used [0x0000000085600000, 0x0000000087710000, 0x0000000087710000)
  from space 4224K,   0% used [0x0000000087710000, 0x00000000877165a0, 0x0000000087b30000)
  to   space 4224K,   0% used [0x0000000087b30000, 0x0000000087b30000, 0x0000000087f50000)
 concurrent mark-sweep generation total 118092K, used 85806K [0x000000009a2c0000, 0x00000000a1613000, 0x0000000100000000)
 Metaspace       used 110451K, capacity 117847K, committed 118060K, reserved 1153024K
  class space    used 13723K, capacity 15180K, committed 15200K, reserved 1048576K
2021-01-18T18:55:12.806+0000: 3240.145: [GC (Allocation Failure) 2021-01-18T18:55:12.806+0000: 3240.145: [ParNew
Desired survivor size 2162688 bytes, new threshold 6 (max 6)
- age   1:      71032 bytes,      71032 total
- age   2:         64 bytes,      71096 total
- age   3:       1528 bytes,      72624 total
- age   4:        568 bytes,      73192 total
- age   5:       3064 bytes,      76256 total
- age   6:       7312 bytes,      83568 total
: 33881K->85K(38080K), 0.0035618 secs] 119687K->85893K(156172K), 0.0036791 secs] [Times: user=0.00 sys=0.00, real=0.01 secs] 
Heap after GC invocations=297 (full 5):
 par new generation   total 38080K, used 85K [0x0000000085600000, 0x0000000087f50000, 0x000000009a2c0000)
  eden space 33856K,   0% used [0x0000000085600000, 0x0000000085600000, 0x0000000087710000)
  from space 4224K,   2% used [0x0000000087b30000, 0x0000000087b455c0, 0x0000000087f50000)
  to   space 4224K,   0% used [0x0000000087710000, 0x0000000087710000, 0x0000000087b30000)
 concurrent mark-sweep generation total 118092K, used 85808K [0x000000009a2c0000, 0x00000000a1613000, 0x0000000100000000)
 Metaspace       used 110451K, capacity 117847K, committed 118060K, reserved 1153024K
  class space    used 13723K, capacity 15180K, committed 15200K, reserved 1048576K
}
2021-01-18T18:55:12.810+0000: 3240.148: Total time for which application threads were stopped: 0.0039738 seconds, Stopping threads took: 0.0000294 seconds
2021-01-18T18:55:14.810+0000: 3242.149: Total time for which application threads were stopped: 0.0001356 seconds, Stopping threads took: 0.0000278 seconds
2021-01-18T18:56:13.816+0000: 3301.155: Total time for which application threads were stopped: 0.0002594 seconds, Stopping threads took: 0.0000492 seconds
2021-01-18T18:56:14.817+0000: 3302.156: Total time for which application threads were stopped: 0.0007308 seconds, Stopping threads took: 0.0001670 seconds
{Heap before GC invocations=297 (full 5):
 par new generation   total 38080K, used 33941K [0x0000000085600000, 0x0000000087f50000, 0x000000009a2c0000)
  eden space 33856K, 100% used [0x0000000085600000, 0x0000000087710000, 0x0000000087710000)
  from space 4224K,   2% used [0x0000000087b30000, 0x0000000087b455c0, 0x0000000087f50000)
  to   space 4224K,   0% used [0x0000000087710000, 0x0000000087710000, 0x0000000087b30000)
 concurrent mark-sweep generation total 118092K, used 85808K [0x000000009a2c0000, 0x00000000a1613000, 0x0000000100000000)
 Metaspace       used 110454K, capacity 117847K, committed 118060K, reserved 1153024K
  class space    used 13723K, capacity 15180K, committed 15200K, reserved 1048576K
2021-01-18T18:56:58.831+0000: 3346.170: [GC (Allocation Failure) 2021-01-18T18:56:58.831+0000: 3346.170: [ParNew
Desired survivor size 2162688 bytes, new threshold 6 (max 6)
- age   1:       3840 bytes,       3840 total
- age   2:         48 bytes,       3888 total
- age   4:       1528 bytes,       5416 total
- age   5:        568 bytes,       5984 total
- age   6:       3064 bytes,       9048 total
: 33941K->13K(38080K), 0.0097912 secs] 119749K->85828K(156172K), 0.0102124 secs] [Times: user=0.01 sys=0.01, real=0.01 secs] 
Heap after GC invocations=298 (full 5):
 par new generation   total 38080K, used 13K [0x0000000085600000, 0x0000000087f50000, 0x000000009a2c0000)
  eden space 33856K,   0% used [0x0000000085600000, 0x0000000085600000, 0x0000000087710000)
  from space 4224K,   0% used [0x0000000087710000, 0x0000000087713468, 0x0000000087b30000)
  to   space 4224K,   0% used [0x0000000087b30000, 0x0000000087b30000, 0x0000000087f50000)
 concurrent mark-sweep generation total 118092K, used 85815K [0x000000009a2c0000, 0x00000000a1613000, 0x0000000100000000)
 Metaspace       used 110454K, capacity 117847K, committed 118060K, reserved 1153024K
  class space    used 13723K, capacity 15180K, committed 15200K, reserved 1048576K
}
2021-01-18T18:56:58.842+0000: 3346.180: Total time for which application threads were stopped: 0.0109277 seconds, Stopping threads took: 0.0000404 seconds
2021-01-18T18:58:14.855+0000: 3422.194: Total time for which application threads were stopped: 0.0004128 seconds, Stopping threads took: 0.0000787 seconds
2021-01-18T18:58:23.857+0000: 3431.196: Total time for which application threads were stopped: 0.0004175 seconds, Stopping threads took: 0.0000788 seconds
{Heap before GC invocations=298 (full 5):
 par new generation   total 38080K, used 33869K [0x0000000085600000, 0x0000000087f50000, 0x000000009a2c0000)
  eden space 33856K, 100% used [0x0000000085600000, 0x0000000087710000, 0x0000000087710000)
  from space 4224K,   0% used [0x0000000087710000, 0x0000000087713468, 0x0000000087b30000)
  to   space 4224K,   0% used [0x0000000087b30000, 0x0000000087b30000, 0x0000000087f50000)
 concurrent mark-sweep generation total 118092K, used 85815K [0x000000009a2c0000, 0x00000000a1613000, 0x0000000100000000)
 Metaspace       used 110473K, capacity 117851K, committed 118060K, reserved 1153024K
  class space    used 13723K, capacity 15180K, committed 15200K, reserved 1048576K
2021-01-18T18:58:45.152+0000: 3452.491: [GC (Allocation Failure) 2021-01-18T18:58:45.152+0000: 3452.491: [ParNew
Desired survivor size 2162688 bytes, new threshold 6 (max 6)
- age   1:       5472 bytes,       5472 total
- age   2:        120 bytes,       5592 total
- age   5:       1528 bytes,       7120 total
- age   6:        568 bytes,       7688 total
: 33869K->11K(38080K), 0.0050734 secs] 119684K->85829K(156172K), 0.0053417 secs] [Times: user=0.02 sys=0.00, real=0.00 secs] 
Heap after GC invocations=299 (full 5):
 par new generation   total 38080K, used 11K [0x0000000085600000, 0x0000000087f50000, 0x000000009a2c0000)
  eden space 33856K,   0% used [0x0000000085600000, 0x0000000085600000, 0x0000000087710000)
  from space 4224K,   0% used [0x0000000087b30000, 0x0000000087b32c00, 0x0000000087f50000)
  to   space 4224K,   0% used [0x0000000087710000, 0x0000000087710000, 0x0000000087b30000)
 concurrent mark-sweep generation total 118092K, used 85818K [0x000000009a2c0000, 0x00000000a1613000, 0x0000000100000000)
 Metaspace       used 110473K, capacity 117851K, committed 118060K, reserved 1153024K
  class space    used 13723K, capacity 15180K, committed 15200K, reserved 1048576K
}
2021-01-18T18:58:45.158+0000: 3452.496: Total time for which application threads were stopped: 0.0059591 seconds, Stopping threads took: 0.0000729 seconds
2021-01-18T18:58:46.158+0000: 3453.497: Total time for which application threads were stopped: 0.0004686 seconds, Stopping threads took: 0.0000791 seconds
2021-01-18T18:59:14.164+0000: 3481.503: Total time for which application threads were stopped: 0.0003729 seconds, Stopping threads took: 0.0000700 seconds
2021-01-18T19:38:15.473+0000: 3543.537: Total time for which application threads were stopped: 0.0006185 seconds, Stopping threads took: 0.0000960 seconds
2021-01-18T19:38:16.473+0000: 3544.538: Total time for which application threads were stopped: 0.0005269 seconds, Stopping threads took: 0.0000784 seconds
{Heap before GC invocations=299 (full 5):
 par new generation   total 38080K, used 33867K [0x0000000085600000, 0x0000000087f50000, 0x000000009a2c0000)
  eden space 33856K, 100% used [0x0000000085600000, 0x0000000087710000, 0x0000000087710000)
  from space 4224K,   0% used [0x0000000087b30000, 0x0000000087b32c00, 0x0000000087f50000)
  to   space 4224K,   0% used [0x0000000087710000, 0x0000000087710000, 0x0000000087b30000)
 concurrent mark-sweep generation total 118092K, used 85818K [0x000000009a2c0000, 0x00000000a1613000, 0x0000000100000000)
 Metaspace       used 110478K, capacity 117851K, committed 118060K, reserved 1153024K
  class space    used 13723K, capacity 15180K, committed 15200K, reserved 1048576K
2021-01-18T19:38:33.014+0000: 3561.078: [GC (Allocation Failure) 2021-01-18T19:38:33.014+0000: 3561.078: [ParNew
Desired survivor size 2162688 bytes, new threshold 6 (max 6)
- age   1:       4720 bytes,       4720 total
- age   2:       1952 bytes,       6672 total
- age   3:         88 bytes,       6760 total
- age   6:       1528 bytes,       8288 total
: 33867K->10K(38080K), 0.0054671 secs] 119685K->85829K(156172K), 0.0057407 secs] [Times: user=0.02 sys=0.00, real=0.00 secs] 
Heap after GC invocations=300 (full 5):
 par new generation   total 38080K, used 10K [0x0000000085600000, 0x0000000087f50000, 0x000000009a2c0000)
  eden space 33856K,   0% used [0x0000000085600000, 0x0000000085600000, 0x0000000087710000)
  from space 4224K,   0% used [0x0000000087710000, 0x00000000877129e0, 0x0000000087b30000)
  to   space 4224K,   0% used [0x0000000087b30000, 0x0000000087b30000, 0x0000000087f50000)
 concurrent mark-sweep generation total 118092K, used 85818K [0x000000009a2c0000, 0x00000000a1613000, 0x0000000100000000)
 Metaspace       used 110478K, capacity 117851K, committed 118060K, reserved 1153024K
  class space    used 13723K, capacity 15180K, committed 15200K, reserved 1048576K
}
2021-01-18T19:38:33.020+0000: 3561.084: Total time for which application threads were stopped: 0.0064689 seconds, Stopping threads took: 0.0001074 seconds
2021-01-18T19:38:52.023+0000: 3580.087: Total time for which application threads were stopped: 0.0003647 seconds, Stopping threads took: 0.0000690 seconds
2021-01-18T19:38:56.023+0000: 3584.088: Total time for which application threads were stopped: 0.0002220 seconds, Stopping threads took: 0.0000381 seconds
2021-01-18T19:39:13.025+0000: 3601.089: Total time for which application threads were stopped: 0.0001775 seconds, Stopping threads took: 0.0000324 seconds
2021-01-18T19:39:14.026+0000: 3602.090: Total time for which application threads were stopped: 0.0004114 seconds, Stopping threads took: 0.0000740 seconds
{Heap before GC invocations=300 (full 5):
 par new generation   total 38080K, used 33866K [0x0000000085600000, 0x0000000087f50000, 0x000000009a2c0000)
  eden space 33856K, 100% used [0x0000000085600000, 0x0000000087710000, 0x0000000087710000)
  from space 4224K,   0% used [0x0000000087710000, 0x00000000877129e0, 0x0000000087b30000)
  to   space 4224K,   0% used [0x0000000087b30000, 0x0000000087b30000, 0x0000000087f50000)
 concurrent mark-sweep generation total 118092K, used 85818K [0x000000009a2c0000, 0x00000000a1613000, 0x0000000100000000)
 Metaspace       used 110508K, capacity 117915K, committed 118060K, reserved 1153024K
  class space    used 13723K, capacity 15180K, committed 15200K, reserved 1048576K
2021-01-18T19:40:14.606+0000: 3662.670: [GC (Allocation Failure) 2021-01-18T19:40:14.606+0000: 3662.670: [ParNew
Desired survivor size 2162688 bytes, new threshold 6 (max 6)
- age   1:     871128 bytes,     871128 total
- age   2:        744 bytes,     871872 total
- age   3:       1952 bytes,     873824 total
- age   4:         88 bytes,     873912 total
: 33866K->863K(38080K), 0.0071888 secs] 119685K->86684K(156172K), 0.0074696 secs] [Times: user=0.03 sys=0.00, real=0.01 secs] 
Heap after GC invocations=301 (full 5):
 par new generation   total 38080K, used 863K [0x0000000085600000, 0x0000000087f50000, 0x000000009a2c0000)
  eden space 33856K,   0% used [0x0000000085600000, 0x0000000085600000, 0x0000000087710000)
  from space 4224K,  20% used [0x0000000087b30000, 0x0000000087c07ef0, 0x0000000087f50000)
  to   space 4224K,   0% used [0x0000000087710000, 0x0000000087710000, 0x0000000087b30000)
 concurrent mark-sweep generation total 118092K, used 85820K [0x000000009a2c0000, 0x00000000a1613000, 0x0000000100000000)
 Metaspace       used 110508K, capacity 117915K, committed 118060K, reserved 1153024K
  class space    used 13723K, capacity 15180K, committed 15200K, reserved 1048576K
}
2021-01-18T19:40:14.613+0000: 3662.678: Total time for which application threads were stopped: 0.0082975 seconds, Stopping threads took: 0.0001955 seconds
2021-01-18T19:40:15.614+0000: 3663.678: Total time for which application threads were stopped: 0.0003494 seconds, Stopping threads took: 0.0000646 seconds
2021-01-18T19:41:06.622+0000: 3714.687: Total time for which application threads were stopped: 0.0004547 seconds, Stopping threads took: 0.0000797 seconds
2021-01-18T19:41:07.623+0000: 3715.687: Total time for which application threads were stopped: 0.0001796 seconds, Stopping threads took: 0.0000326 seconds
2021-01-18T19:41:08.623+0000: 3716.688: Total time for which application threads were stopped: 0.0004314 seconds, Stopping threads took: 0.0000830 seconds
2021-01-18T19:41:09.624+0000: 3717.688: Total time for which application threads were stopped: 0.0004609 seconds, Stopping threads took: 0.0000769 seconds
2021-01-18T19:41:10.625+0000: 3718.689: Total time for which application threads were stopped: 0.0005141 seconds, Stopping threads took: 0.0000722 seconds
{Heap before GC invocations=301 (full 5):
 par new generation   total 38080K, used 34719K [0x0000000085600000, 0x0000000087f50000, 0x000000009a2c0000)
  eden space 33856K, 100% used [0x0000000085600000, 0x0000000087710000, 0x0000000087710000)
  from space 4224K,  20% used [0x0000000087b30000, 0x0000000087c07ef0, 0x0000000087f50000)
  to   space 4224K,   0% used [0x0000000087710000, 0x0000000087710000, 0x0000000087b30000)
 concurrent mark-sweep generation total 118092K, used 85820K [0x000000009a2c0000, 0x00000000a1613000, 0x0000000100000000)
 Metaspace       used 110646K, capacity 118055K, committed 118316K, reserved 1153024K
  class space    used 13725K, capacity 15182K, committed 15200K, reserved 1048576K
2021-01-18T19:41:58.856+0000: 3766.920: [GC (Allocation Failure) 2021-01-18T19:41:58.856+0000: 3766.920: [ParNew
Desired survivor size 2162688 bytes, new threshold 6 (max 6)
- age   1:      63168 bytes,      63168 total
- age   2:     825376 bytes,     888544 total
- age   3:        680 bytes,     889224 total
- age   4:       1952 bytes,     891176 total
- age   5:         88 bytes,     891264 total
: 34719K->1044K(38080K), 0.0029066 secs] 120540K->86864K(156172K), 0.0029971 secs] [Times: user=0.01 sys=0.00, real=0.00 secs] 
Heap after GC invocations=302 (full 5):
 par new generation   total 38080K, used 1044K [0x0000000085600000, 0x0000000087f50000, 0x000000009a2c0000)
  eden space 33856K,   0% used [0x0000000085600000, 0x0000000085600000, 0x0000000087710000)
  from space 4224K,  24% used [0x0000000087710000, 0x00000000878151a0, 0x0000000087b30000)
  to   space 4224K,   0% used [0x0000000087b30000, 0x0000000087b30000, 0x0000000087f50000)
 concurrent mark-sweep generation total 118092K, used 85820K [0x000000009a2c0000, 0x00000000a1613000, 0x0000000100000000)
 Metaspace       used 110646K, capacity 118055K, committed 118316K, reserved 1153024K
  class space    used 13725K, capacity 15182K, committed 15200K, reserved 1048576K
}
2021-01-18T19:41:58.859+0000: 3766.923: Total time for which application threads were stopped: 0.0032729 seconds, Stopping threads took: 0.0000543 seconds
2021-01-18T19:42:13.861+0000: 3781.926: Total time for which application threads were stopped: 0.0004800 seconds, Stopping threads took: 0.0000946 seconds
2021-01-18T19:43:23.872+0000: 3851.937: Total time for which application threads were stopped: 0.0004132 seconds, Stopping threads took: 0.0000800 seconds
{Heap before GC invocations=302 (full 5):
 par new generation   total 38080K, used 34900K [0x0000000085600000, 0x0000000087f50000, 0x000000009a2c0000)
  eden space 33856K, 100% used [0x0000000085600000, 0x0000000087710000, 0x0000000087710000)
  from space 4224K,  24% used [0x0000000087710000, 0x00000000878151a0, 0x0000000087b30000)
  to   space 4224K,   0% used [0x0000000087b30000, 0x0000000087b30000, 0x0000000087f50000)
 concurrent mark-sweep generation total 118092K, used 85820K [0x000000009a2c0000, 0x00000000a1613000, 0x0000000100000000)
 Metaspace       used 110656K, capacity 118055K, committed 118316K, reserved 1153024K
  class space    used 13725K, capacity 15182K, committed 15200K, reserved 1048576K
2021-01-18T19:43:45.130+0000: 3873.194: [GC (Allocation Failure) 2021-01-18T19:43:45.130+0000: 3873.194: [ParNew
Desired survivor size 2162688 bytes, new threshold 6 (max 6)
- age   1:       4152 bytes,       4152 total
- age   2:      59760 bytes,      63912 total
- age   3:     825376 bytes,     889288 total
- age   4:        680 bytes,     889968 total
- age   5:       1952 bytes,     891920 total
- age   6:         88 bytes,     892008 total
: 34900K->1099K(38080K), 0.0029423 secs] 120720K->86919K(156172K), 0.0030391 secs] [Times: user=0.00 sys=0.00, real=0.01 secs] 
Heap after GC invocations=303 (full 5):
 par new generation   total 38080K, used 1099K [0x0000000085600000, 0x0000000087f50000, 0x000000009a2c0000)
  eden space 33856K,   0% used [0x0000000085600000, 0x0000000085600000, 0x0000000087710000)
  from space 4224K,  26% used [0x0000000087b30000, 0x0000000087c42e30, 0x0000000087f50000)
  to   space 4224K,   0% used [0x0000000087710000, 0x0000000087710000, 0x0000000087b30000)
 concurrent mark-sweep generation total 118092K, used 85820K [0x000000009a2c0000, 0x00000000a1613000, 0x0000000100000000)
 Metaspace       used 110656K, capacity 118055K, committed 118316K, reserved 1153024K
  class space    used 13725K, capacity 15182K, committed 15200K, reserved 1048576K
}
2021-01-18T19:43:45.133+0000: 3873.197: Total time for which application threads were stopped: 0.0032889 seconds, Stopping threads took: 0.0000293 seconds
2021-01-18T19:43:59.135+0000: 3887.199: Total time for which application threads were stopped: 0.0003429 seconds, Stopping threads took: 0.0000619 seconds
2021-01-18T19:44:14.138+0000: 3902.202: Total time for which application threads were stopped: 0.0005162 seconds, Stopping threads took: 0.0000845 seconds
2021-01-18T19:44:49.144+0000: 3937.208: Total time for which application threads were stopped: 0.0002781 seconds, Stopping threads took: 0.0000496 seconds
2021-01-18T19:45:14.147+0000: 3962.211: Total time for which application threads were stopped: 0.0004586 seconds, Stopping threads took: 0.0000856 seconds
{Heap before GC invocations=303 (full 5):
 par new generation   total 38080K, used 34955K [0x0000000085600000, 0x0000000087f50000, 0x000000009a2c0000)
  eden space 33856K, 100% used [0x0000000085600000, 0x0000000087710000, 0x0000000087710000)
  from space 4224K,  26% used [0x0000000087b30000, 0x0000000087c42e30, 0x0000000087f50000)
  to   space 4224K,   0% used [0x0000000087710000, 0x0000000087710000, 0x0000000087b30000)
 concurrent mark-sweep generation total 118092K, used 85820K [0x000000009a2c0000, 0x00000000a1613000, 0x0000000100000000)
 Metaspace       used 110681K, capacity 118059K, committed 118316K, reserved 1153024K
  class space    used 13725K, capacity 15182K, committed 15200K, reserved 1048576K
2021-01-18T19:45:30.785+0000: 3978.850: [GC (Allocation Failure) 2021-01-18T19:45:30.786+0000: 3978.850: [ParNew
Desired survivor size 2162688 bytes, new threshold 6 (max 6)
- age   1:       5096 bytes,       5096 total
- age   2:        728 bytes,       5824 total
- age   3:      59728 bytes,      65552 total
- age   4:     825376 bytes,     890928 total
- age   5:        680 bytes,     891608 total
- age   6:       1952 bytes,     893560 total
: 34955K->1045K(38080K), 0.0048332 secs] 120775K->86866K(156172K), 0.0050498 secs] [Times: user=0.02 sys=0.00, real=0.00 secs] 
Heap after GC invocations=304 (full 5):
 par new generation   total 38080K, used 1045K [0x0000000085600000, 0x0000000087f50000, 0x000000009a2c0000)
  eden space 33856K,   0% used [0x0000000085600000, 0x0000000085600000, 0x0000000087710000)
  from space 4224K,  24% used [0x0000000087710000, 0x00000000878156f8, 0x0000000087b30000)
  to   space 4224K,   0% used [0x0000000087b30000, 0x0000000087b30000, 0x0000000087f50000)
 concurrent mark-sweep generation total 118092K, used 85820K [0x000000009a2c0000, 0x00000000a1613000, 0x0000000100000000)
 Metaspace       used 110681K, capacity 118059K, committed 118316K, reserved 1153024K
  class space    used 13725K, capacity 15182K, committed 15200K, reserved 1048576K
}
2021-01-18T19:45:30.791+0000: 3978.855: Total time for which application threads were stopped: 0.0055681 seconds, Stopping threads took: 0.0000759 seconds
2021-01-18T19:46:13.798+0000: 4021.862: Total time for which application threads were stopped: 0.0003961 seconds, Stopping threads took: 0.0000727 seconds
2021-01-18T19:47:13.809+0000: 4081.873: Total time for which application threads were stopped: 0.0007336 seconds, Stopping threads took: 0.0000963 seconds
{Heap before GC invocations=304 (full 5):
 par new generation   total 38080K, used 34901K [0x0000000085600000, 0x0000000087f50000, 0x000000009a2c0000)
  eden space 33856K, 100% used [0x0000000085600000, 0x0000000087710000, 0x0000000087710000)
  from space 4224K,  24% used [0x0000000087710000, 0x00000000878156f8, 0x0000000087b30000)
  to   space 4224K,   0% used [0x0000000087b30000, 0x0000000087b30000, 0x0000000087f50000)
 concurrent mark-sweep generation total 118092K, used 85820K [0x000000009a2c0000, 0x00000000a1613000, 0x0000000100000000)
 Metaspace       used 110693K, capacity 118063K, committed 118316K, reserved 1153024K
  class space    used 13725K, capacity 15182K, committed 15200K, reserved 1048576K
2021-01-18T19:47:16.481+0000: 4084.546: [GC (Allocation Failure) 2021-01-18T19:47:16.481+0000: 4084.546: [ParNew
Desired survivor size 2162688 bytes, new threshold 6 (max 6)
- age   1:      43896 bytes,      43896 total
- age   2:       1344 bytes,      45240 total
- age   3:        728 bytes,      45968 total
- age   4:      59728 bytes,     105696 total
- age   5:     825376 bytes,     931072 total
- age   6:        680 bytes,     931752 total
: 34901K->1295K(38080K), 0.0048474 secs] 120722K->87117K(156172K), 0.0049802 secs] [Times: user=0.02 sys=0.00, real=0.00 secs] 
Heap after GC invocations=305 (full 5):
 par new generation   total 38080K, used 1295K [0x0000000085600000, 0x0000000087f50000, 0x000000009a2c0000)
  eden space 33856K,   0% used [0x0000000085600000, 0x0000000085600000, 0x0000000087710000)
  from space 4224K,  30% used [0x0000000087b30000, 0x0000000087c73dc0, 0x0000000087f50000)
  to   space 4224K,   0% used [0x0000000087710000, 0x0000000087710000, 0x0000000087b30000)
 concurrent mark-sweep generation total 118092K, used 85822K [0x000000009a2c0000, 0x00000000a1613000, 0x0000000100000000)
 Metaspace       used 110693K, capacity 118063K, committed 118316K, reserved 1153024K
  class space    used 13725K, capacity 15182K, committed 15200K, reserved 1048576K
}
2021-01-18T19:47:16.486+0000: 4084.551: Total time for which application threads were stopped: 0.0053662 seconds, Stopping threads took: 0.0000784 seconds
2021-01-18T19:48:13.497+0000: 4141.561: Total time for which application threads were stopped: 0.0006233 seconds, Stopping threads took: 0.0001519 seconds
2021-01-18T19:48:23.499+0000: 4151.563: Total time for which application threads were stopped: 0.0005142 seconds, Stopping threads took: 0.0000836 seconds
{Heap before GC invocations=305 (full 5):
 par new generation   total 38080K, used 35151K [0x0000000085600000, 0x0000000087f50000, 0x000000009a2c0000)
  eden space 33856K, 100% used [0x0000000085600000, 0x0000000087710000, 0x0000000087710000)
  from space 4224K,  30% used [0x0000000087b30000, 0x0000000087c73dc0, 0x0000000087f50000)
  to   space 4224K,   0% used [0x0000000087710000, 0x0000000087710000, 0x0000000087b30000)
 concurrent mark-sweep generation total 118092K, used 85822K [0x000000009a2c0000, 0x00000000a1613000, 0x0000000100000000)
 Metaspace       used 110698K, capacity 118063K, committed 118316K, reserved 1153024K
  class space    used 13725K, capacity 15182K, committed 15200K, reserved 1048576K
2021-01-18T19:49:02.584+0000: 4190.648: [GC (Allocation Failure) 2021-01-18T19:49:02.584+0000: 4190.648: [ParNew
Desired survivor size 2162688 bytes, new threshold 6 (max 6)
- age   1:       3776 bytes,       3776 total
- age   2:       6280 bytes,      10056 total
- age   3:       1344 bytes,      11400 total
- age   4:        728 bytes,      12128 total
- age   5:      59728 bytes,      71856 total
- age   6:     825376 bytes,     897232 total
: 35151K->1122K(38080K), 0.0061736 secs] 120973K->86945K(156172K), 0.0064533 secs] [Times: user=0.03 sys=0.00, real=0.00 secs] 
Heap after GC invocations=306 (full 5):
 par new generation   total 38080K, used 1122K [0x0000000085600000, 0x0000000087f50000, 0x000000009a2c0000)
  eden space 33856K,   0% used [0x0000000085600000, 0x0000000085600000, 0x0000000087710000)
  from space 4224K,  26% used [0x0000000087710000, 0x0000000087828bb8, 0x0000000087b30000)
  to   space 4224K,   0% used [0x0000000087b30000, 0x0000000087b30000, 0x0000000087f50000)
 concurrent mark-sweep generation total 118092K, used 85822K [0x000000009a2c0000, 0x00000000a1613000, 0x0000000100000000)
 Metaspace       used 110698K, capacity 118063K, committed 118316K, reserved 1153024K
  class space    used 13725K, capacity 15182K, committed 15200K, reserved 1048576K
}
2021-01-18T19:49:02.591+0000: 4190.655: Total time for which application threads were stopped: 0.0070868 seconds, Stopping threads took: 0.0000734 seconds
2021-01-18T19:49:03.591+0000: 4191.655: Total time for which application threads were stopped: 0.0002605 seconds, Stopping threads took: 0.0000487 seconds
2021-01-18T19:49:13.593+0000: 4201.657: Total time for which application threads were stopped: 0.0004317 seconds, Stopping threads took: 0.0000815 seconds
{Heap before GC invocations=306 (full 5):
 par new generation   total 38080K, used 34978K [0x0000000085600000, 0x0000000087f50000, 0x000000009a2c0000)
  eden space 33856K, 100% used [0x0000000085600000, 0x0000000087710000, 0x0000000087710000)
  from space 4224K,  26% used [0x0000000087710000, 0x0000000087828bb8, 0x0000000087b30000)
  to   space 4224K,   0% used [0x0000000087b30000, 0x0000000087b30000, 0x0000000087f50000)
 concurrent mark-sweep generation total 118092K, used 85822K [0x000000009a2c0000, 0x00000000a1613000, 0x0000000100000000)
 Metaspace       used 110702K, capacity 118063K, committed 118316K, reserved 1153024K
  class space    used 13725K, capacity 15182K, committed 15200K, reserved 1048576K
2021-01-18T19:50:48.541+0000: 4296.605: [GC (Allocation Failure) 2021-01-18T19:50:48.541+0000: 4296.605: [ParNew
Desired survivor size 2162688 bytes, new threshold 6 (max 6)
- age   1:       3328 bytes,       3328 total
- age   2:        472 bytes,       3800 total
- age   3:       6216 bytes,      10016 total
- age   4:       1344 bytes,      11360 total
- age   5:        728 bytes,      12088 total
- age   6:      59728 bytes,      71816 total
: 34978K->881K(38080K), 0.0104426 secs] 120801K->87521K(156172K), 0.0106668 secs] [Times: user=0.03 sys=0.00, real=0.00 secs] 
Heap after GC invocations=307 (full 5):
 par new generation   total 38080K, used 881K [0x0000000085600000, 0x0000000087f50000, 0x000000009a2c0000)
  eden space 33856K,   0% used [0x0000000085600000, 0x0000000085600000, 0x0000000087710000)
  from space 4224K,  20% used [0x0000000087b30000, 0x0000000087c0c700, 0x0000000087f50000)
  to   space 4224K,   0% used [0x0000000087710000, 0x0000000087710000, 0x0000000087b30000)
 concurrent mark-sweep generation total 118092K, used 86639K [0x000000009a2c0000, 0x00000000a1613000, 0x0000000100000000)
 Metaspace       used 110702K, capacity 118063K, committed 118316K, reserved 1153024K
  class space    used 13725K, capacity 15182K, committed 15200K, reserved 1048576K
}
2021-01-18T19:50:48.552+0000: 4296.616: Total time for which application threads were stopped: 0.0153617 seconds, Stopping threads took: 0.0041839 seconds
2021-01-18T19:51:14.557+0000: 4322.621: Total time for which application threads were stopped: 0.0004621 seconds, Stopping threads took: 0.0000808 seconds
{Heap before GC invocations=307 (full 5):
 par new generation   total 38080K, used 34737K [0x0000000085600000, 0x0000000087f50000, 0x000000009a2c0000)
  eden space 33856K, 100% used [0x0000000085600000, 0x0000000087710000, 0x0000000087710000)
  from space 4224K,  20% used [0x0000000087b30000, 0x0000000087c0c700, 0x0000000087f50000)
  to   space 4224K,   0% used [0x0000000087710000, 0x0000000087710000, 0x0000000087b30000)
 concurrent mark-sweep generation total 118092K, used 86639K [0x000000009a2c0000, 0x00000000a1613000, 0x0000000100000000)
 Metaspace       used 110705K, capacity 118127K, committed 118316K, reserved 1153024K
  class space    used 13725K, capacity 15182K, committed 15200K, reserved 1048576K
2021-01-18T19:54:43.017+0000: 4405.206: [GC (Allocation Failure) 2021-01-18T19:54:43.017+0000: 4405.206: [ParNew
Desired survivor size 2162688 bytes, new threshold 6 (max 6)
- age   1:       5344 bytes,       5344 total
- age   2:         32 bytes,       5376 total
- age   3:        472 bytes,       5848 total
- age   4:       6216 bytes,      12064 total
- age   5:       1344 bytes,      13408 total
- age   6:        728 bytes,      14136 total
: 34737K->175K(38080K), 0.0046706 secs] 121377K->86873K(156172K), 0.0049699 secs] [Times: user=0.02 sys=0.00, real=0.00 secs] 
Heap after GC invocations=308 (full 5):
 par new generation   total 38080K, used 175K [0x0000000085600000, 0x0000000087f50000, 0x000000009a2c0000)
  eden space 33856K,   0% used [0x0000000085600000, 0x0000000085600000, 0x0000000087710000)
  from space 4224K,   4% used [0x0000000087710000, 0x000000008773bcb0, 0x0000000087b30000)
  to   space 4224K,   0% used [0x0000000087b30000, 0x0000000087b30000, 0x0000000087f50000)
 concurrent mark-sweep generation total 118092K, used 86698K [0x000000009a2c0000, 0x00000000a1613000, 0x0000000100000000)
 Metaspace       used 110705K, capacity 118127K, committed 118316K, reserved 1153024K
  class space    used 13725K, capacity 15182K, committed 15200K, reserved 1048576K
}
2021-01-18T19:54:43.022+0000: 4405.211: Total time for which application threads were stopped: 0.0055423 seconds, Stopping threads took: 0.0000683 seconds
2021-01-18T19:54:47.022+0000: 4409.211: Total time for which application threads were stopped: 0.0003547 seconds, Stopping threads took: 0.0000686 seconds
2021-01-18T19:55:20.027+0000: 4442.216: Total time for which application threads were stopped: 0.0004591 seconds, Stopping threads took: 0.0000768 seconds
2021-01-18T19:56:11.034+0000: 4493.223: Total time for which application threads were stopped: 0.0003181 seconds, Stopping threads took: 0.0000620 seconds
2021-01-18T19:56:20.035+0000: 4502.224: Total time for which application threads were stopped: 0.0003149 seconds, Stopping threads took: 0.0000532 seconds
{Heap before GC invocations=308 (full 5):
 par new generation   total 38080K, used 34031K [0x0000000085600000, 0x0000000087f50000, 0x000000009a2c0000)
  eden space 33856K, 100% used [0x0000000085600000, 0x0000000087710000, 0x0000000087710000)
  from space 4224K,   4% used [0x0000000087710000, 0x000000008773bcb0, 0x0000000087b30000)
  to   space 4224K,   0% used [0x0000000087b30000, 0x0000000087b30000, 0x0000000087f50000)
 concurrent mark-sweep generation total 118092K, used 86698K [0x000000009a2c0000, 0x00000000a1613000, 0x0000000100000000)
 Metaspace       used 110729K, capacity 118127K, committed 118316K, reserved 1153024K
  class space    used 13725K, capacity 15182K, committed 15200K, reserved 1048576K
2021-01-18T19:56:28.729+0000: 4510.918: [GC (Allocation Failure) 2021-01-18T19:56:28.729+0000: 4510.918: [ParNew
Desired survivor size 2162688 bytes, new threshold 6 (max 6)
- age   1:       5776 bytes,       5776 total
- age   2:       1696 bytes,       7472 total
- age   4:        472 bytes,       7944 total
- age   5:       6216 bytes,      14160 total
- age   6:       1344 bytes,      15504 total
: 34031K->60K(38080K), 0.0108811 secs] 120729K->86759K(156172K), 0.0111849 secs] [Times: user=0.02 sys=0.00, real=0.01 secs] 
Heap after GC invocations=309 (full 5):
 par new generation   total 38080K, used 60K [0x0000000085600000, 0x0000000087f50000, 0x000000009a2c0000)
  eden space 33856K,   0% used [0x0000000085600000, 0x0000000085600000, 0x0000000087710000)
  from space 4224K,   1% used [0x0000000087b30000, 0x0000000087b3f3e0, 0x0000000087f50000)
  to   space 4224K,   0% used [0x0000000087710000, 0x0000000087710000, 0x0000000087b30000)
 concurrent mark-sweep generation total 118092K, used 86699K [0x000000009a2c0000, 0x00000000a1613000, 0x0000000100000000)
 Metaspace       used 110729K, capacity 118127K, committed 118316K, reserved 1153024K
  class space    used 13725K, capacity 15182K, committed 15200K, reserved 1048576K
}
2021-01-18T19:56:28.740+0000: 4510.929: Total time for which application threads were stopped: 0.0121983 seconds, Stopping threads took: 0.0001426 seconds
2021-01-18T19:56:29.742+0000: 4511.931: Total time for which application threads were stopped: 0.0004082 seconds, Stopping threads took: 0.0000725 seconds
2021-01-18T19:57:19.748+0000: 4561.937: Total time for which application threads were stopped: 0.0002232 seconds, Stopping threads took: 0.0000402 seconds
{Heap before GC invocations=309 (full 5):
 par new generation   total 38080K, used 33916K [0x0000000085600000, 0x0000000087f50000, 0x000000009a2c0000)
  eden space 33856K, 100% used [0x0000000085600000, 0x0000000087710000, 0x0000000087710000)
  from space 4224K,   1% used [0x0000000087b30000, 0x0000000087b3f3e0, 0x0000000087f50000)
  to   space 4224K,   0% used [0x0000000087710000, 0x0000000087710000, 0x0000000087b30000)
 concurrent mark-sweep generation total 118092K, used 86699K [0x000000009a2c0000, 0x00000000a1613000, 0x0000000100000000)
 Metaspace       used 110732K, capacity 118127K, committed 118316K, reserved 1153024K
  class space    used 13725K, capacity 15182K, committed 15200K, reserved 1048576K
2021-01-18T19:58:14.459+0000: 4616.648: [GC (Allocation Failure) 2021-01-18T19:58:14.459+0000: 4616.648: [ParNew
Desired survivor size 2162688 bytes, new threshold 6 (max 6)
- age   1:      71360 bytes,      71360 total
- age   2:       2144 bytes,      73504 total
- age   3:       1696 bytes,      75200 total
- age   5:        472 bytes,      75672 total
- age   6:       6216 bytes,      81888 total
: 33916K->92K(38080K), 0.0096139 secs] 120615K->86792K(156172K), 0.0099408 secs] [Times: user=0.02 sys=0.00, real=0.01 secs] 
Heap after GC invocations=310 (full 5):
 par new generation   total 38080K, used 92K [0x0000000085600000, 0x0000000087f50000, 0x000000009a2c0000)
  eden space 33856K,   0% used [0x0000000085600000, 0x0000000085600000, 0x0000000087710000)
  from space 4224K,   2% used [0x0000000087710000, 0x0000000087727250, 0x0000000087b30000)
  to   space 4224K,   0% used [0x0000000087b30000, 0x0000000087b30000, 0x0000000087f50000)
 concurrent mark-sweep generation total 118092K, used 86700K [0x000000009a2c0000, 0x00000000a1613000, 0x0000000100000000)
 Metaspace       used 110732K, capacity 118127K, committed 118316K, reserved 1153024K
  class space    used 13725K, capacity 15182K, committed 15200K, reserved 1048576K
}
2021-01-18T19:58:14.469+0000: 4616.658: Total time for which application threads were stopped: 0.0109385 seconds, Stopping threads took: 0.0002390 seconds
2021-01-18T19:59:19.477+0000: 4681.666: Total time for which application threads were stopped: 0.0002054 seconds, Stopping threads took: 0.0000342 seconds
{Heap before GC invocations=310 (full 5):
 par new generation   total 38080K, used 33948K [0x0000000085600000, 0x0000000087f50000, 0x000000009a2c0000)
  eden space 33856K, 100% used [0x0000000085600000, 0x0000000087710000, 0x0000000087710000)
  from space 4224K,   2% used [0x0000000087710000, 0x0000000087727250, 0x0000000087b30000)
  to   space 4224K,   0% used [0x0000000087b30000, 0x0000000087b30000, 0x0000000087f50000)
 concurrent mark-sweep generation total 118092K, used 86700K [0x000000009a2c0000, 0x00000000a1613000, 0x0000000100000000)
 Metaspace       used 110736K, capacity 118127K, committed 118316K, reserved 1153024K
  class space    used 13725K, capacity 15182K, committed 15200K, reserved 1048576K
2021-01-18T20:00:00.368+0000: 4722.557: [GC (Allocation Failure) 2021-01-18T20:00:00.368+0000: 4722.557: [ParNew
Desired survivor size 2162688 bytes, new threshold 6 (max 6)
- age   1:       5248 bytes,       5248 total
- age   2:         48 bytes,       5296 total
- age   3:       2080 bytes,       7376 total
- age   4:       1696 bytes,       9072 total
- age   6:        472 bytes,       9544 total
: 33948K->13K(38080K), 0.0019336 secs] 120648K->86719K(156172K), 0.0020292 secs] [Times: user=0.01 sys=0.00, real=0.00 secs] 
Heap after GC invocations=311 (full 5):
 par new generation   total 38080K, used 13K [0x0000000085600000, 0x0000000087f50000, 0x000000009a2c0000)
  eden space 33856K,   0% used [0x0000000085600000, 0x0000000085600000, 0x0000000087710000)
  from space 4224K,   0% used [0x0000000087b30000, 0x0000000087b335c0, 0x0000000087f50000)
  to   space 4224K,   0% used [0x0000000087710000, 0x0000000087710000, 0x0000000087b30000)
 concurrent mark-sweep generation total 118092K, used 86706K [0x000000009a2c0000, 0x00000000a1613000, 0x0000000100000000)
 Metaspace       used 110736K, capacity 118127K, committed 118316K, reserved 1153024K
  class space    used 13725K, capacity 15182K, committed 15200K, reserved 1048576K
}
2021-01-18T20:00:00.370+0000: 4722.559: Total time for which application threads were stopped: 0.0022513 seconds, Stopping threads took: 0.0000289 seconds
2021-01-18T20:00:20.372+0000: 4742.561: Total time for which application threads were stopped: 0.0002235 seconds, Stopping threads took: 0.0000473 seconds
{Heap before GC invocations=311 (full 5):
 par new generation   total 38080K, used 33869K [0x0000000085600000, 0x0000000087f50000, 0x000000009a2c0000)
  eden space 33856K, 100% used [0x0000000085600000, 0x0000000087710000, 0x0000000087710000)
  from space 4224K,   0% used [0x0000000087b30000, 0x0000000087b335c0, 0x0000000087f50000)
  to   space 4224K,   0% used [0x0000000087710000, 0x0000000087710000, 0x0000000087b30000)
 concurrent mark-sweep generation total 118092K, used 86706K [0x000000009a2c0000, 0x00000000a1613000, 0x0000000100000000)
 Metaspace       used 110737K, capacity 118127K, committed 118316K, reserved 1153024K
  class space    used 13725K, capacity 15182K, committed 15200K, reserved 1048576K
2021-01-18T20:01:46.132+0000: 4828.321: [GC (Allocation Failure) 2021-01-18T20:01:46.133+0000: 4828.321: [ParNew
Desired survivor size 2162688 bytes, new threshold 6 (max 6)
- age   1:       3504 bytes,       3504 total
- age   2:       1528 bytes,       5032 total
- age   4:       2080 bytes,       7112 total
- age   5:       1696 bytes,       8808 total
: 33869K->12K(38080K), 0.0046817 secs] 120575K->86718K(156172K), 0.0049515 secs] [Times: user=0.01 sys=0.00, real=0.01 secs] 
Heap after GC invocations=312 (full 5):
 par new generation   total 38080K, used 12K [0x0000000085600000, 0x0000000087f50000, 0x000000009a2c0000)
  eden space 33856K,   0% used [0x0000000085600000, 0x0000000085600000, 0x0000000087710000)
  from space 4224K,   0% used [0x0000000087710000, 0x0000000087713070, 0x0000000087b30000)
  to   space 4224K,   0% used [0x0000000087b30000, 0x0000000087b30000, 0x0000000087f50000)
 concurrent mark-sweep generation total 118092K, used 86706K [0x000000009a2c0000, 0x00000000a1613000, 0x0000000100000000)
 Metaspace       used 110737K, capacity 118127K, committed 118316K, reserved 1153024K
  class space    used 13725K, capacity 15182K, committed 15200K, reserved 1048576K
}
2021-01-18T20:01:46.138+0000: 4828.327: Total time for which application threads were stopped: 0.0055600 seconds, Stopping threads took: 0.0000662 seconds
{Heap before GC invocations=312 (full 5):
 par new generation   total 38080K, used 33868K [0x0000000085600000, 0x0000000087f50000, 0x000000009a2c0000)
  eden space 33856K, 100% used [0x0000000085600000, 0x0000000087710000, 0x0000000087710000)
  from space 4224K,   0% used [0x0000000087710000, 0x0000000087713070, 0x0000000087b30000)
  to   space 4224K,   0% used [0x0000000087b30000, 0x0000000087b30000, 0x0000000087f50000)
 concurrent mark-sweep generation total 118092K, used 86706K [0x000000009a2c0000, 0x00000000a1613000, 0x0000000100000000)
 Metaspace       used 110742K, capacity 118127K, committed 118316K, reserved 1153024K
  class space    used 13725K, capacity 15182K, committed 15200K, reserved 1048576K
2021-01-18T20:03:31.920+0000: 4934.109: [GC (Allocation Failure) 2021-01-18T20:03:31.920+0000: 4934.109: [ParNew
Desired survivor size 2162688 bytes, new threshold 6 (max 6)
- age   1:       3400 bytes,       3400 total
- age   2:        160 bytes,       3560 total
- age   3:       1496 bytes,       5056 total
- age   5:       2080 bytes,       7136 total
- age   6:       1696 bytes,       8832 total
: 33868K->11K(38080K), 0.0032954 secs] 120574K->86717K(156172K), 0.0033942 secs] [Times: user=0.01 sys=0.00, real=0.00 secs] 
Heap after GC invocations=313 (full 5):
 par new generation   total 38080K, used 11K [0x0000000085600000, 0x0000000087f50000, 0x000000009a2c0000)
  eden space 33856K,   0% used [0x0000000085600000, 0x0000000085600000, 0x0000000087710000)
  from space 4224K,   0% used [0x0000000087b30000, 0x0000000087b32c60, 0x0000000087f50000)
  to   space 4224K,   0% used [0x0000000087710000, 0x0000000087710000, 0x0000000087b30000)
 concurrent mark-sweep generation total 118092K, used 86706K [0x000000009a2c0000, 0x00000000a1613000, 0x0000000100000000)
 Metaspace       used 110742K, capacity 118127K, committed 118316K, reserved 1153024K
  class space    used 13725K, capacity 15182K, committed 15200K, reserved 1048576K
}
2021-01-18T20:03:31.923+0000: 4934.112: Total time for which application threads were stopped: 0.0041739 seconds, Stopping threads took: 0.0005474 seconds
{Heap before GC invocations=313 (full 5):
 par new generation   total 38080K, used 33867K [0x0000000085600000, 0x0000000087f50000, 0x000000009a2c0000)
  eden space 33856K, 100% used [0x0000000085600000, 0x0000000087710000, 0x0000000087710000)
  from space 4224K,   0% used [0x0000000087b30000, 0x0000000087b32c60, 0x0000000087f50000)
  to   space 4224K,   0% used [0x0000000087710000, 0x0000000087710000, 0x0000000087b30000)
 concurrent mark-sweep generation total 118092K, used 86706K [0x000000009a2c0000, 0x00000000a1613000, 0x0000000100000000)
 Metaspace       used 110742K, capacity 118127K, committed 118316K, reserved 1153024K
  class space    used 13725K, capacity 15182K, committed 15200K, reserved 1048576K
2021-01-18T20:05:17.801+0000: 5039.990: [GC (Allocation Failure) 2021-01-18T20:05:17.801+0000: 5039.990: [ParNew
Desired survivor size 2162688 bytes, new threshold 6 (max 6)
- age   1:      71168 bytes,      71168 total
- age   2:         64 bytes,      71232 total
- age   3:        160 bytes,      71392 total
- age   4:       1496 bytes,      72888 total
- age   6:       2080 bytes,      74968 total
: 33867K->80K(38080K), 0.0044313 secs] 120573K->86789K(156172K), 0.0045745 secs] [Times: user=0.01 sys=0.00, real=0.00 secs] 
Heap after GC invocations=314 (full 5):
 par new generation   total 38080K, used 80K [0x0000000085600000, 0x0000000087f50000, 0x000000009a2c0000)
  eden space 33856K,   0% used [0x0000000085600000, 0x0000000085600000, 0x0000000087710000)
  from space 4224K,   1% used [0x0000000087710000, 0x0000000087724280, 0x0000000087b30000)
  to   space 4224K,   0% used [0x0000000087b30000, 0x0000000087b30000, 0x0000000087f50000)
 concurrent mark-sweep generation total 118092K, used 86708K [0x000000009a2c0000, 0x00000000a1613000, 0x0000000100000000)
 Metaspace       used 110742K, capacity 118127K, committed 118316K, reserved 1153024K
  class space    used 13725K, capacity 15182K, committed 15200K, reserved 1048576K
}
2021-01-18T20:05:17.805+0000: 5039.994: Total time for which application threads were stopped: 0.0049225 seconds, Stopping threads took: 0.0000490 seconds
2021-01-18T20:06:57.818+0000: 5140.007: Total time for which application threads were stopped: 0.0003680 seconds, Stopping threads took: 0.0000859 seconds
{Heap before GC invocations=314 (full 5):
 par new generation   total 38080K, used 33936K [0x0000000085600000, 0x0000000087f50000, 0x000000009a2c0000)
  eden space 33856K, 100% used [0x0000000085600000, 0x0000000087710000, 0x0000000087710000)
  from space 4224K,   1% used [0x0000000087710000, 0x0000000087724280, 0x0000000087b30000)
  to   space 4224K,   0% used [0x0000000087b30000, 0x0000000087b30000, 0x0000000087f50000)
 concurrent mark-sweep generation total 118092K, used 86708K [0x000000009a2c0000, 0x00000000a1613000, 0x0000000100000000)
 Metaspace       used 110746K, capacity 118127K, committed 118316K, reserved 1153024K
  class space    used 13725K, capacity 15182K, committed 15200K, reserved 1048576K
2021-01-18T20:07:03.890+0000: 5146.079: [GC (Allocation Failure) 2021-01-18T20:07:03.890+0000: 5146.079: [ParNew
Desired survivor size 2162688 bytes, new threshold 6 (max 6)
- age   1:       3768 bytes,       3768 total
- age   4:        160 bytes,       3928 total
- age   5:       1496 bytes,       5424 total
: 33936K->8K(38080K), 0.0077603 secs] 120645K->86718K(156172K), 0.0080460 secs] [Times: user=0.02 sys=0.00, real=0.01 secs] 
Heap after GC invocations=315 (full 5):
 par new generation   total 38080K, used 8K [0x0000000085600000, 0x0000000087f50000, 0x000000009a2c0000)
  eden space 33856K,   0% used [0x0000000085600000, 0x0000000085600000, 0x0000000087710000)
  from space 4224K,   0% used [0x0000000087b30000, 0x0000000087b32040, 0x0000000087f50000)
  to   space 4224K,   0% used [0x0000000087710000, 0x0000000087710000, 0x0000000087b30000)
 concurrent mark-sweep generation total 118092K, used 86710K [0x000000009a2c0000, 0x00000000a1613000, 0x0000000100000000)
 Metaspace       used 110746K, capacity 118127K, committed 118316K, reserved 1153024K
  class space    used 13725K, capacity 15182K, committed 15200K, reserved 1048576K
}
2021-01-18T20:07:03.898+0000: 5146.087: Total time for which application threads were stopped: 0.0088068 seconds, Stopping threads took: 0.0000747 seconds
2021-01-18T20:07:12.900+0000: 5155.089: Total time for which application threads were stopped: 0.0005349 seconds, Stopping threads took: 0.0000920 seconds
2021-01-18T20:07:19.901+0000: 5162.090: Total time for which application threads were stopped: 0.0001729 seconds, Stopping threads took: 0.0000359 seconds
2021-01-18T20:07:39.904+0000: 5182.093: Total time for which application threads were stopped: 0.0004005 seconds, Stopping threads took: 0.0000657 seconds
2021-01-18T20:07:57.907+0000: 5200.096: Total time for which application threads were stopped: 0.0004573 seconds, Stopping threads took: 0.0000915 seconds
2021-01-18T20:08:15.909+0000: 5218.098: Total time for which application threads were stopped: 0.0004542 seconds, Stopping threads took: 0.0000782 seconds
{Heap before GC invocations=315 (full 5):
 par new generation   total 38080K, used 33864K [0x0000000085600000, 0x0000000087f50000, 0x000000009a2c0000)
  eden space 33856K, 100% used [0x0000000085600000, 0x0000000087710000, 0x0000000087710000)
  from space 4224K,   0% used [0x0000000087b30000, 0x0000000087b32040, 0x0000000087f50000)
  to   space 4224K,   0% used [0x0000000087710000, 0x0000000087710000, 0x0000000087b30000)
 concurrent mark-sweep generation total 118092K, used 86710K [0x000000009a2c0000, 0x00000000a1613000, 0x0000000100000000)
 Metaspace       used 110760K, capacity 118135K, committed 118316K, reserved 1153024K
  class space    used 13725K, capacity 15182K, committed 15200K, reserved 1048576K
2021-01-18T20:08:49.997+0000: 5252.186: [GC (Allocation Failure) 2021-01-18T20:08:49.997+0000: 5252.186: [ParNew
Desired survivor size 2162688 bytes, new threshold 6 (max 6)
- age   1:       4128 bytes,       4128 total
- age   2:         32 bytes,       4160 total
- age   5:        160 bytes,       4320 total
- age   6:       1496 bytes,       5816 total
: 33864K->8K(38080K), 0.0078965 secs] 120574K->86718K(156172K), 0.0082061 secs] [Times: user=0.01 sys=0.01, real=0.00 secs] 
Heap after GC invocations=316 (full 5):
 par new generation   total 38080K, used 8K [0x0000000085600000, 0x0000000087f50000, 0x000000009a2c0000)
  eden space 33856K,   0% used [0x0000000085600000, 0x0000000085600000, 0x0000000087710000)
  from space 4224K,   0% used [0x0000000087710000, 0x0000000087712040, 0x0000000087b30000)
  to   space 4224K,   0% used [0x0000000087b30000, 0x0000000087b30000, 0x0000000087f50000)
 concurrent mark-sweep generation total 118092K, used 86710K [0x000000009a2c0000, 0x00000000a1613000, 0x0000000100000000)
 Metaspace       used 110760K, capacity 118135K, committed 118316K, reserved 1153024K
  class space    used 13725K, capacity 15182K, committed 15200K, reserved 1048576K
}
2021-01-18T20:08:50.005+0000: 5252.194: Total time for which application threads were stopped: 0.0089284 seconds, Stopping threads took: 0.0001345 seconds
2021-01-18T20:10:20.017+0000: 5342.206: Total time for which application threads were stopped: 0.0003684 seconds, Stopping threads took: 0.0000703 seconds
2021-01-18T20:10:30.019+0000: 5352.208: Total time for which application threads were stopped: 0.0004381 seconds, Stopping threads took: 0.0000805 seconds
{Heap before GC invocations=316 (full 5):
 par new generation   total 38080K, used 33864K [0x0000000085600000, 0x0000000087f50000, 0x000000009a2c0000)
  eden space 33856K, 100% used [0x0000000085600000, 0x0000000087710000, 0x0000000087710000)
  from space 4224K,   0% used [0x0000000087710000, 0x0000000087712040, 0x0000000087b30000)
  to   space 4224K,   0% used [0x0000000087b30000, 0x0000000087b30000, 0x0000000087f50000)
 concurrent mark-sweep generation total 118092K, used 86710K [0x000000009a2c0000, 0x00000000a1613000, 0x0000000100000000)
 Metaspace       used 110763K, capacity 118135K, committed 118316K, reserved 1153024K
  class space    used 13725K, capacity 15182K, committed 15200K, reserved 1048576K
2021-01-18T20:10:33.898+0000: 5356.087: [GC (Allocation Failure) 2021-01-18T20:10:33.899+0000: 5356.088: [ParNew
Desired survivor size 2162688 bytes, new threshold 6 (max 6)
- age   1:     313344 bytes,     313344 total
- age   2:        608 bytes,     313952 total
- age   6:        160 bytes,     314112 total
: 33864K->312K(38080K), 0.0070688 secs] 120574K->87024K(156172K), 0.0074811 secs] [Times: user=0.02 sys=0.00, real=0.00 secs] 
Heap after GC invocations=317 (full 5):
 par new generation   total 38080K, used 312K [0x0000000085600000, 0x0000000087f50000, 0x000000009a2c0000)
  eden space 33856K,   0% used [0x0000000085600000, 0x0000000085600000, 0x0000000087710000)
  from space 4224K,   7% used [0x0000000087b30000, 0x0000000087b7e280, 0x0000000087f50000)
  to   space 4224K,   0% used [0x0000000087710000, 0x0000000087710000, 0x0000000087b30000)
 concurrent mark-sweep generation total 118092K, used 86712K [0x000000009a2c0000, 0x00000000a1613000, 0x0000000100000000)
 Metaspace       used 110763K, capacity 118135K, committed 118316K, reserved 1153024K
  class space    used 13725K, capacity 15182K, committed 15200K, reserved 1048576K
}
2021-01-18T20:10:33.906+0000: 5356.095: Total time for which application threads were stopped: 0.0086366 seconds, Stopping threads took: 0.0003141 seconds
2021-01-18T20:11:02.912+0000: 5385.101: Total time for which application threads were stopped: 0.0005153 seconds, Stopping threads took: 0.0000776 seconds
2021-01-18T20:11:19.914+0000: 5402.103: Total time for which application threads were stopped: 0.0004530 seconds, Stopping threads took: 0.0000907 seconds
2021-01-18T20:12:12.604+0000: 5454.110: Total time for which application threads were stopped: 0.0004556 seconds, Stopping threads took: 0.0000746 seconds
{Heap before GC invocations=317 (full 5):
 par new generation   total 38080K, used 34168K [0x0000000085600000, 0x0000000087f50000, 0x000000009a2c0000)
  eden space 33856K, 100% used [0x0000000085600000, 0x0000000087710000, 0x0000000087710000)
  from space 4224K,   7% used [0x0000000087b30000, 0x0000000087b7e280, 0x0000000087f50000)
  to   space 4224K,   0% used [0x0000000087710000, 0x0000000087710000, 0x0000000087b30000)
 concurrent mark-sweep generation total 118092K, used 86712K [0x000000009a2c0000, 0x00000000a1613000, 0x0000000100000000)
 Metaspace       used 110774K, capacity 118135K, committed 118316K, reserved 1153024K
  class space    used 13725K, capacity 15182K, committed 15200K, reserved 1048576K
2021-01-18T20:12:17.813+0000: 5459.319: [GC (Allocation Failure) 2021-01-18T20:12:17.813+0000: 5459.319: [ParNew
Desired survivor size 2162688 bytes, new threshold 6 (max 6)
- age   1:     587584 bytes,     587584 total
- age   2:     307976 bytes,     895560 total
- age   3:        608 bytes,     896168 total
: 34168K->898K(38080K), 0.0058614 secs] 120880K->87610K(156172K), 0.0061620 secs] [Times: user=0.03 sys=0.00, real=0.01 secs] 
Heap after GC invocations=318 (full 5):
 par new generation   total 38080K, used 898K [0x0000000085600000, 0x0000000087f50000, 0x000000009a2c0000)
  eden space 33856K,   0% used [0x0000000085600000, 0x0000000085600000, 0x0000000087710000)
  from space 4224K,  21% used [0x0000000087710000, 0x00000000877f0b18, 0x0000000087b30000)
  to   space 4224K,   0% used [0x0000000087b30000, 0x0000000087b30000, 0x0000000087f50000)
 concurrent mark-sweep generation total 118092K, used 86712K [0x000000009a2c0000, 0x00000000a1613000, 0x0000000100000000)
 Metaspace       used 110774K, capacity 118135K, committed 118316K, reserved 1153024K
  class space    used 13725K, capacity 15182K, committed 15200K, reserved 1048576K
}
2021-01-18T20:12:17.819+0000: 5459.326: Total time for which application threads were stopped: 0.0068124 seconds, Stopping threads took: 0.0000775 seconds
2021-01-18T20:12:20.820+0000: 5462.326: Total time for which application threads were stopped: 0.0004579 seconds, Stopping threads took: 0.0000741 seconds
{Heap before GC invocations=318 (full 5):
 par new generation   total 38080K, used 34754K [0x0000000085600000, 0x0000000087f50000, 0x000000009a2c0000)
  eden space 33856K, 100% used [0x0000000085600000, 0x0000000087710000, 0x0000000087710000)
  from space 4224K,  21% used [0x0000000087710000, 0x00000000877f0b18, 0x0000000087b30000)
  to   space 4224K,   0% used [0x0000000087b30000, 0x0000000087b30000, 0x0000000087f50000)
 concurrent mark-sweep generation total 118092K, used 86712K [0x000000009a2c0000, 0x00000000a1613000, 0x0000000100000000)
 Metaspace       used 110777K, capacity 118135K, committed 118316K, reserved 1153024K
  class space    used 13725K, capacity 15182K, committed 15200K, reserved 1048576K
2021-01-18T20:14:03.773+0000: 5565.279: [GC (Allocation Failure) 2021-01-18T20:14:03.773+0000: 5565.279: [ParNew
Desired survivor size 2162688 bytes, new threshold 6 (max 6)
- age   1:       6160 bytes,       6160 total
- age   2:     516696 bytes,     522856 total
- age   3:     307912 bytes,     830768 total
- age   4:        608 bytes,     831376 total
: 34754K->995K(38080K), 0.0052242 secs] 121466K->87707K(156172K), 0.0054661 secs] [Times: user=0.02 sys=0.01, real=0.00 secs] 
Heap after GC invocations=319 (full 5):
 par new generation   total 38080K, used 995K [0x0000000085600000, 0x0000000087f50000, 0x000000009a2c0000)
  eden space 33856K,   0% used [0x0000000085600000, 0x0000000085600000, 0x0000000087710000)
  from space 4224K,  23% used [0x0000000087b30000, 0x0000000087c28d90, 0x0000000087f50000)
  to   space 4224K,   0% used [0x0000000087710000, 0x0000000087710000, 0x0000000087b30000)
 concurrent mark-sweep generation total 118092K, used 86712K [0x000000009a2c0000, 0x00000000a1613000, 0x0000000100000000)
 Metaspace       used 110777K, capacity 118135K, committed 118316K, reserved 1153024K
  class space    used 13725K, capacity 15182K, committed 15200K, reserved 1048576K
}
2021-01-18T20:14:03.779+0000: 5565.285: Total time for which application threads were stopped: 0.0063161 seconds, Stopping threads took: 0.0001532 seconds
2021-01-18T20:14:20.782+0000: 5582.288: Total time for which application threads were stopped: 0.0004684 seconds, Stopping threads took: 0.0000814 seconds
2021-01-18T20:15:20.790+0000: 5642.296: Total time for which application threads were stopped: 0.0005636 seconds, Stopping threads took: 0.0000967 seconds
{Heap before GC invocations=319 (full 5):
 par new generation   total 38080K, used 34851K [0x0000000085600000, 0x0000000087f50000, 0x000000009a2c0000)
  eden space 33856K, 100% used [0x0000000085600000, 0x0000000087710000, 0x0000000087710000)
  from space 4224K,  23% used [0x0000000087b30000, 0x0000000087c28d90, 0x0000000087f50000)
  to   space 4224K,   0% used [0x0000000087710000, 0x0000000087710000, 0x0000000087b30000)
 concurrent mark-sweep generation total 118092K, used 86712K [0x000000009a2c0000, 0x00000000a1613000, 0x0000000100000000)
 Metaspace       used 110779K, capacity 118135K, committed 118316K, reserved 1153024K
  class space    used 13725K, capacity 15182K, committed 15200K, reserved 1048576K
2021-01-18T20:15:49.151+0000: 5670.657: [GC (Allocation Failure) 2021-01-18T20:15:49.151+0000: 5670.657: [ParNew
Desired survivor size 2162688 bytes, new threshold 6 (max 6)
- age   1:       4360 bytes,       4360 total
- age   2:       2784 bytes,       7144 total
- age   3:     516648 bytes,     523792 total
- age   4:     307912 bytes,     831704 total
- age   5:        608 bytes,     832312 total
: 34851K->1239K(38080K), 0.0087377 secs] 121563K->87952K(156172K), 0.0090340 secs] [Times: user=0.02 sys=0.00, real=0.01 secs] 
Heap after GC invocations=320 (full 5):
 par new generation   total 38080K, used 1239K [0x0000000085600000, 0x0000000087f50000, 0x000000009a2c0000)
  eden space 33856K,   0% used [0x0000000085600000, 0x0000000085600000, 0x0000000087710000)
  from space 4224K,  29% used [0x0000000087710000, 0x0000000087845f48, 0x0000000087b30000)
  to   space 4224K,   0% used [0x0000000087b30000, 0x0000000087b30000, 0x0000000087f50000)
 concurrent mark-sweep generation total 118092K, used 86712K [0x000000009a2c0000, 0x00000000a1613000, 0x0000000100000000)
 Metaspace       used 110779K, capacity 118135K, committed 118316K, reserved 1153024K
  class space    used 13725K, capacity 15182K, committed 15200K, reserved 1048576K
}
2021-01-18T20:15:49.161+0000: 5670.667: Total time for which application threads were stopped: 0.0100612 seconds, Stopping threads took: 0.0002134 seconds
{Heap before GC invocations=320 (full 5):
 par new generation   total 38080K, used 35095K [0x0000000085600000, 0x0000000087f50000, 0x000000009a2c0000)
  eden space 33856K, 100% used [0x0000000085600000, 0x0000000087710000, 0x0000000087710000)
  from space 4224K,  29% used [0x0000000087710000, 0x0000000087845f48, 0x0000000087b30000)
  to   space 4224K,   0% used [0x0000000087b30000, 0x0000000087b30000, 0x0000000087f50000)
 concurrent mark-sweep generation total 118092K, used 86712K [0x000000009a2c0000, 0x00000000a1613000, 0x0000000100000000)
 Metaspace       used 110781K, capacity 118135K, committed 118316K, reserved 1153024K
  class space    used 13725K, capacity 15182K, committed 15200K, reserved 1048576K
2021-01-18T20:17:34.665+0000: 5776.171: [GC (Allocation Failure) 2021-01-18T20:17:34.665+0000: 5776.171: [ParNew
Desired survivor size 2162688 bytes, new threshold 6 (max 6)
- age   1:       3880 bytes,       3880 total
- age   2:        792 bytes,       4672 total
- age   3:       2752 bytes,       7424 total
- age   4:     516648 bytes,     524072 total
- age   5:     307912 bytes,     831984 total
- age   6:        608 bytes,     832592 total
: 35095K->1180K(38080K), 0.0056673 secs] 121808K->87892K(156172K), 0.0060032 secs] [Times: user=0.02 sys=0.00, real=0.01 secs] 
Heap after GC invocations=321 (full 5):
 par new generation   total 38080K, used 1180K [0x0000000085600000, 0x0000000087f50000, 0x000000009a2c0000)
  eden space 33856K,   0% used [0x0000000085600000, 0x0000000085600000, 0x0000000087710000)
  from space 4224K,  27% used [0x0000000087b30000, 0x0000000087c57080, 0x0000000087f50000)
  to   space 4224K,   0% used [0x0000000087710000, 0x0000000087710000, 0x0000000087b30000)
 concurrent mark-sweep generation total 118092K, used 86712K [0x000000009a2c0000, 0x00000000a1613000, 0x0000000100000000)
 Metaspace       used 110781K, capacity 118135K, committed 118316K, reserved 1153024K
  class space    used 13725K, capacity 15182K, committed 15200K, reserved 1048576K
}
2021-01-18T20:17:34.671+0000: 5776.177: Total time for which application threads were stopped: 0.0071560 seconds, Stopping threads took: 0.0001488 seconds
2021-01-18T20:17:35.672+0000: 5777.178: Total time for which application threads were stopped: 0.0002027 seconds, Stopping threads took: 0.0000372 seconds
{Heap before GC invocations=321 (full 5):
 par new generation   total 38080K, used 35036K [0x0000000085600000, 0x0000000087f50000, 0x000000009a2c0000)
  eden space 33856K, 100% used [0x0000000085600000, 0x0000000087710000, 0x0000000087710000)
  from space 4224K,  27% used [0x0000000087b30000, 0x0000000087c57080, 0x0000000087f50000)
  to   space 4224K,   0% used [0x0000000087710000, 0x0000000087710000, 0x0000000087b30000)
 concurrent mark-sweep generation total 118092K, used 86712K [0x000000009a2c0000, 0x00000000a1613000, 0x0000000100000000)
 Metaspace       used 110787K, capacity 118135K, committed 118316K, reserved 1153024K
  class space    used 13725K, capacity 15182K, committed 15200K, reserved 1048576K
2021-01-18T20:19:20.454+0000: 5881.960: [GC (Allocation Failure) 2021-01-18T20:19:20.455+0000: 5881.961: [ParNew
Desired survivor size 2162688 bytes, new threshold 6 (max 6)
- age   1:      37728 bytes,      37728 total
- age   2:        152 bytes,      37880 total
- age   3:        792 bytes,      38672 total
- age   4:       2752 bytes,      41424 total
- age   5:     516648 bytes,     558072 total
- age   6:     307912 bytes,     865984 total
: 35036K->1209K(38080K), 0.0062768 secs] 121748K->87922K(156172K), 0.0065403 secs] [Times: user=0.02 sys=0.00, real=0.01 secs] 
Heap after GC invocations=322 (full 5):
 par new generation   total 38080K, used 1209K [0x0000000085600000, 0x0000000087f50000, 0x000000009a2c0000)
  eden space 33856K,   0% used [0x0000000085600000, 0x0000000085600000, 0x0000000087710000)
  from space 4224K,  28% used [0x0000000087710000, 0x000000008783e730, 0x0000000087b30000)
  to   space 4224K,   0% used [0x0000000087b30000, 0x0000000087b30000, 0x0000000087f50000)
 concurrent mark-sweep generation total 118092K, used 86712K [0x000000009a2c0000, 0x00000000a1613000, 0x0000000100000000)
 Metaspace       used 110787K, capacity 118135K, committed 118316K, reserved 1153024K
  class space    used 13725K, capacity 15182K, committed 15200K, reserved 1048576K
}
2021-01-18T20:19:20.461+0000: 5881.967: Total time for which application threads were stopped: 0.0075926 seconds, Stopping threads took: 0.0004205 seconds
2021-01-18T20:19:21.462+0000: 5882.968: Total time for which application threads were stopped: 0.0005400 seconds, Stopping threads took: 0.0000868 seconds
2021-01-18T20:20:20.471+0000: 5941.977: Total time for which application threads were stopped: 0.0004930 seconds, Stopping threads took: 0.0000713 seconds
{Heap before GC invocations=322 (full 5):
 par new generation   total 38080K, used 35065K [0x0000000085600000, 0x0000000087f50000, 0x000000009a2c0000)
  eden space 33856K, 100% used [0x0000000085600000, 0x0000000087710000, 0x0000000087710000)
  from space 4224K,  28% used [0x0000000087710000, 0x000000008783e730, 0x0000000087b30000)
  to   space 4224K,   0% used [0x0000000087b30000, 0x0000000087b30000, 0x0000000087f50000)
 concurrent mark-sweep generation total 118092K, used 86712K [0x000000009a2c0000, 0x00000000a1613000, 0x0000000100000000)
 Metaspace       used 110789K, capacity 118135K, committed 118316K, reserved 1153024K
  class space    used 13725K, capacity 15182K, committed 15200K, reserved 1048576K
2021-01-18T20:35:55.640+0000: 5990.473: [GC (Allocation Failure) 2021-01-18T20:35:55.640+0000: 5990.473: [ParNew
Desired survivor size 2162688 bytes, new threshold 6 (max 6)
- age   1:       3816 bytes,       3816 total
- age   2:         64 bytes,       3880 total
- age   3:        152 bytes,       4032 total
- age   4:        792 bytes,       4824 total
- age   5:       2752 bytes,       7576 total
- age   6:     516648 bytes,     524224 total
: 35065K->1044K(38080K), 0.0047173 secs] 121778K->88062K(156172K), 0.0048355 secs] [Times: user=0.01 sys=0.00, real=0.01 secs] 
Heap after GC invocations=323 (full 5):
 par new generation   total 38080K, used 1044K [0x0000000085600000, 0x0000000087f50000, 0x000000009a2c0000)
  eden space 33856K,   0% used [0x0000000085600000, 0x0000000085600000, 0x0000000087710000)
  from space 4224K,  24% used [0x0000000087b30000, 0x0000000087c353b0, 0x0000000087f50000)
  to   space 4224K,   0% used [0x0000000087710000, 0x0000000087710000, 0x0000000087b30000)
 concurrent mark-sweep generation total 118092K, used 87017K [0x000000009a2c0000, 0x00000000a1613000, 0x0000000100000000)
 Metaspace       used 110789K, capacity 118135K, committed 118316K, reserved 1153024K
  class space    used 13725K, capacity 15182K, committed 15200K, reserved 1048576K
}
2021-01-18T20:35:55.645+0000: 5990.478: Total time for which application threads were stopped: 0.0051110 seconds, Stopping threads took: 0.0000355 seconds
{Heap before GC invocations=323 (full 5):
 par new generation   total 38080K, used 34900K [0x0000000085600000, 0x0000000087f50000, 0x000000009a2c0000)
  eden space 33856K, 100% used [0x0000000085600000, 0x0000000087710000, 0x0000000087710000)
  from space 4224K,  24% used [0x0000000087b30000, 0x0000000087c353b0, 0x0000000087f50000)
  to   space 4224K,   0% used [0x0000000087710000, 0x0000000087710000, 0x0000000087b30000)
 concurrent mark-sweep generation total 118092K, used 87017K [0x000000009a2c0000, 0x00000000a1613000, 0x0000000100000000)
 Metaspace       used 110789K, capacity 118135K, committed 118316K, reserved 1153024K
  class space    used 13725K, capacity 15182K, committed 15200K, reserved 1048576K
2021-01-18T20:37:42.375+0000: 6096.141: [GC (Allocation Failure) 2021-01-18T20:37:42.376+0000: 6096.141: [ParNew
Desired survivor size 2162688 bytes, new threshold 6 (max 6)
- age   1:      10432 bytes,      10432 total
- age   2:        128 bytes,      10560 total
- age   4:        152 bytes,      10712 total
- age   5:        792 bytes,      11504 total
- age   6:       2752 bytes,      14256 total
: 34900K->400K(38080K), 0.0077079 secs] 121918K->87929K(156172K), 0.0080088 secs] [Times: user=0.02 sys=0.00, real=0.01 secs] 
Heap after GC invocations=324 (full 5):
 par new generation   total 38080K, used 400K [0x0000000085600000, 0x0000000087f50000, 0x000000009a2c0000)
  eden space 33856K,   0% used [0x0000000085600000, 0x0000000085600000, 0x0000000087710000)
  from space 4224K,   9% used [0x0000000087710000, 0x00000000877743e0, 0x0000000087b30000)
  to   space 4224K,   0% used [0x0000000087b30000, 0x0000000087b30000, 0x0000000087f50000)
 concurrent mark-sweep generation total 118092K, used 87528K [0x000000009a2c0000, 0x00000000a1613000, 0x0000000100000000)
 Metaspace       used 110789K, capacity 118135K, committed 118316K, reserved 1153024K
  class space    used 13725K, capacity 15182K, committed 15200K, reserved 1048576K
}
2021-01-18T20:37:42.384+0000: 6096.149: Total time for which application threads were stopped: 0.0088136 seconds, Stopping threads took: 0.0001766 seconds
2021-01-18T20:38:09.388+0000: 6123.153: Total time for which application threads were stopped: 0.0004299 seconds, Stopping threads took: 0.0001019 seconds
2021-01-18T20:38:59.395+0000: 6173.160: Total time for which application threads were stopped: 0.0003675 seconds, Stopping threads took: 0.0000686 seconds
{Heap before GC invocations=324 (full 5):
 par new generation   total 38080K, used 34256K [0x0000000085600000, 0x0000000087f50000, 0x000000009a2c0000)
  eden space 33856K, 100% used [0x0000000085600000, 0x0000000087710000, 0x0000000087710000)
  from space 4224K,   9% used [0x0000000087710000, 0x00000000877743e0, 0x0000000087b30000)
  to   space 4224K,   0% used [0x0000000087b30000, 0x0000000087b30000, 0x0000000087f50000)
 concurrent mark-sweep generation total 118092K, used 87528K [0x000000009a2c0000, 0x00000000a1613000, 0x0000000100000000)
 Metaspace       used 110801K, capacity 118199K, committed 118316K, reserved 1153024K
  class space    used 13725K, capacity 15182K, committed 15200K, reserved 1048576K
2021-01-18T20:39:28.164+0000: 6201.930: [GC (Allocation Failure) 2021-01-18T20:39:28.165+0000: 6201.930: [ParNew
Desired survivor size 2162688 bytes, new threshold 6 (max 6)
- age   1:       3440 bytes,       3440 total
- age   2:       6800 bytes,      10240 total
- age   3:        128 bytes,      10368 total
- age   5:        152 bytes,      10520 total
- age   6:        792 bytes,      11312 total
: 34256K->77K(38080K), 0.0054754 secs] 121785K->87608K(156172K), 0.0057964 secs] [Times: user=0.02 sys=0.00, real=0.00 secs] 
Heap after GC invocations=325 (full 5):
 par new generation   total 38080K, used 77K [0x0000000085600000, 0x0000000087f50000, 0x000000009a2c0000)
  eden space 33856K,   0% used [0x0000000085600000, 0x0000000085600000, 0x0000000087710000)
  from space 4224K,   1% used [0x0000000087b30000, 0x0000000087b43488, 0x0000000087f50000)
  to   space 4224K,   0% used [0x0000000087710000, 0x0000000087710000, 0x0000000087b30000)
 concurrent mark-sweep generation total 118092K, used 87531K [0x000000009a2c0000, 0x00000000a1613000, 0x0000000100000000)
 Metaspace       used 110801K, capacity 118199K, committed 118316K, reserved 1153024K
  class space    used 13725K, capacity 15182K, committed 15200K, reserved 1048576K
}
2021-01-18T20:39:28.170+0000: 6201.936: Total time for which application threads were stopped: 0.0066244 seconds, Stopping threads took: 0.0001230 seconds
{Heap before GC invocations=325 (full 5):
 par new generation   total 38080K, used 33933K [0x0000000085600000, 0x0000000087f50000, 0x000000009a2c0000)
  eden space 33856K, 100% used [0x0000000085600000, 0x0000000087710000, 0x0000000087710000)
  from space 4224K,   1% used [0x0000000087b30000, 0x0000000087b43488, 0x0000000087f50000)
  to   space 4224K,   0% used [0x0000000087710000, 0x0000000087710000, 0x0000000087b30000)
 concurrent mark-sweep generation total 118092K, used 87531K [0x000000009a2c0000, 0x00000000a1613000, 0x0000000100000000)
 Metaspace       used 110804K, capacity 118263K, committed 118316K, reserved 1153024K
  class space    used 13725K, capacity 15182K, committed 15200K, reserved 1048576K
2021-01-18T20:41:13.999+0000: 6307.764: [GC (Allocation Failure) 2021-01-18T20:41:13.999+0000: 6307.765: [ParNew
Desired survivor size 2162688 bytes, new threshold 6 (max 6)
- age   1:      38432 bytes,      38432 total
- age   2:        144 bytes,      38576 total
- age   3:       6768 bytes,      45344 total
- age   4:        128 bytes,      45472 total
- age   6:        152 bytes,      45624 total
: 33933K->52K(38080K), 0.0049583 secs] 121464K->87585K(156172K), 0.0052820 secs] [Times: user=0.02 sys=0.01, real=0.01 secs] 
Heap after GC invocations=326 (full 5):
 par new generation   total 38080K, used 52K [0x0000000085600000, 0x0000000087f50000, 0x000000009a2c0000)
  eden space 33856K,   0% used [0x0000000085600000, 0x0000000085600000, 0x0000000087710000)
  from space 4224K,   1% used [0x0000000087710000, 0x000000008771d350, 0x0000000087b30000)
  to   space 4224K,   0% used [0x0000000087b30000, 0x0000000087b30000, 0x0000000087f50000)
 concurrent mark-sweep generation total 118092K, used 87532K [0x000000009a2c0000, 0x00000000a1613000, 0x0000000100000000)
 Metaspace       used 110804K, capacity 118263K, committed 118316K, reserved 1153024K
  class space    used 13725K, capacity 15182K, committed 15200K, reserved 1048576K
}
2021-01-18T20:41:14.005+0000: 6307.770: Total time for which application threads were stopped: 0.0061632 seconds, Stopping threads took: 0.0000865 seconds
2021-01-18T20:42:08.013+0000: 6361.778: Total time for which application threads were stopped: 0.0005154 seconds, Stopping threads took: 0.0000890 seconds
{Heap before GC invocations=326 (full 5):
 par new generation   total 38080K, used 33908K [0x0000000085600000, 0x0000000087f50000, 0x000000009a2c0000)
  eden space 33856K, 100% used [0x0000000085600000, 0x0000000087710000, 0x0000000087710000)
  from space 4224K,   1% used [0x0000000087710000, 0x000000008771d350, 0x0000000087b30000)
  to   space 4224K,   0% used [0x0000000087b30000, 0x0000000087b30000, 0x0000000087f50000)
 concurrent mark-sweep generation total 118092K, used 87532K [0x000000009a2c0000, 0x00000000a1613000, 0x0000000100000000)
 Metaspace       used 110807K, capacity 118263K, committed 118316K, reserved 1153024K
  class space    used 13725K, capacity 15182K, committed 15200K, reserved 1048576K
2021-01-18T20:42:59.875+0000: 6413.640: [GC (Allocation Failure) 2021-01-18T20:42:59.875+0000: 6413.640: [ParNew
Desired survivor size 2162688 bytes, new threshold 6 (max 6)
- age   1:      72320 bytes,      72320 total
- age   2:        920 bytes,      73240 total
- age   3:        144 bytes,      73384 total
- age   4:       6768 bytes,      80152 total
- age   5:        128 bytes,      80280 total
: 33908K->84K(38080K), 0.0081516 secs] 121441K->87617K(156172K), 0.0086295 secs] [Times: user=0.02 sys=0.00, real=0.01 secs] 
Heap after GC invocations=327 (full 5):
 par new generation   total 38080K, used 84K [0x0000000085600000, 0x0000000087f50000, 0x000000009a2c0000)
  eden space 33856K,   0% used [0x0000000085600000, 0x0000000085600000, 0x0000000087710000)
  from space 4224K,   1% used [0x0000000087b30000, 0x0000000087b451d8, 0x0000000087f50000)
  to   space 4224K,   0% used [0x0000000087710000, 0x0000000087710000, 0x0000000087b30000)
 concurrent mark-sweep generation total 118092K, used 87532K [0x000000009a2c0000, 0x00000000a1613000, 0x0000000100000000)
 Metaspace       used 110807K, capacity 118263K, committed 118316K, reserved 1153024K
  class space    used 13725K, capacity 15182K, committed 15200K, reserved 1048576K
}
2021-01-18T20:42:59.884+0000: 6413.649: Total time for which application threads were stopped: 0.0097349 seconds, Stopping threads took: 0.0001725 seconds
{Heap before GC invocations=327 (full 5):
 par new generation   total 38080K, used 33940K [0x0000000085600000, 0x0000000087f50000, 0x000000009a2c0000)
  eden space 33856K, 100% used [0x0000000085600000, 0x0000000087710000, 0x0000000087710000)
  from space 4224K,   1% used [0x0000000087b30000, 0x0000000087b451d8, 0x0000000087f50000)
  to   space 4224K,   0% used [0x0000000087710000, 0x0000000087710000, 0x0000000087b30000)
 concurrent mark-sweep generation total 118092K, used 87532K [0x000000009a2c0000, 0x00000000a1613000, 0x0000000100000000)
 Metaspace       used 110807K, capacity 118263K, committed 118316K, reserved 1153024K
  class space    used 13725K, capacity 15182K, committed 15200K, reserved 1048576K
2021-01-18T20:44:45.992+0000: 6519.757: [GC (Allocation Failure) 2021-01-18T20:44:45.992+0000: 6519.757: [ParNew
Desired survivor size 2162688 bytes, new threshold 6 (max 6)
- age   1:       3712 bytes,       3712 total
- age   2:        768 bytes,       4480 total
- age   3:        832 bytes,       5312 total
- age   4:        144 bytes,       5456 total
- age   5:       6768 bytes,      12224 total
- age   6:        128 bytes,      12352 total
: 33940K->18K(38080K), 0.0052269 secs] 121473K->87551K(156172K), 0.0056411 secs] [Times: user=0.02 sys=0.00, real=0.00 secs] 
Heap after GC invocations=328 (full 5):
 par new generation   total 38080K, used 18K [0x0000000085600000, 0x0000000087f50000, 0x000000009a2c0000)
  eden space 33856K,   0% used [0x0000000085600000, 0x0000000085600000, 0x0000000087710000)
  from space 4224K,   0% used [0x0000000087710000, 0x0000000087714a60, 0x0000000087b30000)
  to   space 4224K,   0% used [0x0000000087b30000, 0x0000000087b30000, 0x0000000087f50000)
 concurrent mark-sweep generation total 118092K, used 87532K [0x000000009a2c0000, 0x00000000a1613000, 0x0000000100000000)
 Metaspace       used 110807K, capacity 118263K, committed 118316K, reserved 1153024K
  class space    used 13725K, capacity 15182K, committed 15200K, reserved 1048576K
}
2021-01-18T20:44:45.998+0000: 6519.763: Total time for which application threads were stopped: 0.0073788 seconds, Stopping threads took: 0.0008500 seconds
2021-01-18T20:45:08.003+0000: 6541.768: Total time for which application threads were stopped: 0.0004852 seconds, Stopping threads took: 0.0001104 seconds
{Heap before GC invocations=328 (full 5):
 par new generation   total 38080K, used 33874K [0x0000000085600000, 0x0000000087f50000, 0x000000009a2c0000)
  eden space 33856K, 100% used [0x0000000085600000, 0x0000000087710000, 0x0000000087710000)
  from space 4224K,   0% used [0x0000000087710000, 0x0000000087714a60, 0x0000000087b30000)
  to   space 4224K,   0% used [0x0000000087b30000, 0x0000000087b30000, 0x0000000087f50000)
 concurrent mark-sweep generation total 118092K, used 87532K [0x000000009a2c0000, 0x00000000a1613000, 0x0000000100000000)
 Metaspace       used 110813K, capacity 118263K, committed 118316K, reserved 1153024K
  class space    used 13725K, capacity 15182K, committed 15200K, reserved 1048576K
2021-01-18T20:46:31.842+0000: 6625.607: [GC (Allocation Failure) 2021-01-18T20:46:31.842+0000: 6625.607: [ParNew
Desired survivor size 2162688 bytes, new threshold 6 (max 6)
- age   1:       3768 bytes,       3768 total
- age   2:         32 bytes,       3800 total
- age   3:        744 bytes,       4544 total
- age   4:        832 bytes,       5376 total
- age   5:        144 bytes,       5520 total
- age   6:       6768 bytes,      12288 total
: 33874K->15K(38080K), 0.0045889 secs] 121407K->87548K(156172K), 0.0048039 secs] [Times: user=0.01 sys=0.00, real=0.00 secs] 
Heap after GC invocations=329 (full 5):
 par new generation   total 38080K, used 15K [0x0000000085600000, 0x0000000087f50000, 0x000000009a2c0000)
  eden space 33856K,   0% used [0x0000000085600000, 0x0000000085600000, 0x0000000087710000)
  from space 4224K,   0% used [0x0000000087b30000, 0x0000000087b33fe8, 0x0000000087f50000)
  to   space 4224K,   0% used [0x0000000087710000, 0x0000000087710000, 0x0000000087b30000)
 concurrent mark-sweep generation total 118092K, used 87532K [0x000000009a2c0000, 0x00000000a1613000, 0x0000000100000000)
 Metaspace       used 110813K, capacity 118263K, committed 118316K, reserved 1153024K
  class space    used 13725K, capacity 15182K, committed 15200K, reserved 1048576K
}
2021-01-18T20:46:31.847+0000: 6625.612: Total time for which application threads were stopped: 0.0056385 seconds, Stopping threads took: 0.0002580 seconds
{Heap before GC invocations=329 (full 5):
 par new generation   total 38080K, used 33871K [0x0000000085600000, 0x0000000087f50000, 0x000000009a2c0000)
  eden space 33856K, 100% used [0x0000000085600000, 0x0000000087710000, 0x0000000087710000)
  from space 4224K,   0% used [0x0000000087b30000, 0x0000000087b33fe8, 0x0000000087f50000)
  to   space 4224K,   0% used [0x0000000087710000, 0x0000000087710000, 0x0000000087b30000)
 concurrent mark-sweep generation total 118092K, used 87532K [0x000000009a2c0000, 0x00000000a1613000, 0x0000000100000000)
 Metaspace       used 110814K, capacity 118263K, committed 118316K, reserved 1153024K
  class space    used 13725K, capacity 15182K, committed 15200K, reserved 1048576K
2021-01-18T20:48:17.825+0000: 6731.590: [GC (Allocation Failure) 2021-01-18T20:48:17.826+0000: 6731.591: [ParNew
Desired survivor size 2162688 bytes, new threshold 6 (max 6)
- age   1:       3600 bytes,       3600 total
- age   4:        744 bytes,       4344 total
- age   5:        832 bytes,       5176 total
- age   6:        144 bytes,       5320 total
: 33871K->12K(38080K), 0.0068775 secs] 121404K->87551K(156172K), 0.0072085 secs] [Times: user=0.02 sys=0.00, real=0.01 secs] 
Heap after GC invocations=330 (full 5):
 par new generation   total 38080K, used 12K [0x0000000085600000, 0x0000000087f50000, 0x000000009a2c0000)
  eden space 33856K,   0% used [0x0000000085600000, 0x0000000085600000, 0x0000000087710000)
  from space 4224K,   0% used [0x0000000087710000, 0x00000000877130e0, 0x0000000087b30000)
  to   space 4224K,   0% used [0x0000000087b30000, 0x0000000087b30000, 0x0000000087f50000)
 concurrent mark-sweep generation total 118092K, used 87539K [0x000000009a2c0000, 0x00000000a1613000, 0x0000000100000000)
 Metaspace       used 110814K, capacity 118263K, committed 118316K, reserved 1153024K
  class space    used 13725K, capacity 15182K, committed 15200K, reserved 1048576K
}
2021-01-18T20:48:17.833+0000: 6731.598: Total time for which application threads were stopped: 0.0080721 seconds, Stopping threads took: 0.0000912 seconds
{Heap before GC invocations=330 (full 5):
 par new generation   total 38080K, used 33868K [0x0000000085600000, 0x0000000087f50000, 0x000000009a2c0000)
  eden space 33856K, 100% used [0x0000000085600000, 0x0000000087710000, 0x0000000087710000)
  from space 4224K,   0% used [0x0000000087710000, 0x00000000877130e0, 0x0000000087b30000)
  to   space 4224K,   0% used [0x0000000087b30000, 0x0000000087b30000, 0x0000000087f50000)
 concurrent mark-sweep generation total 118092K, used 87539K [0x000000009a2c0000, 0x00000000a1613000, 0x0000000100000000)
 Metaspace       used 110816K, capacity 118263K, committed 118316K, reserved 1153024K
  class space    used 13725K, capacity 15182K, committed 15200K, reserved 1048576K
2021-01-18T20:50:03.872+0000: 6837.637: [GC (Allocation Failure) 2021-01-18T20:50:03.872+0000: 6837.637: [ParNew
Desired survivor size 2162688 bytes, new threshold 6 (max 6)
- age   1:      71640 bytes,      71640 total
- age   2:        208 bytes,      71848 total
- age   5:        744 bytes,      72592 total
- age   6:        832 bytes,      73424 total
: 33868K->73K(38080K), 0.0047005 secs] 121407K->87613K(156172K), 0.0049682 secs] [Times: user=0.02 sys=0.01, real=0.01 secs] 
Heap after GC invocations=331 (full 5):
 par new generation   total 38080K, used 73K [0x0000000085600000, 0x0000000087f50000, 0x000000009a2c0000)
  eden space 33856K,   0% used [0x0000000085600000, 0x0000000085600000, 0x0000000087710000)
  from space 4224K,   1% used [0x0000000087b30000, 0x0000000087b427e8, 0x0000000087f50000)
  to   space 4224K,   0% used [0x0000000087710000, 0x0000000087710000, 0x0000000087b30000)
 concurrent mark-sweep generation total 118092K, used 87539K [0x000000009a2c0000, 0x00000000a1613000, 0x0000000100000000)
 Metaspace       used 110816K, capacity 118263K, committed 118316K, reserved 1153024K
  class space    used 13725K, capacity 15182K, committed 15200K, reserved 1048576K
}
2021-01-18T20:50:03.877+0000: 6837.642: Total time for which application threads were stopped: 0.0057537 seconds, Stopping threads took: 0.0002569 seconds
2021-01-18T20:50:04.877+0000: 6838.643: Total time for which application threads were stopped: 0.0004789 seconds, Stopping threads took: 0.0000870 seconds
{Heap before GC invocations=331 (full 5):
 par new generation   total 38080K, used 33929K [0x0000000085600000, 0x0000000087f50000, 0x000000009a2c0000)
  eden space 33856K, 100% used [0x0000000085600000, 0x0000000087710000, 0x0000000087710000)
  from space 4224K,   1% used [0x0000000087b30000, 0x0000000087b427e8, 0x0000000087f50000)
  to   space 4224K,   0% used [0x0000000087710000, 0x0000000087710000, 0x0000000087b30000)
 concurrent mark-sweep generation total 118092K, used 87539K [0x000000009a2c0000, 0x00000000a1613000, 0x0000000100000000)
 Metaspace       used 110816K, capacity 118263K, committed 118316K, reserved 1153024K
  class space    used 13725K, capacity 15182K, committed 15200K, reserved 1048576K
2021-01-18T20:51:50.086+0000: 6943.852: [GC (Allocation Failure) 2021-01-18T20:51:50.087+0000: 6943.852: [ParNew
Desired survivor size 2162688 bytes, new threshold 6 (max 6)
- age   1:       3752 bytes,       3752 total
- age   3:        144 bytes,       3896 total
- age   6:        744 bytes,       4640 total
: 33929K->8K(38080K), 0.0046367 secs] 121469K->87548K(156172K), 0.0048932 secs] [Times: user=0.02 sys=0.00, real=0.00 secs] 
Heap after GC invocations=332 (full 5):
 par new generation   total 38080K, used 8K [0x0000000085600000, 0x0000000087f50000, 0x000000009a2c0000)
  eden space 33856K,   0% used [0x0000000085600000, 0x0000000085600000, 0x0000000087710000)
  from space 4224K,   0% used [0x0000000087710000, 0x0000000087712238, 0x0000000087b30000)
  to   space 4224K,   0% used [0x0000000087b30000, 0x0000000087b30000, 0x0000000087f50000)
 concurrent mark-sweep generation total 118092K, used 87540K [0x000000009a2c0000, 0x00000000a1613000, 0x0000000100000000)
 Metaspace       used 110816K, capacity 118263K, committed 118316K, reserved 1153024K
  class space    used 13725K, capacity 15182K, committed 15200K, reserved 1048576K
}
2021-01-18T20:51:50.092+0000: 6943.857: Total time for which application threads were stopped: 0.0056580 seconds, Stopping threads took: 0.0002257 seconds
{Heap before GC invocations=332 (full 5):
 par new generation   total 38080K, used 33864K [0x0000000085600000, 0x0000000087f50000, 0x000000009a2c0000)
  eden space 33856K, 100% used [0x0000000085600000, 0x0000000087710000, 0x0000000087710000)
  from space 4224K,   0% used [0x0000000087710000, 0x0000000087712238, 0x0000000087b30000)
  to   space 4224K,   0% used [0x0000000087b30000, 0x0000000087b30000, 0x0000000087f50000)
 concurrent mark-sweep generation total 118092K, used 87540K [0x000000009a2c0000, 0x00000000a1613000, 0x0000000100000000)
 Metaspace       used 110817K, capacity 118263K, committed 118316K, reserved 1153024K
  class space    used 13725K, capacity 15182K, committed 15200K, reserved 1048576K
2021-01-18T20:53:35.983+0000: 7049.748: [GC (Allocation Failure) 2021-01-18T20:53:35.983+0000: 7049.748: [ParNew
Desired survivor size 2162688 bytes, new threshold 6 (max 6)
- age   1:       3264 bytes,       3264 total
- age   2:         32 bytes,       3296 total
- age   4:        144 bytes,       3440 total
: 33864K->6K(38080K), 0.0048471 secs] 121404K->87547K(156172K), 0.0052859 secs] [Times: user=0.01 sys=0.00, real=0.00 secs] 
Heap after GC invocations=333 (full 5):
 par new generation   total 38080K, used 6K [0x0000000085600000, 0x0000000087f50000, 0x000000009a2c0000)
  eden space 33856K,   0% used [0x0000000085600000, 0x0000000085600000, 0x0000000087710000)
  from space 4224K,   0% used [0x0000000087b30000, 0x0000000087b31830, 0x0000000087f50000)
  to   space 4224K,   0% used [0x0000000087710000, 0x0000000087710000, 0x0000000087b30000)
 concurrent mark-sweep generation total 118092K, used 87540K [0x000000009a2c0000, 0x00000000a1613000, 0x0000000100000000)
 Metaspace       used 110817K, capacity 118263K, committed 118316K, reserved 1153024K
  class space    used 13725K, capacity 15182K, committed 15200K, reserved 1048576K
}
2021-01-18T20:53:35.989+0000: 7049.754: Total time for which application threads were stopped: 0.0065530 seconds, Stopping threads took: 0.0000689 seconds
2021-01-18T20:54:07.994+0000: 7081.759: Total time for which application threads were stopped: 0.0004572 seconds, Stopping threads took: 0.0000845 seconds
2021-01-18T20:54:21.997+0000: 7095.762: Total time for which application threads were stopped: 0.0005700 seconds, Stopping threads took: 0.0000925 seconds
2021-01-18T20:55:09.004+0000: 7142.769: Total time for which application threads were stopped: 0.0004062 seconds, Stopping threads took: 0.0000688 seconds
{Heap before GC invocations=333 (full 5):
 par new generation   total 38080K, used 33862K [0x0000000085600000, 0x0000000087f50000, 0x000000009a2c0000)
  eden space 33856K, 100% used [0x0000000085600000, 0x0000000087710000, 0x0000000087710000)
  from space 4224K,   0% used [0x0000000087b30000, 0x0000000087b31830, 0x0000000087f50000)
  to   space 4224K,   0% used [0x0000000087710000, 0x0000000087710000, 0x0000000087b30000)
 concurrent mark-sweep generation total 118092K, used 87540K [0x000000009a2c0000, 0x00000000a1613000, 0x0000000100000000)
 Metaspace       used 110827K, capacity 118263K, committed 118316K, reserved 1153024K
  class space    used 13725K, capacity 15182K, committed 15200K, reserved 1048576K
2021-01-18T20:55:18.451+0000: 7152.217: [GC (Allocation Failure) 2021-01-18T20:55:18.452+0000: 7152.217: [ParNew
Desired survivor size 2162688 bytes, new threshold 6 (max 6)
- age   1:     572320 bytes,     572320 total
- age   5:        144 bytes,     572464 total
: 33862K->567K(38080K), 0.0050425 secs] 121403K->88108K(156172K), 0.0053443 secs] [Times: user=0.02 sys=0.00, real=0.01 secs] 
Heap after GC invocations=334 (full 5):
 par new generation   total 38080K, used 567K [0x0000000085600000, 0x0000000087f50000, 0x000000009a2c0000)
  eden space 33856K,   0% used [0x0000000085600000, 0x0000000085600000, 0x0000000087710000)
  from space 4224K,  13% used [0x0000000087710000, 0x000000008779de68, 0x0000000087b30000)
  to   space 4224K,   0% used [0x0000000087b30000, 0x0000000087b30000, 0x0000000087f50000)
 concurrent mark-sweep generation total 118092K, used 87540K [0x000000009a2c0000, 0x00000000a1613000, 0x0000000100000000)
 Metaspace       used 110827K, capacity 118263K, committed 118316K, reserved 1153024K
  class space    used 13725K, capacity 15182K, committed 15200K, reserved 1048576K
}
2021-01-18T20:55:18.457+0000: 7152.222: Total time for which application threads were stopped: 0.0059629 seconds, Stopping threads took: 0.0000658 seconds
{Heap before GC invocations=334 (full 5):
 par new generation   total 38080K, used 34423K [0x0000000085600000, 0x0000000087f50000, 0x000000009a2c0000)
  eden space 33856K, 100% used [0x0000000085600000, 0x0000000087710000, 0x0000000087710000)
  from space 4224K,  13% used [0x0000000087710000, 0x000000008779de68, 0x0000000087b30000)
  to   space 4224K,   0% used [0x0000000087b30000, 0x0000000087b30000, 0x0000000087f50000)
 concurrent mark-sweep generation total 118092K, used 87540K [0x000000009a2c0000, 0x00000000a1613000, 0x0000000100000000)
 Metaspace       used 110830K, capacity 118263K, committed 118316K, reserved 1153024K
  class space    used 13725K, capacity 15182K, committed 15200K, reserved 1048576K
2021-01-18T20:57:03.336+0000: 7257.101: [GC (Allocation Failure) 2021-01-18T20:57:03.336+0000: 7257.101: [ParNew
Desired survivor size 2162688 bytes, new threshold 6 (max 6)
- age   1:     332176 bytes,     332176 total
- age   2:     565488 bytes,     897664 total
- age   6:        144 bytes,     897808 total
: 34423K->945K(38080K), 0.0060703 secs] 121964K->88486K(156172K), 0.0063006 secs] [Times: user=0.02 sys=0.00, real=0.01 secs] 
Heap after GC invocations=335 (full 5):
 par new generation   total 38080K, used 945K [0x0000000085600000, 0x0000000087f50000, 0x000000009a2c0000)
  eden space 33856K,   0% used [0x0000000085600000, 0x0000000085600000, 0x0000000087710000)
  from space 4224K,  22% used [0x0000000087b30000, 0x0000000087c1c5a0, 0x0000000087f50000)
  to   space 4224K,   0% used [0x0000000087710000, 0x0000000087710000, 0x0000000087b30000)
 concurrent mark-sweep generation total 118092K, used 87540K [0x000000009a2c0000, 0x00000000a1613000, 0x0000000100000000)
 Metaspace       used 110830K, capacity 118263K, committed 118316K, reserved 1153024K
  class space    used 13725K, capacity 15182K, committed 15200K, reserved 1048576K
}
2021-01-18T20:57:03.342+0000: 7257.107: Total time for which application threads were stopped: 0.0071909 seconds, Stopping threads took: 0.0002366 seconds
2021-01-18T20:58:00.353+0000: 7314.118: Total time for which application threads were stopped: 0.0004107 seconds, Stopping threads took: 0.0000721 seconds
2021-01-18T20:58:01.354+0000: 7315.119: Total time for which application threads were stopped: 0.0005897 seconds, Stopping threads took: 0.0000959 seconds
2021-01-18T20:58:04.355+0000: 7318.120: Total time for which application threads were stopped: 0.0004364 seconds, Stopping threads took: 0.0000814 seconds
{Heap before GC invocations=335 (full 5):
 par new generation   total 38080K, used 34801K [0x0000000085600000, 0x0000000087f50000, 0x000000009a2c0000)
  eden space 33856K, 100% used [0x0000000085600000, 0x0000000087710000, 0x0000000087710000)
  from space 4224K,  22% used [0x0000000087b30000, 0x0000000087c1c5a0, 0x0000000087f50000)
  to   space 4224K,   0% used [0x0000000087710000, 0x0000000087710000, 0x0000000087b30000)
 concurrent mark-sweep generation total 118092K, used 87540K [0x000000009a2c0000, 0x00000000a1613000, 0x0000000100000000)
 Metaspace       used 110873K, capacity 118263K, committed 118316K, reserved 1153024K
  class space    used 13725K, capacity 15182K, committed 15200K, reserved 1048576K
2021-01-18T20:58:47.739+0000: 7361.504: [GC (Allocation Failure) 2021-01-18T20:58:47.739+0000: 7361.504: [ParNew
Desired survivor size 2162688 bytes, new threshold 6 (max 6)
- age   1:       9120 bytes,       9120 total
- age   2:     260704 bytes,     269824 total
- age   3:     565424 bytes,     835248 total
: 34801K->1303K(38080K), 0.0055699 secs] 122342K->88844K(156172K), 0.0058340 secs] [Times: user=0.03 sys=0.00, real=0.01 secs] 
Heap after GC invocations=336 (full 5):
 par new generation   total 38080K, used 1303K [0x0000000085600000, 0x0000000087f50000, 0x000000009a2c0000)
  eden space 33856K,   0% used [0x0000000085600000, 0x0000000085600000, 0x0000000087710000)
  from space 4224K,  30% used [0x0000000087710000, 0x0000000087855c80, 0x0000000087b30000)
  to   space 4224K,   0% used [0x0000000087b30000, 0x0000000087b30000, 0x0000000087f50000)
 concurrent mark-sweep generation total 118092K, used 87541K [0x000000009a2c0000, 0x00000000a1613000, 0x0000000100000000)
 Metaspace       used 110873K, capacity 118263K, committed 118316K, reserved 1153024K
  class space    used 13725K, capacity 15182K, committed 15200K, reserved 1048576K
}
2021-01-18T20:58:47.745+0000: 7361.510: Total time for which application threads were stopped: 0.0064889 seconds, Stopping threads took: 0.0000658 seconds
2021-01-18T20:59:08.749+0000: 7382.514: Total time for which application threads were stopped: 0.0003627 seconds, Stopping threads took: 0.0000698 seconds
2021-01-18T21:00:08.759+0000: 7442.524: Total time for which application threads were stopped: 0.0006635 seconds, Stopping threads took: 0.0001642 seconds
{Heap before GC invocations=336 (full 5):
 par new generation   total 38080K, used 35159K [0x0000000085600000, 0x0000000087f50000, 0x000000009a2c0000)
  eden space 33856K, 100% used [0x0000000085600000, 0x0000000087710000, 0x0000000087710000)
  from space 4224K,  30% used [0x0000000087710000, 0x0000000087855c80, 0x0000000087b30000)
  to   space 4224K,   0% used [0x0000000087b30000, 0x0000000087b30000, 0x0000000087f50000)
 concurrent mark-sweep generation total 118092K, used 87541K [0x000000009a2c0000, 0x00000000a1613000, 0x0000000100000000)
 Metaspace       used 110876K, capacity 118267K, committed 118316K, reserved 1153024K
  class space    used 13725K, capacity 15182K, committed 15200K, reserved 1048576K
2021-01-18T21:00:34.069+0000: 7467.834: [GC (Allocation Failure) 2021-01-18T21:00:34.069+0000: 7467.834: [ParNew
Desired survivor size 2162688 bytes, new threshold 6 (max 6)
- age   1:       3560 bytes,       3560 total
- age   2:       5472 bytes,       9032 total
- age   3:     260704 bytes,     269736 total
- age   4:     565448 bytes,     835184 total
: 35159K->1355K(38080K), 0.0054322 secs] 122700K->88896K(156172K), 0.0056485 secs] [Times: user=0.02 sys=0.01, real=0.01 secs] 
Heap after GC invocations=337 (full 5):
 par new generation   total 38080K, used 1355K [0x0000000085600000, 0x0000000087f50000, 0x000000009a2c0000)
  eden space 33856K,   0% used [0x0000000085600000, 0x0000000085600000, 0x0000000087710000)
  from space 4224K,  32% used [0x0000000087b30000, 0x0000000087c82e98, 0x0000000087f50000)
  to   space 4224K,   0% used [0x0000000087710000, 0x0000000087710000, 0x0000000087b30000)
 concurrent mark-sweep generation total 118092K, used 87541K [0x000000009a2c0000, 0x00000000a1613000, 0x0000000100000000)
 Metaspace       used 110876K, capacity 118267K, committed 118316K, reserved 1153024K
  class space    used 13725K, capacity 15182K, committed 15200K, reserved 1048576K
}
2021-01-18T21:00:34.075+0000: 7467.840: Total time for which application threads were stopped: 0.0063158 seconds, Stopping threads took: 0.0000727 seconds
2021-01-18T21:01:08.081+0000: 7501.846: Total time for which application threads were stopped: 0.0004736 seconds, Stopping threads took: 0.0000720 seconds
{Heap before GC invocations=337 (full 5):
 par new generation   total 38080K, used 35211K [0x0000000085600000, 0x0000000087f50000, 0x000000009a2c0000)
  eden space 33856K, 100% used [0x0000000085600000, 0x0000000087710000, 0x0000000087710000)
  from space 4224K,  32% used [0x0000000087b30000, 0x0000000087c82e98, 0x0000000087f50000)
  to   space 4224K,   0% used [0x0000000087710000, 0x0000000087710000, 0x0000000087b30000)
 concurrent mark-sweep generation total 118092K, used 87541K [0x000000009a2c0000, 0x00000000a1613000, 0x0000000100000000)
 Metaspace       used 110881K, capacity 118267K, committed 118316K, reserved 1153024K
  class space    used 13725K, capacity 15182K, committed 15200K, reserved 1048576K
2021-01-18T21:02:19.885+0000: 7573.650: [GC (Allocation Failure) 2021-01-18T21:02:19.885+0000: 7573.650: [ParNew
Desired survivor size 2162688 bytes, new threshold 6 (max 6)
- age   1:       3504 bytes,       3504 total
- age   2:        152 bytes,       3656 total
- age   3:       5440 bytes,       9096 total
- age   4:     260704 bytes,     269800 total
- age   5:     565424 bytes,     835224 total
: 35211K->1208K(38080K), 0.0162083 secs] 122752K->88749K(156172K), 0.0165193 secs] [Times: user=0.02 sys=0.01, real=0.02 secs] 
Heap after GC invocations=338 (full 5):
 par new generation   total 38080K, used 1208K [0x0000000085600000, 0x0000000087f50000, 0x000000009a2c0000)
  eden space 33856K,   0% used [0x0000000085600000, 0x0000000085600000, 0x0000000087710000)
  from space 4224K,  28% used [0x0000000087710000, 0x000000008783e040, 0x0000000087b30000)
  to   space 4224K,   0% used [0x0000000087b30000, 0x0000000087b30000, 0x0000000087f50000)
 concurrent mark-sweep generation total 118092K, used 87541K [0x000000009a2c0000, 0x00000000a1613000, 0x0000000100000000)
 Metaspace       used 110881K, capacity 118267K, committed 118316K, reserved 1153024K
  class space    used 13725K, capacity 15182K, committed 15200K, reserved 1048576K
}
2021-01-18T21:02:19.901+0000: 7573.667: Total time for which application threads were stopped: 0.0172391 seconds, Stopping threads took: 0.0000836 seconds
{Heap before GC invocations=338 (full 5):
 par new generation   total 38080K, used 35064K [0x0000000085600000, 0x0000000087f50000, 0x000000009a2c0000)
  eden space 33856K, 100% used [0x0000000085600000, 0x0000000087710000, 0x0000000087710000)
  from space 4224K,  28% used [0x0000000087710000, 0x000000008783e040, 0x0000000087b30000)
  to   space 4224K,   0% used [0x0000000087b30000, 0x0000000087b30000, 0x0000000087f50000)
 concurrent mark-sweep generation total 118092K, used 87541K [0x000000009a2c0000, 0x00000000a1613000, 0x0000000100000000)
 Metaspace       used 110886K, capacity 118267K, committed 118316K, reserved 1153024K
  class space    used 13725K, capacity 15182K, committed 15200K, reserved 1048576K
2021-01-18T21:04:05.682+0000: 7679.448: [GC (Allocation Failure) 2021-01-18T21:04:05.683+0000: 7679.448: [ParNew
Desired survivor size 2162688 bytes, new threshold 6 (max 6)
- age   1:      71240 bytes,      71240 total
- age   2:         64 bytes,      71304 total
- age   3:        152 bytes,      71456 total
- age   4:       5440 bytes,      76896 total
- age   5:     260704 bytes,     337600 total
- age   6:     565424 bytes,     903024 total
: 35064K->1422K(38080K), 0.0056773 secs] 122605K->88964K(156172K), 0.0060016 secs] [Times: user=0.02 sys=0.00, real=0.00 secs] 
Heap after GC invocations=339 (full 5):
 par new generation   total 38080K, used 1422K [0x0000000085600000, 0x0000000087f50000, 0x000000009a2c0000)
  eden space 33856K,   0% used [0x0000000085600000, 0x0000000085600000, 0x0000000087710000)
  from space 4224K,  33% used [0x0000000087b30000, 0x0000000087c93ba8, 0x0000000087f50000)
  to   space 4224K,   0% used [0x0000000087710000, 0x0000000087710000, 0x0000000087b30000)
 concurrent mark-sweep generation total 118092K, used 87541K [0x000000009a2c0000, 0x00000000a1613000, 0x0000000100000000)
 Metaspace       used 110886K, capacity 118267K, committed 118316K, reserved 1153024K
  class space    used 13725K, capacity 15182K, committed 15200K, reserved 1048576K
}
2021-01-18T21:04:05.689+0000: 7679.454: Total time for which application threads were stopped: 0.0066217 seconds, Stopping threads took: 0.0000664 seconds
2021-01-18T21:05:08.697+0000: 7742.463: Total time for which application threads were stopped: 0.0003738 seconds, Stopping threads took: 0.0000679 seconds
{Heap before GC invocations=339 (full 5):
 par new generation   total 38080K, used 35278K [0x0000000085600000, 0x0000000087f50000, 0x000000009a2c0000)
  eden space 33856K, 100% used [0x0000000085600000, 0x0000000087710000, 0x0000000087710000)
  from space 4224K,  33% used [0x0000000087b30000, 0x0000000087c93ba8, 0x0000000087f50000)
  to   space 4224K,   0% used [0x0000000087710000, 0x0000000087710000, 0x0000000087b30000)
 concurrent mark-sweep generation total 118092K, used 87541K [0x000000009a2c0000, 0x00000000a1613000, 0x0000000100000000)
 Metaspace       used 110913K, capacity 118343K, committed 118572K, reserved 1153024K
  class space    used 13725K, capacity 15182K, committed 15200K, reserved 1048576K
2021-01-18T21:05:51.592+0000: 7785.357: [GC (Allocation Failure) 2021-01-18T21:05:51.592+0000: 7785.357: [ParNew
Desired survivor size 2162688 bytes, new threshold 6 (max 6)
- age   1:       4560 bytes,       4560 total
- age   2:        168 bytes,       4728 total
- age   4:        152 bytes,       4880 total
- age   5:       5440 bytes,      10320 total
- age   6:     260704 bytes,     271024 total
: 35278K->1080K(38080K), 0.0167014 secs] 122820K->89181K(156172K), 0.0169546 secs] [Times: user=0.03 sys=0.01, real=0.01 secs] 
Heap after GC invocations=340 (full 5):
 par new generation   total 38080K, used 1080K [0x0000000085600000, 0x0000000087f50000, 0x000000009a2c0000)
  eden space 33856K,   0% used [0x0000000085600000, 0x0000000085600000, 0x0000000087710000)
  from space 4224K,  25% used [0x0000000087710000, 0x000000008781e370, 0x0000000087b30000)
  to   space 4224K,   0% used [0x0000000087b30000, 0x0000000087b30000, 0x0000000087f50000)
 concurrent mark-sweep generation total 118092K, used 88100K [0x000000009a2c0000, 0x00000000a1613000, 0x0000000100000000)
 Metaspace       used 110913K, capacity 118343K, committed 118572K, reserved 1153024K
  class space    used 13725K, capacity 15182K, committed 15200K, reserved 1048576K
}
2021-01-18T21:05:51.609+0000: 7785.374: Total time for which application threads were stopped: 0.0175760 seconds, Stopping threads took: 0.0000880 seconds
2021-01-18T21:06:08.612+0000: 7802.378: Total time for which application threads were stopped: 0.0011008 seconds, Stopping threads took: 0.0001459 seconds
2021-01-18T21:07:08.621+0000: 7862.386: Total time for which application threads were stopped: 0.0003626 seconds, Stopping threads took: 0.0000707 seconds
{Heap before GC invocations=340 (full 5):
 par new generation   total 38080K, used 34936K [0x0000000085600000, 0x0000000087f50000, 0x000000009a2c0000)
  eden space 33856K, 100% used [0x0000000085600000, 0x0000000087710000, 0x0000000087710000)
  from space 4224K,  25% used [0x0000000087710000, 0x000000008781e370, 0x0000000087b30000)
  to   space 4224K,   0% used [0x0000000087b30000, 0x0000000087b30000, 0x0000000087f50000)
 concurrent mark-sweep generation total 118092K, used 88100K [0x000000009a2c0000, 0x00000000a1613000, 0x0000000100000000)
 Metaspace       used 110929K, capacity 118351K, committed 118572K, reserved 1153024K
  class space    used 13725K, capacity 15182K, committed 15200K, reserved 1048576K
2021-01-18T21:07:37.518+0000: 7891.283: [GC (Allocation Failure) 2021-01-18T21:07:37.518+0000: 7891.283: [ParNew
Desired survivor size 2162688 bytes, new threshold 6 (max 6)
- age   1:       3888 bytes,       3888 total
- age   2:        840 bytes,       4728 total
- age   3:        120 bytes,       4848 total
- age   5:        152 bytes,       5000 total
- age   6:       5392 bytes,      10392 total
: 34936K->211K(38080K), 0.0099591 secs] 123037K->88570K(156172K), 0.0102067 secs] [Times: user=0.02 sys=0.00, real=0.01 secs] 
Heap after GC invocations=341 (full 5):
 par new generation   total 38080K, used 211K [0x0000000085600000, 0x0000000087f50000, 0x000000009a2c0000)
  eden space 33856K,   0% used [0x0000000085600000, 0x0000000085600000, 0x0000000087710000)
  from space 4224K,   5% used [0x0000000087b30000, 0x0000000087b64ef0, 0x0000000087f50000)
  to   space 4224K,   0% used [0x0000000087710000, 0x0000000087710000, 0x0000000087b30000)
 concurrent mark-sweep generation total 118092K, used 88358K [0x000000009a2c0000, 0x00000000a1613000, 0x0000000100000000)
 Metaspace       used 110929K, capacity 118351K, committed 118572K, reserved 1153024K
  class space    used 13725K, capacity 15182K, committed 15200K, reserved 1048576K
}
2021-01-18T21:07:37.529+0000: 7891.294: Total time for which application threads were stopped: 0.0108319 seconds, Stopping threads took: 0.0000661 seconds
2021-01-18T21:08:08.533+0000: 7922.298: Total time for which application threads were stopped: 0.0004881 seconds, Stopping threads took: 0.0000828 seconds
{Heap before GC invocations=341 (full 5):
 par new generation   total 38080K, used 34067K [0x0000000085600000, 0x0000000087f50000, 0x000000009a2c0000)
  eden space 33856K, 100% used [0x0000000085600000, 0x0000000087710000, 0x0000000087710000)
  from space 4224K,   5% used [0x0000000087b30000, 0x0000000087b64ef0, 0x0000000087f50000)
  to   space 4224K,   0% used [0x0000000087710000, 0x0000000087710000, 0x0000000087b30000)
 concurrent mark-sweep generation total 118092K, used 88358K [0x000000009a2c0000, 0x00000000a1613000, 0x0000000100000000)
 Metaspace       used 110940K, capacity 118351K, committed 118572K, reserved 1153024K
  class space    used 13725K, capacity 15182K, committed 15200K, reserved 1048576K
2021-01-18T21:09:23.459+0000: 7997.224: [GC (Allocation Failure) 2021-01-18T21:09:23.459+0000: 7997.225: [ParNew
Desired survivor size 2162688 bytes, new threshold 6 (max 6)
- age   1:       4424 bytes,       4424 total
- age   2:        120 bytes,       4544 total
- age   3:        808 bytes,       5352 total
- age   4:        120 bytes,       5472 total
- age   6:        152 bytes,       5624 total
: 34067K->54K(38080K), 0.0052307 secs] 122426K->88418K(156172K), 0.0054800 secs] [Times: user=0.02 sys=0.00, real=0.01 secs] 
Heap after GC invocations=342 (full 5):
 par new generation   total 38080K, used 54K [0x0000000085600000, 0x0000000087f50000, 0x000000009a2c0000)
  eden space 33856K,   0% used [0x0000000085600000, 0x0000000085600000, 0x0000000087710000)
  from space 4224K,   1% used [0x0000000087710000, 0x000000008771d968, 0x0000000087b30000)
  to   space 4224K,   0% used [0x0000000087b30000, 0x0000000087b30000, 0x0000000087f50000)
 concurrent mark-sweep generation total 118092K, used 88364K [0x000000009a2c0000, 0x00000000a1613000, 0x0000000100000000)
 Metaspace       used 110940K, capacity 118351K, committed 118572K, reserved 1153024K
  class space    used 13725K, capacity 15182K, committed 15200K, reserved 1048576K
}
2021-01-18T21:09:23.465+0000: 7997.230: Total time for which application threads were stopped: 0.0067088 seconds, Stopping threads took: 0.0006520 seconds
{Heap before GC invocations=342 (full 5):
 par new generation   total 38080K, used 33910K [0x0000000085600000, 0x0000000087f50000, 0x000000009a2c0000)
  eden space 33856K, 100% used [0x0000000085600000, 0x0000000087710000, 0x0000000087710000)
  from space 4224K,   1% used [0x0000000087710000, 0x000000008771d968, 0x0000000087b30000)
  to   space 4224K,   0% used [0x0000000087b30000, 0x0000000087b30000, 0x0000000087f50000)
 concurrent mark-sweep generation total 118092K, used 88364K [0x000000009a2c0000, 0x00000000a1613000, 0x0000000100000000)
 Metaspace       used 110942K, capacity 118351K, committed 118572K, reserved 1153024K
  class space    used 13725K, capacity 15182K, committed 15200K, reserved 1048576K
2021-01-18T21:11:09.451+0000: 8103.216: [GC (Allocation Failure) 2021-01-18T21:11:09.451+0000: 8103.216: [ParNew
Desired survivor size 2162688 bytes, new threshold 6 (max 6)
- age   1:      37672 bytes,      37672 total
- age   2:        528 bytes,      38200 total
- age   3:        120 bytes,      38320 total
- age   4:        808 bytes,      39128 total
- age   5:        120 bytes,      39248 total
: 33910K->46K(38080K), 0.0056213 secs] 122274K->88410K(156172K), 0.0059184 secs] [Times: user=0.01 sys=0.00, real=0.01 secs] 
Heap after GC invocations=343 (full 5):
 par new generation   total 38080K, used 46K [0x0000000085600000, 0x0000000087f50000, 0x000000009a2c0000)
  eden space 33856K,   0% used [0x0000000085600000, 0x0000000085600000, 0x0000000087710000)
  from space 4224K,   1% used [0x0000000087b30000, 0x0000000087b3b970, 0x0000000087f50000)
  to   space 4224K,   0% used [0x0000000087710000, 0x0000000087710000, 0x0000000087b30000)
 concurrent mark-sweep generation total 118092K, used 88364K [0x000000009a2c0000, 0x00000000a1613000, 0x0000000100000000)
 Metaspace       used 110942K, capacity 118351K, committed 118572K, reserved 1153024K
  class space    used 13725K, capacity 15182K, committed 15200K, reserved 1048576K
}
2021-01-18T21:11:09.457+0000: 8103.222: Total time for which application threads were stopped: 0.0065878 seconds, Stopping threads took: 0.0000940 seconds
{Heap before GC invocations=343 (full 5):
 par new generation   total 38080K, used 33902K [0x0000000085600000, 0x0000000087f50000, 0x000000009a2c0000)
  eden space 33856K, 100% used [0x0000000085600000, 0x0000000087710000, 0x0000000087710000)
  from space 4224K,   1% used [0x0000000087b30000, 0x0000000087b3b970, 0x0000000087f50000)
  to   space 4224K,   0% used [0x0000000087710000, 0x0000000087710000, 0x0000000087b30000)
 concurrent mark-sweep generation total 118092K, used 88364K [0x000000009a2c0000, 0x00000000a1613000, 0x0000000100000000)
 Metaspace       used 110942K, capacity 118351K, committed 118572K, reserved 1153024K
  class space    used 13725K, capacity 15182K, committed 15200K, reserved 1048576K
2021-01-18T21:12:55.672+0000: 8209.437: [GC (Allocation Failure) 2021-01-18T21:12:55.672+0000: 8209.437: [ParNew
Desired survivor size 2162688 bytes, new threshold 6 (max 6)
- age   1:       3968 bytes,       3968 total
- age   2:         64 bytes,       4032 total
- age   3:        528 bytes,       4560 total
- age   4:        120 bytes,       4680 total
- age   5:        808 bytes,       5488 total
- age   6:        120 bytes,       5608 total
: 33902K->8K(38080K), 0.0067093 secs] 122266K->88372K(156172K), 0.0070136 secs] [Times: user=0.02 sys=0.00, real=0.00 secs] 
Heap after GC invocations=344 (full 5):
 par new generation   total 38080K, used 8K [0x0000000085600000, 0x0000000087f50000, 0x000000009a2c0000)
  eden space 33856K,   0% used [0x0000000085600000, 0x0000000085600000, 0x0000000087710000)
  from space 4224K,   0% used [0x0000000087710000, 0x0000000087712040, 0x0000000087b30000)
  to   space 4224K,   0% used [0x0000000087b30000, 0x0000000087b30000, 0x0000000087f50000)
 concurrent mark-sweep generation total 118092K, used 88364K [0x000000009a2c0000, 0x00000000a1613000, 0x0000000100000000)
 Metaspace       used 110942K, capacity 118351K, committed 118572K, reserved 1153024K
  class space    used 13725K, capacity 15182K, committed 15200K, reserved 1048576K
}
2021-01-18T21:12:55.679+0000: 8209.444: Total time for which application threads were stopped: 0.0092504 seconds, Stopping threads took: 0.0014773 seconds
{Heap before GC invocations=344 (full 5):
 par new generation   total 38080K, used 33864K [0x0000000085600000, 0x0000000087f50000, 0x000000009a2c0000)
  eden space 33856K, 100% used [0x0000000085600000, 0x0000000087710000, 0x0000000087710000)
  from space 4224K,   0% used [0x0000000087710000, 0x0000000087712040, 0x0000000087b30000)
  to   space 4224K,   0% used [0x0000000087b30000, 0x0000000087b30000, 0x0000000087f50000)
 concurrent mark-sweep generation total 118092K, used 88364K [0x000000009a2c0000, 0x00000000a1613000, 0x0000000100000000)
 Metaspace       used 110942K, capacity 118351K, committed 118572K, reserved 1153024K
  class space    used 13725K, capacity 15182K, committed 15200K, reserved 1048576K
2021-01-18T21:14:41.654+0000: 8315.419: [GC (Allocation Failure) 2021-01-18T21:14:41.654+0000: 8315.419: [ParNew
Desired survivor size 2162688 bytes, new threshold 6 (max 6)
- age   1:       3752 bytes,       3752 total
- age   4:        528 bytes,       4280 total
- age   5:        120 bytes,       4400 total
- age   6:        808 bytes,       5208 total
: 33864K->8K(38080K), 0.0048656 secs] 122228K->88372K(156172K), 0.0051385 secs] [Times: user=0.02 sys=0.00, real=0.00 secs] 
Heap after GC invocations=345 (full 5):
 par new generation   total 38080K, used 8K [0x0000000085600000, 0x0000000087f50000, 0x000000009a2c0000)
  eden space 33856K,   0% used [0x0000000085600000, 0x0000000085600000, 0x0000000087710000)
  from space 4224K,   0% used [0x0000000087b30000, 0x0000000087b32040, 0x0000000087f50000)
  to   space 4224K,   0% used [0x0000000087710000, 0x0000000087710000, 0x0000000087b30000)
 concurrent mark-sweep generation total 118092K, used 88364K [0x000000009a2c0000, 0x00000000a1613000, 0x0000000100000000)
 Metaspace       used 110942K, capacity 118351K, committed 118572K, reserved 1153024K
  class space    used 13725K, capacity 15182K, committed 15200K, reserved 1048576K
}
2021-01-18T21:14:41.659+0000: 8315.424: Total time for which application threads were stopped: 0.0057689 seconds, Stopping threads took: 0.0000664 seconds
{Heap before GC invocations=345 (full 5):
 par new generation   total 38080K, used 33864K [0x0000000085600000, 0x0000000087f50000, 0x000000009a2c0000)
  eden space 33856K, 100% used [0x0000000085600000, 0x0000000087710000, 0x0000000087710000)
  from space 4224K,   0% used [0x0000000087b30000, 0x0000000087b32040, 0x0000000087f50000)
  to   space 4224K,   0% used [0x0000000087710000, 0x0000000087710000, 0x0000000087b30000)
 concurrent mark-sweep generation total 118092K, used 88364K [0x000000009a2c0000, 0x00000000a1613000, 0x0000000100000000)
 Metaspace       used 110942K, capacity 118351K, committed 118572K, reserved 1153024K
  class space    used 13725K, capacity 15182K, committed 15200K, reserved 1048576K
2021-01-18T21:16:27.762+0000: 8421.527: [GC (Allocation Failure) 2021-01-18T21:16:27.762+0000: 8421.527: [ParNew
Desired survivor size 2162688 bytes, new threshold 6 (max 6)
- age   1:       3824 bytes,       3824 total
- age   2:         32 bytes,       3856 total
- age   5:        528 bytes,       4384 total
- age   6:        120 bytes,       4504 total
: 33864K->8K(38080K), 0.0082609 secs] 122228K->88373K(156172K), 0.0085544 secs] [Times: user=0.02 sys=0.00, real=0.00 secs] 
Heap after GC invocations=346 (full 5):
 par new generation   total 38080K, used 8K [0x0000000085600000, 0x0000000087f50000, 0x000000009a2c0000)
  eden space 33856K,   0% used [0x0000000085600000, 0x0000000085600000, 0x0000000087710000)
  from space 4224K,   0% used [0x0000000087710000, 0x0000000087712040, 0x0000000087b30000)
  to   space 4224K,   0% used [0x0000000087b30000, 0x0000000087b30000, 0x0000000087f50000)
 concurrent mark-sweep generation total 118092K, used 88365K [0x000000009a2c0000, 0x00000000a1613000, 0x0000000100000000)
 Metaspace       used 110942K, capacity 118351K, committed 118572K, reserved 1153024K
  class space    used 13725K, capacity 15182K, committed 15200K, reserved 1048576K
}
2021-01-18T21:16:27.771+0000: 8421.536: Total time for which application threads were stopped: 0.0095068 seconds, Stopping threads took: 0.0002250 seconds
2021-01-18T21:16:58.776+0000: 8452.541: Total time for which application threads were stopped: 0.0005473 seconds, Stopping threads took: 0.0001199 seconds
{Heap before GC invocations=346 (full 5):
 par new generation   total 38080K, used 33864K [0x0000000085600000, 0x0000000087f50000, 0x000000009a2c0000)
  eden space 33856K, 100% used [0x0000000085600000, 0x0000000087710000, 0x0000000087710000)
  from space 4224K,   0% used [0x0000000087710000, 0x0000000087712040, 0x0000000087b30000)
  to   space 4224K,   0% used [0x0000000087b30000, 0x0000000087b30000, 0x0000000087f50000)
 concurrent mark-sweep generation total 118092K, used 88365K [0x000000009a2c0000, 0x00000000a1613000, 0x0000000100000000)
 Metaspace       used 110945K, capacity 118351K, committed 118572K, reserved 1153024K
  class space    used 13725K, capacity 15182K, committed 15200K, reserved 1048576K
2021-01-18T21:18:13.858+0000: 8527.623: [GC (Allocation Failure) 2021-01-18T21:18:13.858+0000: 8527.623: [ParNew
Desired survivor size 2162688 bytes, new threshold 6 (max 6)
- age   1:      38992 bytes,      38992 total
- age   6:        528 bytes,      39520 total
: 33864K->42K(38080K), 0.0074204 secs] 122229K->88408K(156172K), 0.0076904 secs] [Times: user=0.02 sys=0.00, real=0.01 secs] 
Heap after GC invocations=347 (full 5):
 par new generation   total 38080K, used 42K [0x0000000085600000, 0x0000000087f50000, 0x000000009a2c0000)
  eden space 33856K,   0% used [0x0000000085600000, 0x0000000085600000, 0x0000000087710000)
  from space 4224K,   1% used [0x0000000087b30000, 0x0000000087b3ab28, 0x0000000087f50000)
  to   space 4224K,   0% used [0x0000000087710000, 0x0000000087710000, 0x0000000087b30000)
 concurrent mark-sweep generation total 118092K, used 88365K [0x000000009a2c0000, 0x00000000a1613000, 0x0000000100000000)
 Metaspace       used 110945K, capacity 118351K, committed 118572K, reserved 1153024K
  class space    used 13725K, capacity 15182K, committed 15200K, reserved 1048576K
}
2021-01-18T21:18:13.866+0000: 8527.631: Total time for which application threads were stopped: 0.0085165 seconds, Stopping threads took: 0.0001488 seconds
{Heap before GC invocations=347 (full 5):
 par new generation   total 38080K, used 33898K [0x0000000085600000, 0x0000000087f50000, 0x000000009a2c0000)
  eden space 33856K, 100% used [0x0000000085600000, 0x0000000087710000, 0x0000000087710000)
  from space 4224K,   1% used [0x0000000087b30000, 0x0000000087b3ab28, 0x0000000087f50000)
  to   space 4224K,   0% used [0x0000000087710000, 0x0000000087710000, 0x0000000087b30000)
 concurrent mark-sweep generation total 118092K, used 88365K [0x000000009a2c0000, 0x00000000a1613000, 0x0000000100000000)
 Metaspace       used 110947K, capacity 118351K, committed 118572K, reserved 1153024K
  class space    used 13725K, capacity 15182K, committed 15200K, reserved 1048576K
2021-01-18T21:19:59.961+0000: 8633.727: [GC (Allocation Failure) 2021-01-18T21:19:59.962+0000: 8633.727: [ParNew
Desired survivor size 2162688 bytes, new threshold 6 (max 6)
- age   1:      71368 bytes,      71368 total
- age   2:       1856 bytes,      73224 total
: 33898K->75K(38080K), 0.0047077 secs] 122264K->88441K(156172K), 0.0049690 secs] [Times: user=0.01 sys=0.01, real=0.00 secs] 
Heap after GC invocations=348 (full 5):
 par new generation   total 38080K, used 75K [0x0000000085600000, 0x0000000087f50000, 0x000000009a2c0000)
  eden space 33856K,   0% used [0x0000000085600000, 0x0000000085600000, 0x0000000087710000)
  from space 4224K,   1% used [0x0000000087710000, 0x0000000087722f18, 0x0000000087b30000)
  to   space 4224K,   0% used [0x0000000087b30000, 0x0000000087b30000, 0x0000000087f50000)
 concurrent mark-sweep generation total 118092K, used 88365K [0x000000009a2c0000, 0x00000000a1613000, 0x0000000100000000)
 Metaspace       used 110947K, capacity 118351K, committed 118572K, reserved 1153024K
  class space    used 13725K, capacity 15182K, committed 15200K, reserved 1048576K
}
2021-01-18T21:19:59.967+0000: 8633.732: Total time for which application threads were stopped: 0.0067183 seconds, Stopping threads took: 0.0010840 seconds
2021-01-18T21:20:08.968+0000: 8642.733: Total time for which application threads were stopped: 0.0003676 seconds, Stopping threads took: 0.0000711 seconds
2021-01-18T21:21:08.977+0000: 8702.742: Total time for which application threads were stopped: 0.0004328 seconds, Stopping threads took: 0.0000817 seconds
{Heap before GC invocations=348 (full 5):
 par new generation   total 38080K, used 33931K [0x0000000085600000, 0x0000000087f50000, 0x000000009a2c0000)
  eden space 33856K, 100% used [0x0000000085600000, 0x0000000087710000, 0x0000000087710000)
  from space 4224K,   1% used [0x0000000087710000, 0x0000000087722f18, 0x0000000087b30000)
  to   space 4224K,   0% used [0x0000000087b30000, 0x0000000087b30000, 0x0000000087f50000)
 concurrent mark-sweep generation total 118092K, used 88365K [0x000000009a2c0000, 0x00000000a1613000, 0x0000000100000000)
 Metaspace       used 110947K, capacity 118351K, committed 118572K, reserved 1153024K
  class space    used 13725K, capacity 15182K, committed 15200K, reserved 1048576K
2021-01-18T21:21:46.310+0000: 8740.075: [GC (Allocation Failure) 2021-01-18T21:21:46.310+0000: 8740.075: [ParNew
Desired survivor size 2162688 bytes, new threshold 6 (max 6)
- age   1:       3656 bytes,       3656 total
- age   2:         96 bytes,       3752 total
- age   3:       1768 bytes,       5520 total
: 33931K->8K(38080K), 0.0048717 secs] 122297K->88373K(156172K), 0.0051649 secs] [Times: user=0.02 sys=0.00, real=0.01 secs] 
Heap after GC invocations=349 (full 5):
 par new generation   total 38080K, used 8K [0x0000000085600000, 0x0000000087f50000, 0x000000009a2c0000)
  eden space 33856K,   0% used [0x0000000085600000, 0x0000000085600000, 0x0000000087710000)
  from space 4224K,   0% used [0x0000000087b30000, 0x0000000087b32040, 0x0000000087f50000)
  to   space 4224K,   0% used [0x0000000087710000, 0x0000000087710000, 0x0000000087b30000)
 concurrent mark-sweep generation total 118092K, used 88365K [0x000000009a2c0000, 0x00000000a1613000, 0x0000000100000000)
 Metaspace       used 110947K, capacity 118351K, committed 118572K, reserved 1153024K
  class space    used 13725K, capacity 15182K, committed 15200K, reserved 1048576K
}
2021-01-18T21:21:46.315+0000: 8740.081: Total time for which application threads were stopped: 0.0058792 seconds, Stopping threads took: 0.0000733 seconds
2021-01-18T21:22:18.321+0000: 8772.086: Total time for which application threads were stopped: 0.0003461 seconds, Stopping threads took: 0.0000655 seconds
{Heap before GC invocations=349 (full 5):
 par new generation   total 38080K, used 33864K [0x0000000085600000, 0x0000000087f50000, 0x000000009a2c0000)
  eden space 33856K, 100% used [0x0000000085600000, 0x0000000087710000, 0x0000000087710000)
  from space 4224K,   0% used [0x0000000087b30000, 0x0000000087b32040, 0x0000000087f50000)
  to   space 4224K,   0% used [0x0000000087710000, 0x0000000087710000, 0x0000000087b30000)
 concurrent mark-sweep generation total 118092K, used 88365K [0x000000009a2c0000, 0x00000000a1613000, 0x0000000100000000)
 Metaspace       used 110947K, capacity 118351K, committed 118572K, reserved 1153024K
  class space    used 13725K, capacity 15182K, committed 15200K, reserved 1048576K
2021-01-18T21:23:32.422+0000: 8846.187: [GC (Allocation Failure) 2021-01-18T21:23:32.422+0000: 8846.187: [ParNew
Desired survivor size 2162688 bytes, new threshold 6 (max 6)
- age   1:       4632 bytes,       4632 total
- age   2:         32 bytes,       4664 total
- age   3:         72 bytes,       4736 total
- age   4:       1768 bytes,       6504 total
: 33864K->10K(38080K), 0.0060967 secs] 122229K->88375K(156172K), 0.0063326 secs] [Times: user=0.01 sys=0.01, real=0.00 secs] 
Heap after GC invocations=350 (full 5):
 par new generation   total 38080K, used 10K [0x0000000085600000, 0x0000000087f50000, 0x000000009a2c0000)
  eden space 33856K,   0% used [0x0000000085600000, 0x0000000085600000, 0x0000000087710000)
  from space 4224K,   0% used [0x0000000087710000, 0x0000000087712850, 0x0000000087b30000)
  to   space 4224K,   0% used [0x0000000087b30000, 0x0000000087b30000, 0x0000000087f50000)
 concurrent mark-sweep generation total 118092K, used 88365K [0x000000009a2c0000, 0x00000000a1613000, 0x0000000100000000)
 Metaspace       used 110947K, capacity 118351K, committed 118572K, reserved 1153024K
  class space    used 13725K, capacity 15182K, committed 15200K, reserved 1048576K
}
2021-01-18T21:23:32.428+0000: 8846.193: Total time for which application threads were stopped: 0.0070510 seconds, Stopping threads took: 0.0001450 seconds
2021-01-18T21:23:48.432+0000: 8862.197: Total time for which application threads were stopped: 0.0004881 seconds, Stopping threads took: 0.0000823 seconds
2021-01-18T21:24:54.441+0000: 8928.207: Total time for which application threads were stopped: 0.0005513 seconds, Stopping threads took: 0.0001738 seconds
{Heap before GC invocations=350 (full 5):
 par new generation   total 38080K, used 33866K [0x0000000085600000, 0x0000000087f50000, 0x000000009a2c0000)
  eden space 33856K, 100% used [0x0000000085600000, 0x0000000087710000, 0x0000000087710000)
  from space 4224K,   0% used [0x0000000087710000, 0x0000000087712850, 0x0000000087b30000)
  to   space 4224K,   0% used [0x0000000087b30000, 0x0000000087b30000, 0x0000000087f50000)
 concurrent mark-sweep generation total 118092K, used 88365K [0x000000009a2c0000, 0x00000000a1613000, 0x0000000100000000)
 Metaspace       used 110956K, capacity 118351K, committed 118572K, reserved 1153024K
  class space    used 13725K, capacity 15182K, committed 15200K, reserved 1048576K
2021-01-18T21:25:14.455+0000: 8948.220: [GC (Allocation Failure) 2021-01-18T21:25:14.455+0000: 8948.220: [ParNew
Desired survivor size 2162688 bytes, new threshold 6 (max 6)
- age   1:     758824 bytes,     758824 total
- age   2:       1136 bytes,     759960 total
- age   4:         72 bytes,     760032 total
- age   5:       1768 bytes,     761800 total
: 33866K->754K(38080K), 0.0060745 secs] 122231K->89119K(156172K), 0.0063545 secs] [Times: user=0.02 sys=0.00, real=0.01 secs] 
Heap after GC invocations=351 (full 5):
 par new generation   total 38080K, used 754K [0x0000000085600000, 0x0000000087f50000, 0x000000009a2c0000)
  eden space 33856K,   0% used [0x0000000085600000, 0x0000000085600000, 0x0000000087710000)
  from space 4224K,  17% used [0x0000000087b30000, 0x0000000087bec8c0, 0x0000000087f50000)
  to   space 4224K,   0% used [0x0000000087710000, 0x0000000087710000, 0x0000000087b30000)
 concurrent mark-sweep generation total 118092K, used 88365K [0x000000009a2c0000, 0x00000000a1613000, 0x0000000100000000)
 Metaspace       used 110956K, capacity 118351K, committed 118572K, reserved 1153024K
  class space    used 13725K, capacity 15182K, committed 15200K, reserved 1048576K
}
2021-01-18T21:25:14.461+0000: 8948.226: Total time for which application threads were stopped: 0.0071170 seconds, Stopping threads took: 0.0000869 seconds
2021-01-18T21:25:19.462+0000: 8953.227: Total time for which application threads were stopped: 0.0004234 seconds, Stopping threads took: 0.0000824 seconds
{Heap before GC invocations=351 (full 5):
 par new generation   total 38080K, used 34610K [0x0000000085600000, 0x0000000087f50000, 0x000000009a2c0000)
  eden space 33856K, 100% used [0x0000000085600000, 0x0000000087710000, 0x0000000087710000)
  from space 4224K,  17% used [0x0000000087b30000, 0x0000000087bec8c0, 0x0000000087f50000)
  to   space 4224K,   0% used [0x0000000087710000, 0x0000000087710000, 0x0000000087b30000)
 concurrent mark-sweep generation total 118092K, used 88365K [0x000000009a2c0000, 0x00000000a1613000, 0x0000000100000000)
 Metaspace       used 110957K, capacity 118351K, committed 118572K, reserved 1153024K
  class space    used 13725K, capacity 15182K, committed 15200K, reserved 1048576K
2021-01-18T21:26:59.777+0000: 9053.542: [GC (Allocation Failure) 2021-01-18T21:26:59.777+0000: 9053.542: [ParNew
Desired survivor size 2162688 bytes, new threshold 6 (max 6)
- age   1:     178184 bytes,     178184 total
- age   2:     720888 bytes,     899072 total
- age   3:       1136 bytes,     900208 total
- age   5:         72 bytes,     900280 total
- age   6:       1768 bytes,     902048 total
: 34610K->992K(38080K), 0.0068653 secs] 122975K->89358K(156172K), 0.0071750 secs] [Times: user=0.02 sys=0.00, real=0.01 secs] 
Heap after GC invocations=352 (full 5):
 par new generation   total 38080K, used 992K [0x0000000085600000, 0x0000000087f50000, 0x000000009a2c0000)
  eden space 33856K,   0% used [0x0000000085600000, 0x0000000085600000, 0x0000000087710000)
  from space 4224K,  23% used [0x0000000087710000, 0x00000000878083c8, 0x0000000087b30000)
  to   space 4224K,   0% used [0x0000000087b30000, 0x0000000087b30000, 0x0000000087f50000)
 concurrent mark-sweep generation total 118092K, used 88365K [0x000000009a2c0000, 0x00000000a1613000, 0x0000000100000000)
 Metaspace       used 110957K, capacity 118351K, committed 118572K, reserved 1153024K
  class space    used 13725K, capacity 15182K, committed 15200K, reserved 1048576K
}
2021-01-18T21:26:59.784+0000: 9053.549: Total time for which application threads were stopped: 0.0079411 seconds, Stopping threads took: 0.0000924 seconds
2021-01-18T21:27:00.785+0000: 9054.550: Total time for which application threads were stopped: 0.0004955 seconds, Stopping threads took: 0.0000918 seconds
{Heap before GC invocations=352 (full 5):
 par new generation   total 38080K, used 34848K [0x0000000085600000, 0x0000000087f50000, 0x000000009a2c0000)
  eden space 33856K, 100% used [0x0000000085600000, 0x0000000087710000, 0x0000000087710000)
  from space 4224K,  23% used [0x0000000087710000, 0x00000000878083c8, 0x0000000087b30000)
  to   space 4224K,   0% used [0x0000000087b30000, 0x0000000087b30000, 0x0000000087f50000)
 concurrent mark-sweep generation total 118092K, used 88365K [0x000000009a2c0000, 0x00000000a1613000, 0x0000000100000000)
 Metaspace       used 110957K, capacity 118351K, committed 118572K, reserved 1153024K
  class space    used 13725K, capacity 15182K, committed 15200K, reserved 1048576K
2021-01-18T21:28:46.879+0000: 9160.644: [GC (Allocation Failure) 2021-01-18T21:28:46.879+0000: 9160.644: [ParNew
Desired survivor size 2162688 bytes, new threshold 6 (max 6)
- age   1:       4120 bytes,       4120 total
- age   2:     106920 bytes,     111040 total
- age   3:     719688 bytes,     830728 total
- age   4:       1136 bytes,     831864 total
- age   6:         72 bytes,     831936 total
: 34848K->1160K(38080K), 0.0063331 secs] 123214K->89528K(156172K), 0.0066514 secs] [Times: user=0.02 sys=0.00, real=0.01 secs] 
Heap after GC invocations=353 (full 5):
 par new generation   total 38080K, used 1160K [0x0000000085600000, 0x0000000087f50000, 0x000000009a2c0000)
  eden space 33856K,   0% used [0x0000000085600000, 0x0000000085600000, 0x0000000087710000)
  from space 4224K,  27% used [0x0000000087b30000, 0x0000000087c522f8, 0x0000000087f50000)
  to   space 4224K,   0% used [0x0000000087710000, 0x0000000087710000, 0x0000000087b30000)
 concurrent mark-sweep generation total 118092K, used 88367K [0x000000009a2c0000, 0x00000000a1613000, 0x0000000100000000)
 Metaspace       used 110957K, capacity 118351K, committed 118572K, reserved 1153024K
  class space    used 13725K, capacity 15182K, committed 15200K, reserved 1048576K
}
2021-01-18T21:28:46.886+0000: 9160.651: Total time for which application threads were stopped: 0.0072886 seconds, Stopping threads took: 0.0000764 seconds
2021-01-18T21:29:08.891+0000: 9182.656: Total time for which application threads were stopped: 0.0003679 seconds, Stopping threads took: 0.0000709 seconds
{Heap before GC invocations=353 (full 5):
 par new generation   total 38080K, used 35016K [0x0000000085600000, 0x0000000087f50000, 0x000000009a2c0000)
  eden space 33856K, 100% used [0x0000000085600000, 0x0000000087710000, 0x0000000087710000)
  from space 4224K,  27% used [0x0000000087b30000, 0x0000000087c522f8, 0x0000000087f50000)
  to   space 4224K,   0% used [0x0000000087710000, 0x0000000087710000, 0x0000000087b30000)
 concurrent mark-sweep generation total 118092K, used 88367K [0x000000009a2c0000, 0x00000000a1613000, 0x0000000100000000)
 Metaspace       used 110957K, capacity 118351K, committed 118572K, reserved 1153024K
  class space    used 13725K, capacity 15182K, committed 15200K, reserved 1048576K
2021-01-18T21:30:32.443+0000: 9266.208: [GC (Allocation Failure) 2021-01-18T21:30:32.443+0000: 9266.209: [ParNew
Desired survivor size 2162688 bytes, new threshold 6 (max 6)
- age   1:       4024 bytes,       4024 total
- age   2:        728 bytes,       4752 total
- age   3:     106920 bytes,     111672 total
- age   4:     719928 bytes,     831600 total
- age   5:       1136 bytes,     832736 total
: 35016K->1356K(38080K), 0.0067302 secs] 123384K->89724K(156172K), 0.0070734 secs] [Times: user=0.02 sys=0.00, real=0.00 secs] 
Heap after GC invocations=354 (full 5):
 par new generation   total 38080K, used 1356K [0x0000000085600000, 0x0000000087f50000, 0x000000009a2c0000)
  eden space 33856K,   0% used [0x0000000085600000, 0x0000000085600000, 0x0000000087710000)
  from space 4224K,  32% used [0x0000000087710000, 0x0000000087863250, 0x0000000087b30000)
  to   space 4224K,   0% used [0x0000000087b30000, 0x0000000087b30000, 0x0000000087f50000)
 concurrent mark-sweep generation total 118092K, used 88367K [0x000000009a2c0000, 0x00000000a1613000, 0x0000000100000000)
 Metaspace       used 110957K, capacity 118351K, committed 118572K, reserved 1153024K
  class space    used 13725K, capacity 15182K, committed 15200K, reserved 1048576K
}
2021-01-18T21:30:32.451+0000: 9266.216: Total time for which application threads were stopped: 0.0078401 seconds, Stopping threads took: 0.0000910 seconds
{Heap before GC invocations=354 (full 5):
 par new generation   total 38080K, used 35212K [0x0000000085600000, 0x0000000087f50000, 0x000000009a2c0000)
  eden space 33856K, 100% used [0x0000000085600000, 0x0000000087710000, 0x0000000087710000)
  from space 4224K,  32% used [0x0000000087710000, 0x0000000087863250, 0x0000000087b30000)
  to   space 4224K,   0% used [0x0000000087b30000, 0x0000000087b30000, 0x0000000087f50000)
 concurrent mark-sweep generation total 118092K, used 88367K [0x000000009a2c0000, 0x00000000a1613000, 0x0000000100000000)
 Metaspace       used 110957K, capacity 118351K, committed 118572K, reserved 1153024K
  class space    used 13725K, capacity 15182K, committed 15200K, reserved 1048576K
2021-01-18T21:32:18.624+0000: 9372.389: [GC (Allocation Failure) 2021-01-18T21:32:18.624+0000: 9372.389: [ParNew
Desired survivor size 2162688 bytes, new threshold 6 (max 6)
- age   1:       3752 bytes,       3752 total
- age   2:        648 bytes,       4400 total
- age   3:        696 bytes,       5096 total
- age   4:     106920 bytes,     112016 total
- age   5:     719688 bytes,     831704 total
- age   6:       1136 bytes,     832840 total
: 35212K->1004K(38080K), 0.0065340 secs] 123580K->89372K(156172K), 0.0068306 secs] [Times: user=0.02 sys=0.01, real=0.00 secs] 
Heap after GC invocations=355 (full 5):
 par new generation   total 38080K, used 1004K [0x0000000085600000, 0x0000000087f50000, 0x000000009a2c0000)
  eden space 33856K,   0% used [0x0000000085600000, 0x0000000085600000, 0x0000000087710000)
  from space 4224K,  23% used [0x0000000087b30000, 0x0000000087c2b1d0, 0x0000000087f50000)
  to   space 4224K,   0% used [0x0000000087710000, 0x0000000087710000, 0x0000000087b30000)
 concurrent mark-sweep generation total 118092K, used 88367K [0x000000009a2c0000, 0x00000000a1613000, 0x0000000100000000)
 Metaspace       used 110957K, capacity 118351K, committed 118572K, reserved 1153024K
  class space    used 13725K, capacity 15182K, committed 15200K, reserved 1048576K
}
2021-01-18T21:32:18.631+0000: 9372.396: Total time for which application threads were stopped: 0.0076308 seconds, Stopping threads took: 0.0000900 seconds
{Heap before GC invocations=355 (full 5):
 par new generation   total 38080K, used 34860K [0x0000000085600000, 0x0000000087f50000, 0x000000009a2c0000)
  eden space 33856K, 100% used [0x0000000085600000, 0x0000000087710000, 0x0000000087710000)
  from space 4224K,  23% used [0x0000000087b30000, 0x0000000087c2b1d0, 0x0000000087f50000)
  to   space 4224K,   0% used [0x0000000087710000, 0x0000000087710000, 0x0000000087b30000)
 concurrent mark-sweep generation total 118092K, used 88367K [0x000000009a2c0000, 0x00000000a1613000, 0x0000000100000000)
 Metaspace       used 110957K, capacity 118351K, committed 118572K, reserved 1153024K
  class space    used 13725K, capacity 15182K, committed 15200K, reserved 1048576K
2021-01-18T21:34:04.863+0000: 9478.628: [GC (Allocation Failure) 2021-01-18T21:34:04.863+0000: 9478.628: [ParNew
Desired survivor size 2162688 bytes, new threshold 6 (max 6)
- age   1:      71528 bytes,      71528 total
- age   2:         64 bytes,      71592 total
- age   3:        648 bytes,      72240 total
- age   4:        696 bytes,      72936 total
- age   5:     106920 bytes,     179856 total
- age   6:     719688 bytes,     899544 total
: 34860K->1216K(38080K), 0.0059996 secs] 123228K->89585K(156172K), 0.0062743 secs] [Times: user=0.02 sys=0.00, real=0.00 secs] 
Heap after GC invocations=356 (full 5):
 par new generation   total 38080K, used 1216K [0x0000000085600000, 0x0000000087f50000, 0x000000009a2c0000)
  eden space 33856K,   0% used [0x0000000085600000, 0x0000000085600000, 0x0000000087710000)
  from space 4224K,  28% used [0x0000000087710000, 0x0000000087840170, 0x0000000087b30000)
  to   space 4224K,   0% used [0x0000000087b30000, 0x0000000087b30000, 0x0000000087f50000)
 concurrent mark-sweep generation total 118092K, used 88368K [0x000000009a2c0000, 0x00000000a1613000, 0x0000000100000000)
 Metaspace       used 110957K, capacity 118351K, committed 118572K, reserved 1153024K
  class space    used 13725K, capacity 15182K, committed 15200K, reserved 1048576K
}
2021-01-18T21:34:04.869+0000: 9478.634: Total time for which application threads were stopped: 0.0069282 seconds, Stopping threads took: 0.0000785 seconds
{Heap before GC invocations=356 (full 5):
 par new generation   total 38080K, used 35072K [0x0000000085600000, 0x0000000087f50000, 0x000000009a2c0000)
  eden space 33856K, 100% used [0x0000000085600000, 0x0000000087710000, 0x0000000087710000)
  from space 4224K,  28% used [0x0000000087710000, 0x0000000087840170, 0x0000000087b30000)
  to   space 4224K,   0% used [0x0000000087b30000, 0x0000000087b30000, 0x0000000087f50000)
 concurrent mark-sweep generation total 118092K, used 88368K [0x000000009a2c0000, 0x00000000a1613000, 0x0000000100000000)
 Metaspace       used 110957K, capacity 118351K, committed 118572K, reserved 1153024K
  class space    used 13725K, capacity 15182K, committed 15200K, reserved 1048576K
2021-01-18T21:35:51.061+0000: 9584.826: [GC (Allocation Failure) 2021-01-18T21:35:51.061+0000: 9584.826: [ParNew
Desired survivor size 2162688 bytes, new threshold 6 (max 6)
- age   1:       3752 bytes,       3752 total
- age   2:         48 bytes,       3800 total
- age   4:        648 bytes,       4448 total
- age   5:        696 bytes,       5144 total
- age   6:     106960 bytes,     112104 total
: 35072K->861K(38080K), 0.0113780 secs] 123441K->89942K(156172K), 0.0116438 secs] [Times: user=0.03 sys=0.00, real=0.01 secs] 
Heap after GC invocations=357 (full 5):
 par new generation   total 38080K, used 861K [0x0000000085600000, 0x0000000087f50000, 0x000000009a2c0000)
  eden space 33856K,   0% used [0x0000000085600000, 0x0000000085600000, 0x0000000087710000)
  from space 4224K,  20% used [0x0000000087b30000, 0x0000000087c07660, 0x0000000087f50000)
  to   space 4224K,   0% used [0x0000000087710000, 0x0000000087710000, 0x0000000087b30000)
 concurrent mark-sweep generation total 118092K, used 89081K [0x000000009a2c0000, 0x00000000a1613000, 0x0000000100000000)
 Metaspace       used 110957K, capacity 118351K, committed 118572K, reserved 1153024K
  class space    used 13725K, capacity 15182K, committed 15200K, reserved 1048576K
}
2021-01-18T21:35:51.072+0000: 9584.838: Total time for which application threads were stopped: 0.0124271 seconds, Stopping threads took: 0.0001845 seconds
2021-01-18T21:35:51.073+0000: 9584.838: [GC (CMS Initial Mark) [1 CMS-initial-mark: 89081K(118092K)] 90037K(156172K), 0.0048316 secs] [Times: user=0.01 sys=0.00, real=0.00 secs] 
2021-01-18T21:35:51.078+0000: 9584.843: Total time for which application threads were stopped: 0.0053444 seconds, Stopping threads took: 0.0000706 seconds
2021-01-18T21:35:51.078+0000: 9584.843: [CMS-concurrent-mark-start]
2021-01-18T21:35:51.297+0000: 9585.062: [CMS-concurrent-mark: 0.218/0.218 secs] [Times: user=0.23 sys=0.00, real=0.22 secs] 
2021-01-18T21:35:51.297+0000: 9585.062: [CMS-concurrent-preclean-start]
2021-01-18T21:35:51.299+0000: 9585.064: [CMS-concurrent-preclean: 0.002/0.002 secs] [Times: user=0.00 sys=0.00, real=0.00 secs] 
2021-01-18T21:35:51.299+0000: 9585.064: [GC (CMS Final Remark) [YG occupancy: 1577 K (38080 K)]2021-01-18T21:35:51.299+0000: 9585.064: [Rescan (parallel) , 0.0026350 secs]2021-01-18T21:35:51.302+0000: 9585.067: [weak refs processing, 0.0046072 secs]2021-01-18T21:35:51.306+0000: 9585.071: [class unloading, 0.0299008 secs]2021-01-18T21:35:51.336+0000: 9585.101: [scrub symbol table, 0.0292955 secs]2021-01-18T21:35:51.365+0000: 9585.131: [scrub string table, 0.0024632 secs][1 CMS-remark: 89081K(118092K)] 90658K(156172K), 0.0868332 secs] [Times: user=0.10 sys=0.00, real=0.09 secs] 
2021-01-18T21:35:51.386+0000: 9585.151: Total time for which application threads were stopped: 0.0870661 seconds, Stopping threads took: 0.0000269 seconds
2021-01-18T21:35:51.386+0000: 9585.151: [CMS-concurrent-sweep-start]
2021-01-18T21:35:51.475+0000: 9585.240: [CMS-concurrent-sweep: 0.089/0.089 secs] [Times: user=0.09 sys=0.00, real=0.09 secs] 
2021-01-18T21:35:51.475+0000: 9585.240: [CMS-concurrent-reset-start]
2021-01-18T21:35:51.478+0000: 9585.244: [CMS-concurrent-reset: 0.003/0.003 secs] [Times: user=0.01 sys=0.00, real=0.00 secs] 
2021-01-18T21:35:52.389+0000: 9586.154: Total time for which application threads were stopped: 0.0030295 seconds, Stopping threads took: 0.0000916 seconds
2021-01-18T21:35:53.390+0000: 9587.155: Total time for which application threads were stopped: 0.0004112 seconds, Stopping threads took: 0.0000791 seconds
2021-01-18T21:35:54.390+0000: 9588.155: Total time for which application threads were stopped: 0.0004803 seconds, Stopping threads took: 0.0001331 seconds
2021-01-18T21:36:08.394+0000: 9602.159: Total time for which application threads were stopped: 0.0005839 seconds, Stopping threads took: 0.0000953 seconds
2021-01-18T21:36:18.397+0000: 9612.162: Total time for which application threads were stopped: 0.0004839 seconds, Stopping threads took: 0.0000947 seconds
2021-01-18T21:36:40.402+0000: 9634.167: Total time for which application threads were stopped: 0.0004088 seconds, Stopping threads took: 0.0000789 seconds
2021-01-18T21:37:08.408+0000: 9662.173: Total time for which application threads were stopped: 0.0004150 seconds, Stopping threads took: 0.0000805 seconds
{Heap before GC invocations=357 (full 6):
 par new generation   total 38080K, used 34717K [0x0000000085600000, 0x0000000087f50000, 0x000000009a2c0000)
  eden space 33856K, 100% used [0x0000000085600000, 0x0000000087710000, 0x0000000087710000)
  from space 4224K,  20% used [0x0000000087b30000, 0x0000000087c07660, 0x0000000087f50000)
  to   space 4224K,   0% used [0x0000000087710000, 0x0000000087710000, 0x0000000087b30000)
 concurrent mark-sweep generation total 118092K, used 68746K [0x000000009a2c0000, 0x00000000a1613000, 0x0000000100000000)
 Metaspace       used 109688K, capacity 116169K, committed 118572K, reserved 1153024K
  class space    used 13430K, capacity 14619K, committed 15200K, reserved 1048576K
2021-01-18T21:37:37.336+0000: 9691.101: [GC (Allocation Failure) 2021-01-18T21:37:37.337+0000: 9691.102: [ParNew
Desired survivor size 2162688 bytes, new threshold 6 (max 6)
- age   1:       4096 bytes,       4096 total
- age   2:         32 bytes,       4128 total
- age   5:        648 bytes,       4776 total
- age   6:        696 bytes,       5472 total
: 34717K->235K(38080K), 0.0098073 secs] 103464K->69088K(156172K), 0.0101005 secs] [Times: user=0.04 sys=0.01, real=0.01 secs] 
Heap after GC invocations=358 (full 6):
 par new generation   total 38080K, used 235K [0x0000000085600000, 0x0000000087f50000, 0x000000009a2c0000)
  eden space 33856K,   0% used [0x0000000085600000, 0x0000000085600000, 0x0000000087710000)
  from space 4224K,   5% used [0x0000000087710000, 0x000000008774afa0, 0x0000000087b30000)
  to   space 4224K,   0% used [0x0000000087b30000, 0x0000000087b30000, 0x0000000087f50000)
 concurrent mark-sweep generation total 118092K, used 68852K [0x000000009a2c0000, 0x00000000a1613000, 0x0000000100000000)
 Metaspace       used 109688K, capacity 116169K, committed 118572K, reserved 1153024K
  class space    used 13430K, capacity 14619K, committed 15200K, reserved 1048576K
}
2021-01-18T21:37:37.347+0000: 9691.112: Total time for which application threads were stopped: 0.0108336 seconds, Stopping threads took: 0.0000929 seconds
2021-01-18T21:38:08.353+0000: 9722.118: Total time for which application threads were stopped: 0.0003739 seconds, Stopping threads took: 0.0000716 seconds
2021-01-18T21:39:08.365+0000: 9782.130: Total time for which application threads were stopped: 0.0005456 seconds, Stopping threads took: 0.0000958 seconds
{Heap before GC invocations=358 (full 6):
 par new generation   total 38080K, used 34091K [0x0000000085600000, 0x0000000087f50000, 0x000000009a2c0000)
  eden space 33856K, 100% used [0x0000000085600000, 0x0000000087710000, 0x0000000087710000)
  from space 4224K,   5% used [0x0000000087710000, 0x000000008774afa0, 0x0000000087b30000)
  to   space 4224K,   0% used [0x0000000087b30000, 0x0000000087b30000, 0x0000000087f50000)
 concurrent mark-sweep generation total 118092K, used 68852K [0x000000009a2c0000, 0x00000000a1613000, 0x0000000100000000)
 Metaspace       used 109689K, capacity 116169K, committed 118572K, reserved 1153024K
  class space    used 13430K, capacity 14619K, committed 15200K, reserved 1048576K
2021-01-18T21:39:23.564+0000: 9797.329: [GC (Allocation Failure) 2021-01-18T21:39:23.564+0000: 9797.329: [ParNew
Desired survivor size 2162688 bytes, new threshold 6 (max 6)
- age   1:       3800 bytes,       3800 total
- age   2:        328 bytes,       4128 total
- age   6:        648 bytes,       4776 total
: 34091K->44K(38080K), 0.0045182 secs] 102944K->68898K(156172K), 0.0047614 secs] [Times: user=0.01 sys=0.01, real=0.00 secs] 
Heap after GC invocations=359 (full 6):
 par new generation   total 38080K, used 44K [0x0000000085600000, 0x0000000087f50000, 0x000000009a2c0000)
  eden space 33856K,   0% used [0x0000000085600000, 0x0000000085600000, 0x0000000087710000)
  from space 4224K,   1% used [0x0000000087b30000, 0x0000000087b3b3e8, 0x0000000087f50000)
  to   space 4224K,   0% used [0x0000000087710000, 0x0000000087710000, 0x0000000087b30000)
 concurrent mark-sweep generation total 118092K, used 68853K [0x000000009a2c0000, 0x00000000a1613000, 0x0000000100000000)
 Metaspace       used 109689K, capacity 116169K, committed 118572K, reserved 1153024K
  class space    used 13430K, capacity 14619K, committed 15200K, reserved 1048576K
}
2021-01-18T21:39:23.569+0000: 9797.334: Total time for which application threads were stopped: 0.0053584 seconds, Stopping threads took: 0.0000684 seconds
2021-01-18T21:41:08.590+0000: 9902.355: Total time for which application threads were stopped: 0.0006524 seconds, Stopping threads took: 0.0000946 seconds
{Heap before GC invocations=359 (full 6):
 par new generation   total 38080K, used 33900K [0x0000000085600000, 0x0000000087f50000, 0x000000009a2c0000)
  eden space 33856K, 100% used [0x0000000085600000, 0x0000000087710000, 0x0000000087710000)
  from space 4224K,   1% used [0x0000000087b30000, 0x0000000087b3b3e8, 0x0000000087f50000)
  to   space 4224K,   0% used [0x0000000087710000, 0x0000000087710000, 0x0000000087b30000)
 concurrent mark-sweep generation total 118092K, used 68853K [0x000000009a2c0000, 0x00000000a1613000, 0x0000000100000000)
 Metaspace       used 109689K, capacity 116169K, committed 118572K, reserved 1153024K
  class space    used 13430K, capacity 14619K, committed 15200K, reserved 1048576K
2021-01-18T21:41:09.829+0000: 9903.594: [GC (Allocation Failure) 2021-01-18T21:41:09.829+0000: 9903.594: [ParNew
Desired survivor size 2162688 bytes, new threshold 6 (max 6)
- age   1:      37528 bytes,      37528 total
- age   3:        328 bytes,      37856 total
: 33900K->43K(38080K), 0.0048525 secs] 102754K->68897K(156172K), 0.0050905 secs] [Times: user=0.02 sys=0.00, real=0.01 secs] 
Heap after GC invocations=360 (full 6):
 par new generation   total 38080K, used 43K [0x0000000085600000, 0x0000000087f50000, 0x000000009a2c0000)
  eden space 33856K,   0% used [0x0000000085600000, 0x0000000085600000, 0x0000000087710000)
  from space 4224K,   1% used [0x0000000087710000, 0x000000008771af98, 0x0000000087b30000)
  to   space 4224K,   0% used [0x0000000087b30000, 0x0000000087b30000, 0x0000000087f50000)
 concurrent mark-sweep generation total 118092K, used 68853K [0x000000009a2c0000, 0x00000000a1613000, 0x0000000100000000)
 Metaspace       used 109689K, capacity 116169K, committed 118572K, reserved 1153024K
  class space    used 13430K, capacity 14619K, committed 15200K, reserved 1048576K
}
2021-01-18T21:41:09.834+0000: 9903.599: Total time for which application threads were stopped: 0.0057264 seconds, Stopping threads took: 0.0000770 seconds
2021-01-18T21:41:17.836+0000: 9911.601: Total time for which application threads were stopped: 0.0005365 seconds, Stopping threads took: 0.0000938 seconds
{Heap before GC invocations=360 (full 6):
 par new generation   total 38080K, used 33899K [0x0000000085600000, 0x0000000087f50000, 0x000000009a2c0000)
  eden space 33856K, 100% used [0x0000000085600000, 0x0000000087710000, 0x0000000087710000)
  from space 4224K,   1% used [0x0000000087710000, 0x000000008771af98, 0x0000000087b30000)
  to   space 4224K,   0% used [0x0000000087b30000, 0x0000000087b30000, 0x0000000087f50000)
 concurrent mark-sweep generation total 118092K, used 68853K [0x000000009a2c0000, 0x00000000a1613000, 0x0000000100000000)
 Metaspace       used 109689K, capacity 116169K, committed 118572K, reserved 1153024K
  class space    used 13430K, capacity 14619K, committed 15200K, reserved 1048576K
2021-01-18T21:42:56.298+0000: 10010.063: [GC (Allocation Failure) 2021-01-18T21:42:56.298+0000: 10010.063: [ParNew
Desired survivor size 2162688 bytes, new threshold 6 (max 6)
- age   1:       3904 bytes,       3904 total
- age   2:         64 bytes,       3968 total
- age   4:        328 bytes,       4296 total
: 33899K->8K(38080K), 0.0052849 secs] 102753K->68861K(156172K), 0.0055903 secs] [Times: user=0.01 sys=0.00, real=0.01 secs] 
Heap after GC invocations=361 (full 6):
 par new generation   total 38080K, used 8K [0x0000000085600000, 0x0000000087f50000, 0x000000009a2c0000)
  eden space 33856K,   0% used [0x0000000085600000, 0x0000000085600000, 0x0000000087710000)
  from space 4224K,   0% used [0x0000000087b30000, 0x0000000087b32040, 0x0000000087f50000)
  to   space 4224K,   0% used [0x0000000087710000, 0x0000000087710000, 0x0000000087b30000)
 concurrent mark-sweep generation total 118092K, used 68853K [0x000000009a2c0000, 0x00000000a1613000, 0x0000000100000000)
 Metaspace       used 109689K, capacity 116169K, committed 118572K, reserved 1153024K
  class space    used 13430K, capacity 14619K, committed 15200K, reserved 1048576K
}
2021-01-18T21:42:56.304+0000: 10010.069: Total time for which application threads were stopped: 0.0062376 seconds, Stopping threads took: 0.0000759 seconds
2021-01-18T21:44:08.317+0000: 10082.082: Total time for which application threads were stopped: 0.0009749 seconds, Stopping threads took: 0.0003017 seconds
{Heap before GC invocations=361 (full 6):
 par new generation   total 38080K, used 33864K [0x0000000085600000, 0x0000000087f50000, 0x000000009a2c0000)
  eden space 33856K, 100% used [0x0000000085600000, 0x0000000087710000, 0x0000000087710000)
  from space 4224K,   0% used [0x0000000087b30000, 0x0000000087b32040, 0x0000000087f50000)
  to   space 4224K,   0% used [0x0000000087710000, 0x0000000087710000, 0x0000000087b30000)
 concurrent mark-sweep generation total 118092K, used 68853K [0x000000009a2c0000, 0x00000000a1613000, 0x0000000100000000)
 Metaspace       used 109690K, capacity 116169K, committed 118572K, reserved 1153024K
  class space    used 13430K, capacity 14619K, committed 15200K, reserved 1048576K
2021-01-18T21:44:42.808+0000: 10116.573: [GC (Allocation Failure) 2021-01-18T21:44:42.808+0000: 10116.573: [ParNew
Desired survivor size 2162688 bytes, new threshold 6 (max 6)
- age   1:       5648 bytes,       5648 total
- age   2:        216 bytes,       5864 total
- age   5:        328 bytes,       6192 total
: 33864K->8K(38080K), 0.0063327 secs] 102717K->68861K(156172K), 0.0066268 secs] [Times: user=0.02 sys=0.00, real=0.01 secs] 
Heap after GC invocations=362 (full 6):
 par new generation   total 38080K, used 8K [0x0000000085600000, 0x0000000087f50000, 0x000000009a2c0000)
  eden space 33856K,   0% used [0x0000000085600000, 0x0000000085600000, 0x0000000087710000)
  from space 4224K,   0% used [0x0000000087710000, 0x0000000087712040, 0x0000000087b30000)
  to   space 4224K,   0% used [0x0000000087b30000, 0x0000000087b30000, 0x0000000087f50000)
 concurrent mark-sweep generation total 118092K, used 68853K [0x000000009a2c0000, 0x00000000a1613000, 0x0000000100000000)
 Metaspace       used 109690K, capacity 116169K, committed 118572K, reserved 1153024K
  class space    used 13430K, capacity 14619K, committed 15200K, reserved 1048576K
}
2021-01-18T21:44:42.815+0000: 10116.580: Total time for which application threads were stopped: 0.0072748 seconds, Stopping threads took: 0.0000770 seconds
2021-01-18T21:45:08.821+0000: 10142.586: Total time for which application threads were stopped: 0.0004197 seconds, Stopping threads took: 0.0000806 seconds
2021-01-18T21:46:08.832+0000: 10202.597: Total time for which application threads were stopped: 0.0003710 seconds, Stopping threads took: 0.0000700 seconds
{Heap before GC invocations=362 (full 6):
 par new generation   total 38080K, used 33864K [0x0000000085600000, 0x0000000087f50000, 0x000000009a2c0000)
  eden space 33856K, 100% used [0x0000000085600000, 0x0000000087710000, 0x0000000087710000)
  from space 4224K,   0% used [0x0000000087710000, 0x0000000087712040, 0x0000000087b30000)
  to   space 4224K,   0% used [0x0000000087b30000, 0x0000000087b30000, 0x0000000087f50000)
 concurrent mark-sweep generation total 118092K, used 68853K [0x000000009a2c0000, 0x00000000a1613000, 0x0000000100000000)
 Metaspace       used 109690K, capacity 116169K, committed 118572K, reserved 1153024K
  class space    used 13430K, capacity 14619K, committed 15200K, reserved 1048576K
2021-01-18T21:46:29.056+0000: 10222.821: [GC (Allocation Failure) 2021-01-18T21:46:29.056+0000: 10222.821: [ParNew
Desired survivor size 2162688 bytes, new threshold 6 (max 6)
- age   1:       3960 bytes,       3960 total
- age   2:       1504 bytes,       5464 total
- age   3:        216 bytes,       5680 total
- age   6:        328 bytes,       6008 total
: 33864K->8K(38080K), 0.0044973 secs] 102717K->68862K(156172K), 0.0047033 secs] [Times: user=0.02 sys=0.00, real=0.01 secs] 
Heap after GC invocations=363 (full 6):
 par new generation   total 38080K, used 8K [0x0000000085600000, 0x0000000087f50000, 0x000000009a2c0000)
  eden space 33856K,   0% used [0x0000000085600000, 0x0000000085600000, 0x0000000087710000)
  from space 4224K,   0% used [0x0000000087b30000, 0x0000000087b32110, 0x0000000087f50000)
  to   space 4224K,   0% used [0x0000000087710000, 0x0000000087710000, 0x0000000087b30000)
 concurrent mark-sweep generation total 118092K, used 68853K [0x000000009a2c0000, 0x00000000a1613000, 0x0000000100000000)
 Metaspace       used 109690K, capacity 116169K, committed 118572K, reserved 1153024K
  class space    used 13430K, capacity 14619K, committed 15200K, reserved 1048576K
}
2021-01-18T21:46:29.061+0000: 10222.826: Total time for which application threads were stopped: 0.0057801 seconds, Stopping threads took: 0.0002808 seconds
2021-01-18T21:47:08.069+0000: 10261.834: Total time for which application threads were stopped: 0.0014756 seconds, Stopping threads took: 0.0011060 seconds
{Heap before GC invocations=363 (full 6):
 par new generation   total 38080K, used 33864K [0x0000000085600000, 0x0000000087f50000, 0x000000009a2c0000)
  eden space 33856K, 100% used [0x0000000085600000, 0x0000000087710000, 0x0000000087710000)
  from space 4224K,   0% used [0x0000000087b30000, 0x0000000087b32110, 0x0000000087f50000)
  to   space 4224K,   0% used [0x0000000087710000, 0x0000000087710000, 0x0000000087b30000)
 concurrent mark-sweep generation total 118092K, used 68853K [0x000000009a2c0000, 0x00000000a1613000, 0x0000000100000000)
 Metaspace       used 109690K, capacity 116169K, committed 118572K, reserved 1153024K
  class space    used 13430K, capacity 14619K, committed 15200K, reserved 1048576K
2021-01-18T21:48:15.223+0000: 10328.988: [GC (Allocation Failure) 2021-01-18T21:48:15.223+0000: 10328.988: [ParNew
Desired survivor size 2162688 bytes, new threshold 6 (max 6)
- age   1:      37312 bytes,      37312 total
- age   2:        552 bytes,      37864 total
- age   3:       1472 bytes,      39336 total
- age   4:        216 bytes,      39552 total
: 33864K->40K(38080K), 0.0044045 secs] 102718K->68895K(156172K), 0.0046646 secs] [Times: user=0.01 sys=0.00, real=0.00 secs] 
Heap after GC invocations=364 (full 6):
 par new generation   total 38080K, used 40K [0x0000000085600000, 0x0000000087f50000, 0x000000009a2c0000)
  eden space 33856K,   0% used [0x0000000085600000, 0x0000000085600000, 0x0000000087710000)
  from space 4224K,   0% used [0x0000000087710000, 0x000000008771a318, 0x0000000087b30000)
  to   space 4224K,   0% used [0x0000000087b30000, 0x0000000087b30000, 0x0000000087f50000)
 concurrent mark-sweep generation total 118092K, used 68854K [0x000000009a2c0000, 0x00000000a1613000, 0x0000000100000000)
 Metaspace       used 109690K, capacity 116169K, committed 118572K, reserved 1153024K
  class space    used 13430K, capacity 14619K, committed 15200K, reserved 1048576K
}
2021-01-18T21:48:15.227+0000: 10328.993: Total time for which application threads were stopped: 0.0052252 seconds, Stopping threads took: 0.0000667 seconds
{Heap before GC invocations=364 (full 6):
 par new generation   total 38080K, used 33896K [0x0000000085600000, 0x0000000087f50000, 0x000000009a2c0000)
  eden space 33856K, 100% used [0x0000000085600000, 0x0000000087710000, 0x0000000087710000)
  from space 4224K,   0% used [0x0000000087710000, 0x000000008771a318, 0x0000000087b30000)
  to   space 4224K,   0% used [0x0000000087b30000, 0x0000000087b30000, 0x0000000087f50000)
 concurrent mark-sweep generation total 118092K, used 68854K [0x000000009a2c0000, 0x00000000a1613000, 0x0000000100000000)
 Metaspace       used 109690K, capacity 116169K, committed 118572K, reserved 1153024K
  class space    used 13430K, capacity 14619K, committed 15200K, reserved 1048576K
2021-01-18T21:50:01.496+0000: 10435.261: [GC (Allocation Failure) 2021-01-18T21:50:01.496+0000: 10435.261: [ParNew
Desired survivor size 2162688 bytes, new threshold 6 (max 6)
- age   1:      71432 bytes,      71432 total
- age   2:         64 bytes,      71496 total
- age   3:        552 bytes,      72048 total
- age   4:       1472 bytes,      73520 total
- age   5:        216 bytes,      73736 total
: 33896K->75K(38080K), 0.0052852 secs] 102751K->68929K(156172K), 0.0055837 secs] [Times: user=0.01 sys=0.01, real=0.01 secs] 
Heap after GC invocations=365 (full 6):
 par new generation   total 38080K, used 75K [0x0000000085600000, 0x0000000087f50000, 0x000000009a2c0000)
  eden space 33856K,   0% used [0x0000000085600000, 0x0000000085600000, 0x0000000087710000)
  from space 4224K,   1% used [0x0000000087b30000, 0x0000000087b42e00, 0x0000000087f50000)
  to   space 4224K,   0% used [0x0000000087710000, 0x0000000087710000, 0x0000000087b30000)
 concurrent mark-sweep generation total 118092K, used 68854K [0x000000009a2c0000, 0x00000000a1613000, 0x0000000100000000)
 Metaspace       used 109690K, capacity 116169K, committed 118572K, reserved 1153024K
  class space    used 13430K, capacity 14619K, committed 15200K, reserved 1048576K
}
2021-01-18T21:50:01.501+0000: 10435.266: Total time for which application threads were stopped: 0.0062368 seconds, Stopping threads took: 0.0000780 seconds
{Heap before GC invocations=365 (full 6):
 par new generation   total 38080K, used 33931K [0x0000000085600000, 0x0000000087f50000, 0x000000009a2c0000)
  eden space 33856K, 100% used [0x0000000085600000, 0x0000000087710000, 0x0000000087710000)
  from space 4224K,   1% used [0x0000000087b30000, 0x0000000087b42e00, 0x0000000087f50000)
  to   space 4224K,   0% used [0x0000000087710000, 0x0000000087710000, 0x0000000087b30000)
 concurrent mark-sweep generation total 118092K, used 68854K [0x000000009a2c0000, 0x00000000a1613000, 0x0000000100000000)
 Metaspace       used 109690K, capacity 116169K, committed 118572K, reserved 1153024K
  class space    used 13430K, capacity 14619K, committed 15200K, reserved 1048576K
2021-01-18T21:51:47.979+0000: 10541.744: [GC (Allocation Failure) 2021-01-18T21:51:47.979+0000: 10541.744: [ParNew
Desired survivor size 2162688 bytes, new threshold 6 (max 6)
- age   1:       3752 bytes,       3752 total
- age   2:         48 bytes,       3800 total
- age   4:        552 bytes,       4352 total
- age   5:       1472 bytes,       5824 total
- age   6:        216 bytes,       6040 total
: 33931K->8K(38080K), 0.0052116 secs] 102785K->68862K(156172K), 0.0054857 secs] [Times: user=0.02 sys=0.00, real=0.01 secs] 
Heap after GC invocations=366 (full 6):
 par new generation   total 38080K, used 8K [0x0000000085600000, 0x0000000087f50000, 0x000000009a2c0000)
  eden space 33856K,   0% used [0x0000000085600000, 0x0000000085600000, 0x0000000087710000)
  from space 4224K,   0% used [0x0000000087710000, 0x0000000087712040, 0x0000000087b30000)
  to   space 4224K,   0% used [0x0000000087b30000, 0x0000000087b30000, 0x0000000087f50000)
 concurrent mark-sweep generation total 118092K, used 68854K [0x000000009a2c0000, 0x00000000a1613000, 0x0000000100000000)
 Metaspace       used 109690K, capacity 116169K, committed 118572K, reserved 1153024K
  class space    used 13430K, capacity 14619K, committed 15200K, reserved 1048576K
}
2021-01-18T21:51:47.984+0000: 10541.750: Total time for which application threads were stopped: 0.0061566 seconds, Stopping threads took: 0.0000753 seconds
2021-01-18T21:51:48.985+0000: 10542.750: Total time for which application threads were stopped: 0.0004097 seconds, Stopping threads took: 0.0000781 seconds
{Heap before GC invocations=366 (full 6):
 par new generation   total 38080K, used 33864K [0x0000000085600000, 0x0000000087f50000, 0x000000009a2c0000)
  eden space 33856K, 100% used [0x0000000085600000, 0x0000000087710000, 0x0000000087710000)
  from space 4224K,   0% used [0x0000000087710000, 0x0000000087712040, 0x0000000087b30000)
  to   space 4224K,   0% used [0x0000000087b30000, 0x0000000087b30000, 0x0000000087f50000)
 concurrent mark-sweep generation total 118092K, used 68854K [0x000000009a2c0000, 0x00000000a1613000, 0x0000000100000000)
 Metaspace       used 109690K, capacity 116169K, committed 118572K, reserved 1153024K
  class space    used 13430K, capacity 14619K, committed 15200K, reserved 1048576K
2021-01-18T21:53:34.657+0000: 10648.422: [GC (Allocation Failure) 2021-01-18T21:53:34.657+0000: 10648.422: [ParNew
Desired survivor size 2162688 bytes, new threshold 6 (max 6)
- age   1:       3584 bytes,       3584 total
- age   2:         32 bytes,       3616 total
- age   5:        552 bytes,       4168 total
- age   6:       1472 bytes,       5640 total
: 33864K->8K(38080K), 0.0057580 secs] 102718K->68862K(156172K), 0.0060343 secs] [Times: user=0.02 sys=0.00, real=0.01 secs] 
Heap after GC invocations=367 (full 6):
 par new generation   total 38080K, used 8K [0x0000000085600000, 0x0000000087f50000, 0x000000009a2c0000)
  eden space 33856K,   0% used [0x0000000085600000, 0x0000000085600000, 0x0000000087710000)
  from space 4224K,   0% used [0x0000000087b30000, 0x0000000087b32040, 0x0000000087f50000)
  to   space 4224K,   0% used [0x0000000087710000, 0x0000000087710000, 0x0000000087b30000)
 concurrent mark-sweep generation total 118092K, used 68854K [0x000000009a2c0000, 0x00000000a1613000, 0x0000000100000000)
 Metaspace       used 109690K, capacity 116169K, committed 118572K, reserved 1153024K
  class space    used 13430K, capacity 14619K, committed 15200K, reserved 1048576K
}
2021-01-18T21:53:34.663+0000: 10648.428: Total time for which application threads were stopped: 0.0067815 seconds, Stopping threads took: 0.0000929 seconds
2021-01-18T21:53:37.664+0000: 10651.429: Total time for which application threads were stopped: 0.0005120 seconds, Stopping threads took: 0.0000948 seconds
2021-01-18T21:54:18.673+0000: 10692.438: Total time for which application threads were stopped: 0.0004553 seconds, Stopping threads took: 0.0000821 seconds
2021-01-18T21:54:36.676+0000: 10710.441: Total time for which application threads were stopped: 0.0004029 seconds, Stopping threads took: 0.0000688 seconds
{Heap before GC invocations=367 (full 6):
 par new generation   total 38080K, used 33864K [0x0000000085600000, 0x0000000087f50000, 0x000000009a2c0000)
  eden space 33856K, 100% used [0x0000000085600000, 0x0000000087710000, 0x0000000087710000)
  from space 4224K,   0% used [0x0000000087b30000, 0x0000000087b32040, 0x0000000087f50000)
  to   space 4224K,   0% used [0x0000000087710000, 0x0000000087710000, 0x0000000087b30000)
 concurrent mark-sweep generation total 118092K, used 68854K [0x000000009a2c0000, 0x00000000a1613000, 0x0000000100000000)
 Metaspace       used 109699K, capacity 116169K, committed 118572K, reserved 1153024K
  class space    used 13430K, capacity 14619K, committed 15200K, reserved 1048576K
2021-01-18T21:55:16.508+0000: 10750.273: [GC (Allocation Failure) 2021-01-18T21:55:16.508+0000: 10750.273: [ParNew
Desired survivor size 2162688 bytes, new threshold 6 (max 6)
- age   1:     831928 bytes,     831928 total
- age   2:        184 bytes,     832112 total
- age   6:        552 bytes,     832664 total
: 33864K->823K(38080K), 0.0070298 secs] 102718K->69678K(156172K), 0.0073872 secs] [Times: user=0.01 sys=0.00, real=0.01 secs] 
Heap after GC invocations=368 (full 6):
 par new generation   total 38080K, used 823K [0x0000000085600000, 0x0000000087f50000, 0x000000009a2c0000)
  eden space 33856K,   0% used [0x0000000085600000, 0x0000000085600000, 0x0000000087710000)
  from space 4224K,  19% used [0x0000000087710000, 0x00000000877ddc28, 0x0000000087b30000)
  to   space 4224K,   0% used [0x0000000087b30000, 0x0000000087b30000, 0x0000000087f50000)
 concurrent mark-sweep generation total 118092K, used 68855K [0x000000009a2c0000, 0x00000000a1613000, 0x0000000100000000)
 Metaspace       used 109699K, capacity 116169K, committed 118572K, reserved 1153024K
  class space    used 13430K, capacity 14619K, committed 15200K, reserved 1048576K
}
2021-01-18T21:55:16.515+0000: 10750.280: Total time for which application threads were stopped: 0.0085138 seconds, Stopping threads took: 0.0003357 seconds
2021-01-18T21:56:09.524+0000: 10803.289: Total time for which application threads were stopped: 0.0004349 seconds, Stopping threads took: 0.0000929 seconds
2021-01-18T21:56:38.529+0000: 10832.294: Total time for which application threads were stopped: 0.0005240 seconds, Stopping threads took: 0.0001279 seconds
{Heap before GC invocations=368 (full 6):
 par new generation   total 38080K, used 34679K [0x0000000085600000, 0x0000000087f50000, 0x000000009a2c0000)
  eden space 33856K, 100% used [0x0000000085600000, 0x0000000087710000, 0x0000000087710000)
  from space 4224K,  19% used [0x0000000087710000, 0x00000000877ddc28, 0x0000000087b30000)
  to   space 4224K,   0% used [0x0000000087b30000, 0x0000000087b30000, 0x0000000087f50000)
 concurrent mark-sweep generation total 118092K, used 68855K [0x000000009a2c0000, 0x00000000a1613000, 0x0000000100000000)
 Metaspace       used 109701K, capacity 116169K, committed 118572K, reserved 1153024K
  class space    used 13430K, capacity 14619K, committed 15200K, reserved 1048576K
2021-01-18T21:57:02.955+0000: 10856.720: [GC (Allocation Failure) 2021-01-18T21:57:02.955+0000: 10856.720: [ParNew
Desired survivor size 2162688 bytes, new threshold 6 (max 6)
- age   1:      77152 bytes,      77152 total
- age   2:     827016 bytes,     904168 total
- age   3:        184 bytes,     904352 total
: 34679K->1037K(38080K), 0.0028268 secs] 103534K->69893K(156172K), 0.0029296 secs] [Times: user=0.01 sys=0.00, real=0.00 secs] 
Heap after GC invocations=369 (full 6):
 par new generation   total 38080K, used 1037K [0x0000000085600000, 0x0000000087f50000, 0x000000009a2c0000)
  eden space 33856K,   0% used [0x0000000085600000, 0x0000000085600000, 0x0000000087710000)
  from space 4224K,  24% used [0x0000000087b30000, 0x0000000087c33578, 0x0000000087f50000)
  to   space 4224K,   0% used [0x0000000087710000, 0x0000000087710000, 0x0000000087b30000)
 concurrent mark-sweep generation total 118092K, used 68856K [0x000000009a2c0000, 0x00000000a1613000, 0x0000000100000000)
 Metaspace       used 109701K, capacity 116169K, committed 118572K, reserved 1153024K
  class space    used 13430K, capacity 14619K, committed 15200K, reserved 1048576K
}
2021-01-18T21:57:02.958+0000: 10856.723: Total time for which application threads were stopped: 0.0032380 seconds, Stopping threads took: 0.0000619 seconds
2021-01-18T21:57:59.968+0000: 10913.733: Total time for which application threads were stopped: 0.0004911 seconds, Stopping threads took: 0.0000731 seconds
2021-01-18T21:58:00.968+0000: 10914.733: Total time for which application threads were stopped: 0.0003996 seconds, Stopping threads took: 0.0000737 seconds
2021-01-18T21:58:01.969+0000: 10915.734: Total time for which application threads were stopped: 0.0004518 seconds, Stopping threads took: 0.0000850 seconds
2021-01-18T21:58:03.970+0000: 10917.735: Total time for which application threads were stopped: 0.0005120 seconds, Stopping threads took: 0.0000976 seconds
{Heap before GC invocations=369 (full 6):
 par new generation   total 38080K, used 34893K [0x0000000085600000, 0x0000000087f50000, 0x000000009a2c0000)
  eden space 33856K, 100% used [0x0000000085600000, 0x0000000087710000, 0x0000000087710000)
  from space 4224K,  24% used [0x0000000087b30000, 0x0000000087c33578, 0x0000000087f50000)
  to   space 4224K,   0% used [0x0000000087710000, 0x0000000087710000, 0x0000000087b30000)
 concurrent mark-sweep generation total 118092K, used 68856K [0x000000009a2c0000, 0x00000000a1613000, 0x0000000100000000)
 Metaspace       used 109729K, capacity 116169K, committed 118572K, reserved 1153024K
  class space    used 13430K, capacity 14619K, committed 15200K, reserved 1048576K
2021-01-18T21:58:46.485+0000: 10960.250: [GC (Allocation Failure) 2021-01-18T21:58:46.485+0000: 10960.250: [ParNew
Desired survivor size 2162688 bytes, new threshold 6 (max 6)
- age   1:      23248 bytes,      23248 total
- age   2:       5672 bytes,      28920 total
- age   3:     826616 bytes,     855536 total
- age   4:        184 bytes,     855720 total
: 34893K->1076K(38080K), 0.0047931 secs] 103749K->69932K(156172K), 0.0050098 secs] [Times: user=0.02 sys=0.00, real=0.00 secs] 
Heap after GC invocations=370 (full 6):
 par new generation   total 38080K, used 1076K [0x0000000085600000, 0x0000000087f50000, 0x000000009a2c0000)
  eden space 33856K,   0% used [0x0000000085600000, 0x0000000085600000, 0x0000000087710000)
  from space 4224K,  25% used [0x0000000087710000, 0x000000008781d058, 0x0000000087b30000)
  to   space 4224K,   0% used [0x0000000087b30000, 0x0000000087b30000, 0x0000000087f50000)
 concurrent mark-sweep generation total 118092K, used 68856K [0x000000009a2c0000, 0x00000000a1613000, 0x0000000100000000)
 Metaspace       used 109729K, capacity 116169K, committed 118572K, reserved 1153024K
  class space    used 13430K, capacity 14619K, committed 15200K, reserved 1048576K
}
2021-01-18T21:58:46.490+0000: 10960.255: Total time for which application threads were stopped: 0.0055291 seconds, Stopping threads took: 0.0000773 seconds
{Heap before GC invocations=370 (full 6):
 par new generation   total 38080K, used 34932K [0x0000000085600000, 0x0000000087f50000, 0x000000009a2c0000)
  eden space 33856K, 100% used [0x0000000085600000, 0x0000000087710000, 0x0000000087710000)
  from space 4224K,  25% used [0x0000000087710000, 0x000000008781d058, 0x0000000087b30000)
  to   space 4224K,   0% used [0x0000000087b30000, 0x0000000087b30000, 0x0000000087f50000)
 concurrent mark-sweep generation total 118092K, used 68856K [0x000000009a2c0000, 0x00000000a1613000, 0x0000000100000000)
 Metaspace       used 109729K, capacity 116169K, committed 118572K, reserved 1153024K
  class space    used 13430K, capacity 14619K, committed 15200K, reserved 1048576K
2021-01-18T22:00:33.095+0000: 11066.860: [GC (Allocation Failure) 2021-01-18T22:00:33.095+0000: 11066.860: [ParNew
Desired survivor size 2162688 bytes, new threshold 6 (max 6)
- age   1:       3992 bytes,       3992 total
- age   2:      19408 bytes,      23400 total
- age   3:       5672 bytes,      29072 total
- age   4:     826568 bytes,     855640 total
- age   5:        184 bytes,     855824 total
: 34932K->1560K(38080K), 0.0064799 secs] 103788K->70417K(156172K), 0.0068247 secs] [Times: user=0.02 sys=0.00, real=0.01 secs] 
Heap after GC invocations=371 (full 6):
 par new generation   total 38080K, used 1560K [0x0000000085600000, 0x0000000087f50000, 0x000000009a2c0000)
  eden space 33856K,   0% used [0x0000000085600000, 0x0000000085600000, 0x0000000087710000)
  from space 4224K,  36% used [0x0000000087b30000, 0x0000000087cb63c0, 0x0000000087f50000)
  to   space 4224K,   0% used [0x0000000087710000, 0x0000000087710000, 0x0000000087b30000)
 concurrent mark-sweep generation total 118092K, used 68856K [0x000000009a2c0000, 0x00000000a1613000, 0x0000000100000000)
 Metaspace       used 109729K, capacity 116169K, committed 118572K, reserved 1153024K
  class space    used 13430K, capacity 14619K, committed 15200K, reserved 1048576K
}
2021-01-18T22:00:33.102+0000: 11066.867: Total time for which application threads were stopped: 0.0075075 seconds, Stopping threads took: 0.0000741 seconds
{Heap before GC invocations=371 (full 6):
 par new generation   total 38080K, used 35416K [0x0000000085600000, 0x0000000087f50000, 0x000000009a2c0000)
  eden space 33856K, 100% used [0x0000000085600000, 0x0000000087710000, 0x0000000087710000)
  from space 4224K,  36% used [0x0000000087b30000, 0x0000000087cb63c0, 0x0000000087f50000)
  to   space 4224K,   0% used [0x0000000087710000, 0x0000000087710000, 0x0000000087b30000)
 concurrent mark-sweep generation total 118092K, used 68856K [0x000000009a2c0000, 0x00000000a1613000, 0x0000000100000000)
 Metaspace       used 109730K, capacity 116169K, committed 118572K, reserved 1153024K
  class space    used 13430K, capacity 14619K, committed 15200K, reserved 1048576K
2021-01-18T22:02:18.971+0000: 11172.736: [GC (Allocation Failure) 2021-01-18T22:02:18.971+0000: 11172.737: [ParNew
Desired survivor size 2162688 bytes, new threshold 6 (max 6)
- age   1:       4624 bytes,       4624 total
- age   2:        224 bytes,       4848 total
- age   3:      19376 bytes,      24224 total
- age   4:       5672 bytes,      29896 total
- age   5:     826568 bytes,     856464 total
- age   6:        184 bytes,     856648 total
: 35416K->1144K(38080K), 0.0066305 secs] 104273K->70000K(156172K), 0.0069239 secs] [Times: user=0.02 sys=0.01, real=0.01 secs] 
Heap after GC invocations=372 (full 6):
 par new generation   total 38080K, used 1144K [0x0000000085600000, 0x0000000087f50000, 0x000000009a2c0000)
  eden space 33856K,   0% used [0x0000000085600000, 0x0000000085600000, 0x0000000087710000)
  from space 4224K,  27% used [0x0000000087710000, 0x000000008782e0c8, 0x0000000087b30000)
  to   space 4224K,   0% used [0x0000000087b30000, 0x0000000087b30000, 0x0000000087f50000)
 concurrent mark-sweep generation total 118092K, used 68856K [0x000000009a2c0000, 0x00000000a1613000, 0x0000000100000000)
 Metaspace       used 109730K, capacity 116169K, committed 118572K, reserved 1153024K
  class space    used 13430K, capacity 14619K, committed 15200K, reserved 1048576K
}
2021-01-18T22:02:18.978+0000: 11172.743: Total time for which application threads were stopped: 0.0076749 seconds, Stopping threads took: 0.0000870 seconds
{Heap before GC invocations=372 (full 6):
 par new generation   total 38080K, used 35000K [0x0000000085600000, 0x0000000087f50000, 0x000000009a2c0000)
  eden space 33856K, 100% used [0x0000000085600000, 0x0000000087710000, 0x0000000087710000)
  from space 4224K,  27% used [0x0000000087710000, 0x000000008782e0c8, 0x0000000087b30000)
  to   space 4224K,   0% used [0x0000000087b30000, 0x0000000087b30000, 0x0000000087f50000)
 concurrent mark-sweep generation total 118092K, used 68856K [0x000000009a2c0000, 0x00000000a1613000, 0x0000000100000000)
 Metaspace       used 109730K, capacity 116169K, committed 118572K, reserved 1153024K
  class space    used 13430K, capacity 14619K, committed 15200K, reserved 1048576K
2021-01-18T22:04:04.844+0000: 11278.609: [GC (Allocation Failure) 2021-01-18T22:04:04.844+0000: 11278.609: [ParNew
Desired survivor size 2162688 bytes, new threshold 6 (max 6)
- age   1:      71904 bytes,      71904 total
- age   2:        888 bytes,      72792 total
- age   3:        224 bytes,      73016 total
- age   4:      19376 bytes,      92392 total
- age   5:       5672 bytes,      98064 total
- age   6:     826568 bytes,     924632 total
: 35000K->1320K(38080K), 0.0153274 secs] 103856K->70177K(156172K), 0.0158123 secs] [Times: user=0.03 sys=0.00, real=0.02 secs] 
Heap after GC invocations=373 (full 6):
 par new generation   total 38080K, used 1320K [0x0000000085600000, 0x0000000087f50000, 0x000000009a2c0000)
  eden space 33856K,   0% used [0x0000000085600000, 0x0000000085600000, 0x0000000087710000)
  from space 4224K,  31% used [0x0000000087b30000, 0x0000000087c7a228, 0x0000000087f50000)
  to   space 4224K,   0% used [0x0000000087710000, 0x0000000087710000, 0x0000000087b30000)
 concurrent mark-sweep generation total 118092K, used 68856K [0x000000009a2c0000, 0x00000000a1613000, 0x0000000100000000)
 Metaspace       used 109730K, capacity 116169K, committed 118572K, reserved 1153024K
  class space    used 13430K, capacity 14619K, committed 15200K, reserved 1048576K
}
2021-01-18T22:04:04.860+0000: 11278.625: Total time for which application threads were stopped: 0.0172795 seconds, Stopping threads took: 0.0002466 seconds
2021-01-18T22:04:08.862+0000: 11282.627: Total time for which application threads were stopped: 0.0004229 seconds, Stopping threads took: 0.0000792 seconds
{Heap before GC invocations=373 (full 6):
 par new generation   total 38080K, used 35176K [0x0000000085600000, 0x0000000087f50000, 0x000000009a2c0000)
  eden space 33856K, 100% used [0x0000000085600000, 0x0000000087710000, 0x0000000087710000)
  from space 4224K,  31% used [0x0000000087b30000, 0x0000000087c7a228, 0x0000000087f50000)
  to   space 4224K,   0% used [0x0000000087710000, 0x0000000087710000, 0x0000000087b30000)
 concurrent mark-sweep generation total 118092K, used 68856K [0x000000009a2c0000, 0x00000000a1613000, 0x0000000100000000)
 Metaspace       used 109733K, capacity 116233K, committed 118572K, reserved 1153024K
  class space    used 13430K, capacity 14619K, committed 15200K, reserved 1048576K
2021-01-18T22:05:50.848+0000: 11384.613: [GC (Allocation Failure) 2021-01-18T22:05:50.848+0000: 11384.613: [ParNew
Desired survivor size 2162688 bytes, new threshold 6 (max 6)
- age   1:       4104 bytes,       4104 total
- age   3:        824 bytes,       4928 total
- age   4:        224 bytes,       5152 total
- age   5:      19376 bytes,      24528 total
- age   6:       5672 bytes,      30200 total
: 35176K->865K(38080K), 0.0070600 secs] 104033K->70540K(156172K), 0.0073678 secs] [Times: user=0.02 sys=0.00, real=0.01 secs] 
Heap after GC invocations=374 (full 6):
 par new generation   total 38080K, used 865K [0x0000000085600000, 0x0000000087f50000, 0x000000009a2c0000)
  eden space 33856K,   0% used [0x0000000085600000, 0x0000000085600000, 0x0000000087710000)
  from space 4224K,  20% used [0x0000000087710000, 0x00000000877e8780, 0x0000000087b30000)
  to   space 4224K,   0% used [0x0000000087b30000, 0x0000000087b30000, 0x0000000087f50000)
 concurrent mark-sweep generation total 118092K, used 69674K [0x000000009a2c0000, 0x00000000a1613000, 0x0000000100000000)
 Metaspace       used 109733K, capacity 116233K, committed 118572K, reserved 1153024K
  class space    used 13430K, capacity 14619K, committed 15200K, reserved 1048576K
}
2021-01-18T22:05:50.855+0000: 11384.620: Total time for which application threads were stopped: 0.0082076 seconds, Stopping threads took: 0.0001772 seconds
2021-01-18T22:07:08.869+0000: 11462.634: Total time for which application threads were stopped: 0.0004941 seconds, Stopping threads took: 0.0000794 seconds
{Heap before GC invocations=374 (full 6):
 par new generation   total 38080K, used 34721K [0x0000000085600000, 0x0000000087f50000, 0x000000009a2c0000)
  eden space 33856K, 100% used [0x0000000085600000, 0x0000000087710000, 0x0000000087710000)
  from space 4224K,  20% used [0x0000000087710000, 0x00000000877e8780, 0x0000000087b30000)
  to   space 4224K,   0% used [0x0000000087b30000, 0x0000000087b30000, 0x0000000087f50000)
 concurrent mark-sweep generation total 118092K, used 69674K [0x000000009a2c0000, 0x00000000a1613000, 0x0000000100000000)
 Metaspace       used 109733K, capacity 116233K, committed 118572K, reserved 1153024K
  class space    used 13430K, capacity 14619K, committed 15200K, reserved 1048576K
2021-01-18T22:07:36.850+0000: 11490.615: [GC (Allocation Failure) 2021-01-18T22:07:36.850+0000: 11490.616: [ParNew
Desired survivor size 2162688 bytes, new threshold 6 (max 6)
- age   1:       7208 bytes,       7208 total
- age   2:         32 bytes,       7240 total
- age   4:        824 bytes,       8064 total
- age   5:        224 bytes,       8288 total
- age   6:      19376 bytes,      27664 total
: 34721K->166K(38080K), 0.0051048 secs] 104396K->69846K(156172K), 0.0054127 secs] [Times: user=0.02 sys=0.00, real=0.01 secs] 
Heap after GC invocations=375 (full 6):
 par new generation   total 38080K, used 166K [0x0000000085600000, 0x0000000087f50000, 0x000000009a2c0000)
  eden space 33856K,   0% used [0x0000000085600000, 0x0000000085600000, 0x0000000087710000)
  from space 4224K,   3% used [0x0000000087b30000, 0x0000000087b59a00, 0x0000000087f50000)
  to   space 4224K,   0% used [0x0000000087710000, 0x0000000087710000, 0x0000000087b30000)
 concurrent mark-sweep generation total 118092K, used 69680K [0x000000009a2c0000, 0x00000000a1613000, 0x0000000100000000)
 Metaspace       used 109733K, capacity 116233K, committed 118572K, reserved 1153024K
  class space    used 13430K, capacity 14619K, committed 15200K, reserved 1048576K
}
2021-01-18T22:07:36.856+0000: 11490.621: Total time for which application threads were stopped: 0.0062954 seconds, Stopping threads took: 0.0002765 seconds
2021-01-18T22:08:58.869+0000: 11572.635: Total time for which application threads were stopped: 0.0003800 seconds, Stopping threads took: 0.0000727 seconds
2021-01-18T22:09:17.873+0000: 11591.638: Total time for which application threads were stopped: 0.0004226 seconds, Stopping threads took: 0.0000808 seconds
{Heap before GC invocations=375 (full 6):
 par new generation   total 38080K, used 34022K [0x0000000085600000, 0x0000000087f50000, 0x000000009a2c0000)
  eden space 33856K, 100% used [0x0000000085600000, 0x0000000087710000, 0x0000000087710000)
  from space 4224K,   3% used [0x0000000087b30000, 0x0000000087b59a00, 0x0000000087f50000)
  to   space 4224K,   0% used [0x0000000087710000, 0x0000000087710000, 0x0000000087b30000)
 concurrent mark-sweep generation total 118092K, used 69680K [0x000000009a2c0000, 0x00000000a1613000, 0x0000000100000000)
 Metaspace       used 109736K, capacity 116233K, committed 118572K, reserved 1153024K
  class space    used 13430K, capacity 14619K, committed 15200K, reserved 1048576K
2021-01-18T22:09:22.893+0000: 11596.658: [GC (Allocation Failure) 2021-01-18T22:09:22.893+0000: 11596.658: [ParNew
Desired survivor size 2162688 bytes, new threshold 6 (max 6)
- age   1:       3848 bytes,       3848 total
- age   2:       3184 bytes,       7032 total
- age   5:        824 bytes,       7856 total
- age   6:        224 bytes,       8080 total
: 34022K->60K(38080K), 0.0058662 secs] 103702K->69759K(156172K), 0.0061578 secs] [Times: user=0.02 sys=0.00, real=0.00 secs] 
Heap after GC invocations=376 (full 6):
 par new generation   total 38080K, used 60K [0x0000000085600000, 0x0000000087f50000, 0x000000009a2c0000)
  eden space 33856K,   0% used [0x0000000085600000, 0x0000000085600000, 0x0000000087710000)
  from space 4224K,   1% used [0x0000000087710000, 0x000000008771f240, 0x0000000087b30000)
  to   space 4224K,   0% used [0x0000000087b30000, 0x0000000087b30000, 0x0000000087f50000)
 concurrent mark-sweep generation total 118092K, used 69699K [0x000000009a2c0000, 0x00000000a1613000, 0x0000000100000000)
 Metaspace       used 109736K, capacity 116233K, committed 118572K, reserved 1153024K
  class space    used 13430K, capacity 14619K, committed 15200K, reserved 1048576K
}
2021-01-18T22:09:22.899+0000: 11596.664: Total time for which application threads were stopped: 0.0069161 seconds, Stopping threads took: 0.0000918 seconds
2021-01-18T22:10:01.906+0000: 11635.671: Total time for which application threads were stopped: 0.0004536 seconds, Stopping threads took: 0.0000650 seconds
2021-01-18T22:10:08.907+0000: 11642.672: Total time for which application threads were stopped: 0.0003520 seconds, Stopping threads took: 0.0000663 seconds
{Heap before GC invocations=376 (full 6):
 par new generation   total 38080K, used 33916K [0x0000000085600000, 0x0000000087f50000, 0x000000009a2c0000)
  eden space 33856K, 100% used [0x0000000085600000, 0x0000000087710000, 0x0000000087710000)
  from space 4224K,   1% used [0x0000000087710000, 0x000000008771f240, 0x0000000087b30000)
  to   space 4224K,   0% used [0x0000000087b30000, 0x0000000087b30000, 0x0000000087f50000)
 concurrent mark-sweep generation total 118092K, used 69699K [0x000000009a2c0000, 0x00000000a1613000, 0x0000000100000000)
 Metaspace       used 109748K, capacity 116233K, committed 118572K, reserved 1153024K
  class space    used 13430K, capacity 14619K, committed 15200K, reserved 1048576K
2021-01-18T22:11:08.916+0000: 11702.681: [GC (Allocation Failure) 2021-01-18T22:11:08.916+0000: 11702.681: [ParNew
Desired survivor size 2162688 bytes, new threshold 6 (max 6)
- age   1:      43288 bytes,      43288 total
- age   2:        448 bytes,      43736 total
- age   3:       3184 bytes,      46920 total
- age   6:        824 bytes,      47744 total
: 33916K->52K(38080K), 0.0074760 secs] 103615K->69752K(156172K), 0.0078438 secs] [Times: user=0.01 sys=0.00, real=0.01 secs] 
Heap after GC invocations=377 (full 6):
 par new generation   total 38080K, used 52K [0x0000000085600000, 0x0000000087f50000, 0x000000009a2c0000)
  eden space 33856K,   0% used [0x0000000085600000, 0x0000000085600000, 0x0000000087710000)
  from space 4224K,   1% used [0x0000000087b30000, 0x0000000087b3d308, 0x0000000087f50000)
  to   space 4224K,   0% used [0x0000000087710000, 0x0000000087710000, 0x0000000087b30000)
 concurrent mark-sweep generation total 118092K, used 69699K [0x000000009a2c0000, 0x00000000a1613000, 0x0000000100000000)
 Metaspace       used 109748K, capacity 116233K, committed 118572K, reserved 1153024K
  class space    used 13430K, capacity 14619K, committed 15200K, reserved 1048576K
}
2021-01-18T22:11:08.924+0000: 11702.689: Total time for which application threads were stopped: 0.0090484 seconds, Stopping threads took: 0.0002150 seconds
2021-01-18T22:12:08.935+0000: 11762.700: Total time for which application threads were stopped: 0.0004245 seconds, Stopping threads took: 0.0000817 seconds
{Heap before GC invocations=377 (full 6):
 par new generation   total 38080K, used 33908K [0x0000000085600000, 0x0000000087f50000, 0x000000009a2c0000)
  eden space 33856K, 100% used [0x0000000085600000, 0x0000000087710000, 0x0000000087710000)
  from space 4224K,   1% used [0x0000000087b30000, 0x0000000087b3d308, 0x0000000087f50000)
  to   space 4224K,   0% used [0x0000000087710000, 0x0000000087710000, 0x0000000087b30000)
 concurrent mark-sweep generation total 118092K, used 69699K [0x000000009a2c0000, 0x00000000a1613000, 0x0000000100000000)
 Metaspace       used 109753K, capacity 116233K, committed 118572K, reserved 1153024K
  class space    used 13430K, capacity 14619K, committed 15200K, reserved 1048576K
2021-01-18T22:12:55.225+0000: 11808.990: [GC (Allocation Failure) 2021-01-18T22:12:55.225+0000: 11808.990: [ParNew
Desired survivor size 2162688 bytes, new threshold 6 (max 6)
- age   1:       3880 bytes,       3880 total
- age   2:        408 bytes,       4288 total
- age   3:        384 bytes,       4672 total
- age   4:       3184 bytes,       7856 total
: 33908K->15K(38080K), 0.0032643 secs] 103608K->69715K(156172K), 0.0034497 secs] [Times: user=0.02 sys=0.00, real=0.00 secs] 
Heap after GC invocations=378 (full 6):
 par new generation   total 38080K, used 15K [0x0000000085600000, 0x0000000087f50000, 0x000000009a2c0000)
  eden space 33856K,   0% used [0x0000000085600000, 0x0000000085600000, 0x0000000087710000)
  from space 4224K,   0% used [0x0000000087710000, 0x0000000087713c80, 0x0000000087b30000)
  to   space 4224K,   0% used [0x0000000087b30000, 0x0000000087b30000, 0x0000000087f50000)
 concurrent mark-sweep generation total 118092K, used 69700K [0x000000009a2c0000, 0x00000000a1613000, 0x0000000100000000)
 Metaspace       used 109753K, capacity 116233K, committed 118572K, reserved 1153024K
  class space    used 13430K, capacity 14619K, committed 15200K, reserved 1048576K
}
2021-01-18T22:12:55.228+0000: 11808.993: Total time for which application threads were stopped: 0.0040779 seconds, Stopping threads took: 0.0001776 seconds
{Heap before GC invocations=378 (full 6):
 par new generation   total 38080K, used 33871K [0x0000000085600000, 0x0000000087f50000, 0x000000009a2c0000)
  eden space 33856K, 100% used [0x0000000085600000, 0x0000000087710000, 0x0000000087710000)
  from space 4224K,   0% used [0x0000000087710000, 0x0000000087713c80, 0x0000000087b30000)
  to   space 4224K,   0% used [0x0000000087b30000, 0x0000000087b30000, 0x0000000087f50000)
 concurrent mark-sweep generation total 118092K, used 69700K [0x000000009a2c0000, 0x00000000a1613000, 0x0000000100000000)
 Metaspace       used 109753K, capacity 116233K, committed 118572K, reserved 1153024K
  class space    used 13430K, capacity 14619K, committed 15200K, reserved 1048576K
2021-01-18T22:14:41.246+0000: 11915.011: [GC (Allocation Failure) 2021-01-18T22:14:41.246+0000: 11915.012: [ParNew
Desired survivor size 2162688 bytes, new threshold 6 (max 6)
- age   1:       3800 bytes,       3800 total
- age   2:        152 bytes,       3952 total
- age   3:        360 bytes,       4312 total
- age   4:        384 bytes,       4696 total
- age   5:       3184 bytes,       7880 total
: 33871K->10K(38080K), 0.0052271 secs] 103571K->69710K(156172K), 0.0057831 secs] [Times: user=0.02 sys=0.00, real=0.01 secs] 
Heap after GC invocations=379 (full 6):
 par new generation   total 38080K, used 10K [0x0000000085600000, 0x0000000087f50000, 0x000000009a2c0000)
  eden space 33856K,   0% used [0x0000000085600000, 0x0000000085600000, 0x0000000087710000)
  from space 4224K,   0% used [0x0000000087b30000, 0x0000000087b32850, 0x0000000087f50000)
  to   space 4224K,   0% used [0x0000000087710000, 0x0000000087710000, 0x0000000087b30000)
 concurrent mark-sweep generation total 118092K, used 69700K [0x000000009a2c0000, 0x00000000a1613000, 0x0000000100000000)
 Metaspace       used 109753K, capacity 116233K, committed 118572K, reserved 1153024K
  class space    used 13430K, capacity 14619K, committed 15200K, reserved 1048576K
}
2021-01-18T22:14:41.252+0000: 11915.017: Total time for which application threads were stopped: 0.0064692 seconds, Stopping threads took: 0.0000765 seconds
2021-01-18T22:15:28.260+0000: 11962.025: Total time for which application threads were stopped: 0.0005062 seconds, Stopping threads took: 0.0000745 seconds
{Heap before GC invocations=379 (full 6):
 par new generation   total 38080K, used 33866K [0x0000000085600000, 0x0000000087f50000, 0x000000009a2c0000)
  eden space 33856K, 100% used [0x0000000085600000, 0x0000000087710000, 0x0000000087710000)
  from space 4224K,   0% used [0x0000000087b30000, 0x0000000087b32850, 0x0000000087f50000)
  to   space 4224K,   0% used [0x0000000087710000, 0x0000000087710000, 0x0000000087b30000)
 concurrent mark-sweep generation total 118092K, used 69700K [0x000000009a2c0000, 0x00000000a1613000, 0x0000000100000000)
 Metaspace       used 109754K, capacity 116233K, committed 118572K, reserved 1153024K
  class space    used 13430K, capacity 14619K, committed 15200K, reserved 1048576K
2021-01-18T22:16:27.545+0000: 12021.310: [GC (Allocation Failure) 2021-01-18T22:16:27.545+0000: 12021.310: [ParNew
Desired survivor size 2162688 bytes, new threshold 6 (max 6)
- age   1:       3768 bytes,       3768 total
- age   2:         32 bytes,       3800 total
- age   3:        152 bytes,       3952 total
- age   4:        360 bytes,       4312 total
- age   5:        384 bytes,       4696 total
- age   6:       3184 bytes,       7880 total
: 33866K->12K(38080K), 0.0061424 secs] 103566K->69712K(156172K), 0.0064157 secs] [Times: user=0.02 sys=0.00, real=0.00 secs] 
Heap after GC invocations=380 (full 6):
 par new generation   total 38080K, used 12K [0x0000000085600000, 0x0000000087f50000, 0x000000009a2c0000)
  eden space 33856K,   0% used [0x0000000085600000, 0x0000000085600000, 0x0000000087710000)
  from space 4224K,   0% used [0x0000000087710000, 0x0000000087713060, 0x0000000087b30000)
  to   space 4224K,   0% used [0x0000000087b30000, 0x0000000087b30000, 0x0000000087f50000)
 concurrent mark-sweep generation total 118092K, used 69700K [0x000000009a2c0000, 0x00000000a1613000, 0x0000000100000000)
 Metaspace       used 109754K, capacity 116233K, committed 118572K, reserved 1153024K
  class space    used 13430K, capacity 14619K, committed 15200K, reserved 1048576K
}
2021-01-18T22:16:27.552+0000: 12021.317: Total time for which application threads were stopped: 0.0072193 seconds, Stopping threads took: 0.0001053 seconds
{Heap before GC invocations=380 (full 6):
 par new generation   total 38080K, used 33868K [0x0000000085600000, 0x0000000087f50000, 0x000000009a2c0000)
  eden space 33856K, 100% used [0x0000000085600000, 0x0000000087710000, 0x0000000087710000)
  from space 4224K,   0% used [0x0000000087710000, 0x0000000087713060, 0x0000000087b30000)
  to   space 4224K,   0% used [0x0000000087b30000, 0x0000000087b30000, 0x0000000087f50000)
 concurrent mark-sweep generation total 118092K, used 69700K [0x000000009a2c0000, 0x00000000a1613000, 0x0000000100000000)
 Metaspace       used 109754K, capacity 116233K, committed 118572K, reserved 1153024K
  class space    used 13430K, capacity 14619K, committed 15200K, reserved 1048576K
2021-01-18T22:18:13.619+0000: 12127.384: [GC (Allocation Failure) 2021-01-18T22:18:13.619+0000: 12127.384: [ParNew
Desired survivor size 2162688 bytes, new threshold 6 (max 6)
- age   1:      37536 bytes,      37536 total
- age   4:        152 bytes,      37688 total
- age   5:        360 bytes,      38048 total
- age   6:        384 bytes,      38432 total
: 33868K->40K(38080K), 0.0054955 secs] 103568K->69744K(156172K), 0.0056198 secs] [Times: user=0.00 sys=0.00, real=0.01 secs] 
Heap after GC invocations=381 (full 6):
 par new generation   total 38080K, used 40K [0x0000000085600000, 0x0000000087f50000, 0x000000009a2c0000)
  eden space 33856K,   0% used [0x0000000085600000, 0x0000000085600000, 0x0000000087710000)
  from space 4224K,   0% used [0x0000000087b30000, 0x0000000087b3a318, 0x0000000087f50000)
  to   space 4224K,   0% used [0x0000000087710000, 0x0000000087710000, 0x0000000087b30000)
 concurrent mark-sweep generation total 118092K, used 69703K [0x000000009a2c0000, 0x00000000a1613000, 0x0000000100000000)
 Metaspace       used 109754K, capacity 116233K, committed 118572K, reserved 1153024K
  class space    used 13430K, capacity 14619K, committed 15200K, reserved 1048576K
}
2021-01-18T22:18:13.625+0000: 12127.390: Total time for which application threads were stopped: 0.0058817 seconds, Stopping threads took: 0.0000364 seconds
{Heap before GC invocations=381 (full 6):
 par new generation   total 38080K, used 33896K [0x0000000085600000, 0x0000000087f50000, 0x000000009a2c0000)
  eden space 33856K, 100% used [0x0000000085600000, 0x0000000087710000, 0x0000000087710000)
  from space 4224K,   0% used [0x0000000087b30000, 0x0000000087b3a318, 0x0000000087f50000)
  to   space 4224K,   0% used [0x0000000087710000, 0x0000000087710000, 0x0000000087b30000)
 concurrent mark-sweep generation total 118092K, used 69703K [0x000000009a2c0000, 0x00000000a1613000, 0x0000000100000000)
 Metaspace       used 109761K, capacity 116233K, committed 118572K, reserved 1153024K
  class space    used 13430K, capacity 14619K, committed 15200K, reserved 1048576K
2021-01-18T22:19:59.900+0000: 12233.666: [GC (Allocation Failure) 2021-01-18T22:19:59.901+0000: 12233.666: [ParNew
Desired survivor size 2162688 bytes, new threshold 6 (max 6)
- age   1:      71520 bytes,      71520 total
- age   2:        176 bytes,      71696 total
- age   5:        152 bytes,      71848 total
- age   6:        360 bytes,      72208 total
: 33896K->71K(38080K), 0.0110273 secs] 103600K->69775K(156172K), 0.0113296 secs] [Times: user=0.02 sys=0.00, real=0.01 secs] 
Heap after GC invocations=382 (full 6):
 par new generation   total 38080K, used 71K [0x0000000085600000, 0x0000000087f50000, 0x000000009a2c0000)
  eden space 33856K,   0% used [0x0000000085600000, 0x0000000085600000, 0x0000000087710000)
  from space 4224K,   1% used [0x0000000087710000, 0x0000000087721de0, 0x0000000087b30000)
  to   space 4224K,   0% used [0x0000000087b30000, 0x0000000087b30000, 0x0000000087f50000)
 concurrent mark-sweep generation total 118092K, used 69703K [0x000000009a2c0000, 0x00000000a1613000, 0x0000000100000000)
 Metaspace       used 109761K, capacity 116233K, committed 118572K, reserved 1153024K
  class space    used 13430K, capacity 14619K, committed 15200K, reserved 1048576K
}
2021-01-18T22:19:59.912+0000: 12233.677: Total time for which application threads were stopped: 0.0121151 seconds, Stopping threads took: 0.0000848 seconds
{Heap before GC invocations=382 (full 6):
 par new generation   total 38080K, used 33927K [0x0000000085600000, 0x0000000087f50000, 0x000000009a2c0000)
  eden space 33856K, 100% used [0x0000000085600000, 0x0000000087710000, 0x0000000087710000)
  from space 4224K,   1% used [0x0000000087710000, 0x0000000087721de0, 0x0000000087b30000)
  to   space 4224K,   0% used [0x0000000087b30000, 0x0000000087b30000, 0x0000000087f50000)
 concurrent mark-sweep generation total 118092K, used 69703K [0x000000009a2c0000, 0x00000000a1613000, 0x0000000100000000)
 Metaspace       used 109761K, capacity 116233K, committed 118572K, reserved 1153024K
  class space    used 13430K, capacity 14619K, committed 15200K, reserved 1048576K
2021-01-18T22:21:46.345+0000: 12340.110: [GC (Allocation Failure) 2021-01-18T22:21:46.345+0000: 12340.110: [ParNew
Desired survivor size 2162688 bytes, new threshold 6 (max 6)
- age   1:       3328 bytes,       3328 total
- age   2:        200 bytes,       3528 total
- age   3:        112 bytes,       3640 total
- age   6:        152 bytes,       3792 total
: 33927K->6K(38080K), 0.0054284 secs] 103631K->69710K(156172K), 0.0057660 secs] [Times: user=0.02 sys=0.01, real=0.00 secs] 
Heap after GC invocations=383 (full 6):
 par new generation   total 38080K, used 6K [0x0000000085600000, 0x0000000087f50000, 0x000000009a2c0000)
  eden space 33856K,   0% used [0x0000000085600000, 0x0000000085600000, 0x0000000087710000)
  from space 4224K,   0% used [0x0000000087b30000, 0x0000000087b31830, 0x0000000087f50000)
  to   space 4224K,   0% used [0x0000000087710000, 0x0000000087710000, 0x0000000087b30000)
 concurrent mark-sweep generation total 118092K, used 69704K [0x000000009a2c0000, 0x00000000a1613000, 0x0000000100000000)
 Metaspace       used 109761K, capacity 116233K, committed 118572K, reserved 1153024K
  class space    used 13430K, capacity 14619K, committed 15200K, reserved 1048576K
}
2021-01-18T22:21:46.351+0000: 12340.116: Total time for which application threads were stopped: 0.0071878 seconds, Stopping threads took: 0.0002587 seconds
2021-01-18T22:22:14.357+0000: 12368.122: Total time for which application threads were stopped: 0.0005737 seconds, Stopping threads took: 0.0000971 seconds
2021-01-18T22:23:08.364+0000: 12422.129: Total time for which application threads were stopped: 0.0003616 seconds, Stopping threads took: 0.0000683 seconds
2021-01-18T22:23:28.368+0000: 12442.133: Total time for which application threads were stopped: 0.0004413 seconds, Stopping threads took: 0.0000690 seconds
{Heap before GC invocations=383 (full 6):
 par new generation   total 38080K, used 33862K [0x0000000085600000, 0x0000000087f50000, 0x000000009a2c0000)
  eden space 33856K, 100% used [0x0000000085600000, 0x0000000087710000, 0x0000000087710000)
  from space 4224K,   0% used [0x0000000087b30000, 0x0000000087b31830, 0x0000000087f50000)
  to   space 4224K,   0% used [0x0000000087710000, 0x0000000087710000, 0x0000000087b30000)
 concurrent mark-sweep generation total 118092K, used 69704K [0x000000009a2c0000, 0x00000000a1613000, 0x0000000100000000)
 Metaspace       used 109764K, capacity 116233K, committed 118572K, reserved 1153024K
  class space    used 13430K, capacity 14619K, committed 15200K, reserved 1048576K
2021-01-18T22:23:30.721+0000: 12444.486: [GC (Allocation Failure) 2021-01-18T22:23:30.721+0000: 12444.486: [ParNew
Desired survivor size 2162688 bytes, new threshold 6 (max 6)
- age   1:     314144 bytes,     314144 total
- age   2:         32 bytes,     314176 total
- age   3:        200 bytes,     314376 total
- age   4:        112 bytes,     314488 total
: 33862K->312K(38080K), 0.0118438 secs] 103566K->70017K(156172K), 0.0121900 secs] [Times: user=0.03 sys=0.00, real=0.01 secs] 
Heap after GC invocations=384 (full 6):
 par new generation   total 38080K, used 312K [0x0000000085600000, 0x0000000087f50000, 0x000000009a2c0000)
  eden space 33856K,   0% used [0x0000000085600000, 0x0000000085600000, 0x0000000087710000)
  from space 4224K,   7% used [0x0000000087710000, 0x000000008775e3f0, 0x0000000087b30000)
  to   space 4224K,   0% used [0x0000000087b30000, 0x0000000087b30000, 0x0000000087f50000)
 concurrent mark-sweep generation total 118092K, used 69704K [0x000000009a2c0000, 0x00000000a1613000, 0x0000000100000000)
 Metaspace       used 109764K, capacity 116233K, committed 118572K, reserved 1153024K
  class space    used 13430K, capacity 14619K, committed 15200K, reserved 1048576K
}
2021-01-18T22:23:30.733+0000: 12444.498: Total time for which application threads were stopped: 0.0143293 seconds, Stopping threads took: 0.0014857 seconds
2021-01-18T22:24:34.742+0000: 12508.507: Total time for which application threads were stopped: 0.0008310 seconds, Stopping threads took: 0.0001287 seconds
{Heap before GC invocations=384 (full 6):
 par new generation   total 38080K, used 34168K [0x0000000085600000, 0x0000000087f50000, 0x000000009a2c0000)
  eden space 33856K, 100% used [0x0000000085600000, 0x0000000087710000, 0x0000000087710000)
  from space 4224K,   7% used [0x0000000087710000, 0x000000008775e3f0, 0x0000000087b30000)
  to   space 4224K,   0% used [0x0000000087b30000, 0x0000000087b30000, 0x0000000087f50000)
 concurrent mark-sweep generation total 118092K, used 69704K [0x000000009a2c0000, 0x00000000a1613000, 0x0000000100000000)
 Metaspace       used 109768K, capacity 116297K, committed 118572K, reserved 1153024K
  class space    used 13430K, capacity 14619K, committed 15200K, reserved 1048576K
2021-01-18T22:25:13.766+0000: 12547.531: [GC (Allocation Failure) 2021-01-18T22:25:13.766+0000: 12547.531: [ParNew
Desired survivor size 2162688 bytes, new threshold 6 (max 6)
- age   1:     560808 bytes,     560808 total
- age   2:     307992 bytes,     868800 total
- age   4:        200 bytes,     869000 total
- age   5:        112 bytes,     869112 total
: 34168K->913K(38080K), 0.0061601 secs] 103873K->70617K(156172K), 0.0064614 secs] [Times: user=0.03 sys=0.00, real=0.01 secs] 
Heap after GC invocations=385 (full 6):
 par new generation   total 38080K, used 913K [0x0000000085600000, 0x0000000087f50000, 0x000000009a2c0000)
  eden space 33856K,   0% used [0x0000000085600000, 0x0000000085600000, 0x0000000087710000)
  from space 4224K,  21% used [0x0000000087b30000, 0x0000000087c144b8, 0x0000000087f50000)
  to   space 4224K,   0% used [0x0000000087710000, 0x0000000087710000, 0x0000000087b30000)
 concurrent mark-sweep generation total 118092K, used 69704K [0x000000009a2c0000, 0x00000000a1613000, 0x0000000100000000)
 Metaspace       used 109768K, capacity 116297K, committed 118572K, reserved 1153024K
  class space    used 13430K, capacity 14619K, committed 15200K, reserved 1048576K
}
2021-01-18T22:25:13.772+0000: 12547.537: Total time for which application threads were stopped: 0.0072568 seconds, Stopping threads took: 0.0000964 seconds
{Heap before GC invocations=385 (full 6):
 par new generation   total 38080K, used 34769K [0x0000000085600000, 0x0000000087f50000, 0x000000009a2c0000)
  eden space 33856K, 100% used [0x0000000085600000, 0x0000000087710000, 0x0000000087710000)
  from space 4224K,  21% used [0x0000000087b30000, 0x0000000087c144b8, 0x0000000087f50000)
  to   space 4224K,   0% used [0x0000000087710000, 0x0000000087710000, 0x0000000087b30000)
 concurrent mark-sweep generation total 118092K, used 69704K [0x000000009a2c0000, 0x00000000a1613000, 0x0000000100000000)
 Metaspace       used 109768K, capacity 116297K, committed 118572K, reserved 1153024K
  class space    used 13430K, capacity 14619K, committed 15200K, reserved 1048576K
2021-01-18T22:27:00.277+0000: 12654.042: [GC (Allocation Failure) 2021-01-18T22:27:00.277+0000: 12654.042: [ParNew
Desired survivor size 2162688 bytes, new threshold 6 (max 6)
- age   1:      71048 bytes,      71048 total
- age   2:     522136 bytes,     593184 total
- age   3:     307992 bytes,     901176 total
- age   5:        200 bytes,     901376 total
- age   6:        112 bytes,     901488 total
: 34769K->1215K(38080K), 0.0022078 secs] 104473K->70919K(156172K), 0.0023207 secs] [Times: user=0.01 sys=0.01, real=0.00 secs] 
Heap after GC invocations=386 (full 6):
 par new generation   total 38080K, used 1215K [0x0000000085600000, 0x0000000087f50000, 0x000000009a2c0000)
  eden space 33856K,   0% used [0x0000000085600000, 0x0000000085600000, 0x0000000087710000)
  from space 4224K,  28% used [0x0000000087710000, 0x000000008783fc00, 0x0000000087b30000)
  to   space 4224K,   0% used [0x0000000087b30000, 0x0000000087b30000, 0x0000000087f50000)
 concurrent mark-sweep generation total 118092K, used 69704K [0x000000009a2c0000, 0x00000000a1613000, 0x0000000100000000)
 Metaspace       used 109768K, capacity 116297K, committed 118572K, reserved 1153024K
  class space    used 13430K, capacity 14619K, committed 15200K, reserved 1048576K
}
2021-01-18T22:27:00.279+0000: 12654.044: Total time for which application threads were stopped: 0.0027905 seconds, Stopping threads took: 0.0001710 seconds
{Heap before GC invocations=386 (full 6):
 par new generation   total 38080K, used 35071K [0x0000000085600000, 0x0000000087f50000, 0x000000009a2c0000)
  eden space 33856K, 100% used [0x0000000085600000, 0x0000000087710000, 0x0000000087710000)
  from space 4224K,  28% used [0x0000000087710000, 0x000000008783fc00, 0x0000000087b30000)
  to   space 4224K,   0% used [0x0000000087b30000, 0x0000000087b30000, 0x0000000087f50000)
 concurrent mark-sweep generation total 118092K, used 69704K [0x000000009a2c0000, 0x00000000a1613000, 0x0000000100000000)
 Metaspace       used 109768K, capacity 116297K, committed 118572K, reserved 1153024K
  class space    used 13430K, capacity 14619K, committed 15200K, reserved 1048576K
2021-01-18T22:28:47.104+0000: 12760.869: [GC (Allocation Failure) 2021-01-18T22:28:47.104+0000: 12760.869: [ParNew
Desired survivor size 2162688 bytes, new threshold 6 (max 6)
- age   1:       4288 bytes,       4288 total
- age   2:         24 bytes,       4312 total
- age   3:     522048 bytes,     526360 total
- age   4:     307992 bytes,     834352 total
- age   6:        200 bytes,     834552 total
: 35071K->977K(38080K), 0.0028631 secs] 104775K->70681K(156172K), 0.0029984 secs] [Times: user=0.01 sys=0.00, real=0.00 secs] 
Heap after GC invocations=387 (full 6):
 par new generation   total 38080K, used 977K [0x0000000085600000, 0x0000000087f50000, 0x000000009a2c0000)
  eden space 33856K,   0% used [0x0000000085600000, 0x0000000085600000, 0x0000000087710000)
  from space 4224K,  23% used [0x0000000087b30000, 0x0000000087c244e8, 0x0000000087f50000)
  to   space 4224K,   0% used [0x0000000087710000, 0x0000000087710000, 0x0000000087b30000)
 concurrent mark-sweep generation total 118092K, used 69704K [0x000000009a2c0000, 0x00000000a1613000, 0x0000000100000000)
 Metaspace       used 109768K, capacity 116297K, committed 118572K, reserved 1153024K
  class space    used 13430K, capacity 14619K, committed 15200K, reserved 1048576K
}
2021-01-18T22:28:47.107+0000: 12760.872: Total time for which application threads were stopped: 0.0034002 seconds, Stopping threads took: 0.0000835 seconds
2021-01-18T22:29:09.110+0000: 12782.876: Total time for which application threads were stopped: 0.0004174 seconds, Stopping threads took: 0.0000814 seconds
2021-01-18T22:30:18.120+0000: 12851.886: Total time for which application threads were stopped: 0.0003978 seconds, Stopping threads took: 0.0000734 seconds
2021-01-18T22:30:28.122+0000: 12861.887: Total time for which application threads were stopped: 0.0004224 seconds, Stopping threads took: 0.0000625 seconds
{Heap before GC invocations=387 (full 6):
 par new generation   total 38080K, used 34833K [0x0000000085600000, 0x0000000087f50000, 0x000000009a2c0000)
  eden space 33856K, 100% used [0x0000000085600000, 0x0000000087710000, 0x0000000087710000)
  from space 4224K,  23% used [0x0000000087b30000, 0x0000000087c244e8, 0x0000000087f50000)
  to   space 4224K,   0% used [0x0000000087710000, 0x0000000087710000, 0x0000000087b30000)
 concurrent mark-sweep generation total 118092K, used 69704K [0x000000009a2c0000, 0x00000000a1613000, 0x0000000100000000)
 Metaspace       used 109770K, capacity 116297K, committed 118572K, reserved 1153024K
  class space    used 13430K, capacity 14619K, committed 15200K, reserved 1048576K
2021-01-18T22:30:32.753+0000: 12866.518: [GC (Allocation Failure) 2021-01-18T22:30:32.753+0000: 12866.518: [ParNew
Desired survivor size 2162688 bytes, new threshold 6 (max 6)
- age   1:       5936 bytes,       5936 total
- age   2:        728 bytes,       6664 total
- age   4:     522080 bytes,     528744 total
- age   5:     307992 bytes,     836736 total
: 34833K->1210K(38080K), 0.0059609 secs] 104537K->70914K(156172K), 0.0062406 secs] [Times: user=0.02 sys=0.01, real=0.00 secs] 
Heap after GC invocations=388 (full 6):
 par new generation   total 38080K, used 1210K [0x0000000085600000, 0x0000000087f50000, 0x000000009a2c0000)
  eden space 33856K,   0% used [0x0000000085600000, 0x0000000085600000, 0x0000000087710000)
  from space 4224K,  28% used [0x0000000087710000, 0x000000008783e8e0, 0x0000000087b30000)
  to   space 4224K,   0% used [0x0000000087b30000, 0x0000000087b30000, 0x0000000087f50000)
 concurrent mark-sweep generation total 118092K, used 69704K [0x000000009a2c0000, 0x00000000a1613000, 0x0000000100000000)
 Metaspace       used 109770K, capacity 116297K, committed 118572K, reserved 1153024K
  class space    used 13430K, capacity 14619K, committed 15200K, reserved 1048576K
}
2021-01-18T22:30:32.760+0000: 12866.525: Total time for which application threads were stopped: 0.0072202 seconds, Stopping threads took: 0.0000780 seconds
{Heap before GC invocations=388 (full 6):
 par new generation   total 38080K, used 35066K [0x0000000085600000, 0x0000000087f50000, 0x000000009a2c0000)
  eden space 33856K, 100% used [0x0000000085600000, 0x0000000087710000, 0x0000000087710000)
  from space 4224K,  28% used [0x0000000087710000, 0x000000008783e8e0, 0x0000000087b30000)
  to   space 4224K,   0% used [0x0000000087b30000, 0x0000000087b30000, 0x0000000087f50000)
 concurrent mark-sweep generation total 118092K, used 69704K [0x000000009a2c0000, 0x00000000a1613000, 0x0000000100000000)
 Metaspace       used 109770K, capacity 116297K, committed 118572K, reserved 1153024K
  class space    used 13430K, capacity 14619K, committed 15200K, reserved 1048576K
2021-01-18T22:32:18.342+0000: 12972.107: [GC (Allocation Failure) 2021-01-18T22:32:18.342+0000: 12972.107: [ParNew
Desired survivor size 2162688 bytes, new threshold 6 (max 6)
- age   1:       3752 bytes,       3752 total
- age   2:       1592 bytes,       5344 total
- age   3:        696 bytes,       6040 total
- age   5:     522048 bytes,     528088 total
- age   6:     307992 bytes,     836080 total
: 35066K->1221K(38080K), 0.0056533 secs] 104770K->70926K(156172K), 0.0059060 secs] [Times: user=0.02 sys=0.00, real=0.00 secs] 
Heap after GC invocations=389 (full 6):
 par new generation   total 38080K, used 1221K [0x0000000085600000, 0x0000000087f50000, 0x000000009a2c0000)
  eden space 33856K,   0% used [0x0000000085600000, 0x0000000085600000, 0x0000000087710000)
  from space 4224K,  28% used [0x0000000087b30000, 0x0000000087c61670, 0x0000000087f50000)
  to   space 4224K,   0% used [0x0000000087710000, 0x0000000087710000, 0x0000000087b30000)
 concurrent mark-sweep generation total 118092K, used 69704K [0x000000009a2c0000, 0x00000000a1613000, 0x0000000100000000)
 Metaspace       used 109770K, capacity 116297K, committed 118572K, reserved 1153024K
  class space    used 13430K, capacity 14619K, committed 15200K, reserved 1048576K
}
2021-01-18T22:32:18.348+0000: 12972.113: Total time for which application threads were stopped: 0.0067703 seconds, Stopping threads took: 0.0000630 seconds
{Heap before GC invocations=389 (full 6):
 par new generation   total 38080K, used 35077K [0x0000000085600000, 0x0000000087f50000, 0x000000009a2c0000)
  eden space 33856K, 100% used [0x0000000085600000, 0x0000000087710000, 0x0000000087710000)
  from space 4224K,  28% used [0x0000000087b30000, 0x0000000087c61670, 0x0000000087f50000)
  to   space 4224K,   0% used [0x0000000087710000, 0x0000000087710000, 0x0000000087b30000)
 concurrent mark-sweep generation total 118092K, used 69704K [0x000000009a2c0000, 0x00000000a1613000, 0x0000000100000000)
 Metaspace       used 109770K, capacity 116297K, committed 118572K, reserved 1153024K
  class space    used 13430K, capacity 14619K, committed 15200K, reserved 1048576K
2021-01-18T22:34:04.574+0000: 13078.339: [GC (Allocation Failure) 2021-01-18T22:34:04.574+0000: 13078.339: [ParNew
Desired survivor size 2162688 bytes, new threshold 6 (max 6)
- age   1:      71480 bytes,      71480 total
- age   2:         64 bytes,      71544 total
- age   3:       1592 bytes,      73136 total
- age   4:        696 bytes,      73832 total
- age   6:     522048 bytes,     595880 total
: 35077K->1224K(38080K), 0.0023824 secs] 104782K->71233K(156172K), 0.0024828 secs] [Times: user=0.01 sys=0.00, real=0.00 secs] 
Heap after GC invocations=390 (full 6):
 par new generation   total 38080K, used 1224K [0x0000000085600000, 0x0000000087f50000, 0x000000009a2c0000)
  eden space 33856K,   0% used [0x0000000085600000, 0x0000000085600000, 0x0000000087710000)
  from space 4224K,  28% used [0x0000000087710000, 0x0000000087842000, 0x0000000087b30000)
  to   space 4224K,   0% used [0x0000000087b30000, 0x0000000087b30000, 0x0000000087f50000)
 concurrent mark-sweep generation total 118092K, used 70009K [0x000000009a2c0000, 0x00000000a1613000, 0x0000000100000000)
 Metaspace       used 109770K, capacity 116297K, committed 118572K, reserved 1153024K
  class space    used 13430K, capacity 14619K, committed 15200K, reserved 1048576K
}
2021-01-18T22:34:04.577+0000: 13078.342: Total time for which application threads were stopped: 0.0027681 seconds, Stopping threads took: 0.0000560 seconds
{Heap before GC invocations=390 (full 6):
 par new generation   total 38080K, used 35080K [0x0000000085600000, 0x0000000087f50000, 0x000000009a2c0000)
  eden space 33856K, 100% used [0x0000000085600000, 0x0000000087710000, 0x0000000087710000)
  from space 4224K,  28% used [0x0000000087710000, 0x0000000087842000, 0x0000000087b30000)
  to   space 4224K,   0% used [0x0000000087b30000, 0x0000000087b30000, 0x0000000087f50000)
 concurrent mark-sweep generation total 118092K, used 70009K [0x000000009a2c0000, 0x00000000a1613000, 0x0000000100000000)
 Metaspace       used 109770K, capacity 116297K, committed 118572K, reserved 1153024K
  class space    used 13430K, capacity 14619K, committed 15200K, reserved 1048576K
2021-01-18T22:35:50.739+0000: 13184.504: [GC (Allocation Failure) 2021-01-18T22:35:50.739+0000: 13184.504: [ParNew
Desired survivor size 2162688 bytes, new threshold 6 (max 6)
- age   1:       3400 bytes,       3400 total
- age   4:       1592 bytes,       4992 total
- age   5:        624 bytes,       5616 total
: 35080K->422K(38080K), 0.0057143 secs] 105089K->70948K(156172K), 0.0060471 secs] [Times: user=0.02 sys=0.00, real=0.01 secs] 
Heap after GC invocations=391 (full 6):
 par new generation   total 38080K, used 422K [0x0000000085600000, 0x0000000087f50000, 0x000000009a2c0000)
  eden space 33856K,   0% used [0x0000000085600000, 0x0000000085600000, 0x0000000087710000)
  from space 4224K,   9% used [0x0000000087b30000, 0x0000000087b998e0, 0x0000000087f50000)
  to   space 4224K,   0% used [0x0000000087710000, 0x0000000087710000, 0x0000000087b30000)
 concurrent mark-sweep generation total 118092K, used 70526K [0x000000009a2c0000, 0x00000000a1613000, 0x0000000100000000)
 Metaspace       used 109770K, capacity 116297K, committed 118572K, reserved 1153024K
  class space    used 13430K, capacity 14619K, committed 15200K, reserved 1048576K
}
2021-01-18T22:35:50.745+0000: 13184.510: Total time for which application threads were stopped: 0.0068468 seconds, Stopping threads took: 0.0002367 seconds
{Heap before GC invocations=391 (full 6):
 par new generation   total 38080K, used 34278K [0x0000000085600000, 0x0000000087f50000, 0x000000009a2c0000)
  eden space 33856K, 100% used [0x0000000085600000, 0x0000000087710000, 0x0000000087710000)
  from space 4224K,   9% used [0x0000000087b30000, 0x0000000087b998e0, 0x0000000087f50000)
  to   space 4224K,   0% used [0x0000000087710000, 0x0000000087710000, 0x0000000087b30000)
 concurrent mark-sweep generation total 118092K, used 70526K [0x000000009a2c0000, 0x00000000a1613000, 0x0000000100000000)
 Metaspace       used 109770K, capacity 116297K, committed 118572K, reserved 1153024K
  class space    used 13430K, capacity 14619K, committed 15200K, reserved 1048576K
2021-01-18T22:37:36.927+0000: 13290.692: [GC (Allocation Failure) 2021-01-18T22:37:36.927+0000: 13290.692: [ParNew
Desired survivor size 2162688 bytes, new threshold 6 (max 6)
- age   1:       3720 bytes,       3720 total
- age   2:        104 bytes,       3824 total
- age   5:       1592 bytes,       5416 total
- age   6:        624 bytes,       6040 total
: 34278K->106K(38080K), 0.0053551 secs] 104804K->70632K(156172K), 0.0056635 secs] [Times: user=0.01 sys=0.00, real=0.01 secs] 
Heap after GC invocations=392 (full 6):
 par new generation   total 38080K, used 106K [0x0000000085600000, 0x0000000087f50000, 0x000000009a2c0000)
  eden space 33856K,   0% used [0x0000000085600000, 0x0000000085600000, 0x0000000087710000)
  from space 4224K,   2% used [0x0000000087710000, 0x000000008772aa40, 0x0000000087b30000)
  to   space 4224K,   0% used [0x0000000087b30000, 0x0000000087b30000, 0x0000000087f50000)
 concurrent mark-sweep generation total 118092K, used 70526K [0x000000009a2c0000, 0x00000000a1613000, 0x0000000100000000)
 Metaspace       used 109770K, capacity 116297K, committed 118572K, reserved 1153024K
  class space    used 13430K, capacity 14619K, committed 15200K, reserved 1048576K
}
2021-01-18T22:37:36.933+0000: 13290.698: Total time for which application threads were stopped: 0.0063802 seconds, Stopping threads took: 0.0000774 seconds
{Heap before GC invocations=392 (full 6):
 par new generation   total 38080K, used 33962K [0x0000000085600000, 0x0000000087f50000, 0x000000009a2c0000)
  eden space 33856K, 100% used [0x0000000085600000, 0x0000000087710000, 0x0000000087710000)
  from space 4224K,   2% used [0x0000000087710000, 0x000000008772aa40, 0x0000000087b30000)
  to   space 4224K,   0% used [0x0000000087b30000, 0x0000000087b30000, 0x0000000087f50000)
 concurrent mark-sweep generation total 118092K, used 70526K [0x000000009a2c0000, 0x00000000a1613000, 0x0000000100000000)
 Metaspace       used 109770K, capacity 116297K, committed 118572K, reserved 1153024K
  class space    used 13430K, capacity 14619K, committed 15200K, reserved 1048576K
2021-01-18T22:39:23.102+0000: 13396.867: [GC (Allocation Failure) 2021-01-18T22:39:23.102+0000: 13396.867: [ParNew
Desired survivor size 2162688 bytes, new threshold 6 (max 6)
- age   1:       3752 bytes,       3752 total
- age   3:         72 bytes,       3824 total
- age   6:       1592 bytes,       5416 total
: 33962K->27K(38080K), 0.0023156 secs] 104488K->70554K(156172K), 0.0024118 secs] [Times: user=0.01 sys=0.00, real=0.00 secs] 
Heap after GC invocations=393 (full 6):
 par new generation   total 38080K, used 27K [0x0000000085600000, 0x0000000087f50000, 0x000000009a2c0000)
  eden space 33856K,   0% used [0x0000000085600000, 0x0000000085600000, 0x0000000087710000)
  from space 4224K,   0% used [0x0000000087b30000, 0x0000000087b36ee0, 0x0000000087f50000)
  to   space 4224K,   0% used [0x0000000087710000, 0x0000000087710000, 0x0000000087b30000)
 concurrent mark-sweep generation total 118092K, used 70526K [0x000000009a2c0000, 0x00000000a1613000, 0x0000000100000000)
 Metaspace       used 109770K, capacity 116297K, committed 118572K, reserved 1153024K
  class space    used 13430K, capacity 14619K, committed 15200K, reserved 1048576K
}
2021-01-18T22:39:23.104+0000: 13396.869: Total time for which application threads were stopped: 0.0026586 seconds, Stopping threads took: 0.0000313 seconds
{Heap before GC invocations=393 (full 6):
 par new generation   total 38080K, used 33883K [0x0000000085600000, 0x0000000087f50000, 0x000000009a2c0000)
  eden space 33856K, 100% used [0x0000000085600000, 0x0000000087710000, 0x0000000087710000)
  from space 4224K,   0% used [0x0000000087b30000, 0x0000000087b36ee0, 0x0000000087f50000)
  to   space 4224K,   0% used [0x0000000087710000, 0x0000000087710000, 0x0000000087b30000)
 concurrent mark-sweep generation total 118092K, used 70526K [0x000000009a2c0000, 0x00000000a1613000, 0x0000000100000000)
 Metaspace       used 109770K, capacity 116297K, committed 118572K, reserved 1153024K
  class space    used 13430K, capacity 14619K, committed 15200K, reserved 1048576K
2021-01-18T22:41:09.415+0000: 13503.180: [GC (Allocation Failure) 2021-01-18T22:41:09.415+0000: 13503.180: [ParNew
Desired survivor size 2162688 bytes, new threshold 6 (max 6)
- age   1:      38480 bytes,      38480 total
- age   4:         72 bytes,      38552 total
: 33883K->40K(38080K), 0.0056337 secs] 104410K->70569K(156172K), 0.0060501 secs] [Times: user=0.02 sys=0.00, real=0.01 secs] 
Heap after GC invocations=394 (full 6):
 par new generation   total 38080K, used 40K [0x0000000085600000, 0x0000000087f50000, 0x000000009a2c0000)
  eden space 33856K,   0% used [0x0000000085600000, 0x0000000085600000, 0x0000000087710000)
  from space 4224K,   0% used [0x0000000087710000, 0x000000008771a318, 0x0000000087b30000)
  to   space 4224K,   0% used [0x0000000087b30000, 0x0000000087b30000, 0x0000000087f50000)
 concurrent mark-sweep generation total 118092K, used 70528K [0x000000009a2c0000, 0x00000000a1613000, 0x0000000100000000)
 Metaspace       used 109770K, capacity 116297K, committed 118572K, reserved 1153024K
  class space    used 13430K, capacity 14619K, committed 15200K, reserved 1048576K
}
2021-01-18T22:41:09.422+0000: 13503.187: Total time for which application threads were stopped: 0.0070200 seconds, Stopping threads took: 0.0002059 seconds
2021-01-18T22:42:08.431+0000: 13562.196: Total time for which application threads were stopped: 0.0004573 seconds, Stopping threads took: 0.0000684 seconds
{Heap before GC invocations=394 (full 6):
 par new generation   total 38080K, used 33896K [0x0000000085600000, 0x0000000087f50000, 0x000000009a2c0000)
  eden space 33856K, 100% used [0x0000000085600000, 0x0000000087710000, 0x0000000087710000)
  from space 4224K,   0% used [0x0000000087710000, 0x000000008771a318, 0x0000000087b30000)
  to   space 4224K,   0% used [0x0000000087b30000, 0x0000000087b30000, 0x0000000087f50000)
 concurrent mark-sweep generation total 118092K, used 70528K [0x000000009a2c0000, 0x00000000a1613000, 0x0000000100000000)
 Metaspace       used 109770K, capacity 116297K, committed 118572K, reserved 1153024K
  class space    used 13430K, capacity 14619K, committed 15200K, reserved 1048576K
2021-01-18T22:42:55.825+0000: 13609.590: [GC (Allocation Failure) 2021-01-18T22:42:55.825+0000: 13609.590: [ParNew
Desired survivor size 2162688 bytes, new threshold 6 (max 6)
- age   1:       3688 bytes,       3688 total
- age   2:        760 bytes,       4448 total
- age   5:         72 bytes,       4520 total
: 33896K->8K(38080K), 0.0050265 secs] 104425K->70536K(156172K), 0.0052720 secs] [Times: user=0.02 sys=0.01, real=0.00 secs] 
Heap after GC invocations=395 (full 6):
 par new generation   total 38080K, used 8K [0x0000000085600000, 0x0000000087f50000, 0x000000009a2c0000)
  eden space 33856K,   0% used [0x0000000085600000, 0x0000000085600000, 0x0000000087710000)
  from space 4224K,   0% used [0x0000000087b30000, 0x0000000087b32040, 0x0000000087f50000)
  to   space 4224K,   0% used [0x0000000087710000, 0x0000000087710000, 0x0000000087b30000)
 concurrent mark-sweep generation total 118092K, used 70528K [0x000000009a2c0000, 0x00000000a1613000, 0x0000000100000000)
 Metaspace       used 109770K, capacity 116297K, committed 118572K, reserved 1153024K
  class space    used 13430K, capacity 14619K, committed 15200K, reserved 1048576K
}
2021-01-18T22:42:55.830+0000: 13609.595: Total time for which application threads were stopped: 0.0059899 seconds, Stopping threads took: 0.0001058 seconds
{Heap before GC invocations=395 (full 6):
 par new generation   total 38080K, used 33864K [0x0000000085600000, 0x0000000087f50000, 0x000000009a2c0000)
  eden space 33856K, 100% used [0x0000000085600000, 0x0000000087710000, 0x0000000087710000)
  from space 4224K,   0% used [0x0000000087b30000, 0x0000000087b32040, 0x0000000087f50000)
  to   space 4224K,   0% used [0x0000000087710000, 0x0000000087710000, 0x0000000087b30000)
 concurrent mark-sweep generation total 118092K, used 70528K [0x000000009a2c0000, 0x00000000a1613000, 0x0000000100000000)
 Metaspace       used 109771K, capacity 116297K, committed 118572K, reserved 1153024K
  class space    used 13430K, capacity 14619K, committed 15200K, reserved 1048576K
2021-01-18T22:44:42.172+0000: 13715.937: [GC (Allocation Failure) 2021-01-18T22:44:42.173+0000: 13715.938: [ParNew
Desired survivor size 2162688 bytes, new threshold 6 (max 6)
- age   1:       3744 bytes,       3744 total
- age   3:        648 bytes,       4392 total
- age   6:         72 bytes,       4464 total
: 33864K->8K(38080K), 0.0050078 secs] 104392K->70536K(156172K), 0.0052974 secs] [Times: user=0.02 sys=0.00, real=0.00 secs] 
Heap after GC invocations=396 (full 6):
 par new generation   total 38080K, used 8K [0x0000000085600000, 0x0000000087f50000, 0x000000009a2c0000)
  eden space 33856K,   0% used [0x0000000085600000, 0x0000000085600000, 0x0000000087710000)
  from space 4224K,   0% used [0x0000000087710000, 0x0000000087712040, 0x0000000087b30000)
  to   space 4224K,   0% used [0x0000000087b30000, 0x0000000087b30000, 0x0000000087f50000)
 concurrent mark-sweep generation total 118092K, used 70528K [0x000000009a2c0000, 0x00000000a1613000, 0x0000000100000000)
 Metaspace       used 109771K, capacity 116297K, committed 118572K, reserved 1153024K
  class space    used 13430K, capacity 14619K, committed 15200K, reserved 1048576K
}
2021-01-18T22:44:42.178+0000: 13715.943: Total time for which application threads were stopped: 0.0060814 seconds, Stopping threads took: 0.0000783 seconds
{Heap before GC invocations=396 (full 6):
 par new generation   total 38080K, used 33864K [0x0000000085600000, 0x0000000087f50000, 0x000000009a2c0000)
  eden space 33856K, 100% used [0x0000000085600000, 0x0000000087710000, 0x0000000087710000)
  from space 4224K,   0% used [0x0000000087710000, 0x0000000087712040, 0x0000000087b30000)
  to   space 4224K,   0% used [0x0000000087b30000, 0x0000000087b30000, 0x0000000087f50000)
 concurrent mark-sweep generation total 118092K, used 70528K [0x000000009a2c0000, 0x00000000a1613000, 0x0000000100000000)
 Metaspace       used 109779K, capacity 116297K, committed 118572K, reserved 1153024K
  class space    used 13430K, capacity 14619K, committed 15200K, reserved 1048576K
2021-01-18T22:46:28.195+0000: 13821.960: [GC (Allocation Failure) 2021-01-18T22:46:28.195+0000: 13821.960: [ParNew
Desired survivor size 2162688 bytes, new threshold 6 (max 6)
- age   1:       4152 bytes,       4152 total
- age   2:         32 bytes,       4184 total
- age   4:        648 bytes,       4832 total
: 33864K->8K(38080K), 0.0082553 secs] 104392K->70536K(156172K), 0.0085936 secs] [Times: user=0.02 sys=0.00, real=0.01 secs] 
Heap after GC invocations=397 (full 6):
 par new generation   total 38080K, used 8K [0x0000000085600000, 0x0000000087f50000, 0x000000009a2c0000)
  eden space 33856K,   0% used [0x0000000085600000, 0x0000000085600000, 0x0000000087710000)
  from space 4224K,   0% used [0x0000000087b30000, 0x0000000087b32040, 0x0000000087f50000)
  to   space 4224K,   0% used [0x0000000087710000, 0x0000000087710000, 0x0000000087b30000)
 concurrent mark-sweep generation total 118092K, used 70528K [0x000000009a2c0000, 0x00000000a1613000, 0x0000000100000000)
 Metaspace       used 109779K, capacity 116297K, committed 118572K, reserved 1153024K
  class space    used 13430K, capacity 14619K, committed 15200K, reserved 1048576K
}
2021-01-18T22:46:28.204+0000: 13821.969: Total time for which application threads were stopped: 0.0094463 seconds, Stopping threads took: 0.0000772 seconds
2021-01-18T22:47:02.209+0000: 13855.974: Total time for which application threads were stopped: 0.0005939 seconds, Stopping threads took: 0.0001008 seconds
2021-01-18T22:47:08.210+0000: 13861.975: Total time for which application threads were stopped: 0.0006051 seconds, Stopping threads took: 0.0001127 seconds
{Heap before GC invocations=397 (full 6):
 par new generation   total 38080K, used 33864K [0x0000000085600000, 0x0000000087f50000, 0x000000009a2c0000)
  eden space 33856K, 100% used [0x0000000085600000, 0x0000000087710000, 0x0000000087710000)
  from space 4224K,   0% used [0x0000000087b30000, 0x0000000087b32040, 0x0000000087f50000)
  to   space 4224K,   0% used [0x0000000087710000, 0x0000000087710000, 0x0000000087b30000)
 concurrent mark-sweep generation total 118092K, used 70528K [0x000000009a2c0000, 0x00000000a1613000, 0x0000000100000000)
 Metaspace       used 109779K, capacity 116297K, committed 118572K, reserved 1153024K
  class space    used 13430K, capacity 14619K, committed 15200K, reserved 1048576K
2021-01-18T22:48:14.244+0000: 13928.009: [GC (Allocation Failure) 2021-01-18T22:48:14.244+0000: 13928.009: [ParNew
Desired survivor size 2162688 bytes, new threshold 6 (max 6)
- age   1:      37672 bytes,      37672 total
- age   2:        648 bytes,      38320 total
- age   5:        648 bytes,      38968 total
: 33864K->40K(38080K), 0.0081409 secs] 104392K->70569K(156172K), 0.0084448 secs] [Times: user=0.01 sys=0.00, real=0.01 secs] 
Heap after GC invocations=398 (full 6):
 par new generation   total 38080K, used 40K [0x0000000085600000, 0x0000000087f50000, 0x000000009a2c0000)
  eden space 33856K,   0% used [0x0000000085600000, 0x0000000085600000, 0x0000000087710000)
  from space 4224K,   0% used [0x0000000087710000, 0x000000008771a318, 0x0000000087b30000)
  to   space 4224K,   0% used [0x0000000087b30000, 0x0000000087b30000, 0x0000000087f50000)
 concurrent mark-sweep generation total 118092K, used 70528K [0x000000009a2c0000, 0x00000000a1613000, 0x0000000100000000)
 Metaspace       used 109779K, capacity 116297K, committed 118572K, reserved 1153024K
  class space    used 13430K, capacity 14619K, committed 15200K, reserved 1048576K
}
2021-01-18T22:48:14.253+0000: 13928.018: Total time for which application threads were stopped: 0.0094831 seconds, Stopping threads took: 0.0001988 seconds
{Heap before GC invocations=398 (full 6):
 par new generation   total 38080K, used 33896K [0x0000000085600000, 0x0000000087f50000, 0x000000009a2c0000)
  eden space 33856K, 100% used [0x0000000085600000, 0x0000000087710000, 0x0000000087710000)
  from space 4224K,   0% used [0x0000000087710000, 0x000000008771a318, 0x0000000087b30000)
  to   space 4224K,   0% used [0x0000000087b30000, 0x0000000087b30000, 0x0000000087f50000)
 concurrent mark-sweep generation total 118092K, used 70528K [0x000000009a2c0000, 0x00000000a1613000, 0x0000000100000000)
 Metaspace       used 109779K, capacity 116297K, committed 118572K, reserved 1153024K
  class space    used 13430K, capacity 14619K, committed 15200K, reserved 1048576K
2021-01-18T22:50:00.238+0000: 14034.003: [GC (Allocation Failure) 2021-01-18T22:50:00.239+0000: 14034.004: [ParNew
Desired survivor size 2162688 bytes, new threshold 6 (max 6)
- age   1:      71608 bytes,      71608 total
- age   2:         64 bytes,      71672 total
- age   3:        648 bytes,      72320 total
- age   6:        648 bytes,      72968 total
: 33896K->75K(38080K), 0.0053946 secs] 104425K->70603K(156172K), 0.0056415 secs] [Times: user=0.02 sys=0.00, real=0.01 secs] 
Heap after GC invocations=399 (full 6):
 par new generation   total 38080K, used 75K [0x0000000085600000, 0x0000000087f50000, 0x000000009a2c0000)
  eden space 33856K,   0% used [0x0000000085600000, 0x0000000085600000, 0x0000000087710000)
  from space 4224K,   1% used [0x0000000087b30000, 0x0000000087b42e00, 0x0000000087f50000)
  to   space 4224K,   0% used [0x0000000087710000, 0x0000000087710000, 0x0000000087b30000)
 concurrent mark-sweep generation total 118092K, used 70528K [0x000000009a2c0000, 0x00000000a1613000, 0x0000000100000000)
 Metaspace       used 109779K, capacity 116297K, committed 118572K, reserved 1153024K
  class space    used 13430K, capacity 14619K, committed 15200K, reserved 1048576K
}
2021-01-18T22:50:00.244+0000: 14034.009: Total time for which application threads were stopped: 0.0065230 seconds, Stopping threads took: 0.0002050 seconds
{Heap before GC invocations=399 (full 6):
 par new generation   total 38080K, used 33931K [0x0000000085600000, 0x0000000087f50000, 0x000000009a2c0000)
  eden space 33856K, 100% used [0x0000000085600000, 0x0000000087710000, 0x0000000087710000)
  from space 4224K,   1% used [0x0000000087b30000, 0x0000000087b42e00, 0x0000000087f50000)
  to   space 4224K,   0% used [0x0000000087710000, 0x0000000087710000, 0x0000000087b30000)
 concurrent mark-sweep generation total 118092K, used 70528K [0x000000009a2c0000, 0x00000000a1613000, 0x0000000100000000)
 Metaspace       used 109779K, capacity 116297K, committed 118572K, reserved 1153024K
  class space    used 13430K, capacity 14619K, committed 15200K, reserved 1048576K
2021-01-18T22:51:46.963+0000: 14140.728: [GC (Allocation Failure) 2021-01-18T22:51:46.963+0000: 14140.728: [ParNew
Desired survivor size 2162688 bytes, new threshold 6 (max 6)
- age   1:       3752 bytes,       3752 total
- age   2:        288 bytes,       4040 total
- age   4:        648 bytes,       4688 total
: 33931K->8K(38080K), 0.0044613 secs] 104459K->70537K(156172K), 0.0046190 secs] [Times: user=0.01 sys=0.00, real=0.00 secs] 
Heap after GC invocations=400 (full 6):
 par new generation   total 38080K, used 8K [0x0000000085600000, 0x0000000087f50000, 0x000000009a2c0000)
  eden space 33856K,   0% used [0x0000000085600000, 0x0000000085600000, 0x0000000087710000)
  from space 4224K,   0% used [0x0000000087710000, 0x0000000087712040, 0x0000000087b30000)
  to   space 4224K,   0% used [0x0000000087b30000, 0x0000000087b30000, 0x0000000087f50000)
 concurrent mark-sweep generation total 118092K, used 70528K [0x000000009a2c0000, 0x00000000a1613000, 0x0000000100000000)
 Metaspace       used 109779K, capacity 116297K, committed 118572K, reserved 1153024K
  class space    used 13430K, capacity 14619K, committed 15200K, reserved 1048576K
}
2021-01-18T22:51:46.968+0000: 14140.733: Total time for which application threads were stopped: 0.0050790 seconds, Stopping threads took: 0.0000688 seconds
{Heap before GC invocations=400 (full 6):
 par new generation   total 38080K, used 33864K [0x0000000085600000, 0x0000000087f50000, 0x000000009a2c0000)
  eden space 33856K, 100% used [0x0000000085600000, 0x0000000087710000, 0x0000000087710000)
  from space 4224K,   0% used [0x0000000087710000, 0x0000000087712040, 0x0000000087b30000)
  to   space 4224K,   0% used [0x0000000087b30000, 0x0000000087b30000, 0x0000000087f50000)
 concurrent mark-sweep generation total 118092K, used 70528K [0x000000009a2c0000, 0x00000000a1613000, 0x0000000100000000)
 Metaspace       used 109782K, capacity 116297K, committed 118572K, reserved 1153024K
  class space    used 13430K, capacity 14619K, committed 15200K, reserved 1048576K
2021-01-18T22:53:31.190+0000: 14244.955: [GC (Allocation Failure) 2021-01-18T22:53:31.190+0000: 14244.956: [ParNew
Desired survivor size 2162688 bytes, new threshold 6 (max 6)
- age   1:     416288 bytes,     416288 total
- age   2:         32 bytes,     416320 total
- age   3:        288 bytes,     416608 total
- age   5:        648 bytes,     417256 total
: 33864K->413K(38080K), 0.0047528 secs] 104393K->70942K(156172K), 0.0049719 secs] [Times: user=0.01 sys=0.00, real=0.01 secs] 
Heap after GC invocations=401 (full 6):
 par new generation   total 38080K, used 413K [0x0000000085600000, 0x0000000087f50000, 0x000000009a2c0000)
  eden space 33856K,   0% used [0x0000000085600000, 0x0000000085600000, 0x0000000087710000)
  from space 4224K,   9% used [0x0000000087b30000, 0x0000000087b976f0, 0x0000000087f50000)
  to   space 4224K,   0% used [0x0000000087710000, 0x0000000087710000, 0x0000000087b30000)
 concurrent mark-sweep generation total 118092K, used 70528K [0x000000009a2c0000, 0x00000000a1613000, 0x0000000100000000)
 Metaspace       used 109782K, capacity 116297K, committed 118572K, reserved 1153024K
  class space    used 13430K, capacity 14619K, committed 15200K, reserved 1048576K
}
2021-01-18T22:53:31.196+0000: 14244.961: Total time for which application threads were stopped: 0.0056201 seconds, Stopping threads took: 0.0000876 seconds
2021-01-18T22:53:35.196+0000: 14248.962: Total time for which application threads were stopped: 0.0003832 seconds, Stopping threads took: 0.0000676 seconds
2021-01-18T22:54:08.203+0000: 14281.968: Total time for which application threads were stopped: 0.0004304 seconds, Stopping threads took: 0.0000805 seconds
{Heap before GC invocations=401 (full 6):
 par new generation   total 38080K, used 34269K [0x0000000085600000, 0x0000000087f50000, 0x000000009a2c0000)
  eden space 33856K, 100% used [0x0000000085600000, 0x0000000087710000, 0x0000000087710000)
  from space 4224K,   9% used [0x0000000087b30000, 0x0000000087b976f0, 0x0000000087f50000)
  to   space 4224K,   0% used [0x0000000087710000, 0x0000000087710000, 0x0000000087b30000)
 concurrent mark-sweep generation total 118092K, used 70528K [0x000000009a2c0000, 0x00000000a1613000, 0x0000000100000000)
 Metaspace       used 109787K, capacity 116297K, committed 118572K, reserved 1153024K
  class space    used 13430K, capacity 14619K, committed 15200K, reserved 1048576K
2021-01-18T22:55:14.584+0000: 14348.349: [GC (Allocation Failure) 2021-01-18T22:55:14.584+0000: 14348.349: [ParNew
Desired survivor size 2162688 bytes, new threshold 6 (max 6)
- age   1:     456096 bytes,     456096 total
- age   2:     411952 bytes,     868048 total
- age   4:        288 bytes,     868336 total
- age   6:        648 bytes,     868984 total
: 34269K->909K(38080K), 0.0053642 secs] 104798K->71438K(156172K), 0.0055648 secs] [Times: user=0.01 sys=0.00, real=0.00 secs] 
Heap after GC invocations=402 (full 6):
 par new generation   total 38080K, used 909K [0x0000000085600000, 0x0000000087f50000, 0x000000009a2c0000)
  eden space 33856K,   0% used [0x0000000085600000, 0x0000000085600000, 0x0000000087710000)
  from space 4224K,  21% used [0x0000000087710000, 0x00000000877f36a0, 0x0000000087b30000)
  to   space 4224K,   0% used [0x0000000087b30000, 0x0000000087b30000, 0x0000000087f50000)
 concurrent mark-sweep generation total 118092K, used 70528K [0x000000009a2c0000, 0x00000000a1613000, 0x0000000100000000)
 Metaspace       used 109787K, capacity 116297K, committed 118572K, reserved 1153024K
  class space    used 13430K, capacity 14619K, committed 15200K, reserved 1048576K
}
2021-01-18T22:55:14.589+0000: 14348.354: Total time for which application threads were stopped: 0.0061842 seconds, Stopping threads took: 0.0002106 seconds
{Heap before GC invocations=402 (full 6):
 par new generation   total 38080K, used 34765K [0x0000000085600000, 0x0000000087f50000, 0x000000009a2c0000)
  eden space 33856K, 100% used [0x0000000085600000, 0x0000000087710000, 0x0000000087710000)
  from space 4224K,  21% used [0x0000000087710000, 0x00000000877f36a0, 0x0000000087b30000)
  to   space 4224K,   0% used [0x0000000087b30000, 0x0000000087b30000, 0x0000000087f50000)
 concurrent mark-sweep generation total 118092K, used 70528K [0x000000009a2c0000, 0x00000000a1613000, 0x0000000100000000)
 Metaspace       used 109788K, capacity 116297K, committed 118572K, reserved 1153024K
  class space    used 13430K, capacity 14619K, committed 15200K, reserved 1048576K
2021-01-19T07:23:06.959+0000: 14457.657: [GC (Allocation Failure) 2021-01-19T07:23:06.959+0000: 14457.657: [ParNew
Desired survivor size 2162688 bytes, new threshold 6 (max 6)
- age   1:      71168 bytes,      71168 total
- age   2:     417472 bytes,     488640 total
- age   3:     411952 bytes,     900592 total
- age   5:        288 bytes,     900880 total
: 34765K->982K(38080K), 0.0050888 secs] 105294K->71511K(156172K), 0.0053478 secs] [Times: user=0.02 sys=0.00, real=0.00 secs] 
Heap after GC invocations=403 (full 6):
 par new generation   total 38080K, used 982K [0x0000000085600000, 0x0000000087f50000, 0x000000009a2c0000)
  eden space 33856K,   0% used [0x0000000085600000, 0x0000000085600000, 0x0000000087710000)
  from space 4224K,  23% used [0x0000000087b30000, 0x0000000087c258f8, 0x0000000087f50000)
  to   space 4224K,   0% used [0x0000000087710000, 0x0000000087710000, 0x0000000087b30000)
 concurrent mark-sweep generation total 118092K, used 70529K [0x000000009a2c0000, 0x00000000a1613000, 0x0000000100000000)
 Metaspace       used 109788K, capacity 116297K, committed 118572K, reserved 1153024K
  class space    used 13430K, capacity 14619K, committed 15200K, reserved 1048576K
}
2021-01-19T07:23:06.965+0000: 14457.662: Total time for which application threads were stopped: 0.0059421 seconds, Stopping threads took: 0.0000692 seconds
2021-01-19T07:23:11.966+0000: 14462.663: Total time for which application threads were stopped: 0.0005198 seconds, Stopping threads took: 0.0000928 seconds
2021-01-19T07:24:03.976+0000: 14514.673: Total time for which application threads were stopped: 0.0006348 seconds, Stopping threads took: 0.0000969 seconds
2021-01-19T07:24:06.977+0000: 14517.674: Total time for which application threads were stopped: 0.0005751 seconds, Stopping threads took: 0.0001000 seconds
2021-01-19T07:24:07.978+0000: 14518.675: Total time for which application threads were stopped: 0.0005029 seconds, Stopping threads took: 0.0000950 seconds
{Heap before GC invocations=403 (full 6):
 par new generation   total 38080K, used 34838K [0x0000000085600000, 0x0000000087f50000, 0x000000009a2c0000)
  eden space 33856K, 100% used [0x0000000085600000, 0x0000000087710000, 0x0000000087710000)
  from space 4224K,  23% used [0x0000000087b30000, 0x0000000087c258f8, 0x0000000087f50000)
  to   space 4224K,   0% used [0x0000000087710000, 0x0000000087710000, 0x0000000087b30000)
 concurrent mark-sweep generation total 118092K, used 70529K [0x000000009a2c0000, 0x00000000a1613000, 0x0000000100000000)
 Metaspace       used 109814K, capacity 116361K, committed 118572K, reserved 1153024K
  class space    used 13432K, capacity 14619K, committed 15200K, reserved 1048576K
2021-01-19T07:24:43.716+0000: 14554.413: [GC (Allocation Failure) 2021-01-19T07:24:43.716+0000: 14554.413: [ParNew
Desired survivor size 2162688 bytes, new threshold 6 (max 6)
- age   1:      22880 bytes,      22880 total
- age   3:     417528 bytes,     440408 total
- age   4:     411952 bytes,     852360 total
- age   6:        288 bytes,     852648 total
: 34838K->1000K(38080K), 0.0057671 secs] 105367K->71530K(156172K), 0.0060158 secs] [Times: user=0.02 sys=0.00, real=0.01 secs] 
Heap after GC invocations=404 (full 6):
 par new generation   total 38080K, used 1000K [0x0000000085600000, 0x0000000087f50000, 0x000000009a2c0000)
  eden space 33856K,   0% used [0x0000000085600000, 0x0000000085600000, 0x0000000087710000)
  from space 4224K,  23% used [0x0000000087710000, 0x000000008780a360, 0x0000000087b30000)
  to   space 4224K,   0% used [0x0000000087b30000, 0x0000000087b30000, 0x0000000087f50000)
 concurrent mark-sweep generation total 118092K, used 70529K [0x000000009a2c0000, 0x00000000a1613000, 0x0000000100000000)
 Metaspace       used 109814K, capacity 116361K, committed 118572K, reserved 1153024K
  class space    used 13432K, capacity 14619K, committed 15200K, reserved 1048576K
}
2021-01-19T07:24:43.722+0000: 14554.420: Total time for which application threads were stopped: 0.0067508 seconds, Stopping threads took: 0.0001461 seconds
{Heap before GC invocations=404 (full 6):
 par new generation   total 38080K, used 34856K [0x0000000085600000, 0x0000000087f50000, 0x000000009a2c0000)
  eden space 33856K, 100% used [0x0000000085600000, 0x0000000087710000, 0x0000000087710000)
  from space 4224K,  23% used [0x0000000087710000, 0x000000008780a360, 0x0000000087b30000)
  to   space 4224K,   0% used [0x0000000087b30000, 0x0000000087b30000, 0x0000000087f50000)
 concurrent mark-sweep generation total 118092K, used 70529K [0x000000009a2c0000, 0x00000000a1613000, 0x0000000100000000)
 Metaspace       used 109814K, capacity 116361K, committed 118572K, reserved 1153024K
  class space    used 13432K, capacity 14619K, committed 15200K, reserved 1048576K
2021-01-19T07:26:29.751+0000: 14660.449: [GC (Allocation Failure) 2021-01-19T07:26:29.751+0000: 14660.449: [ParNew
Desired survivor size 2162688 bytes, new threshold 6 (max 6)
- age   1:       3672 bytes,       3672 total
- age   2:      18320 bytes,      21992 total
- age   4:     417408 bytes,     439400 total
- age   5:     411952 bytes,     851352 total
: 34856K->1029K(38080K), 0.0054337 secs] 105386K->71559K(156172K), 0.0056859 secs] [Times: user=0.02 sys=0.00, real=0.00 secs] 
Heap after GC invocations=405 (full 6):
 par new generation   total 38080K, used 1029K [0x0000000085600000, 0x0000000087f50000, 0x000000009a2c0000)
  eden space 33856K,   0% used [0x0000000085600000, 0x0000000085600000, 0x0000000087710000)
  from space 4224K,  24% used [0x0000000087b30000, 0x0000000087c317d8, 0x0000000087f50000)
  to   space 4224K,   0% used [0x0000000087710000, 0x0000000087710000, 0x0000000087b30000)
 concurrent mark-sweep generation total 118092K, used 70529K [0x000000009a2c0000, 0x00000000a1613000, 0x0000000100000000)
 Metaspace       used 109814K, capacity 116361K, committed 118572K, reserved 1153024K
  class space    used 13432K, capacity 14619K, committed 15200K, reserved 1048576K
}
2021-01-19T07:26:29.757+0000: 14660.455: Total time for which application threads were stopped: 0.0062766 seconds, Stopping threads took: 0.0000651 seconds
{Heap before GC invocations=405 (full 6):
 par new generation   total 38080K, used 34885K [0x0000000085600000, 0x0000000087f50000, 0x000000009a2c0000)
  eden space 33856K, 100% used [0x0000000085600000, 0x0000000087710000, 0x0000000087710000)
  from space 4224K,  24% used [0x0000000087b30000, 0x0000000087c317d8, 0x0000000087f50000)
  to   space 4224K,   0% used [0x0000000087710000, 0x0000000087710000, 0x0000000087b30000)
 concurrent mark-sweep generation total 118092K, used 70529K [0x000000009a2c0000, 0x00000000a1613000, 0x0000000100000000)
 Metaspace       used 109814K, capacity 116361K, committed 118572K, reserved 1153024K
  class space    used 13432K, capacity 14619K, committed 15200K, reserved 1048576K
2021-01-19T07:28:15.970+0000: 14766.668: [GC (Allocation Failure) 2021-01-19T07:28:15.971+0000: 14766.668: [ParNew
Desired survivor size 2162688 bytes, new threshold 6 (max 6)
- age   1:      37680 bytes,      37680 total
- age   2:        152 bytes,      37832 total
- age   3:      18288 bytes,      56120 total
- age   5:     417408 bytes,     473528 total
- age   6:     411952 bytes,     885480 total
: 34885K->1036K(38080K), 0.0084202 secs] 105415K->71566K(156172K), 0.0087015 secs] [Times: user=0.02 sys=0.00, real=0.01 secs] 
Heap after GC invocations=406 (full 6):
 par new generation   total 38080K, used 1036K [0x0000000085600000, 0x0000000087f50000, 0x000000009a2c0000)
  eden space 33856K,   0% used [0x0000000085600000, 0x0000000085600000, 0x0000000087710000)
  from space 4224K,  24% used [0x0000000087710000, 0x00000000878133d0, 0x0000000087b30000)
  to   space 4224K,   0% used [0x0000000087b30000, 0x0000000087b30000, 0x0000000087f50000)
 concurrent mark-sweep generation total 118092K, used 70529K [0x000000009a2c0000, 0x00000000a1613000, 0x0000000100000000)
 Metaspace       used 109814K, capacity 116361K, committed 118572K, reserved 1153024K
  class space    used 13432K, capacity 14619K, committed 15200K, reserved 1048576K
}
2021-01-19T07:28:15.979+0000: 14766.677: Total time for which application threads were stopped: 0.0094630 seconds, Stopping threads took: 0.0000792 seconds
{Heap before GC invocations=406 (full 6):
 par new generation   total 38080K, used 34892K [0x0000000085600000, 0x0000000087f50000, 0x000000009a2c0000)
  eden space 33856K, 100% used [0x0000000085600000, 0x0000000087710000, 0x0000000087710000)
  from space 4224K,  24% used [0x0000000087710000, 0x00000000878133d0, 0x0000000087b30000)
  to   space 4224K,   0% used [0x0000000087b30000, 0x0000000087b30000, 0x0000000087f50000)
 concurrent mark-sweep generation total 118092K, used 70529K [0x000000009a2c0000, 0x00000000a1613000, 0x0000000100000000)
 Metaspace       used 109814K, capacity 116361K, committed 118572K, reserved 1153024K
  class space    used 13432K, capacity 14619K, committed 15200K, reserved 1048576K
2021-01-19T07:30:02.475+0000: 14873.173: [GC (Allocation Failure) 2021-01-19T07:30:02.475+0000: 14873.173: [ParNew
Desired survivor size 2162688 bytes, new threshold 6 (max 6)
- age   1:      70872 bytes,      70872 total
- age   2:         88 bytes,      70960 total
- age   3:        152 bytes,      71112 total
- age   4:      18288 bytes,      89400 total
- age   6:     417408 bytes,     506808 total
: 34892K->855K(38080K), 0.0063684 secs] 105422K->71793K(156172K), 0.0067008 secs] [Times: user=0.02 sys=0.00, real=0.01 secs] 
Heap after GC invocations=407 (full 6):
 par new generation   total 38080K, used 855K [0x0000000085600000, 0x0000000087f50000, 0x000000009a2c0000)
  eden space 33856K,   0% used [0x0000000085600000, 0x0000000085600000, 0x0000000087710000)
  from space 4224K,  20% used [0x0000000087b30000, 0x0000000087c05fe0, 0x0000000087f50000)
  to   space 4224K,   0% used [0x0000000087710000, 0x0000000087710000, 0x0000000087b30000)
 concurrent mark-sweep generation total 118092K, used 70937K [0x000000009a2c0000, 0x00000000a1613000, 0x0000000100000000)
 Metaspace       used 109814K, capacity 116361K, committed 118572K, reserved 1153024K
  class space    used 13432K, capacity 14619K, committed 15200K, reserved 1048576K
}
2021-01-19T07:30:02.482+0000: 14873.180: Total time for which application threads were stopped: 0.0081764 seconds, Stopping threads took: 0.0008468 seconds
2021-01-19T07:30:11.484+0000: 14882.181: Total time for which application threads were stopped: 0.0003704 seconds, Stopping threads took: 0.0000698 seconds
{Heap before GC invocations=407 (full 6):
 par new generation   total 38080K, used 34711K [0x0000000085600000, 0x0000000087f50000, 0x000000009a2c0000)
  eden space 33856K, 100% used [0x0000000085600000, 0x0000000087710000, 0x0000000087710000)
  from space 4224K,  20% used [0x0000000087b30000, 0x0000000087c05fe0, 0x0000000087f50000)
  to   space 4224K,   0% used [0x0000000087710000, 0x0000000087710000, 0x0000000087b30000)
 concurrent mark-sweep generation total 118092K, used 70937K [0x000000009a2c0000, 0x00000000a1613000, 0x0000000100000000)
 Metaspace       used 109814K, capacity 116361K, committed 118572K, reserved 1153024K
  class space    used 13432K, capacity 14619K, committed 15200K, reserved 1048576K
2021-01-19T07:31:49.303+0000: 14980.000: [GC (Allocation Failure) 2021-01-19T07:31:49.303+0000: 14980.001: [ParNew
Desired survivor size 2162688 bytes, new threshold 6 (max 6)
- age   1:       4264 bytes,       4264 total
- age   2:         24 bytes,       4288 total
- age   4:        152 bytes,       4440 total
- age   5:      18288 bytes,      22728 total
: 34711K->399K(38080K), 0.0057931 secs] 105649K->71750K(156172K), 0.0060007 secs] [Times: user=0.02 sys=0.00, real=0.01 secs] 
Heap after GC invocations=408 (full 6):
 par new generation   total 38080K, used 399K [0x0000000085600000, 0x0000000087f50000, 0x000000009a2c0000)
  eden space 33856K,   0% used [0x0000000085600000, 0x0000000085600000, 0x0000000087710000)
  from space 4224K,   9% used [0x0000000087710000, 0x0000000087773e60, 0x0000000087b30000)
  to   space 4224K,   0% used [0x0000000087b30000, 0x0000000087b30000, 0x0000000087f50000)
 concurrent mark-sweep generation total 118092K, used 71350K [0x000000009a2c0000, 0x00000000a1613000, 0x0000000100000000)
 Metaspace       used 109814K, capacity 116361K, committed 118572K, reserved 1153024K
  class space    used 13432K, capacity 14619K, committed 15200K, reserved 1048576K
}
2021-01-19T07:31:49.309+0000: 14980.007: Total time for which application threads were stopped: 0.0065390 seconds, Stopping threads took: 0.0000789 seconds
2021-01-19T07:33:11.321+0000: 15062.019: Total time for which application threads were stopped: 0.0004545 seconds, Stopping threads took: 0.0000778 seconds
{Heap before GC invocations=408 (full 6):
 par new generation   total 38080K, used 34255K [0x0000000085600000, 0x0000000087f50000, 0x000000009a2c0000)
  eden space 33856K, 100% used [0x0000000085600000, 0x0000000087710000, 0x0000000087710000)
  from space 4224K,   9% used [0x0000000087710000, 0x0000000087773e60, 0x0000000087b30000)
  to   space 4224K,   0% used [0x0000000087b30000, 0x0000000087b30000, 0x0000000087f50000)
 concurrent mark-sweep generation total 118092K, used 71350K [0x000000009a2c0000, 0x00000000a1613000, 0x0000000100000000)
 Metaspace       used 109816K, capacity 116361K, committed 118572K, reserved 1153024K
  class space    used 13432K, capacity 14619K, committed 15200K, reserved 1048576K
2021-01-19T07:33:35.053+0000: 15085.751: [GC (Allocation Failure) 2021-01-19T07:33:35.053+0000: 15085.751: [ParNew
Desired survivor size 2162688 bytes, new threshold 6 (max 6)
- age   1:       4016 bytes,       4016 total
- age   2:         32 bytes,       4048 total
- age   5:        152 bytes,       4200 total
- age   6:      18288 bytes,      22488 total
: 34255K->104K(38080K), 0.0130574 secs] 105606K->71454K(156172K), 0.0136587 secs] [Times: user=0.03 sys=0.01, real=0.01 secs] 
Heap after GC invocations=409 (full 6):
 par new generation   total 38080K, used 104K [0x0000000085600000, 0x0000000087f50000, 0x000000009a2c0000)
  eden space 33856K,   0% used [0x0000000085600000, 0x0000000085600000, 0x0000000087710000)
  from space 4224K,   2% used [0x0000000087b30000, 0x0000000087b4a020, 0x0000000087f50000)
  to   space 4224K,   0% used [0x0000000087710000, 0x0000000087710000, 0x0000000087b30000)
 concurrent mark-sweep generation total 118092K, used 71350K [0x000000009a2c0000, 0x00000000a1613000, 0x0000000100000000)
 Metaspace       used 109816K, capacity 116361K, committed 118572K, reserved 1153024K
  class space    used 13432K, capacity 14619K, committed 15200K, reserved 1048576K
}
2021-01-19T07:33:35.067+0000: 15085.764: Total time for which application threads were stopped: 0.0149480 seconds, Stopping threads took: 0.0001297 seconds
2021-01-19T07:34:12.072+0000: 15122.770: Total time for which application threads were stopped: 0.0004257 seconds, Stopping threads took: 0.0000770 seconds
{Heap before GC invocations=409 (full 6):
 par new generation   total 38080K, used 33960K [0x0000000085600000, 0x0000000087f50000, 0x000000009a2c0000)
  eden space 33856K, 100% used [0x0000000085600000, 0x0000000087710000, 0x0000000087710000)
  from space 4224K,   2% used [0x0000000087b30000, 0x0000000087b4a020, 0x0000000087f50000)
  to   space 4224K,   0% used [0x0000000087710000, 0x0000000087710000, 0x0000000087b30000)
 concurrent mark-sweep generation total 118092K, used 71350K [0x000000009a2c0000, 0x00000000a1613000, 0x0000000100000000)
 Metaspace       used 109824K, capacity 116369K, committed 118572K, reserved 1153024K
  class space    used 13432K, capacity 14619K, committed 15200K, reserved 1048576K
2021-01-19T07:35:21.081+0000: 15191.779: [GC (Allocation Failure) 2021-01-19T07:35:21.082+0000: 15191.779: [ParNew
Desired survivor size 2162688 bytes, new threshold 6 (max 6)
- age   1:       3952 bytes,       3952 total
- age   2:        248 bytes,       4200 total
- age   6:        152 bytes,       4352 total
: 33960K->31K(38080K), 0.0063016 secs] 105310K->71400K(156172K), 0.0067268 secs] [Times: user=0.02 sys=0.00, real=0.01 secs] 
Heap after GC invocations=410 (full 6):
 par new generation   total 38080K, used 31K [0x0000000085600000, 0x0000000087f50000, 0x000000009a2c0000)
  eden space 33856K,   0% used [0x0000000085600000, 0x0000000085600000, 0x0000000087710000)
  from space 4224K,   0% used [0x0000000087710000, 0x0000000087717de0, 0x0000000087b30000)
  to   space 4224K,   0% used [0x0000000087b30000, 0x0000000087b30000, 0x0000000087f50000)
 concurrent mark-sweep generation total 118092K, used 71368K [0x000000009a2c0000, 0x00000000a1613000, 0x0000000100000000)
 Metaspace       used 109824K, capacity 116369K, committed 118572K, reserved 1153024K
  class space    used 13432K, capacity 14619K, committed 15200K, reserved 1048576K
}
2021-01-19T07:35:21.088+0000: 15191.786: Total time for which application threads were stopped: 0.0079148 seconds, Stopping threads took: 0.0001566 seconds
2021-01-19T07:35:22.089+0000: 15192.786: Total time for which application threads were stopped: 0.0004078 seconds, Stopping threads took: 0.0000745 seconds
2021-01-19T07:36:12.097+0000: 15242.794: Total time for which application threads were stopped: 0.0005549 seconds, Stopping threads took: 0.0000870 seconds
{Heap before GC invocations=410 (full 6):
 par new generation   total 38080K, used 33887K [0x0000000085600000, 0x0000000087f50000, 0x000000009a2c0000)
  eden space 33856K, 100% used [0x0000000085600000, 0x0000000087710000, 0x0000000087710000)
  from space 4224K,   0% used [0x0000000087710000, 0x0000000087717de0, 0x0000000087b30000)
  to   space 4224K,   0% used [0x0000000087b30000, 0x0000000087b30000, 0x0000000087f50000)
 concurrent mark-sweep generation total 118092K, used 71368K [0x000000009a2c0000, 0x00000000a1613000, 0x0000000100000000)
 Metaspace       used 109824K, capacity 116369K, committed 118572K, reserved 1153024K
  class space    used 13432K, capacity 14619K, committed 15200K, reserved 1048576K
2021-01-19T07:37:07.201+0000: 15297.899: [GC (Allocation Failure) 2021-01-19T07:37:07.202+0000: 15297.899: [ParNew
Desired survivor size 2162688 bytes, new threshold 6 (max 6)
- age   1:      71392 bytes,      71392 total
- age   2:        560 bytes,      71952 total
- age   3:        248 bytes,      72200 total
: 33887K->74K(38080K), 0.0040746 secs] 105256K->71442K(156172K), 0.0046405 secs] [Times: user=0.02 sys=0.00, real=0.00 secs] 
Heap after GC invocations=411 (full 6):
 par new generation   total 38080K, used 74K [0x0000000085600000, 0x0000000087f50000, 0x000000009a2c0000)
  eden space 33856K,   0% used [0x0000000085600000, 0x0000000085600000, 0x0000000087710000)
  from space 4224K,   1% used [0x0000000087b30000, 0x0000000087b42850, 0x0000000087f50000)
  to   space 4224K,   0% used [0x0000000087710000, 0x0000000087710000, 0x0000000087b30000)
 concurrent mark-sweep generation total 118092K, used 71368K [0x000000009a2c0000, 0x00000000a1613000, 0x0000000100000000)
 Metaspace       used 109824K, capacity 116369K, committed 118572K, reserved 1153024K
  class space    used 13432K, capacity 14619K, committed 15200K, reserved 1048576K
}
2021-01-19T07:37:07.206+0000: 15297.904: Total time for which application threads were stopped: 0.0064590 seconds, Stopping threads took: 0.0005761 seconds
2021-01-19T07:38:09.218+0000: 15359.915: Total time for which application threads were stopped: 0.0005799 seconds, Stopping threads took: 0.0000963 seconds
{Heap before GC invocations=411 (full 6):
 par new generation   total 38080K, used 33930K [0x0000000085600000, 0x0000000087f50000, 0x000000009a2c0000)
  eden space 33856K, 100% used [0x0000000085600000, 0x0000000087710000, 0x0000000087710000)
  from space 4224K,   1% used [0x0000000087b30000, 0x0000000087b42850, 0x0000000087f50000)
  to   space 4224K,   0% used [0x0000000087710000, 0x0000000087710000, 0x0000000087b30000)
 concurrent mark-sweep generation total 118092K, used 71368K [0x000000009a2c0000, 0x00000000a1613000, 0x0000000100000000)
 Metaspace       used 109844K, capacity 116373K, committed 118572K, reserved 1153024K
  class space    used 13432K, capacity 14619K, committed 15200K, reserved 1048576K
2021-01-19T07:38:53.452+0000: 15404.150: [GC (Allocation Failure) 2021-01-19T07:38:53.452+0000: 15404.150: [ParNew
Desired survivor size 2162688 bytes, new threshold 6 (max 6)
- age   1:       4112 bytes,       4112 total
- age   3:        496 bytes,       4608 total
- age   4:        248 bytes,       4856 total
: 33930K->8K(38080K), 0.0141891 secs] 105298K->71376K(156172K), 0.0144360 secs] [Times: user=0.03 sys=0.00, real=0.01 secs] 
Heap after GC invocations=412 (full 6):
 par new generation   total 38080K, used 8K [0x0000000085600000, 0x0000000087f50000, 0x000000009a2c0000)
  eden space 33856K,   0% used [0x0000000085600000, 0x0000000085600000, 0x0000000087710000)
  from space 4224K,   0% used [0x0000000087710000, 0x0000000087712040, 0x0000000087b30000)
  to   space 4224K,   0% used [0x0000000087b30000, 0x0000000087b30000, 0x0000000087f50000)
 concurrent mark-sweep generation total 118092K, used 71368K [0x000000009a2c0000, 0x00000000a1613000, 0x0000000100000000)
 Metaspace       used 109844K, capacity 116373K, committed 118572K, reserved 1153024K
  class space    used 13432K, capacity 14619K, committed 15200K, reserved 1048576K
}
2021-01-19T07:38:53.467+0000: 15404.164: Total time for which application threads were stopped: 0.0152879 seconds, Stopping threads took: 0.0000635 seconds
2021-01-19T07:40:11.478+0000: 15482.176: Total time for which application threads were stopped: 0.0003911 seconds, Stopping threads took: 0.0000689 seconds
{Heap before GC invocations=412 (full 6):
 par new generation   total 38080K, used 33864K [0x0000000085600000, 0x0000000087f50000, 0x000000009a2c0000)
  eden space 33856K, 100% used [0x0000000085600000, 0x0000000087710000, 0x0000000087710000)
  from space 4224K,   0% used [0x0000000087710000, 0x0000000087712040, 0x0000000087b30000)
  to   space 4224K,   0% used [0x0000000087b30000, 0x0000000087b30000, 0x0000000087f50000)
 concurrent mark-sweep generation total 118092K, used 71368K [0x000000009a2c0000, 0x00000000a1613000, 0x0000000100000000)
 Metaspace       used 109889K, capacity 116453K, committed 118828K, reserved 1153024K
  class space    used 13432K, capacity 14619K, committed 15200K, reserved 1048576K
2021-01-19T07:40:39.712+0000: 15510.409: [GC (Allocation Failure) 2021-01-19T07:40:39.712+0000: 15510.410: [ParNew
Desired survivor size 2162688 bytes, new threshold 6 (max 6)
- age   1:       4160 bytes,       4160 total
- age   2:        280 bytes,       4440 total
- age   4:        496 bytes,       4936 total
- age   5:        248 bytes,       5184 total
: 33864K->8K(38080K), 0.0134686 secs] 105232K->71376K(156172K), 0.0138753 secs] [Times: user=0.02 sys=0.00, real=0.01 secs] 
Heap after GC invocations=413 (full 6):
 par new generation   total 38080K, used 8K [0x0000000085600000, 0x0000000087f50000, 0x000000009a2c0000)
  eden space 33856K,   0% used [0x0000000085600000, 0x0000000085600000, 0x0000000087710000)
  from space 4224K,   0% used [0x0000000087b30000, 0x0000000087b32040, 0x0000000087f50000)
  to   space 4224K,   0% used [0x0000000087710000, 0x0000000087710000, 0x0000000087b30000)
 concurrent mark-sweep generation total 118092K, used 71368K [0x000000009a2c0000, 0x00000000a1613000, 0x0000000100000000)
 Metaspace       used 109889K, capacity 116453K, committed 118828K, reserved 1153024K
  class space    used 13432K, capacity 14619K, committed 15200K, reserved 1048576K
}
2021-01-19T07:40:39.726+0000: 15510.423: Total time for which application threads were stopped: 0.0148580 seconds, Stopping threads took: 0.0002417 seconds
2021-01-19T07:41:02.729+0000: 15533.426: Total time for which application threads were stopped: 0.0004907 seconds, Stopping threads took: 0.0000780 seconds
2021-01-19T07:41:11.730+0000: 15542.427: Total time for which application threads were stopped: 0.0004065 seconds, Stopping threads took: 0.0000807 seconds
2021-01-19T07:42:11.738+0000: 15602.436: Total time for which application threads were stopped: 0.0003745 seconds, Stopping threads took: 0.0000693 seconds
{Heap before GC invocations=413 (full 6):
 par new generation   total 38080K, used 33864K [0x0000000085600000, 0x0000000087f50000, 0x000000009a2c0000)
  eden space 33856K, 100% used [0x0000000085600000, 0x0000000087710000, 0x0000000087710000)
  from space 4224K,   0% used [0x0000000087b30000, 0x0000000087b32040, 0x0000000087f50000)
  to   space 4224K,   0% used [0x0000000087710000, 0x0000000087710000, 0x0000000087b30000)
 concurrent mark-sweep generation total 118092K, used 71368K [0x000000009a2c0000, 0x00000000a1613000, 0x0000000100000000)
 Metaspace       used 109891K, capacity 116457K, committed 118828K, reserved 1153024K
  class space    used 13432K, capacity 14619K, committed 15200K, reserved 1048576K
2021-01-19T07:42:25.440+0000: 15616.137: [GC (Allocation Failure) 2021-01-19T07:42:25.440+0000: 15616.137: [ParNew
Desired survivor size 2162688 bytes, new threshold 6 (max 6)
- age   1:       3552 bytes,       3552 total
- age   2:        440 bytes,       3992 total
- age   3:        248 bytes,       4240 total
- age   5:        496 bytes,       4736 total
- age   6:        248 bytes,       4984 total
: 33864K->8K(38080K), 0.0057005 secs] 105232K->71376K(156172K), 0.0059975 secs] [Times: user=0.01 sys=0.00, real=0.00 secs] 
Heap after GC invocations=414 (full 6):
 par new generation   total 38080K, used 8K [0x0000000085600000, 0x0000000087f50000, 0x000000009a2c0000)
  eden space 33856K,   0% used [0x0000000085600000, 0x0000000085600000, 0x0000000087710000)
  from space 4224K,   0% used [0x0000000087710000, 0x0000000087712040, 0x0000000087b30000)
  to   space 4224K,   0% used [0x0000000087b30000, 0x0000000087b30000, 0x0000000087f50000)
 concurrent mark-sweep generation total 118092K, used 71368K [0x000000009a2c0000, 0x00000000a1613000, 0x0000000100000000)
 Metaspace       used 109891K, capacity 116457K, committed 118828K, reserved 1153024K
  class space    used 13432K, capacity 14619K, committed 15200K, reserved 1048576K
}
2021-01-19T07:42:25.446+0000: 15616.143: Total time for which application threads were stopped: 0.0069861 seconds, Stopping threads took: 0.0002922 seconds
{Heap before GC invocations=414 (full 6):
 par new generation   total 38080K, used 33864K [0x0000000085600000, 0x0000000087f50000, 0x000000009a2c0000)
  eden space 33856K, 100% used [0x0000000085600000, 0x0000000087710000, 0x0000000087710000)
  from space 4224K,   0% used [0x0000000087710000, 0x0000000087712040, 0x0000000087b30000)
  to   space 4224K,   0% used [0x0000000087b30000, 0x0000000087b30000, 0x0000000087f50000)
 concurrent mark-sweep generation total 118092K, used 71368K [0x000000009a2c0000, 0x00000000a1613000, 0x0000000100000000)
 Metaspace       used 109891K, capacity 116457K, committed 118828K, reserved 1153024K
  class space    used 13432K, capacity 14619K, committed 15200K, reserved 1048576K
2021-01-19T07:44:11.819+0000: 15722.517: [GC (Allocation Failure) 2021-01-19T07:44:11.819+0000: 15722.517: [ParNew
Desired survivor size 2162688 bytes, new threshold 6 (max 6)
- age   1:      37680 bytes,      37680 total
- age   3:        440 bytes,      38120 total
- age   4:        248 bytes,      38368 total
- age   6:        496 bytes,      38864 total
: 33864K->40K(38080K), 0.0151527 secs] 105232K->71409K(156172K), 0.0154083 secs] [Times: user=0.02 sys=0.00, real=0.01 secs] 
Heap after GC invocations=415 (full 6):
 par new generation   total 38080K, used 40K [0x0000000085600000, 0x0000000087f50000, 0x000000009a2c0000)
  eden space 33856K,   0% used [0x0000000085600000, 0x0000000085600000, 0x0000000087710000)
  from space 4224K,   0% used [0x0000000087b30000, 0x0000000087b3a318, 0x0000000087f50000)
  to   space 4224K,   0% used [0x0000000087710000, 0x0000000087710000, 0x0000000087b30000)
 concurrent mark-sweep generation total 118092K, used 71369K [0x000000009a2c0000, 0x00000000a1613000, 0x0000000100000000)
 Metaspace       used 109891K, capacity 116457K, committed 118828K, reserved 1153024K
  class space    used 13432K, capacity 14619K, committed 15200K, reserved 1048576K
}
2021-01-19T07:44:11.835+0000: 15722.532: Total time for which application threads were stopped: 0.0161666 seconds, Stopping threads took: 0.0001389 seconds
{Heap before GC invocations=415 (full 6):
 par new generation   total 38080K, used 33896K [0x0000000085600000, 0x0000000087f50000, 0x000000009a2c0000)
  eden space 33856K, 100% used [0x0000000085600000, 0x0000000087710000, 0x0000000087710000)
  from space 4224K,   0% used [0x0000000087b30000, 0x0000000087b3a318, 0x0000000087f50000)
  to   space 4224K,   0% used [0x0000000087710000, 0x0000000087710000, 0x0000000087b30000)
 concurrent mark-sweep generation total 118092K, used 71369K [0x000000009a2c0000, 0x00000000a1613000, 0x0000000100000000)
 Metaspace       used 109891K, capacity 116457K, committed 118828K, reserved 1153024K
  class space    used 13432K, capacity 14619K, committed 15200K, reserved 1048576K
2021-01-19T07:45:58.239+0000: 15828.937: [GC (Allocation Failure) 2021-01-19T07:45:58.240+0000: 15828.937: [ParNew
Desired survivor size 2162688 bytes, new threshold 6 (max 6)
- age   1:       3800 bytes,       3800 total
- age   2:        112 bytes,       3912 total
- age   4:        440 bytes,       4352 total
- age   5:        248 bytes,       4600 total
: 33896K->8K(38080K), 0.0056292 secs] 105265K->71377K(156172K), 0.0061932 secs] [Times: user=0.02 sys=0.00, real=0.00 secs] 
Heap after GC invocations=416 (full 6):
 par new generation   total 38080K, used 8K [0x0000000085600000, 0x0000000087f50000, 0x000000009a2c0000)
  eden space 33856K,   0% used [0x0000000085600000, 0x0000000085600000, 0x0000000087710000)
  from space 4224K,   0% used [0x0000000087710000, 0x0000000087712040, 0x0000000087b30000)
  to   space 4224K,   0% used [0x0000000087b30000, 0x0000000087b30000, 0x0000000087f50000)
 concurrent mark-sweep generation total 118092K, used 71369K [0x000000009a2c0000, 0x00000000a1613000, 0x0000000100000000)
 Metaspace       used 109891K, capacity 116457K, committed 118828K, reserved 1153024K
  class space    used 13432K, capacity 14619K, committed 15200K, reserved 1048576K
}
2021-01-19T07:45:58.246+0000: 15828.944: Total time for which application threads were stopped: 0.0075391 seconds, Stopping threads took: 0.0001382 seconds
2021-01-19T07:46:11.249+0000: 15841.946: Total time for which application threads were stopped: 0.0005187 seconds, Stopping threads took: 0.0000960 seconds
{Heap before GC invocations=416 (full 6):
 par new generation   total 38080K, used 33864K [0x0000000085600000, 0x0000000087f50000, 0x000000009a2c0000)
  eden space 33856K, 100% used [0x0000000085600000, 0x0000000087710000, 0x0000000087710000)
  from space 4224K,   0% used [0x0000000087710000, 0x0000000087712040, 0x0000000087b30000)
  to   space 4224K,   0% used [0x0000000087b30000, 0x0000000087b30000, 0x0000000087f50000)
 concurrent mark-sweep generation total 118092K, used 71369K [0x000000009a2c0000, 0x00000000a1613000, 0x0000000100000000)
 Metaspace       used 109891K, capacity 116457K, committed 118828K, reserved 1153024K
  class space    used 13432K, capacity 14619K, committed 15200K, reserved 1048576K
2021-01-19T07:47:44.658+0000: 15935.355: [GC (Allocation Failure) 2021-01-19T07:47:44.658+0000: 15935.355: [ParNew
Desired survivor size 2162688 bytes, new threshold 6 (max 6)
- age   1:       3376 bytes,       3376 total
- age   5:        440 bytes,       3816 total
- age   6:        248 bytes,       4064 total
: 33864K->6K(38080K), 0.0048220 secs] 105233K->71375K(156172K), 0.0050678 secs] [Times: user=0.02 sys=0.00, real=0.01 secs] 
Heap after GC invocations=417 (full 6):
 par new generation   total 38080K, used 6K [0x0000000085600000, 0x0000000087f50000, 0x000000009a2c0000)
  eden space 33856K,   0% used [0x0000000085600000, 0x0000000085600000, 0x0000000087710000)
  from space 4224K,   0% used [0x0000000087b30000, 0x0000000087b31830, 0x0000000087f50000)
  to   space 4224K,   0% used [0x0000000087710000, 0x0000000087710000, 0x0000000087b30000)
 concurrent mark-sweep generation total 118092K, used 71369K [0x000000009a2c0000, 0x00000000a1613000, 0x0000000100000000)
 Metaspace       used 109891K, capacity 116457K, committed 118828K, reserved 1153024K
  class space    used 13432K, capacity 14619K, committed 15200K, reserved 1048576K
}
2021-01-19T07:47:44.663+0000: 15935.360: Total time for which application threads were stopped: 0.0061660 seconds, Stopping threads took: 0.0002287 seconds
2021-01-19T07:48:21.670+0000: 15972.368: Total time for which application threads were stopped: 0.0003784 seconds, Stopping threads took: 0.0000691 seconds
2021-01-19T07:48:56.676+0000: 16007.374: Total time for which application threads were stopped: 0.0003815 seconds, Stopping threads took: 0.0000643 seconds
2021-01-19T07:48:58.677+0000: 16009.374: Total time for which application threads were stopped: 0.0004729 seconds, Stopping threads took: 0.0000735 seconds
{Heap before GC invocations=417 (full 6):
 par new generation   total 38080K, used 33862K [0x0000000085600000, 0x0000000087f50000, 0x000000009a2c0000)
  eden space 33856K, 100% used [0x0000000085600000, 0x0000000087710000, 0x0000000087710000)
  from space 4224K,   0% used [0x0000000087b30000, 0x0000000087b31830, 0x0000000087f50000)
  to   space 4224K,   0% used [0x0000000087710000, 0x0000000087710000, 0x0000000087b30000)
 concurrent mark-sweep generation total 118092K, used 71369K [0x000000009a2c0000, 0x00000000a1613000, 0x0000000100000000)
 Metaspace       used 109909K, capacity 116457K, committed 118828K, reserved 1153024K
  class space    used 13432K, capacity 14619K, committed 15200K, reserved 1048576K
2021-01-19T07:49:27.005+0000: 16037.702: [GC (Allocation Failure) 2021-01-19T07:49:27.005+0000: 16037.703: [ParNew
Desired survivor size 2162688 bytes, new threshold 6 (max 6)
- age   1:     623992 bytes,     623992 total
- age   2:         32 bytes,     624024 total
- age   6:        440 bytes,     624464 total
: 33862K->620K(38080K), 0.0070527 secs] 105231K->71990K(156172K), 0.0073721 secs] [Times: user=0.03 sys=0.00, real=0.01 secs] 
Heap after GC invocations=418 (full 6):
 par new generation   total 38080K, used 620K [0x0000000085600000, 0x0000000087f50000, 0x000000009a2c0000)
  eden space 33856K,   0% used [0x0000000085600000, 0x0000000085600000, 0x0000000087710000)
  from space 4224K,  14% used [0x0000000087710000, 0x00000000877ab210, 0x0000000087b30000)
  to   space 4224K,   0% used [0x0000000087b30000, 0x0000000087b30000, 0x0000000087f50000)
 concurrent mark-sweep generation total 118092K, used 71369K [0x000000009a2c0000, 0x00000000a1613000, 0x0000000100000000)
 Metaspace       used 109909K, capacity 116457K, committed 118828K, reserved 1153024K
  class space    used 13432K, capacity 14619K, committed 15200K, reserved 1048576K
}
2021-01-19T07:49:27.012+0000: 16037.710: Total time for which application threads were stopped: 0.0083786 seconds, Stopping threads took: 0.0000522 seconds
2021-01-19T07:49:49.016+0000: 16059.714: Total time for which application threads were stopped: 0.0009100 seconds, Stopping threads took: 0.0002810 seconds
{Heap before GC invocations=418 (full 6):
 par new generation   total 38080K, used 34476K [0x0000000085600000, 0x0000000087f50000, 0x000000009a2c0000)
  eden space 33856K, 100% used [0x0000000085600000, 0x0000000087710000, 0x0000000087710000)
  from space 4224K,  14% used [0x0000000087710000, 0x00000000877ab210, 0x0000000087b30000)
  to   space 4224K,   0% used [0x0000000087b30000, 0x0000000087b30000, 0x0000000087f50000)
 concurrent mark-sweep generation total 118092K, used 71369K [0x000000009a2c0000, 0x00000000a1613000, 0x0000000100000000)
 Metaspace       used 109909K, capacity 116457K, committed 118828K, reserved 1153024K
  class space    used 13432K, capacity 14619K, committed 15200K, reserved 1048576K
2021-01-19T07:51:12.053+0000: 16142.751: [GC (Allocation Failure) 2021-01-19T07:51:12.053+0000: 16142.751: [ParNew
Desired survivor size 2162688 bytes, new threshold 6 (max 6)
- age   1:     246760 bytes,     246760 total
- age   2:     617104 bytes,     863864 total
: 34476K->926K(38080K), 0.0117459 secs] 105846K->72296K(156172K), 0.0120486 secs] [Times: user=0.03 sys=0.00, real=0.01 secs] 
Heap after GC invocations=419 (full 6):
 par new generation   total 38080K, used 926K [0x0000000085600000, 0x0000000087f50000, 0x000000009a2c0000)
  eden space 33856K,   0% used [0x0000000085600000, 0x0000000085600000, 0x0000000087710000)
  from space 4224K,  21% used [0x0000000087b30000, 0x0000000087c17900, 0x0000000087f50000)
  to   space 4224K,   0% used [0x0000000087710000, 0x0000000087710000, 0x0000000087b30000)
 concurrent mark-sweep generation total 118092K, used 71370K [0x000000009a2c0000, 0x00000000a1613000, 0x0000000100000000)
 Metaspace       used 109909K, capacity 116457K, committed 118828K, reserved 1153024K
  class space    used 13432K, capacity 14619K, committed 15200K, reserved 1048576K
}
2021-01-19T07:51:12.065+0000: 16142.763: Total time for which application threads were stopped: 0.0127462 seconds, Stopping threads took: 0.0000671 seconds
2021-01-19T07:52:12.074+0000: 16202.772: Total time for which application threads were stopped: 0.0003982 seconds, Stopping threads took: 0.0000669 seconds
{Heap before GC invocations=419 (full 6):
 par new generation   total 38080K, used 34782K [0x0000000085600000, 0x0000000087f50000, 0x000000009a2c0000)
  eden space 33856K, 100% used [0x0000000085600000, 0x0000000087710000, 0x0000000087710000)
  from space 4224K,  21% used [0x0000000087b30000, 0x0000000087c17900, 0x0000000087f50000)
  to   space 4224K,   0% used [0x0000000087710000, 0x0000000087710000, 0x0000000087b30000)
 concurrent mark-sweep generation total 118092K, used 71370K [0x000000009a2c0000, 0x00000000a1613000, 0x0000000100000000)
 Metaspace       used 109909K, capacity 116457K, committed 118828K, reserved 1153024K
  class space    used 13432K, capacity 14619K, committed 15200K, reserved 1048576K
2021-01-19T07:52:58.814+0000: 16249.512: [GC (Allocation Failure) 2021-01-19T07:52:58.814+0000: 16249.512: [ParNew
Desired survivor size 2162688 bytes, new threshold 6 (max 6)
- age   1:       4600 bytes,       4600 total
- age   2:     209096 bytes,     213696 total
- age   3:     617104 bytes,     830800 total
: 34782K->1323K(38080K), 0.0063626 secs] 106152K->72693K(156172K), 0.0066256 secs] [Times: user=0.01 sys=0.00, real=0.01 secs] 
Heap after GC invocations=420 (full 6):
 par new generation   total 38080K, used 1323K [0x0000000085600000, 0x0000000087f50000, 0x000000009a2c0000)
  eden space 33856K,   0% used [0x0000000085600000, 0x0000000085600000, 0x0000000087710000)
  from space 4224K,  31% used [0x0000000087710000, 0x000000008785ae00, 0x0000000087b30000)
  to   space 4224K,   0% used [0x0000000087b30000, 0x0000000087b30000, 0x0000000087f50000)
 concurrent mark-sweep generation total 118092K, used 71370K [0x000000009a2c0000, 0x00000000a1613000, 0x0000000100000000)
 Metaspace       used 109909K, capacity 116457K, committed 118828K, reserved 1153024K
  class space    used 13432K, capacity 14619K, committed 15200K, reserved 1048576K
}
2021-01-19T07:52:58.821+0000: 16249.518: Total time for which application threads were stopped: 0.0073350 seconds, Stopping threads took: 0.0001005 seconds
{Heap before GC invocations=420 (full 6):
 par new generation   total 38080K, used 35179K [0x0000000085600000, 0x0000000087f50000, 0x000000009a2c0000)
  eden space 33856K, 100% used [0x0000000085600000, 0x0000000087710000, 0x0000000087710000)
  from space 4224K,  31% used [0x0000000087710000, 0x000000008785ae00, 0x0000000087b30000)
  to   space 4224K,   0% used [0x0000000087b30000, 0x0000000087b30000, 0x0000000087f50000)
 concurrent mark-sweep generation total 118092K, used 71370K [0x000000009a2c0000, 0x00000000a1613000, 0x0000000100000000)
 Metaspace       used 109909K, capacity 116457K, committed 118828K, reserved 1153024K
  class space    used 13432K, capacity 14619K, committed 15200K, reserved 1048576K
2021-01-19T07:54:44.747+0000: 16355.444: [GC (Allocation Failure) 2021-01-19T07:54:44.747+0000: 16355.445: [ParNew
Desired survivor size 2162688 bytes, new threshold 6 (max 6)
- age   1:       3792 bytes,       3792 total
- age   2:        912 bytes,       4704 total
- age   3:     209032 bytes,     213736 total
- age   4:     617104 bytes,     830840 total
: 35179K->1354K(38080K), 0.0085916 secs] 106549K->72724K(156172K), 0.0088722 secs] [Times: user=0.01 sys=0.01, real=0.01 secs] 
Heap after GC invocations=421 (full 6):
 par new generation   total 38080K, used 1354K [0x0000000085600000, 0x0000000087f50000, 0x000000009a2c0000)
  eden space 33856K,   0% used [0x0000000085600000, 0x0000000085600000, 0x0000000087710000)
  from space 4224K,  32% used [0x0000000087b30000, 0x0000000087c829c8, 0x0000000087f50000)
  to   space 4224K,   0% used [0x0000000087710000, 0x0000000087710000, 0x0000000087b30000)
 concurrent mark-sweep generation total 118092K, used 71370K [0x000000009a2c0000, 0x00000000a1613000, 0x0000000100000000)
 Metaspace       used 109909K, capacity 116457K, committed 118828K, reserved 1153024K
  class space    used 13432K, capacity 14619K, committed 15200K, reserved 1048576K
}
2021-01-19T07:54:44.756+0000: 16355.453: Total time for which application threads were stopped: 0.0102184 seconds, Stopping threads took: 0.0007253 seconds
{Heap before GC invocations=421 (full 6):
 par new generation   total 38080K, used 35210K [0x0000000085600000, 0x0000000087f50000, 0x000000009a2c0000)
  eden space 33856K, 100% used [0x0000000085600000, 0x0000000087710000, 0x0000000087710000)
  from space 4224K,  32% used [0x0000000087b30000, 0x0000000087c829c8, 0x0000000087f50000)
  to   space 4224K,   0% used [0x0000000087710000, 0x0000000087710000, 0x0000000087b30000)
 concurrent mark-sweep generation total 118092K, used 71370K [0x000000009a2c0000, 0x00000000a1613000, 0x0000000100000000)
 Metaspace       used 109912K, capacity 116457K, committed 118828K, reserved 1153024K
  class space    used 13432K, capacity 14619K, committed 15200K, reserved 1048576K
2021-01-19T07:56:30.669+0000: 16461.367: [GC (Allocation Failure) 2021-01-19T07:56:30.670+0000: 16461.367: [ParNew
Desired survivor size 2162688 bytes, new threshold 6 (max 6)
- age   1:       3392 bytes,       3392 total
- age   2:        384 bytes,       3776 total
- age   3:        840 bytes,       4616 total
- age   4:     209072 bytes,     213688 total
- age   5:     617104 bytes,     830792 total
: 35210K->1403K(38080K), 0.0053014 secs] 106580K->72773K(156172K), 0.0057015 secs] [Times: user=0.02 sys=0.00, real=0.00 secs] 
Heap after GC invocations=422 (full 6):
 par new generation   total 38080K, used 1403K [0x0000000085600000, 0x0000000087f50000, 0x000000009a2c0000)
  eden space 33856K,   0% used [0x0000000085600000, 0x0000000085600000, 0x0000000087710000)
  from space 4224K,  33% used [0x0000000087710000, 0x000000008786ee38, 0x0000000087b30000)
  to   space 4224K,   0% used [0x0000000087b30000, 0x0000000087b30000, 0x0000000087f50000)
 concurrent mark-sweep generation total 118092K, used 71370K [0x000000009a2c0000, 0x00000000a1613000, 0x0000000100000000)
 Metaspace       used 109912K, capacity 116457K, committed 118828K, reserved 1153024K
  class space    used 13432K, capacity 14619K, committed 15200K, reserved 1048576K
}
2021-01-19T07:56:30.675+0000: 16461.373: Total time for which application threads were stopped: 0.0067544 seconds, Stopping threads took: 0.0001571 seconds
2021-01-19T07:57:12.238+0000: 16502.378: Total time for which application threads were stopped: 0.0003786 seconds, Stopping threads took: 0.0000685 seconds
{Heap before GC invocations=422 (full 6):
 par new generation   total 38080K, used 35259K [0x0000000085600000, 0x0000000087f50000, 0x000000009a2c0000)
  eden space 33856K, 100% used [0x0000000085600000, 0x0000000087710000, 0x0000000087710000)
  from space 4224K,  33% used [0x0000000087710000, 0x000000008786ee38, 0x0000000087b30000)
  to   space 4224K,   0% used [0x0000000087b30000, 0x0000000087b30000, 0x0000000087f50000)
 concurrent mark-sweep generation total 118092K, used 71370K [0x000000009a2c0000, 0x00000000a1613000, 0x0000000100000000)
 Metaspace       used 109912K, capacity 116457K, committed 118828K, reserved 1153024K
  class space    used 13432K, capacity 14619K, committed 15200K, reserved 1048576K
2021-01-19T07:58:17.316+0000: 16567.456: [GC (Allocation Failure) 2021-01-19T07:58:17.316+0000: 16567.456: [ParNew
Desired survivor size 2162688 bytes, new threshold 6 (max 6)
- age   1:      37376 bytes,      37376 total
- age   2:         72 bytes,      37448 total
- age   3:        352 bytes,      37800 total
- age   4:        840 bytes,      38640 total
- age   5:     209032 bytes,     247672 total
- age   6:     617160 bytes,     864832 total
: 35259K->1135K(38080K), 0.0099212 secs] 106629K->72505K(156172K), 0.0104306 secs] [Times: user=0.03 sys=0.00, real=0.02 secs] 
Heap after GC invocations=423 (full 6):
 par new generation   total 38080K, used 1135K [0x0000000085600000, 0x0000000087f50000, 0x000000009a2c0000)
  eden space 33856K,   0% used [0x0000000085600000, 0x0000000085600000, 0x0000000087710000)
  from space 4224K,  26% used [0x0000000087b30000, 0x0000000087c4bec0, 0x0000000087f50000)
  to   space 4224K,   0% used [0x0000000087710000, 0x0000000087710000, 0x0000000087b30000)
 concurrent mark-sweep generation total 118092K, used 71370K [0x000000009a2c0000, 0x00000000a1613000, 0x0000000100000000)
 Metaspace       used 109912K, capacity 116457K, committed 118828K, reserved 1153024K
  class space    used 13432K, capacity 14619K, committed 15200K, reserved 1048576K
}
2021-01-19T07:58:17.327+0000: 16567.467: Total time for which application threads were stopped: 0.0112487 seconds, Stopping threads took: 0.0000633 seconds
{Heap before GC invocations=423 (full 6):
 par new generation   total 38080K, used 34991K [0x0000000085600000, 0x0000000087f50000, 0x000000009a2c0000)
  eden space 33856K, 100% used [0x0000000085600000, 0x0000000087710000, 0x0000000087710000)
  from space 4224K,  26% used [0x0000000087b30000, 0x0000000087c4bec0, 0x0000000087f50000)
  to   space 4224K,   0% used [0x0000000087710000, 0x0000000087710000, 0x0000000087b30000)
 concurrent mark-sweep generation total 118092K, used 71370K [0x000000009a2c0000, 0x00000000a1613000, 0x0000000100000000)
 Metaspace       used 109912K, capacity 116457K, committed 118828K, reserved 1153024K
  class space    used 13432K, capacity 14619K, committed 15200K, reserved 1048576K
2021-01-19T08:00:03.574+0000: 16673.714: [GC (Allocation Failure) 2021-01-19T08:00:03.574+0000: 16673.714: [ParNew
Desired survivor size 2162688 bytes, new threshold 6 (max 6)
- age   1:      71296 bytes,      71296 total
- age   2:         88 bytes,      71384 total
- age   3:         72 bytes,      71456 total
- age   4:        352 bytes,      71808 total
- age   5:        840 bytes,      72648 total
- age   6:     209072 bytes,     281720 total
: 34991K->949K(38080K), 0.0081058 secs] 106361K->72930K(156172K), 0.0087632 secs] [Times: user=0.02 sys=0.00, real=0.01 secs] 
Heap after GC invocations=424 (full 6):
 par new generation   total 38080K, used 949K [0x0000000085600000, 0x0000000087f50000, 0x000000009a2c0000)
  eden space 33856K,   0% used [0x0000000085600000, 0x0000000085600000, 0x0000000087710000)
  from space 4224K,  22% used [0x0000000087710000, 0x00000000877fd5d0, 0x0000000087b30000)
  to   space 4224K,   0% used [0x0000000087b30000, 0x0000000087b30000, 0x0000000087f50000)
 concurrent mark-sweep generation total 118092K, used 71981K [0x000000009a2c0000, 0x00000000a1613000, 0x0000000100000000)
 Metaspace       used 109912K, capacity 116457K, committed 118828K, reserved 1153024K
  class space    used 13432K, capacity 14619K, committed 15200K, reserved 1048576K
}
2021-01-19T08:00:03.583+0000: 16673.723: Total time for which application threads were stopped: 0.0096018 seconds, Stopping threads took: 0.0000877 seconds
{Heap before GC invocations=424 (full 6):
 par new generation   total 38080K, used 34805K [0x0000000085600000, 0x0000000087f50000, 0x000000009a2c0000)
  eden space 33856K, 100% used [0x0000000085600000, 0x0000000087710000, 0x0000000087710000)
  from space 4224K,  22% used [0x0000000087710000, 0x00000000877fd5d0, 0x0000000087b30000)
  to   space 4224K,   0% used [0x0000000087b30000, 0x0000000087b30000, 0x0000000087f50000)
 concurrent mark-sweep generation total 118092K, used 71981K [0x000000009a2c0000, 0x00000000a1613000, 0x0000000100000000)
 Metaspace       used 109912K, capacity 116457K, committed 118828K, reserved 1153024K
  class space    used 13432K, capacity 14619K, committed 15200K, reserved 1048576K
2021-01-19T08:01:49.699+0000: 16779.839: [GC (Allocation Failure) 2021-01-19T08:01:49.699+0000: 16779.839: [ParNew
Desired survivor size 2162688 bytes, new threshold 6 (max 6)
- age   1:       3688 bytes,       3688 total
- age   2:         24 bytes,       3712 total
- age   4:         72 bytes,       3784 total
- age   5:        352 bytes,       4136 total
- age   6:        840 bytes,       4976 total
: 34805K->258K(38080K), 0.0099715 secs] 106786K->72446K(156172K), 0.0103307 secs] [Times: user=0.02 sys=0.00, real=0.01 secs] 
Heap after GC invocations=425 (full 6):
 par new generation   total 38080K, used 258K [0x0000000085600000, 0x0000000087f50000, 0x000000009a2c0000)
  eden space 33856K,   0% used [0x0000000085600000, 0x0000000085600000, 0x0000000087710000)
  from space 4224K,   6% used [0x0000000087b30000, 0x0000000087b70aa0, 0x0000000087f50000)
  to   space 4224K,   0% used [0x0000000087710000, 0x0000000087710000, 0x0000000087b30000)
 concurrent mark-sweep generation total 118092K, used 72187K [0x000000009a2c0000, 0x00000000a1613000, 0x0000000100000000)
 Metaspace       used 109912K, capacity 116457K, committed 118828K, reserved 1153024K
  class space    used 13432K, capacity 14619K, committed 15200K, reserved 1048576K
}
2021-01-19T08:01:49.710+0000: 16779.850: Total time for which application threads were stopped: 0.0115458 seconds, Stopping threads took: 0.0001718 seconds
2021-01-19T08:03:12.722+0000: 16862.862: Total time for which application threads were stopped: 0.0003946 seconds, Stopping threads took: 0.0000679 seconds
{Heap before GC invocations=425 (full 6):
 par new generation   total 38080K, used 34114K [0x0000000085600000, 0x0000000087f50000, 0x000000009a2c0000)
  eden space 33856K, 100% used [0x0000000085600000, 0x0000000087710000, 0x0000000087710000)
  from space 4224K,   6% used [0x0000000087b30000, 0x0000000087b70aa0, 0x0000000087f50000)
  to   space 4224K,   0% used [0x0000000087710000, 0x0000000087710000, 0x0000000087b30000)
 concurrent mark-sweep generation total 118092K, used 72187K [0x000000009a2c0000, 0x00000000a1613000, 0x0000000100000000)
 Metaspace       used 109912K, capacity 116457K, committed 118828K, reserved 1153024K
  class space    used 13432K, capacity 14619K, committed 15200K, reserved 1048576K
2021-01-19T08:03:35.865+0000: 16886.005: [GC (Allocation Failure) 2021-01-19T08:03:35.865+0000: 16886.005: [ParNew
Desired survivor size 2162688 bytes, new threshold 6 (max 6)
- age   1:       3784 bytes,       3784 total
- age   2:         32 bytes,       3816 total
- age   5:         72 bytes,       3888 total
- age   6:        352 bytes,       4240 total
: 34114K->49K(38080K), 0.0069898 secs] 106302K->72237K(156172K), 0.0071776 secs] [Times: user=0.02 sys=0.00, real=0.00 secs] 
Heap after GC invocations=426 (full 6):
 par new generation   total 38080K, used 49K [0x0000000085600000, 0x0000000087f50000, 0x000000009a2c0000)
  eden space 33856K,   0% used [0x0000000085600000, 0x0000000085600000, 0x0000000087710000)
  from space 4224K,   1% used [0x0000000087710000, 0x000000008771c4b0, 0x0000000087b30000)
  to   space 4224K,   0% used [0x0000000087b30000, 0x0000000087b30000, 0x0000000087f50000)
 concurrent mark-sweep generation total 118092K, used 72188K [0x000000009a2c0000, 0x00000000a1613000, 0x0000000100000000)
 Metaspace       used 109912K, capacity 116457K, committed 118828K, reserved 1153024K
  class space    used 13432K, capacity 14619K, committed 15200K, reserved 1048576K
}
2021-01-19T08:03:35.872+0000: 16886.012: Total time for which application threads were stopped: 0.0080946 seconds, Stopping threads took: 0.0004060 seconds
{Heap before GC invocations=426 (full 6):
 par new generation   total 38080K, used 33905K [0x0000000085600000, 0x0000000087f50000, 0x000000009a2c0000)
  eden space 33856K, 100% used [0x0000000085600000, 0x0000000087710000, 0x0000000087710000)
  from space 4224K,   1% used [0x0000000087710000, 0x000000008771c4b0, 0x0000000087b30000)
  to   space 4224K,   0% used [0x0000000087b30000, 0x0000000087b30000, 0x0000000087f50000)
 concurrent mark-sweep generation total 118092K, used 72188K [0x000000009a2c0000, 0x00000000a1613000, 0x0000000100000000)
 Metaspace       used 109912K, capacity 116457K, committed 118828K, reserved 1153024K
  class space    used 13432K, capacity 14619K, committed 15200K, reserved 1048576K
2021-01-19T08:05:21.816+0000: 16991.957: [GC (Allocation Failure) 2021-01-19T08:05:21.817+0000: 16991.957: [ParNew
Desired survivor size 2162688 bytes, new threshold 6 (max 6)
- age   1:       3408 bytes,       3408 total
- age   6:         72 bytes,       3480 total
: 33905K->17K(38080K), 0.0077132 secs] 106093K->72206K(156172K), 0.0080411 secs] [Times: user=0.02 sys=0.01, real=0.01 secs] 
Heap after GC invocations=427 (full 6):
 par new generation   total 38080K, used 17K [0x0000000085600000, 0x0000000087f50000, 0x000000009a2c0000)
  eden space 33856K,   0% used [0x0000000085600000, 0x0000000085600000, 0x0000000087710000)
  from space 4224K,   0% used [0x0000000087b30000, 0x0000000087b344a0, 0x0000000087f50000)
  to   space 4224K,   0% used [0x0000000087710000, 0x0000000087710000, 0x0000000087b30000)
 concurrent mark-sweep generation total 118092K, used 72189K [0x000000009a2c0000, 0x00000000a1613000, 0x0000000100000000)
 Metaspace       used 109912K, capacity 116457K, committed 118828K, reserved 1153024K
  class space    used 13432K, capacity 14619K, committed 15200K, reserved 1048576K
}
2021-01-19T08:05:21.825+0000: 16991.965: Total time for which application threads were stopped: 0.0087193 seconds, Stopping threads took: 0.0000689 seconds
{Heap before GC invocations=427 (full 6):
 par new generation   total 38080K, used 33873K [0x0000000085600000, 0x0000000087f50000, 0x000000009a2c0000)
  eden space 33856K, 100% used [0x0000000085600000, 0x0000000087710000, 0x0000000087710000)
  from space 4224K,   0% used [0x0000000087b30000, 0x0000000087b344a0, 0x0000000087f50000)
  to   space 4224K,   0% used [0x0000000087710000, 0x0000000087710000, 0x0000000087b30000)
 concurrent mark-sweep generation total 118092K, used 72189K [0x000000009a2c0000, 0x00000000a1613000, 0x0000000100000000)
 Metaspace       used 109912K, capacity 116457K, committed 118828K, reserved 1153024K
  class space    used 13432K, capacity 14619K, committed 15200K, reserved 1048576K
2021-01-19T08:07:08.151+0000: 17098.291: [GC (Allocation Failure) 2021-01-19T08:07:08.151+0000: 17098.291: [ParNew
Desired survivor size 2162688 bytes, new threshold 6 (max 6)
- age   1:      71096 bytes,      71096 total
- age   2:         64 bytes,      71160 total
: 33873K->71K(38080K), 0.0089728 secs] 106062K->72260K(156172K), 0.0092128 secs] [Times: user=0.02 sys=0.00, real=0.01 secs] 
Heap after GC invocations=428 (full 6):
 par new generation   total 38080K, used 71K [0x0000000085600000, 0x0000000087f50000, 0x000000009a2c0000)
  eden space 33856K,   0% used [0x0000000085600000, 0x0000000085600000, 0x0000000087710000)
  from space 4224K,   1% used [0x0000000087710000, 0x0000000087721de0, 0x0000000087b30000)
  to   space 4224K,   0% used [0x0000000087b30000, 0x0000000087b30000, 0x0000000087f50000)
 concurrent mark-sweep generation total 118092K, used 72189K [0x000000009a2c0000, 0x00000000a1613000, 0x0000000100000000)
 Metaspace       used 109912K, capacity 116457K, committed 118828K, reserved 1153024K
  class space    used 13432K, capacity 14619K, committed 15200K, reserved 1048576K
}
2021-01-19T08:07:08.160+0000: 17098.300: Total time for which application threads were stopped: 0.0098406 seconds, Stopping threads took: 0.0000672 seconds
2021-01-19T08:07:12.161+0000: 17102.301: Total time for which application threads were stopped: 0.0004252 seconds, Stopping threads took: 0.0000760 seconds
{Heap before GC invocations=428 (full 6):
 par new generation   total 38080K, used 33927K [0x0000000085600000, 0x0000000087f50000, 0x000000009a2c0000)
  eden space 33856K, 100% used [0x0000000085600000, 0x0000000087710000, 0x0000000087710000)
  from space 4224K,   1% used [0x0000000087710000, 0x0000000087721de0, 0x0000000087b30000)
  to   space 4224K,   0% used [0x0000000087b30000, 0x0000000087b30000, 0x0000000087f50000)
 concurrent mark-sweep generation total 118092K, used 72189K [0x000000009a2c0000, 0x00000000a1613000, 0x0000000100000000)
 Metaspace       used 109912K, capacity 116457K, committed 118828K, reserved 1153024K
  class space    used 13432K, capacity 14619K, committed 15200K, reserved 1048576K
2021-01-19T08:08:54.521+0000: 17204.661: [GC (Allocation Failure) 2021-01-19T08:08:54.522+0000: 17204.662: [ParNew
Desired survivor size 2162688 bytes, new threshold 6 (max 6)
- age   1:       3752 bytes,       3752 total
: 33927K->8K(38080K), 0.0112710 secs] 106116K->72197K(156172K), 0.0118503 secs] [Times: user=0.02 sys=0.00, real=0.01 secs] 
Heap after GC invocations=429 (full 6):
 par new generation   total 38080K, used 8K [0x0000000085600000, 0x0000000087f50000, 0x000000009a2c0000)
  eden space 33856K,   0% used [0x0000000085600000, 0x0000000085600000, 0x0000000087710000)
  from space 4224K,   0% used [0x0000000087b30000, 0x0000000087b32040, 0x0000000087f50000)
  to   space 4224K,   0% used [0x0000000087710000, 0x0000000087710000, 0x0000000087b30000)
 concurrent mark-sweep generation total 118092K, used 72189K [0x000000009a2c0000, 0x00000000a1613000, 0x0000000100000000)
 Metaspace       used 109912K, capacity 116457K, committed 118828K, reserved 1153024K
  class space    used 13432K, capacity 14619K, committed 15200K, reserved 1048576K
}
2021-01-19T08:08:54.533+0000: 17204.674: Total time for which application threads were stopped: 0.0133504 seconds, Stopping threads took: 0.0003796 seconds
2021-01-19T08:09:12.537+0000: 17222.677: Total time for which application threads were stopped: 0.0005723 seconds, Stopping threads took: 0.0000682 seconds
{Heap before GC invocations=429 (full 6):
 par new generation   total 38080K, used 33864K [0x0000000085600000, 0x0000000087f50000, 0x000000009a2c0000)
  eden space 33856K, 100% used [0x0000000085600000, 0x0000000087710000, 0x0000000087710000)
  from space 4224K,   0% used [0x0000000087b30000, 0x0000000087b32040, 0x0000000087f50000)
  to   space 4224K,   0% used [0x0000000087710000, 0x0000000087710000, 0x0000000087b30000)
 concurrent mark-sweep generation total 118092K, used 72189K [0x000000009a2c0000, 0x00000000a1613000, 0x0000000100000000)
 Metaspace       used 109912K, capacity 116457K, committed 118828K, reserved 1153024K
  class space    used 13432K, capacity 14619K, committed 15200K, reserved 1048576K
2021-01-19T08:10:40.955+0000: 17311.095: [GC (Allocation Failure) 2021-01-19T08:10:40.955+0000: 17311.095: [ParNew
Desired survivor size 2162688 bytes, new threshold 6 (max 6)
- age   1:       3720 bytes,       3720 total
- age   2:         32 bytes,       3752 total
: 33864K->6K(38080K), 0.0107636 secs] 106053K->72195K(156172K), 0.0111090 secs] [Times: user=0.03 sys=0.00, real=0.02 secs] 
Heap after GC invocations=430 (full 6):
 par new generation   total 38080K, used 6K [0x0000000085600000, 0x0000000087f50000, 0x000000009a2c0000)
  eden space 33856K,   0% used [0x0000000085600000, 0x0000000085600000, 0x0000000087710000)
  from space 4224K,   0% used [0x0000000087710000, 0x0000000087711830, 0x0000000087b30000)
  to   space 4224K,   0% used [0x0000000087b30000, 0x0000000087b30000, 0x0000000087f50000)
 concurrent mark-sweep generation total 118092K, used 72189K [0x000000009a2c0000, 0x00000000a1613000, 0x0000000100000000)
 Metaspace       used 109912K, capacity 116457K, committed 118828K, reserved 1153024K
  class space    used 13432K, capacity 14619K, committed 15200K, reserved 1048576K
}
2021-01-19T08:10:40.966+0000: 17311.107: Total time for which application threads were stopped: 0.0125117 seconds, Stopping threads took: 0.0004245 seconds
{Heap before GC invocations=430 (full 6):
 par new generation   total 38080K, used 33862K [0x0000000085600000, 0x0000000087f50000, 0x000000009a2c0000)
  eden space 33856K, 100% used [0x0000000085600000, 0x0000000087710000, 0x0000000087710000)
  from space 4224K,   0% used [0x0000000087710000, 0x0000000087711830, 0x0000000087b30000)
  to   space 4224K,   0% used [0x0000000087b30000, 0x0000000087b30000, 0x0000000087f50000)
 concurrent mark-sweep generation total 118092K, used 72189K [0x000000009a2c0000, 0x00000000a1613000, 0x0000000100000000)
 Metaspace       used 109912K, capacity 116457K, committed 118828K, reserved 1153024K
  class space    used 13432K, capacity 14619K, committed 15200K, reserved 1048576K
2021-01-19T08:12:26.929+0000: 17417.070: [GC (Allocation Failure) 2021-01-19T08:12:26.930+0000: 17417.070: [ParNew
Desired survivor size 2162688 bytes, new threshold 6 (max 6)
- age   1:       3648 bytes,       3648 total
: 33862K->8K(38080K), 0.0043315 secs] 106051K->72197K(156172K), 0.0045907 secs] [Times: user=0.01 sys=0.00, real=0.00 secs] 
Heap after GC invocations=431 (full 6):
 par new generation   total 38080K, used 8K [0x0000000085600000, 0x0000000087f50000, 0x000000009a2c0000)
  eden space 33856K,   0% used [0x0000000085600000, 0x0000000085600000, 0x0000000087710000)
  from space 4224K,   0% used [0x0000000087b30000, 0x0000000087b32040, 0x0000000087f50000)
  to   space 4224K,   0% used [0x0000000087710000, 0x0000000087710000, 0x0000000087b30000)
 concurrent mark-sweep generation total 118092K, used 72189K [0x000000009a2c0000, 0x00000000a1613000, 0x0000000100000000)
 Metaspace       used 109912K, capacity 116457K, committed 118828K, reserved 1153024K
  class space    used 13432K, capacity 14619K, committed 15200K, reserved 1048576K
}
2021-01-19T08:12:26.934+0000: 17417.074: Total time for which application threads were stopped: 0.0055655 seconds, Stopping threads took: 0.0003593 seconds
{Heap before GC invocations=431 (full 6):
 par new generation   total 38080K, used 33864K [0x0000000085600000, 0x0000000087f50000, 0x000000009a2c0000)
  eden space 33856K, 100% used [0x0000000085600000, 0x0000000087710000, 0x0000000087710000)
  from space 4224K,   0% used [0x0000000087b30000, 0x0000000087b32040, 0x0000000087f50000)
  to   space 4224K,   0% used [0x0000000087710000, 0x0000000087710000, 0x0000000087b30000)
 concurrent mark-sweep generation total 118092K, used 72189K [0x000000009a2c0000, 0x00000000a1613000, 0x0000000100000000)
 Metaspace       used 109912K, capacity 116457K, committed 118828K, reserved 1153024K
  class space    used 13432K, capacity 14619K, committed 15200K, reserved 1048576K
2021-01-19T08:14:13.003+0000: 17523.143: [GC (Allocation Failure) 2021-01-19T08:14:13.003+0000: 17523.143: [ParNew
Desired survivor size 2162688 bytes, new threshold 6 (max 6)
- age   1:      37656 bytes,      37656 total
: 33864K->38K(38080K), 0.0080666 secs] 106053K->72227K(156172K), 0.0083283 secs] [Times: user=0.02 sys=0.00, real=0.01 secs] 
Heap after GC invocations=432 (full 6):
 par new generation   total 38080K, used 38K [0x0000000085600000, 0x0000000087f50000, 0x000000009a2c0000)
  eden space 33856K,   0% used [0x0000000085600000, 0x0000000085600000, 0x0000000087710000)
  from space 4224K,   0% used [0x0000000087710000, 0x0000000087719b08, 0x0000000087b30000)
  to   space 4224K,   0% used [0x0000000087b30000, 0x0000000087b30000, 0x0000000087f50000)
 concurrent mark-sweep generation total 118092K, used 72189K [0x000000009a2c0000, 0x00000000a1613000, 0x0000000100000000)
 Metaspace       used 109912K, capacity 116457K, committed 118828K, reserved 1153024K
  class space    used 13432K, capacity 14619K, committed 15200K, reserved 1048576K
}
2021-01-19T08:14:13.012+0000: 17523.152: Total time for which application threads were stopped: 0.0091525 seconds, Stopping threads took: 0.0001831 seconds
{Heap before GC invocations=432 (full 6):
 par new generation   total 38080K, used 33894K [0x0000000085600000, 0x0000000087f50000, 0x000000009a2c0000)
  eden space 33856K, 100% used [0x0000000085600000, 0x0000000087710000, 0x0000000087710000)
  from space 4224K,   0% used [0x0000000087710000, 0x0000000087719b08, 0x0000000087b30000)
  to   space 4224K,   0% used [0x0000000087b30000, 0x0000000087b30000, 0x0000000087f50000)
 concurrent mark-sweep generation total 118092K, used 72189K [0x000000009a2c0000, 0x00000000a1613000, 0x0000000100000000)
 Metaspace       used 109912K, capacity 116457K, committed 118828K, reserved 1153024K
  class space    used 13432K, capacity 14619K, committed 15200K, reserved 1048576K
2021-01-19T08:15:59.552+0000: 17629.692: [GC (Allocation Failure) 2021-01-19T08:15:59.553+0000: 17629.693: [ParNew
Desired survivor size 2162688 bytes, new threshold 6 (max 6)
- age   1:       3504 bytes,       3504 total
- age   2:        112 bytes,       3616 total
: 33894K->6K(38080K), 0.0082603 secs] 106083K->72195K(156172K), 0.0085492 secs] [Times: user=0.02 sys=0.01, real=0.01 secs] 
Heap after GC invocations=433 (full 6):
 par new generation   total 38080K, used 6K [0x0000000085600000, 0x0000000087f50000, 0x000000009a2c0000)
  eden space 33856K,   0% used [0x0000000085600000, 0x0000000085600000, 0x0000000087710000)
  from space 4224K,   0% used [0x0000000087b30000, 0x0000000087b31830, 0x0000000087f50000)
  to   space 4224K,   0% used [0x0000000087710000, 0x0000000087710000, 0x0000000087b30000)
 concurrent mark-sweep generation total 118092K, used 72189K [0x000000009a2c0000, 0x00000000a1613000, 0x0000000100000000)
 Metaspace       used 109912K, capacity 116457K, committed 118828K, reserved 1153024K
  class space    used 13432K, capacity 14619K, committed 15200K, reserved 1048576K
}
2021-01-19T08:15:59.561+0000: 17629.701: Total time for which application threads were stopped: 0.0093417 seconds, Stopping threads took: 0.0001509 seconds
{Heap before GC invocations=433 (full 6):
 par new generation   total 38080K, used 33862K [0x0000000085600000, 0x0000000087f50000, 0x000000009a2c0000)
  eden space 33856K, 100% used [0x0000000085600000, 0x0000000087710000, 0x0000000087710000)
  from space 4224K,   0% used [0x0000000087b30000, 0x0000000087b31830, 0x0000000087f50000)
  to   space 4224K,   0% used [0x0000000087710000, 0x0000000087710000, 0x0000000087b30000)
 concurrent mark-sweep generation total 118092K, used 72189K [0x000000009a2c0000, 0x00000000a1613000, 0x0000000100000000)
 Metaspace       used 109912K, capacity 116457K, committed 118828K, reserved 1153024K
  class space    used 13432K, capacity 14619K, committed 15200K, reserved 1048576K
2021-01-19T08:17:46.011+0000: 17736.151: [GC (Allocation Failure) 2021-01-19T08:17:46.011+0000: 17736.151: [ParNew
Desired survivor size 2162688 bytes, new threshold 6 (max 6)
- age   1:       3616 bytes,       3616 total
: 33862K->6K(38080K), 0.0047598 secs] 106051K->72195K(156172K), 0.0050047 secs] [Times: user=0.01 sys=0.00, real=0.00 secs] 
Heap after GC invocations=434 (full 6):
 par new generation   total 38080K, used 6K [0x0000000085600000, 0x0000000087f50000, 0x000000009a2c0000)
  eden space 33856K,   0% used [0x0000000085600000, 0x0000000085600000, 0x0000000087710000)
  from space 4224K,   0% used [0x0000000087710000, 0x0000000087711830, 0x0000000087b30000)
  to   space 4224K,   0% used [0x0000000087b30000, 0x0000000087b30000, 0x0000000087f50000)
 concurrent mark-sweep generation total 118092K, used 72189K [0x000000009a2c0000, 0x00000000a1613000, 0x0000000100000000)
 Metaspace       used 109912K, capacity 116457K, committed 118828K, reserved 1153024K
  class space    used 13432K, capacity 14619K, committed 15200K, reserved 1048576K
}
2021-01-19T08:17:46.016+0000: 17736.156: Total time for which application threads were stopped: 0.0056242 seconds, Stopping threads took: 0.0000660 seconds
{Heap before GC invocations=434 (full 6):
 par new generation   total 38080K, used 33862K [0x0000000085600000, 0x0000000087f50000, 0x000000009a2c0000)
  eden space 33856K, 100% used [0x0000000085600000, 0x0000000087710000, 0x0000000087710000)
  from space 4224K,   0% used [0x0000000087710000, 0x0000000087711830, 0x0000000087b30000)
  to   space 4224K,   0% used [0x0000000087b30000, 0x0000000087b30000, 0x0000000087f50000)
 concurrent mark-sweep generation total 118092K, used 72189K [0x000000009a2c0000, 0x00000000a1613000, 0x0000000100000000)
 Metaspace       used 109919K, capacity 116457K, committed 118828K, reserved 1153024K
  class space    used 13432K, capacity 14619K, committed 15200K, reserved 1048576K
2021-01-19T08:19:27.978+0000: 17838.118: [GC (Allocation Failure) 2021-01-19T08:19:27.978+0000: 17838.118: [ParNew
Desired survivor size 2162688 bytes, new threshold 6 (max 6)
- age   1:     657768 bytes,     657768 total
- age   2:        216 bytes,     657984 total
: 33862K->651K(38080K), 0.0104112 secs] 106051K->72840K(156172K), 0.0106396 secs] [Times: user=0.02 sys=0.00, real=0.01 secs] 
Heap after GC invocations=435 (full 6):
 par new generation   total 38080K, used 651K [0x0000000085600000, 0x0000000087f50000, 0x000000009a2c0000)
  eden space 33856K,   0% used [0x0000000085600000, 0x0000000085600000, 0x0000000087710000)
  from space 4224K,  15% used [0x0000000087b30000, 0x0000000087bd2e28, 0x0000000087f50000)
  to   space 4224K,   0% used [0x0000000087710000, 0x0000000087710000, 0x0000000087b30000)
 concurrent mark-sweep generation total 118092K, used 72189K [0x000000009a2c0000, 0x00000000a1613000, 0x0000000100000000)
 Metaspace       used 109919K, capacity 116457K, committed 118828K, reserved 1153024K
  class space    used 13432K, capacity 14619K, committed 15200K, reserved 1048576K
}
2021-01-19T08:19:27.989+0000: 17838.129: Total time for which application threads were stopped: 0.0118251 seconds, Stopping threads took: 0.0001676 seconds
2021-01-19T08:19:32.990+0000: 17843.130: Total time for which application threads were stopped: 0.0004672 seconds, Stopping threads took: 0.0000735 seconds
{Heap before GC invocations=435 (full 6):
 par new generation   total 38080K, used 34507K [0x0000000085600000, 0x0000000087f50000, 0x000000009a2c0000)
  eden space 33856K, 100% used [0x0000000085600000, 0x0000000087710000, 0x0000000087710000)
  from space 4224K,  15% used [0x0000000087b30000, 0x0000000087bd2e28, 0x0000000087f50000)
  to   space 4224K,   0% used [0x0000000087710000, 0x0000000087710000, 0x0000000087b30000)
 concurrent mark-sweep generation total 118092K, used 72189K [0x000000009a2c0000, 0x00000000a1613000, 0x0000000100000000)
 Metaspace       used 109921K, capacity 116457K, committed 118828K, reserved 1153024K
  class space    used 13432K, capacity 14619K, committed 15200K, reserved 1048576K
2021-01-19T08:21:12.958+0000: 17943.098: [GC (Allocation Failure) 2021-01-19T08:21:12.958+0000: 17943.099: [ParNew
Desired survivor size 2162688 bytes, new threshold 6 (max 6)
- age   1:     218104 bytes,     218104 total
- age   2:     649928 bytes,     868032 total
- age   3:        184 bytes,     868216 total
: 34507K->1011K(38080K), 0.0138896 secs] 106696K->73200K(156172K), 0.0141620 secs] [Times: user=0.04 sys=0.00, real=0.01 secs] 
Heap after GC invocations=436 (full 6):
 par new generation   total 38080K, used 1011K [0x0000000085600000, 0x0000000087f50000, 0x000000009a2c0000)
  eden space 33856K,   0% used [0x0000000085600000, 0x0000000085600000, 0x0000000087710000)
  from space 4224K,  23% used [0x0000000087710000, 0x000000008780cd78, 0x0000000087b30000)
  to   space 4224K,   0% used [0x0000000087b30000, 0x0000000087b30000, 0x0000000087f50000)
 concurrent mark-sweep generation total 118092K, used 72189K [0x000000009a2c0000, 0x00000000a1613000, 0x0000000100000000)
 Metaspace       used 109921K, capacity 116457K, committed 118828K, reserved 1153024K
  class space    used 13432K, capacity 14619K, committed 15200K, reserved 1048576K
}
2021-01-19T08:21:12.973+0000: 17943.113: Total time for which application threads were stopped: 0.0148326 seconds, Stopping threads took: 0.0000662 seconds
{Heap before GC invocations=436 (full 6):
 par new generation   total 38080K, used 34867K [0x0000000085600000, 0x0000000087f50000, 0x000000009a2c0000)
  eden space 33856K, 100% used [0x0000000085600000, 0x0000000087710000, 0x0000000087710000)
  from space 4224K,  23% used [0x0000000087710000, 0x000000008780cd78, 0x0000000087b30000)
  to   space 4224K,   0% used [0x0000000087b30000, 0x0000000087b30000, 0x0000000087f50000)
 concurrent mark-sweep generation total 118092K, used 72189K [0x000000009a2c0000, 0x00000000a1613000, 0x0000000100000000)
 Metaspace       used 109921K, capacity 116457K, committed 118828K, reserved 1153024K
  class space    used 13432K, capacity 14619K, committed 15200K, reserved 1048576K
2021-01-19T08:22:59.650+0000: 18049.791: [GC (Allocation Failure) 2021-01-19T08:22:59.651+0000: 18049.791: [ParNew
Desired survivor size 2162688 bytes, new threshold 6 (max 6)
- age   1:       5016 bytes,       5016 total
- age   2:     180752 bytes,     185768 total
- age   3:     648792 bytes,     834560 total
- age   4:        184 bytes,     834744 total
: 34867K->1234K(38080K), 0.0052963 secs] 107056K->73423K(156172K), 0.0055113 secs] [Times: user=0.02 sys=0.00, real=0.00 secs] 
Heap after GC invocations=437 (full 6):
 par new generation   total 38080K, used 1234K [0x0000000085600000, 0x0000000087f50000, 0x000000009a2c0000)
  eden space 33856K,   0% used [0x0000000085600000, 0x0000000085600000, 0x0000000087710000)
  from space 4224K,  29% used [0x0000000087b30000, 0x0000000087c64b00, 0x0000000087f50000)
  to   space 4224K,   0% used [0x0000000087710000, 0x0000000087710000, 0x0000000087b30000)
 concurrent mark-sweep generation total 118092K, used 72189K [0x000000009a2c0000, 0x00000000a1613000, 0x0000000100000000)
 Metaspace       used 109921K, capacity 116457K, committed 118828K, reserved 1153024K
  class space    used 13432K, capacity 14619K, committed 15200K, reserved 1048576K
}
2021-01-19T08:22:59.656+0000: 18049.796: Total time for which application threads were stopped: 0.0064672 seconds, Stopping threads took: 0.0003130 seconds
2021-01-19T08:24:04.666+0000: 18114.806: Total time for which application threads were stopped: 0.0004311 seconds, Stopping threads took: 0.0000677 seconds
2021-01-19T08:24:05.667+0000: 18115.807: Total time for which application threads were stopped: 0.0005081 seconds, Stopping threads took: 0.0001417 seconds
2021-01-19T08:24:07.667+0000: 18117.808: Total time for which application threads were stopped: 0.0004646 seconds, Stopping threads took: 0.0000718 seconds
{Heap before GC invocations=437 (full 6):
 par new generation   total 38080K, used 35090K [0x0000000085600000, 0x0000000087f50000, 0x000000009a2c0000)
  eden space 33856K, 100% used [0x0000000085600000, 0x0000000087710000, 0x0000000087710000)
  from space 4224K,  29% used [0x0000000087b30000, 0x0000000087c64b00, 0x0000000087f50000)
  to   space 4224K,   0% used [0x0000000087710000, 0x0000000087710000, 0x0000000087b30000)
 concurrent mark-sweep generation total 118092K, used 72189K [0x000000009a2c0000, 0x00000000a1613000, 0x0000000100000000)
 Metaspace       used 109981K, capacity 116525K, committed 118828K, reserved 1153024K
  class space    used 13432K, capacity 14619K, committed 15200K, reserved 1048576K
2021-01-19T08:24:42.827+0000: 18152.967: [GC (Allocation Failure) 2021-01-19T08:24:42.827+0000: 18152.967: [ParNew
Desired survivor size 2162688 bytes, new threshold 6 (max 6)
- age   1:       9920 bytes,       9920 total
- age   2:        608 bytes,      10528 total
- age   3:     180688 bytes,     191216 total
- age   4:     648792 bytes,     840008 total
- age   5:        184 bytes,     840192 total
: 35090K->957K(38080K), 0.0054791 secs] 107279K->73146K(156172K), 0.0057173 secs] [Times: user=0.01 sys=0.00, real=0.00 secs] 
Heap after GC invocations=438 (full 6):
 par new generation   total 38080K, used 957K [0x0000000085600000, 0x0000000087f50000, 0x000000009a2c0000)
  eden space 33856K,   0% used [0x0000000085600000, 0x0000000085600000, 0x0000000087710000)
  from space 4224K,  22% used [0x0000000087710000, 0x00000000877ff4c0, 0x0000000087b30000)
  to   space 4224K,   0% used [0x0000000087b30000, 0x0000000087b30000, 0x0000000087f50000)
 concurrent mark-sweep generation total 118092K, used 72189K [0x000000009a2c0000, 0x00000000a1613000, 0x0000000100000000)
 Metaspace       used 109981K, capacity 116525K, committed 118828K, reserved 1153024K
  class space    used 13432K, capacity 14619K, committed 15200K, reserved 1048576K
}
2021-01-19T08:24:42.833+0000: 18152.973: Total time for which application threads were stopped: 0.0063828 seconds, Stopping threads took: 0.0000714 seconds
{Heap before GC invocations=438 (full 6):
 par new generation   total 38080K, used 34813K [0x0000000085600000, 0x0000000087f50000, 0x000000009a2c0000)
  eden space 33856K, 100% used [0x0000000085600000, 0x0000000087710000, 0x0000000087710000)
  from space 4224K,  22% used [0x0000000087710000, 0x00000000877ff4c0, 0x0000000087b30000)
  to   space 4224K,   0% used [0x0000000087b30000, 0x0000000087b30000, 0x0000000087f50000)
 concurrent mark-sweep generation total 118092K, used 72189K [0x000000009a2c0000, 0x00000000a1613000, 0x0000000100000000)
 Metaspace       used 109981K, capacity 116525K, committed 118828K, reserved 1153024K
  class space    used 13432K, capacity 14619K, committed 15200K, reserved 1048576K
2021-01-19T08:26:28.404+0000: 18258.544: [GC (Allocation Failure) 2021-01-19T08:26:28.404+0000: 18258.544: [ParNew
Desired survivor size 2162688 bytes, new threshold 6 (max 6)
- age   1:       3344 bytes,       3344 total
- age   2:       6176 bytes,       9520 total
- age   3:        576 bytes,      10096 total
- age   4:     180688 bytes,     190784 total
- age   5:     648792 bytes,     839576 total
- age   6:        184 bytes,     839760 total
: 34813K->1008K(38080K), 0.0059952 secs] 107002K->73197K(156172K), 0.0062427 secs] [Times: user=0.02 sys=0.00, real=0.01 secs] 
Heap after GC invocations=439 (full 6):
 par new generation   total 38080K, used 1008K [0x0000000085600000, 0x0000000087f50000, 0x000000009a2c0000)
  eden space 33856K,   0% used [0x0000000085600000, 0x0000000085600000, 0x0000000087710000)
  from space 4224K,  23% used [0x0000000087b30000, 0x0000000087c2c238, 0x0000000087f50000)
  to   space 4224K,   0% used [0x0000000087710000, 0x0000000087710000, 0x0000000087b30000)
 concurrent mark-sweep generation total 118092K, used 72189K [0x000000009a2c0000, 0x00000000a1613000, 0x0000000100000000)
 Metaspace       used 109981K, capacity 116525K, committed 118828K, reserved 1153024K
  class space    used 13432K, capacity 14619K, committed 15200K, reserved 1048576K
}
2021-01-19T08:26:28.410+0000: 18258.550: Total time for which application threads were stopped: 0.0069025 seconds, Stopping threads took: 0.0000817 seconds
{Heap before GC invocations=439 (full 6):
 par new generation   total 38080K, used 34864K [0x0000000085600000, 0x0000000087f50000, 0x000000009a2c0000)
  eden space 33856K, 100% used [0x0000000085600000, 0x0000000087710000, 0x0000000087710000)
  from space 4224K,  23% used [0x0000000087b30000, 0x0000000087c2c238, 0x0000000087f50000)
  to   space 4224K,   0% used [0x0000000087710000, 0x0000000087710000, 0x0000000087b30000)
 concurrent mark-sweep generation total 118092K, used 72189K [0x000000009a2c0000, 0x00000000a1613000, 0x0000000100000000)
 Metaspace       used 109981K, capacity 116525K, committed 118828K, reserved 1153024K
  class space    used 13432K, capacity 14619K, committed 15200K, reserved 1048576K
2021-01-19T08:28:13.527+0000: 18363.667: [GC (Allocation Failure) 2021-01-19T08:28:13.528+0000: 18363.668: [ParNew
Desired survivor size 2162688 bytes, new threshold 6 (max 6)
- age   1:      37304 bytes,      37304 total
- age   3:       6176 bytes,      43480 total
- age   4:        576 bytes,      44056 total
- age   5:     180688 bytes,     224744 total
- age   6:     648792 bytes,     873536 total
: 34864K->1225K(38080K), 0.0060089 secs] 107053K->73414K(156172K), 0.0062767 secs] [Times: user=0.03 sys=0.00, real=0.00 secs] 
Heap after GC invocations=440 (full 6):
 par new generation   total 38080K, used 1225K [0x0000000085600000, 0x0000000087f50000, 0x000000009a2c0000)
  eden space 33856K,   0% used [0x0000000085600000, 0x0000000085600000, 0x0000000087710000)
  from space 4224K,  29% used [0x0000000087710000, 0x00000000878424b0, 0x0000000087b30000)
  to   space 4224K,   0% used [0x0000000087b30000, 0x0000000087b30000, 0x0000000087f50000)
 concurrent mark-sweep generation total 118092K, used 72189K [0x000000009a2c0000, 0x00000000a1613000, 0x0000000100000000)
 Metaspace       used 109981K, capacity 116525K, committed 118828K, reserved 1153024K
  class space    used 13432K, capacity 14619K, committed 15200K, reserved 1048576K
}
2021-01-19T08:28:13.534+0000: 18363.674: Total time for which application threads were stopped: 0.0072752 seconds, Stopping threads took: 0.0002200 seconds
2021-01-19T08:29:12.543+0000: 18422.683: Total time for which application threads were stopped: 0.0007220 seconds, Stopping threads took: 0.0001273 seconds
{Heap before GC invocations=440 (full 6):
 par new generation   total 38080K, used 35081K [0x0000000085600000, 0x0000000087f50000, 0x000000009a2c0000)
  eden space 33856K, 100% used [0x0000000085600000, 0x0000000087710000, 0x0000000087710000)
  from space 4224K,  29% used [0x0000000087710000, 0x00000000878424b0, 0x0000000087b30000)
  to   space 4224K,   0% used [0x0000000087b30000, 0x0000000087b30000, 0x0000000087f50000)
 concurrent mark-sweep generation total 118092K, used 72189K [0x000000009a2c0000, 0x00000000a1613000, 0x0000000100000000)
 Metaspace       used 109981K, capacity 116525K, committed 118828K, reserved 1153024K
  class space    used 13432K, capacity 14619K, committed 15200K, reserved 1048576K
2021-01-19T08:29:59.056+0000: 18469.196: [GC (Allocation Failure) 2021-01-19T08:29:59.056+0000: 18469.196: [ParNew
Desired survivor size 2162688 bytes, new threshold 6 (max 6)
- age   1:       3744 bytes,       3744 total
- age   2:         64 bytes,       3808 total
- age   4:       6176 bytes,       9984 total
- age   5:        576 bytes,      10560 total
- age   6:     180688 bytes,     191248 total
: 35081K->844K(38080K), 0.0065531 secs] 107270K->73675K(156172K), 0.0067932 secs] [Times: user=0.03 sys=0.00, real=0.01 secs] 
Heap after GC invocations=441 (full 6):
 par new generation   total 38080K, used 844K [0x0000000085600000, 0x0000000087f50000, 0x000000009a2c0000)
  eden space 33856K,   0% used [0x0000000085600000, 0x0000000085600000, 0x0000000087710000)
  from space 4224K,  19% used [0x0000000087b30000, 0x0000000087c03020, 0x0000000087f50000)
  to   space 4224K,   0% used [0x0000000087710000, 0x0000000087710000, 0x0000000087b30000)
 concurrent mark-sweep generation total 118092K, used 72831K [0x000000009a2c0000, 0x00000000a1613000, 0x0000000100000000)
 Metaspace       used 109981K, capacity 116525K, committed 118828K, reserved 1153024K
  class space    used 13432K, capacity 14619K, committed 15200K, reserved 1048576K
}
2021-01-19T08:29:59.063+0000: 18469.203: Total time for which application threads were stopped: 0.0073968 seconds, Stopping threads took: 0.0000650 seconds
{Heap before GC invocations=441 (full 6):
 par new generation   total 38080K, used 34700K [0x0000000085600000, 0x0000000087f50000, 0x000000009a2c0000)
  eden space 33856K, 100% used [0x0000000085600000, 0x0000000087710000, 0x0000000087710000)
  from space 4224K,  19% used [0x0000000087b30000, 0x0000000087c03020, 0x0000000087f50000)
  to   space 4224K,   0% used [0x0000000087710000, 0x0000000087710000, 0x0000000087b30000)
 concurrent mark-sweep generation total 118092K, used 72831K [0x000000009a2c0000, 0x00000000a1613000, 0x0000000100000000)
 Metaspace       used 109981K, capacity 116525K, committed 118828K, reserved 1153024K
  class space    used 13432K, capacity 14619K, committed 15200K, reserved 1048576K
2021-01-19T08:31:44.511+0000: 18574.651: [GC (Allocation Failure) 2021-01-19T08:31:44.511+0000: 18574.651: [ParNew
Desired survivor size 2162688 bytes, new threshold 6 (max 6)
- age   1:       3568 bytes,       3568 total
- age   5:       6176 bytes,       9744 total
- age   6:        576 bytes,      10320 total
: 34700K->193K(38080K), 0.0060732 secs] 107531K->73203K(156172K), 0.0063616 secs] [Times: user=0.02 sys=0.00, real=0.01 secs] 
Heap after GC invocations=442 (full 6):
 par new generation   total 38080K, used 193K [0x0000000085600000, 0x0000000087f50000, 0x000000009a2c0000)
  eden space 33856K,   0% used [0x0000000085600000, 0x0000000085600000, 0x0000000087710000)
  from space 4224K,   4% used [0x0000000087710000, 0x0000000087740510, 0x0000000087b30000)
  to   space 4224K,   0% used [0x0000000087b30000, 0x0000000087b30000, 0x0000000087f50000)
 concurrent mark-sweep generation total 118092K, used 73010K [0x000000009a2c0000, 0x00000000a1613000, 0x0000000100000000)
 Metaspace       used 109981K, capacity 116525K, committed 118828K, reserved 1153024K
  class space    used 13432K, capacity 14619K, committed 15200K, reserved 1048576K
}
2021-01-19T08:31:44.518+0000: 18574.658: Total time for which application threads were stopped: 0.0072154 seconds, Stopping threads took: 0.0000590 seconds
{Heap before GC invocations=442 (full 6):
 par new generation   total 38080K, used 34049K [0x0000000085600000, 0x0000000087f50000, 0x000000009a2c0000)
  eden space 33856K, 100% used [0x0000000085600000, 0x0000000087710000, 0x0000000087710000)
  from space 4224K,   4% used [0x0000000087710000, 0x0000000087740510, 0x0000000087b30000)
  to   space 4224K,   0% used [0x0000000087b30000, 0x0000000087b30000, 0x0000000087f50000)
 concurrent mark-sweep generation total 118092K, used 73010K [0x000000009a2c0000, 0x00000000a1613000, 0x0000000100000000)
 Metaspace       used 109981K, capacity 116525K, committed 118828K, reserved 1153024K
  class space    used 13432K, capacity 14619K, committed 15200K, reserved 1048576K
2021-01-19T08:33:29.976+0000: 18680.116: [GC (Allocation Failure) 2021-01-19T08:33:29.977+0000: 18680.117: [ParNew
Desired survivor size 2162688 bytes, new threshold 6 (max 6)
- age   1:       4472 bytes,       4472 total
- age   2:         32 bytes,       4504 total
- age   6:       6224 bytes,      10728 total
: 34049K->49K(38080K), 0.0049317 secs] 107059K->73060K(156172K), 0.0052250 secs] [Times: user=0.01 sys=0.00, real=0.01 secs] 
Heap after GC invocations=443 (full 6):
 par new generation   total 38080K, used 49K [0x0000000085600000, 0x0000000087f50000, 0x000000009a2c0000)
  eden space 33856K,   0% used [0x0000000085600000, 0x0000000085600000, 0x0000000087710000)
  from space 4224K,   1% used [0x0000000087b30000, 0x0000000087b3c6f0, 0x0000000087f50000)
  to   space 4224K,   0% used [0x0000000087710000, 0x0000000087710000, 0x0000000087b30000)
 concurrent mark-sweep generation total 118092K, used 73010K [0x000000009a2c0000, 0x00000000a1613000, 0x0000000100000000)
 Metaspace       used 109981K, capacity 116525K, committed 118828K, reserved 1153024K
  class space    used 13432K, capacity 14619K, committed 15200K, reserved 1048576K
}
2021-01-19T08:33:29.982+0000: 18680.122: Total time for which application threads were stopped: 0.0061231 seconds, Stopping threads took: 0.0002199 seconds
2021-01-19T08:35:02.995+0000: 18773.135: Total time for which application threads were stopped: 0.0003716 seconds, Stopping threads took: 0.0000733 seconds
2021-01-19T08:35:07.996+0000: 18778.136: Total time for which application threads were stopped: 0.0004908 seconds, Stopping threads took: 0.0000847 seconds
2021-01-19T08:35:08.996+0000: 18779.136: Total time for which application threads were stopped: 0.0005418 seconds, Stopping threads took: 0.0001033 seconds
2021-01-19T08:35:11.997+0000: 18782.137: Total time for which application threads were stopped: 0.0004822 seconds, Stopping threads took: 0.0000726 seconds
{Heap before GC invocations=443 (full 6):
 par new generation   total 38080K, used 33905K [0x0000000085600000, 0x0000000087f50000, 0x000000009a2c0000)
  eden space 33856K, 100% used [0x0000000085600000, 0x0000000087710000, 0x0000000087710000)
  from space 4224K,   1% used [0x0000000087b30000, 0x0000000087b3c6f0, 0x0000000087f50000)
  to   space 4224K,   0% used [0x0000000087710000, 0x0000000087710000, 0x0000000087b30000)
 concurrent mark-sweep generation total 118092K, used 73010K [0x000000009a2c0000, 0x00000000a1613000, 0x0000000100000000)
 Metaspace       used 109981K, capacity 116525K, committed 118828K, reserved 1153024K
  class space    used 13432K, capacity 14619K, committed 15200K, reserved 1048576K
2021-01-19T08:35:15.503+0000: 18785.643: [GC (Allocation Failure) 2021-01-19T08:35:15.503+0000: 18785.643: [ParNew
Desired survivor size 2162688 bytes, new threshold 6 (max 6)
- age   1:      37544 bytes,      37544 total
: 33905K->51K(38080K), 0.0084138 secs] 106916K->73068K(156172K), 0.0088371 secs] [Times: user=0.03 sys=0.00, real=0.01 secs] 
Heap after GC invocations=444 (full 6):
 par new generation   total 38080K, used 51K [0x0000000085600000, 0x0000000087f50000, 0x000000009a2c0000)
  eden space 33856K,   0% used [0x0000000085600000, 0x0000000085600000, 0x0000000087710000)
  from space 4224K,   1% used [0x0000000087710000, 0x000000008771ccb0, 0x0000000087b30000)
  to   space 4224K,   0% used [0x0000000087b30000, 0x0000000087b30000, 0x0000000087f50000)
 concurrent mark-sweep generation total 118092K, used 73017K [0x000000009a2c0000, 0x00000000a1613000, 0x0000000100000000)
 Metaspace       used 109981K, capacity 116525K, committed 118828K, reserved 1153024K
  class space    used 13432K, capacity 14619K, committed 15200K, reserved 1048576K
}
2021-01-19T08:35:15.512+0000: 18785.652: Total time for which application threads were stopped: 0.0095989 seconds, Stopping threads took: 0.0000740 seconds
2021-01-19T08:36:52.525+0000: 18882.665: Total time for which application threads were stopped: 0.0003603 seconds, Stopping threads took: 0.0000666 seconds
{Heap before GC invocations=444 (full 6):
 par new generation   total 38080K, used 33907K [0x0000000085600000, 0x0000000087f50000, 0x000000009a2c0000)
  eden space 33856K, 100% used [0x0000000085600000, 0x0000000087710000, 0x0000000087710000)
  from space 4224K,   1% used [0x0000000087710000, 0x000000008771ccb0, 0x0000000087b30000)
  to   space 4224K,   0% used [0x0000000087b30000, 0x0000000087b30000, 0x0000000087f50000)
 concurrent mark-sweep generation total 118092K, used 73017K [0x000000009a2c0000, 0x00000000a1613000, 0x0000000100000000)
 Metaspace       used 109981K, capacity 116525K, committed 118828K, reserved 1153024K
  class space    used 13432K, capacity 14619K, committed 15200K, reserved 1048576K
2021-01-19T08:37:01.334+0000: 18891.474: [GC (Allocation Failure) 2021-01-19T08:37:01.335+0000: 18891.475: [ParNew
Desired survivor size 2162688 bytes, new threshold 6 (max 6)
- age   1:       3616 bytes,       3616 total
- age   2:        112 bytes,       3728 total
: 33907K->6K(38080K), 0.0045783 secs] 106924K->73023K(156172K), 0.0048549 secs] [Times: user=0.02 sys=0.00, real=0.01 secs] 
Heap after GC invocations=445 (full 6):
 par new generation   total 38080K, used 6K [0x0000000085600000, 0x0000000087f50000, 0x000000009a2c0000)
  eden space 33856K,   0% used [0x0000000085600000, 0x0000000085600000, 0x0000000087710000)
  from space 4224K,   0% used [0x0000000087b30000, 0x0000000087b31830, 0x0000000087f50000)
  to   space 4224K,   0% used [0x0000000087710000, 0x0000000087710000, 0x0000000087b30000)
 concurrent mark-sweep generation total 118092K, used 73017K [0x000000009a2c0000, 0x00000000a1613000, 0x0000000100000000)
 Metaspace       used 109981K, capacity 116525K, committed 118828K, reserved 1153024K
  class space    used 13432K, capacity 14619K, committed 15200K, reserved 1048576K
}
2021-01-19T08:37:01.339+0000: 18891.479: Total time for which application threads were stopped: 0.0058704 seconds, Stopping threads took: 0.0001833 seconds
2021-01-19T08:37:40.346+0000: 18930.486: Total time for which application threads were stopped: 0.0006915 seconds, Stopping threads took: 0.0003665 seconds
{Heap before GC invocations=445 (full 6):
 par new generation   total 38080K, used 33862K [0x0000000085600000, 0x0000000087f50000, 0x000000009a2c0000)
  eden space 33856K, 100% used [0x0000000085600000, 0x0000000087710000, 0x0000000087710000)
  from space 4224K,   0% used [0x0000000087b30000, 0x0000000087b31830, 0x0000000087f50000)
  to   space 4224K,   0% used [0x0000000087710000, 0x0000000087710000, 0x0000000087b30000)
 concurrent mark-sweep generation total 118092K, used 73017K [0x000000009a2c0000, 0x00000000a1613000, 0x0000000100000000)
 Metaspace       used 109981K, capacity 116525K, committed 118828K, reserved 1153024K
  class space    used 13432K, capacity 14619K, committed 15200K, reserved 1048576K
2021-01-19T08:38:46.889+0000: 18997.029: [GC (Allocation Failure) 2021-01-19T08:38:46.889+0000: 18997.029: [ParNew
Desired survivor size 2162688 bytes, new threshold 6 (max 6)
- age   1:       3680 bytes,       3680 total
: 33862K->6K(38080K), 0.0057624 secs] 106879K->73023K(156172K), 0.0059660 secs] [Times: user=0.02 sys=0.00, real=0.00 secs] 
Heap after GC invocations=446 (full 6):
 par new generation   total 38080K, used 6K [0x0000000085600000, 0x0000000087f50000, 0x000000009a2c0000)
  eden space 33856K,   0% used [0x0000000085600000, 0x0000000085600000, 0x0000000087710000)
  from space 4224K,   0% used [0x0000000087710000, 0x0000000087711830, 0x0000000087b30000)
  to   space 4224K,   0% used [0x0000000087b30000, 0x0000000087b30000, 0x0000000087f50000)
 concurrent mark-sweep generation total 118092K, used 73017K [0x000000009a2c0000, 0x00000000a1613000, 0x0000000100000000)
 Metaspace       used 109981K, capacity 116525K, committed 118828K, reserved 1153024K
  class space    used 13432K, capacity 14619K, committed 15200K, reserved 1048576K
}
2021-01-19T08:38:46.895+0000: 18997.035: Total time for which application threads were stopped: 0.0065168 seconds, Stopping threads took: 0.0000647 seconds
{Heap before GC invocations=446 (full 6):
 par new generation   total 38080K, used 33862K [0x0000000085600000, 0x0000000087f50000, 0x000000009a2c0000)
  eden space 33856K, 100% used [0x0000000085600000, 0x0000000087710000, 0x0000000087710000)
  from space 4224K,   0% used [0x0000000087710000, 0x0000000087711830, 0x0000000087b30000)
  to   space 4224K,   0% used [0x0000000087b30000, 0x0000000087b30000, 0x0000000087f50000)
 concurrent mark-sweep generation total 118092K, used 73017K [0x000000009a2c0000, 0x00000000a1613000, 0x0000000100000000)
 Metaspace       used 109981K, capacity 116525K, committed 118828K, reserved 1153024K
  class space    used 13432K, capacity 14619K, committed 15200K, reserved 1048576K
2021-01-19T08:40:32.624+0000: 19102.764: [GC (Allocation Failure) 2021-01-19T08:40:32.624+0000: 19102.764: [ParNew
Desired survivor size 2162688 bytes, new threshold 6 (max 6)
- age   1:       3992 bytes,       3992 total
- age   2:         32 bytes,       4024 total
: 33862K->6K(38080K), 0.0049218 secs] 106879K->73023K(156172K), 0.0051787 secs] [Times: user=0.02 sys=0.00, real=0.01 secs] 
Heap after GC invocations=447 (full 6):
 par new generation   total 38080K, used 6K [0x0000000085600000, 0x0000000087f50000, 0x000000009a2c0000)
  eden space 33856K,   0% used [0x0000000085600000, 0x0000000085600000, 0x0000000087710000)
  from space 4224K,   0% used [0x0000000087b30000, 0x0000000087b31830, 0x0000000087f50000)
  to   space 4224K,   0% used [0x0000000087710000, 0x0000000087710000, 0x0000000087b30000)
 concurrent mark-sweep generation total 118092K, used 73017K [0x000000009a2c0000, 0x00000000a1613000, 0x0000000100000000)
 Metaspace       used 109981K, capacity 116525K, committed 118828K, reserved 1153024K
  class space    used 13432K, capacity 14619K, committed 15200K, reserved 1048576K
}
2021-01-19T08:40:32.629+0000: 19102.769: Total time for which application threads were stopped: 0.0058811 seconds, Stopping threads took: 0.0001475 seconds
{Heap before GC invocations=447 (full 6):
 par new generation   total 38080K, used 33862K [0x0000000085600000, 0x0000000087f50000, 0x000000009a2c0000)
  eden space 33856K, 100% used [0x0000000085600000, 0x0000000087710000, 0x0000000087710000)
  from space 4224K,   0% used [0x0000000087b30000, 0x0000000087b31830, 0x0000000087f50000)
  to   space 4224K,   0% used [0x0000000087710000, 0x0000000087710000, 0x0000000087b30000)
 concurrent mark-sweep generation total 118092K, used 73017K [0x000000009a2c0000, 0x00000000a1613000, 0x0000000100000000)
 Metaspace       used 109981K, capacity 116525K, committed 118828K, reserved 1153024K
  class space    used 13432K, capacity 14619K, committed 15200K, reserved 1048576K
2021-01-19T08:42:18.344+0000: 19208.484: [GC (Allocation Failure) 2021-01-19T08:42:18.344+0000: 19208.484: [ParNew
Desired survivor size 2162688 bytes, new threshold 6 (max 6)
- age   1:      37696 bytes,      37696 total
: 33862K->40K(38080K), 0.0085847 secs] 106879K->73057K(156172K), 0.0089425 secs] [Times: user=0.01 sys=0.01, real=0.01 secs] 
Heap after GC invocations=448 (full 6):
 par new generation   total 38080K, used 40K [0x0000000085600000, 0x0000000087f50000, 0x000000009a2c0000)
  eden space 33856K,   0% used [0x0000000085600000, 0x0000000085600000, 0x0000000087710000)
  from space 4224K,   0% used [0x0000000087710000, 0x000000008771a318, 0x0000000087b30000)
  to   space 4224K,   0% used [0x0000000087b30000, 0x0000000087b30000, 0x0000000087f50000)
 concurrent mark-sweep generation total 118092K, used 73017K [0x000000009a2c0000, 0x00000000a1613000, 0x0000000100000000)
 Metaspace       used 109981K, capacity 116525K, committed 118828K, reserved 1153024K
  class space    used 13432K, capacity 14619K, committed 15200K, reserved 1048576K
}
2021-01-19T08:42:18.353+0000: 19208.493: Total time for which application threads were stopped: 0.0101437 seconds, Stopping threads took: 0.0002176 seconds
{Heap before GC invocations=448 (full 6):
 par new generation   total 38080K, used 33896K [0x0000000085600000, 0x0000000087f50000, 0x000000009a2c0000)
  eden space 33856K, 100% used [0x0000000085600000, 0x0000000087710000, 0x0000000087710000)
  from space 4224K,   0% used [0x0000000087710000, 0x000000008771a318, 0x0000000087b30000)
  to   space 4224K,   0% used [0x0000000087b30000, 0x0000000087b30000, 0x0000000087f50000)
 concurrent mark-sweep generation total 118092K, used 73017K [0x000000009a2c0000, 0x00000000a1613000, 0x0000000100000000)
 Metaspace       used 109981K, capacity 116525K, committed 118828K, reserved 1153024K
  class space    used 13432K, capacity 14619K, committed 15200K, reserved 1048576K
2021-01-19T08:44:04.112+0000: 19314.252: [GC (Allocation Failure) 2021-01-19T08:44:04.112+0000: 19314.252: [ParNew
Desired survivor size 2162688 bytes, new threshold 6 (max 6)
- age   1:      71136 bytes,      71136 total
- age   2:        288 bytes,      71424 total
: 33896K->73K(38080K), 0.0103950 secs] 106913K->73090K(156172K), 0.0106570 secs] [Times: user=0.03 sys=0.00, real=0.01 secs] 
Heap after GC invocations=449 (full 6):
 par new generation   total 38080K, used 73K [0x0000000085600000, 0x0000000087f50000, 0x000000009a2c0000)
  eden space 33856K,   0% used [0x0000000085600000, 0x0000000085600000, 0x0000000087710000)
  from space 4224K,   1% used [0x0000000087b30000, 0x0000000087b425f0, 0x0000000087f50000)
  to   space 4224K,   0% used [0x0000000087710000, 0x0000000087710000, 0x0000000087b30000)
 concurrent mark-sweep generation total 118092K, used 73017K [0x000000009a2c0000, 0x00000000a1613000, 0x0000000100000000)
 Metaspace       used 109981K, capacity 116525K, committed 118828K, reserved 1153024K
  class space    used 13432K, capacity 14619K, committed 15200K, reserved 1048576K
}
2021-01-19T08:44:04.122+0000: 19314.262: Total time for which application threads were stopped: 0.0118886 seconds, Stopping threads took: 0.0004500 seconds
2021-01-19T08:44:12.125+0000: 19322.265: Total time for which application threads were stopped: 0.0009146 seconds, Stopping threads took: 0.0000799 seconds
{Heap before GC invocations=449 (full 6):
 par new generation   total 38080K, used 33929K [0x0000000085600000, 0x0000000087f50000, 0x000000009a2c0000)
  eden space 33856K, 100% used [0x0000000085600000, 0x0000000087710000, 0x0000000087710000)
  from space 4224K,   1% used [0x0000000087b30000, 0x0000000087b425f0, 0x0000000087f50000)
  to   space 4224K,   0% used [0x0000000087710000, 0x0000000087710000, 0x0000000087b30000)
 concurrent mark-sweep generation total 118092K, used 73017K [0x000000009a2c0000, 0x00000000a1613000, 0x0000000100000000)
 Metaspace       used 109997K, capacity 116525K, committed 118828K, reserved 1153024K
  class space    used 13432K, capacity 14619K, committed 15200K, reserved 1048576K
2021-01-19T08:45:50.104+0000: 19420.244: [GC (Allocation Failure) 2021-01-19T08:45:50.104+0000: 19420.245: [ParNew
Desired survivor size 2162688 bytes, new threshold 6 (max 6)
- age   1:       3864 bytes,       3864 total
- age   3:        224 bytes,       4088 total
: 33929K->6K(38080K), 0.0106227 secs] 106946K->73023K(156172K), 0.0108825 secs] [Times: user=0.02 sys=0.00, real=0.01 secs] 
Heap after GC invocations=450 (full 6):
 par new generation   total 38080K, used 6K [0x0000000085600000, 0x0000000087f50000, 0x000000009a2c0000)
  eden space 33856K,   0% used [0x0000000085600000, 0x0000000085600000, 0x0000000087710000)
  from space 4224K,   0% used [0x0000000087710000, 0x0000000087711830, 0x0000000087b30000)
  to   space 4224K,   0% used [0x0000000087b30000, 0x0000000087b30000, 0x0000000087f50000)
 concurrent mark-sweep generation total 118092K, used 73017K [0x000000009a2c0000, 0x00000000a1613000, 0x0000000100000000)
 Metaspace       used 109997K, capacity 116525K, committed 118828K, reserved 1153024K
  class space    used 13432K, capacity 14619K, committed 15200K, reserved 1048576K
}
2021-01-19T08:45:50.116+0000: 19420.256: Total time for which application threads were stopped: 0.0116632 seconds, Stopping threads took: 0.0000558 seconds
2021-01-19T08:46:12.119+0000: 19442.259: Total time for which application threads were stopped: 0.0004975 seconds, Stopping threads took: 0.0001008 seconds
{Heap before GC invocations=450 (full 6):
 par new generation   total 38080K, used 33862K [0x0000000085600000, 0x0000000087f50000, 0x000000009a2c0000)
  eden space 33856K, 100% used [0x0000000085600000, 0x0000000087710000, 0x0000000087710000)
  from space 4224K,   0% used [0x0000000087710000, 0x0000000087711830, 0x0000000087b30000)
  to   space 4224K,   0% used [0x0000000087b30000, 0x0000000087b30000, 0x0000000087f50000)
 concurrent mark-sweep generation total 118092K, used 73017K [0x000000009a2c0000, 0x00000000a1613000, 0x0000000100000000)
 Metaspace       used 109997K, capacity 116525K, committed 118828K, reserved 1153024K
  class space    used 13432K, capacity 14619K, committed 15200K, reserved 1048576K
2021-01-19T08:47:35.866+0000: 19526.006: [GC (Allocation Failure) 2021-01-19T08:47:35.866+0000: 19526.006: [ParNew
Desired survivor size 2162688 bytes, new threshold 6 (max 6)
- age   1:      56432 bytes,      56432 total
- age   2:        152 bytes,      56584 total
- age   4:        224 bytes,      56808 total
: 33862K->59K(38080K), 0.0049463 secs] 106879K->73076K(156172K), 0.0051698 secs] [Times: user=0.01 sys=0.00, real=0.00 secs] 
Heap after GC invocations=451 (full 6):
 par new generation   total 38080K, used 59K [0x0000000085600000, 0x0000000087f50000, 0x000000009a2c0000)
  eden space 33856K,   0% used [0x0000000085600000, 0x0000000085600000, 0x0000000087710000)
  from space 4224K,   1% used [0x0000000087b30000, 0x0000000087b3ed60, 0x0000000087f50000)
  to   space 4224K,   0% used [0x0000000087710000, 0x0000000087710000, 0x0000000087b30000)
 concurrent mark-sweep generation total 118092K, used 73017K [0x000000009a2c0000, 0x00000000a1613000, 0x0000000100000000)
 Metaspace       used 109997K, capacity 116525K, committed 118828K, reserved 1153024K
  class space    used 13432K, capacity 14619K, committed 15200K, reserved 1048576K
}
2021-01-19T08:47:35.871+0000: 19526.011: Total time for which application threads were stopped: 0.0058190 seconds, Stopping threads took: 0.0000677 seconds
{Heap before GC invocations=451 (full 6):
 par new generation   total 38080K, used 33915K [0x0000000085600000, 0x0000000087f50000, 0x000000009a2c0000)
  eden space 33856K, 100% used [0x0000000085600000, 0x0000000087710000, 0x0000000087710000)
  from space 4224K,   1% used [0x0000000087b30000, 0x0000000087b3ed60, 0x0000000087f50000)
  to   space 4224K,   0% used [0x0000000087710000, 0x0000000087710000, 0x0000000087b30000)
 concurrent mark-sweep generation total 118092K, used 73017K [0x000000009a2c0000, 0x00000000a1613000, 0x0000000100000000)
 Metaspace       used 109998K, capacity 116525K, committed 118828K, reserved 1153024K
  class space    used 13432K, capacity 14619K, committed 15200K, reserved 1048576K
2021-01-19T08:49:17.448+0000: 19627.588: [GC (Allocation Failure) 2021-01-19T08:49:17.448+0000: 19627.588: [ParNew
Desired survivor size 2162688 bytes, new threshold 6 (max 6)
- age   1:     764152 bytes,     764152 total
- age   2:      52992 bytes,     817144 total
- age   3:        120 bytes,     817264 total
- age   5:        224 bytes,     817488 total
: 33915K->820K(38080K), 0.0112290 secs] 106932K->73837K(156172K), 0.0117190 secs] [Times: user=0.03 sys=0.00, real=0.01 secs] 
Heap after GC invocations=452 (full 6):
 par new generation   total 38080K, used 820K [0x0000000085600000, 0x0000000087f50000, 0x000000009a2c0000)
  eden space 33856K,   0% used [0x0000000085600000, 0x0000000085600000, 0x0000000087710000)
  from space 4224K,  19% used [0x0000000087710000, 0x00000000877dd0a8, 0x0000000087b30000)
  to   space 4224K,   0% used [0x0000000087b30000, 0x0000000087b30000, 0x0000000087f50000)
 concurrent mark-sweep generation total 118092K, used 73017K [0x000000009a2c0000, 0x00000000a1613000, 0x0000000100000000)
 Metaspace       used 109998K, capacity 116525K, committed 118828K, reserved 1153024K
  class space    used 13432K, capacity 14619K, committed 15200K, reserved 1048576K
}
2021-01-19T08:49:17.460+0000: 19627.600: Total time for which application threads were stopped: 0.0132825 seconds, Stopping threads took: 0.0000950 seconds
2021-01-19T08:50:21.470+0000: 19691.610: Total time for which application threads were stopped: 0.0007699 seconds, Stopping threads took: 0.0001333 seconds
{Heap before GC invocations=452 (full 6):
 par new generation   total 38080K, used 34676K [0x0000000085600000, 0x0000000087f50000, 0x000000009a2c0000)
  eden space 33856K, 100% used [0x0000000085600000, 0x0000000087710000, 0x0000000087710000)
  from space 4224K,  19% used [0x0000000087710000, 0x00000000877dd0a8, 0x0000000087b30000)
  to   space 4224K,   0% used [0x0000000087b30000, 0x0000000087b30000, 0x0000000087f50000)
 concurrent mark-sweep generation total 118092K, used 73017K [0x000000009a2c0000, 0x00000000a1613000, 0x0000000100000000)
 Metaspace       used 110005K, capacity 116525K, committed 118828K, reserved 1153024K
  class space    used 13432K, capacity 14619K, committed 15200K, reserved 1048576K
2021-01-19T08:51:03.595+0000: 19733.735: [GC (Allocation Failure) 2021-01-19T08:51:03.595+0000: 19733.735: [ParNew
Desired survivor size 2162688 bytes, new threshold 6 (max 6)
- age   1:     126752 bytes,     126752 total
- age   2:     723384 bytes,     850136 total
- age   3:      52992 bytes,     903128 total
- age   4:        120 bytes,     903248 total
- age   6:        224 bytes,     903472 total
: 34676K->1150K(38080K), 0.0092888 secs] 107693K->74167K(156172K), 0.0096551 secs] [Times: user=0.02 sys=0.01, real=0.02 secs] 
Heap after GC invocations=453 (full 6):
 par new generation   total 38080K, used 1150K [0x0000000085600000, 0x0000000087f50000, 0x000000009a2c0000)
  eden space 33856K,   0% used [0x0000000085600000, 0x0000000085600000, 0x0000000087710000)
  from space 4224K,  27% used [0x0000000087b30000, 0x0000000087c4fae0, 0x0000000087f50000)
  to   space 4224K,   0% used [0x0000000087710000, 0x0000000087710000, 0x0000000087b30000)
 concurrent mark-sweep generation total 118092K, used 73017K [0x000000009a2c0000, 0x00000000a1613000, 0x0000000100000000)
 Metaspace       used 110005K, capacity 116525K, committed 118828K, reserved 1153024K
  class space    used 13432K, capacity 14619K, committed 15200K, reserved 1048576K
}
2021-01-19T08:51:03.605+0000: 19733.745: Total time for which application threads were stopped: 0.0107940 seconds, Stopping threads took: 0.0002088 seconds
2021-01-19T08:51:12.607+0000: 19742.747: Total time for which application threads were stopped: 0.0003323 seconds, Stopping threads took: 0.0000587 seconds
{Heap before GC invocations=453 (full 6):
 par new generation   total 38080K, used 35006K [0x0000000085600000, 0x0000000087f50000, 0x000000009a2c0000)
  eden space 33856K, 100% used [0x0000000085600000, 0x0000000087710000, 0x0000000087710000)
  from space 4224K,  27% used [0x0000000087b30000, 0x0000000087c4fae0, 0x0000000087f50000)
  to   space 4224K,   0% used [0x0000000087710000, 0x0000000087710000, 0x0000000087b30000)
 concurrent mark-sweep generation total 118092K, used 73017K [0x000000009a2c0000, 0x00000000a1613000, 0x0000000100000000)
 Metaspace       used 110005K, capacity 116525K, committed 118828K, reserved 1153024K
  class space    used 13432K, capacity 14619K, committed 15200K, reserved 1048576K
2021-01-19T08:52:50.098+0000: 19840.238: [GC (Allocation Failure) 2021-01-19T08:52:50.098+0000: 19840.238: [ParNew
Desired survivor size 2162688 bytes, new threshold 6 (max 6)
- age   1:       4448 bytes,       4448 total
- age   2:      55744 bytes,      60192 total
- age   3:     722160 bytes,     782352 total
- age   4:      52992 bytes,     835344 total
- age   5:        120 bytes,     835464 total
: 35006K->1417K(38080K), 0.0039666 secs] 108023K->74434K(156172K), 0.0042490 secs] [Times: user=0.01 sys=0.00, real=0.00 secs] 
Heap after GC invocations=454 (full 6):
 par new generation   total 38080K, used 1417K [0x0000000085600000, 0x0000000087f50000, 0x000000009a2c0000)
  eden space 33856K,   0% used [0x0000000085600000, 0x0000000085600000, 0x0000000087710000)
  from space 4224K,  33% used [0x0000000087710000, 0x0000000087872690, 0x0000000087b30000)
  to   space 4224K,   0% used [0x0000000087b30000, 0x0000000087b30000, 0x0000000087f50000)
 concurrent mark-sweep generation total 118092K, used 73017K [0x000000009a2c0000, 0x00000000a1613000, 0x0000000100000000)
 Metaspace       used 110005K, capacity 116525K, committed 118828K, reserved 1153024K
  class space    used 13432K, capacity 14619K, committed 15200K, reserved 1048576K
}
2021-01-19T08:52:50.102+0000: 19840.242: Total time for which application threads were stopped: 0.0057700 seconds, Stopping threads took: 0.0002302 seconds
{Heap before GC invocations=454 (full 6):
 par new generation   total 38080K, used 35273K [0x0000000085600000, 0x0000000087f50000, 0x000000009a2c0000)
  eden space 33856K, 100% used [0x0000000085600000, 0x0000000087710000, 0x0000000087710000)
  from space 4224K,  33% used [0x0000000087710000, 0x0000000087872690, 0x0000000087b30000)
  to   space 4224K,   0% used [0x0000000087b30000, 0x0000000087b30000, 0x0000000087f50000)
 concurrent mark-sweep generation total 118092K, used 73017K [0x000000009a2c0000, 0x00000000a1613000, 0x0000000100000000)
 Metaspace       used 110005K, capacity 116525K, committed 118828K, reserved 1153024K
  class space    used 13432K, capacity 14619K, committed 15200K, reserved 1048576K
2021-01-19T08:54:35.872+0000: 19946.012: [GC (Allocation Failure) 2021-01-19T08:54:35.872+0000: 19946.013: [ParNew
Desired survivor size 2162688 bytes, new threshold 6 (max 6)
- age   1:       3888 bytes,       3888 total
- age   2:        728 bytes,       4616 total
- age   3:      55720 bytes,      60336 total
- age   4:     722256 bytes,     782592 total
- age   5:      52992 bytes,     835584 total
- age   6:        120 bytes,     835704 total
: 35273K->1042K(38080K), 0.0113038 secs] 108290K->74060K(156172K), 0.0116409 secs] [Times: user=0.02 sys=0.00, real=0.01 secs] 
Heap after GC invocations=455 (full 6):
 par new generation   total 38080K, used 1042K [0x0000000085600000, 0x0000000087f50000, 0x000000009a2c0000)
  eden space 33856K,   0% used [0x0000000085600000, 0x0000000085600000, 0x0000000087710000)
  from space 4224K,  24% used [0x0000000087b30000, 0x0000000087c34b38, 0x0000000087f50000)
  to   space 4224K,   0% used [0x0000000087710000, 0x0000000087710000, 0x0000000087b30000)
 concurrent mark-sweep generation total 118092K, used 73017K [0x000000009a2c0000, 0x00000000a1613000, 0x0000000100000000)
 Metaspace       used 110005K, capacity 116525K, committed 118828K, reserved 1153024K
  class space    used 13432K, capacity 14619K, committed 15200K, reserved 1048576K
}
2021-01-19T08:54:35.884+0000: 19946.024: Total time for which application threads were stopped: 0.0124134 seconds, Stopping threads took: 0.0000753 seconds
{Heap before GC invocations=455 (full 6):
 par new generation   total 38080K, used 34898K [0x0000000085600000, 0x0000000087f50000, 0x000000009a2c0000)
  eden space 33856K, 100% used [0x0000000085600000, 0x0000000087710000, 0x0000000087710000)
  from space 4224K,  24% used [0x0000000087b30000, 0x0000000087c34b38, 0x0000000087f50000)
  to   space 4224K,   0% used [0x0000000087710000, 0x0000000087710000, 0x0000000087b30000)
 concurrent mark-sweep generation total 118092K, used 73017K [0x000000009a2c0000, 0x00000000a1613000, 0x0000000100000000)
 Metaspace       used 110005K, capacity 116525K, committed 118828K, reserved 1153024K
  class space    used 13432K, capacity 14619K, committed 15200K, reserved 1048576K
2021-01-19T08:56:21.714+0000: 20051.855: [GC (Allocation Failure) 2021-01-19T08:56:21.715+0000: 20051.855: [ParNew
Desired survivor size 2162688 bytes, new threshold 6 (max 6)
- age   1:       3776 bytes,       3776 total
- age   2:        304 bytes,       4080 total
- age   3:        696 bytes,       4776 total
- age   4:      55720 bytes,      60496 total
- age   5:     722352 bytes,     782848 total
- age   6:      52992 bytes,     835840 total
: 34898K->1091K(38080K), 0.0191809 secs] 107916K->74109K(156172K), 0.0194302 secs] [Times: user=0.03 sys=0.00, real=0.02 secs] 
Heap after GC invocations=456 (full 6):
 par new generation   total 38080K, used 1091K [0x0000000085600000, 0x0000000087f50000, 0x000000009a2c0000)
  eden space 33856K,   0% used [0x0000000085600000, 0x0000000085600000, 0x0000000087710000)
  from space 4224K,  25% used [0x0000000087710000, 0x0000000087820f70, 0x0000000087b30000)
  to   space 4224K,   0% used [0x0000000087b30000, 0x0000000087b30000, 0x0000000087f50000)
 concurrent mark-sweep generation total 118092K, used 73017K [0x000000009a2c0000, 0x00000000a1613000, 0x0000000100000000)
 Metaspace       used 110005K, capacity 116525K, committed 118828K, reserved 1153024K
  class space    used 13432K, capacity 14619K, committed 15200K, reserved 1048576K
}
2021-01-19T08:56:21.734+0000: 20051.874: Total time for which application threads were stopped: 0.0200485 seconds, Stopping threads took: 0.0001005 seconds
{Heap before GC invocations=456 (full 6):
 par new generation   total 38080K, used 34947K [0x0000000085600000, 0x0000000087f50000, 0x000000009a2c0000)
  eden space 33856K, 100% used [0x0000000085600000, 0x0000000087710000, 0x0000000087710000)
  from space 4224K,  25% used [0x0000000087710000, 0x0000000087820f70, 0x0000000087b30000)
  to   space 4224K,   0% used [0x0000000087b30000, 0x0000000087b30000, 0x0000000087f50000)
 concurrent mark-sweep generation total 118092K, used 73017K [0x000000009a2c0000, 0x00000000a1613000, 0x0000000100000000)
 Metaspace       used 110005K, capacity 116525K, committed 118828K, reserved 1153024K
  class space    used 13432K, capacity 14619K, committed 15200K, reserved 1048576K
2021-01-19T08:58:07.549+0000: 20157.689: [GC (Allocation Failure) 2021-01-19T08:58:07.550+0000: 20157.690: [ParNew
Desired survivor size 2162688 bytes, new threshold 6 (max 6)
- age   1:      71056 bytes,      71056 total
- age   2:         64 bytes,      71120 total
- age   3:        304 bytes,      71424 total
- age   4:        696 bytes,      72120 total
- age   5:      55720 bytes,     127840 total
- age   6:     722160 bytes,     850000 total
: 34947K->1191K(38080K), 0.0188097 secs] 107965K->74260K(156172K), 0.0191404 secs] [Times: user=0.03 sys=0.00, real=0.02 secs] 
Heap after GC invocations=457 (full 6):
 par new generation   total 38080K, used 1191K [0x0000000085600000, 0x0000000087f50000, 0x000000009a2c0000)
  eden space 33856K,   0% used [0x0000000085600000, 0x0000000085600000, 0x0000000087710000)
  from space 4224K,  28% used [0x0000000087b30000, 0x0000000087c59c30, 0x0000000087f50000)
  to   space 4224K,   0% used [0x0000000087710000, 0x0000000087710000, 0x0000000087b30000)
 concurrent mark-sweep generation total 118092K, used 73069K [0x000000009a2c0000, 0x00000000a1613000, 0x0000000100000000)
 Metaspace       used 110005K, capacity 116525K, committed 118828K, reserved 1153024K
  class space    used 13432K, capacity 14619K, committed 15200K, reserved 1048576K
}
2021-01-19T08:58:07.569+0000: 20157.709: Total time for which application threads were stopped: 0.0204706 seconds, Stopping threads took: 0.0002171 seconds
{Heap before GC invocations=457 (full 6):
 par new generation   total 38080K, used 35047K [0x0000000085600000, 0x0000000087f50000, 0x000000009a2c0000)
  eden space 33856K, 100% used [0x0000000085600000, 0x0000000087710000, 0x0000000087710000)
  from space 4224K,  28% used [0x0000000087b30000, 0x0000000087c59c30, 0x0000000087f50000)
  to   space 4224K,   0% used [0x0000000087710000, 0x0000000087710000, 0x0000000087b30000)
 concurrent mark-sweep generation total 118092K, used 73069K [0x000000009a2c0000, 0x00000000a1613000, 0x0000000100000000)
 Metaspace       used 110005K, capacity 116525K, committed 118828K, reserved 1153024K
  class space    used 13432K, capacity 14619K, committed 15200K, reserved 1048576K
2021-01-19T08:59:53.649+0000: 20263.789: [GC (Allocation Failure) 2021-01-19T08:59:53.649+0000: 20263.789: [ParNew
Desired survivor size 2162688 bytes, new threshold 6 (max 6)
- age   1:       3776 bytes,       3776 total
- age   4:        304 bytes,       4080 total
- age   5:        696 bytes,       4776 total
- age   6:      55720 bytes,      60496 total
: 35047K->821K(38080K), 0.0188606 secs] 108116K->74605K(156172K), 0.0192272 secs] [Times: user=0.04 sys=0.00, real=0.02 secs] 
Heap after GC invocations=458 (full 6):
 par new generation   total 38080K, used 821K [0x0000000085600000, 0x0000000087f50000, 0x000000009a2c0000)
  eden space 33856K,   0% used [0x0000000085600000, 0x0000000085600000, 0x0000000087710000)
  from space 4224K,  19% used [0x0000000087710000, 0x00000000877dd460, 0x0000000087b30000)
  to   space 4224K,   0% used [0x0000000087b30000, 0x0000000087b30000, 0x0000000087f50000)
 concurrent mark-sweep generation total 118092K, used 73784K [0x000000009a2c0000, 0x00000000a1613000, 0x0000000100000000)
 Metaspace       used 110005K, capacity 116525K, committed 118828K, reserved 1153024K
  class space    used 13432K, capacity 14619K, committed 15200K, reserved 1048576K
}
2021-01-19T08:59:53.668+0000: 20263.808: Total time for which application threads were stopped: 0.0200412 seconds, Stopping threads took: 0.0000914 seconds
2021-01-19T08:59:54.669+0000: 20264.809: Total time for which application threads were stopped: 0.0007128 seconds, Stopping threads took: 0.0002888 seconds
{Heap before GC invocations=458 (full 6):
 par new generation   total 38080K, used 34677K [0x0000000085600000, 0x0000000087f50000, 0x000000009a2c0000)
  eden space 33856K, 100% used [0x0000000085600000, 0x0000000087710000, 0x0000000087710000)
  from space 4224K,  19% used [0x0000000087710000, 0x00000000877dd460, 0x0000000087b30000)
  to   space 4224K,   0% used [0x0000000087b30000, 0x0000000087b30000, 0x0000000087f50000)
 concurrent mark-sweep generation total 118092K, used 73784K [0x000000009a2c0000, 0x00000000a1613000, 0x0000000100000000)
 Metaspace       used 110005K, capacity 116525K, committed 118828K, reserved 1153024K
  class space    used 13432K, capacity 14619K, committed 15200K, reserved 1048576K
2021-01-19T09:01:39.577+0000: 20369.717: [GC (Allocation Failure) 2021-01-19T09:01:39.577+0000: 20369.717: [ParNew
Desired survivor size 2162688 bytes, new threshold 6 (max 6)
- age   1:       3648 bytes,       3648 total
- age   2:         32 bytes,       3680 total
- age   5:        304 bytes,       3984 total
- age   6:        696 bytes,       4680 total
: 34677K->216K(38080K), 0.0067832 secs] 108461K->74056K(156172K), 0.0070283 secs] [Times: user=0.02 sys=0.00, real=0.00 secs] 
Heap after GC invocations=459 (full 6):
 par new generation   total 38080K, used 216K [0x0000000085600000, 0x0000000087f50000, 0x000000009a2c0000)
  eden space 33856K,   0% used [0x0000000085600000, 0x0000000085600000, 0x0000000087710000)
  from space 4224K,   5% used [0x0000000087b30000, 0x0000000087b66160, 0x0000000087f50000)
  to   space 4224K,   0% used [0x0000000087710000, 0x0000000087710000, 0x0000000087b30000)
 concurrent mark-sweep generation total 118092K, used 73839K [0x000000009a2c0000, 0x00000000a1613000, 0x0000000100000000)
 Metaspace       used 110005K, capacity 116525K, committed 118828K, reserved 1153024K
  class space    used 13432K, capacity 14619K, committed 15200K, reserved 1048576K
}
2021-01-19T09:01:39.584+0000: 20369.724: Total time for which application threads were stopped: 0.0078429 seconds, Stopping threads took: 0.0002093 seconds
{Heap before GC invocations=459 (full 6):
 par new generation   total 38080K, used 34072K [0x0000000085600000, 0x0000000087f50000, 0x000000009a2c0000)
  eden space 33856K, 100% used [0x0000000085600000, 0x0000000087710000, 0x0000000087710000)
  from space 4224K,   5% used [0x0000000087b30000, 0x0000000087b66160, 0x0000000087f50000)
  to   space 4224K,   0% used [0x0000000087710000, 0x0000000087710000, 0x0000000087b30000)
 concurrent mark-sweep generation total 118092K, used 73839K [0x000000009a2c0000, 0x00000000a1613000, 0x0000000100000000)
 Metaspace       used 110005K, capacity 116525K, committed 118828K, reserved 1153024K
  class space    used 13432K, capacity 14619K, committed 15200K, reserved 1048576K
2021-01-19T09:03:25.504+0000: 20475.644: [GC (Allocation Failure) 2021-01-19T09:03:25.504+0000: 20475.644: [ParNew
Desired survivor size 2162688 bytes, new threshold 6 (max 6)
- age   1:       4496 bytes,       4496 total
- age   6:        304 bytes,       4800 total
: 34072K->27K(38080K), 0.0022186 secs] 107912K->73867K(156172K), 0.0022984 secs] [Times: user=0.01 sys=0.00, real=0.01 secs] 
Heap after GC invocations=460 (full 6):
 par new generation   total 38080K, used 27K [0x0000000085600000, 0x0000000087f50000, 0x000000009a2c0000)
  eden space 33856K,   0% used [0x0000000085600000, 0x0000000085600000, 0x0000000087710000)
  from space 4224K,   0% used [0x0000000087710000, 0x0000000087716de0, 0x0000000087b30000)
  to   space 4224K,   0% used [0x0000000087b30000, 0x0000000087b30000, 0x0000000087f50000)
 concurrent mark-sweep generation total 118092K, used 73840K [0x000000009a2c0000, 0x00000000a1613000, 0x0000000100000000)
 Metaspace       used 110005K, capacity 116525K, committed 118828K, reserved 1153024K
  class space    used 13432K, capacity 14619K, committed 15200K, reserved 1048576K
}
2021-01-19T09:03:25.507+0000: 20475.647: Total time for which application threads were stopped: 0.0024936 seconds, Stopping threads took: 0.0000252 seconds
{Heap before GC invocations=460 (full 6):
 par new generation   total 38080K, used 33883K [0x0000000085600000, 0x0000000087f50000, 0x000000009a2c0000)
  eden space 33856K, 100% used [0x0000000085600000, 0x0000000087710000, 0x0000000087710000)
  from space 4224K,   0% used [0x0000000087710000, 0x0000000087716de0, 0x0000000087b30000)
  to   space 4224K,   0% used [0x0000000087b30000, 0x0000000087b30000, 0x0000000087f50000)
 concurrent mark-sweep generation total 118092K, used 73840K [0x000000009a2c0000, 0x00000000a1613000, 0x0000000100000000)
 Metaspace       used 110006K, capacity 116525K, committed 118828K, reserved 1153024K
  class space    used 13432K, capacity 14619K, committed 15200K, reserved 1048576K
2021-01-19T09:05:11.593+0000: 20581.733: [GC (Allocation Failure) 2021-01-19T09:05:11.594+0000: 20581.734: [ParNew
Desired survivor size 2162688 bytes, new threshold 6 (max 6)
- age   1:      37560 bytes,      37560 total
- age   2:        808 bytes,      38368 total
: 33883K->46K(38080K), 0.0085480 secs] 107723K->73887K(156172K), 0.0091296 secs] [Times: user=0.02 sys=0.00, real=0.01 secs] 
Heap after GC invocations=461 (full 6):
 par new generation   total 38080K, used 46K [0x0000000085600000, 0x0000000087f50000, 0x000000009a2c0000)
  eden space 33856K,   0% used [0x0000000085600000, 0x0000000085600000, 0x0000000087710000)
  from space 4224K,   1% used [0x0000000087b30000, 0x0000000087b3bbf0, 0x0000000087f50000)
  to   space 4224K,   0% used [0x0000000087710000, 0x0000000087710000, 0x0000000087b30000)
 concurrent mark-sweep generation total 118092K, used 73840K [0x000000009a2c0000, 0x00000000a1613000, 0x0000000100000000)
 Metaspace       used 110006K, capacity 116525K, committed 118828K, reserved 1153024K
  class space    used 13432K, capacity 14619K, committed 15200K, reserved 1048576K
}
2021-01-19T09:05:11.603+0000: 20581.743: Total time for which application threads were stopped: 0.0101240 seconds, Stopping threads took: 0.0001592 seconds
2021-01-19T09:05:12.606+0000: 20582.746: Total time for which application threads were stopped: 0.0011216 seconds, Stopping threads took: 0.0002336 seconds
{Heap before GC invocations=461 (full 6):
 par new generation   total 38080K, used 33902K [0x0000000085600000, 0x0000000087f50000, 0x000000009a2c0000)
  eden space 33856K, 100% used [0x0000000085600000, 0x0000000087710000, 0x0000000087710000)
  from space 4224K,   1% used [0x0000000087b30000, 0x0000000087b3bbf0, 0x0000000087f50000)
  to   space 4224K,   0% used [0x0000000087710000, 0x0000000087710000, 0x0000000087b30000)
 concurrent mark-sweep generation total 118092K, used 73840K [0x000000009a2c0000, 0x00000000a1613000, 0x0000000100000000)
 Metaspace       used 110006K, capacity 116525K, committed 118828K, reserved 1153024K
  class space    used 13432K, capacity 14619K, committed 15200K, reserved 1048576K
2021-01-19T09:06:57.780+0000: 20687.920: [GC (Allocation Failure) 2021-01-19T09:06:57.780+0000: 20687.920: [ParNew
Desired survivor size 2162688 bytes, new threshold 6 (max 6)
- age   1:       3424 bytes,       3424 total
- age   2:         48 bytes,       3472 total
- age   3:        744 bytes,       4216 total
: 33902K->8K(38080K), 0.0058372 secs] 107743K->73848K(156172K), 0.0061641 secs] [Times: user=0.02 sys=0.00, real=0.01 secs] 
Heap after GC invocations=462 (full 6):
 par new generation   total 38080K, used 8K [0x0000000085600000, 0x0000000087f50000, 0x000000009a2c0000)
  eden space 33856K,   0% used [0x0000000085600000, 0x0000000085600000, 0x0000000087710000)
  from space 4224K,   0% used [0x0000000087710000, 0x0000000087712040, 0x0000000087b30000)
  to   space 4224K,   0% used [0x0000000087b30000, 0x0000000087b30000, 0x0000000087f50000)
 concurrent mark-sweep generation total 118092K, used 73840K [0x000000009a2c0000, 0x00000000a1613000, 0x0000000100000000)
 Metaspace       used 110006K, capacity 116525K, committed 118828K, reserved 1153024K
  class space    used 13432K, capacity 14619K, committed 15200K, reserved 1048576K
}
2021-01-19T09:06:57.786+0000: 20687.926: Total time for which application threads were stopped: 0.0068304 seconds, Stopping threads took: 0.0000711 seconds
{Heap before GC invocations=462 (full 6):
 par new generation   total 38080K, used 33864K [0x0000000085600000, 0x0000000087f50000, 0x000000009a2c0000)
  eden space 33856K, 100% used [0x0000000085600000, 0x0000000087710000, 0x0000000087710000)
  from space 4224K,   0% used [0x0000000087710000, 0x0000000087712040, 0x0000000087b30000)
  to   space 4224K,   0% used [0x0000000087b30000, 0x0000000087b30000, 0x0000000087f50000)
 concurrent mark-sweep generation total 118092K, used 73840K [0x000000009a2c0000, 0x00000000a1613000, 0x0000000100000000)
 Metaspace       used 110006K, capacity 116525K, committed 118828K, reserved 1153024K
  class space    used 13432K, capacity 14619K, committed 15200K, reserved 1048576K
2021-01-19T09:08:44.066+0000: 20794.206: [GC (Allocation Failure) 2021-01-19T09:08:44.066+0000: 20794.206: [ParNew
Desired survivor size 2162688 bytes, new threshold 6 (max 6)
- age   1:       3752 bytes,       3752 total
- age   4:        744 bytes,       4496 total
: 33864K->6K(38080K), 0.0060826 secs] 107704K->73846K(156172K), 0.0063613 secs] [Times: user=0.01 sys=0.00, real=0.00 secs] 
Heap after GC invocations=463 (full 6):
 par new generation   total 38080K, used 6K [0x0000000085600000, 0x0000000087f50000, 0x000000009a2c0000)
  eden space 33856K,   0% used [0x0000000085600000, 0x0000000085600000, 0x0000000087710000)
  from space 4224K,   0% used [0x0000000087b30000, 0x0000000087b31830, 0x0000000087f50000)
  to   space 4224K,   0% used [0x0000000087710000, 0x0000000087710000, 0x0000000087b30000)
 concurrent mark-sweep generation total 118092K, used 73840K [0x000000009a2c0000, 0x00000000a1613000, 0x0000000100000000)
 Metaspace       used 110006K, capacity 116525K, committed 118828K, reserved 1153024K
  class space    used 13432K, capacity 14619K, committed 15200K, reserved 1048576K
}
2021-01-19T09:08:44.072+0000: 20794.212: Total time for which application threads were stopped: 0.0072099 seconds, Stopping threads took: 0.0002198 seconds
{Heap before GC invocations=463 (full 6):
 par new generation   total 38080K, used 33862K [0x0000000085600000, 0x0000000087f50000, 0x000000009a2c0000)
  eden space 33856K, 100% used [0x0000000085600000, 0x0000000087710000, 0x0000000087710000)
  from space 4224K,   0% used [0x0000000087b30000, 0x0000000087b31830, 0x0000000087f50000)
  to   space 4224K,   0% used [0x0000000087710000, 0x0000000087710000, 0x0000000087b30000)
 concurrent mark-sweep generation total 118092K, used 73840K [0x000000009a2c0000, 0x00000000a1613000, 0x0000000100000000)
 Metaspace       used 110006K, capacity 116525K, committed 118828K, reserved 1153024K
  class space    used 13432K, capacity 14619K, committed 15200K, reserved 1048576K
2021-01-19T09:10:30.211+0000: 20900.351: [GC (Allocation Failure) 2021-01-19T09:10:30.212+0000: 20900.352: [ParNew
Desired survivor size 2162688 bytes, new threshold 6 (max 6)
- age   1:       3768 bytes,       3768 total
- age   2:         32 bytes,       3800 total
- age   5:        744 bytes,       4544 total
: 33862K->6K(38080K), 0.0100797 secs] 107702K->73846K(156172K), 0.0104474 secs] [Times: user=0.02 sys=0.00, real=0.01 secs] 
Heap after GC invocations=464 (full 6):
 par new generation   total 38080K, used 6K [0x0000000085600000, 0x0000000087f50000, 0x000000009a2c0000)
  eden space 33856K,   0% used [0x0000000085600000, 0x0000000085600000, 0x0000000087710000)
  from space 4224K,   0% used [0x0000000087710000, 0x0000000087711830, 0x0000000087b30000)
  to   space 4224K,   0% used [0x0000000087b30000, 0x0000000087b30000, 0x0000000087f50000)
 concurrent mark-sweep generation total 118092K, used 73840K [0x000000009a2c0000, 0x00000000a1613000, 0x0000000100000000)
 Metaspace       used 110006K, capacity 116525K, committed 118828K, reserved 1153024K
  class space    used 13432K, capacity 14619K, committed 15200K, reserved 1048576K
}
2021-01-19T09:10:30.222+0000: 20900.362: Total time for which application threads were stopped: 0.0112223 seconds, Stopping threads took: 0.0000901 seconds
{Heap before GC invocations=464 (full 6):
 par new generation   total 38080K, used 33862K [0x0000000085600000, 0x0000000087f50000, 0x000000009a2c0000)
  eden space 33856K, 100% used [0x0000000085600000, 0x0000000087710000, 0x0000000087710000)
  from space 4224K,   0% used [0x0000000087710000, 0x0000000087711830, 0x0000000087b30000)
  to   space 4224K,   0% used [0x0000000087b30000, 0x0000000087b30000, 0x0000000087f50000)
 concurrent mark-sweep generation total 118092K, used 73840K [0x000000009a2c0000, 0x00000000a1613000, 0x0000000100000000)
 Metaspace       used 110006K, capacity 116525K, committed 118828K, reserved 1153024K
  class space    used 13432K, capacity 14619K, committed 15200K, reserved 1048576K
2021-01-19T09:12:16.447+0000: 21006.587: [GC (Allocation Failure) 2021-01-19T09:12:16.447+0000: 21006.587: [ParNew
Desired survivor size 2162688 bytes, new threshold 6 (max 6)
- age   1:      39856 bytes,      39856 total
- age   6:        744 bytes,      40600 total
: 33862K->40K(38080K), 0.0050711 secs] 107702K->73881K(156172K), 0.0053030 secs] [Times: user=0.02 sys=0.00, real=0.00 secs] 
Heap after GC invocations=465 (full 6):
 par new generation   total 38080K, used 40K [0x0000000085600000, 0x0000000087f50000, 0x000000009a2c0000)
  eden space 33856K,   0% used [0x0000000085600000, 0x0000000085600000, 0x0000000087710000)
  from space 4224K,   0% used [0x0000000087b30000, 0x0000000087b3a318, 0x0000000087f50000)
  to   space 4224K,   0% used [0x0000000087710000, 0x0000000087710000, 0x0000000087b30000)
 concurrent mark-sweep generation total 118092K, used 73840K [0x000000009a2c0000, 0x00000000a1613000, 0x0000000100000000)
 Metaspace       used 110006K, capacity 116525K, committed 118828K, reserved 1153024K
  class space    used 13432K, capacity 14619K, committed 15200K, reserved 1048576K
}
2021-01-19T09:12:16.452+0000: 21006.592: Total time for which application threads were stopped: 0.0059398 seconds, Stopping threads took: 0.0000781 seconds
2021-01-19T09:12:20.453+0000: 21010.593: Total time for which application threads were stopped: 0.0004975 seconds, Stopping threads took: 0.0000658 seconds
2021-01-19T09:12:50.458+0000: 21040.598: Total time for which application threads were stopped: 0.0004143 seconds, Stopping threads took: 0.0000831 seconds
{Heap before GC invocations=465 (full 6):
 par new generation   total 38080K, used 33876K [0x0000000085600000, 0x0000000087f50000, 0x000000009a2c0000)
  eden space 33856K,  99% used [0x0000000085600000, 0x000000008770ad88, 0x0000000087710000)
  from space 4224K,   0% used [0x0000000087b30000, 0x0000000087b3a318, 0x0000000087f50000)
  to   space 4224K,   0% used [0x0000000087710000, 0x0000000087710000, 0x0000000087b30000)
 concurrent mark-sweep generation total 118092K, used 73840K [0x000000009a2c0000, 0x00000000a1613000, 0x0000000100000000)
 Metaspace       used 110006K, capacity 116525K, committed 118828K, reserved 1153024K
  class space    used 13432K, capacity 14619K, committed 15200K, reserved 1048576K
2021-01-19T09:14:02.454+0000: 21112.594: [GC (Allocation Failure) 2021-01-19T09:14:02.454+0000: 21112.594: [ParNew
Desired survivor size 2162688 bytes, new threshold 6 (max 6)
- age   1:      38112 bytes,      38112 total
- age   2:       2576 bytes,      40688 total
: 33876K->41K(38080K), 0.0058703 secs] 107716K->73882K(156172K), 0.0063591 secs] [Times: user=0.02 sys=0.00, real=0.01 secs] 
Heap after GC invocations=466 (full 6):
 par new generation   total 38080K, used 41K [0x0000000085600000, 0x0000000087f50000, 0x000000009a2c0000)
  eden space 33856K,   0% used [0x0000000085600000, 0x0000000085600000, 0x0000000087710000)
  from space 4224K,   0% used [0x0000000087710000, 0x000000008771a5e0, 0x0000000087b30000)
  to   space 4224K,   0% used [0x0000000087b30000, 0x0000000087b30000, 0x0000000087f50000)
 concurrent mark-sweep generation total 118092K, used 73841K [0x000000009a2c0000, 0x00000000a1613000, 0x0000000100000000)
 Metaspace       used 110006K, capacity 116525K, committed 118828K, reserved 1153024K
  class space    used 13432K, capacity 14619K, committed 15200K, reserved 1048576K
}
2021-01-19T09:14:02.461+0000: 21112.601: Total time for which application threads were stopped: 0.0070738 seconds, Stopping threads took: 0.0000625 seconds
{Heap before GC invocations=466 (full 6):
 par new generation   total 38080K, used 33897K [0x0000000085600000, 0x0000000087f50000, 0x000000009a2c0000)
  eden space 33856K, 100% used [0x0000000085600000, 0x0000000087710000, 0x0000000087710000)
  from space 4224K,   0% used [0x0000000087710000, 0x000000008771a5e0, 0x0000000087b30000)
  to   space 4224K,   0% used [0x0000000087b30000, 0x0000000087b30000, 0x0000000087f50000)
 concurrent mark-sweep generation total 118092K, used 73841K [0x000000009a2c0000, 0x00000000a1613000, 0x0000000100000000)
 Metaspace       used 110006K, capacity 116525K, committed 118828K, reserved 1153024K
  class space    used 13432K, capacity 14619K, committed 15200K, reserved 1048576K
2021-01-19T09:15:48.890+0000: 21219.030: [GC (Allocation Failure) 2021-01-19T09:15:48.890+0000: 21219.031: [ParNew
Desired survivor size 2162688 bytes, new threshold 6 (max 6)
- age   1:       3328 bytes,       3328 total
- age   3:       2512 bytes,       5840 total
: 33897K->8K(38080K), 0.0041584 secs] 107738K->73849K(156172K), 0.0043690 secs] [Times: user=0.02 sys=0.00, real=0.00 secs] 
Heap after GC invocations=467 (full 6):
 par new generation   total 38080K, used 8K [0x0000000085600000, 0x0000000087f50000, 0x000000009a2c0000)
  eden space 33856K,   0% used [0x0000000085600000, 0x0000000085600000, 0x0000000087710000)
  from space 4224K,   0% used [0x0000000087b30000, 0x0000000087b32040, 0x0000000087f50000)
  to   space 4224K,   0% used [0x0000000087710000, 0x0000000087710000, 0x0000000087b30000)
 concurrent mark-sweep generation total 118092K, used 73841K [0x000000009a2c0000, 0x00000000a1613000, 0x0000000100000000)
 Metaspace       used 110006K, capacity 116525K, committed 118828K, reserved 1153024K
  class space    used 13432K, capacity 14619K, committed 15200K, reserved 1048576K
}
2021-01-19T09:15:48.895+0000: 21219.035: Total time for which application threads were stopped: 0.0050157 seconds, Stopping threads took: 0.0001447 seconds
2021-01-19T09:16:35.901+0000: 21266.042: Total time for which application threads were stopped: 0.0006062 seconds, Stopping threads took: 0.0000553 seconds
{Heap before GC invocations=467 (full 6):
 par new generation   total 38080K, used 33864K [0x0000000085600000, 0x0000000087f50000, 0x000000009a2c0000)
  eden space 33856K, 100% used [0x0000000085600000, 0x0000000087710000, 0x0000000087710000)
  from space 4224K,   0% used [0x0000000087b30000, 0x0000000087b32040, 0x0000000087f50000)
  to   space 4224K,   0% used [0x0000000087710000, 0x0000000087710000, 0x0000000087b30000)
 concurrent mark-sweep generation total 118092K, used 73841K [0x000000009a2c0000, 0x00000000a1613000, 0x0000000100000000)
 Metaspace       used 110009K, capacity 116525K, committed 118828K, reserved 1153024K
  class space    used 13432K, capacity 14619K, committed 15200K, reserved 1048576K
2021-01-19T09:17:33.112+0000: 21323.252: [GC (Allocation Failure) 2021-01-19T09:17:33.112+0000: 21323.252: [ParNew
Desired survivor size 2162688 bytes, new threshold 6 (max 6)
- age   1:     214928 bytes,     214928 total
- age   2:         32 bytes,     214960 total
- age   4:       2512 bytes,     217472 total
: 33864K->215K(38080K), 0.0062573 secs] 107705K->74057K(156172K), 0.0065143 secs] [Times: user=0.02 sys=0.00, real=0.01 secs] 
Heap after GC invocations=468 (full 6):
 par new generation   total 38080K, used 215K [0x0000000085600000, 0x0000000087f50000, 0x000000009a2c0000)
  eden space 33856K,   0% used [0x0000000085600000, 0x0000000085600000, 0x0000000087710000)
  from space 4224K,   5% used [0x0000000087710000, 0x0000000087745fa0, 0x0000000087b30000)
  to   space 4224K,   0% used [0x0000000087b30000, 0x0000000087b30000, 0x0000000087f50000)
 concurrent mark-sweep generation total 118092K, used 73841K [0x000000009a2c0000, 0x00000000a1613000, 0x0000000100000000)
 Metaspace       used 110009K, capacity 116525K, committed 118828K, reserved 1153024K
  class space    used 13432K, capacity 14619K, committed 15200K, reserved 1048576K
}
2021-01-19T09:17:33.119+0000: 21323.259: Total time for which application threads were stopped: 0.0072347 seconds, Stopping threads took: 0.0000612 seconds
2021-01-19T09:18:15.124+0000: 21365.264: Total time for which application threads were stopped: 0.0004222 seconds, Stopping threads took: 0.0000669 seconds
{Heap before GC invocations=468 (full 6):
 par new generation   total 38080K, used 34071K [0x0000000085600000, 0x0000000087f50000, 0x000000009a2c0000)
  eden space 33856K, 100% used [0x0000000085600000, 0x0000000087710000, 0x0000000087710000)
  from space 4224K,   5% used [0x0000000087710000, 0x0000000087745fa0, 0x0000000087b30000)
  to   space 4224K,   0% used [0x0000000087b30000, 0x0000000087b30000, 0x0000000087f50000)
 concurrent mark-sweep generation total 118092K, used 73841K [0x000000009a2c0000, 0x00000000a1613000, 0x0000000100000000)
 Metaspace       used 110025K, capacity 116589K, committed 118828K, reserved 1153024K
  class space    used 13432K, capacity 14619K, committed 15200K, reserved 1048576K
2021-01-19T09:19:16.126+0000: 21426.266: [GC (Allocation Failure) 2021-01-19T09:19:16.126+0000: 21426.266: [ParNew
Desired survivor size 2162688 bytes, new threshold 6 (max 6)
- age   1:     609800 bytes,     609800 total
- age   2:     208480 bytes,     818280 total
- age   5:       2512 bytes,     820792 total
: 34071K->828K(38080K), 0.0053659 secs] 107913K->74669K(156172K), 0.0055889 secs] [Times: user=0.02 sys=0.01, real=0.00 secs] 
Heap after GC invocations=469 (full 6):
 par new generation   total 38080K, used 828K [0x0000000085600000, 0x0000000087f50000, 0x000000009a2c0000)
  eden space 33856K,   0% used [0x0000000085600000, 0x0000000085600000, 0x0000000087710000)
  from space 4224K,  19% used [0x0000000087b30000, 0x0000000087bff108, 0x0000000087f50000)
  to   space 4224K,   0% used [0x0000000087710000, 0x0000000087710000, 0x0000000087b30000)
 concurrent mark-sweep generation total 118092K, used 73841K [0x000000009a2c0000, 0x00000000a1613000, 0x0000000100000000)
 Metaspace       used 110025K, capacity 116589K, committed 118828K, reserved 1153024K
  class space    used 13432K, capacity 14619K, committed 15200K, reserved 1048576K
}
2021-01-19T09:19:16.132+0000: 21426.272: Total time for which application threads were stopped: 0.0067892 seconds, Stopping threads took: 0.0002006 seconds
{Heap before GC invocations=469 (full 6):
 par new generation   total 38080K, used 34659K [0x0000000085600000, 0x0000000087f50000, 0x000000009a2c0000)
  eden space 33856K,  99% used [0x0000000085600000, 0x0000000087709d08, 0x0000000087710000)
  from space 4224K,  19% used [0x0000000087b30000, 0x0000000087bff108, 0x0000000087f50000)
  to   space 4224K,   0% used [0x0000000087710000, 0x0000000087710000, 0x0000000087b30000)
 concurrent mark-sweep generation total 118092K, used 73841K [0x000000009a2c0000, 0x00000000a1613000, 0x0000000100000000)
 Metaspace       used 110030K, capacity 116589K, committed 118828K, reserved 1153024K
  class space    used 13432K, capacity 14619K, committed 15200K, reserved 1048576K
2021-01-19T09:21:02.460+0000: 21532.600: [GC (Allocation Failure) 2021-01-19T09:21:02.460+0000: 21532.600: [ParNew
Desired survivor size 2162688 bytes, new threshold 6 (max 6)
- age   1:     106664 bytes,     106664 total
- age   2:     571184 bytes,     677848 total
- age   3:     208480 bytes,     886328 total
- age   6:       2512 bytes,     888840 total
: 34659K->1118K(38080K), 0.0060189 secs] 108500K->74959K(156172K), 0.0062851 secs] [Times: user=0.02 sys=0.00, real=0.01 secs] 
Heap after GC invocations=470 (full 6):
 par new generation   total 38080K, used 1118K [0x0000000085600000, 0x0000000087f50000, 0x000000009a2c0000)
  eden space 33856K,   0% used [0x0000000085600000, 0x0000000085600000, 0x0000000087710000)
  from space 4224K,  26% used [0x0000000087710000, 0x0000000087827920, 0x0000000087b30000)
  to   space 4224K,   0% used [0x0000000087b30000, 0x0000000087b30000, 0x0000000087f50000)
 concurrent mark-sweep generation total 118092K, used 73841K [0x000000009a2c0000, 0x00000000a1613000, 0x0000000100000000)
 Metaspace       used 110030K, capacity 116589K, committed 118828K, reserved 1153024K
  class space    used 13432K, capacity 14619K, committed 15200K, reserved 1048576K
}
2021-01-19T09:21:02.466+0000: 21532.606: Total time for which application threads were stopped: 0.0068953 seconds, Stopping threads took: 0.0000621 seconds
{Heap before GC invocations=470 (full 6):
 par new generation   total 38080K, used 34974K [0x0000000085600000, 0x0000000087f50000, 0x000000009a2c0000)
  eden space 33856K, 100% used [0x0000000085600000, 0x0000000087710000, 0x0000000087710000)
  from space 4224K,  26% used [0x0000000087710000, 0x0000000087827920, 0x0000000087b30000)
  to   space 4224K,   0% used [0x0000000087b30000, 0x0000000087b30000, 0x0000000087f50000)
 concurrent mark-sweep generation total 118092K, used 73841K [0x000000009a2c0000, 0x00000000a1613000, 0x0000000100000000)
 Metaspace       used 110030K, capacity 116589K, committed 118828K, reserved 1153024K
  class space    used 13432K, capacity 14619K, committed 15200K, reserved 1048576K
2021-01-19T09:22:49.514+0000: 21639.655: [GC (Allocation Failure) 2021-01-19T09:22:49.515+0000: 21639.655: [ParNew
Desired survivor size 2162688 bytes, new threshold 6 (max 6)
- age   1:       3448 bytes,       3448 total
- age   2:      68600 bytes,      72048 total
- age   3:     571096 bytes,     643144 total
- age   4:     208480 bytes,     851624 total
: 34974K->1144K(38080K), 0.0062570 secs] 108815K->74988K(156172K), 0.0064996 secs] [Times: user=0.02 sys=0.00, real=0.01 secs] 
Heap after GC invocations=471 (full 6):
 par new generation   total 38080K, used 1144K [0x0000000085600000, 0x0000000087f50000, 0x000000009a2c0000)
  eden space 33856K,   0% used [0x0000000085600000, 0x0000000085600000, 0x0000000087710000)
  from space 4224K,  27% used [0x0000000087b30000, 0x0000000087c4e140, 0x0000000087f50000)
  to   space 4224K,   0% used [0x0000000087710000, 0x0000000087710000, 0x0000000087b30000)
 concurrent mark-sweep generation total 118092K, used 73843K [0x000000009a2c0000, 0x00000000a1613000, 0x0000000100000000)
 Metaspace       used 110030K, capacity 116589K, committed 118828K, reserved 1153024K
  class space    used 13432K, capacity 14619K, committed 15200K, reserved 1048576K
}
2021-01-19T09:22:49.521+0000: 21639.661: Total time for which application threads were stopped: 0.0071087 seconds, Stopping threads took: 0.0000669 seconds
2021-01-19T09:24:04.532+0000: 21714.672: Total time for which application threads were stopped: 0.0003897 seconds, Stopping threads took: 0.0000719 seconds
2021-01-19T09:24:07.533+0000: 21717.673: Total time for which application threads were stopped: 0.0004231 seconds, Stopping threads took: 0.0000705 seconds
{Heap before GC invocations=471 (full 6):
 par new generation   total 38080K, used 35000K [0x0000000085600000, 0x0000000087f50000, 0x000000009a2c0000)
  eden space 33856K, 100% used [0x0000000085600000, 0x0000000087710000, 0x0000000087710000)
  from space 4224K,  27% used [0x0000000087b30000, 0x0000000087c4e140, 0x0000000087f50000)
  to   space 4224K,   0% used [0x0000000087710000, 0x0000000087710000, 0x0000000087b30000)
 concurrent mark-sweep generation total 118092K, used 73843K [0x000000009a2c0000, 0x00000000a1613000, 0x0000000100000000)
 Metaspace       used 110057K, capacity 116593K, committed 118828K, reserved 1153024K
  class space    used 13432K, capacity 14619K, committed 15200K, reserved 1048576K
2021-01-19T09:24:33.173+0000: 21743.313: [GC (Allocation Failure) 2021-01-19T09:24:33.174+0000: 21743.314: [ParNew
Desired survivor size 2162688 bytes, new threshold 6 (max 6)
- age   1:      11992 bytes,      11992 total
- age   2:         32 bytes,      12024 total
- age   3:      68576 bytes,      80600 total
- age   4:     571096 bytes,     651696 total
- age   5:     208480 bytes,     860176 total
: 35000K->1018K(38080K), 0.0054884 secs] 108844K->74862K(156172K), 0.0057587 secs] [Times: user=0.02 sys=0.00, real=0.01 secs] 
Heap after GC invocations=472 (full 6):
 par new generation   total 38080K, used 1018K [0x0000000085600000, 0x0000000087f50000, 0x000000009a2c0000)
  eden space 33856K,   0% used [0x0000000085600000, 0x0000000085600000, 0x0000000087710000)
  from space 4224K,  24% used [0x0000000087710000, 0x000000008780e880, 0x0000000087b30000)
  to   space 4224K,   0% used [0x0000000087b30000, 0x0000000087b30000, 0x0000000087f50000)
 concurrent mark-sweep generation total 118092K, used 73843K [0x000000009a2c0000, 0x00000000a1613000, 0x0000000100000000)
 Metaspace       used 110057K, capacity 116593K, committed 118828K, reserved 1153024K
  class space    used 13432K, capacity 14619K, committed 15200K, reserved 1048576K
}
2021-01-19T09:24:33.179+0000: 21743.319: Total time for which application threads were stopped: 0.0065887 seconds, Stopping threads took: 0.0002667 seconds
{Heap before GC invocations=472 (full 6):
 par new generation   total 38080K, used 34874K [0x0000000085600000, 0x0000000087f50000, 0x000000009a2c0000)
  eden space 33856K, 100% used [0x0000000085600000, 0x0000000087710000, 0x0000000087710000)
  from space 4224K,  24% used [0x0000000087710000, 0x000000008780e880, 0x0000000087b30000)
  to   space 4224K,   0% used [0x0000000087b30000, 0x0000000087b30000, 0x0000000087f50000)
 concurrent mark-sweep generation total 118092K, used 73843K [0x000000009a2c0000, 0x00000000a1613000, 0x0000000100000000)
 Metaspace       used 110057K, capacity 116593K, committed 118828K, reserved 1153024K
  class space    used 13432K, capacity 14619K, committed 15200K, reserved 1048576K
2021-01-19T09:26:18.904+0000: 21849.044: [GC (Allocation Failure) 2021-01-19T09:26:18.904+0000: 21849.044: [ParNew
Desired survivor size 2162688 bytes, new threshold 6 (max 6)
- age   1:      37904 bytes,      37904 total
- age   2:       7544 bytes,      45448 total
- age   4:      68576 bytes,     114024 total
- age   5:     571120 bytes,     685144 total
- age   6:     208480 bytes,     893624 total
: 34874K->1458K(38080K), 0.0139567 secs] 108718K->75302K(156172K), 0.0144641 secs] [Times: user=0.02 sys=0.00, real=0.02 secs] 
Heap after GC invocations=473 (full 6):
 par new generation   total 38080K, used 1458K [0x0000000085600000, 0x0000000087f50000, 0x000000009a2c0000)
  eden space 33856K,   0% used [0x0000000085600000, 0x0000000085600000, 0x0000000087710000)
  from space 4224K,  34% used [0x0000000087b30000, 0x0000000087c9cb60, 0x0000000087f50000)
  to   space 4224K,   0% used [0x0000000087710000, 0x0000000087710000, 0x0000000087b30000)
 concurrent mark-sweep generation total 118092K, used 73843K [0x000000009a2c0000, 0x00000000a1613000, 0x0000000100000000)
 Metaspace       used 110057K, capacity 116593K, committed 118828K, reserved 1153024K
  class space    used 13432K, capacity 14619K, committed 15200K, reserved 1048576K
}
2021-01-19T09:26:18.919+0000: 21849.059: Total time for which application threads were stopped: 0.0157724 seconds, Stopping threads took: 0.0001492 seconds
2021-01-19T09:27:12.928+0000: 21903.068: Total time for which application threads were stopped: 0.0003739 seconds, Stopping threads took: 0.0000687 seconds
{Heap before GC invocations=473 (full 6):
 par new generation   total 38080K, used 35314K [0x0000000085600000, 0x0000000087f50000, 0x000000009a2c0000)
  eden space 33856K, 100% used [0x0000000085600000, 0x0000000087710000, 0x0000000087710000)
  from space 4224K,  34% used [0x0000000087b30000, 0x0000000087c9cb60, 0x0000000087f50000)
  to   space 4224K,   0% used [0x0000000087710000, 0x0000000087710000, 0x0000000087b30000)
 concurrent mark-sweep generation total 118092K, used 73843K [0x000000009a2c0000, 0x00000000a1613000, 0x0000000100000000)
 Metaspace       used 110057K, capacity 116593K, committed 118828K, reserved 1153024K
  class space    used 13432K, capacity 14619K, committed 15200K, reserved 1048576K
2021-01-19T09:28:04.643+0000: 21954.783: [GC (Allocation Failure) 2021-01-19T09:28:04.643+0000: 21954.783: [ParNew
Desired survivor size 2162688 bytes, new threshold 6 (max 6)
- age   1:      71112 bytes,      71112 total
- age   2:        696 bytes,      71808 total
- age   3:       7544 bytes,      79352 total
- age   5:      68576 bytes,     147928 total
- age   6:     571096 bytes,     719024 total
: 35314K->1078K(38080K), 0.0057351 secs] 109158K->75128K(156172K), 0.0059949 secs] [Times: user=0.02 sys=0.00, real=0.01 secs] 
Heap after GC invocations=474 (full 6):
 par new generation   total 38080K, used 1078K [0x0000000085600000, 0x0000000087f50000, 0x000000009a2c0000)
  eden space 33856K,   0% used [0x0000000085600000, 0x0000000085600000, 0x0000000087710000)
  from space 4224K,  25% used [0x0000000087710000, 0x000000008781dab0, 0x0000000087b30000)
  to   space 4224K,   0% used [0x0000000087b30000, 0x0000000087b30000, 0x0000000087f50000)
 concurrent mark-sweep generation total 118092K, used 74050K [0x000000009a2c0000, 0x00000000a1613000, 0x0000000100000000)
 Metaspace       used 110057K, capacity 116593K, committed 118828K, reserved 1153024K
  class space    used 13432K, capacity 14619K, committed 15200K, reserved 1048576K
}
2021-01-19T09:28:04.649+0000: 21954.789: Total time for which application threads were stopped: 0.0067783 seconds, Stopping threads took: 0.0001786 seconds
{Heap before GC invocations=474 (full 6):
 par new generation   total 38080K, used 34934K [0x0000000085600000, 0x0000000087f50000, 0x000000009a2c0000)
  eden space 33856K, 100% used [0x0000000085600000, 0x0000000087710000, 0x0000000087710000)
  from space 4224K,  25% used [0x0000000087710000, 0x000000008781dab0, 0x0000000087b30000)
  to   space 4224K,   0% used [0x0000000087b30000, 0x0000000087b30000, 0x0000000087f50000)
 concurrent mark-sweep generation total 118092K, used 74050K [0x000000009a2c0000, 0x00000000a1613000, 0x0000000100000000)
 Metaspace       used 110057K, capacity 116593K, committed 118828K, reserved 1153024K
  class space    used 13432K, capacity 14619K, committed 15200K, reserved 1048576K
2021-01-19T09:29:50.408+0000: 22060.548: [GC (Allocation Failure) 2021-01-19T09:29:50.408+0000: 22060.548: [ParNew
Desired survivor size 2162688 bytes, new threshold 6 (max 6)
- age   1:       4200 bytes,       4200 total
- age   2:         24 bytes,       4224 total
- age   3:        608 bytes,       4832 total
- age   4:       7544 bytes,      12376 total
- age   6:      68576 bytes,      80952 total
: 34934K->742K(38080K), 0.0069020 secs] 108984K->75357K(156172K), 0.0071604 secs] [Times: user=0.02 sys=0.00, real=0.00 secs] 
Heap after GC invocations=475 (full 6):
 par new generation   total 38080K, used 742K [0x0000000085600000, 0x0000000087f50000, 0x000000009a2c0000)
  eden space 33856K,   0% used [0x0000000085600000, 0x0000000085600000, 0x0000000087710000)
  from space 4224K,  17% used [0x0000000087b30000, 0x0000000087be9980, 0x0000000087f50000)
  to   space 4224K,   0% used [0x0000000087710000, 0x0000000087710000, 0x0000000087b30000)
 concurrent mark-sweep generation total 118092K, used 74615K [0x000000009a2c0000, 0x00000000a1613000, 0x0000000100000000)
 Metaspace       used 110057K, capacity 116593K, committed 118828K, reserved 1153024K
  class space    used 13432K, capacity 14619K, committed 15200K, reserved 1048576K
}
2021-01-19T09:29:50.415+0000: 22060.555: Total time for which application threads were stopped: 0.0077896 seconds, Stopping threads took: 0.0000675 seconds
{Heap before GC invocations=475 (full 6):
 par new generation   total 38080K, used 34598K [0x0000000085600000, 0x0000000087f50000, 0x000000009a2c0000)
  eden space 33856K, 100% used [0x0000000085600000, 0x0000000087710000, 0x0000000087710000)
  from space 4224K,  17% used [0x0000000087b30000, 0x0000000087be9980, 0x0000000087f50000)
  to   space 4224K,   0% used [0x0000000087710000, 0x0000000087710000, 0x0000000087b30000)
 concurrent mark-sweep generation total 118092K, used 74615K [0x000000009a2c0000, 0x00000000a1613000, 0x0000000100000000)
 Metaspace       used 110057K, capacity 116593K, committed 118828K, reserved 1153024K
  class space    used 13432K, capacity 14619K, committed 15200K, reserved 1048576K
2021-01-19T09:31:36.247+0000: 22166.387: [GC (Allocation Failure) 2021-01-19T09:31:36.247+0000: 22166.387: [ParNew
Desired survivor size 2162688 bytes, new threshold 6 (max 6)
- age   1:       4560 bytes,       4560 total
- age   2:         32 bytes,       4592 total
- age   4:        608 bytes,       5200 total
- age   5:       7544 bytes,      12744 total
: 34598K->150K(38080K), 0.0085316 secs] 109213K->74833K(156172K), 0.0088035 secs] [Times: user=0.02 sys=0.00, real=0.00 secs] 
Heap after GC invocations=476 (full 6):
 par new generation   total 38080K, used 150K [0x0000000085600000, 0x0000000087f50000, 0x000000009a2c0000)
  eden space 33856K,   0% used [0x0000000085600000, 0x0000000085600000, 0x0000000087710000)
  from space 4224K,   3% used [0x0000000087710000, 0x0000000087735938, 0x0000000087b30000)
  to   space 4224K,   0% used [0x0000000087b30000, 0x0000000087b30000, 0x0000000087f50000)
 concurrent mark-sweep generation total 118092K, used 74683K [0x000000009a2c0000, 0x00000000a1613000, 0x0000000100000000)
 Metaspace       used 110057K, capacity 116593K, committed 118828K, reserved 1153024K
  class space    used 13432K, capacity 14619K, committed 15200K, reserved 1048576K
}
2021-01-19T09:31:36.256+0000: 22166.396: Total time for which application threads were stopped: 0.0096985 seconds, Stopping threads took: 0.0002801 seconds
2021-01-19T09:32:12.262+0000: 22202.402: Total time for which application threads were stopped: 0.0004955 seconds, Stopping threads took: 0.0000897 seconds
2021-01-19T09:33:12.270+0000: 22262.410: Total time for which application threads were stopped: 0.0004297 seconds, Stopping threads took: 0.0001302 seconds
{Heap before GC invocations=476 (full 6):
 par new generation   total 38080K, used 34006K [0x0000000085600000, 0x0000000087f50000, 0x000000009a2c0000)
  eden space 33856K, 100% used [0x0000000085600000, 0x0000000087710000, 0x0000000087710000)
  from space 4224K,   3% used [0x0000000087710000, 0x0000000087735938, 0x0000000087b30000)
  to   space 4224K,   0% used [0x0000000087b30000, 0x0000000087b30000, 0x0000000087f50000)
 concurrent mark-sweep generation total 118092K, used 74683K [0x000000009a2c0000, 0x00000000a1613000, 0x0000000100000000)
 Metaspace       used 110057K, capacity 116593K, committed 118828K, reserved 1153024K
  class space    used 13432K, capacity 14619K, committed 15200K, reserved 1048576K
2021-01-19T09:33:22.019+0000: 22272.159: [GC (Allocation Failure) 2021-01-19T09:33:22.019+0000: 22272.159: [ParNew
Desired survivor size 2162688 bytes, new threshold 6 (max 6)
- age   1:       3416 bytes,       3416 total
- age   2:        368 bytes,       3784 total
- age   5:        608 bytes,       4392 total
- age   6:       7544 bytes,      11936 total
: 34006K->39K(38080K), 0.0045236 secs] 108689K->74722K(156172K), 0.0047433 secs] [Times: user=0.02 sys=0.00, real=0.00 secs] 
Heap after GC invocations=477 (full 6):
 par new generation   total 38080K, used 39K [0x0000000085600000, 0x0000000087f50000, 0x000000009a2c0000)
  eden space 33856K,   0% used [0x0000000085600000, 0x0000000085600000, 0x0000000087710000)
  from space 4224K,   0% used [0x0000000087b30000, 0x0000000087b39d38, 0x0000000087f50000)
  to   space 4224K,   0% used [0x0000000087710000, 0x0000000087710000, 0x0000000087b30000)
 concurrent mark-sweep generation total 118092K, used 74683K [0x000000009a2c0000, 0x00000000a1613000, 0x0000000100000000)
 Metaspace       used 110057K, capacity 116593K, committed 118828K, reserved 1153024K
  class space    used 13432K, capacity 14619K, committed 15200K, reserved 1048576K
}
2021-01-19T09:33:22.023+0000: 22272.163: Total time for which application threads were stopped: 0.0053352 seconds, Stopping threads took: 0.0000667 seconds
{Heap before GC invocations=477 (full 6):
 par new generation   total 38080K, used 33895K [0x0000000085600000, 0x0000000087f50000, 0x000000009a2c0000)
  eden space 33856K, 100% used [0x0000000085600000, 0x0000000087710000, 0x0000000087710000)
  from space 4224K,   0% used [0x0000000087b30000, 0x0000000087b39d38, 0x0000000087f50000)
  to   space 4224K,   0% used [0x0000000087710000, 0x0000000087710000, 0x0000000087b30000)
 concurrent mark-sweep generation total 118092K, used 74683K [0x000000009a2c0000, 0x00000000a1613000, 0x0000000100000000)
 Metaspace       used 110057K, capacity 116593K, committed 118828K, reserved 1153024K
  class space    used 13432K, capacity 14619K, committed 15200K, reserved 1048576K
2021-01-19T09:35:07.900+0000: 22378.040: [GC (Allocation Failure) 2021-01-19T09:35:07.901+0000: 22378.041: [ParNew
Desired survivor size 2162688 bytes, new threshold 6 (max 6)
- age   1:      71024 bytes,      71024 total
- age   2:         64 bytes,      71088 total
- age   3:        368 bytes,      71456 total
- age   6:        608 bytes,      72064 total
: 33895K->80K(38080K), 0.0062079 secs] 108578K->74770K(156172K), 0.0065848 secs] [Times: user=0.02 sys=0.00, real=0.01 secs] 
Heap after GC invocations=478 (full 6):
 par new generation   total 38080K, used 80K [0x0000000085600000, 0x0000000087f50000, 0x000000009a2c0000)
  eden space 33856K,   0% used [0x0000000085600000, 0x0000000085600000, 0x0000000087710000)
  from space 4224K,   1% used [0x0000000087710000, 0x0000000087724020, 0x0000000087b30000)
  to   space 4224K,   0% used [0x0000000087b30000, 0x0000000087b30000, 0x0000000087f50000)
 concurrent mark-sweep generation total 118092K, used 74690K [0x000000009a2c0000, 0x00000000a1613000, 0x0000000100000000)
 Metaspace       used 110057K, capacity 116593K, committed 118828K, reserved 1153024K
  class space    used 13432K, capacity 14619K, committed 15200K, reserved 1048576K
}
2021-01-19T09:35:07.907+0000: 22378.047: Total time for which application threads were stopped: 0.0081244 seconds, Stopping threads took: 0.0002438 seconds
{Heap before GC invocations=478 (full 6):
 par new generation   total 38080K, used 33936K [0x0000000085600000, 0x0000000087f50000, 0x000000009a2c0000)
  eden space 33856K, 100% used [0x0000000085600000, 0x0000000087710000, 0x0000000087710000)
  from space 4224K,   1% used [0x0000000087710000, 0x0000000087724020, 0x0000000087b30000)
  to   space 4224K,   0% used [0x0000000087b30000, 0x0000000087b30000, 0x0000000087f50000)
 concurrent mark-sweep generation total 118092K, used 74690K [0x000000009a2c0000, 0x00000000a1613000, 0x0000000100000000)
 Metaspace       used 110057K, capacity 116593K, committed 118828K, reserved 1153024K
  class space    used 13432K, capacity 14619K, committed 15200K, reserved 1048576K
2021-01-19T09:36:53.737+0000: 22483.877: [GC (Allocation Failure) 2021-01-19T09:36:53.737+0000: 22483.878: [ParNew
Desired survivor size 2162688 bytes, new threshold 6 (max 6)
- age   1:       3664 bytes,       3664 total
- age   4:        368 bytes,       4032 total
: 33936K->8K(38080K), 0.0104749 secs] 108626K->74699K(156172K), 0.0107273 secs] [Times: user=0.02 sys=0.00, real=0.01 secs] 
Heap after GC invocations=479 (full 6):
 par new generation   total 38080K, used 8K [0x0000000085600000, 0x0000000087f50000, 0x000000009a2c0000)
  eden space 33856K,   0% used [0x0000000085600000, 0x0000000085600000, 0x0000000087710000)
  from space 4224K,   0% used [0x0000000087b30000, 0x0000000087b32040, 0x0000000087f50000)
  to   space 4224K,   0% used [0x0000000087710000, 0x0000000087710000, 0x0000000087b30000)
 concurrent mark-sweep generation total 118092K, used 74691K [0x000000009a2c0000, 0x00000000a1613000, 0x0000000100000000)
 Metaspace       used 110057K, capacity 116593K, committed 118828K, reserved 1153024K
  class space    used 13432K, capacity 14619K, committed 15200K, reserved 1048576K
}
2021-01-19T09:36:53.748+0000: 22483.888: Total time for which application threads were stopped: 0.0115015 seconds, Stopping threads took: 0.0001426 seconds
2021-01-19T09:37:02.750+0000: 22492.890: Total time for which application threads were stopped: 0.0003850 seconds, Stopping threads took: 0.0000783 seconds
{Heap before GC invocations=479 (full 6):
 par new generation   total 38080K, used 33864K [0x0000000085600000, 0x0000000087f50000, 0x000000009a2c0000)
  eden space 33856K, 100% used [0x0000000085600000, 0x0000000087710000, 0x0000000087710000)
  from space 4224K,   0% used [0x0000000087b30000, 0x0000000087b32040, 0x0000000087f50000)
  to   space 4224K,   0% used [0x0000000087710000, 0x0000000087710000, 0x0000000087b30000)
 concurrent mark-sweep generation total 118092K, used 74691K [0x000000009a2c0000, 0x00000000a1613000, 0x0000000100000000)
 Metaspace       used 110057K, capacity 116593K, committed 118828K, reserved 1153024K
  class space    used 13432K, capacity 14619K, committed 15200K, reserved 1048576K
2021-01-19T09:38:39.793+0000: 22589.933: [GC (Allocation Failure) 2021-01-19T09:38:39.793+0000: 22589.933: [ParNew
Desired survivor size 2162688 bytes, new threshold 6 (max 6)
- age   1:       3720 bytes,       3720 total
- age   2:         32 bytes,       3752 total
- age   5:        368 bytes,       4120 total
: 33864K->6K(38080K), 0.0058431 secs] 108555K->74697K(156172K), 0.0061651 secs] [Times: user=0.01 sys=0.00, real=0.01 secs] 
Heap after GC invocations=480 (full 6):
 par new generation   total 38080K, used 6K [0x0000000085600000, 0x0000000087f50000, 0x000000009a2c0000)
  eden space 33856K,   0% used [0x0000000085600000, 0x0000000085600000, 0x0000000087710000)
  from space 4224K,   0% used [0x0000000087710000, 0x0000000087711830, 0x0000000087b30000)
  to   space 4224K,   0% used [0x0000000087b30000, 0x0000000087b30000, 0x0000000087f50000)
 concurrent mark-sweep generation total 118092K, used 74691K [0x000000009a2c0000, 0x00000000a1613000, 0x0000000100000000)
 Metaspace       used 110057K, capacity 116593K, committed 118828K, reserved 1153024K
  class space    used 13432K, capacity 14619K, committed 15200K, reserved 1048576K
}
2021-01-19T09:38:39.800+0000: 22589.940: Total time for which application threads were stopped: 0.0071951 seconds, Stopping threads took: 0.0000804 seconds
{Heap before GC invocations=480 (full 6):
 par new generation   total 38080K, used 33862K [0x0000000085600000, 0x0000000087f50000, 0x000000009a2c0000)
  eden space 33856K, 100% used [0x0000000085600000, 0x0000000087710000, 0x0000000087710000)
  from space 4224K,   0% used [0x0000000087710000, 0x0000000087711830, 0x0000000087b30000)
  to   space 4224K,   0% used [0x0000000087b30000, 0x0000000087b30000, 0x0000000087f50000)
 concurrent mark-sweep generation total 118092K, used 74691K [0x000000009a2c0000, 0x00000000a1613000, 0x0000000100000000)
 Metaspace       used 110057K, capacity 116593K, committed 118828K, reserved 1153024K
  class space    used 13432K, capacity 14619K, committed 15200K, reserved 1048576K
2021-01-19T09:40:25.685+0000: 22695.825: [GC (Allocation Failure) 2021-01-19T09:40:25.685+0000: 22695.825: [ParNew
Desired survivor size 2162688 bytes, new threshold 6 (max 6)
- age   1:       3752 bytes,       3752 total
- age   6:        368 bytes,       4120 total
: 33862K->8K(38080K), 0.0054069 secs] 108553K->74699K(156172K), 0.0056393 secs] [Times: user=0.01 sys=0.00, real=0.00 secs] 
Heap after GC invocations=481 (full 6):
 par new generation   total 38080K, used 8K [0x0000000085600000, 0x0000000087f50000, 0x000000009a2c0000)
  eden space 33856K,   0% used [0x0000000085600000, 0x0000000085600000, 0x0000000087710000)
  from space 4224K,   0% used [0x0000000087b30000, 0x0000000087b32040, 0x0000000087f50000)
  to   space 4224K,   0% used [0x0000000087710000, 0x0000000087710000, 0x0000000087b30000)
 concurrent mark-sweep generation total 118092K, used 74691K [0x000000009a2c0000, 0x00000000a1613000, 0x0000000100000000)
 Metaspace       used 110057K, capacity 116593K, committed 118828K, reserved 1153024K
  class space    used 13432K, capacity 14619K, committed 15200K, reserved 1048576K
}
2021-01-19T09:40:25.691+0000: 22695.831: Total time for which application threads were stopped: 0.0063297 seconds, Stopping threads took: 0.0001669 seconds
{Heap before GC invocations=481 (full 6):
 par new generation   total 38080K, used 33864K [0x0000000085600000, 0x0000000087f50000, 0x000000009a2c0000)
  eden space 33856K, 100% used [0x0000000085600000, 0x0000000087710000, 0x0000000087710000)
  from space 4224K,   0% used [0x0000000087b30000, 0x0000000087b32040, 0x0000000087f50000)
  to   space 4224K,   0% used [0x0000000087710000, 0x0000000087710000, 0x0000000087b30000)
 concurrent mark-sweep generation total 118092K, used 74691K [0x000000009a2c0000, 0x00000000a1613000, 0x0000000100000000)
 Metaspace       used 110058K, capacity 116593K, committed 118828K, reserved 1153024K
  class space    used 13432K, capacity 14619K, committed 15200K, reserved 1048576K
2021-01-19T09:42:11.811+0000: 22801.951: [GC (Allocation Failure) 2021-01-19T09:42:11.812+0000: 22801.952: [ParNew
Desired survivor size 2162688 bytes, new threshold 6 (max 6)
- age   1:      37216 bytes,      37216 total
- age   2:         64 bytes,      37280 total
: 33864K->38K(38080K), 0.0045347 secs] 108555K->74730K(156172K), 0.0051281 secs] [Times: user=0.02 sys=0.00, real=0.00 secs] 
Heap after GC invocations=482 (full 6):
 par new generation   total 38080K, used 38K [0x0000000085600000, 0x0000000087f50000, 0x000000009a2c0000)
  eden space 33856K,   0% used [0x0000000085600000, 0x0000000085600000, 0x0000000087710000)
  from space 4224K,   0% used [0x0000000087710000, 0x0000000087719b08, 0x0000000087b30000)
  to   space 4224K,   0% used [0x0000000087b30000, 0x0000000087b30000, 0x0000000087f50000)
 concurrent mark-sweep generation total 118092K, used 74691K [0x000000009a2c0000, 0x00000000a1613000, 0x0000000100000000)
 Metaspace       used 110058K, capacity 116593K, committed 118828K, reserved 1153024K
  class space    used 13432K, capacity 14619K, committed 15200K, reserved 1048576K
}
2021-01-19T09:42:11.816+0000: 22801.956: Total time for which application threads were stopped: 0.0067175 seconds, Stopping threads took: 0.0002188 seconds
{Heap before GC invocations=482 (full 6):
 par new generation   total 38080K, used 33894K [0x0000000085600000, 0x0000000087f50000, 0x000000009a2c0000)
  eden space 33856K, 100% used [0x0000000085600000, 0x0000000087710000, 0x0000000087710000)
  from space 4224K,   0% used [0x0000000087710000, 0x0000000087719b08, 0x0000000087b30000)
  to   space 4224K,   0% used [0x0000000087b30000, 0x0000000087b30000, 0x0000000087f50000)
 concurrent mark-sweep generation total 118092K, used 74691K [0x000000009a2c0000, 0x00000000a1613000, 0x0000000100000000)
 Metaspace       used 110062K, capacity 116593K, committed 118828K, reserved 1153024K
  class space    used 13432K, capacity 14619K, committed 15200K, reserved 1048576K
2021-01-19T09:43:57.755+0000: 22907.895: [GC (Allocation Failure) 2021-01-19T09:43:57.756+0000: 22907.896: [ParNew
Desired survivor size 2162688 bytes, new threshold 6 (max 6)
- age   1:       4032 bytes,       4032 total
- age   2:         48 bytes,       4080 total
: 33894K->8K(38080K), 0.0046867 secs] 108586K->74699K(156172K), 0.0048947 secs] [Times: user=0.01 sys=0.00, real=0.01 secs] 
Heap after GC invocations=483 (full 6):
 par new generation   total 38080K, used 8K [0x0000000085600000, 0x0000000087f50000, 0x000000009a2c0000)
  eden space 33856K,   0% used [0x0000000085600000, 0x0000000085600000, 0x0000000087710000)
  from space 4224K,   0% used [0x0000000087b30000, 0x0000000087b32040, 0x0000000087f50000)
  to   space 4224K,   0% used [0x0000000087710000, 0x0000000087710000, 0x0000000087b30000)
 concurrent mark-sweep generation total 118092K, used 74691K [0x000000009a2c0000, 0x00000000a1613000, 0x0000000100000000)
 Metaspace       used 110062K, capacity 116593K, committed 118828K, reserved 1153024K
  class space    used 13432K, capacity 14619K, committed 15200K, reserved 1048576K
}
2021-01-19T09:43:57.760+0000: 22907.900: Total time for which application threads were stopped: 0.0054526 seconds, Stopping threads took: 0.0000658 seconds
2021-01-19T09:44:05.762+0000: 22915.902: Total time for which application threads were stopped: 0.0004964 seconds, Stopping threads took: 0.0000783 seconds
2021-01-19T09:44:12.763+0000: 22922.903: Total time for which application threads were stopped: 0.0003861 seconds, Stopping threads took: 0.0000680 seconds
{Heap before GC invocations=483 (full 6):
 par new generation   total 38080K, used 33864K [0x0000000085600000, 0x0000000087f50000, 0x000000009a2c0000)
  eden space 33856K, 100% used [0x0000000085600000, 0x0000000087710000, 0x0000000087710000)
  from space 4224K,   0% used [0x0000000087b30000, 0x0000000087b32040, 0x0000000087f50000)
  to   space 4224K,   0% used [0x0000000087710000, 0x0000000087710000, 0x0000000087b30000)
 concurrent mark-sweep generation total 118092K, used 74691K [0x000000009a2c0000, 0x00000000a1613000, 0x0000000100000000)
 Metaspace       used 110062K, capacity 116593K, committed 118828K, reserved 1153024K
  class space    used 13432K, capacity 14619K, committed 15200K, reserved 1048576K
2021-01-19T09:45:43.913+0000: 23014.053: [GC (Allocation Failure) 2021-01-19T09:45:43.913+0000: 23014.053: [ParNew
Desired survivor size 2162688 bytes, new threshold 6 (max 6)
- age   1:       3472 bytes,       3472 total
- age   2:        680 bytes,       4152 total
: 33864K->8K(38080K), 0.0052484 secs] 108555K->74699K(156172K), 0.0055216 secs] [Times: user=0.01 sys=0.00, real=0.01 secs] 
Heap after GC invocations=484 (full 6):
 par new generation   total 38080K, used 8K [0x0000000085600000, 0x0000000087f50000, 0x000000009a2c0000)
  eden space 33856K,   0% used [0x0000000085600000, 0x0000000085600000, 0x0000000087710000)
  from space 4224K,   0% used [0x0000000087710000, 0x0000000087712040, 0x0000000087b30000)
  to   space 4224K,   0% used [0x0000000087b30000, 0x0000000087b30000, 0x0000000087f50000)
 concurrent mark-sweep generation total 118092K, used 74691K [0x000000009a2c0000, 0x00000000a1613000, 0x0000000100000000)
 Metaspace       used 110062K, capacity 116593K, committed 118828K, reserved 1153024K
  class space    used 13432K, capacity 14619K, committed 15200K, reserved 1048576K
}
2021-01-19T09:45:43.918+0000: 23014.058: Total time for which application threads were stopped: 0.0063160 seconds, Stopping threads took: 0.0000819 seconds
2021-01-19T09:46:12.922+0000: 23043.063: Total time for which application threads were stopped: 0.0003978 seconds, Stopping threads took: 0.0000664 seconds
2021-01-19T09:46:39.926+0000: 23070.067: Total time for which application threads were stopped: 0.0003730 seconds, Stopping threads took: 0.0000686 seconds
{Heap before GC invocations=484 (full 6):
 par new generation   total 38080K, used 33864K [0x0000000085600000, 0x0000000087f50000, 0x000000009a2c0000)
  eden space 33856K, 100% used [0x0000000085600000, 0x0000000087710000, 0x0000000087710000)
  from space 4224K,   0% used [0x0000000087710000, 0x0000000087712040, 0x0000000087b30000)
  to   space 4224K,   0% used [0x0000000087b30000, 0x0000000087b30000, 0x0000000087f50000)
 concurrent mark-sweep generation total 118092K, used 74691K [0x000000009a2c0000, 0x00000000a1613000, 0x0000000100000000)
 Metaspace       used 110079K, capacity 116593K, committed 118828K, reserved 1153024K
  class space    used 13432K, capacity 14619K, committed 15200K, reserved 1048576K
2021-01-19T09:47:28.106+0000: 23118.246: [GC (Allocation Failure) 2021-01-19T09:47:28.106+0000: 23118.246: [ParNew
Desired survivor size 2162688 bytes, new threshold 6 (max 6)
- age   1:     219080 bytes,     219080 total
- age   2:         32 bytes,     219112 total
- age   3:        680 bytes,     219792 total
: 33864K->221K(38080K), 0.0047995 secs] 108555K->74912K(156172K), 0.0050579 secs] [Times: user=0.02 sys=0.00, real=0.00 secs] 
Heap after GC invocations=485 (full 6):
 par new generation   total 38080K, used 221K [0x0000000085600000, 0x0000000087f50000, 0x000000009a2c0000)
  eden space 33856K,   0% used [0x0000000085600000, 0x0000000085600000, 0x0000000087710000)
  from space 4224K,   5% used [0x0000000087b30000, 0x0000000087b675c8, 0x0000000087f50000)
  to   space 4224K,   0% used [0x0000000087710000, 0x0000000087710000, 0x0000000087b30000)
 concurrent mark-sweep generation total 118092K, used 74691K [0x000000009a2c0000, 0x00000000a1613000, 0x0000000100000000)
 Metaspace       used 110079K, capacity 116593K, committed 118828K, reserved 1153024K
  class space    used 13432K, capacity 14619K, committed 15200K, reserved 1048576K
}
2021-01-19T09:47:28.111+0000: 23118.251: Total time for which application threads were stopped: 0.0057001 seconds, Stopping threads took: 0.0000837 seconds
2021-01-19T09:47:29.112+0000: 23119.252: Total time for which application threads were stopped: 0.0008027 seconds, Stopping threads took: 0.0002917 seconds
2021-01-19T09:48:09.118+0000: 23159.258: Total time for which application threads were stopped: 0.0003664 seconds, Stopping threads took: 0.0000747 seconds
2021-01-19T09:48:12.119+0000: 23162.259: Total time for which application threads were stopped: 0.0004181 seconds, Stopping threads took: 0.0000693 seconds
{Heap before GC invocations=485 (full 6):
 par new generation   total 38080K, used 34077K [0x0000000085600000, 0x0000000087f50000, 0x000000009a2c0000)
  eden space 33856K, 100% used [0x0000000085600000, 0x0000000087710000, 0x0000000087710000)
  from space 4224K,   5% used [0x0000000087b30000, 0x0000000087b675c8, 0x0000000087f50000)
  to   space 4224K,   0% used [0x0000000087710000, 0x0000000087710000, 0x0000000087b30000)
 concurrent mark-sweep generation total 118092K, used 74691K [0x000000009a2c0000, 0x00000000a1613000, 0x0000000100000000)
 Metaspace       used 110100K, capacity 116597K, committed 118828K, reserved 1153024K
  class space    used 13432K, capacity 14619K, committed 15200K, reserved 1048576K
2021-01-19T09:49:11.326+0000: 23221.466: [GC (Allocation Failure) 2021-01-19T09:49:11.326+0000: 23221.467: [ParNew
Desired survivor size 2162688 bytes, new threshold 6 (max 6)
- age   1:     655200 bytes,     655200 total
- age   2:     213792 bytes,     868992 total
- age   4:        680 bytes,     869672 total
: 34077K->894K(38080K), 0.0054099 secs] 108768K->75585K(156172K), 0.0056135 secs] [Times: user=0.02 sys=0.00, real=0.00 secs] 
Heap after GC invocations=486 (full 6):
 par new generation   total 38080K, used 894K [0x0000000085600000, 0x0000000087f50000, 0x000000009a2c0000)
  eden space 33856K,   0% used [0x0000000085600000, 0x0000000085600000, 0x0000000087710000)
  from space 4224K,  21% used [0x0000000087710000, 0x00000000877ef800, 0x0000000087b30000)
  to   space 4224K,   0% used [0x0000000087b30000, 0x0000000087b30000, 0x0000000087f50000)
 concurrent mark-sweep generation total 118092K, used 74691K [0x000000009a2c0000, 0x00000000a1613000, 0x0000000100000000)
 Metaspace       used 110100K, capacity 116597K, committed 118828K, reserved 1153024K
  class space    used 13432K, capacity 14619K, committed 15200K, reserved 1048576K
}
2021-01-19T09:49:11.332+0000: 23221.472: Total time for which application threads were stopped: 0.0062941 seconds, Stopping threads took: 0.0001102 seconds
2021-01-19T09:49:12.333+0000: 23222.473: Total time for which application threads were stopped: 0.0004628 seconds, Stopping threads took: 0.0001006 seconds
2021-01-19T09:49:13.334+0000: 23223.474: Total time for which application threads were stopped: 0.0009140 seconds, Stopping threads took: 0.0001369 seconds
{Heap before GC invocations=486 (full 6):
 par new generation   total 38080K, used 34750K [0x0000000085600000, 0x0000000087f50000, 0x000000009a2c0000)
  eden space 33856K, 100% used [0x0000000085600000, 0x0000000087710000, 0x0000000087710000)
  from space 4224K,  21% used [0x0000000087710000, 0x00000000877ef800, 0x0000000087b30000)
  to   space 4224K,   0% used [0x0000000087b30000, 0x0000000087b30000, 0x0000000087f50000)
 concurrent mark-sweep generation total 118092K, used 74691K [0x000000009a2c0000, 0x00000000a1613000, 0x0000000100000000)
 Metaspace       used 110100K, capacity 116597K, committed 118828K, reserved 1153024K
  class space    used 13432K, capacity 14619K, committed 15200K, reserved 1048576K
2021-01-19T09:50:57.818+0000: 23327.958: [GC (Allocation Failure) 2021-01-19T09:50:57.818+0000: 23327.958: [ParNew
Desired survivor size 2162688 bytes, new threshold 6 (max 6)
- age   1:       9008 bytes,       9008 total
- age   2:     616328 bytes,     625336 total
- age   3:     212592 bytes,     837928 total
- age   5:        680 bytes,     838608 total
: 34750K->977K(38080K), 0.0053912 secs] 109441K->75668K(156172K), 0.0056447 secs] [Times: user=0.01 sys=0.00, real=0.00 secs] 
Heap after GC invocations=487 (full 6):
 par new generation   total 38080K, used 977K [0x0000000085600000, 0x0000000087f50000, 0x000000009a2c0000)
  eden space 33856K,   0% used [0x0000000085600000, 0x0000000085600000, 0x0000000087710000)
  from space 4224K,  23% used [0x0000000087b30000, 0x0000000087c24500, 0x0000000087f50000)
  to   space 4224K,   0% used [0x0000000087710000, 0x0000000087710000, 0x0000000087b30000)
 concurrent mark-sweep generation total 118092K, used 74691K [0x000000009a2c0000, 0x00000000a1613000, 0x0000000100000000)
 Metaspace       used 110100K, capacity 116597K, committed 118828K, reserved 1153024K
  class space    used 13432K, capacity 14619K, committed 15200K, reserved 1048576K
}
2021-01-19T09:50:57.823+0000: 23327.963: Total time for which application threads were stopped: 0.0062127 seconds, Stopping threads took: 0.0000665 seconds
{Heap before GC invocations=487 (full 6):
 par new generation   total 38080K, used 34833K [0x0000000085600000, 0x0000000087f50000, 0x000000009a2c0000)
  eden space 33856K, 100% used [0x0000000085600000, 0x0000000087710000, 0x0000000087710000)
  from space 4224K,  23% used [0x0000000087b30000, 0x0000000087c24500, 0x0000000087f50000)
  to   space 4224K,   0% used [0x0000000087710000, 0x0000000087710000, 0x0000000087b30000)
 concurrent mark-sweep generation total 118092K, used 74691K [0x000000009a2c0000, 0x00000000a1613000, 0x0000000100000000)
 Metaspace       used 110100K, capacity 116597K, committed 118828K, reserved 1153024K
  class space    used 13432K, capacity 14619K, committed 15200K, reserved 1048576K
2021-01-19T09:52:43.593+0000: 23433.733: [GC (Allocation Failure) 2021-01-19T09:52:43.593+0000: 23433.733: [ParNew
Desired survivor size 2162688 bytes, new threshold 6 (max 6)
- age   1:       4352 bytes,       4352 total
- age   2:       4832 bytes,       9184 total
- age   3:     616328 bytes,     625512 total
- age   4:     212592 bytes,     838104 total
- age   6:        680 bytes,     838784 total
: 34833K->1104K(38080K), 0.0076046 secs] 109524K->75796K(156172K), 0.0079307 secs] [Times: user=0.01 sys=0.01, real=0.01 secs] 
Heap after GC invocations=488 (full 6):
 par new generation   total 38080K, used 1104K [0x0000000085600000, 0x0000000087f50000, 0x000000009a2c0000)
  eden space 33856K,   0% used [0x0000000085600000, 0x0000000085600000, 0x0000000087710000)
  from space 4224K,  26% used [0x0000000087710000, 0x0000000087824270, 0x0000000087b30000)
  to   space 4224K,   0% used [0x0000000087b30000, 0x0000000087b30000, 0x0000000087f50000)
 concurrent mark-sweep generation total 118092K, used 74691K [0x000000009a2c0000, 0x00000000a1613000, 0x0000000100000000)
 Metaspace       used 110100K, capacity 116597K, committed 118828K, reserved 1153024K
  class space    used 13432K, capacity 14619K, committed 15200K, reserved 1048576K
}
2021-01-19T09:52:43.601+0000: 23433.741: Total time for which application threads were stopped: 0.0093088 seconds, Stopping threads took: 0.0003670 seconds
{Heap before GC invocations=488 (full 6):
 par new generation   total 38080K, used 34960K [0x0000000085600000, 0x0000000087f50000, 0x000000009a2c0000)
  eden space 33856K, 100% used [0x0000000085600000, 0x0000000087710000, 0x0000000087710000)
  from space 4224K,  26% used [0x0000000087710000, 0x0000000087824270, 0x0000000087b30000)
  to   space 4224K,   0% used [0x0000000087b30000, 0x0000000087b30000, 0x0000000087f50000)
 concurrent mark-sweep generation total 118092K, used 74691K [0x000000009a2c0000, 0x00000000a1613000, 0x0000000100000000)
 Metaspace       used 110100K, capacity 116597K, committed 118828K, reserved 1153024K
  class space    used 13432K, capacity 14619K, committed 15200K, reserved 1048576K
2021-01-19T09:54:29.372+0000: 23539.512: [GC (Allocation Failure) 2021-01-19T09:54:29.372+0000: 23539.512: [ParNew
Desired survivor size 2162688 bytes, new threshold 6 (max 6)
- age   1:       3600 bytes,       3600 total
- age   2:        392 bytes,       3992 total
- age   3:       4832 bytes,       8824 total
- age   4:     616632 bytes,     625456 total
- age   5:     212592 bytes,     838048 total
: 34960K->998K(38080K), 0.0058996 secs] 109652K->75690K(156172K), 0.0061660 secs] [Times: user=0.02 sys=0.00, real=0.01 secs] 
Heap after GC invocations=489 (full 6):
 par new generation   total 38080K, used 998K [0x0000000085600000, 0x0000000087f50000, 0x000000009a2c0000)
  eden space 33856K,   0% used [0x0000000085600000, 0x0000000085600000, 0x0000000087710000)
  from space 4224K,  23% used [0x0000000087b30000, 0x0000000087c29858, 0x0000000087f50000)
  to   space 4224K,   0% used [0x0000000087710000, 0x0000000087710000, 0x0000000087b30000)
 concurrent mark-sweep generation total 118092K, used 74692K [0x000000009a2c0000, 0x00000000a1613000, 0x0000000100000000)
 Metaspace       used 110100K, capacity 116597K, committed 118828K, reserved 1153024K
  class space    used 13432K, capacity 14619K, committed 15200K, reserved 1048576K
}
2021-01-19T09:54:29.379+0000: 23539.519: Total time for which application threads were stopped: 0.0069965 seconds, Stopping threads took: 0.0001115 seconds
{Heap before GC invocations=489 (full 6):
 par new generation   total 38080K, used 34854K [0x0000000085600000, 0x0000000087f50000, 0x000000009a2c0000)
  eden space 33856K, 100% used [0x0000000085600000, 0x0000000087710000, 0x0000000087710000)
  from space 4224K,  23% used [0x0000000087b30000, 0x0000000087c29858, 0x0000000087f50000)
  to   space 4224K,   0% used [0x0000000087710000, 0x0000000087710000, 0x0000000087b30000)
 concurrent mark-sweep generation total 118092K, used 74692K [0x000000009a2c0000, 0x00000000a1613000, 0x0000000100000000)
 Metaspace       used 110100K, capacity 116597K, committed 118828K, reserved 1153024K
  class space    used 13432K, capacity 14619K, committed 15200K, reserved 1048576K
2021-01-19T09:56:15.128+0000: 23645.268: [GC (Allocation Failure) 2021-01-19T09:56:15.128+0000: 23645.268: [ParNew
Desired survivor size 2162688 bytes, new threshold 6 (max 6)
- age   1:      37680 bytes,      37680 total
- age   2:        304 bytes,      37984 total
- age   3:        360 bytes,      38344 total
- age   4:       4832 bytes,      43176 total
- age   5:     616328 bytes,     659504 total
- age   6:     212592 bytes,     872096 total
: 34854K->1016K(38080K), 0.0073508 secs] 109546K->75708K(156172K), 0.0076530 secs] [Times: user=0.02 sys=0.00, real=0.00 secs] 
Heap after GC invocations=490 (full 6):
 par new generation   total 38080K, used 1016K [0x0000000085600000, 0x0000000087f50000, 0x000000009a2c0000)
  eden space 33856K,   0% used [0x0000000085600000, 0x0000000085600000, 0x0000000087710000)
  from space 4224K,  24% used [0x0000000087710000, 0x000000008780e218, 0x0000000087b30000)
  to   space 4224K,   0% used [0x0000000087b30000, 0x0000000087b30000, 0x0000000087f50000)
 concurrent mark-sweep generation total 118092K, used 74692K [0x000000009a2c0000, 0x00000000a1613000, 0x0000000100000000)
 Metaspace       used 110100K, capacity 116597K, committed 118828K, reserved 1153024K
  class space    used 13432K, capacity 14619K, committed 15200K, reserved 1048576K
}
2021-01-19T09:56:15.137+0000: 23645.277: Total time for which application threads were stopped: 0.0098366 seconds, Stopping threads took: 0.0001643 seconds
{Heap before GC invocations=490 (full 6):
 par new generation   total 38080K, used 34872K [0x0000000085600000, 0x0000000087f50000, 0x000000009a2c0000)
  eden space 33856K, 100% used [0x0000000085600000, 0x0000000087710000, 0x0000000087710000)
  from space 4224K,  24% used [0x0000000087710000, 0x000000008780e218, 0x0000000087b30000)
  to   space 4224K,   0% used [0x0000000087b30000, 0x0000000087b30000, 0x0000000087f50000)
 concurrent mark-sweep generation total 118092K, used 74692K [0x000000009a2c0000, 0x00000000a1613000, 0x0000000100000000)
 Metaspace       used 110100K, capacity 116597K, committed 118828K, reserved 1153024K
  class space    used 13432K, capacity 14619K, committed 15200K, reserved 1048576K
2021-01-19T09:58:01.058+0000: 23751.198: [GC (Allocation Failure) 2021-01-19T09:58:01.058+0000: 23751.198: [ParNew
Desired survivor size 2162688 bytes, new threshold 6 (max 6)
- age   1:       3688 bytes,       3688 total
- age   2:        112 bytes,       3800 total
- age   3:        304 bytes,       4104 total
- age   4:        360 bytes,       4464 total
- age   5:       4832 bytes,       9296 total
- age   6:     616376 bytes,     625672 total
: 34872K->1052K(38080K), 0.0057878 secs] 109564K->75955K(156172K), 0.0060992 secs] [Times: user=0.02 sys=0.00, real=0.00 secs] 
Heap after GC invocations=491 (full 6):
 par new generation   total 38080K, used 1052K [0x0000000085600000, 0x0000000087f50000, 0x000000009a2c0000)
  eden space 33856K,   0% used [0x0000000085600000, 0x0000000085600000, 0x0000000087710000)
  from space 4224K,  24% used [0x0000000087b30000, 0x0000000087c37278, 0x0000000087f50000)
  to   space 4224K,   0% used [0x0000000087710000, 0x0000000087710000, 0x0000000087b30000)
 concurrent mark-sweep generation total 118092K, used 74902K [0x000000009a2c0000, 0x00000000a1613000, 0x0000000100000000)
 Metaspace       used 110100K, capacity 116597K, committed 118828K, reserved 1153024K
  class space    used 13432K, capacity 14619K, committed 15200K, reserved 1048576K
}
2021-01-19T09:58:01.064+0000: 23751.204: Total time for which application threads were stopped: 0.0072428 seconds, Stopping threads took: 0.0001280 seconds
{Heap before GC invocations=491 (full 6):
 par new generation   total 38080K, used 34908K [0x0000000085600000, 0x0000000087f50000, 0x000000009a2c0000)
  eden space 33856K, 100% used [0x0000000085600000, 0x0000000087710000, 0x0000000087710000)
  from space 4224K,  24% used [0x0000000087b30000, 0x0000000087c37278, 0x0000000087f50000)
  to   space 4224K,   0% used [0x0000000087710000, 0x0000000087710000, 0x0000000087b30000)
 concurrent mark-sweep generation total 118092K, used 74902K [0x000000009a2c0000, 0x00000000a1613000, 0x0000000100000000)
 Metaspace       used 110100K, capacity 116597K, committed 118828K, reserved 1153024K
  class space    used 13432K, capacity 14619K, committed 15200K, reserved 1048576K
2021-01-19T09:59:47.007+0000: 23857.147: [GC (Allocation Failure) 2021-01-19T09:59:47.007+0000: 23857.147: [ParNew
Desired survivor size 2162688 bytes, new threshold 6 (max 6)
- age   1:       3568 bytes,       3568 total
- age   4:        304 bytes,       3872 total
- age   5:        360 bytes,       4232 total
- age   6:       4832 bytes,       9064 total
: 34908K->439K(38080K), 0.0105661 secs] 109811K->75952K(156172K), 0.0108076 secs] [Times: user=0.03 sys=0.01, real=0.01 secs] 
Heap after GC invocations=492 (full 6):
 par new generation   total 38080K, used 439K [0x0000000085600000, 0x0000000087f50000, 0x000000009a2c0000)
  eden space 33856K,   0% used [0x0000000085600000, 0x0000000085600000, 0x0000000087710000)
  from space 4224K,  10% used [0x0000000087710000, 0x000000008777de80, 0x0000000087b30000)
  to   space 4224K,   0% used [0x0000000087b30000, 0x0000000087b30000, 0x0000000087f50000)
 concurrent mark-sweep generation total 118092K, used 75512K [0x000000009a2c0000, 0x00000000a1613000, 0x0000000100000000)
 Metaspace       used 110100K, capacity 116597K, committed 118828K, reserved 1153024K
  class space    used 13432K, capacity 14619K, committed 15200K, reserved 1048576K
}
2021-01-19T09:59:47.018+0000: 23857.158: Total time for which application threads were stopped: 0.0115589 seconds, Stopping threads took: 0.0002004 seconds
2021-01-19T10:01:13.031+0000: 23943.171: Total time for which application threads were stopped: 0.0007276 seconds, Stopping threads took: 0.0001328 seconds
{Heap before GC invocations=492 (full 6):
 par new generation   total 38080K, used 34295K [0x0000000085600000, 0x0000000087f50000, 0x000000009a2c0000)
  eden space 33856K, 100% used [0x0000000085600000, 0x0000000087710000, 0x0000000087710000)
  from space 4224K,  10% used [0x0000000087710000, 0x000000008777de80, 0x0000000087b30000)
  to   space 4224K,   0% used [0x0000000087b30000, 0x0000000087b30000, 0x0000000087f50000)
 concurrent mark-sweep generation total 118092K, used 75512K [0x000000009a2c0000, 0x00000000a1613000, 0x0000000100000000)
 Metaspace       used 110101K, capacity 116597K, committed 118828K, reserved 1153024K
  class space    used 13432K, capacity 14619K, committed 15200K, reserved 1048576K
2021-01-19T10:01:32.881+0000: 23963.021: [GC (Allocation Failure) 2021-01-19T10:01:32.881+0000: 23963.021: [ParNew
Desired survivor size 2162688 bytes, new threshold 6 (max 6)
- age   1:       3456 bytes,       3456 total
- age   2:         32 bytes,       3488 total
- age   5:        304 bytes,       3792 total
- age   6:        360 bytes,       4152 total
: 34295K->83K(38080K), 0.0048183 secs] 109808K->75600K(156172K), 0.0050407 secs] [Times: user=0.02 sys=0.01, real=0.01 secs] 
Heap after GC invocations=493 (full 6):
 par new generation   total 38080K, used 83K [0x0000000085600000, 0x0000000087f50000, 0x000000009a2c0000)
  eden space 33856K,   0% used [0x0000000085600000, 0x0000000085600000, 0x0000000087710000)
  from space 4224K,   1% used [0x0000000087b30000, 0x0000000087b44eb0, 0x0000000087f50000)
  to   space 4224K,   0% used [0x0000000087710000, 0x0000000087710000, 0x0000000087b30000)
 concurrent mark-sweep generation total 118092K, used 75517K [0x000000009a2c0000, 0x00000000a1613000, 0x0000000100000000)
 Metaspace       used 110101K, capacity 116597K, committed 118828K, reserved 1153024K
  class space    used 13432K, capacity 14619K, committed 15200K, reserved 1048576K
}
2021-01-19T10:01:32.886+0000: 23963.026: Total time for which application threads were stopped: 0.0056289 seconds, Stopping threads took: 0.0000655 seconds
2021-01-19T10:02:12.892+0000: 24003.032: Total time for which application threads were stopped: 0.0003945 seconds, Stopping threads took: 0.0001283 seconds
{Heap before GC invocations=493 (full 6):
 par new generation   total 38080K, used 33939K [0x0000000085600000, 0x0000000087f50000, 0x000000009a2c0000)
  eden space 33856K, 100% used [0x0000000085600000, 0x0000000087710000, 0x0000000087710000)
  from space 4224K,   1% used [0x0000000087b30000, 0x0000000087b44eb0, 0x0000000087f50000)
  to   space 4224K,   0% used [0x0000000087710000, 0x0000000087710000, 0x0000000087b30000)
 concurrent mark-sweep generation total 118092K, used 75517K [0x000000009a2c0000, 0x00000000a1613000, 0x0000000100000000)
 Metaspace       used 110101K, capacity 116597K, committed 118828K, reserved 1153024K
  class space    used 13432K, capacity 14619K, committed 15200K, reserved 1048576K
2021-01-19T10:03:18.948+0000: 24069.088: [GC (Allocation Failure) 2021-01-19T10:03:18.948+0000: 24069.088: [ParNew
Desired survivor size 2162688 bytes, new threshold 6 (max 6)
- age   1:      40008 bytes,      40008 total
- age   6:        304 bytes,      40312 total
: 33939K->53K(38080K), 0.0037677 secs] 109456K->75571K(156172K), 0.0038871 secs] [Times: user=0.01 sys=0.00, real=0.00 secs] 
Heap after GC invocations=494 (full 6):
 par new generation   total 38080K, used 53K [0x0000000085600000, 0x0000000087f50000, 0x000000009a2c0000)
  eden space 33856K,   0% used [0x0000000085600000, 0x0000000085600000, 0x0000000087710000)
  from space 4224K,   1% used [0x0000000087710000, 0x000000008771d5f0, 0x0000000087b30000)
  to   space 4224K,   0% used [0x0000000087b30000, 0x0000000087b30000, 0x0000000087f50000)
 concurrent mark-sweep generation total 118092K, used 75517K [0x000000009a2c0000, 0x00000000a1613000, 0x0000000100000000)
 Metaspace       used 110101K, capacity 116597K, committed 118828K, reserved 1153024K
  class space    used 13432K, capacity 14619K, committed 15200K, reserved 1048576K
}
2021-01-19T10:03:18.952+0000: 24069.092: Total time for which application threads were stopped: 0.0042821 seconds, Stopping threads took: 0.0000787 seconds
{Heap before GC invocations=494 (full 6):
 par new generation   total 38080K, used 33909K [0x0000000085600000, 0x0000000087f50000, 0x000000009a2c0000)
  eden space 33856K, 100% used [0x0000000085600000, 0x0000000087710000, 0x0000000087710000)
  from space 4224K,   1% used [0x0000000087710000, 0x000000008771d5f0, 0x0000000087b30000)
  to   space 4224K,   0% used [0x0000000087b30000, 0x0000000087b30000, 0x0000000087f50000)
 concurrent mark-sweep generation total 118092K, used 75517K [0x000000009a2c0000, 0x00000000a1613000, 0x0000000100000000)
 Metaspace       used 110102K, capacity 116597K, committed 118828K, reserved 1153024K
  class space    used 13432K, capacity 14619K, committed 15200K, reserved 1048576K
2021-01-19T10:05:05.034+0000: 24175.174: [GC (Allocation Failure) 2021-01-19T10:05:05.034+0000: 24175.174: [ParNew
Desired survivor size 2162688 bytes, new threshold 6 (max 6)
- age   1:      71304 bytes,      71304 total
- age   2:       2224 bytes,      73528 total
: 33909K->76K(38080K), 0.0152608 secs] 109427K->75594K(156172K), 0.0154942 secs] [Times: user=0.04 sys=0.00, real=0.02 secs] 
Heap after GC invocations=495 (full 6):
 par new generation   total 38080K, used 76K [0x0000000085600000, 0x0000000087f50000, 0x000000009a2c0000)
  eden space 33856K,   0% used [0x0000000085600000, 0x0000000085600000, 0x0000000087710000)
  from space 4224K,   1% used [0x0000000087b30000, 0x0000000087b43288, 0x0000000087f50000)
  to   space 4224K,   0% used [0x0000000087710000, 0x0000000087710000, 0x0000000087b30000)
 concurrent mark-sweep generation total 118092K, used 75517K [0x000000009a2c0000, 0x00000000a1613000, 0x0000000100000000)
 Metaspace       used 110102K, capacity 116597K, committed 118828K, reserved 1153024K
  class space    used 13432K, capacity 14619K, committed 15200K, reserved 1048576K
}
2021-01-19T10:05:05.050+0000: 24175.190: Total time for which application threads were stopped: 0.0163355 seconds, Stopping threads took: 0.0002031 seconds
{Heap before GC invocations=495 (full 6):
 par new generation   total 38080K, used 33932K [0x0000000085600000, 0x0000000087f50000, 0x000000009a2c0000)
  eden space 33856K, 100% used [0x0000000085600000, 0x0000000087710000, 0x0000000087710000)
  from space 4224K,   1% used [0x0000000087b30000, 0x0000000087b43288, 0x0000000087f50000)
  to   space 4224K,   0% used [0x0000000087710000, 0x0000000087710000, 0x0000000087b30000)
 concurrent mark-sweep generation total 118092K, used 75517K [0x000000009a2c0000, 0x00000000a1613000, 0x0000000100000000)
 Metaspace       used 110102K, capacity 116597K, committed 118828K, reserved 1153024K
  class space    used 13432K, capacity 14619K, committed 15200K, reserved 1048576K
2021-01-19T10:06:51.262+0000: 24281.402: [GC (Allocation Failure) 2021-01-19T10:06:51.262+0000: 24281.402: [ParNew
Desired survivor size 2162688 bytes, new threshold 6 (max 6)
- age   1:       3680 bytes,       3680 total
- age   3:       2160 bytes,       5840 total
: 33932K->10K(38080K), 0.0097856 secs] 109450K->75528K(156172K), 0.0100384 secs] [Times: user=0.02 sys=0.00, real=0.01 secs] 
Heap after GC invocations=496 (full 6):
 par new generation   total 38080K, used 10K [0x0000000085600000, 0x0000000087f50000, 0x000000009a2c0000)
  eden space 33856K,   0% used [0x0000000085600000, 0x0000000085600000, 0x0000000087710000)
  from space 4224K,   0% used [0x0000000087710000, 0x0000000087712850, 0x0000000087b30000)
  to   space 4224K,   0% used [0x0000000087b30000, 0x0000000087b30000, 0x0000000087f50000)
 concurrent mark-sweep generation total 118092K, used 75517K [0x000000009a2c0000, 0x00000000a1613000, 0x0000000100000000)
 Metaspace       used 110102K, capacity 116597K, committed 118828K, reserved 1153024K
  class space    used 13432K, capacity 14619K, committed 15200K, reserved 1048576K
}
2021-01-19T10:06:51.272+0000: 24281.412: Total time for which application threads were stopped: 0.0107766 seconds, Stopping threads took: 0.0001409 seconds
{Heap before GC invocations=496 (full 6):
 par new generation   total 38080K, used 33866K [0x0000000085600000, 0x0000000087f50000, 0x000000009a2c0000)
  eden space 33856K, 100% used [0x0000000085600000, 0x0000000087710000, 0x0000000087710000)
  from space 4224K,   0% used [0x0000000087710000, 0x0000000087712850, 0x0000000087b30000)
  to   space 4224K,   0% used [0x0000000087b30000, 0x0000000087b30000, 0x0000000087f50000)
 concurrent mark-sweep generation total 118092K, used 75517K [0x000000009a2c0000, 0x00000000a1613000, 0x0000000100000000)
 Metaspace       used 110102K, capacity 116597K, committed 118828K, reserved 1153024K
  class space    used 13432K, capacity 14619K, committed 15200K, reserved 1048576K
2021-01-19T10:08:37.321+0000: 24387.461: [GC (Allocation Failure) 2021-01-19T10:08:37.321+0000: 24387.461: [ParNew
Desired survivor size 2162688 bytes, new threshold 6 (max 6)
- age   1:       3408 bytes,       3408 total
- age   2:         32 bytes,       3440 total
- age   4:       2160 bytes,       5600 total
: 33866K->8K(38080K), 0.0034070 secs] 109384K->75526K(156172K), 0.0036530 secs] [Times: user=0.01 sys=0.00, real=0.01 secs] 
Heap after GC invocations=497 (full 6):
 par new generation   total 38080K, used 8K [0x0000000085600000, 0x0000000087f50000, 0x000000009a2c0000)
  eden space 33856K,   0% used [0x0000000085600000, 0x0000000085600000, 0x0000000087710000)
  from space 4224K,   0% used [0x0000000087b30000, 0x0000000087b32040, 0x0000000087f50000)
  to   space 4224K,   0% used [0x0000000087710000, 0x0000000087710000, 0x0000000087b30000)
 concurrent mark-sweep generation total 118092K, used 75517K [0x000000009a2c0000, 0x00000000a1613000, 0x0000000100000000)
 Metaspace       used 110102K, capacity 116597K, committed 118828K, reserved 1153024K
  class space    used 13432K, capacity 14619K, committed 15200K, reserved 1048576K
}
2021-01-19T10:08:37.325+0000: 24387.465: Total time for which application threads were stopped: 0.0040166 seconds, Stopping threads took: 0.0000371 seconds
{Heap before GC invocations=497 (full 6):
 par new generation   total 38080K, used 33864K [0x0000000085600000, 0x0000000087f50000, 0x000000009a2c0000)
  eden space 33856K, 100% used [0x0000000085600000, 0x0000000087710000, 0x0000000087710000)
  from space 4224K,   0% used [0x0000000087b30000, 0x0000000087b32040, 0x0000000087f50000)
  to   space 4224K,   0% used [0x0000000087710000, 0x0000000087710000, 0x0000000087b30000)
 concurrent mark-sweep generation total 118092K, used 75517K [0x000000009a2c0000, 0x00000000a1613000, 0x0000000100000000)
 Metaspace       used 110107K, capacity 116597K, committed 118828K, reserved 1153024K
  class space    used 13432K, capacity 14619K, committed 15200K, reserved 1048576K
2021-01-19T10:10:23.459+0000: 24493.599: [GC (Allocation Failure) 2021-01-19T10:10:23.459+0000: 24493.599: [ParNew
Desired survivor size 2162688 bytes, new threshold 6 (max 6)
- age   1:       3704 bytes,       3704 total
- age   5:       2160 bytes,       5864 total
: 33864K->10K(38080K), 0.0042515 secs] 109382K->75528K(156172K), 0.0044732 secs] [Times: user=0.02 sys=0.00, real=0.00 secs] 
Heap after GC invocations=498 (full 6):
 par new generation   total 38080K, used 10K [0x0000000085600000, 0x0000000087f50000, 0x000000009a2c0000)
  eden space 33856K,   0% used [0x0000000085600000, 0x0000000085600000, 0x0000000087710000)
  from space 4224K,   0% used [0x0000000087710000, 0x0000000087712850, 0x0000000087b30000)
  to   space 4224K,   0% used [0x0000000087b30000, 0x0000000087b30000, 0x0000000087f50000)
 concurrent mark-sweep generation total 118092K, used 75517K [0x000000009a2c0000, 0x00000000a1613000, 0x0000000100000000)
 Metaspace       used 110107K, capacity 116597K, committed 118828K, reserved 1153024K
  class space    used 13432K, capacity 14619K, committed 15200K, reserved 1048576K
}
2021-01-19T10:10:23.464+0000: 24493.604: Total time for which application threads were stopped: 0.0054070 seconds, Stopping threads took: 0.0000803 seconds
{Heap before GC invocations=498 (full 6):
 par new generation   total 38080K, used 33866K [0x0000000085600000, 0x0000000087f50000, 0x000000009a2c0000)
  eden space 33856K, 100% used [0x0000000085600000, 0x0000000087710000, 0x0000000087710000)
  from space 4224K,   0% used [0x0000000087710000, 0x0000000087712850, 0x0000000087b30000)
  to   space 4224K,   0% used [0x0000000087b30000, 0x0000000087b30000, 0x0000000087f50000)
 concurrent mark-sweep generation total 118092K, used 75517K [0x000000009a2c0000, 0x00000000a1613000, 0x0000000100000000)
 Metaspace       used 110107K, capacity 116597K, committed 118828K, reserved 1153024K
  class space    used 13432K, capacity 14619K, committed 15200K, reserved 1048576K
2021-01-19T10:12:09.708+0000: 24599.848: [GC (Allocation Failure) 2021-01-19T10:12:09.708+0000: 24599.848: [ParNew
Desired survivor size 2162688 bytes, new threshold 6 (max 6)
- age   1:      71032 bytes,      71032 total
- age   2:        264 bytes,      71296 total
- age   6:       2160 bytes,      73456 total
: 33866K->75K(38080K), 0.0046735 secs] 109384K->75593K(156172K), 0.0049300 secs] [Times: user=0.02 sys=0.00, real=0.00 secs] 
Heap after GC invocations=499 (full 6):
 par new generation   total 38080K, used 75K [0x0000000085600000, 0x0000000087f50000, 0x000000009a2c0000)
  eden space 33856K,   0% used [0x0000000085600000, 0x0000000085600000, 0x0000000087710000)
  from space 4224K,   1% used [0x0000000087b30000, 0x0000000087b42e00, 0x0000000087f50000)
  to   space 4224K,   0% used [0x0000000087710000, 0x0000000087710000, 0x0000000087b30000)
 concurrent mark-sweep generation total 118092K, used 75517K [0x000000009a2c0000, 0x00000000a1613000, 0x0000000100000000)
 Metaspace       used 110107K, capacity 116597K, committed 118828K, reserved 1153024K
  class space    used 13432K, capacity 14619K, committed 15200K, reserved 1048576K
}
2021-01-19T10:12:09.713+0000: 24599.853: Total time for which application threads were stopped: 0.0059415 seconds, Stopping threads took: 0.0000852 seconds
2021-01-19T10:12:12.714+0000: 24602.854: Total time for which application threads were stopped: 0.0003146 seconds, Stopping threads took: 0.0000556 seconds
2021-01-19T10:13:12.723+0000: 24662.863: Total time for which application threads were stopped: 0.0003866 seconds, Stopping threads took: 0.0000716 seconds
{Heap before GC invocations=499 (full 6):
 par new generation   total 38080K, used 33931K [0x0000000085600000, 0x0000000087f50000, 0x000000009a2c0000)
  eden space 33856K, 100% used [0x0000000085600000, 0x0000000087710000, 0x0000000087710000)
  from space 4224K,   1% used [0x0000000087b30000, 0x0000000087b42e00, 0x0000000087f50000)
  to   space 4224K,   0% used [0x0000000087710000, 0x0000000087710000, 0x0000000087b30000)
 concurrent mark-sweep generation total 118092K, used 75517K [0x000000009a2c0000, 0x00000000a1613000, 0x0000000100000000)
 Metaspace       used 110107K, capacity 116597K, committed 118828K, reserved 1153024K
  class space    used 13432K, capacity 14619K, committed 15200K, reserved 1048576K
2021-01-19T10:13:55.862+0000: 24706.002: [GC (Allocation Failure) 2021-01-19T10:13:55.863+0000: 24706.003: [ParNew
Desired survivor size 2162688 bytes, new threshold 6 (max 6)
- age   1:       3768 bytes,       3768 total
- age   2:         48 bytes,       3816 total
- age   3:        200 bytes,       4016 total
: 33931K->6K(38080K), 0.0066015 secs] 109449K->75526K(156172K), 0.0068333 secs] [Times: user=0.02 sys=0.00, real=0.01 secs] 
Heap after GC invocations=500 (full 6):
 par new generation   total 38080K, used 6K [0x0000000085600000, 0x0000000087f50000, 0x000000009a2c0000)
  eden space 33856K,   0% used [0x0000000085600000, 0x0000000085600000, 0x0000000087710000)
  from space 4224K,   0% used [0x0000000087710000, 0x0000000087711830, 0x0000000087b30000)
  to   space 4224K,   0% used [0x0000000087b30000, 0x0000000087b30000, 0x0000000087f50000)
 concurrent mark-sweep generation total 118092K, used 75520K [0x000000009a2c0000, 0x00000000a1613000, 0x0000000100000000)
 Metaspace       used 110107K, capacity 116597K, committed 118828K, reserved 1153024K
  class space    used 13432K, capacity 14619K, committed 15200K, reserved 1048576K
}
2021-01-19T10:13:55.869+0000: 24706.009: Total time for which application threads were stopped: 0.0074762 seconds, Stopping threads took: 0.0001264 seconds
{Heap before GC invocations=500 (full 6):
 par new generation   total 38080K, used 33862K [0x0000000085600000, 0x0000000087f50000, 0x000000009a2c0000)
  eden space 33856K, 100% used [0x0000000085600000, 0x0000000087710000, 0x0000000087710000)
  from space 4224K,   0% used [0x0000000087710000, 0x0000000087711830, 0x0000000087b30000)
  to   space 4224K,   0% used [0x0000000087b30000, 0x0000000087b30000, 0x0000000087f50000)
 concurrent mark-sweep generation total 118092K, used 75520K [0x000000009a2c0000, 0x00000000a1613000, 0x0000000100000000)
 Metaspace       used 110107K, capacity 116597K, committed 118828K, reserved 1153024K
  class space    used 13432K, capacity 14619K, committed 15200K, reserved 1048576K
2021-01-19T10:15:42.062+0000: 24812.202: [GC (Allocation Failure) 2021-01-19T10:15:42.062+0000: 24812.202: [ParNew
Desired survivor size 2162688 bytes, new threshold 6 (max 6)
- age   1:       3456 bytes,       3456 total
- age   2:         32 bytes,       3488 total
- age   4:        200 bytes,       3688 total
: 33862K->6K(38080K), 0.0061590 secs] 109382K->75526K(156172K), 0.0064493 secs] [Times: user=0.02 sys=0.00, real=0.01 secs] 
Heap after GC invocations=501 (full 6):
 par new generation   total 38080K, used 6K [0x0000000085600000, 0x0000000087f50000, 0x000000009a2c0000)
  eden space 33856K,   0% used [0x0000000085600000, 0x0000000085600000, 0x0000000087710000)
  from space 4224K,   0% used [0x0000000087b30000, 0x0000000087b31830, 0x0000000087f50000)
  to   space 4224K,   0% used [0x0000000087710000, 0x0000000087710000, 0x0000000087b30000)
 concurrent mark-sweep generation total 118092K, used 75520K [0x000000009a2c0000, 0x00000000a1613000, 0x0000000100000000)
 Metaspace       used 110107K, capacity 116597K, committed 118828K, reserved 1153024K
  class space    used 13432K, capacity 14619K, committed 15200K, reserved 1048576K
}
2021-01-19T10:15:42.069+0000: 24812.209: Total time for which application threads were stopped: 0.0070387 seconds, Stopping threads took: 0.0000914 seconds
{Heap before GC invocations=501 (full 6):
 par new generation   total 38080K, used 33862K [0x0000000085600000, 0x0000000087f50000, 0x000000009a2c0000)
  eden space 33856K, 100% used [0x0000000085600000, 0x0000000087710000, 0x0000000087710000)
  from space 4224K,   0% used [0x0000000087b30000, 0x0000000087b31830, 0x0000000087f50000)
  to   space 4224K,   0% used [0x0000000087710000, 0x0000000087710000, 0x0000000087b30000)
 concurrent mark-sweep generation total 118092K, used 75520K [0x000000009a2c0000, 0x00000000a1613000, 0x0000000100000000)
 Metaspace       used 110108K, capacity 116597K, committed 118828K, reserved 1153024K
  class space    used 13432K, capacity 14619K, committed 15200K, reserved 1048576K
2021-01-19T10:17:25.815+0000: 24915.955: [GC (Allocation Failure) 2021-01-19T10:17:25.815+0000: 24915.955: [ParNew
Desired survivor size 2162688 bytes, new threshold 6 (max 6)
- age   1:     470608 bytes,     470608 total
- age   2:        184 bytes,     470792 total
- age   5:        200 bytes,     470992 total
: 33862K->469K(38080K), 0.0054189 secs] 109382K->75989K(156172K), 0.0056737 secs] [Times: user=0.02 sys=0.01, real=0.01 secs] 
Heap after GC invocations=502 (full 6):
 par new generation   total 38080K, used 469K [0x0000000085600000, 0x0000000087f50000, 0x000000009a2c0000)
  eden space 33856K,   0% used [0x0000000085600000, 0x0000000085600000, 0x0000000087710000)
  from space 4224K,  11% used [0x0000000087710000, 0x0000000087785448, 0x0000000087b30000)
  to   space 4224K,   0% used [0x0000000087b30000, 0x0000000087b30000, 0x0000000087f50000)
 concurrent mark-sweep generation total 118092K, used 75520K [0x000000009a2c0000, 0x00000000a1613000, 0x0000000100000000)
 Metaspace       used 110108K, capacity 116597K, committed 118828K, reserved 1153024K
  class space    used 13432K, capacity 14619K, committed 15200K, reserved 1048576K
}
2021-01-19T10:17:25.821+0000: 24915.961: Total time for which application threads were stopped: 0.0064530 seconds, Stopping threads took: 0.0001946 seconds
{Heap before GC invocations=502 (full 6):
 par new generation   total 38080K, used 34325K [0x0000000085600000, 0x0000000087f50000, 0x000000009a2c0000)
  eden space 33856K, 100% used [0x0000000085600000, 0x0000000087710000, 0x0000000087710000)
  from space 4224K,  11% used [0x0000000087710000, 0x0000000087785448, 0x0000000087b30000)
  to   space 4224K,   0% used [0x0000000087b30000, 0x0000000087b30000, 0x0000000087f50000)
 concurrent mark-sweep generation total 118092K, used 75520K [0x000000009a2c0000, 0x00000000a1613000, 0x0000000100000000)
 Metaspace       used 110109K, capacity 116597K, committed 118828K, reserved 1153024K
  class space    used 13432K, capacity 14619K, committed 15200K, reserved 1048576K
2021-01-19T10:19:09.470+0000: 25019.610: [GC (Allocation Failure) 2021-01-19T10:19:09.470+0000: 25019.610: [ParNew
Desired survivor size 2162688 bytes, new threshold 6 (max 6)
- age   1:     434120 bytes,     434120 total
- age   2:     463640 bytes,     897760 total
- age   3:        184 bytes,     897944 total
- age   6:        200 bytes,     898144 total
: 34325K->964K(38080K), 0.0056974 secs] 109845K->76484K(156172K), 0.0059107 secs] [Times: user=0.02 sys=0.01, real=0.00 secs] 
Heap after GC invocations=503 (full 6):
 par new generation   total 38080K, used 964K [0x0000000085600000, 0x0000000087f50000, 0x000000009a2c0000)
  eden space 33856K,   0% used [0x0000000085600000, 0x0000000085600000, 0x0000000087710000)
  from space 4224K,  22% used [0x0000000087b30000, 0x0000000087c21290, 0x0000000087f50000)
  to   space 4224K,   0% used [0x0000000087710000, 0x0000000087710000, 0x0000000087b30000)
 concurrent mark-sweep generation total 118092K, used 75520K [0x000000009a2c0000, 0x00000000a1613000, 0x0000000100000000)
 Metaspace       used 110109K, capacity 116597K, committed 118828K, reserved 1153024K
  class space    used 13432K, capacity 14619K, committed 15200K, reserved 1048576K
}
2021-01-19T10:19:09.476+0000: 25019.616: Total time for which application threads were stopped: 0.0072899 seconds, Stopping threads took: 0.0007990 seconds
{Heap before GC invocations=503 (full 6):
 par new generation   total 38080K, used 34820K [0x0000000085600000, 0x0000000087f50000, 0x000000009a2c0000)
  eden space 33856K, 100% used [0x0000000085600000, 0x0000000087710000, 0x0000000087710000)
  from space 4224K,  22% used [0x0000000087b30000, 0x0000000087c21290, 0x0000000087f50000)
  to   space 4224K,   0% used [0x0000000087710000, 0x0000000087710000, 0x0000000087b30000)
 concurrent mark-sweep generation total 118092K, used 75520K [0x000000009a2c0000, 0x00000000a1613000, 0x0000000100000000)
 Metaspace       used 110109K, capacity 116597K, committed 118828K, reserved 1153024K
  class space    used 13432K, capacity 14619K, committed 15200K, reserved 1048576K
2021-01-19T10:20:56.351+0000: 25126.491: [GC (Allocation Failure) 2021-01-19T10:20:56.351+0000: 25126.491: [ParNew
Desired survivor size 2162688 bytes, new threshold 6 (max 6)
- age   1:       5384 bytes,       5384 total
- age   2:     362792 bytes,     368176 total
- age   3:     463600 bytes,     831776 total
- age   4:        184 bytes,     831960 total
: 34820K->1134K(38080K), 0.0054166 secs] 110340K->76654K(156172K), 0.0056595 secs] [Times: user=0.02 sys=0.00, real=0.00 secs] 
Heap after GC invocations=504 (full 6):
 par new generation   total 38080K, used 1134K [0x0000000085600000, 0x0000000087f50000, 0x000000009a2c0000)
  eden space 33856K,   0% used [0x0000000085600000, 0x0000000085600000, 0x0000000087710000)
  from space 4224K,  26% used [0x0000000087710000, 0x000000008782baa0, 0x0000000087b30000)
  to   space 4224K,   0% used [0x0000000087b30000, 0x0000000087b30000, 0x0000000087f50000)
 concurrent mark-sweep generation total 118092K, used 75520K [0x000000009a2c0000, 0x00000000a1613000, 0x0000000100000000)
 Metaspace       used 110109K, capacity 116597K, committed 118828K, reserved 1153024K
  class space    used 13432K, capacity 14619K, committed 15200K, reserved 1048576K
}
2021-01-19T10:20:56.356+0000: 25126.497: Total time for which application threads were stopped: 0.0065090 seconds, Stopping threads took: 0.0002346 seconds
{Heap before GC invocations=504 (full 6):
 par new generation   total 38080K, used 34990K [0x0000000085600000, 0x0000000087f50000, 0x000000009a2c0000)
  eden space 33856K, 100% used [0x0000000085600000, 0x0000000087710000, 0x0000000087710000)
  from space 4224K,  26% used [0x0000000087710000, 0x000000008782baa0, 0x0000000087b30000)
  to   space 4224K,   0% used [0x0000000087b30000, 0x0000000087b30000, 0x0000000087f50000)
 concurrent mark-sweep generation total 118092K, used 75520K [0x000000009a2c0000, 0x00000000a1613000, 0x0000000100000000)
 Metaspace       used 110109K, capacity 116597K, committed 118828K, reserved 1153024K
  class space    used 13432K, capacity 14619K, committed 15200K, reserved 1048576K
2021-01-19T10:22:42.111+0000: 25232.251: [GC (Allocation Failure) 2021-01-19T10:22:42.111+0000: 25232.251: [ParNew
Desired survivor size 2162688 bytes, new threshold 6 (max 6)
- age   1:       4208 bytes,       4208 total
- age   2:       1848 bytes,       6056 total
- age   3:     362752 bytes,     368808 total
- age   4:     463576 bytes,     832384 total
- age   5:        184 bytes,     832568 total
: 34990K->1157K(38080K), 0.0093837 secs] 110510K->76677K(156172K), 0.0098699 secs] [Times: user=0.03 sys=0.00, real=0.01 secs] 
Heap after GC invocations=505 (full 6):
 par new generation   total 38080K, used 1157K [0x0000000085600000, 0x0000000087f50000, 0x000000009a2c0000)
  eden space 33856K,   0% used [0x0000000085600000, 0x0000000085600000, 0x0000000087710000)
  from space 4224K,  27% used [0x0000000087b30000, 0x0000000087c51470, 0x0000000087f50000)
  to   space 4224K,   0% used [0x0000000087710000, 0x0000000087710000, 0x0000000087b30000)
 concurrent mark-sweep generation total 118092K, used 75520K [0x000000009a2c0000, 0x00000000a1613000, 0x0000000100000000)
 Metaspace       used 110109K, capacity 116597K, committed 118828K, reserved 1153024K
  class space    used 13432K, capacity 14619K, committed 15200K, reserved 1048576K
}
2021-01-19T10:22:42.121+0000: 25232.261: Total time for which application threads were stopped: 0.0107552 seconds, Stopping threads took: 0.0000944 seconds
2021-01-19T10:24:05.132+0000: 25315.272: Total time for which application threads were stopped: 0.0004389 seconds, Stopping threads took: 0.0000700 seconds
2021-01-19T10:24:08.134+0000: 25318.274: Total time for which application threads were stopped: 0.0010498 seconds, Stopping threads took: 0.0002234 seconds
{Heap before GC invocations=505 (full 6):
 par new generation   total 38080K, used 35013K [0x0000000085600000, 0x0000000087f50000, 0x000000009a2c0000)
  eden space 33856K, 100% used [0x0000000085600000, 0x0000000087710000, 0x0000000087710000)
  from space 4224K,  27% used [0x0000000087b30000, 0x0000000087c51470, 0x0000000087f50000)
  to   space 4224K,   0% used [0x0000000087710000, 0x0000000087710000, 0x0000000087b30000)
 concurrent mark-sweep generation total 118092K, used 75520K [0x000000009a2c0000, 0x00000000a1613000, 0x0000000100000000)
 Metaspace       used 110114K, capacity 116597K, committed 118828K, reserved 1153024K
  class space    used 13432K, capacity 14619K, committed 15200K, reserved 1048576K
2021-01-19T10:24:25.833+0000: 25335.973: [GC (Allocation Failure) 2021-01-19T10:24:25.833+0000: 25335.973: [ParNew
Desired survivor size 2162688 bytes, new threshold 6 (max 6)
- age   1:      45680 bytes,      45680 total
- age   2:        488 bytes,      46168 total
- age   3:       1816 bytes,      47984 total
- age   4:     362752 bytes,     410736 total
- age   5:     463576 bytes,     874312 total
- age   6:        184 bytes,     874496 total
: 35013K->1404K(38080K), 0.0053965 secs] 110533K->76924K(156172K), 0.0056517 secs] [Times: user=0.01 sys=0.00, real=0.01 secs] 
Heap after GC invocations=506 (full 6):
 par new generation   total 38080K, used 1404K [0x0000000085600000, 0x0000000087f50000, 0x000000009a2c0000)
  eden space 33856K,   0% used [0x0000000085600000, 0x0000000085600000, 0x0000000087710000)
  from space 4224K,  33% used [0x0000000087710000, 0x000000008786f298, 0x0000000087b30000)
  to   space 4224K,   0% used [0x0000000087b30000, 0x0000000087b30000, 0x0000000087f50000)
 concurrent mark-sweep generation total 118092K, used 75520K [0x000000009a2c0000, 0x00000000a1613000, 0x0000000100000000)
 Metaspace       used 110114K, capacity 116597K, committed 118828K, reserved 1153024K
  class space    used 13432K, capacity 14619K, committed 15200K, reserved 1048576K
}
2021-01-19T10:24:25.839+0000: 25335.979: Total time for which application threads were stopped: 0.0062893 seconds, Stopping threads took: 0.0000761 seconds
{Heap before GC invocations=506 (full 6):
 par new generation   total 38080K, used 35260K [0x0000000085600000, 0x0000000087f50000, 0x000000009a2c0000)
  eden space 33856K, 100% used [0x0000000085600000, 0x0000000087710000, 0x0000000087710000)
  from space 4224K,  33% used [0x0000000087710000, 0x000000008786f298, 0x0000000087b30000)
  to   space 4224K,   0% used [0x0000000087b30000, 0x0000000087b30000, 0x0000000087f50000)
 concurrent mark-sweep generation total 118092K, used 75520K [0x000000009a2c0000, 0x00000000a1613000, 0x0000000100000000)
 Metaspace       used 110114K, capacity 116597K, committed 118828K, reserved 1153024K
  class space    used 13432K, capacity 14619K, committed 15200K, reserved 1048576K
2021-01-19T10:26:12.097+0000: 25442.237: [GC (Allocation Failure) 2021-01-19T10:26:12.098+0000: 25442.238: [ParNew
Desired survivor size 2162688 bytes, new threshold 6 (max 6)
- age   1:      42240 bytes,      42240 total
- age   2:       8176 bytes,      50416 total
- age   3:        440 bytes,      50856 total
- age   4:       1816 bytes,      52672 total
- age   5:     362752 bytes,     415424 total
- age   6:     463720 bytes,     879144 total
: 35260K->1261K(38080K), 0.0059844 secs] 110780K->76782K(156172K), 0.0062097 secs] [Times: user=0.02 sys=0.00, real=0.00 secs] 
Heap after GC invocations=507 (full 6):
 par new generation   total 38080K, used 1261K [0x0000000085600000, 0x0000000087f50000, 0x000000009a2c0000)
  eden space 33856K,   0% used [0x0000000085600000, 0x0000000085600000, 0x0000000087710000)
  from space 4224K,  29% used [0x0000000087b30000, 0x0000000087c6b720, 0x0000000087f50000)
  to   space 4224K,   0% used [0x0000000087710000, 0x0000000087710000, 0x0000000087b30000)
 concurrent mark-sweep generation total 118092K, used 75520K [0x000000009a2c0000, 0x00000000a1613000, 0x0000000100000000)
 Metaspace       used 110114K, capacity 116597K, committed 118828K, reserved 1153024K
  class space    used 13432K, capacity 14619K, committed 15200K, reserved 1048576K
}
2021-01-19T10:26:12.104+0000: 25442.244: Total time for which application threads were stopped: 0.0069964 seconds, Stopping threads took: 0.0000850 seconds
{Heap before GC invocations=507 (full 6):
 par new generation   total 38080K, used 35117K [0x0000000085600000, 0x0000000087f50000, 0x000000009a2c0000)
  eden space 33856K, 100% used [0x0000000085600000, 0x0000000087710000, 0x0000000087710000)
  from space 4224K,  29% used [0x0000000087b30000, 0x0000000087c6b720, 0x0000000087f50000)
  to   space 4224K,   0% used [0x0000000087710000, 0x0000000087710000, 0x0000000087b30000)
 concurrent mark-sweep generation total 118092K, used 75520K [0x000000009a2c0000, 0x00000000a1613000, 0x0000000100000000)
 Metaspace       used 110114K, capacity 116597K, committed 118828K, reserved 1153024K
  class space    used 13432K, capacity 14619K, committed 15200K, reserved 1048576K
2021-01-19T10:27:58.178+0000: 25548.318: [GC (Allocation Failure) 2021-01-19T10:27:58.178+0000: 25548.318: [ParNew
Desired survivor size 2162688 bytes, new threshold 6 (max 6)
- age   1:       3752 bytes,       3752 total
- age   2:         48 bytes,       3800 total
- age   3:       8112 bytes,      11912 total
- age   4:        440 bytes,      12352 total
- age   5:       1816 bytes,      14168 total
- age   6:     362752 bytes,     376920 total
: 35117K->854K(38080K), 0.0077658 secs] 110638K->76833K(156172K), 0.0082110 secs] [Times: user=0.03 sys=0.00, real=0.01 secs] 
Heap after GC invocations=508 (full 6):
 par new generation   total 38080K, used 854K [0x0000000085600000, 0x0000000087f50000, 0x000000009a2c0000)
  eden space 33856K,   0% used [0x0000000085600000, 0x0000000085600000, 0x0000000087710000)
  from space 4224K,  20% used [0x0000000087710000, 0x00000000877e5880, 0x0000000087b30000)
  to   space 4224K,   0% used [0x0000000087b30000, 0x0000000087b30000, 0x0000000087f50000)
 concurrent mark-sweep generation total 118092K, used 75979K [0x000000009a2c0000, 0x00000000a1613000, 0x0000000100000000)
 Metaspace       used 110114K, capacity 116597K, committed 118828K, reserved 1153024K
  class space    used 13432K, capacity 14619K, committed 15200K, reserved 1048576K
}
2021-01-19T10:27:58.186+0000: 25548.326: Total time for which application threads were stopped: 0.0089107 seconds, Stopping threads took: 0.0000816 seconds
{Heap before GC invocations=508 (full 6):
 par new generation   total 38080K, used 34710K [0x0000000085600000, 0x0000000087f50000, 0x000000009a2c0000)
  eden space 33856K, 100% used [0x0000000085600000, 0x0000000087710000, 0x0000000087710000)
  from space 4224K,  20% used [0x0000000087710000, 0x00000000877e5880, 0x0000000087b30000)
  to   space 4224K,   0% used [0x0000000087b30000, 0x0000000087b30000, 0x0000000087f50000)
 concurrent mark-sweep generation total 118092K, used 75979K [0x000000009a2c0000, 0x00000000a1613000, 0x0000000100000000)
 Metaspace       used 110114K, capacity 116597K, committed 118828K, reserved 1153024K
  class space    used 13432K, capacity 14619K, committed 15200K, reserved 1048576K
2021-01-19T10:29:44.105+0000: 25654.245: [GC (Allocation Failure) 2021-01-19T10:29:44.105+0000: 25654.245: [ParNew
Desired survivor size 2162688 bytes, new threshold 6 (max 6)
- age   1:       3752 bytes,       3752 total
- age   3:         48 bytes,       3800 total
- age   4:       8112 bytes,      11912 total
- age   5:        440 bytes,      12352 total
- age   6:       1816 bytes,      14168 total
: 34710K->351K(38080K), 0.0097266 secs] 110689K->76689K(156172K), 0.0100008 secs] [Times: user=0.03 sys=0.00, real=0.00 secs] 
Heap after GC invocations=509 (full 6):
 par new generation   total 38080K, used 351K [0x0000000085600000, 0x0000000087f50000, 0x000000009a2c0000)
  eden space 33856K,   0% used [0x0000000085600000, 0x0000000085600000, 0x0000000087710000)
  from space 4224K,   8% used [0x0000000087b30000, 0x0000000087b87e40, 0x0000000087f50000)
  to   space 4224K,   0% used [0x0000000087710000, 0x0000000087710000, 0x0000000087b30000)
 concurrent mark-sweep generation total 118092K, used 76338K [0x000000009a2c0000, 0x00000000a1613000, 0x0000000100000000)
 Metaspace       used 110114K, capacity 116597K, committed 118828K, reserved 1153024K
  class space    used 13432K, capacity 14619K, committed 15200K, reserved 1048576K
}
2021-01-19T10:29:44.115+0000: 25654.255: Total time for which application threads were stopped: 0.0106445 seconds, Stopping threads took: 0.0000772 seconds
2021-01-19T10:31:12.128+0000: 25742.268: Total time for which application threads were stopped: 0.0005454 seconds, Stopping threads took: 0.0000921 seconds
{Heap before GC invocations=509 (full 6):
 par new generation   total 38080K, used 34207K [0x0000000085600000, 0x0000000087f50000, 0x000000009a2c0000)
  eden space 33856K, 100% used [0x0000000085600000, 0x0000000087710000, 0x0000000087710000)
  from space 4224K,   8% used [0x0000000087b30000, 0x0000000087b87e40, 0x0000000087f50000)
  to   space 4224K,   0% used [0x0000000087710000, 0x0000000087710000, 0x0000000087b30000)
 concurrent mark-sweep generation total 118092K, used 76338K [0x000000009a2c0000, 0x00000000a1613000, 0x0000000100000000)
 Metaspace       used 110114K, capacity 116597K, committed 118828K, reserved 1153024K
  class space    used 13432K, capacity 14619K, committed 15200K, reserved 1048576K
2021-01-19T10:31:30.070+0000: 25760.210: [GC (Allocation Failure) 2021-01-19T10:31:30.071+0000: 25760.211: [ParNew
Desired survivor size 2162688 bytes, new threshold 6 (max 6)
- age   1:       3408 bytes,       3408 total
- age   2:         32 bytes,       3440 total
- age   4:         48 bytes,       3488 total
- age   5:       8112 bytes,      11600 total
- age   6:        440 bytes,      12040 total
: 34207K->67K(38080K), 0.0044504 secs] 110545K->76408K(156172K), 0.0046875 secs] [Times: user=0.01 sys=0.00, real=0.00 secs] 
Heap after GC invocations=510 (full 6):
 par new generation   total 38080K, used 67K [0x0000000085600000, 0x0000000087f50000, 0x000000009a2c0000)
  eden space 33856K,   0% used [0x0000000085600000, 0x0000000085600000, 0x0000000087710000)
  from space 4224K,   1% used [0x0000000087710000, 0x0000000087720f68, 0x0000000087b30000)
  to   space 4224K,   0% used [0x0000000087b30000, 0x0000000087b30000, 0x0000000087f50000)
 concurrent mark-sweep generation total 118092K, used 76340K [0x000000009a2c0000, 0x00000000a1613000, 0x0000000100000000)
 Metaspace       used 110114K, capacity 116597K, committed 118828K, reserved 1153024K
  class space    used 13432K, capacity 14619K, committed 15200K, reserved 1048576K
}
2021-01-19T10:31:30.075+0000: 25760.215: Total time for which application threads were stopped: 0.0053876 seconds, Stopping threads took: 0.0001883 seconds
{Heap before GC invocations=510 (full 6):
 par new generation   total 38080K, used 33923K [0x0000000085600000, 0x0000000087f50000, 0x000000009a2c0000)
  eden space 33856K, 100% used [0x0000000085600000, 0x0000000087710000, 0x0000000087710000)
  from space 4224K,   1% used [0x0000000087710000, 0x0000000087720f68, 0x0000000087b30000)
  to   space 4224K,   0% used [0x0000000087b30000, 0x0000000087b30000, 0x0000000087f50000)
 concurrent mark-sweep generation total 118092K, used 76340K [0x000000009a2c0000, 0x00000000a1613000, 0x0000000100000000)
 Metaspace       used 110114K, capacity 116597K, committed 118828K, reserved 1153024K
  class space    used 13432K, capacity 14619K, committed 15200K, reserved 1048576K
2021-01-19T10:33:16.112+0000: 25866.252: [GC (Allocation Failure) 2021-01-19T10:33:16.112+0000: 25866.252: [ParNew
Desired survivor size 2162688 bytes, new threshold 6 (max 6)
- age   1:      37336 bytes,      37336 total
- age   5:         48 bytes,      37384 total
- age   6:       8112 bytes,      45496 total
: 33923K->56K(38080K), 0.0066664 secs] 110264K->76397K(156172K), 0.0070359 secs] [Times: user=0.02 sys=0.00, real=0.01 secs] 
Heap after GC invocations=511 (full 6):
 par new generation   total 38080K, used 56K [0x0000000085600000, 0x0000000087f50000, 0x000000009a2c0000)
  eden space 33856K,   0% used [0x0000000085600000, 0x0000000085600000, 0x0000000087710000)
  from space 4224K,   1% used [0x0000000087b30000, 0x0000000087b3e350, 0x0000000087f50000)
  to   space 4224K,   0% used [0x0000000087710000, 0x0000000087710000, 0x0000000087b30000)
 concurrent mark-sweep generation total 118092K, used 76340K [0x000000009a2c0000, 0x00000000a1613000, 0x0000000100000000)
 Metaspace       used 110114K, capacity 116597K, committed 118828K, reserved 1153024K
  class space    used 13432K, capacity 14619K, committed 15200K, reserved 1048576K
}
2021-01-19T10:33:16.120+0000: 25866.260: Total time for which application threads were stopped: 0.0080110 seconds, Stopping threads took: 0.0001950 seconds
{Heap before GC invocations=511 (full 6):
 par new generation   total 38080K, used 33912K [0x0000000085600000, 0x0000000087f50000, 0x000000009a2c0000)
  eden space 33856K, 100% used [0x0000000085600000, 0x0000000087710000, 0x0000000087710000)
  from space 4224K,   1% used [0x0000000087b30000, 0x0000000087b3e350, 0x0000000087f50000)
  to   space 4224K,   0% used [0x0000000087710000, 0x0000000087710000, 0x0000000087b30000)
 concurrent mark-sweep generation total 118092K, used 76340K [0x000000009a2c0000, 0x00000000a1613000, 0x0000000100000000)
 Metaspace       used 110114K, capacity 116597K, committed 118828K, reserved 1153024K
  class space    used 13432K, capacity 14619K, committed 15200K, reserved 1048576K
2021-01-19T10:35:02.257+0000: 25972.397: [GC (Allocation Failure) 2021-01-19T10:35:02.257+0000: 25972.397: [ParNew
Desired survivor size 2162688 bytes, new threshold 6 (max 6)
- age   1:       3440 bytes,       3440 total
- age   2:        112 bytes,       3552 total
- age   6:         48 bytes,       3600 total
: 33912K->8K(38080K), 0.0063780 secs] 110253K->76356K(156172K), 0.0066758 secs] [Times: user=0.01 sys=0.00, real=0.00 secs] 
Heap after GC invocations=512 (full 6):
 par new generation   total 38080K, used 8K [0x0000000085600000, 0x0000000087f50000, 0x000000009a2c0000)
  eden space 33856K,   0% used [0x0000000085600000, 0x0000000085600000, 0x0000000087710000)
  from space 4224K,   0% used [0x0000000087710000, 0x0000000087712088, 0x0000000087b30000)
  to   space 4224K,   0% used [0x0000000087b30000, 0x0000000087b30000, 0x0000000087f50000)
 concurrent mark-sweep generation total 118092K, used 76348K [0x000000009a2c0000, 0x00000000a1613000, 0x0000000100000000)
 Metaspace       used 110114K, capacity 116597K, committed 118828K, reserved 1153024K
  class space    used 13432K, capacity 14619K, committed 15200K, reserved 1048576K
}
2021-01-19T10:35:02.264+0000: 25972.404: Total time for which application threads were stopped: 0.0075179 seconds, Stopping threads took: 0.0000861 seconds
{Heap before GC invocations=512 (full 6):
 par new generation   total 38080K, used 33864K [0x0000000085600000, 0x0000000087f50000, 0x000000009a2c0000)
  eden space 33856K, 100% used [0x0000000085600000, 0x0000000087710000, 0x0000000087710000)
  from space 4224K,   0% used [0x0000000087710000, 0x0000000087712088, 0x0000000087b30000)
  to   space 4224K,   0% used [0x0000000087b30000, 0x0000000087b30000, 0x0000000087f50000)
 concurrent mark-sweep generation total 118092K, used 76348K [0x000000009a2c0000, 0x00000000a1613000, 0x0000000100000000)
 Metaspace       used 110114K, capacity 116597K, committed 118828K, reserved 1153024K
  class space    used 13432K, capacity 14619K, committed 15200K, reserved 1048576K
2021-01-19T10:36:48.348+0000: 26078.488: [GC (Allocation Failure) 2021-01-19T10:36:48.348+0000: 26078.488: [ParNew
Desired survivor size 2162688 bytes, new threshold 6 (max 6)
- age   1:       3600 bytes,       3600 total
: 33864K->6K(38080K), 0.0051977 secs] 110212K->76354K(156172K), 0.0056329 secs] [Times: user=0.01 sys=0.00, real=0.00 secs] 
Heap after GC invocations=513 (full 6):
 par new generation   total 38080K, used 6K [0x0000000085600000, 0x0000000087f50000, 0x000000009a2c0000)
  eden space 33856K,   0% used [0x0000000085600000, 0x0000000085600000, 0x0000000087710000)
  from space 4224K,   0% used [0x0000000087b30000, 0x0000000087b31830, 0x0000000087f50000)
  to   space 4224K,   0% used [0x0000000087710000, 0x0000000087710000, 0x0000000087b30000)
 concurrent mark-sweep generation total 118092K, used 76348K [0x000000009a2c0000, 0x00000000a1613000, 0x0000000100000000)
 Metaspace       used 110114K, capacity 116597K, committed 118828K, reserved 1153024K
  class space    used 13432K, capacity 14619K, committed 15200K, reserved 1048576K
}
2021-01-19T10:36:48.354+0000: 26078.494: Total time for which application threads were stopped: 0.0071452 seconds, Stopping threads took: 0.0004086 seconds
{Heap before GC invocations=513 (full 6):
 par new generation   total 38080K, used 33862K [0x0000000085600000, 0x0000000087f50000, 0x000000009a2c0000)
  eden space 33856K, 100% used [0x0000000085600000, 0x0000000087710000, 0x0000000087710000)
  from space 4224K,   0% used [0x0000000087b30000, 0x0000000087b31830, 0x0000000087f50000)
  to   space 4224K,   0% used [0x0000000087710000, 0x0000000087710000, 0x0000000087b30000)
 concurrent mark-sweep generation total 118092K, used 76348K [0x000000009a2c0000, 0x00000000a1613000, 0x0000000100000000)
 Metaspace       used 110114K, capacity 116597K, committed 118828K, reserved 1153024K
  class space    used 13432K, capacity 14619K, committed 15200K, reserved 1048576K
2021-01-19T10:38:34.432+0000: 26184.572: [GC (Allocation Failure) 2021-01-19T10:38:34.433+0000: 26184.573: [ParNew
Desired survivor size 2162688 bytes, new threshold 6 (max 6)
- age   1:       3368 bytes,       3368 total
- age   2:         32 bytes,       3400 total
: 33862K->8K(38080K), 0.0159871 secs] 110210K->76356K(156172K), 0.0163063 secs] [Times: user=0.04 sys=0.00, real=0.02 secs] 
Heap after GC invocations=514 (full 6):
 par new generation   total 38080K, used 8K [0x0000000085600000, 0x0000000087f50000, 0x000000009a2c0000)
  eden space 33856K,   0% used [0x0000000085600000, 0x0000000085600000, 0x0000000087710000)
  from space 4224K,   0% used [0x0000000087710000, 0x0000000087712040, 0x0000000087b30000)
  to   space 4224K,   0% used [0x0000000087b30000, 0x0000000087b30000, 0x0000000087f50000)
 concurrent mark-sweep generation total 118092K, used 76348K [0x000000009a2c0000, 0x00000000a1613000, 0x0000000100000000)
 Metaspace       used 110114K, capacity 116597K, committed 118828K, reserved 1153024K
  class space    used 13432K, capacity 14619K, committed 15200K, reserved 1048576K
}
2021-01-19T10:38:34.449+0000: 26184.589: Total time for which application threads were stopped: 0.0172526 seconds, Stopping threads took: 0.0001602 seconds
{Heap before GC invocations=514 (full 6):
 par new generation   total 38080K, used 33864K [0x0000000085600000, 0x0000000087f50000, 0x000000009a2c0000)
  eden space 33856K, 100% used [0x0000000085600000, 0x0000000087710000, 0x0000000087710000)
  from space 4224K,   0% used [0x0000000087710000, 0x0000000087712040, 0x0000000087b30000)
  to   space 4224K,   0% used [0x0000000087b30000, 0x0000000087b30000, 0x0000000087f50000)
 concurrent mark-sweep generation total 118092K, used 76348K [0x000000009a2c0000, 0x00000000a1613000, 0x0000000100000000)
 Metaspace       used 110114K, capacity 116597K, committed 118828K, reserved 1153024K
  class space    used 13432K, capacity 14619K, committed 15200K, reserved 1048576K
2021-01-19T10:40:20.730+0000: 26290.870: [GC (Allocation Failure) 2021-01-19T10:40:20.730+0000: 26290.870: [ParNew
Desired survivor size 2162688 bytes, new threshold 6 (max 6)
- age   1:       3376 bytes,       3376 total
: 33864K->6K(38080K), 0.0047198 secs] 110212K->76354K(156172K), 0.0049618 secs] [Times: user=0.02 sys=0.00, real=0.00 secs] 
Heap after GC invocations=515 (full 6):
 par new generation   total 38080K, used 6K [0x0000000085600000, 0x0000000087f50000, 0x000000009a2c0000)
  eden space 33856K,   0% used [0x0000000085600000, 0x0000000085600000, 0x0000000087710000)
  from space 4224K,   0% used [0x0000000087b30000, 0x0000000087b31830, 0x0000000087f50000)
  to   space 4224K,   0% used [0x0000000087710000, 0x0000000087710000, 0x0000000087b30000)
 concurrent mark-sweep generation total 118092K, used 76348K [0x000000009a2c0000, 0x00000000a1613000, 0x0000000100000000)
 Metaspace       used 110114K, capacity 116597K, committed 118828K, reserved 1153024K
  class space    used 13432K, capacity 14619K, committed 15200K, reserved 1048576K
}
2021-01-19T10:40:20.735+0000: 26290.875: Total time for which application threads were stopped: 0.0065337 seconds, Stopping threads took: 0.0010596 seconds
{Heap before GC invocations=515 (full 6):
 par new generation   total 38080K, used 33862K [0x0000000085600000, 0x0000000087f50000, 0x000000009a2c0000)
  eden space 33856K, 100% used [0x0000000085600000, 0x0000000087710000, 0x0000000087710000)
  from space 4224K,   0% used [0x0000000087b30000, 0x0000000087b31830, 0x0000000087f50000)
  to   space 4224K,   0% used [0x0000000087710000, 0x0000000087710000, 0x0000000087b30000)
 concurrent mark-sweep generation total 118092K, used 76348K [0x000000009a2c0000, 0x00000000a1613000, 0x0000000100000000)
 Metaspace       used 110114K, capacity 116597K, committed 118828K, reserved 1153024K
  class space    used 13432K, capacity 14619K, committed 15200K, reserved 1048576K
2021-01-19T10:42:06.832+0000: 26396.972: [GC (Allocation Failure) 2021-01-19T10:42:06.832+0000: 26396.973: [ParNew
Desired survivor size 2162688 bytes, new threshold 6 (max 6)
- age   1:      71480 bytes,      71480 total
- age   2:         64 bytes,      71544 total
: 33862K->71K(38080K), 0.0134325 secs] 110210K->76420K(156172K), 0.0136866 secs] [Times: user=0.02 sys=0.01, real=0.02 secs] 
Heap after GC invocations=516 (full 6):
 par new generation   total 38080K, used 71K [0x0000000085600000, 0x0000000087f50000, 0x000000009a2c0000)
  eden space 33856K,   0% used [0x0000000085600000, 0x0000000085600000, 0x0000000087710000)
  from space 4224K,   1% used [0x0000000087710000, 0x0000000087721de0, 0x0000000087b30000)
  to   space 4224K,   0% used [0x0000000087b30000, 0x0000000087b30000, 0x0000000087f50000)
 concurrent mark-sweep generation total 118092K, used 76348K [0x000000009a2c0000, 0x00000000a1613000, 0x0000000100000000)
 Metaspace       used 110114K, capacity 116597K, committed 118828K, reserved 1153024K
  class space    used 13432K, capacity 14619K, committed 15200K, reserved 1048576K
}
2021-01-19T10:42:06.846+0000: 26396.986: Total time for which application threads were stopped: 0.0152941 seconds, Stopping threads took: 0.0010052 seconds
{Heap before GC invocations=516 (full 6):
 par new generation   total 38080K, used 33927K [0x0000000085600000, 0x0000000087f50000, 0x000000009a2c0000)
  eden space 33856K, 100% used [0x0000000085600000, 0x0000000087710000, 0x0000000087710000)
  from space 4224K,   1% used [0x0000000087710000, 0x0000000087721de0, 0x0000000087b30000)
  to   space 4224K,   0% used [0x0000000087b30000, 0x0000000087b30000, 0x0000000087f50000)
 concurrent mark-sweep generation total 118092K, used 76348K [0x000000009a2c0000, 0x00000000a1613000, 0x0000000100000000)
 Metaspace       used 110114K, capacity 116597K, committed 118828K, reserved 1153024K
  class space    used 13432K, capacity 14619K, committed 15200K, reserved 1048576K
2021-01-19T10:43:53.249+0000: 26503.389: [GC (Allocation Failure) 2021-01-19T10:43:53.249+0000: 26503.390: [ParNew
Desired survivor size 2162688 bytes, new threshold 6 (max 6)
- age   1:       3504 bytes,       3504 total
: 33927K->6K(38080K), 0.0060574 secs] 110276K->76354K(156172K), 0.0063807 secs] [Times: user=0.01 sys=0.00, real=0.00 secs] 
Heap after GC invocations=517 (full 6):
 par new generation   total 38080K, used 6K [0x0000000085600000, 0x0000000087f50000, 0x000000009a2c0000)
  eden space 33856K,   0% used [0x0000000085600000, 0x0000000085600000, 0x0000000087710000)
  from space 4224K,   0% used [0x0000000087b30000, 0x0000000087b31830, 0x0000000087f50000)
  to   space 4224K,   0% used [0x0000000087710000, 0x0000000087710000, 0x0000000087b30000)
 concurrent mark-sweep generation total 118092K, used 76348K [0x000000009a2c0000, 0x00000000a1613000, 0x0000000100000000)
 Metaspace       used 110114K, capacity 116597K, committed 118828K, reserved 1153024K
  class space    used 13432K, capacity 14619K, committed 15200K, reserved 1048576K
}
2021-01-19T10:43:53.256+0000: 26503.396: Total time for which application threads were stopped: 0.0076946 seconds, Stopping threads took: 0.0001335 seconds
2021-01-19T10:45:30.269+0000: 26600.409: Total time for which application threads were stopped: 0.0004077 seconds, Stopping threads took: 0.0000675 seconds
{Heap before GC invocations=517 (full 6):
 par new generation   total 38080K, used 33862K [0x0000000085600000, 0x0000000087f50000, 0x000000009a2c0000)
  eden space 33856K, 100% used [0x0000000085600000, 0x0000000087710000, 0x0000000087710000)
  from space 4224K,   0% used [0x0000000087b30000, 0x0000000087b31830, 0x0000000087f50000)
  to   space 4224K,   0% used [0x0000000087710000, 0x0000000087710000, 0x0000000087b30000)
 concurrent mark-sweep generation total 118092K, used 76348K [0x000000009a2c0000, 0x00000000a1613000, 0x0000000100000000)
 Metaspace       used 110114K, capacity 116597K, committed 118828K, reserved 1153024K
  class space    used 13432K, capacity 14619K, committed 15200K, reserved 1048576K
2021-01-19T10:45:39.078+0000: 26609.218: [GC (Allocation Failure) 2021-01-19T10:45:39.078+0000: 26609.218: [ParNew
Desired survivor size 2162688 bytes, new threshold 6 (max 6)
- age   1:     108168 bytes,     108168 total
- age   2:         32 bytes,     108200 total
: 33862K->110K(38080K), 0.0115972 secs] 110210K->76459K(156172K), 0.0118767 secs] [Times: user=0.02 sys=0.00, real=0.01 secs] 
Heap after GC invocations=518 (full 6):
 par new generation   total 38080K, used 110K [0x0000000085600000, 0x0000000087f50000, 0x000000009a2c0000)
  eden space 33856K,   0% used [0x0000000085600000, 0x0000000085600000, 0x0000000087710000)
  from space 4224K,   2% used [0x0000000087710000, 0x000000008772bbc8, 0x0000000087b30000)
  to   space 4224K,   0% used [0x0000000087b30000, 0x0000000087b30000, 0x0000000087f50000)
 concurrent mark-sweep generation total 118092K, used 76348K [0x000000009a2c0000, 0x00000000a1613000, 0x0000000100000000)
 Metaspace       used 110114K, capacity 116597K, committed 118828K, reserved 1153024K
  class space    used 13432K, capacity 14619K, committed 15200K, reserved 1048576K
}
2021-01-19T10:45:39.090+0000: 26609.230: Total time for which application threads were stopped: 0.0130172 seconds, Stopping threads took: 0.0004115 seconds
2021-01-19T10:47:05.103+0000: 26695.243: Total time for which application threads were stopped: 0.0004098 seconds, Stopping threads took: 0.0000661 seconds
{Heap before GC invocations=518 (full 6):
 par new generation   total 38080K, used 33966K [0x0000000085600000, 0x0000000087f50000, 0x000000009a2c0000)
  eden space 33856K, 100% used [0x0000000085600000, 0x0000000087710000, 0x0000000087710000)
  from space 4224K,   2% used [0x0000000087710000, 0x000000008772bbc8, 0x0000000087b30000)
  to   space 4224K,   0% used [0x0000000087b30000, 0x0000000087b30000, 0x0000000087f50000)
 concurrent mark-sweep generation total 118092K, used 76348K [0x000000009a2c0000, 0x00000000a1613000, 0x0000000100000000)
 Metaspace       used 110123K, capacity 116597K, committed 118828K, reserved 1153024K
  class space    used 13432K, capacity 14619K, committed 15200K, reserved 1048576K
2021-01-19T10:47:22.708+0000: 26712.848: [GC (Allocation Failure) 2021-01-19T10:47:22.708+0000: 26712.848: [ParNew
Desired survivor size 2162688 bytes, new threshold 6 (max 6)
- age   1:     518152 bytes,     518152 total
- age   2:     102352 bytes,     620504 total
: 33966K->631K(38080K), 0.0075284 secs] 110315K->76980K(156172K), 0.0078468 secs] [Times: user=0.03 sys=0.00, real=0.00 secs] 
Heap after GC invocations=519 (full 6):
 par new generation   total 38080K, used 631K [0x0000000085600000, 0x0000000087f50000, 0x000000009a2c0000)
  eden space 33856K,   0% used [0x0000000085600000, 0x0000000085600000, 0x0000000087710000)
  from space 4224K,  14% used [0x0000000087b30000, 0x0000000087bcdfa8, 0x0000000087f50000)
  to   space 4224K,   0% used [0x0000000087710000, 0x0000000087710000, 0x0000000087b30000)
 concurrent mark-sweep generation total 118092K, used 76348K [0x000000009a2c0000, 0x00000000a1613000, 0x0000000100000000)
 Metaspace       used 110123K, capacity 116597K, committed 118828K, reserved 1153024K
  class space    used 13432K, capacity 14619K, committed 15200K, reserved 1048576K
}
2021-01-19T10:47:22.716+0000: 26712.856: Total time for which application threads were stopped: 0.0085911 seconds, Stopping threads took: 0.0000781 seconds
2021-01-19T10:47:57.722+0000: 26747.862: Total time for which application threads were stopped: 0.0004161 seconds, Stopping threads took: 0.0000756 seconds
2021-01-19T10:48:12.724+0000: 26762.864: Total time for which application threads were stopped: 0.0004242 seconds, Stopping threads took: 0.0000806 seconds
{Heap before GC invocations=519 (full 6):
 par new generation   total 38080K, used 34487K [0x0000000085600000, 0x0000000087f50000, 0x000000009a2c0000)
  eden space 33856K, 100% used [0x0000000085600000, 0x0000000087710000, 0x0000000087710000)
  from space 4224K,  14% used [0x0000000087b30000, 0x0000000087bcdfa8, 0x0000000087f50000)
  to   space 4224K,   0% used [0x0000000087710000, 0x0000000087710000, 0x0000000087b30000)
 concurrent mark-sweep generation total 118092K, used 76348K [0x000000009a2c0000, 0x00000000a1613000, 0x0000000100000000)
 Metaspace       used 110149K, capacity 116725K, committed 119084K, reserved 1153024K
  class space    used 13432K, capacity 14619K, committed 15200K, reserved 1048576K
2021-01-19T10:49:07.645+0000: 26817.785: [GC (Allocation Failure) 2021-01-19T10:49:07.645+0000: 26817.785: [ParNew
Desired survivor size 2162688 bytes, new threshold 6 (max 6)
- age   1:     333048 bytes,     333048 total
- age   2:     511776 bytes,     844824 total
- age   3:     102352 bytes,     947176 total
: 34487K->1130K(38080K), 0.0130372 secs] 110836K->77479K(156172K), 0.0135152 secs] [Times: user=0.03 sys=0.00, real=0.01 secs] 
Heap after GC invocations=520 (full 6):
 par new generation   total 38080K, used 1130K [0x0000000085600000, 0x0000000087f50000, 0x000000009a2c0000)
  eden space 33856K,   0% used [0x0000000085600000, 0x0000000085600000, 0x0000000087710000)
  from space 4224K,  26% used [0x0000000087710000, 0x000000008782ab98, 0x0000000087b30000)
  to   space 4224K,   0% used [0x0000000087b30000, 0x0000000087b30000, 0x0000000087f50000)
 concurrent mark-sweep generation total 118092K, used 76348K [0x000000009a2c0000, 0x00000000a1613000, 0x0000000100000000)
 Metaspace       used 110149K, capacity 116725K, committed 119084K, reserved 1153024K
  class space    used 13432K, capacity 14619K, committed 15200K, reserved 1048576K
}
2021-01-19T10:49:07.659+0000: 26817.799: Total time for which application threads were stopped: 0.0151280 seconds, Stopping threads took: 0.0006109 seconds
{Heap before GC invocations=520 (full 6):
 par new generation   total 38080K, used 34986K [0x0000000085600000, 0x0000000087f50000, 0x000000009a2c0000)
  eden space 33856K, 100% used [0x0000000085600000, 0x0000000087710000, 0x0000000087710000)
  from space 4224K,  26% used [0x0000000087710000, 0x000000008782ab98, 0x0000000087b30000)
  to   space 4224K,   0% used [0x0000000087b30000, 0x0000000087b30000, 0x0000000087f50000)
 concurrent mark-sweep generation total 118092K, used 76348K [0x000000009a2c0000, 0x00000000a1613000, 0x0000000100000000)
 Metaspace       used 110149K, capacity 116725K, committed 119084K, reserved 1153024K
  class space    used 13432K, capacity 14619K, committed 15200K, reserved 1048576K
2021-01-19T11:16:32.892+0000: 26927.173: [GC (Allocation Failure) 2021-01-19T11:16:32.892+0000: 26927.173: [ParNew
Desired survivor size 2162688 bytes, new threshold 6 (max 6)
- age   1:       3656 bytes,       3656 total
- age   2:     261184 bytes,     264840 total
- age   3:     509856 bytes,     774696 total
- age   4:     102352 bytes,     877048 total
: 34986K->1073K(38080K), 0.0050488 secs] 111335K->77421K(156172K), 0.0052707 secs] [Times: user=0.02 sys=0.00, real=0.01 secs] 
Heap after GC invocations=521 (full 6):
 par new generation   total 38080K, used 1073K [0x0000000085600000, 0x0000000087f50000, 0x000000009a2c0000)
  eden space 33856K,   0% used [0x0000000085600000, 0x0000000085600000, 0x0000000087710000)
  from space 4224K,  25% used [0x0000000087b30000, 0x0000000087c3c440, 0x0000000087f50000)
  to   space 4224K,   0% used [0x0000000087710000, 0x0000000087710000, 0x0000000087b30000)
 concurrent mark-sweep generation total 118092K, used 76348K [0x000000009a2c0000, 0x00000000a1613000, 0x0000000100000000)
 Metaspace       used 110149K, capacity 116725K, committed 119084K, reserved 1153024K
  class space    used 13432K, capacity 14619K, committed 15200K, reserved 1048576K
}
2021-01-19T11:16:32.897+0000: 26927.179: Total time for which application threads were stopped: 0.0059274 seconds, Stopping threads took: 0.0000678 seconds
{Heap before GC invocations=521 (full 6):
 par new generation   total 38080K, used 34929K [0x0000000085600000, 0x0000000087f50000, 0x000000009a2c0000)
  eden space 33856K, 100% used [0x0000000085600000, 0x0000000087710000, 0x0000000087710000)
  from space 4224K,  25% used [0x0000000087b30000, 0x0000000087c3c440, 0x0000000087f50000)
  to   space 4224K,   0% used [0x0000000087710000, 0x0000000087710000, 0x0000000087b30000)
 concurrent mark-sweep generation total 118092K, used 76348K [0x000000009a2c0000, 0x00000000a1613000, 0x0000000100000000)
 Metaspace       used 110149K, capacity 116725K, committed 119084K, reserved 1153024K
  class space    used 13432K, capacity 14619K, committed 15200K, reserved 1048576K
2021-01-19T11:18:18.450+0000: 27032.731: [GC (Allocation Failure) 2021-01-19T11:18:18.450+0000: 27032.731: [ParNew
Desired survivor size 2162688 bytes, new threshold 6 (max 6)
- age   1:       6712 bytes,       6712 total
- age   2:        368 bytes,       7080 total
- age   3:     261136 bytes,     268216 total
- age   4:     509856 bytes,     778072 total
- age   5:     102352 bytes,     880424 total
: 34929K->1437K(38080K), 0.0109282 secs] 111277K->77785K(156172K), 0.0112387 secs] [Times: user=0.03 sys=0.00, real=0.01 secs] 
Heap after GC invocations=522 (full 6):
 par new generation   total 38080K, used 1437K [0x0000000085600000, 0x0000000087f50000, 0x000000009a2c0000)
  eden space 33856K,   0% used [0x0000000085600000, 0x0000000085600000, 0x0000000087710000)
  from space 4224K,  34% used [0x0000000087710000, 0x0000000087877488, 0x0000000087b30000)
  to   space 4224K,   0% used [0x0000000087b30000, 0x0000000087b30000, 0x0000000087f50000)
 concurrent mark-sweep generation total 118092K, used 76348K [0x000000009a2c0000, 0x00000000a1613000, 0x0000000100000000)
 Metaspace       used 110149K, capacity 116725K, committed 119084K, reserved 1153024K
  class space    used 13432K, capacity 14619K, committed 15200K, reserved 1048576K
}
2021-01-19T11:18:18.461+0000: 27032.742: Total time for which application threads were stopped: 0.0120517 seconds, Stopping threads took: 0.0000734 seconds
2021-01-19T11:18:48.466+0000: 27062.747: Total time for which application threads were stopped: 0.0004416 seconds, Stopping threads took: 0.0000811 seconds
{Heap before GC invocations=522 (full 6):
 par new generation   total 38080K, used 35293K [0x0000000085600000, 0x0000000087f50000, 0x000000009a2c0000)
  eden space 33856K, 100% used [0x0000000085600000, 0x0000000087710000, 0x0000000087710000)
  from space 4224K,  34% used [0x0000000087710000, 0x0000000087877488, 0x0000000087b30000)
  to   space 4224K,   0% used [0x0000000087b30000, 0x0000000087b30000, 0x0000000087f50000)
 concurrent mark-sweep generation total 118092K, used 76348K [0x000000009a2c0000, 0x00000000a1613000, 0x0000000100000000)
 Metaspace       used 110149K, capacity 116725K, committed 119084K, reserved 1153024K
  class space    used 13432K, capacity 14619K, committed 15200K, reserved 1048576K
2021-01-19T11:20:04.525+0000: 27138.806: [GC (Allocation Failure) 2021-01-19T11:20:04.525+0000: 27138.806: [ParNew
Desired survivor size 2162688 bytes, new threshold 6 (max 6)
- age   1:       3552 bytes,       3552 total
- age   2:       2944 bytes,       6496 total
- age   3:        336 bytes,       6832 total
- age   4:     261136 bytes,     267968 total
- age   5:     509856 bytes,     777824 total
- age   6:     102352 bytes,     880176 total
: 35293K->1275K(38080K), 0.0055892 secs] 111641K->77623K(156172K), 0.0058611 secs] [Times: user=0.02 sys=0.01, real=0.00 secs] 
Heap after GC invocations=523 (full 6):
 par new generation   total 38080K, used 1275K [0x0000000085600000, 0x0000000087f50000, 0x000000009a2c0000)
  eden space 33856K,   0% used [0x0000000085600000, 0x0000000085600000, 0x0000000087710000)
  from space 4224K,  30% used [0x0000000087b30000, 0x0000000087c6ed20, 0x0000000087f50000)
  to   space 4224K,   0% used [0x0000000087710000, 0x0000000087710000, 0x0000000087b30000)
 concurrent mark-sweep generation total 118092K, used 76348K [0x000000009a2c0000, 0x00000000a1613000, 0x0000000100000000)
 Metaspace       used 110149K, capacity 116725K, committed 119084K, reserved 1153024K
  class space    used 13432K, capacity 14619K, committed 15200K, reserved 1048576K
}
2021-01-19T11:20:04.531+0000: 27138.812: Total time for which application threads were stopped: 0.0070421 seconds, Stopping threads took: 0.0004740 seconds
2021-01-19T11:21:48.547+0000: 27242.828: Total time for which application threads were stopped: 0.0004195 seconds, Stopping threads took: 0.0000765 seconds
{Heap before GC invocations=523 (full 6):
 par new generation   total 38080K, used 35131K [0x0000000085600000, 0x0000000087f50000, 0x000000009a2c0000)
  eden space 33856K, 100% used [0x0000000085600000, 0x0000000087710000, 0x0000000087710000)
  from space 4224K,  30% used [0x0000000087b30000, 0x0000000087c6ed20, 0x0000000087f50000)
  to   space 4224K,   0% used [0x0000000087710000, 0x0000000087710000, 0x0000000087b30000)
 concurrent mark-sweep generation total 118092K, used 76348K [0x000000009a2c0000, 0x00000000a1613000, 0x0000000100000000)
 Metaspace       used 110149K, capacity 116725K, committed 119084K, reserved 1153024K
  class space    used 13432K, capacity 14619K, committed 15200K, reserved 1048576K
2021-01-19T11:21:50.628+0000: 27244.909: [GC (Allocation Failure) 2021-01-19T11:21:50.628+0000: 27244.909: [ParNew
Desired survivor size 2162688 bytes, new threshold 6 (max 6)
- age   1:      37528 bytes,      37528 total
- age   3:       2944 bytes,      40472 total
- age   4:        336 bytes,      40808 total
- age   5:     261136 bytes,     301944 total
- age   6:     509856 bytes,     811800 total
: 35131K->1071K(38080K), 0.0054205 secs] 111479K->77521K(156172K), 0.0056502 secs] [Times: user=0.01 sys=0.00, real=0.00 secs] 
Heap after GC invocations=524 (full 6):
 par new generation   total 38080K, used 1071K [0x0000000085600000, 0x0000000087f50000, 0x000000009a2c0000)
  eden space 33856K,   0% used [0x0000000085600000, 0x0000000085600000, 0x0000000087710000)
  from space 4224K,  25% used [0x0000000087710000, 0x000000008781be18, 0x0000000087b30000)
  to   space 4224K,   0% used [0x0000000087b30000, 0x0000000087b30000, 0x0000000087f50000)
 concurrent mark-sweep generation total 118092K, used 76449K [0x000000009a2c0000, 0x00000000a1613000, 0x0000000100000000)
 Metaspace       used 110149K, capacity 116725K, committed 119084K, reserved 1153024K
  class space    used 13432K, capacity 14619K, committed 15200K, reserved 1048576K
}
2021-01-19T11:21:50.634+0000: 27244.915: Total time for which application threads were stopped: 0.0068917 seconds, Stopping threads took: 0.0006746 seconds
2021-01-19T11:22:48.642+0000: 27302.924: Total time for which application threads were stopped: 0.0005309 seconds, Stopping threads took: 0.0000973 seconds
{Heap before GC invocations=524 (full 6):
 par new generation   total 38080K, used 34927K [0x0000000085600000, 0x0000000087f50000, 0x000000009a2c0000)
  eden space 33856K, 100% used [0x0000000085600000, 0x0000000087710000, 0x0000000087710000)
  from space 4224K,  25% used [0x0000000087710000, 0x000000008781be18, 0x0000000087b30000)
  to   space 4224K,   0% used [0x0000000087b30000, 0x0000000087b30000, 0x0000000087f50000)
 concurrent mark-sweep generation total 118092K, used 76449K [0x000000009a2c0000, 0x00000000a1613000, 0x0000000100000000)
 Metaspace       used 110149K, capacity 116725K, committed 119084K, reserved 1153024K
  class space    used 13432K, capacity 14619K, committed 15200K, reserved 1048576K
2021-01-19T11:23:36.870+0000: 27351.151: [GC (Allocation Failure) 2021-01-19T11:23:36.870+0000: 27351.151: [ParNew
Desired survivor size 2162688 bytes, new threshold 6 (max 6)
- age   1:       4416 bytes,       4416 total
- age   2:         64 bytes,       4480 total
- age   4:       2944 bytes,       7424 total
- age   5:        336 bytes,       7760 total
- age   6:     261136 bytes,     268896 total
: 34927K->1011K(38080K), 0.0076715 secs] 111377K->77965K(156172K), 0.0079588 secs] [Times: user=0.03 sys=0.00, real=0.01 secs] 
Heap after GC invocations=525 (full 6):
 par new generation   total 38080K, used 1011K [0x0000000085600000, 0x0000000087f50000, 0x000000009a2c0000)
  eden space 33856K,   0% used [0x0000000085600000, 0x0000000085600000, 0x0000000087710000)
  from space 4224K,  23% used [0x0000000087b30000, 0x0000000087c2cc88, 0x0000000087f50000)
  to   space 4224K,   0% used [0x0000000087710000, 0x0000000087710000, 0x0000000087b30000)
 concurrent mark-sweep generation total 118092K, used 76953K [0x000000009a2c0000, 0x00000000a1613000, 0x0000000100000000)
 Metaspace       used 110149K, capacity 116725K, committed 119084K, reserved 1153024K
  class space    used 13432K, capacity 14619K, committed 15200K, reserved 1048576K
}
2021-01-19T11:23:36.878+0000: 27351.159: Total time for which application threads were stopped: 0.0088499 seconds, Stopping threads took: 0.0002663 seconds
2021-01-19T11:23:48.881+0000: 27363.163: Total time for which application threads were stopped: 0.0006647 seconds, Stopping threads took: 0.0003565 seconds
2021-01-19T11:24:48.890+0000: 27423.172: Total time for which application threads were stopped: 0.0006181 seconds, Stopping threads took: 0.0000969 seconds
{Heap before GC invocations=525 (full 6):
 par new generation   total 38080K, used 34867K [0x0000000085600000, 0x0000000087f50000, 0x000000009a2c0000)
  eden space 33856K, 100% used [0x0000000085600000, 0x0000000087710000, 0x0000000087710000)
  from space 4224K,  23% used [0x0000000087b30000, 0x0000000087c2cc88, 0x0000000087f50000)
  to   space 4224K,   0% used [0x0000000087710000, 0x0000000087710000, 0x0000000087b30000)
 concurrent mark-sweep generation total 118092K, used 76953K [0x000000009a2c0000, 0x00000000a1613000, 0x0000000100000000)
 Metaspace       used 110149K, capacity 116725K, committed 119084K, reserved 1153024K
  class space    used 13432K, capacity 14619K, committed 15200K, reserved 1048576K
2021-01-19T11:25:23.065+0000: 27457.346: [GC (Allocation Failure) 2021-01-19T11:25:23.065+0000: 27457.346: [ParNew
Desired survivor size 2162688 bytes, new threshold 6 (max 6)
- age   1:       3752 bytes,       3752 total
- age   5:       2944 bytes,       6696 total
- age   6:        336 bytes,       7032 total
: 34867K->200K(38080K), 0.0112335 secs] 111821K->77413K(156172K), 0.0115716 secs] [Times: user=0.03 sys=0.01, real=0.01 secs] 
Heap after GC invocations=526 (full 6):
 par new generation   total 38080K, used 200K [0x0000000085600000, 0x0000000087f50000, 0x000000009a2c0000)
  eden space 33856K,   0% used [0x0000000085600000, 0x0000000085600000, 0x0000000087710000)
  from space 4224K,   4% used [0x0000000087710000, 0x00000000877423a0, 0x0000000087b30000)
  to   space 4224K,   0% used [0x0000000087b30000, 0x0000000087b30000, 0x0000000087f50000)
 concurrent mark-sweep generation total 118092K, used 77212K [0x000000009a2c0000, 0x00000000a1613000, 0x0000000100000000)
 Metaspace       used 110149K, capacity 116725K, committed 119084K, reserved 1153024K
  class space    used 13432K, capacity 14619K, committed 15200K, reserved 1048576K
}
2021-01-19T11:25:23.076+0000: 27457.358: Total time for which application threads were stopped: 0.0125010 seconds, Stopping threads took: 0.0001815 seconds
{Heap before GC invocations=526 (full 6):
 par new generation   total 38080K, used 34056K [0x0000000085600000, 0x0000000087f50000, 0x000000009a2c0000)
  eden space 33856K, 100% used [0x0000000085600000, 0x0000000087710000, 0x0000000087710000)
  from space 4224K,   4% used [0x0000000087710000, 0x00000000877423a0, 0x0000000087b30000)
  to   space 4224K,   0% used [0x0000000087b30000, 0x0000000087b30000, 0x0000000087f50000)
 concurrent mark-sweep generation total 118092K, used 77212K [0x000000009a2c0000, 0x00000000a1613000, 0x0000000100000000)
 Metaspace       used 110149K, capacity 116725K, committed 119084K, reserved 1153024K
  class space    used 13432K, capacity 14619K, committed 15200K, reserved 1048576K
2021-01-19T11:27:08.914+0000: 27563.196: [GC (Allocation Failure) 2021-01-19T11:27:08.915+0000: 27563.196: [ParNew
Desired survivor size 2162688 bytes, new threshold 6 (max 6)
- age   1:       3696 bytes,       3696 total
- age   2:         32 bytes,       3728 total
- age   6:       2944 bytes,       6672 total
: 34056K->51K(38080K), 0.0067328 secs] 111269K->77263K(156172K), 0.0069854 secs] [Times: user=0.03 sys=0.00, real=0.01 secs] 
Heap after GC invocations=527 (full 6):
 par new generation   total 38080K, used 51K [0x0000000085600000, 0x0000000087f50000, 0x000000009a2c0000)
  eden space 33856K,   0% used [0x0000000085600000, 0x0000000085600000, 0x0000000087710000)
  from space 4224K,   1% used [0x0000000087b30000, 0x0000000087b3ccc0, 0x0000000087f50000)
  to   space 4224K,   0% used [0x0000000087710000, 0x0000000087710000, 0x0000000087b30000)
 concurrent mark-sweep generation total 118092K, used 77212K [0x000000009a2c0000, 0x00000000a1613000, 0x0000000100000000)
 Metaspace       used 110149K, capacity 116725K, committed 119084K, reserved 1153024K
  class space    used 13432K, capacity 14619K, committed 15200K, reserved 1048576K
}
2021-01-19T11:27:08.922+0000: 27563.203: Total time for which application threads were stopped: 0.0077973 seconds, Stopping threads took: 0.0002288 seconds
{Heap before GC invocations=527 (full 6):
 par new generation   total 38080K, used 33907K [0x0000000085600000, 0x0000000087f50000, 0x000000009a2c0000)
  eden space 33856K, 100% used [0x0000000085600000, 0x0000000087710000, 0x0000000087710000)
  from space 4224K,   1% used [0x0000000087b30000, 0x0000000087b3ccc0, 0x0000000087f50000)
  to   space 4224K,   0% used [0x0000000087710000, 0x0000000087710000, 0x0000000087b30000)
 concurrent mark-sweep generation total 118092K, used 77212K [0x000000009a2c0000, 0x00000000a1613000, 0x0000000100000000)
 Metaspace       used 110149K, capacity 116725K, committed 119084K, reserved 1153024K
  class space    used 13432K, capacity 14619K, committed 15200K, reserved 1048576K
2021-01-19T11:28:55.181+0000: 27669.463: [GC (Allocation Failure) 2021-01-19T11:28:55.181+0000: 27669.463: [ParNew
Desired survivor size 2162688 bytes, new threshold 6 (max 6)
- age   1:      37624 bytes,      37624 total
: 33907K->45K(38080K), 0.0044136 secs] 111119K->77261K(156172K), 0.0046633 secs] [Times: user=0.01 sys=0.00, real=0.01 secs] 
Heap after GC invocations=528 (full 6):
 par new generation   total 38080K, used 45K [0x0000000085600000, 0x0000000087f50000, 0x000000009a2c0000)
  eden space 33856K,   0% used [0x0000000085600000, 0x0000000085600000, 0x0000000087710000)
  from space 4224K,   1% used [0x0000000087710000, 0x000000008771b6e8, 0x0000000087b30000)
  to   space 4224K,   0% used [0x0000000087b30000, 0x0000000087b30000, 0x0000000087f50000)
 concurrent mark-sweep generation total 118092K, used 77215K [0x000000009a2c0000, 0x00000000a1613000, 0x0000000100000000)
 Metaspace       used 110149K, capacity 116725K, committed 119084K, reserved 1153024K
  class space    used 13432K, capacity 14619K, committed 15200K, reserved 1048576K
}
2021-01-19T11:28:55.186+0000: 27669.467: Total time for which application threads were stopped: 0.0053077 seconds, Stopping threads took: 0.0001048 seconds
2021-01-19T11:29:48.194+0000: 27722.476: Total time for which application threads were stopped: 0.0009577 seconds, Stopping threads took: 0.0001728 seconds
{Heap before GC invocations=528 (full 6):
 par new generation   total 38080K, used 33901K [0x0000000085600000, 0x0000000087f50000, 0x000000009a2c0000)
  eden space 33856K, 100% used [0x0000000085600000, 0x0000000087710000, 0x0000000087710000)
  from space 4224K,   1% used [0x0000000087710000, 0x000000008771b6e8, 0x0000000087b30000)
  to   space 4224K,   0% used [0x0000000087b30000, 0x0000000087b30000, 0x0000000087f50000)
 concurrent mark-sweep generation total 118092K, used 77215K [0x000000009a2c0000, 0x00000000a1613000, 0x0000000100000000)
 Metaspace       used 110149K, capacity 116725K, committed 119084K, reserved 1153024K
  class space    used 13432K, capacity 14619K, committed 15200K, reserved 1048576K
2021-01-19T11:30:41.445+0000: 27775.727: [GC (Allocation Failure) 2021-01-19T11:30:41.446+0000: 27775.727: [ParNew
Desired survivor size 2162688 bytes, new threshold 6 (max 6)
- age   1:      71296 bytes,      71296 total
- age   2:         88 bytes,      71384 total
: 33901K->73K(38080K), 0.0051399 secs] 111117K->77289K(156172K), 0.0055050 secs] [Times: user=0.02 sys=0.00, real=0.00 secs] 
Heap after GC invocations=529 (full 6):
 par new generation   total 38080K, used 73K [0x0000000085600000, 0x0000000087f50000, 0x000000009a2c0000)
  eden space 33856K,   0% used [0x0000000085600000, 0x0000000085600000, 0x0000000087710000)
  from space 4224K,   1% used [0x0000000087b30000, 0x0000000087b425f0, 0x0000000087f50000)
  to   space 4224K,   0% used [0x0000000087710000, 0x0000000087710000, 0x0000000087b30000)
 concurrent mark-sweep generation total 118092K, used 77215K [0x000000009a2c0000, 0x00000000a1613000, 0x0000000100000000)
 Metaspace       used 110149K, capacity 116725K, committed 119084K, reserved 1153024K
  class space    used 13432K, capacity 14619K, committed 15200K, reserved 1048576K
}
2021-01-19T11:30:41.451+0000: 27775.732: Total time for which application threads were stopped: 0.0061746 seconds, Stopping threads took: 0.0000782 seconds
2021-01-19T11:30:48.452+0000: 27782.734: Total time for which application threads were stopped: 0.0003776 seconds, Stopping threads took: 0.0000689 seconds
2021-01-19T11:31:48.461+0000: 27842.742: Total time for which application threads were stopped: 0.0005137 seconds, Stopping threads took: 0.0000748 seconds
{Heap before GC invocations=529 (full 6):
 par new generation   total 38080K, used 33929K [0x0000000085600000, 0x0000000087f50000, 0x000000009a2c0000)
  eden space 33856K, 100% used [0x0000000085600000, 0x0000000087710000, 0x0000000087710000)
  from space 4224K,   1% used [0x0000000087b30000, 0x0000000087b425f0, 0x0000000087f50000)
  to   space 4224K,   0% used [0x0000000087710000, 0x0000000087710000, 0x0000000087b30000)
 concurrent mark-sweep generation total 118092K, used 77215K [0x000000009a2c0000, 0x00000000a1613000, 0x0000000100000000)
 Metaspace       used 110149K, capacity 116725K, committed 119084K, reserved 1153024K
  class space    used 13432K, capacity 14619K, committed 15200K, reserved 1048576K
2021-01-19T11:32:27.861+0000: 27882.143: [GC (Allocation Failure) 2021-01-19T11:32:27.861+0000: 27882.143: [ParNew
Desired survivor size 2162688 bytes, new threshold 6 (max 6)
- age   1:       3848 bytes,       3848 total
- age   2:         24 bytes,       3872 total
: 33929K->6K(38080K), 0.0046676 secs] 111145K->77221K(156172K), 0.0049259 secs] [Times: user=0.02 sys=0.00, real=0.01 secs] 
Heap after GC invocations=530 (full 6):
 par new generation   total 38080K, used 6K [0x0000000085600000, 0x0000000087f50000, 0x000000009a2c0000)
  eden space 33856K,   0% used [0x0000000085600000, 0x0000000085600000, 0x0000000087710000)
  from space 4224K,   0% used [0x0000000087710000, 0x0000000087711830, 0x0000000087b30000)
  to   space 4224K,   0% used [0x0000000087b30000, 0x0000000087b30000, 0x0000000087f50000)
 concurrent mark-sweep generation total 118092K, used 77215K [0x000000009a2c0000, 0x00000000a1613000, 0x0000000100000000)
 Metaspace       used 110149K, capacity 116725K, committed 119084K, reserved 1153024K
  class space    used 13432K, capacity 14619K, committed 15200K, reserved 1048576K
}
2021-01-19T11:32:27.866+0000: 27882.148: Total time for which application threads were stopped: 0.0056324 seconds, Stopping threads took: 0.0000739 seconds
2021-01-19T11:33:48.879+0000: 27963.160: Total time for which application threads were stopped: 0.0002594 seconds, Stopping threads took: 0.0000438 seconds
{Heap before GC invocations=530 (full 6):
 par new generation   total 38080K, used 33862K [0x0000000085600000, 0x0000000087f50000, 0x000000009a2c0000)
  eden space 33856K, 100% used [0x0000000085600000, 0x0000000087710000, 0x0000000087710000)
  from space 4224K,   0% used [0x0000000087710000, 0x0000000087711830, 0x0000000087b30000)
  to   space 4224K,   0% used [0x0000000087b30000, 0x0000000087b30000, 0x0000000087f50000)
 concurrent mark-sweep generation total 118092K, used 77215K [0x000000009a2c0000, 0x00000000a1613000, 0x0000000100000000)
 Metaspace       used 110149K, capacity 116725K, committed 119084K, reserved 1153024K
  class space    used 13432K, capacity 14619K, committed 15200K, reserved 1048576K
2021-01-19T11:34:14.278+0000: 27988.560: [GC (Allocation Failure) 2021-01-19T11:34:14.279+0000: 27988.560: [ParNew
Desired survivor size 2162688 bytes, new threshold 6 (max 6)
- age   1:       5992 bytes,       5992 total
- age   2:         32 bytes,       6024 total
: 33862K->10K(38080K), 0.0071998 secs] 111077K->77225K(156172K), 0.0074402 secs] [Times: user=0.02 sys=0.00, real=0.01 secs] 
Heap after GC invocations=531 (full 6):
 par new generation   total 38080K, used 10K [0x0000000085600000, 0x0000000087f50000, 0x000000009a2c0000)
  eden space 33856K,   0% used [0x0000000085600000, 0x0000000085600000, 0x0000000087710000)
  from space 4224K,   0% used [0x0000000087b30000, 0x0000000087b32850, 0x0000000087f50000)
  to   space 4224K,   0% used [0x0000000087710000, 0x0000000087710000, 0x0000000087b30000)
 concurrent mark-sweep generation total 118092K, used 77215K [0x000000009a2c0000, 0x00000000a1613000, 0x0000000100000000)
 Metaspace       used 110149K, capacity 116725K, committed 119084K, reserved 1153024K
  class space    used 13432K, capacity 14619K, committed 15200K, reserved 1048576K
}
2021-01-19T11:34:14.286+0000: 27988.567: Total time for which application threads were stopped: 0.0081302 seconds, Stopping threads took: 0.0000833 seconds
2021-01-19T11:34:48.291+0000: 28022.572: Total time for which application threads were stopped: 0.0004194 seconds, Stopping threads took: 0.0000705 seconds
{Heap before GC invocations=531 (full 6):
 par new generation   total 38080K, used 33866K [0x0000000085600000, 0x0000000087f50000, 0x000000009a2c0000)
  eden space 33856K, 100% used [0x0000000085600000, 0x0000000087710000, 0x0000000087710000)
  from space 4224K,   0% used [0x0000000087b30000, 0x0000000087b32850, 0x0000000087f50000)
  to   space 4224K,   0% used [0x0000000087710000, 0x0000000087710000, 0x0000000087b30000)
 concurrent mark-sweep generation total 118092K, used 77215K [0x000000009a2c0000, 0x00000000a1613000, 0x0000000100000000)
 Metaspace       used 110149K, capacity 116725K, committed 119084K, reserved 1153024K
  class space    used 13432K, capacity 14619K, committed 15200K, reserved 1048576K
2021-01-19T11:36:00.282+0000: 28094.563: [GC (Allocation Failure) 2021-01-19T11:36:00.282+0000: 28094.563: [ParNew
Desired survivor size 2162688 bytes, new threshold 6 (max 6)
- age   1:       3536 bytes,       3536 total
- age   2:       2224 bytes,       5760 total
: 33866K->8K(38080K), 0.0094522 secs] 111081K->77223K(156172K), 0.0097262 secs] [Times: user=0.02 sys=0.00, real=0.01 secs] 
Heap after GC invocations=532 (full 6):
 par new generation   total 38080K, used 8K [0x0000000085600000, 0x0000000087f50000, 0x000000009a2c0000)
  eden space 33856K,   0% used [0x0000000085600000, 0x0000000085600000, 0x0000000087710000)
  from space 4224K,   0% used [0x0000000087710000, 0x0000000087712040, 0x0000000087b30000)
  to   space 4224K,   0% used [0x0000000087b30000, 0x0000000087b30000, 0x0000000087f50000)
 concurrent mark-sweep generation total 118092K, used 77215K [0x000000009a2c0000, 0x00000000a1613000, 0x0000000100000000)
 Metaspace       used 110149K, capacity 116725K, committed 119084K, reserved 1153024K
  class space    used 13432K, capacity 14619K, committed 15200K, reserved 1048576K
}
2021-01-19T11:36:00.292+0000: 28094.573: Total time for which application threads were stopped: 0.0105924 seconds, Stopping threads took: 0.0001760 seconds
{Heap before GC invocations=532 (full 6):
 par new generation   total 38080K, used 33820K [0x0000000085600000, 0x0000000087f50000, 0x000000009a2c0000)
  eden space 33856K,  99% used [0x0000000085600000, 0x0000000087705230, 0x0000000087710000)
  from space 4224K,   0% used [0x0000000087710000, 0x0000000087712040, 0x0000000087b30000)
  to   space 4224K,   0% used [0x0000000087b30000, 0x0000000087b30000, 0x0000000087f50000)
 concurrent mark-sweep generation total 118092K, used 77215K [0x000000009a2c0000, 0x00000000a1613000, 0x0000000100000000)
 Metaspace       used 110149K, capacity 116725K, committed 119084K, reserved 1153024K
  class space    used 13432K, capacity 14619K, committed 15200K, reserved 1048576K
2021-01-19T11:37:46.390+0000: 28200.671: [GC (Allocation Failure) 2021-01-19T11:37:46.390+0000: 28200.671: [ParNew
Desired survivor size 2162688 bytes, new threshold 6 (max 6)
- age   1:      71280 bytes,      71280 total
- age   2:         64 bytes,      71344 total
- age   3:       2224 bytes,      73568 total
: 33820K->75K(38080K), 0.0076943 secs] 111036K->77291K(156172K), 0.0081455 secs] [Times: user=0.02 sys=0.00, real=0.01 secs] 
Heap after GC invocations=533 (full 6):
 par new generation   total 38080K, used 75K [0x0000000085600000, 0x0000000087f50000, 0x000000009a2c0000)
  eden space 33856K,   0% used [0x0000000085600000, 0x0000000085600000, 0x0000000087710000)
  from space 4224K,   1% used [0x0000000087b30000, 0x0000000087b42e00, 0x0000000087f50000)
  to   space 4224K,   0% used [0x0000000087710000, 0x0000000087710000, 0x0000000087b30000)
 concurrent mark-sweep generation total 118092K, used 77215K [0x000000009a2c0000, 0x00000000a1613000, 0x0000000100000000)
 Metaspace       used 110149K, capacity 116725K, committed 119084K, reserved 1153024K
  class space    used 13432K, capacity 14619K, committed 15200K, reserved 1048576K
}
2021-01-19T11:37:46.398+0000: 28200.679: Total time for which application threads were stopped: 0.0110005 seconds, Stopping threads took: 0.0020713 seconds
{Heap before GC invocations=533 (full 6):
 par new generation   total 38080K, used 33931K [0x0000000085600000, 0x0000000087f50000, 0x000000009a2c0000)
  eden space 33856K, 100% used [0x0000000085600000, 0x0000000087710000, 0x0000000087710000)
  from space 4224K,   1% used [0x0000000087b30000, 0x0000000087b42e00, 0x0000000087f50000)
  to   space 4224K,   0% used [0x0000000087710000, 0x0000000087710000, 0x0000000087b30000)
 concurrent mark-sweep generation total 118092K, used 77215K [0x000000009a2c0000, 0x00000000a1613000, 0x0000000100000000)
 Metaspace       used 110149K, capacity 116725K, committed 119084K, reserved 1153024K
  class space    used 13432K, capacity 14619K, committed 15200K, reserved 1048576K
2021-01-19T13:29:40.810+0000: 28309.764: [GC (Allocation Failure) 2021-01-19T13:29:40.811+0000: 28309.764: [ParNew
Desired survivor size 2162688 bytes, new threshold 6 (max 6)
- age   1:       3552 bytes,       3552 total
- age   4:       2224 bytes,       5776 total
: 33931K->8K(38080K), 0.0045297 secs] 111147K->77223K(156172K), 0.0047587 secs] [Times: user=0.02 sys=0.00, real=0.01 secs] 
Heap after GC invocations=534 (full 6):
 par new generation   total 38080K, used 8K [0x0000000085600000, 0x0000000087f50000, 0x000000009a2c0000)
  eden space 33856K,   0% used [0x0000000085600000, 0x0000000085600000, 0x0000000087710000)
  from space 4224K,   0% used [0x0000000087710000, 0x0000000087712040, 0x0000000087b30000)
  to   space 4224K,   0% used [0x0000000087b30000, 0x0000000087b30000, 0x0000000087f50000)
 concurrent mark-sweep generation total 118092K, used 77215K [0x000000009a2c0000, 0x00000000a1613000, 0x0000000100000000)
 Metaspace       used 110149K, capacity 116725K, committed 119084K, reserved 1153024K
  class space    used 13432K, capacity 14619K, committed 15200K, reserved 1048576K
}
2021-01-19T13:29:40.815+0000: 28309.768: Total time for which application threads were stopped: 0.0054111 seconds, Stopping threads took: 0.0001489 seconds
2021-01-19T13:29:55.819+0000: 28324.772: Total time for which application threads were stopped: 0.0005232 seconds, Stopping threads took: 0.0000935 seconds
2021-01-19T13:30:44.828+0000: 28373.781: Total time for which application threads were stopped: 0.0002603 seconds, Stopping threads took: 0.0000433 seconds
{Heap before GC invocations=534 (full 6):
 par new generation   total 38080K, used 33780K [0x0000000085600000, 0x0000000087f50000, 0x000000009a2c0000)
  eden space 33856K,  99% used [0x0000000085600000, 0x00000000876fb140, 0x0000000087710000)
  from space 4224K,   0% used [0x0000000087710000, 0x0000000087712040, 0x0000000087b30000)
  to   space 4224K,   0% used [0x0000000087b30000, 0x0000000087b30000, 0x0000000087f50000)
 concurrent mark-sweep generation total 118092K, used 77215K [0x000000009a2c0000, 0x00000000a1613000, 0x0000000100000000)
 Metaspace       used 110150K, capacity 116725K, committed 119084K, reserved 1153024K
  class space    used 13432K, capacity 14619K, committed 15200K, reserved 1048576K
2021-01-19T13:31:25.217+0000: 28414.170: [GC (Allocation Failure) 2021-01-19T13:31:25.217+0000: 28414.170: [ParNew
Desired survivor size 2162688 bytes, new threshold 6 (max 6)
- age   1:     159192 bytes,     159192 total
- age   5:       2224 bytes,     161416 total
: 33780K->161K(38080K), 0.0029031 secs] 110996K->77376K(156172K), 0.0030236 secs] [Times: user=0.00 sys=0.00, real=0.00 secs] 
Heap after GC invocations=535 (full 6):
 par new generation   total 38080K, used 161K [0x0000000085600000, 0x0000000087f50000, 0x000000009a2c0000)
  eden space 33856K,   0% used [0x0000000085600000, 0x0000000085600000, 0x0000000087710000)
  from space 4224K,   3% used [0x0000000087b30000, 0x0000000087b584c0, 0x0000000087f50000)
  to   space 4224K,   0% used [0x0000000087710000, 0x0000000087710000, 0x0000000087b30000)
 concurrent mark-sweep generation total 118092K, used 77215K [0x000000009a2c0000, 0x00000000a1613000, 0x0000000100000000)
 Metaspace       used 110150K, capacity 116725K, committed 119084K, reserved 1153024K
  class space    used 13432K, capacity 14619K, committed 15200K, reserved 1048576K
}
2021-01-19T13:31:25.220+0000: 28414.173: Total time for which application threads were stopped: 0.0032998 seconds, Stopping threads took: 0.0000342 seconds
2021-01-19T13:32:55.234+0000: 28504.187: Total time for which application threads were stopped: 0.0005327 seconds, Stopping threads took: 0.0000912 seconds
2021-01-19T13:33:04.236+0000: 28513.189: Total time for which application threads were stopped: 0.0004192 seconds, Stopping threads took: 0.0000795 seconds
{Heap before GC invocations=535 (full 6):
 par new generation   total 38080K, used 34017K [0x0000000085600000, 0x0000000087f50000, 0x000000009a2c0000)
  eden space 33856K, 100% used [0x0000000085600000, 0x0000000087710000, 0x0000000087710000)
  from space 4224K,   3% used [0x0000000087b30000, 0x0000000087b584c0, 0x0000000087f50000)
  to   space 4224K,   0% used [0x0000000087710000, 0x0000000087710000, 0x0000000087b30000)
 concurrent mark-sweep generation total 118092K, used 77215K [0x000000009a2c0000, 0x00000000a1613000, 0x0000000100000000)
 Metaspace       used 110155K, capacity 116725K, committed 119084K, reserved 1153024K
  class space    used 13432K, capacity 14619K, committed 15200K, reserved 1048576K
2021-01-19T13:33:07.019+0000: 28515.972: [GC (Allocation Failure) 2021-01-19T13:33:07.020+0000: 28515.973: [ParNew
Desired survivor size 2162688 bytes, new threshold 6 (max 6)
- age   1:     636016 bytes,     636016 total
- age   2:     155368 bytes,     791384 total
- age   6:       2224 bytes,     793608 total
: 34017K->817K(38080K), 0.0056971 secs] 111232K->78033K(156172K), 0.0059436 secs] [Times: user=0.02 sys=0.00, real=0.01 secs] 
Heap after GC invocations=536 (full 6):
 par new generation   total 38080K, used 817K [0x0000000085600000, 0x0000000087f50000, 0x000000009a2c0000)
  eden space 33856K,   0% used [0x0000000085600000, 0x0000000085600000, 0x0000000087710000)
  from space 4224K,  19% used [0x0000000087710000, 0x00000000877dc730, 0x0000000087b30000)
  to   space 4224K,   0% used [0x0000000087b30000, 0x0000000087b30000, 0x0000000087f50000)
 concurrent mark-sweep generation total 118092K, used 77215K [0x000000009a2c0000, 0x00000000a1613000, 0x0000000100000000)
 Metaspace       used 110155K, capacity 116725K, committed 119084K, reserved 1153024K
  class space    used 13432K, capacity 14619K, committed 15200K, reserved 1048576K
}
2021-01-19T13:33:07.025+0000: 28515.979: Total time for which application threads were stopped: 0.0066050 seconds, Stopping threads took: 0.0000850 seconds
{Heap before GC invocations=536 (full 6):
 par new generation   total 38080K, used 34673K [0x0000000085600000, 0x0000000087f50000, 0x000000009a2c0000)
  eden space 33856K, 100% used [0x0000000085600000, 0x0000000087710000, 0x0000000087710000)
  from space 4224K,  19% used [0x0000000087710000, 0x00000000877dc730, 0x0000000087b30000)
  to   space 4224K,   0% used [0x0000000087b30000, 0x0000000087b30000, 0x0000000087f50000)
 concurrent mark-sweep generation total 118092K, used 77215K [0x000000009a2c0000, 0x00000000a1613000, 0x0000000100000000)
 Metaspace       used 110163K, capacity 116725K, committed 119084K, reserved 1153024K
  class space    used 13432K, capacity 14619K, committed 15200K, reserved 1048576K
2021-01-19T13:34:52.242+0000: 28621.195: [GC (Allocation Failure) 2021-01-19T13:34:52.242+0000: 28621.195: [ParNew
Desired survivor size 2162688 bytes, new threshold 6 (max 6)
- age   1:     128864 bytes,     128864 total
- age   2:     626952 bytes,     755816 total
- age   3:     155336 bytes,     911152 total
: 34673K->1106K(38080K), 0.0073950 secs] 111889K->78324K(156172K), 0.0076920 secs] [Times: user=0.02 sys=0.00, real=0.01 secs] 
Heap after GC invocations=537 (full 6):
 par new generation   total 38080K, used 1106K [0x0000000085600000, 0x0000000087f50000, 0x000000009a2c0000)
  eden space 33856K,   0% used [0x0000000085600000, 0x0000000085600000, 0x0000000087710000)
  from space 4224K,  26% used [0x0000000087b30000, 0x0000000087c44ad0, 0x0000000087f50000)
  to   space 4224K,   0% used [0x0000000087710000, 0x0000000087710000, 0x0000000087b30000)
 concurrent mark-sweep generation total 118092K, used 77217K [0x000000009a2c0000, 0x00000000a1613000, 0x0000000100000000)
 Metaspace       used 110163K, capacity 116725K, committed 119084K, reserved 1153024K
  class space    used 13432K, capacity 14619K, committed 15200K, reserved 1048576K
}
2021-01-19T13:34:52.250+0000: 28621.203: Total time for which application threads were stopped: 0.0083214 seconds, Stopping threads took: 0.0000698 seconds
2021-01-19T13:35:55.261+0000: 28684.214: Total time for which application threads were stopped: 0.0004893 seconds, Stopping threads took: 0.0000952 seconds
{Heap before GC invocations=537 (full 6):
 par new generation   total 38080K, used 34962K [0x0000000085600000, 0x0000000087f50000, 0x000000009a2c0000)
  eden space 33856K, 100% used [0x0000000085600000, 0x0000000087710000, 0x0000000087710000)
  from space 4224K,  26% used [0x0000000087b30000, 0x0000000087c44ad0, 0x0000000087f50000)
  to   space 4224K,   0% used [0x0000000087710000, 0x0000000087710000, 0x0000000087b30000)
 concurrent mark-sweep generation total 118092K, used 77217K [0x000000009a2c0000, 0x00000000a1613000, 0x0000000100000000)
 Metaspace       used 110163K, capacity 116725K, committed 119084K, reserved 1153024K
  class space    used 13432K, capacity 14619K, committed 15200K, reserved 1048576K
2021-01-19T13:36:39.229+0000: 28728.182: [GC (Allocation Failure) 2021-01-19T13:36:39.229+0000: 28728.182: [ParNew
Desired survivor size 2162688 bytes, new threshold 6 (max 6)
- age   1:       4056 bytes,       4056 total
- age   2:      56744 bytes,      60800 total
- age   3:     626952 bytes,     687752 total
- age   4:     155336 bytes,     843088 total
: 34962K->1151K(38080K), 0.0064809 secs] 112180K->78369K(156172K), 0.0067763 secs] [Times: user=0.02 sys=0.00, real=0.01 secs] 
Heap after GC invocations=538 (full 6):
 par new generation   total 38080K, used 1151K [0x0000000085600000, 0x0000000087f50000, 0x000000009a2c0000)
  eden space 33856K,   0% used [0x0000000085600000, 0x0000000085600000, 0x0000000087710000)
  from space 4224K,  27% used [0x0000000087710000, 0x000000008782ffd0, 0x0000000087b30000)
  to   space 4224K,   0% used [0x0000000087b30000, 0x0000000087b30000, 0x0000000087f50000)
 concurrent mark-sweep generation total 118092K, used 77217K [0x000000009a2c0000, 0x00000000a1613000, 0x0000000100000000)
 Metaspace       used 110163K, capacity 116725K, committed 119084K, reserved 1153024K
  class space    used 13432K, capacity 14619K, committed 15200K, reserved 1048576K
}
2021-01-19T13:36:39.236+0000: 28728.189: Total time for which application threads were stopped: 0.0075290 seconds, Stopping threads took: 0.0000862 seconds
{Heap before GC invocations=538 (full 6):
 par new generation   total 38080K, used 35007K [0x0000000085600000, 0x0000000087f50000, 0x000000009a2c0000)
  eden space 33856K, 100% used [0x0000000085600000, 0x0000000087710000, 0x0000000087710000)
  from space 4224K,  27% used [0x0000000087710000, 0x000000008782ffd0, 0x0000000087b30000)
  to   space 4224K,   0% used [0x0000000087b30000, 0x0000000087b30000, 0x0000000087f50000)
 concurrent mark-sweep generation total 118092K, used 77217K [0x000000009a2c0000, 0x00000000a1613000, 0x0000000100000000)
 Metaspace       used 110163K, capacity 116725K, committed 119084K, reserved 1153024K
  class space    used 13432K, capacity 14619K, committed 15200K, reserved 1048576K
2021-01-19T13:38:25.225+0000: 28834.178: [GC (Allocation Failure) 2021-01-19T13:38:25.225+0000: 28834.179: [ParNew
Desired survivor size 2162688 bytes, new threshold 6 (max 6)
- age   1:       3800 bytes,       3800 total
- age   2:        304 bytes,       4104 total
- age   3:      56696 bytes,      60800 total
- age   4:     626952 bytes,     687752 total
- age   5:     155336 bytes,     843088 total
: 35007K->1416K(38080K), 0.0062548 secs] 112225K->78634K(156172K), 0.0065339 secs] [Times: user=0.03 sys=0.00, real=0.01 secs] 
Heap after GC invocations=539 (full 6):
 par new generation   total 38080K, used 1416K [0x0000000085600000, 0x0000000087f50000, 0x000000009a2c0000)
  eden space 33856K,   0% used [0x0000000085600000, 0x0000000085600000, 0x0000000087710000)
  from space 4224K,  33% used [0x0000000087b30000, 0x0000000087c92280, 0x0000000087f50000)
  to   space 4224K,   0% used [0x0000000087710000, 0x0000000087710000, 0x0000000087b30000)
 concurrent mark-sweep generation total 118092K, used 77217K [0x000000009a2c0000, 0x00000000a1613000, 0x0000000100000000)
 Metaspace       used 110163K, capacity 116725K, committed 119084K, reserved 1153024K
  class space    used 13432K, capacity 14619K, committed 15200K, reserved 1048576K
}
2021-01-19T13:38:25.232+0000: 28834.185: Total time for which application threads were stopped: 0.0071817 seconds, Stopping threads took: 0.0000770 seconds
2021-01-19T13:38:45.237+0000: 28854.190: Total time for which application threads were stopped: 0.0004733 seconds, Stopping threads took: 0.0000814 seconds
2021-01-19T13:38:55.239+0000: 28864.192: Total time for which application threads were stopped: 0.0004223 seconds, Stopping threads took: 0.0000803 seconds
2021-01-19T13:39:45.251+0000: 28914.204: Total time for which application threads were stopped: 0.0005514 seconds, Stopping threads took: 0.0000979 seconds
2021-01-19T13:39:46.252+0000: 28915.205: Total time for which application threads were stopped: 0.0006958 seconds, Stopping threads took: 0.0002457 seconds
2021-01-19T13:39:49.253+0000: 28918.206: Total time for which application threads were stopped: 0.0005526 seconds, Stopping threads took: 0.0000984 seconds
2021-01-19T13:39:55.255+0000: 28924.208: Total time for which application threads were stopped: 0.0004963 seconds, Stopping threads took: 0.0000960 seconds
{Heap before GC invocations=539 (full 6):
 par new generation   total 38080K, used 35272K [0x0000000085600000, 0x0000000087f50000, 0x000000009a2c0000)
  eden space 33856K, 100% used [0x0000000085600000, 0x0000000087710000, 0x0000000087710000)
  from space 4224K,  33% used [0x0000000087b30000, 0x0000000087c92280, 0x0000000087f50000)
  to   space 4224K,   0% used [0x0000000087710000, 0x0000000087710000, 0x0000000087b30000)
 concurrent mark-sweep generation total 118092K, used 77217K [0x000000009a2c0000, 0x00000000a1613000, 0x0000000100000000)
 Metaspace       used 110177K, capacity 116725K, committed 119084K, reserved 1153024K
  class space    used 13432K, capacity 14619K, committed 15200K, reserved 1048576K
2021-01-19T13:40:09.006+0000: 28937.960: [GC (Allocation Failure) 2021-01-19T13:40:09.007+0000: 28937.960: [ParNew
Desired survivor size 2162688 bytes, new threshold 6 (max 6)
- age   1:       7864 bytes,       7864 total
- age   2:         32 bytes,       7896 total
- age   3:        304 bytes,       8200 total
- age   4:      56696 bytes,      64896 total
- age   5:     627048 bytes,     691944 total
- age   6:     155336 bytes,     847280 total
: 35272K->1022K(38080K), 0.0066900 secs] 112490K->78240K(156172K), 0.0069747 secs] [Times: user=0.03 sys=0.00, real=0.01 secs] 
Heap after GC invocations=540 (full 6):
 par new generation   total 38080K, used 1022K [0x0000000085600000, 0x0000000087f50000, 0x000000009a2c0000)
  eden space 33856K,   0% used [0x0000000085600000, 0x0000000085600000, 0x0000000087710000)
  from space 4224K,  24% used [0x0000000087710000, 0x000000008780f900, 0x0000000087b30000)
  to   space 4224K,   0% used [0x0000000087b30000, 0x0000000087b30000, 0x0000000087f50000)
 concurrent mark-sweep generation total 118092K, used 77217K [0x000000009a2c0000, 0x00000000a1613000, 0x0000000100000000)
 Metaspace       used 110177K, capacity 116725K, committed 119084K, reserved 1153024K
  class space    used 13432K, capacity 14619K, committed 15200K, reserved 1048576K
}
2021-01-19T13:40:09.014+0000: 28937.967: Total time for which application threads were stopped: 0.0077305 seconds, Stopping threads took: 0.0000918 seconds
{Heap before GC invocations=540 (full 6):
 par new generation   total 38080K, used 34878K [0x0000000085600000, 0x0000000087f50000, 0x000000009a2c0000)
  eden space 33856K, 100% used [0x0000000085600000, 0x0000000087710000, 0x0000000087710000)
  from space 4224K,  24% used [0x0000000087710000, 0x000000008780f900, 0x0000000087b30000)
  to   space 4224K,   0% used [0x0000000087b30000, 0x0000000087b30000, 0x0000000087f50000)
 concurrent mark-sweep generation total 118092K, used 77217K [0x000000009a2c0000, 0x00000000a1613000, 0x0000000100000000)
 Metaspace       used 110177K, capacity 116725K, committed 119084K, reserved 1153024K
  class space    used 13432K, capacity 14619K, committed 15200K, reserved 1048576K
2021-01-19T13:41:55.032+0000: 29043.985: [GC (Allocation Failure) 2021-01-19T13:41:55.032+0000: 29043.985: [ParNew
Desired survivor size 2162688 bytes, new threshold 6 (max 6)
- age   1:      37352 bytes,      37352 total
- age   2:       4144 bytes,      41496 total
- age   4:        304 bytes,      41800 total
- age   5:      56696 bytes,      98496 total
- age   6:     626976 bytes,     725472 total
: 34878K->935K(38080K), 0.0064059 secs] 112096K->78306K(156172K), 0.0066837 secs] [Times: user=0.03 sys=0.00, real=0.00 secs] 
Heap after GC invocations=541 (full 6):
 par new generation   total 38080K, used 935K [0x0000000085600000, 0x0000000087f50000, 0x000000009a2c0000)
  eden space 33856K,   0% used [0x0000000085600000, 0x0000000085600000, 0x0000000087710000)
  from space 4224K,  22% used [0x0000000087b30000, 0x0000000087c19d90, 0x0000000087f50000)
  to   space 4224K,   0% used [0x0000000087710000, 0x0000000087710000, 0x0000000087b30000)
 concurrent mark-sweep generation total 118092K, used 77371K [0x000000009a2c0000, 0x00000000a1613000, 0x0000000100000000)
 Metaspace       used 110177K, capacity 116725K, committed 119084K, reserved 1153024K
  class space    used 13432K, capacity 14619K, committed 15200K, reserved 1048576K
}
2021-01-19T13:41:55.039+0000: 29043.992: Total time for which application threads were stopped: 0.0073845 seconds, Stopping threads took: 0.0000758 seconds
{Heap before GC invocations=541 (full 6):
 par new generation   total 38080K, used 34791K [0x0000000085600000, 0x0000000087f50000, 0x000000009a2c0000)
  eden space 33856K, 100% used [0x0000000085600000, 0x0000000087710000, 0x0000000087710000)
  from space 4224K,  22% used [0x0000000087b30000, 0x0000000087c19d90, 0x0000000087f50000)
  to   space 4224K,   0% used [0x0000000087710000, 0x0000000087710000, 0x0000000087b30000)
 concurrent mark-sweep generation total 118092K, used 77371K [0x000000009a2c0000, 0x00000000a1613000, 0x0000000100000000)
 Metaspace       used 110177K, capacity 116725K, committed 119084K, reserved 1153024K
  class space    used 13432K, capacity 14619K, committed 15200K, reserved 1048576K
2021-01-19T13:43:42.337+0000: 29151.290: [GC (Allocation Failure) 2021-01-19T13:43:42.337+0000: 29151.290: [ParNew
Desired survivor size 2162688 bytes, new threshold 6 (max 6)
- age   1:       3328 bytes,       3328 total
- age   2:         48 bytes,       3376 total
- age   3:       4144 bytes,       7520 total
- age   5:        304 bytes,       7824 total
- age   6:      56696 bytes,      64520 total
: 34791K->718K(38080K), 0.0083252 secs] 112162K->78710K(156172K), 0.0086143 secs] [Times: user=0.03 sys=0.00, real=0.01 secs] 
Heap after GC invocations=542 (full 6):
 par new generation   total 38080K, used 718K [0x0000000085600000, 0x0000000087f50000, 0x000000009a2c0000)
  eden space 33856K,   0% used [0x0000000085600000, 0x0000000085600000, 0x0000000087710000)
  from space 4224K,  17% used [0x0000000087710000, 0x00000000877c39c0, 0x0000000087b30000)
  to   space 4224K,   0% used [0x0000000087b30000, 0x0000000087b30000, 0x0000000087f50000)
 concurrent mark-sweep generation total 118092K, used 77992K [0x000000009a2c0000, 0x00000000a1613000, 0x0000000100000000)
 Metaspace       used 110177K, capacity 116725K, committed 119084K, reserved 1153024K
  class space    used 13432K, capacity 14619K, committed 15200K, reserved 1048576K
}
2021-01-19T13:43:42.346+0000: 29151.299: Total time for which application threads were stopped: 0.0093659 seconds, Stopping threads took: 0.0000899 seconds
{Heap before GC invocations=542 (full 6):
 par new generation   total 38080K, used 34574K [0x0000000085600000, 0x0000000087f50000, 0x000000009a2c0000)
  eden space 33856K, 100% used [0x0000000085600000, 0x0000000087710000, 0x0000000087710000)
  from space 4224K,  17% used [0x0000000087710000, 0x00000000877c39c0, 0x0000000087b30000)
  to   space 4224K,   0% used [0x0000000087b30000, 0x0000000087b30000, 0x0000000087f50000)
 concurrent mark-sweep generation total 118092K, used 77992K [0x000000009a2c0000, 0x00000000a1613000, 0x0000000100000000)
 Metaspace       used 110177K, capacity 116725K, committed 119084K, reserved 1153024K
  class space    used 13432K, capacity 14619K, committed 15200K, reserved 1048576K
2021-01-19T13:45:28.026+0000: 29256.979: [GC (Allocation Failure) 2021-01-19T13:45:28.026+0000: 29256.979: [ParNew
Desired survivor size 2162688 bytes, new threshold 6 (max 6)
- age   1:       4240 bytes,       4240 total
- age   4:       4144 bytes,       8384 total
- age   6:        304 bytes,       8688 total
: 34574K->191K(38080K), 0.0051701 secs] 112566K->78239K(156172K), 0.0054585 secs] [Times: user=0.02 sys=0.00, real=0.00 secs] 
Heap after GC invocations=543 (full 6):
 par new generation   total 38080K, used 191K [0x0000000085600000, 0x0000000087f50000, 0x000000009a2c0000)
  eden space 33856K,   0% used [0x0000000085600000, 0x0000000085600000, 0x0000000087710000)
  from space 4224K,   4% used [0x0000000087b30000, 0x0000000087b5fda0, 0x0000000087f50000)
  to   space 4224K,   0% used [0x0000000087710000, 0x0000000087710000, 0x0000000087b30000)
 concurrent mark-sweep generation total 118092K, used 78048K [0x000000009a2c0000, 0x00000000a1613000, 0x0000000100000000)
 Metaspace       used 110177K, capacity 116725K, committed 119084K, reserved 1153024K
  class space    used 13432K, capacity 14619K, committed 15200K, reserved 1048576K
}
2021-01-19T13:45:28.032+0000: 29256.985: Total time for which application threads were stopped: 0.0072045 seconds, Stopping threads took: 0.0009858 seconds
{Heap before GC invocations=543 (full 6):
 par new generation   total 38080K, used 34047K [0x0000000085600000, 0x0000000087f50000, 0x000000009a2c0000)
  eden space 33856K, 100% used [0x0000000085600000, 0x0000000087710000, 0x0000000087710000)
  from space 4224K,   4% used [0x0000000087b30000, 0x0000000087b5fda0, 0x0000000087f50000)
  to   space 4224K,   0% used [0x0000000087710000, 0x0000000087710000, 0x0000000087b30000)
 concurrent mark-sweep generation total 118092K, used 78048K [0x000000009a2c0000, 0x00000000a1613000, 0x0000000100000000)
 Metaspace       used 110177K, capacity 116725K, committed 119084K, reserved 1153024K
  class space    used 13432K, capacity 14619K, committed 15200K, reserved 1048576K
2021-01-19T13:47:14.156+0000: 29363.109: [GC (Allocation Failure) 2021-01-19T13:47:14.156+0000: 29363.109: [ParNew
Desired survivor size 2162688 bytes, new threshold 6 (max 6)
- age   1:       3504 bytes,       3504 total
- age   2:         32 bytes,       3536 total
- age   5:       4144 bytes,       7680 total
: 34047K->37K(38080K), 0.0061270 secs] 112095K->78085K(156172K), 0.0064092 secs] [Times: user=0.02 sys=0.00, real=0.00 secs] 
Heap after GC invocations=544 (full 6):
 par new generation   total 38080K, used 37K [0x0000000085600000, 0x0000000087f50000, 0x000000009a2c0000)
  eden space 33856K,   0% used [0x0000000085600000, 0x0000000085600000, 0x0000000087710000)
  from space 4224K,   0% used [0x0000000087710000, 0x0000000087719450, 0x0000000087b30000)
  to   space 4224K,   0% used [0x0000000087b30000, 0x0000000087b30000, 0x0000000087f50000)
 concurrent mark-sweep generation total 118092K, used 78048K [0x000000009a2c0000, 0x00000000a1613000, 0x0000000100000000)
 Metaspace       used 110177K, capacity 116725K, committed 119084K, reserved 1153024K
  class space    used 13432K, capacity 14619K, committed 15200K, reserved 1048576K
}
2021-01-19T13:47:14.162+0000: 29363.116: Total time for which application threads were stopped: 0.0074033 seconds, Stopping threads took: 0.0003288 seconds
2021-01-19T13:48:39.179+0000: 29448.132: Total time for which application threads were stopped: 0.0004170 seconds, Stopping threads took: 0.0000803 seconds
{Heap before GC invocations=544 (full 6):
 par new generation   total 38080K, used 33893K [0x0000000085600000, 0x0000000087f50000, 0x000000009a2c0000)
  eden space 33856K, 100% used [0x0000000085600000, 0x0000000087710000, 0x0000000087710000)
  from space 4224K,   0% used [0x0000000087710000, 0x0000000087719450, 0x0000000087b30000)
  to   space 4224K,   0% used [0x0000000087b30000, 0x0000000087b30000, 0x0000000087f50000)
 concurrent mark-sweep generation total 118092K, used 78048K [0x000000009a2c0000, 0x00000000a1613000, 0x0000000100000000)
 Metaspace       used 110177K, capacity 116725K, committed 119084K, reserved 1153024K
  class space    used 13432K, capacity 14619K, committed 15200K, reserved 1048576K
2021-01-19T13:49:00.368+0000: 29469.321: [GC (Allocation Failure) 2021-01-19T13:49:00.368+0000: 29469.321: [ParNew
Desired survivor size 2162688 bytes, new threshold 6 (max 6)
- age   1:      37688 bytes,      37688 total
- age   6:       4144 bytes,      41832 total
: 33893K->46K(38080K), 0.0037416 secs] 111941K->78095K(156172K), 0.0039592 secs] [Times: user=0.01 sys=0.00, real=0.01 secs] 
Heap after GC invocations=545 (full 6):
 par new generation   total 38080K, used 46K [0x0000000085600000, 0x0000000087f50000, 0x000000009a2c0000)
  eden space 33856K,   0% used [0x0000000085600000, 0x0000000085600000, 0x0000000087710000)
  from space 4224K,   1% used [0x0000000087b30000, 0x0000000087b3ba70, 0x0000000087f50000)
  to   space 4224K,   0% used [0x0000000087710000, 0x0000000087710000, 0x0000000087b30000)
 concurrent mark-sweep generation total 118092K, used 78048K [0x000000009a2c0000, 0x00000000a1613000, 0x0000000100000000)
 Metaspace       used 110177K, capacity 116725K, committed 119084K, reserved 1153024K
  class space    used 13432K, capacity 14619K, committed 15200K, reserved 1048576K
}
2021-01-19T13:49:00.372+0000: 29469.325: Total time for which application threads were stopped: 0.0045267 seconds, Stopping threads took: 0.0000752 seconds
2021-01-19T13:50:45.393+0000: 29574.346: Total time for which application threads were stopped: 0.0004608 seconds, Stopping threads took: 0.0000764 seconds
{Heap before GC invocations=545 (full 6):
 par new generation   total 38080K, used 33902K [0x0000000085600000, 0x0000000087f50000, 0x000000009a2c0000)
  eden space 33856K, 100% used [0x0000000085600000, 0x0000000087710000, 0x0000000087710000)
  from space 4224K,   1% used [0x0000000087b30000, 0x0000000087b3ba70, 0x0000000087f50000)
  to   space 4224K,   0% used [0x0000000087710000, 0x0000000087710000, 0x0000000087b30000)
 concurrent mark-sweep generation total 118092K, used 78048K [0x000000009a2c0000, 0x00000000a1613000, 0x0000000100000000)
 Metaspace       used 110205K, capacity 116725K, committed 119084K, reserved 1153024K
  class space    used 13432K, capacity 14619K, committed 15200K, reserved 1048576K
2021-01-19T13:50:46.761+0000: 29575.714: [GC (Allocation Failure) 2021-01-19T13:50:46.761+0000: 29575.714: [ParNew
Desired survivor size 2162688 bytes, new threshold 6 (max 6)
- age   1:      71496 bytes,      71496 total
: 33902K->72K(38080K), 0.0053371 secs] 111951K->78125K(156172K), 0.0056033 secs] [Times: user=0.02 sys=0.00, real=0.01 secs] 
Heap after GC invocations=546 (full 6):
 par new generation   total 38080K, used 72K [0x0000000085600000, 0x0000000087f50000, 0x000000009a2c0000)
  eden space 33856K,   0% used [0x0000000085600000, 0x0000000085600000, 0x0000000087710000)
  from space 4224K,   1% used [0x0000000087710000, 0x0000000087722368, 0x0000000087b30000)
  to   space 4224K,   0% used [0x0000000087b30000, 0x0000000087b30000, 0x0000000087f50000)
 concurrent mark-sweep generation total 118092K, used 78052K [0x000000009a2c0000, 0x00000000a1613000, 0x0000000100000000)
 Metaspace       used 110205K, capacity 116725K, committed 119084K, reserved 1153024K
  class space    used 13432K, capacity 14619K, committed 15200K, reserved 1048576K
}
2021-01-19T13:50:46.767+0000: 29575.720: Total time for which application threads were stopped: 0.0063472 seconds, Stopping threads took: 0.0000744 seconds
2021-01-19T13:50:54.769+0000: 29583.722: Total time for which application threads were stopped: 0.0005052 seconds, Stopping threads took: 0.0000917 seconds
{Heap before GC invocations=546 (full 6):
 par new generation   total 38080K, used 33928K [0x0000000085600000, 0x0000000087f50000, 0x000000009a2c0000)
  eden space 33856K, 100% used [0x0000000085600000, 0x0000000087710000, 0x0000000087710000)
  from space 4224K,   1% used [0x0000000087710000, 0x0000000087722368, 0x0000000087b30000)
  to   space 4224K,   0% used [0x0000000087b30000, 0x0000000087b30000, 0x0000000087f50000)
 concurrent mark-sweep generation total 118092K, used 78052K [0x000000009a2c0000, 0x00000000a1613000, 0x0000000100000000)
 Metaspace       used 110205K, capacity 116725K, committed 119084K, reserved 1153024K
  class space    used 13432K, capacity 14619K, committed 15200K, reserved 1048576K
2021-01-19T13:52:33.145+0000: 29682.098: [GC (Allocation Failure) 2021-01-19T13:52:33.145+0000: 29682.098: [ParNew
Desired survivor size 2162688 bytes, new threshold 6 (max 6)
- age   1:       3552 bytes,       3552 total
- age   2:        256 bytes,       3808 total
: 33928K->6K(38080K), 0.0046617 secs] 111981K->78058K(156172K), 0.0048464 secs] [Times: user=0.02 sys=0.00, real=0.00 secs] 
Heap after GC invocations=547 (full 6):
 par new generation   total 38080K, used 6K [0x0000000085600000, 0x0000000087f50000, 0x000000009a2c0000)
  eden space 33856K,   0% used [0x0000000085600000, 0x0000000085600000, 0x0000000087710000)
  from space 4224K,   0% used [0x0000000087b30000, 0x0000000087b31830, 0x0000000087f50000)
  to   space 4224K,   0% used [0x0000000087710000, 0x0000000087710000, 0x0000000087b30000)
 concurrent mark-sweep generation total 118092K, used 78052K [0x000000009a2c0000, 0x00000000a1613000, 0x0000000100000000)
 Metaspace       used 110205K, capacity 116725K, committed 119084K, reserved 1153024K
  class space    used 13432K, capacity 14619K, committed 15200K, reserved 1048576K
}
2021-01-19T13:52:33.150+0000: 29682.103: Total time for which application threads were stopped: 0.0053583 seconds, Stopping threads took: 0.0000786 seconds
{Heap before GC invocations=547 (full 6):
 par new generation   total 38080K, used 33862K [0x0000000085600000, 0x0000000087f50000, 0x000000009a2c0000)
  eden space 33856K, 100% used [0x0000000085600000, 0x0000000087710000, 0x0000000087710000)
  from space 4224K,   0% used [0x0000000087b30000, 0x0000000087b31830, 0x0000000087f50000)
  to   space 4224K,   0% used [0x0000000087710000, 0x0000000087710000, 0x0000000087b30000)
 concurrent mark-sweep generation total 118092K, used 78052K [0x000000009a2c0000, 0x00000000a1613000, 0x0000000100000000)
 Metaspace       used 110205K, capacity 116725K, committed 119084K, reserved 1153024K
  class space    used 13432K, capacity 14619K, committed 15200K, reserved 1048576K
2021-01-19T13:54:19.423+0000: 29788.376: [GC (Allocation Failure) 2021-01-19T13:54:19.423+0000: 29788.376: [ParNew
Desired survivor size 2162688 bytes, new threshold 6 (max 6)
- age   1:       3720 bytes,       3720 total
- age   2:         32 bytes,       3752 total
- age   3:        256 bytes,       4008 total
: 33862K->6K(38080K), 0.0043962 secs] 111914K->78058K(156172K), 0.0045924 secs] [Times: user=0.02 sys=0.00, real=0.01 secs] 
Heap after GC invocations=548 (full 6):
 par new generation   total 38080K, used 6K [0x0000000085600000, 0x0000000087f50000, 0x000000009a2c0000)
  eden space 33856K,   0% used [0x0000000085600000, 0x0000000085600000, 0x0000000087710000)
  from space 4224K,   0% used [0x0000000087710000, 0x0000000087711830, 0x0000000087b30000)
  to   space 4224K,   0% used [0x0000000087b30000, 0x0000000087b30000, 0x0000000087f50000)
 concurrent mark-sweep generation total 118092K, used 78052K [0x000000009a2c0000, 0x00000000a1613000, 0x0000000100000000)
 Metaspace       used 110205K, capacity 116725K, committed 119084K, reserved 1153024K
  class space    used 13432K, capacity 14619K, committed 15200K, reserved 1048576K
}
2021-01-19T13:54:19.427+0000: 29788.380: Total time for which application threads were stopped: 0.0051160 seconds, Stopping threads took: 0.0000762 seconds
{Heap before GC invocations=548 (full 6):
 par new generation   total 38080K, used 33862K [0x0000000085600000, 0x0000000087f50000, 0x000000009a2c0000)
  eden space 33856K, 100% used [0x0000000085600000, 0x0000000087710000, 0x0000000087710000)
  from space 4224K,   0% used [0x0000000087710000, 0x0000000087711830, 0x0000000087b30000)
  to   space 4224K,   0% used [0x0000000087b30000, 0x0000000087b30000, 0x0000000087f50000)
 concurrent mark-sweep generation total 118092K, used 78052K [0x000000009a2c0000, 0x00000000a1613000, 0x0000000100000000)
 Metaspace       used 110205K, capacity 116725K, committed 119084K, reserved 1153024K
  class space    used 13432K, capacity 14619K, committed 15200K, reserved 1048576K
2021-01-19T13:56:05.659+0000: 29894.613: [GC (Allocation Failure) 2021-01-19T13:56:05.660+0000: 29894.613: [ParNew
Desired survivor size 2162688 bytes, new threshold 6 (max 6)
- age   1:       3720 bytes,       3720 total
- age   4:        256 bytes,       3976 total
: 33862K->6K(38080K), 0.0033187 secs] 111914K->78058K(156172K), 0.0035968 secs] [Times: user=0.00 sys=0.01, real=0.00 secs] 
Heap after GC invocations=549 (full 6):
 par new generation   total 38080K, used 6K [0x0000000085600000, 0x0000000087f50000, 0x000000009a2c0000)
  eden space 33856K,   0% used [0x0000000085600000, 0x0000000085600000, 0x0000000087710000)
  from space 4224K,   0% used [0x0000000087b30000, 0x0000000087b31830, 0x0000000087f50000)
  to   space 4224K,   0% used [0x0000000087710000, 0x0000000087710000, 0x0000000087b30000)
 concurrent mark-sweep generation total 118092K, used 78052K [0x000000009a2c0000, 0x00000000a1613000, 0x0000000100000000)
 Metaspace       used 110205K, capacity 116725K, committed 119084K, reserved 1153024K
  class space    used 13432K, capacity 14619K, committed 15200K, reserved 1048576K
}
2021-01-19T13:56:05.663+0000: 29894.616: Total time for which application threads were stopped: 0.0041929 seconds, Stopping threads took: 0.0000896 seconds
{Heap before GC invocations=549 (full 6):
 par new generation   total 38080K, used 33862K [0x0000000085600000, 0x0000000087f50000, 0x000000009a2c0000)
  eden space 33856K, 100% used [0x0000000085600000, 0x0000000087710000, 0x0000000087710000)
  from space 4224K,   0% used [0x0000000087b30000, 0x0000000087b31830, 0x0000000087f50000)
  to   space 4224K,   0% used [0x0000000087710000, 0x0000000087710000, 0x0000000087b30000)
 concurrent mark-sweep generation total 118092K, used 78052K [0x000000009a2c0000, 0x00000000a1613000, 0x0000000100000000)
 Metaspace       used 110205K, capacity 116725K, committed 119084K, reserved 1153024K
  class space    used 13432K, capacity 14619K, committed 15200K, reserved 1048576K
2021-01-19T13:57:52.000+0000: 30000.953: [GC (Allocation Failure) 2021-01-19T13:57:52.000+0000: 30000.953: [ParNew
Desired survivor size 2162688 bytes, new threshold 6 (max 6)
- age   1:      71040 bytes,      71040 total
- age   5:        256 bytes,      71296 total
: 33862K->71K(38080K), 0.0044843 secs] 111914K->78124K(156172K), 0.0046948 secs] [Times: user=0.02 sys=0.00, real=0.01 secs] 
Heap after GC invocations=550 (full 6):
 par new generation   total 38080K, used 71K [0x0000000085600000, 0x0000000087f50000, 0x000000009a2c0000)
  eden space 33856K,   0% used [0x0000000085600000, 0x0000000085600000, 0x0000000087710000)
  from space 4224K,   1% used [0x0000000087710000, 0x0000000087721de0, 0x0000000087b30000)
  to   space 4224K,   0% used [0x0000000087b30000, 0x0000000087b30000, 0x0000000087f50000)
 concurrent mark-sweep generation total 118092K, used 78052K [0x000000009a2c0000, 0x00000000a1613000, 0x0000000100000000)
 Metaspace       used 110205K, capacity 116725K, committed 119084K, reserved 1153024K
  class space    used 13432K, capacity 14619K, committed 15200K, reserved 1048576K
}
2021-01-19T13:57:52.005+0000: 30000.958: Total time for which application threads were stopped: 0.0053783 seconds, Stopping threads took: 0.0000951 seconds
2021-01-19T13:58:55.018+0000: 30063.971: Total time for which application threads were stopped: 0.0004822 seconds, Stopping threads took: 0.0000941 seconds
{Heap before GC invocations=550 (full 6):
 par new generation   total 38080K, used 33927K [0x0000000085600000, 0x0000000087f50000, 0x000000009a2c0000)
  eden space 33856K, 100% used [0x0000000085600000, 0x0000000087710000, 0x0000000087710000)
  from space 4224K,   1% used [0x0000000087710000, 0x0000000087721de0, 0x0000000087b30000)
  to   space 4224K,   0% used [0x0000000087b30000, 0x0000000087b30000, 0x0000000087f50000)
 concurrent mark-sweep generation total 118092K, used 78052K [0x000000009a2c0000, 0x00000000a1613000, 0x0000000100000000)
 Metaspace       used 110205K, capacity 116725K, committed 119084K, reserved 1153024K
  class space    used 13432K, capacity 14619K, committed 15200K, reserved 1048576K
2021-01-19T13:59:38.624+0000: 30107.577: [GC (Allocation Failure) 2021-01-19T13:59:38.624+0000: 30107.577: [ParNew
Desired survivor size 2162688 bytes, new threshold 6 (max 6)
- age   1:       4344 bytes,       4344 total
- age   2:         48 bytes,       4392 total
- age   6:        256 bytes,       4648 total
: 33927K->8K(38080K), 0.0043842 secs] 111980K->78060K(156172K), 0.0045956 secs] [Times: user=0.02 sys=0.00, real=0.00 secs] 
Heap after GC invocations=551 (full 6):
 par new generation   total 38080K, used 8K [0x0000000085600000, 0x0000000087f50000, 0x000000009a2c0000)
  eden space 33856K,   0% used [0x0000000085600000, 0x0000000085600000, 0x0000000087710000)
  from space 4224K,   0% used [0x0000000087b30000, 0x0000000087b32040, 0x0000000087f50000)
  to   space 4224K,   0% used [0x0000000087710000, 0x0000000087710000, 0x0000000087b30000)
 concurrent mark-sweep generation total 118092K, used 78052K [0x000000009a2c0000, 0x00000000a1613000, 0x0000000100000000)
 Metaspace       used 110205K, capacity 116725K, committed 119084K, reserved 1153024K
  class space    used 13432K, capacity 14619K, committed 15200K, reserved 1048576K
}
2021-01-19T13:59:38.629+0000: 30107.582: Total time for which application threads were stopped: 0.0051144 seconds, Stopping threads took: 0.0000763 seconds
{Heap before GC invocations=551 (full 6):
 par new generation   total 38080K, used 33864K [0x0000000085600000, 0x0000000087f50000, 0x000000009a2c0000)
  eden space 33856K, 100% used [0x0000000085600000, 0x0000000087710000, 0x0000000087710000)
  from space 4224K,   0% used [0x0000000087b30000, 0x0000000087b32040, 0x0000000087f50000)
  to   space 4224K,   0% used [0x0000000087710000, 0x0000000087710000, 0x0000000087b30000)
 concurrent mark-sweep generation total 118092K, used 78052K [0x000000009a2c0000, 0x00000000a1613000, 0x0000000100000000)
 Metaspace       used 110214K, capacity 116725K, committed 119084K, reserved 1153024K
  class space    used 13432K, capacity 14619K, committed 15200K, reserved 1048576K
2021-01-19T14:01:23.146+0000: 30212.099: [GC (Allocation Failure) 2021-01-19T14:01:23.146+0000: 30212.099: [ParNew
Desired survivor size 2162688 bytes, new threshold 6 (max 6)
- age   1:     215640 bytes,     215640 total
- age   2:         32 bytes,     215672 total
: 33864K->216K(38080K), 0.0043380 secs] 111916K->78269K(156172K), 0.0045473 secs] [Times: user=0.01 sys=0.00, real=0.00 secs] 
Heap after GC invocations=552 (full 6):
 par new generation   total 38080K, used 216K [0x0000000085600000, 0x0000000087f50000, 0x000000009a2c0000)
  eden space 33856K,   0% used [0x0000000085600000, 0x0000000085600000, 0x0000000087710000)
  from space 4224K,   5% used [0x0000000087710000, 0x0000000087746268, 0x0000000087b30000)
  to   space 4224K,   0% used [0x0000000087b30000, 0x0000000087b30000, 0x0000000087f50000)
 concurrent mark-sweep generation total 118092K, used 78052K [0x000000009a2c0000, 0x00000000a1613000, 0x0000000100000000)
 Metaspace       used 110214K, capacity 116725K, committed 119084K, reserved 1153024K
  class space    used 13432K, capacity 14619K, committed 15200K, reserved 1048576K
}
2021-01-19T14:01:23.151+0000: 30212.104: Total time for which application threads were stopped: 0.0051436 seconds, Stopping threads took: 0.0000668 seconds
2021-01-19T14:02:45.167+0000: 30294.121: Total time for which application threads were stopped: 0.0004333 seconds, Stopping threads took: 0.0000832 seconds
{Heap before GC invocations=552 (full 6):
 par new generation   total 38080K, used 34072K [0x0000000085600000, 0x0000000087f50000, 0x000000009a2c0000)
  eden space 33856K, 100% used [0x0000000085600000, 0x0000000087710000, 0x0000000087710000)
  from space 4224K,   5% used [0x0000000087710000, 0x0000000087746268, 0x0000000087b30000)
  to   space 4224K,   0% used [0x0000000087b30000, 0x0000000087b30000, 0x0000000087f50000)
 concurrent mark-sweep generation total 118092K, used 78052K [0x000000009a2c0000, 0x00000000a1613000, 0x0000000100000000)
 Metaspace       used 110214K, capacity 116725K, committed 119084K, reserved 1153024K
  class space    used 13432K, capacity 14619K, committed 15200K, reserved 1048576K
2021-01-19T14:03:06.283+0000: 30315.237: [GC (Allocation Failure) 2021-01-19T14:03:06.284+0000: 30315.237: [ParNew
Desired survivor size 2162688 bytes, new threshold 6 (max 6)
- age   1:     580272 bytes,     580272 total
- age   2:     209616 bytes,     789888 total
: 34072K->807K(38080K), 0.0037595 secs] 112125K->78860K(156172K), 0.0040291 secs] [Times: user=0.01 sys=0.00, real=0.01 secs] 
Heap after GC invocations=553 (full 6):
 par new generation   total 38080K, used 807K [0x0000000085600000, 0x0000000087f50000, 0x000000009a2c0000)
  eden space 33856K,   0% used [0x0000000085600000, 0x0000000085600000, 0x0000000087710000)
  from space 4224K,  19% used [0x0000000087b30000, 0x0000000087bf9f20, 0x0000000087f50000)
  to   space 4224K,   0% used [0x0000000087710000, 0x0000000087710000, 0x0000000087b30000)
 concurrent mark-sweep generation total 118092K, used 78052K [0x000000009a2c0000, 0x00000000a1613000, 0x0000000100000000)
 Metaspace       used 110214K, capacity 116725K, committed 119084K, reserved 1153024K
  class space    used 13432K, capacity 14619K, committed 15200K, reserved 1048576K
}
2021-01-19T14:03:06.288+0000: 30315.241: Total time for which application threads were stopped: 0.0048396 seconds, Stopping threads took: 0.0002818 seconds
2021-01-19T14:03:33.334+0000: 30341.247: Total time for which application threads were stopped: 0.0004262 seconds, Stopping threads took: 0.0000808 seconds
{Heap before GC invocations=553 (full 6):
 par new generation   total 38080K, used 34663K [0x0000000085600000, 0x0000000087f50000, 0x000000009a2c0000)
  eden space 33856K, 100% used [0x0000000085600000, 0x0000000087710000, 0x0000000087710000)
  from space 4224K,  19% used [0x0000000087b30000, 0x0000000087bf9f20, 0x0000000087f50000)
  to   space 4224K,   0% used [0x0000000087710000, 0x0000000087710000, 0x0000000087b30000)
 concurrent mark-sweep generation total 118092K, used 78052K [0x000000009a2c0000, 0x00000000a1613000, 0x0000000100000000)
 Metaspace       used 110214K, capacity 116725K, committed 119084K, reserved 1153024K
  class space    used 13432K, capacity 14619K, committed 15200K, reserved 1048576K
2021-01-19T14:04:53.283+0000: 30421.195: [GC (Allocation Failure) 2021-01-19T14:04:53.283+0000: 30421.195: [ParNew
Desired survivor size 2162688 bytes, new threshold 6 (max 6)
- age   1:     128496 bytes,     128496 total
- age   2:     573264 bytes,     701760 total
- age   3:     208480 bytes,     910240 total
: 34663K->1048K(38080K), 0.0062239 secs] 112716K->79101K(156172K), 0.0064145 secs] [Times: user=0.03 sys=0.00, real=0.01 secs] 
Heap after GC invocations=554 (full 6):
 par new generation   total 38080K, used 1048K [0x0000000085600000, 0x0000000087f50000, 0x000000009a2c0000)
  eden space 33856K,   0% used [0x0000000085600000, 0x0000000085600000, 0x0000000087710000)
  from space 4224K,  24% used [0x0000000087710000, 0x0000000087816330, 0x0000000087b30000)
  to   space 4224K,   0% used [0x0000000087b30000, 0x0000000087b30000, 0x0000000087f50000)
 concurrent mark-sweep generation total 118092K, used 78052K [0x000000009a2c0000, 0x00000000a1613000, 0x0000000100000000)
 Metaspace       used 110214K, capacity 116725K, committed 119084K, reserved 1153024K
  class space    used 13432K, capacity 14619K, committed 15200K, reserved 1048576K
}
2021-01-19T14:04:53.289+0000: 30421.202: Total time for which application threads were stopped: 0.0069624 seconds, Stopping threads took: 0.0000786 seconds
{Heap before GC invocations=554 (full 6):
 par new generation   total 38080K, used 34904K [0x0000000085600000, 0x0000000087f50000, 0x000000009a2c0000)
  eden space 33856K, 100% used [0x0000000085600000, 0x0000000087710000, 0x0000000087710000)
  from space 4224K,  24% used [0x0000000087710000, 0x0000000087816330, 0x0000000087b30000)
  to   space 4224K,   0% used [0x0000000087b30000, 0x0000000087b30000, 0x0000000087f50000)
 concurrent mark-sweep generation total 118092K, used 78052K [0x000000009a2c0000, 0x00000000a1613000, 0x0000000100000000)
 Metaspace       used 110214K, capacity 116725K, committed 119084K, reserved 1153024K
  class space    used 13432K, capacity 14619K, committed 15200K, reserved 1048576K
2021-01-19T14:06:40.439+0000: 30528.351: [GC (Allocation Failure) 2021-01-19T14:06:40.439+0000: 30528.351: [ParNew
Desired survivor size 2162688 bytes, new threshold 6 (max 6)
- age   1:       3856 bytes,       3856 total
- age   2:      56512 bytes,      60368 total
- age   3:     572128 bytes,     632496 total
- age   4:     208480 bytes,     840976 total
: 34904K->1369K(38080K), 0.0047060 secs] 112957K->79421K(156172K), 0.0048897 secs] [Times: user=0.02 sys=0.00, real=0.00 secs] 
Heap after GC invocations=555 (full 6):
 par new generation   total 38080K, used 1369K [0x0000000085600000, 0x0000000087f50000, 0x000000009a2c0000)
  eden space 33856K,   0% used [0x0000000085600000, 0x0000000085600000, 0x0000000087710000)
  from space 4224K,  32% used [0x0000000087b30000, 0x0000000087c86430, 0x0000000087f50000)
  to   space 4224K,   0% used [0x0000000087710000, 0x0000000087710000, 0x0000000087b30000)
 concurrent mark-sweep generation total 118092K, used 78052K [0x000000009a2c0000, 0x00000000a1613000, 0x0000000100000000)
 Metaspace       used 110214K, capacity 116725K, committed 119084K, reserved 1153024K
  class space    used 13432K, capacity 14619K, committed 15200K, reserved 1048576K
}
2021-01-19T14:06:40.444+0000: 30528.356: Total time for which application threads were stopped: 0.0054055 seconds, Stopping threads took: 0.0000779 seconds
{Heap before GC invocations=555 (full 6):
 par new generation   total 38080K, used 35225K [0x0000000085600000, 0x0000000087f50000, 0x000000009a2c0000)
  eden space 33856K, 100% used [0x0000000085600000, 0x0000000087710000, 0x0000000087710000)
  from space 4224K,  32% used [0x0000000087b30000, 0x0000000087c86430, 0x0000000087f50000)
  to   space 4224K,   0% used [0x0000000087710000, 0x0000000087710000, 0x0000000087b30000)
 concurrent mark-sweep generation total 118092K, used 78052K [0x000000009a2c0000, 0x00000000a1613000, 0x0000000100000000)
 Metaspace       used 110214K, capacity 116725K, committed 119084K, reserved 1153024K
  class space    used 13432K, capacity 14619K, committed 15200K, reserved 1048576K
2021-01-19T14:26:23.749+0000: 30636.642: [GC (Allocation Failure) 2021-01-19T14:26:23.750+0000: 30636.643: [ParNew
Desired survivor size 2162688 bytes, new threshold 6 (max 6)
- age   1:       3552 bytes,       3552 total
- age   2:        352 bytes,       3904 total
- age   3:      56512 bytes,      60416 total
- age   4:     572128 bytes,     632544 total
- age   5:     208480 bytes,     841024 total
: 35225K->1420K(38080K), 0.0036170 secs] 113277K->79473K(156172K), 0.0037608 secs] [Times: user=0.01 sys=0.00, real=0.01 secs] 
Heap after GC invocations=556 (full 6):
 par new generation   total 38080K, used 1420K [0x0000000085600000, 0x0000000087f50000, 0x000000009a2c0000)
  eden space 33856K,   0% used [0x0000000085600000, 0x0000000085600000, 0x0000000087710000)
  from space 4224K,  33% used [0x0000000087710000, 0x00000000878730f0, 0x0000000087b30000)
  to   space 4224K,   0% used [0x0000000087b30000, 0x0000000087b30000, 0x0000000087f50000)
 concurrent mark-sweep generation total 118092K, used 78052K [0x000000009a2c0000, 0x00000000a1613000, 0x0000000100000000)
 Metaspace       used 110214K, capacity 116725K, committed 119084K, reserved 1153024K
  class space    used 13432K, capacity 14619K, committed 15200K, reserved 1048576K
}
2021-01-19T14:26:23.753+0000: 30636.646: Total time for which application threads were stopped: 0.0040336 seconds, Stopping threads took: 0.0000356 seconds
{Heap before GC invocations=556 (full 6):
 par new generation   total 38080K, used 35276K [0x0000000085600000, 0x0000000087f50000, 0x000000009a2c0000)
  eden space 33856K, 100% used [0x0000000085600000, 0x0000000087710000, 0x0000000087710000)
  from space 4224K,  33% used [0x0000000087710000, 0x00000000878730f0, 0x0000000087b30000)
  to   space 4224K,   0% used [0x0000000087b30000, 0x0000000087b30000, 0x0000000087f50000)
 concurrent mark-sweep generation total 118092K, used 78052K [0x000000009a2c0000, 0x00000000a1613000, 0x0000000100000000)
 Metaspace       used 110214K, capacity 116725K, committed 119084K, reserved 1153024K
  class space    used 13432K, capacity 14619K, committed 15200K, reserved 1048576K
2021-01-19T14:28:09.772+0000: 30742.665: [GC (Allocation Failure) 2021-01-19T14:28:09.772+0000: 30742.665: [ParNew
Desired survivor size 2162688 bytes, new threshold 6 (max 6)
- age   1:       3296 bytes,       3296 total
- age   2:         32 bytes,       3328 total
- age   3:        352 bytes,       3680 total
- age   4:      56512 bytes,      60192 total
- age   5:     572128 bytes,     632320 total
- age   6:     208480 bytes,     840800 total
: 35276K->1021K(38080K), 0.0028583 secs] 113329K->79074K(156172K), 0.0029484 secs] [Times: user=0.01 sys=0.00, real=0.00 secs] 
Heap after GC invocations=557 (full 6):
 par new generation   total 38080K, used 1021K [0x0000000085600000, 0x0000000087f50000, 0x000000009a2c0000)
  eden space 33856K,   0% used [0x0000000085600000, 0x0000000085600000, 0x0000000087710000)
  from space 4224K,  24% used [0x0000000087b30000, 0x0000000087c2f740, 0x0000000087f50000)
  to   space 4224K,   0% used [0x0000000087710000, 0x0000000087710000, 0x0000000087b30000)
 concurrent mark-sweep generation total 118092K, used 78052K [0x000000009a2c0000, 0x00000000a1613000, 0x0000000100000000)
 Metaspace       used 110214K, capacity 116725K, committed 119084K, reserved 1153024K
  class space    used 13432K, capacity 14619K, committed 15200K, reserved 1048576K
}
2021-01-19T14:28:09.775+0000: 30742.668: Total time for which application threads were stopped: 0.0050519 seconds, Stopping threads took: 0.0018787 seconds
{Heap before GC invocations=557 (full 6):
 par new generation   total 38080K, used 34877K [0x0000000085600000, 0x0000000087f50000, 0x000000009a2c0000)
  eden space 33856K, 100% used [0x0000000085600000, 0x0000000087710000, 0x0000000087710000)
  from space 4224K,  24% used [0x0000000087b30000, 0x0000000087c2f740, 0x0000000087f50000)
  to   space 4224K,   0% used [0x0000000087710000, 0x0000000087710000, 0x0000000087b30000)
 concurrent mark-sweep generation total 118092K, used 78052K [0x000000009a2c0000, 0x00000000a1613000, 0x0000000100000000)
 Metaspace       used 110214K, capacity 116725K, committed 119084K, reserved 1153024K
  class space    used 13432K, capacity 14619K, committed 15200K, reserved 1048576K
2021-01-19T14:29:55.653+0000: 30848.546: [GC (Allocation Failure) 2021-01-19T14:29:55.653+0000: 30848.546: [ParNew
Desired survivor size 2162688 bytes, new threshold 6 (max 6)
- age   1:      37368 bytes,      37368 total
- age   4:        352 bytes,      37720 total
- age   5:      56512 bytes,      94232 total
- age   6:     572128 bytes,     666360 total
: 34877K->929K(38080K), 0.0052613 secs] 112930K->79188K(156172K), 0.0053956 secs] [Times: user=0.01 sys=0.00, real=0.00 secs] 
Heap after GC invocations=558 (full 6):
 par new generation   total 38080K, used 929K [0x0000000085600000, 0x0000000087f50000, 0x000000009a2c0000)
  eden space 33856K,   0% used [0x0000000085600000, 0x0000000085600000, 0x0000000087710000)
  from space 4224K,  22% used [0x0000000087710000, 0x00000000877f85d0, 0x0000000087b30000)
  to   space 4224K,   0% used [0x0000000087b30000, 0x0000000087b30000, 0x0000000087f50000)
 concurrent mark-sweep generation total 118092K, used 78259K [0x000000009a2c0000, 0x00000000a1613000, 0x0000000100000000)
 Metaspace       used 110214K, capacity 116725K, committed 119084K, reserved 1153024K
  class space    used 13432K, capacity 14619K, committed 15200K, reserved 1048576K
}
2021-01-19T14:29:55.659+0000: 30848.552: Total time for which application threads were stopped: 0.0057889 seconds, Stopping threads took: 0.0000926 seconds
{Heap before GC invocations=558 (full 6):
 par new generation   total 38080K, used 34785K [0x0000000085600000, 0x0000000087f50000, 0x000000009a2c0000)
  eden space 33856K, 100% used [0x0000000085600000, 0x0000000087710000, 0x0000000087710000)
  from space 4224K,  22% used [0x0000000087710000, 0x00000000877f85d0, 0x0000000087b30000)
  to   space 4224K,   0% used [0x0000000087b30000, 0x0000000087b30000, 0x0000000087f50000)
 concurrent mark-sweep generation total 118092K, used 78259K [0x000000009a2c0000, 0x00000000a1613000, 0x0000000100000000)
 Metaspace       used 110214K, capacity 116725K, committed 119084K, reserved 1153024K
  class space    used 13432K, capacity 14619K, committed 15200K, reserved 1048576K
2021-01-19T14:31:41.834+0000: 30954.727: [GC (Allocation Failure) 2021-01-19T14:31:41.834+0000: 30954.727: [ParNew
Desired survivor size 2162688 bytes, new threshold 6 (max 6)
- age   1:      71032 bytes,      71032 total
- age   2:         24 bytes,      71056 total
- age   5:        352 bytes,      71408 total
- age   6:      56512 bytes,     127920 total
: 34785K->673K(38080K), 0.0124503 secs] 113044K->79499K(156172K), 0.0127454 secs] [Times: user=0.03 sys=0.00, real=0.01 secs] 
Heap after GC invocations=559 (full 6):
 par new generation   total 38080K, used 673K [0x0000000085600000, 0x0000000087f50000, 0x000000009a2c0000)
  eden space 33856K,   0% used [0x0000000085600000, 0x0000000085600000, 0x0000000087710000)
  from space 4224K,  15% used [0x0000000087b30000, 0x0000000087bd87c0, 0x0000000087f50000)
  to   space 4224K,   0% used [0x0000000087710000, 0x0000000087710000, 0x0000000087b30000)
 concurrent mark-sweep generation total 118092K, used 78825K [0x000000009a2c0000, 0x00000000a1613000, 0x0000000100000000)
 Metaspace       used 110214K, capacity 116725K, committed 119084K, reserved 1153024K
  class space    used 13432K, capacity 14619K, committed 15200K, reserved 1048576K
}
2021-01-19T14:31:41.847+0000: 30954.740: Total time for which application threads were stopped: 0.0135687 seconds, Stopping threads took: 0.0001882 seconds
2021-01-19T14:31:52.849+0000: 30965.742: Total time for which application threads were stopped: 0.0003889 seconds, Stopping threads took: 0.0000682 seconds
{Heap before GC invocations=559 (full 6):
 par new generation   total 38080K, used 34529K [0x0000000085600000, 0x0000000087f50000, 0x000000009a2c0000)
  eden space 33856K, 100% used [0x0000000085600000, 0x0000000087710000, 0x0000000087710000)
  from space 4224K,  15% used [0x0000000087b30000, 0x0000000087bd87c0, 0x0000000087f50000)
  to   space 4224K,   0% used [0x0000000087710000, 0x0000000087710000, 0x0000000087b30000)
 concurrent mark-sweep generation total 118092K, used 78825K [0x000000009a2c0000, 0x00000000a1613000, 0x0000000100000000)
 Metaspace       used 110214K, capacity 116725K, committed 119084K, reserved 1153024K
  class space    used 13432K, capacity 14619K, committed 15200K, reserved 1048576K
2021-01-19T14:33:27.915+0000: 31060.808: [GC (Allocation Failure) 2021-01-19T14:33:27.915+0000: 31060.808: [ParNew
Desired survivor size 2162688 bytes, new threshold 6 (max 6)
- age   1:       3432 bytes,       3432 total
- age   2:         24 bytes,       3456 total
- age   6:        352 bytes,       3808 total
: 34529K->191K(38080K), 0.0052472 secs] 113355K->79073K(156172K), 0.0055021 secs] [Times: user=0.01 sys=0.00, real=0.00 secs] 
Heap after GC invocations=560 (full 6):
 par new generation   total 38080K, used 191K [0x0000000085600000, 0x0000000087f50000, 0x000000009a2c0000)
  eden space 33856K,   0% used [0x0000000085600000, 0x0000000085600000, 0x0000000087710000)
  from space 4224K,   4% used [0x0000000087710000, 0x000000008773ff80, 0x0000000087b30000)
  to   space 4224K,   0% used [0x0000000087b30000, 0x0000000087b30000, 0x0000000087f50000)
 concurrent mark-sweep generation total 118092K, used 78881K [0x000000009a2c0000, 0x00000000a1613000, 0x0000000100000000)
 Metaspace       used 110214K, capacity 116725K, committed 119084K, reserved 1153024K
  class space    used 13432K, capacity 14619K, committed 15200K, reserved 1048576K
}
2021-01-19T14:33:27.921+0000: 31060.814: Total time for which application threads were stopped: 0.0061298 seconds, Stopping threads took: 0.0000754 seconds
{Heap before GC invocations=560 (full 6):
 par new generation   total 38080K, used 34022K [0x0000000085600000, 0x0000000087f50000, 0x000000009a2c0000)
  eden space 33856K,  99% used [0x0000000085600000, 0x0000000087709920, 0x0000000087710000)
  from space 4224K,   4% used [0x0000000087710000, 0x000000008773ff80, 0x0000000087b30000)
  to   space 4224K,   0% used [0x0000000087b30000, 0x0000000087b30000, 0x0000000087f50000)
 concurrent mark-sweep generation total 118092K, used 78881K [0x000000009a2c0000, 0x00000000a1613000, 0x0000000100000000)
 Metaspace       used 110214K, capacity 116725K, committed 119084K, reserved 1153024K
  class space    used 13432K, capacity 14619K, committed 15200K, reserved 1048576K
2021-01-19T14:35:13.551+0000: 31166.444: [GC (Allocation Failure) 2021-01-19T14:35:13.551+0000: 31166.444: [ParNew
Desired survivor size 2162688 bytes, new threshold 6 (max 6)
- age   1:       3720 bytes,       3720 total
- age   2:         32 bytes,       3752 total
: 34022K->36K(38080K), 0.0054043 secs] 112903K->78918K(156172K), 0.0057002 secs] [Times: user=0.02 sys=0.00, real=0.01 secs] 
Heap after GC invocations=561 (full 6):
 par new generation   total 38080K, used 36K [0x0000000085600000, 0x0000000087f50000, 0x000000009a2c0000)
  eden space 33856K,   0% used [0x0000000085600000, 0x0000000085600000, 0x0000000087710000)
  from space 4224K,   0% used [0x0000000087b30000, 0x0000000087b391f8, 0x0000000087f50000)
  to   space 4224K,   0% used [0x0000000087710000, 0x0000000087710000, 0x0000000087b30000)
 concurrent mark-sweep generation total 118092K, used 78881K [0x000000009a2c0000, 0x00000000a1613000, 0x0000000100000000)
 Metaspace       used 110214K, capacity 116725K, committed 119084K, reserved 1153024K
  class space    used 13432K, capacity 14619K, committed 15200K, reserved 1048576K
}
2021-01-19T14:35:13.557+0000: 31166.450: Total time for which application threads were stopped: 0.0064534 seconds, Stopping threads took: 0.0000908 seconds
{Heap before GC invocations=561 (full 6):
 par new generation   total 38080K, used 33892K [0x0000000085600000, 0x0000000087f50000, 0x000000009a2c0000)
  eden space 33856K, 100% used [0x0000000085600000, 0x0000000087710000, 0x0000000087710000)
  from space 4224K,   0% used [0x0000000087b30000, 0x0000000087b391f8, 0x0000000087f50000)
  to   space 4224K,   0% used [0x0000000087710000, 0x0000000087710000, 0x0000000087b30000)
 concurrent mark-sweep generation total 118092K, used 78881K [0x000000009a2c0000, 0x00000000a1613000, 0x0000000100000000)
 Metaspace       used 110214K, capacity 116725K, committed 119084K, reserved 1153024K
  class space    used 13432K, capacity 14619K, committed 15200K, reserved 1048576K
2021-01-19T14:36:59.354+0000: 31272.247: [GC (Allocation Failure) 2021-01-19T14:36:59.354+0000: 31272.247: [ParNew
Desired survivor size 2162688 bytes, new threshold 6 (max 6)
- age   1:       3376 bytes,       3376 total
: 33892K->6K(38080K), 0.0022989 secs] 112774K->78888K(156172K), 0.0024184 secs] [Times: user=0.00 sys=0.00, real=0.00 secs] 
Heap after GC invocations=562 (full 6):
 par new generation   total 38080K, used 6K [0x0000000085600000, 0x0000000087f50000, 0x000000009a2c0000)
  eden space 33856K,   0% used [0x0000000085600000, 0x0000000085600000, 0x0000000087710000)
  from space 4224K,   0% used [0x0000000087710000, 0x00000000877119b0, 0x0000000087b30000)
  to   space 4224K,   0% used [0x0000000087b30000, 0x0000000087b30000, 0x0000000087f50000)
 concurrent mark-sweep generation total 118092K, used 78881K [0x000000009a2c0000, 0x00000000a1613000, 0x0000000100000000)
 Metaspace       used 110214K, capacity 116725K, committed 119084K, reserved 1153024K
  class space    used 13432K, capacity 14619K, committed 15200K, reserved 1048576K
}
2021-01-19T14:36:59.357+0000: 31272.250: Total time for which application threads were stopped: 0.0026747 seconds, Stopping threads took: 0.0000294 seconds
{Heap before GC invocations=562 (full 6):
 par new generation   total 38080K, used 33862K [0x0000000085600000, 0x0000000087f50000, 0x000000009a2c0000)
  eden space 33856K, 100% used [0x0000000085600000, 0x0000000087710000, 0x0000000087710000)
  from space 4224K,   0% used [0x0000000087710000, 0x00000000877119b0, 0x0000000087b30000)
  to   space 4224K,   0% used [0x0000000087b30000, 0x0000000087b30000, 0x0000000087f50000)
 concurrent mark-sweep generation total 118092K, used 78881K [0x000000009a2c0000, 0x00000000a1613000, 0x0000000100000000)
 Metaspace       used 110214K, capacity 116725K, committed 119084K, reserved 1153024K
  class space    used 13432K, capacity 14619K, committed 15200K, reserved 1048576K
2021-01-19T14:38:45.634+0000: 31378.527: [GC (Allocation Failure) 2021-01-19T14:38:45.634+0000: 31378.527: [ParNew
Desired survivor size 2162688 bytes, new threshold 6 (max 6)
- age   1:      71808 bytes,      71808 total
: 33862K->73K(38080K), 0.0066437 secs] 112744K->78955K(156172K), 0.0069675 secs] [Times: user=0.02 sys=0.00, real=0.00 secs] 
Heap after GC invocations=563 (full 6):
 par new generation   total 38080K, used 73K [0x0000000085600000, 0x0000000087f50000, 0x000000009a2c0000)
  eden space 33856K,   0% used [0x0000000085600000, 0x0000000085600000, 0x0000000087710000)
  from space 4224K,   1% used [0x0000000087b30000, 0x0000000087b425f0, 0x0000000087f50000)
  to   space 4224K,   0% used [0x0000000087710000, 0x0000000087710000, 0x0000000087b30000)
 concurrent mark-sweep generation total 118092K, used 78881K [0x000000009a2c0000, 0x00000000a1613000, 0x0000000100000000)
 Metaspace       used 110214K, capacity 116725K, committed 119084K, reserved 1153024K
  class space    used 13432K, capacity 14619K, committed 15200K, reserved 1048576K
}
2021-01-19T14:38:45.641+0000: 31378.534: Total time for which application threads were stopped: 0.0082298 seconds, Stopping threads took: 0.0004268 seconds
{Heap before GC invocations=563 (full 6):
 par new generation   total 38080K, used 33929K [0x0000000085600000, 0x0000000087f50000, 0x000000009a2c0000)
  eden space 33856K, 100% used [0x0000000085600000, 0x0000000087710000, 0x0000000087710000)
  from space 4224K,   1% used [0x0000000087b30000, 0x0000000087b425f0, 0x0000000087f50000)
  to   space 4224K,   0% used [0x0000000087710000, 0x0000000087710000, 0x0000000087b30000)
 concurrent mark-sweep generation total 118092K, used 78881K [0x000000009a2c0000, 0x00000000a1613000, 0x0000000100000000)
 Metaspace       used 110214K, capacity 116725K, committed 119084K, reserved 1153024K
  class space    used 13432K, capacity 14619K, committed 15200K, reserved 1048576K
2021-01-19T14:40:31.852+0000: 31484.745: [GC (Allocation Failure) 2021-01-19T14:40:31.852+0000: 31484.745: [ParNew
Desired survivor size 2162688 bytes, new threshold 6 (max 6)
- age   1:       3552 bytes,       3552 total
- age   2:        208 bytes,       3760 total
: 33929K->6K(38080K), 0.0053376 secs] 112811K->78887K(156172K), 0.0054427 secs] [Times: user=0.01 sys=0.00, real=0.00 secs] 
Heap after GC invocations=564 (full 6):
 par new generation   total 38080K, used 6K [0x0000000085600000, 0x0000000087f50000, 0x000000009a2c0000)
  eden space 33856K,   0% used [0x0000000085600000, 0x0000000085600000, 0x0000000087710000)
  from space 4224K,   0% used [0x0000000087710000, 0x0000000087711830, 0x0000000087b30000)
  to   space 4224K,   0% used [0x0000000087b30000, 0x0000000087b30000, 0x0000000087f50000)
 concurrent mark-sweep generation total 118092K, used 78881K [0x000000009a2c0000, 0x00000000a1613000, 0x0000000100000000)
 Metaspace       used 110214K, capacity 116725K, committed 119084K, reserved 1153024K
  class space    used 13432K, capacity 14619K, committed 15200K, reserved 1048576K
}
2021-01-19T14:40:31.858+0000: 31484.751: Total time for which application threads were stopped: 0.0057499 seconds, Stopping threads took: 0.0000712 seconds
{Heap before GC invocations=564 (full 6):
 par new generation   total 38080K, used 33862K [0x0000000085600000, 0x0000000087f50000, 0x000000009a2c0000)
  eden space 33856K, 100% used [0x0000000085600000, 0x0000000087710000, 0x0000000087710000)
  from space 4224K,   0% used [0x0000000087710000, 0x0000000087711830, 0x0000000087b30000)
  to   space 4224K,   0% used [0x0000000087b30000, 0x0000000087b30000, 0x0000000087f50000)
 concurrent mark-sweep generation total 118092K, used 78881K [0x000000009a2c0000, 0x00000000a1613000, 0x0000000100000000)
 Metaspace       used 110214K, capacity 116725K, committed 119084K, reserved 1153024K
  class space    used 13432K, capacity 14619K, committed 15200K, reserved 1048576K
2021-01-19T14:42:18.318+0000: 31591.211: [GC (Allocation Failure) 2021-01-19T14:42:18.318+0000: 31591.211: [ParNew
Desired survivor size 2162688 bytes, new threshold 6 (max 6)
- age   1:       3472 bytes,       3472 total
- age   2:         32 bytes,       3504 total
- age   3:        208 bytes,       3712 total
: 33862K->6K(38080K), 0.0033353 secs] 112743K->78887K(156172K), 0.0035162 secs] [Times: user=0.02 sys=0.00, real=0.00 secs] 
Heap after GC invocations=565 (full 6):
 par new generation   total 38080K, used 6K [0x0000000085600000, 0x0000000087f50000, 0x000000009a2c0000)
  eden space 33856K,   0% used [0x0000000085600000, 0x0000000085600000, 0x0000000087710000)
  from space 4224K,   0% used [0x0000000087b30000, 0x0000000087b31830, 0x0000000087f50000)
  to   space 4224K,   0% used [0x0000000087710000, 0x0000000087710000, 0x0000000087b30000)
 concurrent mark-sweep generation total 118092K, used 78881K [0x000000009a2c0000, 0x00000000a1613000, 0x0000000100000000)
 Metaspace       used 110214K, capacity 116725K, committed 119084K, reserved 1153024K
  class space    used 13432K, capacity 14619K, committed 15200K, reserved 1048576K
}
2021-01-19T14:42:18.322+0000: 31591.215: Total time for which application threads were stopped: 0.0040260 seconds, Stopping threads took: 0.0000748 seconds
{Heap before GC invocations=565 (full 6):
 par new generation   total 38080K, used 33862K [0x0000000085600000, 0x0000000087f50000, 0x000000009a2c0000)
  eden space 33856K, 100% used [0x0000000085600000, 0x0000000087710000, 0x0000000087710000)
  from space 4224K,   0% used [0x0000000087b30000, 0x0000000087b31830, 0x0000000087f50000)
  to   space 4224K,   0% used [0x0000000087710000, 0x0000000087710000, 0x0000000087b30000)
 concurrent mark-sweep generation total 118092K, used 78881K [0x000000009a2c0000, 0x00000000a1613000, 0x0000000100000000)
 Metaspace       used 110214K, capacity 116725K, committed 119084K, reserved 1153024K
  class space    used 13432K, capacity 14619K, committed 15200K, reserved 1048576K
2021-01-19T14:44:05.693+0000: 31697.106: [GC (Allocation Failure) 2021-01-19T14:44:05.693+0000: 31697.106: [ParNew
Desired survivor size 2162688 bytes, new threshold 6 (max 6)
- age   1:       3328 bytes,       3328 total
- age   4:        208 bytes,       3536 total
: 33862K->6K(38080K), 0.0066652 secs] 112743K->78887K(156172K), 0.0068863 secs] [Times: user=0.01 sys=0.00, real=0.00 secs] 
Heap after GC invocations=566 (full 6):
 par new generation   total 38080K, used 6K [0x0000000085600000, 0x0000000087f50000, 0x000000009a2c0000)
  eden space 33856K,   0% used [0x0000000085600000, 0x0000000085600000, 0x0000000087710000)
  from space 4224K,   0% used [0x0000000087710000, 0x0000000087711830, 0x0000000087b30000)
  to   space 4224K,   0% used [0x0000000087b30000, 0x0000000087b30000, 0x0000000087f50000)
 concurrent mark-sweep generation total 118092K, used 78881K [0x000000009a2c0000, 0x00000000a1613000, 0x0000000100000000)
 Metaspace       used 110214K, capacity 116725K, committed 119084K, reserved 1153024K
  class space    used 13432K, capacity 14619K, committed 15200K, reserved 1048576K
}
2021-01-19T14:44:05.700+0000: 31697.113: Total time for which application threads were stopped: 0.0075317 seconds, Stopping threads took: 0.0001368 seconds
{Heap before GC invocations=566 (full 6):
 par new generation   total 38080K, used 33862K [0x0000000085600000, 0x0000000087f50000, 0x000000009a2c0000)
  eden space 33856K, 100% used [0x0000000085600000, 0x0000000087710000, 0x0000000087710000)
  from space 4224K,   0% used [0x0000000087710000, 0x0000000087711830, 0x0000000087b30000)
  to   space 4224K,   0% used [0x0000000087b30000, 0x0000000087b30000, 0x0000000087f50000)
 concurrent mark-sweep generation total 118092K, used 78881K [0x000000009a2c0000, 0x00000000a1613000, 0x0000000100000000)
 Metaspace       used 110214K, capacity 116725K, committed 119084K, reserved 1153024K
  class space    used 13432K, capacity 14619K, committed 15200K, reserved 1048576K
2021-01-19T14:45:51.656+0000: 31803.068: [GC (Allocation Failure) 2021-01-19T14:45:51.656+0000: 31803.068: [ParNew
Desired survivor size 2162688 bytes, new threshold 6 (max 6)
- age   1:      71248 bytes,      71248 total
- age   5:        208 bytes,      71456 total
: 33862K->73K(38080K), 0.0044791 secs] 112743K->78955K(156172K), 0.0047015 secs] [Times: user=0.02 sys=0.00, real=0.00 secs] 
Heap after GC invocations=567 (full 6):
 par new generation   total 38080K, used 73K [0x0000000085600000, 0x0000000087f50000, 0x000000009a2c0000)
  eden space 33856K,   0% used [0x0000000085600000, 0x0000000085600000, 0x0000000087710000)
  from space 4224K,   1% used [0x0000000087b30000, 0x0000000087b425f0, 0x0000000087f50000)
  to   space 4224K,   0% used [0x0000000087710000, 0x0000000087710000, 0x0000000087b30000)
 concurrent mark-sweep generation total 118092K, used 78881K [0x000000009a2c0000, 0x00000000a1613000, 0x0000000100000000)
 Metaspace       used 110214K, capacity 116725K, committed 119084K, reserved 1153024K
  class space    used 13432K, capacity 14619K, committed 15200K, reserved 1048576K
}
2021-01-19T14:45:51.660+0000: 31803.073: Total time for which application threads were stopped: 0.0053589 seconds, Stopping threads took: 0.0000790 seconds
{Heap before GC invocations=567 (full 6):
 par new generation   total 38080K, used 33929K [0x0000000085600000, 0x0000000087f50000, 0x000000009a2c0000)
  eden space 33856K, 100% used [0x0000000085600000, 0x0000000087710000, 0x0000000087710000)
  from space 4224K,   1% used [0x0000000087b30000, 0x0000000087b425f0, 0x0000000087f50000)
  to   space 4224K,   0% used [0x0000000087710000, 0x0000000087710000, 0x0000000087b30000)
 concurrent mark-sweep generation total 118092K, used 78881K [0x000000009a2c0000, 0x00000000a1613000, 0x0000000100000000)
 Metaspace       used 110214K, capacity 116725K, committed 119084K, reserved 1153024K
  class space    used 13432K, capacity 14619K, committed 15200K, reserved 1048576K
2021-01-19T14:47:38.199+0000: 31909.611: [GC (Allocation Failure) 2021-01-19T14:47:38.199+0000: 31909.611: [ParNew
Desired survivor size 2162688 bytes, new threshold 6 (max 6)
- age   1:       3368 bytes,       3368 total
- age   2:         48 bytes,       3416 total
- age   6:        208 bytes,       3624 total
: 33929K->6K(38080K), 0.0053207 secs] 112811K->78887K(156172K), 0.0056205 secs] [Times: user=0.02 sys=0.00, real=0.01 secs] 
Heap after GC invocations=568 (full 6):
 par new generation   total 38080K, used 6K [0x0000000085600000, 0x0000000087f50000, 0x000000009a2c0000)
  eden space 33856K,   0% used [0x0000000085600000, 0x0000000085600000, 0x0000000087710000)
  from space 4224K,   0% used [0x0000000087710000, 0x0000000087711830, 0x0000000087b30000)
  to   space 4224K,   0% used [0x0000000087b30000, 0x0000000087b30000, 0x0000000087f50000)
 concurrent mark-sweep generation total 118092K, used 78881K [0x000000009a2c0000, 0x00000000a1613000, 0x0000000100000000)
 Metaspace       used 110214K, capacity 116725K, committed 119084K, reserved 1153024K
  class space    used 13432K, capacity 14619K, committed 15200K, reserved 1048576K
}
2021-01-19T14:47:38.204+0000: 31909.617: Total time for which application threads were stopped: 0.0063966 seconds, Stopping threads took: 0.0002099 seconds
{Heap before GC invocations=568 (full 6):
 par new generation   total 38080K, used 33862K [0x0000000085600000, 0x0000000087f50000, 0x000000009a2c0000)
  eden space 33856K, 100% used [0x0000000085600000, 0x0000000087710000, 0x0000000087710000)
  from space 4224K,   0% used [0x0000000087710000, 0x0000000087711830, 0x0000000087b30000)
  to   space 4224K,   0% used [0x0000000087b30000, 0x0000000087b30000, 0x0000000087f50000)
 concurrent mark-sweep generation total 118092K, used 78881K [0x000000009a2c0000, 0x00000000a1613000, 0x0000000100000000)
 Metaspace       used 110214K, capacity 116725K, committed 119084K, reserved 1153024K
  class space    used 13432K, capacity 14619K, committed 15200K, reserved 1048576K
2021-01-19T14:49:22.501+0000: 32013.913: [GC (Allocation Failure) 2021-01-19T14:49:22.501+0000: 32013.913: [ParNew
Desired survivor size 2162688 bytes, new threshold 6 (max 6)
- age   1:     266504 bytes,     266504 total
- age   2:         72 bytes,     266576 total
: 33862K->265K(38080K), 0.0038219 secs] 112743K->79147K(156172K), 0.0039955 secs] [Times: user=0.01 sys=0.00, real=0.01 secs] 
Heap after GC invocations=569 (full 6):
 par new generation   total 38080K, used 265K [0x0000000085600000, 0x0000000087f50000, 0x000000009a2c0000)
  eden space 33856K,   0% used [0x0000000085600000, 0x0000000085600000, 0x0000000087710000)
  from space 4224K,   6% used [0x0000000087b30000, 0x0000000087b72750, 0x0000000087f50000)
  to   space 4224K,   0% used [0x0000000087710000, 0x0000000087710000, 0x0000000087b30000)
 concurrent mark-sweep generation total 118092K, used 78881K [0x000000009a2c0000, 0x00000000a1613000, 0x0000000100000000)
 Metaspace       used 110214K, capacity 116725K, committed 119084K, reserved 1153024K
  class space    used 13432K, capacity 14619K, committed 15200K, reserved 1048576K
}
2021-01-19T14:49:22.505+0000: 32013.917: Total time for which application threads were stopped: 0.0045330 seconds, Stopping threads took: 0.0001065 seconds
2021-01-19T14:50:06.511+0000: 32057.924: Total time for which application threads were stopped: 0.0004264 seconds, Stopping threads took: 0.0000812 seconds
2021-01-19T14:50:07.511+0000: 32058.924: Total time for which application threads were stopped: 0.0002389 seconds, Stopping threads took: 0.0000459 seconds
2021-01-19T14:50:54.518+0000: 32105.931: Total time for which application threads were stopped: 0.0004333 seconds, Stopping threads took: 0.0000769 seconds
{Heap before GC invocations=569 (full 6):
 par new generation   total 38080K, used 34121K [0x0000000085600000, 0x0000000087f50000, 0x000000009a2c0000)
  eden space 33856K, 100% used [0x0000000085600000, 0x0000000087710000, 0x0000000087710000)
  from space 4224K,   6% used [0x0000000087b30000, 0x0000000087b72750, 0x0000000087f50000)
  to   space 4224K,   0% used [0x0000000087710000, 0x0000000087710000, 0x0000000087b30000)
 concurrent mark-sweep generation total 118092K, used 78881K [0x000000009a2c0000, 0x00000000a1613000, 0x0000000100000000)
 Metaspace       used 110215K, capacity 116725K, committed 119084K, reserved 1153024K
  class space    used 13432K, capacity 14619K, committed 15200K, reserved 1048576K
2021-01-19T14:51:05.416+0000: 32116.828: [GC (Allocation Failure) 2021-01-19T14:51:05.416+0000: 32116.829: [ParNew
Desired survivor size 2162688 bytes, new threshold 6 (max 6)
- age   1:     525800 bytes,     525800 total
- age   2:     262328 bytes,     788128 total
- age   3:         72 bytes,     788200 total
: 34121K->791K(38080K), 0.0066354 secs] 113003K->79672K(156172K), 0.0068410 secs] [Times: user=0.01 sys=0.00, real=0.00 secs] 
Heap after GC invocations=570 (full 6):
 par new generation   total 38080K, used 791K [0x0000000085600000, 0x0000000087f50000, 0x000000009a2c0000)
  eden space 33856K,   0% used [0x0000000085600000, 0x0000000085600000, 0x0000000087710000)
  from space 4224K,  18% used [0x0000000087710000, 0x00000000877d5c58, 0x0000000087b30000)
  to   space 4224K,   0% used [0x0000000087b30000, 0x0000000087b30000, 0x0000000087f50000)
 concurrent mark-sweep generation total 118092K, used 78881K [0x000000009a2c0000, 0x00000000a1613000, 0x0000000100000000)
 Metaspace       used 110215K, capacity 116725K, committed 119084K, reserved 1153024K
  class space    used 13432K, capacity 14619K, committed 15200K, reserved 1048576K
}
2021-01-19T14:51:05.423+0000: 32116.835: Total time for which application threads were stopped: 0.0072952 seconds, Stopping threads took: 0.0000676 seconds
2021-01-19T14:51:54.432+0000: 32165.844: Total time for which application threads were stopped: 0.0003972 seconds, Stopping threads took: 0.0000700 seconds
2021-01-19T14:51:55.433+0000: 32166.845: Total time for which application threads were stopped: 0.0006750 seconds, Stopping threads took: 0.0001413 seconds
2021-01-19T14:52:44.441+0000: 32215.853: Total time for which application threads were stopped: 0.0004731 seconds, Stopping threads took: 0.0000801 seconds
{Heap before GC invocations=570 (full 6):
 par new generation   total 38080K, used 34647K [0x0000000085600000, 0x0000000087f50000, 0x000000009a2c0000)
  eden space 33856K, 100% used [0x0000000085600000, 0x0000000087710000, 0x0000000087710000)
  from space 4224K,  18% used [0x0000000087710000, 0x00000000877d5c58, 0x0000000087b30000)
  to   space 4224K,   0% used [0x0000000087b30000, 0x0000000087b30000, 0x0000000087f50000)
 concurrent mark-sweep generation total 118092K, used 78881K [0x000000009a2c0000, 0x00000000a1613000, 0x0000000100000000)
 Metaspace       used 110215K, capacity 116725K, committed 119084K, reserved 1153024K
  class space    used 13432K, capacity 14619K, committed 15200K, reserved 1048576K
2021-01-19T14:52:50.414+0000: 32221.827: [GC (Allocation Failure) 2021-01-19T14:52:50.414+0000: 32221.827: [ParNew
Desired survivor size 2162688 bytes, new threshold 6 (max 6)
- age   1:     124864 bytes,     124864 total
- age   2:     520984 bytes,     645848 total
- age   3:     261160 bytes,     907008 total
- age   4:         72 bytes,     907080 total
: 34647K->1042K(38080K), 0.0055490 secs] 113528K->79924K(156172K), 0.0057369 secs] [Times: user=0.02 sys=0.00, real=0.00 secs] 
Heap after GC invocations=571 (full 6):
 par new generation   total 38080K, used 1042K [0x0000000085600000, 0x0000000087f50000, 0x000000009a2c0000)
  eden space 33856K,   0% used [0x0000000085600000, 0x0000000085600000, 0x0000000087710000)
  from space 4224K,  24% used [0x0000000087b30000, 0x0000000087c34b10, 0x0000000087f50000)
  to   space 4224K,   0% used [0x0000000087710000, 0x0000000087710000, 0x0000000087b30000)
 concurrent mark-sweep generation total 118092K, used 78881K [0x000000009a2c0000, 0x00000000a1613000, 0x0000000100000000)
 Metaspace       used 110215K, capacity 116725K, committed 119084K, reserved 1153024K
  class space    used 13432K, capacity 14619K, committed 15200K, reserved 1048576K
}
2021-01-19T14:52:50.420+0000: 32221.832: Total time for which application threads were stopped: 0.0062680 seconds, Stopping threads took: 0.0000740 seconds
{Heap before GC invocations=571 (full 6):
 par new generation   total 38080K, used 34898K [0x0000000085600000, 0x0000000087f50000, 0x000000009a2c0000)
  eden space 33856K, 100% used [0x0000000085600000, 0x0000000087710000, 0x0000000087710000)
  from space 4224K,  24% used [0x0000000087b30000, 0x0000000087c34b10, 0x0000000087f50000)
  to   space 4224K,   0% used [0x0000000087710000, 0x0000000087710000, 0x0000000087b30000)
 concurrent mark-sweep generation total 118092K, used 78881K [0x000000009a2c0000, 0x00000000a1613000, 0x0000000100000000)
 Metaspace       used 110215K, capacity 116725K, committed 119084K, reserved 1153024K
  class space    used 13432K, capacity 14619K, committed 15200K, reserved 1048576K
2021-01-19T14:54:37.461+0000: 32328.873: [GC (Allocation Failure) 2021-01-19T14:54:37.461+0000: 32328.874: [ParNew
Desired survivor size 2162688 bytes, new threshold 6 (max 6)
- age   1:       5288 bytes,       5288 total
- age   2:      53744 bytes,      59032 total
- age   3:     520984 bytes,     580016 total
- age   4:     261160 bytes,     841176 total
- age   5:         72 bytes,     841248 total
: 34898K->1328K(38080K), 0.0064423 secs] 113780K->80210K(156172K), 0.0067927 secs] [Times: user=0.02 sys=0.00, real=0.01 secs] 
Heap after GC invocations=572 (full 6):
 par new generation   total 38080K, used 1328K [0x0000000085600000, 0x0000000087f50000, 0x000000009a2c0000)
  eden space 33856K,   0% used [0x0000000085600000, 0x0000000085600000, 0x0000000087710000)
  from space 4224K,  31% used [0x0000000087710000, 0x000000008785c218, 0x0000000087b30000)
  to   space 4224K,   0% used [0x0000000087b30000, 0x0000000087b30000, 0x0000000087f50000)
 concurrent mark-sweep generation total 118092K, used 78881K [0x000000009a2c0000, 0x00000000a1613000, 0x0000000100000000)
 Metaspace       used 110215K, capacity 116725K, committed 119084K, reserved 1153024K
  class space    used 13432K, capacity 14619K, committed 15200K, reserved 1048576K
}
2021-01-19T14:54:37.468+0000: 32328.880: Total time for which application threads were stopped: 0.0078975 seconds, Stopping threads took: 0.0002685 seconds
{Heap before GC invocations=572 (full 6):
 par new generation   total 38080K, used 35184K [0x0000000085600000, 0x0000000087f50000, 0x000000009a2c0000)
  eden space 33856K, 100% used [0x0000000085600000, 0x0000000087710000, 0x0000000087710000)
  from space 4224K,  31% used [0x0000000087710000, 0x000000008785c218, 0x0000000087b30000)
  to   space 4224K,   0% used [0x0000000087b30000, 0x0000000087b30000, 0x0000000087f50000)
 concurrent mark-sweep generation total 118092K, used 78881K [0x000000009a2c0000, 0x00000000a1613000, 0x0000000100000000)
 Metaspace       used 110215K, capacity 116725K, committed 119084K, reserved 1153024K
  class space    used 13432K, capacity 14619K, committed 15200K, reserved 1048576K
2021-01-19T14:56:23.325+0000: 32434.738: [GC (Allocation Failure) 2021-01-19T14:56:23.325+0000: 32434.738: [ParNew
Desired survivor size 2162688 bytes, new threshold 6 (max 6)
- age   1:       3752 bytes,       3752 total
- age   2:       1448 bytes,       5200 total
- age   3:      53704 bytes,      58904 total
- age   4:     521416 bytes,     580320 total
- age   5:     261160 bytes,     841480 total
- age   6:         72 bytes,     841552 total
: 35184K->1410K(38080K), 0.0059470 secs] 114066K->80292K(156172K), 0.0062138 secs] [Times: user=0.03 sys=0.00, real=0.00 secs] 
Heap after GC invocations=573 (full 6):
 par new generation   total 38080K, used 1410K [0x0000000085600000, 0x0000000087f50000, 0x000000009a2c0000)
  eden space 33856K,   0% used [0x0000000085600000, 0x0000000085600000, 0x0000000087710000)
  from space 4224K,  33% used [0x0000000087b30000, 0x0000000087c90990, 0x0000000087f50000)
  to   space 4224K,   0% used [0x0000000087710000, 0x0000000087710000, 0x0000000087b30000)
 concurrent mark-sweep generation total 118092K, used 78881K [0x000000009a2c0000, 0x00000000a1613000, 0x0000000100000000)
 Metaspace       used 110215K, capacity 116725K, committed 119084K, reserved 1153024K
  class space    used 13432K, capacity 14619K, committed 15200K, reserved 1048576K
}
2021-01-19T14:56:23.331+0000: 32434.744: Total time for which application threads were stopped: 0.0073636 seconds, Stopping threads took: 0.0002773 seconds
2021-01-19T14:56:24.332+0000: 32435.745: Total time for which application threads were stopped: 0.0004697 seconds, Stopping threads took: 0.0000764 seconds
2021-01-19T14:57:44.344+0000: 32515.757: Total time for which application threads were stopped: 0.0004872 seconds, Stopping threads took: 0.0000813 seconds
2021-01-19T14:57:46.345+0000: 32517.758: Total time for which application threads were stopped: 0.0003707 seconds, Stopping threads took: 0.0000667 seconds
2021-01-19T14:57:54.347+0000: 32525.759: Total time for which application threads were stopped: 0.0005071 seconds, Stopping threads took: 0.0000951 seconds
{Heap before GC invocations=573 (full 6):
 par new generation   total 38080K, used 35266K [0x0000000085600000, 0x0000000087f50000, 0x000000009a2c0000)
  eden space 33856K, 100% used [0x0000000085600000, 0x0000000087710000, 0x0000000087710000)
  from space 4224K,  33% used [0x0000000087b30000, 0x0000000087c90990, 0x0000000087f50000)
  to   space 4224K,   0% used [0x0000000087710000, 0x0000000087710000, 0x0000000087b30000)
 concurrent mark-sweep generation total 118092K, used 78881K [0x000000009a2c0000, 0x00000000a1613000, 0x0000000100000000)
 Metaspace       used 110232K, capacity 116789K, committed 119084K, reserved 1153024K
  class space    used 13432K, capacity 14619K, committed 15200K, reserved 1048576K
2021-01-19T14:58:06.961+0000: 32538.374: [GC (Allocation Failure) 2021-01-19T14:58:06.961+0000: 32538.374: [ParNew
Desired survivor size 2162688 bytes, new threshold 6 (max 6)
- age   1:       9544 bytes,       9544 total
- age   2:         32 bytes,       9576 total
- age   3:       1448 bytes,      11024 total
- age   4:      53704 bytes,      64728 total
- age   5:     520984 bytes,     585712 total
- age   6:     261160 bytes,     846872 total
: 35266K->891K(38080K), 0.0101301 secs] 114148K->79773K(156172K), 0.0104543 secs] [Times: user=0.03 sys=0.00, real=0.01 secs] 
Heap after GC invocations=574 (full 6):
 par new generation   total 38080K, used 891K [0x0000000085600000, 0x0000000087f50000, 0x000000009a2c0000)
  eden space 33856K,   0% used [0x0000000085600000, 0x0000000085600000, 0x0000000087710000)
  from space 4224K,  21% used [0x0000000087710000, 0x00000000877eee80, 0x0000000087b30000)
  to   space 4224K,   0% used [0x0000000087b30000, 0x0000000087b30000, 0x0000000087f50000)
 concurrent mark-sweep generation total 118092K, used 78881K [0x000000009a2c0000, 0x00000000a1613000, 0x0000000100000000)
 Metaspace       used 110232K, capacity 116789K, committed 119084K, reserved 1153024K
  class space    used 13432K, capacity 14619K, committed 15200K, reserved 1048576K
}
2021-01-19T14:58:06.972+0000: 32538.384: Total time for which application threads were stopped: 0.0114619 seconds, Stopping threads took: 0.0002402 seconds
{Heap before GC invocations=574 (full 6):
 par new generation   total 38080K, used 34747K [0x0000000085600000, 0x0000000087f50000, 0x000000009a2c0000)
  eden space 33856K, 100% used [0x0000000085600000, 0x0000000087710000, 0x0000000087710000)
  from space 4224K,  21% used [0x0000000087710000, 0x00000000877eee80, 0x0000000087b30000)
  to   space 4224K,   0% used [0x0000000087b30000, 0x0000000087b30000, 0x0000000087f50000)
 concurrent mark-sweep generation total 118092K, used 78881K [0x000000009a2c0000, 0x00000000a1613000, 0x0000000100000000)
 Metaspace       used 110232K, capacity 116789K, committed 119084K, reserved 1153024K
  class space    used 13432K, capacity 14619K, committed 15200K, reserved 1048576K
2021-01-19T14:59:53.318+0000: 32644.731: [GC (Allocation Failure) 2021-01-19T14:59:53.318+0000: 32644.731: [ParNew
Desired survivor size 2162688 bytes, new threshold 6 (max 6)
- age   1:      37368 bytes,      37368 total
- age   2:       5776 bytes,      43144 total
- age   4:       1448 bytes,      44592 total
- age   5:      53704 bytes,      98296 total
- age   6:     520984 bytes,     619280 total
: 34747K->1121K(38080K), 0.0067238 secs] 113629K->80261K(156172K), 0.0069600 secs] [Times: user=0.03 sys=0.00, real=0.01 secs] 
Heap after GC invocations=575 (full 6):
 par new generation   total 38080K, used 1121K [0x0000000085600000, 0x0000000087f50000, 0x000000009a2c0000)
  eden space 33856K,   0% used [0x0000000085600000, 0x0000000085600000, 0x0000000087710000)
  from space 4224K,  26% used [0x0000000087b30000, 0x0000000087c485f0, 0x0000000087f50000)
  to   space 4224K,   0% used [0x0000000087710000, 0x0000000087710000, 0x0000000087b30000)
 concurrent mark-sweep generation total 118092K, used 79140K [0x000000009a2c0000, 0x00000000a1613000, 0x0000000100000000)
 Metaspace       used 110232K, capacity 116789K, committed 119084K, reserved 1153024K
  class space    used 13432K, capacity 14619K, committed 15200K, reserved 1048576K
}
2021-01-19T14:59:53.325+0000: 32644.738: Total time for which application threads were stopped: 0.0075604 seconds, Stopping threads took: 0.0000705 seconds
{Heap before GC invocations=575 (full 6):
 par new generation   total 38080K, used 34977K [0x0000000085600000, 0x0000000087f50000, 0x000000009a2c0000)
  eden space 33856K, 100% used [0x0000000085600000, 0x0000000087710000, 0x0000000087710000)
  from space 4224K,  26% used [0x0000000087b30000, 0x0000000087c485f0, 0x0000000087f50000)
  to   space 4224K,   0% used [0x0000000087710000, 0x0000000087710000, 0x0000000087b30000)
 concurrent mark-sweep generation total 118092K, used 79140K [0x000000009a2c0000, 0x00000000a1613000, 0x0000000100000000)
 Metaspace       used 110232K, capacity 116789K, committed 119084K, reserved 1153024K
  class space    used 13432K, capacity 14619K, committed 15200K, reserved 1048576K
2021-01-19T15:01:38.697+0000: 32750.109: [GC (Allocation Failure) 2021-01-19T15:01:38.697+0000: 32750.109: [ParNew
Desired survivor size 2162688 bytes, new threshold 6 (max 6)
- age   1:       3424 bytes,       3424 total
- age   2:        152 bytes,       3576 total
- age   3:       5776 bytes,       9352 total
- age   5:       1448 bytes,      10800 total
- age   6:      53704 bytes,      64504 total
: 34977K->413K(38080K), 0.0118683 secs] 114117K->80069K(156172K), 0.0122293 secs] [Times: user=0.03 sys=0.01, real=0.01 secs] 
Heap after GC invocations=576 (full 6):
 par new generation   total 38080K, used 413K [0x0000000085600000, 0x0000000087f50000, 0x000000009a2c0000)
  eden space 33856K,   0% used [0x0000000085600000, 0x0000000085600000, 0x0000000087710000)
  from space 4224K,   9% used [0x0000000087710000, 0x00000000877776e0, 0x0000000087b30000)
  to   space 4224K,   0% used [0x0000000087b30000, 0x0000000087b30000, 0x0000000087f50000)
 concurrent mark-sweep generation total 118092K, used 79656K [0x000000009a2c0000, 0x00000000a1613000, 0x0000000100000000)
 Metaspace       used 110232K, capacity 116789K, committed 119084K, reserved 1153024K
  class space    used 13432K, capacity 14619K, committed 15200K, reserved 1048576K
}
2021-01-19T15:01:38.709+0000: 32750.122: Total time for which application threads were stopped: 0.0133075 seconds, Stopping threads took: 0.0002640 seconds
{Heap before GC invocations=576 (full 6):
 par new generation   total 38080K, used 34269K [0x0000000085600000, 0x0000000087f50000, 0x000000009a2c0000)
  eden space 33856K, 100% used [0x0000000085600000, 0x0000000087710000, 0x0000000087710000)
  from space 4224K,   9% used [0x0000000087710000, 0x00000000877776e0, 0x0000000087b30000)
  to   space 4224K,   0% used [0x0000000087b30000, 0x0000000087b30000, 0x0000000087f50000)
 concurrent mark-sweep generation total 118092K, used 79656K [0x000000009a2c0000, 0x00000000a1613000, 0x0000000100000000)
 Metaspace       used 110232K, capacity 116789K, committed 119084K, reserved 1153024K
  class space    used 13432K, capacity 14619K, committed 15200K, reserved 1048576K
2021-01-19T15:03:24.396+0000: 32855.808: [GC (Allocation Failure) 2021-01-19T15:03:24.396+0000: 32855.808: [ParNew
Desired survivor size 2162688 bytes, new threshold 6 (max 6)
- age   1:       3752 bytes,       3752 total
- age   3:        152 bytes,       3904 total
- age   4:       5776 bytes,       9680 total
- age   6:       1448 bytes,      11128 total
: 34269K->86K(38080K), 0.0090650 secs] 113925K->79795K(156172K), 0.0092981 secs] [Times: user=0.03 sys=0.00, real=0.01 secs] 
Heap after GC invocations=577 (full 6):
 par new generation   total 38080K, used 86K [0x0000000085600000, 0x0000000087f50000, 0x000000009a2c0000)
  eden space 33856K,   0% used [0x0000000085600000, 0x0000000085600000, 0x0000000087710000)
  from space 4224K,   2% used [0x0000000087b30000, 0x0000000087b459a8, 0x0000000087f50000)
  to   space 4224K,   0% used [0x0000000087710000, 0x0000000087710000, 0x0000000087b30000)
 concurrent mark-sweep generation total 118092K, used 79709K [0x000000009a2c0000, 0x00000000a1613000, 0x0000000100000000)
 Metaspace       used 110232K, capacity 116789K, committed 119084K, reserved 1153024K
  class space    used 13432K, capacity 14619K, committed 15200K, reserved 1048576K
}
2021-01-19T15:03:24.405+0000: 32855.818: Total time for which application threads were stopped: 0.0099761 seconds, Stopping threads took: 0.0000787 seconds
{Heap before GC invocations=577 (full 6):
 par new generation   total 38080K, used 33942K [0x0000000085600000, 0x0000000087f50000, 0x000000009a2c0000)
  eden space 33856K, 100% used [0x0000000085600000, 0x0000000087710000, 0x0000000087710000)
  from space 4224K,   2% used [0x0000000087b30000, 0x0000000087b459a8, 0x0000000087f50000)
  to   space 4224K,   0% used [0x0000000087710000, 0x0000000087710000, 0x0000000087b30000)
 concurrent mark-sweep generation total 118092K, used 79709K [0x000000009a2c0000, 0x00000000a1613000, 0x0000000100000000)
 Metaspace       used 110232K, capacity 116789K, committed 119084K, reserved 1153024K
  class space    used 13432K, capacity 14619K, committed 15200K, reserved 1048576K
2021-01-19T15:05:10.029+0000: 32961.442: [GC (Allocation Failure) 2021-01-19T15:05:10.029+0000: 32961.442: [ParNew
Desired survivor size 2162688 bytes, new threshold 6 (max 6)
- age   1:       3720 bytes,       3720 total
- age   2:         32 bytes,       3752 total
- age   4:        152 bytes,       3904 total
- age   5:       5776 bytes,       9680 total
: 33942K->23K(38080K), 0.0120641 secs] 113651K->79733K(156172K), 0.0123582 secs] [Times: user=0.03 sys=0.00, real=0.01 secs] 
Heap after GC invocations=578 (full 6):
 par new generation   total 38080K, used 23K [0x0000000085600000, 0x0000000087f50000, 0x000000009a2c0000)
  eden space 33856K,   0% used [0x0000000085600000, 0x0000000085600000, 0x0000000087710000)
  from space 4224K,   0% used [0x0000000087710000, 0x0000000087715c88, 0x0000000087b30000)
  to   space 4224K,   0% used [0x0000000087b30000, 0x0000000087b30000, 0x0000000087f50000)
 concurrent mark-sweep generation total 118092K, used 79710K [0x000000009a2c0000, 0x00000000a1613000, 0x0000000100000000)
 Metaspace       used 110232K, capacity 116789K, committed 119084K, reserved 1153024K
  class space    used 13432K, capacity 14619K, committed 15200K, reserved 1048576K
}
2021-01-19T15:05:10.042+0000: 32961.455: Total time for which application threads were stopped: 0.0132509 seconds, Stopping threads took: 0.0001376 seconds
{Heap before GC invocations=578 (full 6):
 par new generation   total 38080K, used 33879K [0x0000000085600000, 0x0000000087f50000, 0x000000009a2c0000)
  eden space 33856K, 100% used [0x0000000085600000, 0x0000000087710000, 0x0000000087710000)
  from space 4224K,   0% used [0x0000000087710000, 0x0000000087715c88, 0x0000000087b30000)
  to   space 4224K,   0% used [0x0000000087b30000, 0x0000000087b30000, 0x0000000087f50000)
 concurrent mark-sweep generation total 118092K, used 79710K [0x000000009a2c0000, 0x00000000a1613000, 0x0000000100000000)
 Metaspace       used 110232K, capacity 116789K, committed 119084K, reserved 1153024K
  class space    used 13432K, capacity 14619K, committed 15200K, reserved 1048576K
2021-01-19T15:06:55.798+0000: 33067.211: [GC (Allocation Failure) 2021-01-19T15:06:55.798+0000: 33067.211: [ParNew
Desired survivor size 2162688 bytes, new threshold 6 (max 6)
- age   1:      38104 bytes,      38104 total
- age   5:        152 bytes,      38256 total
- age   6:       5776 bytes,      44032 total
: 33879K->46K(38080K), 0.0157533 secs] 113589K->79757K(156172K), 0.0158624 secs] [Times: user=0.01 sys=0.00, real=0.02 secs] 
Heap after GC invocations=579 (full 6):
 par new generation   total 38080K, used 46K [0x0000000085600000, 0x0000000087f50000, 0x000000009a2c0000)
  eden space 33856K,   0% used [0x0000000085600000, 0x0000000085600000, 0x0000000087710000)
  from space 4224K,   1% used [0x0000000087b30000, 0x0000000087b3bb18, 0x0000000087f50000)
  to   space 4224K,   0% used [0x0000000087710000, 0x0000000087710000, 0x0000000087b30000)
 concurrent mark-sweep generation total 118092K, used 79710K [0x000000009a2c0000, 0x00000000a1613000, 0x0000000100000000)
 Metaspace       used 110232K, capacity 116789K, committed 119084K, reserved 1153024K
  class space    used 13432K, capacity 14619K, committed 15200K, reserved 1048576K
}
2021-01-19T15:06:55.814+0000: 33067.227: Total time for which application threads were stopped: 0.0161723 seconds, Stopping threads took: 0.0000600 seconds
{Heap before GC invocations=579 (full 6):
 par new generation   total 38080K, used 33902K [0x0000000085600000, 0x0000000087f50000, 0x000000009a2c0000)
  eden space 33856K, 100% used [0x0000000085600000, 0x0000000087710000, 0x0000000087710000)
  from space 4224K,   1% used [0x0000000087b30000, 0x0000000087b3bb18, 0x0000000087f50000)
  to   space 4224K,   0% used [0x0000000087710000, 0x0000000087710000, 0x0000000087b30000)
 concurrent mark-sweep generation total 118092K, used 79710K [0x000000009a2c0000, 0x00000000a1613000, 0x0000000100000000)
 Metaspace       used 110232K, capacity 116789K, committed 119084K, reserved 1153024K
  class space    used 13432K, capacity 14619K, committed 15200K, reserved 1048576K
2021-01-19T15:08:41.616+0000: 33173.028: [GC (Allocation Failure) 2021-01-19T15:08:41.616+0000: 33173.028: [ParNew
Desired survivor size 2162688 bytes, new threshold 6 (max 6)
- age   1:      70936 bytes,      70936 total
- age   2:         24 bytes,      70960 total
- age   6:        152 bytes,      71112 total
: 33902K->73K(38080K), 0.0068937 secs] 113613K->79789K(156172K), 0.0071435 secs] [Times: user=0.02 sys=0.00, real=0.00 secs] 
Heap after GC invocations=580 (full 6):
 par new generation   total 38080K, used 73K [0x0000000085600000, 0x0000000087f50000, 0x000000009a2c0000)
  eden space 33856K,   0% used [0x0000000085600000, 0x0000000085600000, 0x0000000087710000)
  from space 4224K,   1% used [0x0000000087710000, 0x0000000087722548, 0x0000000087b30000)
  to   space 4224K,   0% used [0x0000000087b30000, 0x0000000087b30000, 0x0000000087f50000)
 concurrent mark-sweep generation total 118092K, used 79716K [0x000000009a2c0000, 0x00000000a1613000, 0x0000000100000000)
 Metaspace       used 110232K, capacity 116789K, committed 119084K, reserved 1153024K
  class space    used 13432K, capacity 14619K, committed 15200K, reserved 1048576K
}
2021-01-19T15:08:41.623+0000: 33173.036: Total time for which application threads were stopped: 0.0079520 seconds, Stopping threads took: 0.0000901 seconds
{Heap before GC invocations=580 (full 6):
 par new generation   total 38080K, used 33929K [0x0000000085600000, 0x0000000087f50000, 0x000000009a2c0000)
  eden space 33856K, 100% used [0x0000000085600000, 0x0000000087710000, 0x0000000087710000)
  from space 4224K,   1% used [0x0000000087710000, 0x0000000087722548, 0x0000000087b30000)
  to   space 4224K,   0% used [0x0000000087b30000, 0x0000000087b30000, 0x0000000087f50000)
 concurrent mark-sweep generation total 118092K, used 79716K [0x000000009a2c0000, 0x00000000a1613000, 0x0000000100000000)
 Metaspace       used 110232K, capacity 116789K, committed 119084K, reserved 1153024K
  class space    used 13432K, capacity 14619K, committed 15200K, reserved 1048576K
2021-01-19T15:10:27.690+0000: 33279.103: [GC (Allocation Failure) 2021-01-19T15:10:27.691+0000: 33279.103: [ParNew
Desired survivor size 2162688 bytes, new threshold 6 (max 6)
- age   1:       3512 bytes,       3512 total
- age   2:         24 bytes,       3536 total
: 33929K->6K(38080K), 0.0048498 secs] 113645K->79722K(156172K), 0.0051127 secs] [Times: user=0.02 sys=0.00, real=0.01 secs] 
Heap after GC invocations=581 (full 6):
 par new generation   total 38080K, used 6K [0x0000000085600000, 0x0000000087f50000, 0x000000009a2c0000)
  eden space 33856K,   0% used [0x0000000085600000, 0x0000000085600000, 0x0000000087710000)
  from space 4224K,   0% used [0x0000000087b30000, 0x0000000087b31830, 0x0000000087f50000)
  to   space 4224K,   0% used [0x0000000087710000, 0x0000000087710000, 0x0000000087b30000)
 concurrent mark-sweep generation total 118092K, used 79716K [0x000000009a2c0000, 0x00000000a1613000, 0x0000000100000000)
 Metaspace       used 110232K, capacity 116789K, committed 119084K, reserved 1153024K
  class space    used 13432K, capacity 14619K, committed 15200K, reserved 1048576K
}
2021-01-19T15:10:27.696+0000: 33279.108: Total time for which application threads were stopped: 0.0059728 seconds, Stopping threads took: 0.0002376 seconds
2021-01-19T15:11:22.705+0000: 33334.117: Total time for which application threads were stopped: 0.0005361 seconds, Stopping threads took: 0.0000894 seconds
2021-01-19T15:11:44.709+0000: 33356.121: Total time for which application threads were stopped: 0.0004228 seconds, Stopping threads took: 0.0000792 seconds
{Heap before GC invocations=581 (full 6):
 par new generation   total 38080K, used 33862K [0x0000000085600000, 0x0000000087f50000, 0x000000009a2c0000)
  eden space 33856K, 100% used [0x0000000085600000, 0x0000000087710000, 0x0000000087710000)
  from space 4224K,   0% used [0x0000000087b30000, 0x0000000087b31830, 0x0000000087f50000)
  to   space 4224K,   0% used [0x0000000087710000, 0x0000000087710000, 0x0000000087b30000)
 concurrent mark-sweep generation total 118092K, used 79716K [0x000000009a2c0000, 0x00000000a1613000, 0x0000000100000000)
 Metaspace       used 110232K, capacity 116789K, committed 119084K, reserved 1153024K
  class space    used 13432K, capacity 14619K, committed 15200K, reserved 1048576K
2021-01-19T15:12:13.530+0000: 33384.943: [GC (Allocation Failure) 2021-01-19T15:12:13.531+0000: 33384.943: [ParNew
Desired survivor size 2162688 bytes, new threshold 6 (max 6)
- age   1:       3344 bytes,       3344 total
- age   2:         32 bytes,       3376 total
: 33862K->6K(38080K), 0.0053778 secs] 113578K->79722K(156172K), 0.0057441 secs] [Times: user=0.02 sys=0.00, real=0.01 secs] 
Heap after GC invocations=582 (full 6):
 par new generation   total 38080K, used 6K [0x0000000085600000, 0x0000000087f50000, 0x000000009a2c0000)
  eden space 33856K,   0% used [0x0000000085600000, 0x0000000085600000, 0x0000000087710000)
  from space 4224K,   0% used [0x0000000087710000, 0x0000000087711830, 0x0000000087b30000)
  to   space 4224K,   0% used [0x0000000087b30000, 0x0000000087b30000, 0x0000000087f50000)
 concurrent mark-sweep generation total 118092K, used 79716K [0x000000009a2c0000, 0x00000000a1613000, 0x0000000100000000)
 Metaspace       used 110232K, capacity 116789K, committed 119084K, reserved 1153024K
  class space    used 13432K, capacity 14619K, committed 15200K, reserved 1048576K
}
2021-01-19T15:12:13.536+0000: 33384.949: Total time for which application threads were stopped: 0.0067782 seconds, Stopping threads took: 0.0001667 seconds
2021-01-19T15:12:54.543+0000: 33425.955: Total time for which application threads were stopped: 0.0004767 seconds, Stopping threads took: 0.0000795 seconds
{Heap before GC invocations=582 (full 6):
 par new generation   total 38080K, used 33862K [0x0000000085600000, 0x0000000087f50000, 0x000000009a2c0000)
  eden space 33856K, 100% used [0x0000000085600000, 0x0000000087710000, 0x0000000087710000)
  from space 4224K,   0% used [0x0000000087710000, 0x0000000087711830, 0x0000000087b30000)
  to   space 4224K,   0% used [0x0000000087b30000, 0x0000000087b30000, 0x0000000087f50000)
 concurrent mark-sweep generation total 118092K, used 79716K [0x000000009a2c0000, 0x00000000a1613000, 0x0000000100000000)
 Metaspace       used 110233K, capacity 116789K, committed 119084K, reserved 1153024K
  class space    used 13432K, capacity 14619K, committed 15200K, reserved 1048576K
2021-01-19T15:13:59.446+0000: 33490.859: [GC (Allocation Failure) 2021-01-19T15:13:59.447+0000: 33490.859: [ParNew
Desired survivor size 2162688 bytes, new threshold 6 (max 6)
- age   1:      38856 bytes,      38856 total
: 33862K->40K(38080K), 0.0045666 secs] 113578K->79757K(156172K), 0.0048289 secs] [Times: user=0.01 sys=0.00, real=0.00 secs] 
Heap after GC invocations=583 (full 6):
 par new generation   total 38080K, used 40K [0x0000000085600000, 0x0000000087f50000, 0x000000009a2c0000)
  eden space 33856K,   0% used [0x0000000085600000, 0x0000000085600000, 0x0000000087710000)
  from space 4224K,   0% used [0x0000000087b30000, 0x0000000087b3a318, 0x0000000087f50000)
  to   space 4224K,   0% used [0x0000000087710000, 0x0000000087710000, 0x0000000087b30000)
 concurrent mark-sweep generation total 118092K, used 79716K [0x000000009a2c0000, 0x00000000a1613000, 0x0000000100000000)
 Metaspace       used 110233K, capacity 116789K, committed 119084K, reserved 1153024K
  class space    used 13432K, capacity 14619K, committed 15200K, reserved 1048576K
}
2021-01-19T15:13:59.451+0000: 33490.864: Total time for which application threads were stopped: 0.0054605 seconds, Stopping threads took: 0.0000795 seconds
{Heap before GC invocations=583 (full 6):
 par new generation   total 38080K, used 33896K [0x0000000085600000, 0x0000000087f50000, 0x000000009a2c0000)
  eden space 33856K, 100% used [0x0000000085600000, 0x0000000087710000, 0x0000000087710000)
  from space 4224K,   0% used [0x0000000087b30000, 0x0000000087b3a318, 0x0000000087f50000)
  to   space 4224K,   0% used [0x0000000087710000, 0x0000000087710000, 0x0000000087b30000)
 concurrent mark-sweep generation total 118092K, used 79716K [0x000000009a2c0000, 0x00000000a1613000, 0x0000000100000000)
 Metaspace       used 110233K, capacity 116789K, committed 119084K, reserved 1153024K
  class space    used 13432K, capacity 14619K, committed 15200K, reserved 1048576K
2021-01-19T15:15:45.383+0000: 33596.796: [GC (Allocation Failure) 2021-01-19T15:15:45.383+0000: 33596.796: [ParNew
Desired survivor size 2162688 bytes, new threshold 6 (max 6)
- age   1:      73040 bytes,      73040 total
- age   2:       1184 bytes,      74224 total
: 33896K->75K(38080K), 0.0050311 secs] 113613K->79791K(156172K), 0.0052862 secs] [Times: user=0.01 sys=0.00, real=0.01 secs] 
Heap after GC invocations=584 (full 6):
 par new generation   total 38080K, used 75K [0x0000000085600000, 0x0000000087f50000, 0x000000009a2c0000)
  eden space 33856K,   0% used [0x0000000085600000, 0x0000000085600000, 0x0000000087710000)
  from space 4224K,   1% used [0x0000000087710000, 0x0000000087722e00, 0x0000000087b30000)
  to   space 4224K,   0% used [0x0000000087b30000, 0x0000000087b30000, 0x0000000087f50000)
 concurrent mark-sweep generation total 118092K, used 79716K [0x000000009a2c0000, 0x00000000a1613000, 0x0000000100000000)
 Metaspace       used 110233K, capacity 116789K, committed 119084K, reserved 1153024K
  class space    used 13432K, capacity 14619K, committed 15200K, reserved 1048576K
}
2021-01-19T15:15:45.388+0000: 33596.801: Total time for which application threads were stopped: 0.0061390 seconds, Stopping threads took: 0.0000848 seconds
2021-01-19T15:15:46.389+0000: 33597.802: Total time for which application threads were stopped: 0.0004670 seconds, Stopping threads took: 0.0000776 seconds
{Heap before GC invocations=584 (full 6):
 par new generation   total 38080K, used 33931K [0x0000000085600000, 0x0000000087f50000, 0x000000009a2c0000)
  eden space 33856K, 100% used [0x0000000085600000, 0x0000000087710000, 0x0000000087710000)
  from space 4224K,   1% used [0x0000000087710000, 0x0000000087722e00, 0x0000000087b30000)
  to   space 4224K,   0% used [0x0000000087b30000, 0x0000000087b30000, 0x0000000087f50000)
 concurrent mark-sweep generation total 118092K, used 79716K [0x000000009a2c0000, 0x00000000a1613000, 0x0000000100000000)
 Metaspace       used 110233K, capacity 116789K, committed 119084K, reserved 1153024K
  class space    used 13432K, capacity 14619K, committed 15200K, reserved 1048576K
2021-01-19T15:17:31.643+0000: 33703.055: [GC (Allocation Failure) 2021-01-19T15:17:31.643+0000: 33703.056: [ParNew
Desired survivor size 2162688 bytes, new threshold 6 (max 6)
- age   1:       3328 bytes,       3328 total
- age   2:       1600 bytes,       4928 total
- age   3:       1184 bytes,       6112 total
: 33931K->8K(38080K), 0.0053854 secs] 113647K->79724K(156172K), 0.0056702 secs] [Times: user=0.02 sys=0.00, real=0.01 secs] 
Heap after GC invocations=585 (full 6):
 par new generation   total 38080K, used 8K [0x0000000085600000, 0x0000000087f50000, 0x000000009a2c0000)
  eden space 33856K,   0% used [0x0000000085600000, 0x0000000085600000, 0x0000000087710000)
  from space 4224K,   0% used [0x0000000087b30000, 0x0000000087b32040, 0x0000000087f50000)
  to   space 4224K,   0% used [0x0000000087710000, 0x0000000087710000, 0x0000000087b30000)
 concurrent mark-sweep generation total 118092K, used 79716K [0x000000009a2c0000, 0x00000000a1613000, 0x0000000100000000)
 Metaspace       used 110233K, capacity 116789K, committed 119084K, reserved 1153024K
  class space    used 13432K, capacity 14619K, committed 15200K, reserved 1048576K
}
2021-01-19T15:17:31.649+0000: 33703.061: Total time for which application threads were stopped: 0.0070543 seconds, Stopping threads took: 0.0004644 seconds
2021-01-19T15:18:54.662+0000: 33786.074: Total time for which application threads were stopped: 0.0011213 seconds, Stopping threads took: 0.0002357 seconds
{Heap before GC invocations=585 (full 6):
 par new generation   total 38080K, used 33864K [0x0000000085600000, 0x0000000087f50000, 0x000000009a2c0000)
  eden space 33856K, 100% used [0x0000000085600000, 0x0000000087710000, 0x0000000087710000)
  from space 4224K,   0% used [0x0000000087b30000, 0x0000000087b32040, 0x0000000087f50000)
  to   space 4224K,   0% used [0x0000000087710000, 0x0000000087710000, 0x0000000087b30000)
 concurrent mark-sweep generation total 118092K, used 79716K [0x000000009a2c0000, 0x00000000a1613000, 0x0000000100000000)
 Metaspace       used 110233K, capacity 116789K, committed 119084K, reserved 1153024K
  class space    used 13432K, capacity 14619K, committed 15200K, reserved 1048576K
2021-01-19T15:19:15.417+0000: 33806.830: [GC (Allocation Failure) 2021-01-19T15:19:15.417+0000: 33806.830: [ParNew
Desired survivor size 2162688 bytes, new threshold 6 (max 6)
- age   1:     370336 bytes,     370336 total
- age   2:        184 bytes,     370520 total
- age   3:       1600 bytes,     372120 total
- age   4:       1184 bytes,     373304 total
: 33864K->371K(38080K), 0.0048667 secs] 113580K->80087K(156172K), 0.0051216 secs] [Times: user=0.02 sys=0.00, real=0.00 secs] 
Heap after GC invocations=586 (full 6):
 par new generation   total 38080K, used 371K [0x0000000085600000, 0x0000000087f50000, 0x000000009a2c0000)
  eden space 33856K,   0% used [0x0000000085600000, 0x0000000085600000, 0x0000000087710000)
  from space 4224K,   8% used [0x0000000087710000, 0x000000008776ccd0, 0x0000000087b30000)
  to   space 4224K,   0% used [0x0000000087b30000, 0x0000000087b30000, 0x0000000087f50000)
 concurrent mark-sweep generation total 118092K, used 79716K [0x000000009a2c0000, 0x00000000a1613000, 0x0000000100000000)
 Metaspace       used 110233K, capacity 116789K, committed 119084K, reserved 1153024K
  class space    used 13432K, capacity 14619K, committed 15200K, reserved 1048576K
}
2021-01-19T15:19:15.423+0000: 33806.835: Total time for which application threads were stopped: 0.0057909 seconds, Stopping threads took: 0.0001054 seconds
{Heap before GC invocations=586 (full 6):
 par new generation   total 38080K, used 34227K [0x0000000085600000, 0x0000000087f50000, 0x000000009a2c0000)
  eden space 33856K, 100% used [0x0000000085600000, 0x0000000087710000, 0x0000000087710000)
  from space 4224K,   8% used [0x0000000087710000, 0x000000008776ccd0, 0x0000000087b30000)
  to   space 4224K,   0% used [0x0000000087b30000, 0x0000000087b30000, 0x0000000087f50000)
 concurrent mark-sweep generation total 118092K, used 79716K [0x000000009a2c0000, 0x00000000a1613000, 0x0000000100000000)
 Metaspace       used 110233K, capacity 116789K, committed 119084K, reserved 1153024K
  class space    used 13432K, capacity 14619K, committed 15200K, reserved 1048576K
2021-01-19T15:20:58.523+0000: 33909.936: [GC (Allocation Failure) 2021-01-19T15:20:58.524+0000: 33909.936: [ParNew
Desired survivor size 2162688 bytes, new threshold 6 (max 6)
- age   1:     456864 bytes,     456864 total
- age   2:     366424 bytes,     823288 total
- age   3:        152 bytes,     823440 total
- age   4:       1600 bytes,     825040 total
- age   5:       1184 bytes,     826224 total
: 34227K->905K(38080K), 0.0101231 secs] 113943K->80621K(156172K), 0.0104820 secs] [Times: user=0.02 sys=0.01, real=0.02 secs] 
Heap after GC invocations=587 (full 6):
 par new generation   total 38080K, used 905K [0x0000000085600000, 0x0000000087f50000, 0x000000009a2c0000)
  eden space 33856K,   0% used [0x0000000085600000, 0x0000000085600000, 0x0000000087710000)
  from space 4224K,  21% used [0x0000000087b30000, 0x0000000087c12558, 0x0000000087f50000)
  to   space 4224K,   0% used [0x0000000087710000, 0x0000000087710000, 0x0000000087b30000)
 concurrent mark-sweep generation total 118092K, used 79716K [0x000000009a2c0000, 0x00000000a1613000, 0x0000000100000000)
 Metaspace       used 110233K, capacity 116789K, committed 119084K, reserved 1153024K
  class space    used 13432K, capacity 14619K, committed 15200K, reserved 1048576K
}
2021-01-19T15:20:58.534+0000: 33909.947: Total time for which application threads were stopped: 0.0117137 seconds, Stopping threads took: 0.0001449 seconds
{Heap before GC invocations=587 (full 6):
 par new generation   total 38080K, used 34761K [0x0000000085600000, 0x0000000087f50000, 0x000000009a2c0000)
  eden space 33856K, 100% used [0x0000000085600000, 0x0000000087710000, 0x0000000087710000)
  from space 4224K,  21% used [0x0000000087b30000, 0x0000000087c12558, 0x0000000087f50000)
  to   space 4224K,   0% used [0x0000000087710000, 0x0000000087710000, 0x0000000087b30000)
 concurrent mark-sweep generation total 118092K, used 79716K [0x000000009a2c0000, 0x00000000a1613000, 0x0000000100000000)
 Metaspace       used 110235K, capacity 116789K, committed 119084K, reserved 1153024K
  class space    used 13432K, capacity 14619K, committed 15200K, reserved 1048576K
2021-01-19T15:22:43.876+0000: 34015.289: [GC (Allocation Failure) 2021-01-19T15:22:43.876+0000: 34015.289: [ParNew
Desired survivor size 2162688 bytes, new threshold 6 (max 6)
- age   1:     124040 bytes,     124040 total
- age   2:     417856 bytes,     541896 total
- age   3:     365288 bytes,     907184 total
- age   4:        152 bytes,     907336 total
- age   5:       1600 bytes,     908936 total
- age   6:       1184 bytes,     910120 total
: 34761K->1193K(38080K), 0.0059024 secs] 114477K->80910K(156172K), 0.0061529 secs] [Times: user=0.02 sys=0.00, real=0.00 secs] 
Heap after GC invocations=588 (full 6):
 par new generation   total 38080K, used 1193K [0x0000000085600000, 0x0000000087f50000, 0x000000009a2c0000)
  eden space 33856K,   0% used [0x0000000085600000, 0x0000000085600000, 0x0000000087710000)
  from space 4224K,  28% used [0x0000000087710000, 0x000000008783a660, 0x0000000087b30000)
  to   space 4224K,   0% used [0x0000000087b30000, 0x0000000087b30000, 0x0000000087f50000)
 concurrent mark-sweep generation total 118092K, used 79716K [0x000000009a2c0000, 0x00000000a1613000, 0x0000000100000000)
 Metaspace       used 110235K, capacity 116789K, committed 119084K, reserved 1153024K
  class space    used 13432K, capacity 14619K, committed 15200K, reserved 1048576K
}
2021-01-19T15:22:43.883+0000: 34015.295: Total time for which application threads were stopped: 0.0069080 seconds, Stopping threads took: 0.0000773 seconds
{Heap before GC invocations=588 (full 6):
 par new generation   total 38080K, used 35049K [0x0000000085600000, 0x0000000087f50000, 0x000000009a2c0000)
  eden space 33856K, 100% used [0x0000000085600000, 0x0000000087710000, 0x0000000087710000)
  from space 4224K,  28% used [0x0000000087710000, 0x000000008783a660, 0x0000000087b30000)
  to   space 4224K,   0% used [0x0000000087b30000, 0x0000000087b30000, 0x0000000087f50000)
 concurrent mark-sweep generation total 118092K, used 79716K [0x000000009a2c0000, 0x00000000a1613000, 0x0000000100000000)
 Metaspace       used 110235K, capacity 116789K, committed 119084K, reserved 1153024K
  class space    used 13432K, capacity 14619K, committed 15200K, reserved 1048576K
2021-01-19T15:24:30.624+0000: 34122.036: [GC (Allocation Failure) 2021-01-19T15:24:30.624+0000: 34122.036: [ParNew
Desired survivor size 2162688 bytes, new threshold 6 (max 6)
- age   1:       3656 bytes,       3656 total
- age   2:      53048 bytes,      56704 total
- age   3:     417832 bytes,     474536 total
- age   4:     365288 bytes,     839824 total
- age   5:        152 bytes,     839976 total
- age   6:       1600 bytes,     841576 total
: 35049K->1178K(38080K), 0.0060685 secs] 114766K->80896K(156172K), 0.0063920 secs] [Times: user=0.02 sys=0.00, real=0.01 secs] 
Heap after GC invocations=589 (full 6):
 par new generation   total 38080K, used 1178K [0x0000000085600000, 0x0000000087f50000, 0x000000009a2c0000)
  eden space 33856K,   0% used [0x0000000085600000, 0x0000000085600000, 0x0000000087710000)
  from space 4224K,  27% used [0x0000000087b30000, 0x0000000087c56bd0, 0x0000000087f50000)
  to   space 4224K,   0% used [0x0000000087710000, 0x0000000087710000, 0x0000000087b30000)
 concurrent mark-sweep generation total 118092K, used 79717K [0x000000009a2c0000, 0x00000000a1613000, 0x0000000100000000)
 Metaspace       used 110235K, capacity 116789K, committed 119084K, reserved 1153024K
  class space    used 13432K, capacity 14619K, committed 15200K, reserved 1048576K
}
2021-01-19T15:24:30.630+0000: 34122.043: Total time for which application threads were stopped: 0.0071977 seconds, Stopping threads took: 0.0001948 seconds
2021-01-19T15:25:44.642+0000: 34196.055: Total time for which application threads were stopped: 0.0004677 seconds, Stopping threads took: 0.0000865 seconds
{Heap before GC invocations=589 (full 6):
 par new generation   total 38080K, used 35034K [0x0000000085600000, 0x0000000087f50000, 0x000000009a2c0000)
  eden space 33856K, 100% used [0x0000000085600000, 0x0000000087710000, 0x0000000087710000)
  from space 4224K,  27% used [0x0000000087b30000, 0x0000000087c56bd0, 0x0000000087f50000)
  to   space 4224K,   0% used [0x0000000087710000, 0x0000000087710000, 0x0000000087b30000)
 concurrent mark-sweep generation total 118092K, used 79717K [0x000000009a2c0000, 0x00000000a1613000, 0x0000000100000000)
 Metaspace       used 110235K, capacity 116789K, committed 119084K, reserved 1153024K
  class space    used 13432K, capacity 14619K, committed 15200K, reserved 1048576K
2021-01-19T15:26:16.042+0000: 34227.455: [GC (Allocation Failure) 2021-01-19T15:26:16.042+0000: 34227.455: [ParNew
Desired survivor size 2162688 bytes, new threshold 6 (max 6)
- age   1:       3312 bytes,       3312 total
- age   2:        336 bytes,       3648 total
- age   3:      53024 bytes,      56672 total
- age   4:     417832 bytes,     474504 total
- age   5:     365288 bytes,     839792 total
- age   6:        152 bytes,     839944 total
: 35034K->1422K(38080K), 0.0089547 secs] 114752K->81141K(156172K), 0.0092648 secs] [Times: user=0.02 sys=0.00, real=0.01 secs] 
Heap after GC invocations=590 (full 6):
 par new generation   total 38080K, used 1422K [0x0000000085600000, 0x0000000087f50000, 0x000000009a2c0000)
  eden space 33856K,   0% used [0x0000000085600000, 0x0000000085600000, 0x0000000087710000)
  from space 4224K,  33% used [0x0000000087710000, 0x0000000087873a58, 0x0000000087b30000)
  to   space 4224K,   0% used [0x0000000087b30000, 0x0000000087b30000, 0x0000000087f50000)
 concurrent mark-sweep generation total 118092K, used 79719K [0x000000009a2c0000, 0x00000000a1613000, 0x0000000100000000)
 Metaspace       used 110235K, capacity 116789K, committed 119084K, reserved 1153024K
  class space    used 13432K, capacity 14619K, committed 15200K, reserved 1048576K
}
2021-01-19T15:26:16.052+0000: 34227.464: Total time for which application threads were stopped: 0.0099713 seconds, Stopping threads took: 0.0000800 seconds
{Heap before GC invocations=590 (full 6):
 par new generation   total 38080K, used 35278K [0x0000000085600000, 0x0000000087f50000, 0x000000009a2c0000)
  eden space 33856K, 100% used [0x0000000085600000, 0x0000000087710000, 0x0000000087710000)
  from space 4224K,  33% used [0x0000000087710000, 0x0000000087873a58, 0x0000000087b30000)
  to   space 4224K,   0% used [0x0000000087b30000, 0x0000000087b30000, 0x0000000087f50000)
 concurrent mark-sweep generation total 118092K, used 79719K [0x000000009a2c0000, 0x00000000a1613000, 0x0000000100000000)
 Metaspace       used 110235K, capacity 116789K, committed 119084K, reserved 1153024K
  class space    used 13432K, capacity 14619K, committed 15200K, reserved 1048576K
2021-01-19T15:28:01.932+0000: 34333.345: [GC (Allocation Failure) 2021-01-19T15:28:01.932+0000: 34333.345: [ParNew
Desired survivor size 2162688 bytes, new threshold 6 (max 6)
- age   1:       4224 bytes,       4224 total
- age   3:        304 bytes,       4528 total
- age   4:      53024 bytes,      57552 total
- age   5:     417832 bytes,     475384 total
- age   6:     365288 bytes,     840672 total
: 35278K->1149K(38080K), 0.0060437 secs] 114997K->80868K(156172K), 0.0064353 secs] [Times: user=0.02 sys=0.01, real=0.01 secs] 
Heap after GC invocations=591 (full 6):
 par new generation   total 38080K, used 1149K [0x0000000085600000, 0x0000000087f50000, 0x000000009a2c0000)
  eden space 33856K,   0% used [0x0000000085600000, 0x0000000085600000, 0x0000000087710000)
  from space 4224K,  27% used [0x0000000087b30000, 0x0000000087c4f598, 0x0000000087f50000)
  to   space 4224K,   0% used [0x0000000087710000, 0x0000000087710000, 0x0000000087b30000)
 concurrent mark-sweep generation total 118092K, used 79719K [0x000000009a2c0000, 0x00000000a1613000, 0x0000000100000000)
 Metaspace       used 110235K, capacity 116789K, committed 119084K, reserved 1153024K
  class space    used 13432K, capacity 14619K, committed 15200K, reserved 1048576K
}
2021-01-19T15:28:01.939+0000: 34333.351: Total time for which application threads were stopped: 0.0074959 seconds, Stopping threads took: 0.0004122 seconds
{Heap before GC invocations=591 (full 6):
 par new generation   total 38080K, used 35005K [0x0000000085600000, 0x0000000087f50000, 0x000000009a2c0000)
  eden space 33856K, 100% used [0x0000000085600000, 0x0000000087710000, 0x0000000087710000)
  from space 4224K,  27% used [0x0000000087b30000, 0x0000000087c4f598, 0x0000000087f50000)
  to   space 4224K,   0% used [0x0000000087710000, 0x0000000087710000, 0x0000000087b30000)
 concurrent mark-sweep generation total 118092K, used 79719K [0x000000009a2c0000, 0x00000000a1613000, 0x0000000100000000)
 Metaspace       used 110235K, capacity 116789K, committed 119084K, reserved 1153024K
  class space    used 13432K, capacity 14619K, committed 15200K, reserved 1048576K
2021-01-19T15:29:47.906+0000: 34439.318: [GC (Allocation Failure) 2021-01-19T15:29:47.906+0000: 34439.319: [ParNew
Desired survivor size 2162688 bytes, new threshold 6 (max 6)
- age   1:      71176 bytes,      71176 total
- age   4:        304 bytes,      71480 total
- age   5:      53064 bytes,     124544 total
- age   6:     417832 bytes,     542376 total
: 35005K->1115K(38080K), 0.0057267 secs] 114724K->81196K(156172K), 0.0059074 secs] [Times: user=0.02 sys=0.01, real=0.00 secs] 
Heap after GC invocations=592 (full 6):
 par new generation   total 38080K, used 1115K [0x0000000085600000, 0x0000000087f50000, 0x000000009a2c0000)
  eden space 33856K,   0% used [0x0000000085600000, 0x0000000085600000, 0x0000000087710000)
  from space 4224K,  26% used [0x0000000087710000, 0x0000000087826cd0, 0x0000000087b30000)
  to   space 4224K,   0% used [0x0000000087b30000, 0x0000000087b30000, 0x0000000087f50000)
 concurrent mark-sweep generation total 118092K, used 80080K [0x000000009a2c0000, 0x00000000a1613000, 0x0000000100000000)
 Metaspace       used 110235K, capacity 116789K, committed 119084K, reserved 1153024K
  class space    used 13432K, capacity 14619K, committed 15200K, reserved 1048576K
}
2021-01-19T15:29:47.912+0000: 34439.324: Total time for which application threads were stopped: 0.0065893 seconds, Stopping threads took: 0.0002201 seconds
{Heap before GC invocations=592 (full 6):
 par new generation   total 38080K, used 34971K [0x0000000085600000, 0x0000000087f50000, 0x000000009a2c0000)
  eden space 33856K, 100% used [0x0000000085600000, 0x0000000087710000, 0x0000000087710000)
  from space 4224K,  26% used [0x0000000087710000, 0x0000000087826cd0, 0x0000000087b30000)
  to   space 4224K,   0% used [0x0000000087b30000, 0x0000000087b30000, 0x0000000087f50000)
 concurrent mark-sweep generation total 118092K, used 80080K [0x000000009a2c0000, 0x00000000a1613000, 0x0000000100000000)
 Metaspace       used 110235K, capacity 116789K, committed 119084K, reserved 1153024K
  class space    used 13432K, capacity 14619K, committed 15200K, reserved 1048576K
2021-01-19T15:31:34.011+0000: 34545.424: [GC (Allocation Failure) 2021-01-19T15:31:34.011+0000: 34545.424: [ParNew
Desired survivor size 2162688 bytes, new threshold 6 (max 6)
- age   1:       3928 bytes,       3928 total
- age   5:        304 bytes,       4232 total
- age   6:      53024 bytes,      57256 total
: 34971K->384K(38080K), 0.0048248 secs] 115052K->80878K(156172K), 0.0050340 secs] [Times: user=0.02 sys=0.00, real=0.01 secs] 
Heap after GC invocations=593 (full 6):
 par new generation   total 38080K, used 384K [0x0000000085600000, 0x0000000087f50000, 0x000000009a2c0000)
  eden space 33856K,   0% used [0x0000000085600000, 0x0000000085600000, 0x0000000087710000)
  from space 4224K,   9% used [0x0000000087b30000, 0x0000000087b90200, 0x0000000087f50000)
  to   space 4224K,   0% used [0x0000000087710000, 0x0000000087710000, 0x0000000087b30000)
 concurrent mark-sweep generation total 118092K, used 80494K [0x000000009a2c0000, 0x00000000a1613000, 0x0000000100000000)
 Metaspace       used 110235K, capacity 116789K, committed 119084K, reserved 1153024K
  class space    used 13432K, capacity 14619K, committed 15200K, reserved 1048576K
}
2021-01-19T15:31:34.016+0000: 34545.429: Total time for which application threads were stopped: 0.0055506 seconds, Stopping threads took: 0.0000775 seconds
{Heap before GC invocations=593 (full 6):
 par new generation   total 38080K, used 34240K [0x0000000085600000, 0x0000000087f50000, 0x000000009a2c0000)
  eden space 33856K, 100% used [0x0000000085600000, 0x0000000087710000, 0x0000000087710000)
  from space 4224K,   9% used [0x0000000087b30000, 0x0000000087b90200, 0x0000000087f50000)
  to   space 4224K,   0% used [0x0000000087710000, 0x0000000087710000, 0x0000000087b30000)
 concurrent mark-sweep generation total 118092K, used 80494K [0x000000009a2c0000, 0x00000000a1613000, 0x0000000100000000)
 Metaspace       used 110235K, capacity 116789K, committed 119084K, reserved 1153024K
  class space    used 13432K, capacity 14619K, committed 15200K, reserved 1048576K
2021-01-19T15:33:20.238+0000: 34651.651: [GC (Allocation Failure) 2021-01-19T15:33:20.238+0000: 34651.651: [ParNew
Desired survivor size 2162688 bytes, new threshold 6 (max 6)
- age   1:       3688 bytes,       3688 total
- age   2:         32 bytes,       3720 total
- age   6:        304 bytes,       4024 total
: 34240K->79K(38080K), 0.0057832 secs] 114734K->80626K(156172K), 0.0060548 secs] [Times: user=0.02 sys=0.00, real=0.01 secs] 
Heap after GC invocations=594 (full 6):
 par new generation   total 38080K, used 79K [0x0000000085600000, 0x0000000087f50000, 0x000000009a2c0000)
  eden space 33856K,   0% used [0x0000000085600000, 0x0000000085600000, 0x0000000087710000)
  from space 4224K,   1% used [0x0000000087710000, 0x0000000087723fc8, 0x0000000087b30000)
  to   space 4224K,   0% used [0x0000000087b30000, 0x0000000087b30000, 0x0000000087f50000)
 concurrent mark-sweep generation total 118092K, used 80546K [0x000000009a2c0000, 0x00000000a1613000, 0x0000000100000000)
 Metaspace       used 110235K, capacity 116789K, committed 119084K, reserved 1153024K
  class space    used 13432K, capacity 14619K, committed 15200K, reserved 1048576K
}
2021-01-19T15:33:20.244+0000: 34651.657: Total time for which application threads were stopped: 0.0068578 seconds, Stopping threads took: 0.0002102 seconds
{Heap before GC invocations=594 (full 6):
 par new generation   total 38080K, used 33935K [0x0000000085600000, 0x0000000087f50000, 0x000000009a2c0000)
  eden space 33856K, 100% used [0x0000000085600000, 0x0000000087710000, 0x0000000087710000)
  from space 4224K,   1% used [0x0000000087710000, 0x0000000087723fc8, 0x0000000087b30000)
  to   space 4224K,   0% used [0x0000000087b30000, 0x0000000087b30000, 0x0000000087f50000)
 concurrent mark-sweep generation total 118092K, used 80546K [0x000000009a2c0000, 0x00000000a1613000, 0x0000000100000000)
 Metaspace       used 110235K, capacity 116789K, committed 119084K, reserved 1153024K
  class space    used 13432K, capacity 14619K, committed 15200K, reserved 1048576K
2021-01-19T15:35:06.234+0000: 34757.646: [GC (Allocation Failure) 2021-01-19T15:35:06.234+0000: 34757.647: [ParNew
Desired survivor size 2162688 bytes, new threshold 6 (max 6)
- age   1:       3752 bytes,       3752 total
: 33935K->20K(38080K), 0.0047170 secs] 114482K->80567K(156172K), 0.0049909 secs] [Times: user=0.02 sys=0.00, real=0.00 secs] 
Heap after GC invocations=595 (full 6):
 par new generation   total 38080K, used 20K [0x0000000085600000, 0x0000000087f50000, 0x000000009a2c0000)
  eden space 33856K,   0% used [0x0000000085600000, 0x0000000085600000, 0x0000000087710000)
  from space 4224K,   0% used [0x0000000087b30000, 0x0000000087b35220, 0x0000000087f50000)
  to   space 4224K,   0% used [0x0000000087710000, 0x0000000087710000, 0x0000000087b30000)
 concurrent mark-sweep generation total 118092K, used 80547K [0x000000009a2c0000, 0x00000000a1613000, 0x0000000100000000)
 Metaspace       used 110235K, capacity 116789K, committed 119084K, reserved 1153024K
  class space    used 13432K, capacity 14619K, committed 15200K, reserved 1048576K
}
2021-01-19T15:35:06.239+0000: 34757.652: Total time for which application threads were stopped: 0.0055578 seconds, Stopping threads took: 0.0000667 seconds
2021-01-19T15:35:44.245+0000: 34795.658: Total time for which application threads were stopped: 0.0004223 seconds, Stopping threads took: 0.0000805 seconds
2021-01-19T15:35:54.247+0000: 34805.660: Total time for which application threads were stopped: 0.0003940 seconds, Stopping threads took: 0.0000712 seconds
{Heap before GC invocations=595 (full 6):
 par new generation   total 38080K, used 33876K [0x0000000085600000, 0x0000000087f50000, 0x000000009a2c0000)
  eden space 33856K, 100% used [0x0000000085600000, 0x0000000087710000, 0x0000000087710000)
  from space 4224K,   0% used [0x0000000087b30000, 0x0000000087b35220, 0x0000000087f50000)
  to   space 4224K,   0% used [0x0000000087710000, 0x0000000087710000, 0x0000000087b30000)
 concurrent mark-sweep generation total 118092K, used 80547K [0x000000009a2c0000, 0x00000000a1613000, 0x0000000100000000)
 Metaspace       used 110235K, capacity 116789K, committed 119084K, reserved 1153024K
  class space    used 13432K, capacity 14619K, committed 15200K, reserved 1048576K
2021-01-19T15:36:52.325+0000: 34863.738: [GC (Allocation Failure) 2021-01-19T15:36:52.325+0000: 34863.738: [ParNew
Desired survivor size 2162688 bytes, new threshold 6 (max 6)
- age   1:      37520 bytes,      37520 total
: 33876K->38K(38080K), 0.0045745 secs] 114423K->80585K(156172K), 0.0047758 secs] [Times: user=0.02 sys=0.00, real=0.00 secs] 
Heap after GC invocations=596 (full 6):
 par new generation   total 38080K, used 38K [0x0000000085600000, 0x0000000087f50000, 0x000000009a2c0000)
  eden space 33856K,   0% used [0x0000000085600000, 0x0000000085600000, 0x0000000087710000)
  from space 4224K,   0% used [0x0000000087710000, 0x0000000087719b08, 0x0000000087b30000)
  to   space 4224K,   0% used [0x0000000087b30000, 0x0000000087b30000, 0x0000000087f50000)
 concurrent mark-sweep generation total 118092K, used 80547K [0x000000009a2c0000, 0x00000000a1613000, 0x0000000100000000)
 Metaspace       used 110235K, capacity 116789K, committed 119084K, reserved 1153024K
  class space    used 13432K, capacity 14619K, committed 15200K, reserved 1048576K
}
2021-01-19T15:36:52.330+0000: 34863.742: Total time for which application threads were stopped: 0.0053113 seconds, Stopping threads took: 0.0000926 seconds
{Heap before GC invocations=596 (full 6):
 par new generation   total 38080K, used 33894K [0x0000000085600000, 0x0000000087f50000, 0x000000009a2c0000)
  eden space 33856K, 100% used [0x0000000085600000, 0x0000000087710000, 0x0000000087710000)
  from space 4224K,   0% used [0x0000000087710000, 0x0000000087719b08, 0x0000000087b30000)
  to   space 4224K,   0% used [0x0000000087b30000, 0x0000000087b30000, 0x0000000087f50000)
 concurrent mark-sweep generation total 118092K, used 80547K [0x000000009a2c0000, 0x00000000a1613000, 0x0000000100000000)
 Metaspace       used 110235K, capacity 116789K, committed 119084K, reserved 1153024K
  class space    used 13432K, capacity 14619K, committed 15200K, reserved 1048576K
2021-01-19T15:38:38.320+0000: 34969.733: [GC (Allocation Failure) 2021-01-19T15:38:38.321+0000: 34969.733: [ParNew
Desired survivor size 2162688 bytes, new threshold 6 (max 6)
- age   1:       3368 bytes,       3368 total
- age   2:         48 bytes,       3416 total
: 33894K->6K(38080K), 0.0062490 secs] 114441K->80553K(156172K), 0.0065536 secs] [Times: user=0.01 sys=0.00, real=0.01 secs] 
Heap after GC invocations=597 (full 6):
 par new generation   total 38080K, used 6K [0x0000000085600000, 0x0000000087f50000, 0x000000009a2c0000)
  eden space 33856K,   0% used [0x0000000085600000, 0x0000000085600000, 0x0000000087710000)
  from space 4224K,   0% used [0x0000000087b30000, 0x0000000087b31830, 0x0000000087f50000)
  to   space 4224K,   0% used [0x0000000087710000, 0x0000000087710000, 0x0000000087b30000)
 concurrent mark-sweep generation total 118092K, used 80547K [0x000000009a2c0000, 0x00000000a1613000, 0x0000000100000000)
 Metaspace       used 110235K, capacity 116789K, committed 119084K, reserved 1153024K
  class space    used 13432K, capacity 14619K, committed 15200K, reserved 1048576K
}
2021-01-19T15:38:38.327+0000: 34969.740: Total time for which application threads were stopped: 0.0072043 seconds, Stopping threads took: 0.0000659 seconds
{Heap before GC invocations=597 (full 6):
 par new generation   total 38080K, used 33862K [0x0000000085600000, 0x0000000087f50000, 0x000000009a2c0000)
  eden space 33856K, 100% used [0x0000000085600000, 0x0000000087710000, 0x0000000087710000)
  from space 4224K,   0% used [0x0000000087b30000, 0x0000000087b31830, 0x0000000087f50000)
  to   space 4224K,   0% used [0x0000000087710000, 0x0000000087710000, 0x0000000087b30000)
 concurrent mark-sweep generation total 118092K, used 80547K [0x000000009a2c0000, 0x00000000a1613000, 0x0000000100000000)
 Metaspace       used 110235K, capacity 116789K, committed 119084K, reserved 1153024K
  class space    used 13432K, capacity 14619K, committed 15200K, reserved 1048576K
2021-01-19T15:40:24.253+0000: 35075.666: [GC (Allocation Failure) 2021-01-19T15:40:24.253+0000: 35075.666: [ParNew
Desired survivor size 2162688 bytes, new threshold 6 (max 6)
- age   1:       3808 bytes,       3808 total
: 33862K->6K(38080K), 0.0046595 secs] 114409K->80553K(156172K), 0.0048827 secs] [Times: user=0.01 sys=0.00, real=0.00 secs] 
Heap after GC invocations=598 (full 6):
 par new generation   total 38080K, used 6K [0x0000000085600000, 0x0000000087f50000, 0x000000009a2c0000)
  eden space 33856K,   0% used [0x0000000085600000, 0x0000000085600000, 0x0000000087710000)
  from space 4224K,   0% used [0x0000000087710000, 0x0000000087711830, 0x0000000087b30000)
  to   space 4224K,   0% used [0x0000000087b30000, 0x0000000087b30000, 0x0000000087f50000)
 concurrent mark-sweep generation total 118092K, used 80547K [0x000000009a2c0000, 0x00000000a1613000, 0x0000000100000000)
 Metaspace       used 110235K, capacity 116789K, committed 119084K, reserved 1153024K
  class space    used 13432K, capacity 14619K, committed 15200K, reserved 1048576K
}
2021-01-19T15:40:24.258+0000: 35075.671: Total time for which application threads were stopped: 0.0054450 seconds, Stopping threads took: 0.0000668 seconds
{Heap before GC invocations=598 (full 6):
 par new generation   total 38080K, used 33862K [0x0000000085600000, 0x0000000087f50000, 0x000000009a2c0000)
  eden space 33856K, 100% used [0x0000000085600000, 0x0000000087710000, 0x0000000087710000)
  from space 4224K,   0% used [0x0000000087710000, 0x0000000087711830, 0x0000000087b30000)
  to   space 4224K,   0% used [0x0000000087b30000, 0x0000000087b30000, 0x0000000087f50000)
 concurrent mark-sweep generation total 118092K, used 80547K [0x000000009a2c0000, 0x00000000a1613000, 0x0000000100000000)
 Metaspace       used 110235K, capacity 116789K, committed 119084K, reserved 1153024K
  class space    used 13432K, capacity 14619K, committed 15200K, reserved 1048576K
2021-01-19T15:42:10.144+0000: 35181.557: [GC (Allocation Failure) 2021-01-19T15:42:10.144+0000: 35181.557: [ParNew
Desired survivor size 2162688 bytes, new threshold 6 (max 6)
- age   1:       3696 bytes,       3696 total
- age   2:         88 bytes,       3784 total
: 33862K->6K(38080K), 0.0052101 secs] 114409K->80553K(156172K), 0.0055766 secs] [Times: user=0.01 sys=0.01, real=0.01 secs] 
Heap after GC invocations=599 (full 6):
 par new generation   total 38080K, used 6K [0x0000000085600000, 0x0000000087f50000, 0x000000009a2c0000)
  eden space 33856K,   0% used [0x0000000085600000, 0x0000000085600000, 0x0000000087710000)
  from space 4224K,   0% used [0x0000000087b30000, 0x0000000087b31830, 0x0000000087f50000)
  to   space 4224K,   0% used [0x0000000087710000, 0x0000000087710000, 0x0000000087b30000)
 concurrent mark-sweep generation total 118092K, used 80547K [0x000000009a2c0000, 0x00000000a1613000, 0x0000000100000000)
 Metaspace       used 110235K, capacity 116789K, committed 119084K, reserved 1153024K
  class space    used 13432K, capacity 14619K, committed 15200K, reserved 1048576K
}
2021-01-19T15:42:10.150+0000: 35181.562: Total time for which application threads were stopped: 0.0063206 seconds, Stopping threads took: 0.0000777 seconds
{Heap before GC invocations=599 (full 6):
 par new generation   total 38080K, used 33862K [0x0000000085600000, 0x0000000087f50000, 0x000000009a2c0000)
  eden space 33856K, 100% used [0x0000000085600000, 0x0000000087710000, 0x0000000087710000)
  from space 4224K,   0% used [0x0000000087b30000, 0x0000000087b31830, 0x0000000087f50000)
  to   space 4224K,   0% used [0x0000000087710000, 0x0000000087710000, 0x0000000087b30000)
 concurrent mark-sweep generation total 118092K, used 80547K [0x000000009a2c0000, 0x00000000a1613000, 0x0000000100000000)
 Metaspace       used 110235K, capacity 116789K, committed 119084K, reserved 1153024K
  class space    used 13432K, capacity 14619K, committed 15200K, reserved 1048576K
2021-01-19T15:43:56.515+0000: 35287.927: [GC (Allocation Failure) 2021-01-19T15:43:56.515+0000: 35287.927: [ParNew
Desired survivor size 2162688 bytes, new threshold 6 (max 6)
- age   1:      37640 bytes,      37640 total
- age   3:         56 bytes,      37696 total
: 33862K->40K(38080K), 0.0039073 secs] 114409K->80587K(156172K), 0.0040947 secs] [Times: user=0.02 sys=0.00, real=0.00 secs] 
Heap after GC invocations=600 (full 6):
 par new generation   total 38080K, used 40K [0x0000000085600000, 0x0000000087f50000, 0x000000009a2c0000)
  eden space 33856K,   0% used [0x0000000085600000, 0x0000000085600000, 0x0000000087710000)
  from space 4224K,   0% used [0x0000000087710000, 0x000000008771a318, 0x0000000087b30000)
  to   space 4224K,   0% used [0x0000000087b30000, 0x0000000087b30000, 0x0000000087f50000)
 concurrent mark-sweep generation total 118092K, used 80547K [0x000000009a2c0000, 0x00000000a1613000, 0x0000000100000000)
 Metaspace       used 110235K, capacity 116789K, committed 119084K, reserved 1153024K
  class space    used 13432K, capacity 14619K, committed 15200K, reserved 1048576K
}
2021-01-19T15:43:56.519+0000: 35287.931: Total time for which application threads were stopped: 0.0046348 seconds, Stopping threads took: 0.0000767 seconds
{Heap before GC invocations=600 (full 6):
 par new generation   total 38080K, used 33896K [0x0000000085600000, 0x0000000087f50000, 0x000000009a2c0000)
  eden space 33856K, 100% used [0x0000000085600000, 0x0000000087710000, 0x0000000087710000)
  from space 4224K,   0% used [0x0000000087710000, 0x000000008771a318, 0x0000000087b30000)
  to   space 4224K,   0% used [0x0000000087b30000, 0x0000000087b30000, 0x0000000087f50000)
 concurrent mark-sweep generation total 118092K, used 80547K [0x000000009a2c0000, 0x00000000a1613000, 0x0000000100000000)
 Metaspace       used 110235K, capacity 116789K, committed 119084K, reserved 1153024K
  class space    used 13432K, capacity 14619K, committed 15200K, reserved 1048576K
2021-01-19T15:45:42.611+0000: 35394.023: [GC (Allocation Failure) 2021-01-19T15:45:42.611+0000: 35394.024: [ParNew
Desired survivor size 2162688 bytes, new threshold 6 (max 6)
- age   1:      71360 bytes,      71360 total
- age   4:         56 bytes,      71416 total
: 33896K->71K(38080K), 0.0051412 secs] 114443K->80618K(156172K), 0.0054568 secs] [Times: user=0.02 sys=0.00, real=0.01 secs] 
Heap after GC invocations=601 (full 6):
 par new generation   total 38080K, used 71K [0x0000000085600000, 0x0000000087f50000, 0x000000009a2c0000)
  eden space 33856K,   0% used [0x0000000085600000, 0x0000000085600000, 0x0000000087710000)
  from space 4224K,   1% used [0x0000000087b30000, 0x0000000087b41de0, 0x0000000087f50000)
  to   space 4224K,   0% used [0x0000000087710000, 0x0000000087710000, 0x0000000087b30000)
 concurrent mark-sweep generation total 118092K, used 80547K [0x000000009a2c0000, 0x00000000a1613000, 0x0000000100000000)
 Metaspace       used 110235K, capacity 116789K, committed 119084K, reserved 1153024K
  class space    used 13432K, capacity 14619K, committed 15200K, reserved 1048576K
}
2021-01-19T15:45:42.616+0000: 35394.029: Total time for which application threads were stopped: 0.0061138 seconds, Stopping threads took: 0.0000775 seconds
2021-01-19T15:47:05.633+0000: 35477.046: Total time for which application threads were stopped: 0.0005398 seconds, Stopping threads took: 0.0000816 seconds
2021-01-19T15:47:12.635+0000: 35484.048: Total time for which application threads were stopped: 0.0004242 seconds, Stopping threads took: 0.0000782 seconds
{Heap before GC invocations=601 (full 6):
 par new generation   total 38080K, used 33927K [0x0000000085600000, 0x0000000087f50000, 0x000000009a2c0000)
  eden space 33856K, 100% used [0x0000000085600000, 0x0000000087710000, 0x0000000087710000)
  from space 4224K,   1% used [0x0000000087b30000, 0x0000000087b41de0, 0x0000000087f50000)
  to   space 4224K,   0% used [0x0000000087710000, 0x0000000087710000, 0x0000000087b30000)
 concurrent mark-sweep generation total 118092K, used 80547K [0x000000009a2c0000, 0x00000000a1613000, 0x0000000100000000)
 Metaspace       used 110235K, capacity 116789K, committed 119084K, reserved 1153024K
  class space    used 13432K, capacity 14619K, committed 15200K, reserved 1048576K
2021-01-19T15:47:28.443+0000: 35499.855: [GC (Allocation Failure) 2021-01-19T15:47:28.443+0000: 35499.855: [ParNew
Desired survivor size 2162688 bytes, new threshold 6 (max 6)
- age   1:     106400 bytes,     106400 total
- age   5:         56 bytes,     106456 total
: 33927K->107K(38080K), 0.0048590 secs] 114474K->80654K(156172K), 0.0051105 secs] [Times: user=0.02 sys=0.01, real=0.01 secs] 
Heap after GC invocations=602 (full 6):
 par new generation   total 38080K, used 107K [0x0000000085600000, 0x0000000087f50000, 0x000000009a2c0000)
  eden space 33856K,   0% used [0x0000000085600000, 0x0000000085600000, 0x0000000087710000)
  from space 4224K,   2% used [0x0000000087710000, 0x000000008772ae50, 0x0000000087b30000)
  to   space 4224K,   0% used [0x0000000087b30000, 0x0000000087b30000, 0x0000000087f50000)
 concurrent mark-sweep generation total 118092K, used 80547K [0x000000009a2c0000, 0x00000000a1613000, 0x0000000100000000)
 Metaspace       used 110235K, capacity 116789K, committed 119084K, reserved 1153024K
  class space    used 13432K, capacity 14619K, committed 15200K, reserved 1048576K
}
2021-01-19T15:47:28.448+0000: 35499.861: Total time for which application threads were stopped: 0.0057669 seconds, Stopping threads took: 0.0000857 seconds
2021-01-19T15:48:00.454+0000: 35531.867: Total time for which application threads were stopped: 0.0005020 seconds, Stopping threads took: 0.0001100 seconds
2021-01-19T15:49:09.467+0000: 35600.879: Total time for which application threads were stopped: 0.0004247 seconds, Stopping threads took: 0.0000793 seconds
{Heap before GC invocations=602 (full 6):
 par new generation   total 38080K, used 33963K [0x0000000085600000, 0x0000000087f50000, 0x000000009a2c0000)
  eden space 33856K, 100% used [0x0000000085600000, 0x0000000087710000, 0x0000000087710000)
  from space 4224K,   2% used [0x0000000087710000, 0x000000008772ae50, 0x0000000087b30000)
  to   space 4224K,   0% used [0x0000000087b30000, 0x0000000087b30000, 0x0000000087f50000)
 concurrent mark-sweep generation total 118092K, used 80547K [0x000000009a2c0000, 0x00000000a1613000, 0x0000000100000000)
 Metaspace       used 110235K, capacity 116789K, committed 119084K, reserved 1153024K
  class space    used 13432K, capacity 14619K, committed 15200K, reserved 1048576K
2021-01-19T15:49:12.179+0000: 35603.591: [GC (Allocation Failure) 2021-01-19T15:49:12.179+0000: 35603.591: [ParNew
Desired survivor size 2162688 bytes, new threshold 6 (max 6)
- age   1:     476160 bytes,     476160 total
- age   2:     102384 bytes,     578544 total
- age   6:         56 bytes,     578600 total
: 33963K->586K(38080K), 0.0064420 secs] 114510K->81133K(156172K), 0.0066566 secs] [Times: user=0.01 sys=0.00, real=0.01 secs] 
Heap after GC invocations=603 (full 6):
 par new generation   total 38080K, used 586K [0x0000000085600000, 0x0000000087f50000, 0x000000009a2c0000)
  eden space 33856K,   0% used [0x0000000085600000, 0x0000000085600000, 0x0000000087710000)
  from space 4224K,  13% used [0x0000000087b30000, 0x0000000087bc2938, 0x0000000087f50000)
  to   space 4224K,   0% used [0x0000000087710000, 0x0000000087710000, 0x0000000087b30000)
 concurrent mark-sweep generation total 118092K, used 80547K [0x000000009a2c0000, 0x00000000a1613000, 0x0000000100000000)
 Metaspace       used 110235K, capacity 116789K, committed 119084K, reserved 1153024K
  class space    used 13432K, capacity 14619K, committed 15200K, reserved 1048576K
}
2021-01-19T15:49:12.185+0000: 35603.598: Total time for which application threads were stopped: 0.0074319 seconds, Stopping threads took: 0.0003007 seconds
{Heap before GC invocations=603 (full 6):
 par new generation   total 38080K, used 34442K [0x0000000085600000, 0x0000000087f50000, 0x000000009a2c0000)
  eden space 33856K, 100% used [0x0000000085600000, 0x0000000087710000, 0x0000000087710000)
  from space 4224K,  13% used [0x0000000087b30000, 0x0000000087bc2938, 0x0000000087f50000)
  to   space 4224K,   0% used [0x0000000087710000, 0x0000000087710000, 0x0000000087b30000)
 concurrent mark-sweep generation total 118092K, used 80547K [0x000000009a2c0000, 0x00000000a1613000, 0x0000000100000000)
 Metaspace       used 110235K, capacity 116789K, committed 119084K, reserved 1153024K
  class space    used 13432K, capacity 14619K, committed 15200K, reserved 1048576K
2021-01-19T15:50:57.028+0000: 35708.440: [GC (Allocation Failure) 2021-01-19T15:50:57.028+0000: 35708.440: [ParNew
Desired survivor size 2162688 bytes, new threshold 6 (max 6)
- age   1:     305288 bytes,     305288 total
- age   2:     468672 bytes,     773960 total
- age   3:     102352 bytes,     876312 total
: 34442K->893K(38080K), 0.0047626 secs] 114989K->81440K(156172K), 0.0049515 secs] [Times: user=0.02 sys=0.01, real=0.01 secs] 
Heap after GC invocations=604 (full 6):
 par new generation   total 38080K, used 893K [0x0000000085600000, 0x0000000087f50000, 0x000000009a2c0000)
  eden space 33856K,   0% used [0x0000000085600000, 0x0000000085600000, 0x0000000087710000)
  from space 4224K,  21% used [0x0000000087710000, 0x00000000877ef648, 0x0000000087b30000)
  to   space 4224K,   0% used [0x0000000087b30000, 0x0000000087b30000, 0x0000000087f50000)
 concurrent mark-sweep generation total 118092K, used 80547K [0x000000009a2c0000, 0x00000000a1613000, 0x0000000100000000)
 Metaspace       used 110235K, capacity 116789K, committed 119084K, reserved 1153024K
  class space    used 13432K, capacity 14619K, committed 15200K, reserved 1048576K
}
2021-01-19T15:50:57.033+0000: 35708.445: Total time for which application threads were stopped: 0.0055021 seconds, Stopping threads took: 0.0001042 seconds
{Heap before GC invocations=604 (full 6):
 par new generation   total 38080K, used 34749K [0x0000000085600000, 0x0000000087f50000, 0x000000009a2c0000)
  eden space 33856K, 100% used [0x0000000085600000, 0x0000000087710000, 0x0000000087710000)
  from space 4224K,  21% used [0x0000000087710000, 0x00000000877ef648, 0x0000000087b30000)
  to   space 4224K,   0% used [0x0000000087b30000, 0x0000000087b30000, 0x0000000087f50000)
 concurrent mark-sweep generation total 118092K, used 80547K [0x000000009a2c0000, 0x00000000a1613000, 0x0000000100000000)
 Metaspace       used 110235K, capacity 116789K, committed 119084K, reserved 1153024K
  class space    used 13432K, capacity 14619K, committed 15200K, reserved 1048576K
2021-01-19T15:52:43.828+0000: 35815.241: [GC (Allocation Failure) 2021-01-19T15:52:43.828+0000: 35815.241: [ParNew
Desired survivor size 2162688 bytes, new threshold 6 (max 6)
- age   1:      71088 bytes,      71088 total
- age   2:     266608 bytes,     337696 total
- age   3:     467536 bytes,     805232 total
- age   4:     102352 bytes,     907584 total
: 34749K->1112K(38080K), 0.0057883 secs] 115296K->81660K(156172K), 0.0060932 secs] [Times: user=0.02 sys=0.01, real=0.01 secs] 
Heap after GC invocations=605 (full 6):
 par new generation   total 38080K, used 1112K [0x0000000085600000, 0x0000000087f50000, 0x000000009a2c0000)
  eden space 33856K,   0% used [0x0000000085600000, 0x0000000085600000, 0x0000000087710000)
  from space 4224K,  26% used [0x0000000087b30000, 0x0000000087c46320, 0x0000000087f50000)
  to   space 4224K,   0% used [0x0000000087710000, 0x0000000087710000, 0x0000000087b30000)
 concurrent mark-sweep generation total 118092K, used 80547K [0x000000009a2c0000, 0x00000000a1613000, 0x0000000100000000)
 Metaspace       used 110235K, capacity 116789K, committed 119084K, reserved 1153024K
  class space    used 13432K, capacity 14619K, committed 15200K, reserved 1048576K
}
2021-01-19T15:52:43.834+0000: 35815.247: Total time for which application threads were stopped: 0.0071441 seconds, Stopping threads took: 0.0004858 seconds
{Heap before GC invocations=605 (full 6):
 par new generation   total 38080K, used 34968K [0x0000000085600000, 0x0000000087f50000, 0x000000009a2c0000)
  eden space 33856K, 100% used [0x0000000085600000, 0x0000000087710000, 0x0000000087710000)
  from space 4224K,  26% used [0x0000000087b30000, 0x0000000087c46320, 0x0000000087f50000)
  to   space 4224K,   0% used [0x0000000087710000, 0x0000000087710000, 0x0000000087b30000)
 concurrent mark-sweep generation total 118092K, used 80547K [0x000000009a2c0000, 0x00000000a1613000, 0x0000000100000000)
 Metaspace       used 110235K, capacity 116789K, committed 119084K, reserved 1153024K
  class space    used 13432K, capacity 14619K, committed 15200K, reserved 1048576K
2021-01-19T15:54:29.203+0000: 35920.616: [GC (Allocation Failure) 2021-01-19T15:54:29.203+0000: 35920.616: [ParNew
Desired survivor size 2162688 bytes, new threshold 6 (max 6)
- age   1:       3584 bytes,       3584 total
- age   2:        176 bytes,       3760 total
- age   3:     266552 bytes,     270312 total
- age   4:     467536 bytes,     737848 total
- age   5:     102352 bytes,     840200 total
: 34968K->1235K(38080K), 0.0069146 secs] 115516K->81782K(156172K), 0.0072191 secs] [Times: user=0.02 sys=0.00, real=0.01 secs] 
Heap after GC invocations=606 (full 6):
 par new generation   total 38080K, used 1235K [0x0000000085600000, 0x0000000087f50000, 0x000000009a2c0000)
  eden space 33856K,   0% used [0x0000000085600000, 0x0000000085600000, 0x0000000087710000)
  from space 4224K,  29% used [0x0000000087710000, 0x0000000087844e50, 0x0000000087b30000)
  to   space 4224K,   0% used [0x0000000087b30000, 0x0000000087b30000, 0x0000000087f50000)
 concurrent mark-sweep generation total 118092K, used 80547K [0x000000009a2c0000, 0x00000000a1613000, 0x0000000100000000)
 Metaspace       used 110235K, capacity 116789K, committed 119084K, reserved 1153024K
  class space    used 13432K, capacity 14619K, committed 15200K, reserved 1048576K
}
2021-01-19T15:54:29.210+0000: 35920.623: Total time for which application threads were stopped: 0.0080915 seconds, Stopping threads took: 0.0002376 seconds
{Heap before GC invocations=606 (full 6):
 par new generation   total 38080K, used 35091K [0x0000000085600000, 0x0000000087f50000, 0x000000009a2c0000)
  eden space 33856K, 100% used [0x0000000085600000, 0x0000000087710000, 0x0000000087710000)
  from space 4224K,  29% used [0x0000000087710000, 0x0000000087844e50, 0x0000000087b30000)
  to   space 4224K,   0% used [0x0000000087b30000, 0x0000000087b30000, 0x0000000087f50000)
 concurrent mark-sweep generation total 118092K, used 80547K [0x000000009a2c0000, 0x00000000a1613000, 0x0000000100000000)
 Metaspace       used 110235K, capacity 116789K, committed 119084K, reserved 1153024K
  class space    used 13432K, capacity 14619K, committed 15200K, reserved 1048576K
2021-01-19T15:56:15.169+0000: 36026.582: [GC (Allocation Failure) 2021-01-19T15:56:15.169+0000: 36026.582: [ParNew
Desired survivor size 2162688 bytes, new threshold 6 (max 6)
- age   1:       4944 bytes,       4944 total
- age   2:        184 bytes,       5128 total
- age   3:        152 bytes,       5280 total
- age   4:     266552 bytes,     271832 total
- age   5:     467536 bytes,     739368 total
- age   6:     102352 bytes,     841720 total
: 35091K->1437K(38080K), 0.0057508 secs] 115638K->81984K(156172K), 0.0060216 secs] [Times: user=0.02 sys=0.00, real=0.01 secs] 
Heap after GC invocations=607 (full 6):
 par new generation   total 38080K, used 1437K [0x0000000085600000, 0x0000000087f50000, 0x000000009a2c0000)
  eden space 33856K,   0% used [0x0000000085600000, 0x0000000085600000, 0x0000000087710000)
  from space 4224K,  34% used [0x0000000087b30000, 0x0000000087c97568, 0x0000000087f50000)
  to   space 4224K,   0% used [0x0000000087710000, 0x0000000087710000, 0x0000000087b30000)
 concurrent mark-sweep generation total 118092K, used 80547K [0x000000009a2c0000, 0x00000000a1613000, 0x0000000100000000)
 Metaspace       used 110235K, capacity 116789K, committed 119084K, reserved 1153024K
  class space    used 13432K, capacity 14619K, committed 15200K, reserved 1048576K
}
2021-01-19T15:56:15.175+0000: 36026.588: Total time for which application threads were stopped: 0.0068676 seconds, Stopping threads took: 0.0002054 seconds
2021-01-19T15:57:43.189+0000: 36114.602: Total time for which application threads were stopped: 0.0004117 seconds, Stopping threads took: 0.0000733 seconds
2021-01-19T15:57:44.190+0000: 36115.602: Total time for which application threads were stopped: 0.0004461 seconds, Stopping threads took: 0.0000752 seconds
{Heap before GC invocations=607 (full 6):
 par new generation   total 38080K, used 35293K [0x0000000085600000, 0x0000000087f50000, 0x000000009a2c0000)
  eden space 33856K, 100% used [0x0000000085600000, 0x0000000087710000, 0x0000000087710000)
  from space 4224K,  34% used [0x0000000087b30000, 0x0000000087c97568, 0x0000000087f50000)
  to   space 4224K,   0% used [0x0000000087710000, 0x0000000087710000, 0x0000000087b30000)
 concurrent mark-sweep generation total 118092K, used 80547K [0x000000009a2c0000, 0x00000000a1613000, 0x0000000100000000)
 Metaspace       used 110246K, capacity 116789K, committed 119084K, reserved 1153024K
  class space    used 13432K, capacity 14619K, committed 15200K, reserved 1048576K
2021-01-19T15:57:59.078+0000: 36130.491: [GC (Allocation Failure) 2021-01-19T15:57:59.078+0000: 36130.491: [ParNew
Desired survivor size 2162688 bytes, new threshold 6 (max 6)
- age   1:      42384 bytes,      42384 total
- age   2:        688 bytes,      43072 total
- age   3:        152 bytes,      43224 total
- age   4:        152 bytes,      43376 total
- age   5:     266552 bytes,     309928 total
- age   6:     467536 bytes,     777464 total
: 35293K->1027K(38080K), 0.0042075 secs] 115840K->81675K(156172K), 0.0044093 secs] [Times: user=0.01 sys=0.00, real=0.00 secs] 
Heap after GC invocations=608 (full 6):
 par new generation   total 38080K, used 1027K [0x0000000085600000, 0x0000000087f50000, 0x000000009a2c0000)
  eden space 33856K,   0% used [0x0000000085600000, 0x0000000085600000, 0x0000000087710000)
  from space 4224K,  24% used [0x0000000087710000, 0x0000000087810c80, 0x0000000087b30000)
  to   space 4224K,   0% used [0x0000000087b30000, 0x0000000087b30000, 0x0000000087f50000)
 concurrent mark-sweep generation total 118092K, used 80648K [0x000000009a2c0000, 0x00000000a1613000, 0x0000000100000000)
 Metaspace       used 110246K, capacity 116789K, committed 119084K, reserved 1153024K
  class space    used 13432K, capacity 14619K, committed 15200K, reserved 1048576K
}
2021-01-19T15:57:59.083+0000: 36130.495: Total time for which application threads were stopped: 0.0050937 seconds, Stopping threads took: 0.0002113 seconds
{Heap before GC invocations=608 (full 6):
 par new generation   total 38080K, used 34883K [0x0000000085600000, 0x0000000087f50000, 0x000000009a2c0000)
  eden space 33856K, 100% used [0x0000000085600000, 0x0000000087710000, 0x0000000087710000)
  from space 4224K,  24% used [0x0000000087710000, 0x0000000087810c80, 0x0000000087b30000)
  to   space 4224K,   0% used [0x0000000087b30000, 0x0000000087b30000, 0x0000000087f50000)
 concurrent mark-sweep generation total 118092K, used 80648K [0x000000009a2c0000, 0x00000000a1613000, 0x0000000100000000)
 Metaspace       used 110246K, capacity 116789K, committed 119084K, reserved 1153024K
  class space    used 13432K, capacity 14619K, committed 15200K, reserved 1048576K
2021-01-19T15:59:44.573+0000: 36235.985: [GC (Allocation Failure) 2021-01-19T15:59:44.573+0000: 36235.986: [ParNew
Desired survivor size 2162688 bytes, new threshold 6 (max 6)
- age   1:      71216 bytes,      71216 total
- age   2:       4384 bytes,      75600 total
- age   3:        688 bytes,      76288 total
- age   4:        152 bytes,      76440 total
- age   5:        152 bytes,      76592 total
- age   6:     266552 bytes,     343144 total
: 34883K->872K(38080K), 0.0093984 secs] 115531K->81983K(156172K), 0.0097206 secs] [Times: user=0.03 sys=0.00, real=0.00 secs] 
Heap after GC invocations=609 (full 6):
 par new generation   total 38080K, used 872K [0x0000000085600000, 0x0000000087f50000, 0x000000009a2c0000)
  eden space 33856K,   0% used [0x0000000085600000, 0x0000000085600000, 0x0000000087710000)
  from space 4224K,  20% used [0x0000000087b30000, 0x0000000087c0a138, 0x0000000087f50000)
  to   space 4224K,   0% used [0x0000000087710000, 0x0000000087710000, 0x0000000087b30000)
 concurrent mark-sweep generation total 118092K, used 81111K [0x000000009a2c0000, 0x00000000a1613000, 0x0000000100000000)
 Metaspace       used 110246K, capacity 116789K, committed 119084K, reserved 1153024K
  class space    used 13432K, capacity 14619K, committed 15200K, reserved 1048576K
}
2021-01-19T15:59:44.583+0000: 36235.995: Total time for which application threads were stopped: 0.0107556 seconds, Stopping threads took: 0.0002887 seconds
{Heap before GC invocations=609 (full 6):
 par new generation   total 38080K, used 34728K [0x0000000085600000, 0x0000000087f50000, 0x000000009a2c0000)
  eden space 33856K, 100% used [0x0000000085600000, 0x0000000087710000, 0x0000000087710000)
  from space 4224K,  20% used [0x0000000087b30000, 0x0000000087c0a138, 0x0000000087f50000)
  to   space 4224K,   0% used [0x0000000087710000, 0x0000000087710000, 0x0000000087b30000)
 concurrent mark-sweep generation total 118092K, used 81111K [0x000000009a2c0000, 0x00000000a1613000, 0x0000000100000000)
 Metaspace       used 110246K, capacity 116789K, committed 119084K, reserved 1153024K
  class space    used 13432K, capacity 14619K, committed 15200K, reserved 1048576K
2021-01-19T16:01:29.912+0000: 36341.325: [GC (Allocation Failure) 2021-01-19T16:01:29.913+0000: 36341.325: [ParNew
Desired survivor size 2162688 bytes, new threshold 6 (max 6)
- age   1:       3448 bytes,       3448 total
- age   2:         24 bytes,       3472 total
- age   3:       4360 bytes,       7832 total
- age   4:        688 bytes,       8520 total
- age   5:        152 bytes,       8672 total
- age   6:        152 bytes,       8824 total
: 34728K->258K(38080K), 0.0131095 secs] 115839K->81633K(156172K), 0.0135430 secs] [Times: user=0.03 sys=0.00, real=0.01 secs] 
Heap after GC invocations=610 (full 6):
 par new generation   total 38080K, used 258K [0x0000000085600000, 0x0000000087f50000, 0x000000009a2c0000)
  eden space 33856K,   0% used [0x0000000085600000, 0x0000000085600000, 0x0000000087710000)
  from space 4224K,   6% used [0x0000000087710000, 0x0000000087750900, 0x0000000087b30000)
  to   space 4224K,   0% used [0x0000000087b30000, 0x0000000087b30000, 0x0000000087f50000)
 concurrent mark-sweep generation total 118092K, used 81375K [0x000000009a2c0000, 0x00000000a1613000, 0x0000000100000000)
 Metaspace       used 110246K, capacity 116789K, committed 119084K, reserved 1153024K
  class space    used 13432K, capacity 14619K, committed 15200K, reserved 1048576K
}
2021-01-19T16:01:29.926+0000: 36341.339: Total time for which application threads were stopped: 0.0147317 seconds, Stopping threads took: 0.0000740 seconds
2021-01-19T16:01:44.929+0000: 36356.341: Total time for which application threads were stopped: 0.0004136 seconds, Stopping threads took: 0.0000802 seconds
{Heap before GC invocations=610 (full 6):
 par new generation   total 38080K, used 34114K [0x0000000085600000, 0x0000000087f50000, 0x000000009a2c0000)
  eden space 33856K, 100% used [0x0000000085600000, 0x0000000087710000, 0x0000000087710000)
  from space 4224K,   6% used [0x0000000087710000, 0x0000000087750900, 0x0000000087b30000)
  to   space 4224K,   0% used [0x0000000087b30000, 0x0000000087b30000, 0x0000000087f50000)
 concurrent mark-sweep generation total 118092K, used 81375K [0x000000009a2c0000, 0x00000000a1613000, 0x0000000100000000)
 Metaspace       used 110246K, capacity 116789K, committed 119084K, reserved 1153024K
  class space    used 13432K, capacity 14619K, committed 15200K, reserved 1048576K
2021-01-19T16:03:15.286+0000: 36446.698: [GC (Allocation Failure) 2021-01-19T16:03:15.286+0000: 36446.698: [ParNew
Desired survivor size 2162688 bytes, new threshold 6 (max 6)
- age   1:       3568 bytes,       3568 total
- age   2:         32 bytes,       3600 total
- age   4:       4360 bytes,       7960 total
- age   5:        688 bytes,       8648 total
- age   6:        152 bytes,       8800 total
: 34114K->49K(38080K), 0.0073329 secs] 115489K->81424K(156172K), 0.0075794 secs] [Times: user=0.02 sys=0.00, real=0.01 secs] 
Heap after GC invocations=611 (full 6):
 par new generation   total 38080K, used 49K [0x0000000085600000, 0x0000000087f50000, 0x000000009a2c0000)
  eden space 33856K,   0% used [0x0000000085600000, 0x0000000085600000, 0x0000000087710000)
  from space 4224K,   1% used [0x0000000087b30000, 0x0000000087b3c678, 0x0000000087f50000)
  to   space 4224K,   0% used [0x0000000087710000, 0x0000000087710000, 0x0000000087b30000)
 concurrent mark-sweep generation total 118092K, used 81375K [0x000000009a2c0000, 0x00000000a1613000, 0x0000000100000000)
 Metaspace       used 110246K, capacity 116789K, committed 119084K, reserved 1153024K
  class space    used 13432K, capacity 14619K, committed 15200K, reserved 1048576K
}
2021-01-19T16:03:15.293+0000: 36446.706: Total time for which application threads were stopped: 0.0083323 seconds, Stopping threads took: 0.0001906 seconds
2021-01-19T16:04:44.306+0000: 36535.718: Total time for which application threads were stopped: 0.0005381 seconds, Stopping threads took: 0.0000854 seconds
{Heap before GC invocations=611 (full 6):
 par new generation   total 38080K, used 33905K [0x0000000085600000, 0x0000000087f50000, 0x000000009a2c0000)
  eden space 33856K, 100% used [0x0000000085600000, 0x0000000087710000, 0x0000000087710000)
  from space 4224K,   1% used [0x0000000087b30000, 0x0000000087b3c678, 0x0000000087f50000)
  to   space 4224K,   0% used [0x0000000087710000, 0x0000000087710000, 0x0000000087b30000)
 concurrent mark-sweep generation total 118092K, used 81375K [0x000000009a2c0000, 0x00000000a1613000, 0x0000000100000000)
 Metaspace       used 110246K, capacity 116789K, committed 119084K, reserved 1153024K
  class space    used 13432K, capacity 14619K, committed 15200K, reserved 1048576K
2021-01-19T16:05:00.593+0000: 36552.006: [GC (Allocation Failure) 2021-01-19T16:05:00.593+0000: 36552.006: [ParNew
Desired survivor size 2162688 bytes, new threshold 6 (max 6)
- age   1:       3840 bytes,       3840 total
- age   5:       4360 bytes,       8200 total
- age   6:        688 bytes,       8888 total
: 33905K->13K(38080K), 0.0107312 secs] 115280K->81389K(156172K), 0.0109751 secs] [Times: user=0.02 sys=0.00, real=0.01 secs] 
Heap after GC invocations=612 (full 6):
 par new generation   total 38080K, used 13K [0x0000000085600000, 0x0000000087f50000, 0x000000009a2c0000)
  eden space 33856K,   0% used [0x0000000085600000, 0x0000000085600000, 0x0000000087710000)
  from space 4224K,   0% used [0x0000000087710000, 0x0000000087713678, 0x0000000087b30000)
  to   space 4224K,   0% used [0x0000000087b30000, 0x0000000087b30000, 0x0000000087f50000)
 concurrent mark-sweep generation total 118092K, used 81375K [0x000000009a2c0000, 0x00000000a1613000, 0x0000000100000000)
 Metaspace       used 110246K, capacity 116789K, committed 119084K, reserved 1153024K
  class space    used 13432K, capacity 14619K, committed 15200K, reserved 1048576K
}
2021-01-19T16:05:00.604+0000: 36552.017: Total time for which application threads were stopped: 0.0114858 seconds, Stopping threads took: 0.0000498 seconds
{Heap before GC invocations=612 (full 6):
 par new generation   total 38080K, used 33869K [0x0000000085600000, 0x0000000087f50000, 0x000000009a2c0000)
  eden space 33856K, 100% used [0x0000000085600000, 0x0000000087710000, 0x0000000087710000)
  from space 4224K,   0% used [0x0000000087710000, 0x0000000087713678, 0x0000000087b30000)
  to   space 4224K,   0% used [0x0000000087b30000, 0x0000000087b30000, 0x0000000087f50000)
 concurrent mark-sweep generation total 118092K, used 81375K [0x000000009a2c0000, 0x00000000a1613000, 0x0000000100000000)
 Metaspace       used 110246K, capacity 116789K, committed 119084K, reserved 1153024K
  class space    used 13432K, capacity 14619K, committed 15200K, reserved 1048576K
2021-01-19T16:06:46.036+0000: 36657.449: [GC (Allocation Failure) 2021-01-19T16:06:46.036+0000: 36657.449: [ParNew
Desired survivor size 2162688 bytes, new threshold 6 (max 6)
- age   1:      71392 bytes,      71392 total
- age   6:       4360 bytes,      75752 total
: 33869K->79K(38080K), 0.0066975 secs] 115245K->81455K(156172K), 0.0070307 secs] [Times: user=0.02 sys=0.00, real=0.00 secs] 
Heap after GC invocations=613 (full 6):
 par new generation   total 38080K, used 79K [0x0000000085600000, 0x0000000087f50000, 0x000000009a2c0000)
  eden space 33856K,   0% used [0x0000000085600000, 0x0000000085600000, 0x0000000087710000)
  from space 4224K,   1% used [0x0000000087b30000, 0x0000000087b43cd8, 0x0000000087f50000)
  to   space 4224K,   0% used [0x0000000087710000, 0x0000000087710000, 0x0000000087b30000)
 concurrent mark-sweep generation total 118092K, used 81376K [0x000000009a2c0000, 0x00000000a1613000, 0x0000000100000000)
 Metaspace       used 110246K, capacity 116789K, committed 119084K, reserved 1153024K
  class space    used 13432K, capacity 14619K, committed 15200K, reserved 1048576K
}
2021-01-19T16:06:46.043+0000: 36657.456: Total time for which application threads were stopped: 0.0076419 seconds, Stopping threads took: 0.0000725 seconds
2021-01-19T16:07:54.051+0000: 36725.464: Total time for which application threads were stopped: 0.0004326 seconds, Stopping threads took: 0.0000737 seconds
{Heap before GC invocations=613 (full 6):
 par new generation   total 38080K, used 33935K [0x0000000085600000, 0x0000000087f50000, 0x000000009a2c0000)
  eden space 33856K, 100% used [0x0000000085600000, 0x0000000087710000, 0x0000000087710000)
  from space 4224K,   1% used [0x0000000087b30000, 0x0000000087b43cd8, 0x0000000087f50000)
  to   space 4224K,   0% used [0x0000000087710000, 0x0000000087710000, 0x0000000087b30000)
 concurrent mark-sweep generation total 118092K, used 81376K [0x000000009a2c0000, 0x00000000a1613000, 0x0000000100000000)
 Metaspace       used 110246K, capacity 116789K, committed 119084K, reserved 1153024K
  class space    used 13432K, capacity 14619K, committed 15200K, reserved 1048576K
2021-01-19T16:08:31.448+0000: 36762.860: [GC (Allocation Failure) 2021-01-19T16:08:31.448+0000: 36762.860: [ParNew
Desired survivor size 2162688 bytes, new threshold 6 (max 6)
- age   1:       4032 bytes,       4032 total
: 33935K->6K(38080K), 0.0043782 secs] 115311K->81387K(156172K), 0.0046220 secs] [Times: user=0.01 sys=0.00, real=0.01 secs] 
Heap after GC invocations=614 (full 6):
 par new generation   total 38080K, used 6K [0x0000000085600000, 0x0000000087f50000, 0x000000009a2c0000)
  eden space 33856K,   0% used [0x0000000085600000, 0x0000000085600000, 0x0000000087710000)
  from space 4224K,   0% used [0x0000000087710000, 0x0000000087711b90, 0x0000000087b30000)
  to   space 4224K,   0% used [0x0000000087b30000, 0x0000000087b30000, 0x0000000087f50000)
 concurrent mark-sweep generation total 118092K, used 81380K [0x000000009a2c0000, 0x00000000a1613000, 0x0000000100000000)
 Metaspace       used 110246K, capacity 116789K, committed 119084K, reserved 1153024K
  class space    used 13432K, capacity 14619K, committed 15200K, reserved 1048576K
}
2021-01-19T16:08:31.452+0000: 36762.865: Total time for which application threads were stopped: 0.0053516 seconds, Stopping threads took: 0.0001112 seconds
{Heap before GC invocations=614 (full 6):
 par new generation   total 38080K, used 33862K [0x0000000085600000, 0x0000000087f50000, 0x000000009a2c0000)
  eden space 33856K, 100% used [0x0000000085600000, 0x0000000087710000, 0x0000000087710000)
  from space 4224K,   0% used [0x0000000087710000, 0x0000000087711b90, 0x0000000087b30000)
  to   space 4224K,   0% used [0x0000000087b30000, 0x0000000087b30000, 0x0000000087f50000)
 concurrent mark-sweep generation total 118092K, used 81380K [0x000000009a2c0000, 0x00000000a1613000, 0x0000000100000000)
 Metaspace       used 110246K, capacity 116789K, committed 119084K, reserved 1153024K
  class space    used 13432K, capacity 14619K, committed 15200K, reserved 1048576K
2021-01-19T16:10:17.111+0000: 36868.524: [GC (Allocation Failure) 2021-01-19T16:10:17.111+0000: 36868.524: [ParNew
Desired survivor size 2162688 bytes, new threshold 6 (max 6)
- age   1:       3536 bytes,       3536 total
- age   2:        312 bytes,       3848 total
: 33862K->6K(38080K), 0.0055949 secs] 115243K->81386K(156172K), 0.0057960 secs] [Times: user=0.02 sys=0.00, real=0.01 secs] 
Heap after GC invocations=615 (full 6):
 par new generation   total 38080K, used 6K [0x0000000085600000, 0x0000000087f50000, 0x000000009a2c0000)
  eden space 33856K,   0% used [0x0000000085600000, 0x0000000085600000, 0x0000000087710000)
  from space 4224K,   0% used [0x0000000087b30000, 0x0000000087b31830, 0x0000000087f50000)
  to   space 4224K,   0% used [0x0000000087710000, 0x0000000087710000, 0x0000000087b30000)
 concurrent mark-sweep generation total 118092K, used 81380K [0x000000009a2c0000, 0x00000000a1613000, 0x0000000100000000)
 Metaspace       used 110246K, capacity 116789K, committed 119084K, reserved 1153024K
  class space    used 13432K, capacity 14619K, committed 15200K, reserved 1048576K
}
2021-01-19T16:10:17.117+0000: 36868.530: Total time for which application threads were stopped: 0.0068931 seconds, Stopping threads took: 0.0002965 seconds
{Heap before GC invocations=615 (full 6):
 par new generation   total 38080K, used 33862K [0x0000000085600000, 0x0000000087f50000, 0x000000009a2c0000)
  eden space 33856K, 100% used [0x0000000085600000, 0x0000000087710000, 0x0000000087710000)
  from space 4224K,   0% used [0x0000000087b30000, 0x0000000087b31830, 0x0000000087f50000)
  to   space 4224K,   0% used [0x0000000087710000, 0x0000000087710000, 0x0000000087b30000)
 concurrent mark-sweep generation total 118092K, used 81380K [0x000000009a2c0000, 0x00000000a1613000, 0x0000000100000000)
 Metaspace       used 110246K, capacity 116789K, committed 119084K, reserved 1153024K
  class space    used 13432K, capacity 14619K, committed 15200K, reserved 1048576K
2021-01-19T16:12:02.607+0000: 36974.020: [GC (Allocation Failure) 2021-01-19T16:12:02.607+0000: 36974.020: [ParNew
Desired survivor size 2162688 bytes, new threshold 6 (max 6)
- age   1:       3328 bytes,       3328 total
- age   3:        280 bytes,       3608 total
: 33862K->6K(38080K), 0.0056072 secs] 115242K->81386K(156172K), 0.0061197 secs] [Times: user=0.02 sys=0.00, real=0.01 secs] 
Heap after GC invocations=616 (full 6):
 par new generation   total 38080K, used 6K [0x0000000085600000, 0x0000000087f50000, 0x000000009a2c0000)
  eden space 33856K,   0% used [0x0000000085600000, 0x0000000085600000, 0x0000000087710000)
  from space 4224K,   0% used [0x0000000087710000, 0x0000000087711830, 0x0000000087b30000)
  to   space 4224K,   0% used [0x0000000087b30000, 0x0000000087b30000, 0x0000000087f50000)
 concurrent mark-sweep generation total 118092K, used 81380K [0x000000009a2c0000, 0x00000000a1613000, 0x0000000100000000)
 Metaspace       used 110246K, capacity 116789K, committed 119084K, reserved 1153024K
  class space    used 13432K, capacity 14619K, committed 15200K, reserved 1048576K
}
2021-01-19T16:12:02.613+0000: 36974.026: Total time for which application threads were stopped: 0.0067855 seconds, Stopping threads took: 0.0000663 seconds
2021-01-19T16:12:03.614+0000: 36975.027: Total time for which application threads were stopped: 0.0003808 seconds, Stopping threads took: 0.0000646 seconds
{Heap before GC invocations=616 (full 6):
 par new generation   total 38080K, used 33862K [0x0000000085600000, 0x0000000087f50000, 0x000000009a2c0000)
  eden space 33856K, 100% used [0x0000000085600000, 0x0000000087710000, 0x0000000087710000)
  from space 4224K,   0% used [0x0000000087710000, 0x0000000087711830, 0x0000000087b30000)
  to   space 4224K,   0% used [0x0000000087b30000, 0x0000000087b30000, 0x0000000087f50000)
 concurrent mark-sweep generation total 118092K, used 81380K [0x000000009a2c0000, 0x00000000a1613000, 0x0000000100000000)
 Metaspace       used 110246K, capacity 116789K, committed 119084K, reserved 1153024K
  class space    used 13432K, capacity 14619K, committed 15200K, reserved 1048576K
2021-01-19T16:13:48.368+0000: 37079.780: [GC (Allocation Failure) 2021-01-19T16:13:48.368+0000: 37079.780: [ParNew
Desired survivor size 2162688 bytes, new threshold 6 (max 6)
- age   1:      71128 bytes,      71128 total
- age   4:        280 bytes,      71408 total
: 33862K->71K(38080K), 0.0043391 secs] 115242K->81451K(156172K), 0.0046168 secs] [Times: user=0.01 sys=0.01, real=0.01 secs] 
Heap after GC invocations=617 (full 6):
 par new generation   total 38080K, used 71K [0x0000000085600000, 0x0000000087f50000, 0x000000009a2c0000)
  eden space 33856K,   0% used [0x0000000085600000, 0x0000000085600000, 0x0000000087710000)
  from space 4224K,   1% used [0x0000000087b30000, 0x0000000087b41de0, 0x0000000087f50000)
  to   space 4224K,   0% used [0x0000000087710000, 0x0000000087710000, 0x0000000087b30000)
 concurrent mark-sweep generation total 118092K, used 81380K [0x000000009a2c0000, 0x00000000a1613000, 0x0000000100000000)
 Metaspace       used 110246K, capacity 116789K, committed 119084K, reserved 1153024K
  class space    used 13432K, capacity 14619K, committed 15200K, reserved 1048576K
}
2021-01-19T16:13:48.372+0000: 37079.785: Total time for which application threads were stopped: 0.0052501 seconds, Stopping threads took: 0.0000679 seconds
{Heap before GC invocations=617 (full 6):
 par new generation   total 38080K, used 33927K [0x0000000085600000, 0x0000000087f50000, 0x000000009a2c0000)
  eden space 33856K, 100% used [0x0000000085600000, 0x0000000087710000, 0x0000000087710000)
  from space 4224K,   1% used [0x0000000087b30000, 0x0000000087b41de0, 0x0000000087f50000)
  to   space 4224K,   0% used [0x0000000087710000, 0x0000000087710000, 0x0000000087b30000)
 concurrent mark-sweep generation total 118092K, used 81380K [0x000000009a2c0000, 0x00000000a1613000, 0x0000000100000000)
 Metaspace       used 110246K, capacity 116789K, committed 119084K, reserved 1153024K
  class space    used 13432K, capacity 14619K, committed 15200K, reserved 1048576K
2021-01-19T16:15:33.996+0000: 37185.409: [GC (Allocation Failure) 2021-01-19T16:15:33.997+0000: 37185.409: [ParNew
Desired survivor size 2162688 bytes, new threshold 6 (max 6)
- age   1:       3368 bytes,       3368 total
- age   2:         48 bytes,       3416 total
- age   5:        280 bytes,       3696 total
: 33927K->6K(38080K), 0.0053435 secs] 115307K->81386K(156172K), 0.0056442 secs] [Times: user=0.01 sys=0.00, real=0.00 secs] 
Heap after GC invocations=618 (full 6):
 par new generation   total 38080K, used 6K [0x0000000085600000, 0x0000000087f50000, 0x000000009a2c0000)
  eden space 33856K,   0% used [0x0000000085600000, 0x0000000085600000, 0x0000000087710000)
  from space 4224K,   0% used [0x0000000087710000, 0x0000000087711830, 0x0000000087b30000)
  to   space 4224K,   0% used [0x0000000087b30000, 0x0000000087b30000, 0x0000000087f50000)
 concurrent mark-sweep generation total 118092K, used 81380K [0x000000009a2c0000, 0x00000000a1613000, 0x0000000100000000)
 Metaspace       used 110246K, capacity 116789K, committed 119084K, reserved 1153024K
  class space    used 13432K, capacity 14619K, committed 15200K, reserved 1048576K
}
2021-01-19T16:15:34.002+0000: 37185.415: Total time for which application threads were stopped: 0.0063874 seconds, Stopping threads took: 0.0000713 seconds
2021-01-19T16:16:55.013+0000: 37266.425: Total time for which application threads were stopped: 0.0003745 seconds, Stopping threads took: 0.0000704 seconds
{Heap before GC invocations=618 (full 6):
 par new generation   total 38080K, used 33862K [0x0000000085600000, 0x0000000087f50000, 0x000000009a2c0000)
  eden space 33856K, 100% used [0x0000000085600000, 0x0000000087710000, 0x0000000087710000)
  from space 4224K,   0% used [0x0000000087710000, 0x0000000087711830, 0x0000000087b30000)
  to   space 4224K,   0% used [0x0000000087b30000, 0x0000000087b30000, 0x0000000087f50000)
 concurrent mark-sweep generation total 118092K, used 81380K [0x000000009a2c0000, 0x00000000a1613000, 0x0000000100000000)
 Metaspace       used 110246K, capacity 116789K, committed 119084K, reserved 1153024K
  class space    used 13432K, capacity 14619K, committed 15200K, reserved 1048576K
2021-01-19T16:17:19.335+0000: 37290.747: [GC (Allocation Failure) 2021-01-19T16:17:19.335+0000: 37290.747: [ParNew
Desired survivor size 2162688 bytes, new threshold 6 (max 6)
- age   1:     105888 bytes,     105888 total
- age   2:         32 bytes,     105920 total
- age   6:        280 bytes,     106200 total
: 33862K->108K(38080K), 0.0046082 secs] 115242K->81488K(156172K), 0.0048646 secs] [Times: user=0.01 sys=0.00, real=0.00 secs] 
Heap after GC invocations=619 (full 6):
 par new generation   total 38080K, used 108K [0x0000000085600000, 0x0000000087f50000, 0x000000009a2c0000)
  eden space 33856K,   0% used [0x0000000085600000, 0x0000000085600000, 0x0000000087710000)
  from space 4224K,   2% used [0x0000000087b30000, 0x0000000087b4b060, 0x0000000087f50000)
  to   space 4224K,   0% used [0x0000000087710000, 0x0000000087710000, 0x0000000087b30000)
 concurrent mark-sweep generation total 118092K, used 81380K [0x000000009a2c0000, 0x00000000a1613000, 0x0000000100000000)
 Metaspace       used 110246K, capacity 116789K, committed 119084K, reserved 1153024K
  class space    used 13432K, capacity 14619K, committed 15200K, reserved 1048576K
}
2021-01-19T16:17:19.340+0000: 37290.752: Total time for which application threads were stopped: 0.0056584 seconds, Stopping threads took: 0.0001804 seconds
{Heap before GC invocations=619 (full 6):
 par new generation   total 38080K, used 33964K [0x0000000085600000, 0x0000000087f50000, 0x000000009a2c0000)
  eden space 33856K, 100% used [0x0000000085600000, 0x0000000087710000, 0x0000000087710000)
  from space 4224K,   2% used [0x0000000087b30000, 0x0000000087b4b060, 0x0000000087f50000)
  to   space 4224K,   0% used [0x0000000087710000, 0x0000000087710000, 0x0000000087b30000)
 concurrent mark-sweep generation total 118092K, used 81380K [0x000000009a2c0000, 0x00000000a1613000, 0x0000000100000000)
 Metaspace       used 110251K, capacity 116789K, committed 119084K, reserved 1153024K
  class space    used 13432K, capacity 14619K, committed 15200K, reserved 1048576K
2021-01-19T16:19:02.157+0000: 37393.570: [GC (Allocation Failure) 2021-01-19T16:19:02.158+0000: 37393.570: [ParNew
Desired survivor size 2162688 bytes, new threshold 6 (max 6)
- age   1:     481296 bytes,     481296 total
- age   2:     102352 bytes,     583648 total
: 33964K->594K(38080K), 0.0097017 secs] 115344K->81974K(156172K), 0.0102728 secs] [Times: user=0.02 sys=0.00, real=0.01 secs] 
Heap after GC invocations=620 (full 6):
 par new generation   total 38080K, used 594K [0x0000000085600000, 0x0000000087f50000, 0x000000009a2c0000)
  eden space 33856K,   0% used [0x0000000085600000, 0x0000000085600000, 0x0000000087710000)
  from space 4224K,  14% used [0x0000000087710000, 0x00000000877a4818, 0x0000000087b30000)
  to   space 4224K,   0% used [0x0000000087b30000, 0x0000000087b30000, 0x0000000087f50000)
 concurrent mark-sweep generation total 118092K, used 81380K [0x000000009a2c0000, 0x00000000a1613000, 0x0000000100000000)
 Metaspace       used 110251K, capacity 116789K, committed 119084K, reserved 1153024K
  class space    used 13432K, capacity 14619K, committed 15200K, reserved 1048576K
}
2021-01-19T16:19:02.168+0000: 37393.580: Total time for which application threads were stopped: 0.0110752 seconds, Stopping threads took: 0.0000699 seconds
{Heap before GC invocations=620 (full 6):
 par new generation   total 38080K, used 34450K [0x0000000085600000, 0x0000000087f50000, 0x000000009a2c0000)
  eden space 33856K, 100% used [0x0000000085600000, 0x0000000087710000, 0x0000000087710000)
  from space 4224K,  14% used [0x0000000087710000, 0x00000000877a4818, 0x0000000087b30000)
  to   space 4224K,   0% used [0x0000000087b30000, 0x0000000087b30000, 0x0000000087f50000)
 concurrent mark-sweep generation total 118092K, used 81380K [0x000000009a2c0000, 0x00000000a1613000, 0x0000000100000000)
 Metaspace       used 110253K, capacity 116789K, committed 119084K, reserved 1153024K
  class space    used 13432K, capacity 14619K, committed 15200K, reserved 1048576K
2021-01-19T16:20:46.603+0000: 37498.016: [GC (Allocation Failure) 2021-01-19T16:20:46.603+0000: 37498.016: [ParNew
Desired survivor size 2162688 bytes, new threshold 6 (max 6)
- age   1:     333632 bytes,     333632 total
- age   2:     474200 bytes,     807832 total
- age   3:     102352 bytes,     910184 total
: 34450K->979K(38080K), 0.0091216 secs] 115830K->82360K(156172K), 0.0094212 secs] [Times: user=0.02 sys=0.00, real=0.02 secs] 
Heap after GC invocations=621 (full 6):
 par new generation   total 38080K, used 979K [0x0000000085600000, 0x0000000087f50000, 0x000000009a2c0000)
  eden space 33856K,   0% used [0x0000000085600000, 0x0000000085600000, 0x0000000087710000)
  from space 4224K,  23% used [0x0000000087b30000, 0x0000000087c24e60, 0x0000000087f50000)
  to   space 4224K,   0% used [0x0000000087710000, 0x0000000087710000, 0x0000000087b30000)
 concurrent mark-sweep generation total 118092K, used 81380K [0x000000009a2c0000, 0x00000000a1613000, 0x0000000100000000)
 Metaspace       used 110253K, capacity 116789K, committed 119084K, reserved 1153024K
  class space    used 13432K, capacity 14619K, committed 15200K, reserved 1048576K
}
2021-01-19T16:20:46.613+0000: 37498.025: Total time for which application threads were stopped: 0.0101746 seconds, Stopping threads took: 0.0001044 seconds
{Heap before GC invocations=621 (full 6):
 par new generation   total 38080K, used 34835K [0x0000000085600000, 0x0000000087f50000, 0x000000009a2c0000)
  eden space 33856K, 100% used [0x0000000085600000, 0x0000000087710000, 0x0000000087710000)
  from space 4224K,  23% used [0x0000000087b30000, 0x0000000087c24e60, 0x0000000087f50000)
  to   space 4224K,   0% used [0x0000000087710000, 0x0000000087710000, 0x0000000087b30000)
 concurrent mark-sweep generation total 118092K, used 81380K [0x000000009a2c0000, 0x00000000a1613000, 0x0000000100000000)
 Metaspace       used 110253K, capacity 116789K, committed 119084K, reserved 1153024K
  class space    used 13432K, capacity 14619K, committed 15200K, reserved 1048576K
2021-01-19T16:22:32.779+0000: 37604.191: [GC (Allocation Failure) 2021-01-19T16:22:32.779+0000: 37604.192: [ParNew
Desired survivor size 2162688 bytes, new threshold 6 (max 6)
- age   1:       4040 bytes,       4040 total
- age   2:     262456 bytes,     266496 total
- age   3:     473024 bytes,     739520 total
- age   4:     102352 bytes,     841872 total
: 34835K->1243K(38080K), 0.0057776 secs] 116216K->82624K(156172K), 0.0060682 secs] [Times: user=0.02 sys=0.00, real=0.01 secs] 
Heap after GC invocations=622 (full 6):
 par new generation   total 38080K, used 1243K [0x0000000085600000, 0x0000000087f50000, 0x000000009a2c0000)
  eden space 33856K,   0% used [0x0000000085600000, 0x0000000085600000, 0x0000000087710000)
  from space 4224K,  29% used [0x0000000087710000, 0x0000000087846f00, 0x0000000087b30000)
  to   space 4224K,   0% used [0x0000000087b30000, 0x0000000087b30000, 0x0000000087f50000)
 concurrent mark-sweep generation total 118092K, used 81380K [0x000000009a2c0000, 0x00000000a1613000, 0x0000000100000000)
 Metaspace       used 110253K, capacity 116789K, committed 119084K, reserved 1153024K
  class space    used 13432K, capacity 14619K, committed 15200K, reserved 1048576K
}
2021-01-19T16:22:32.785+0000: 37604.198: Total time for which application threads were stopped: 0.0068324 seconds, Stopping threads took: 0.0000818 seconds
2021-01-19T16:22:33.786+0000: 37605.198: Total time for which application threads were stopped: 0.0003907 seconds, Stopping threads took: 0.0000752 seconds
{Heap before GC invocations=622 (full 6):
 par new generation   total 38080K, used 35099K [0x0000000085600000, 0x0000000087f50000, 0x000000009a2c0000)
  eden space 33856K, 100% used [0x0000000085600000, 0x0000000087710000, 0x0000000087710000)
  from space 4224K,  29% used [0x0000000087710000, 0x0000000087846f00, 0x0000000087b30000)
  to   space 4224K,   0% used [0x0000000087b30000, 0x0000000087b30000, 0x0000000087f50000)
 concurrent mark-sweep generation total 118092K, used 81380K [0x000000009a2c0000, 0x00000000a1613000, 0x0000000100000000)
 Metaspace       used 110255K, capacity 116789K, committed 119084K, reserved 1153024K
  class space    used 13432K, capacity 14619K, committed 15200K, reserved 1048576K
2021-01-19T16:24:18.226+0000: 37709.639: [GC (Allocation Failure) 2021-01-19T16:24:18.226+0000: 37709.639: [ParNew
Desired survivor size 2162688 bytes, new threshold 6 (max 6)
- age   1:       4536 bytes,       4536 total
- age   2:        520 bytes,       5056 total
- age   3:     262456 bytes,     267512 total
- age   4:     473024 bytes,     740536 total
- age   5:     102376 bytes,     842912 total
: 35099K->1158K(38080K), 0.0135259 secs] 116480K->82538K(156172K), 0.0140299 secs] [Times: user=0.03 sys=0.00, real=0.01 secs] 
Heap after GC invocations=623 (full 6):
 par new generation   total 38080K, used 1158K [0x0000000085600000, 0x0000000087f50000, 0x000000009a2c0000)
  eden space 33856K,   0% used [0x0000000085600000, 0x0000000085600000, 0x0000000087710000)
  from space 4224K,  27% used [0x0000000087b30000, 0x0000000087c51890, 0x0000000087f50000)
  to   space 4224K,   0% used [0x0000000087710000, 0x0000000087710000, 0x0000000087b30000)
 concurrent mark-sweep generation total 118092K, used 81380K [0x000000009a2c0000, 0x00000000a1613000, 0x0000000100000000)
 Metaspace       used 110255K, capacity 116789K, committed 119084K, reserved 1153024K
  class space    used 13432K, capacity 14619K, committed 15200K, reserved 1048576K
}
2021-01-19T16:24:18.240+0000: 37709.653: Total time for which application threads were stopped: 0.0151257 seconds, Stopping threads took: 0.0002134 seconds
2021-01-19T16:24:44.244+0000: 37735.656: Total time for which application threads were stopped: 0.0005132 seconds, Stopping threads took: 0.0000845 seconds
2021-01-19T16:24:47.245+0000: 37738.657: Total time for which application threads were stopped: 0.0003675 seconds, Stopping threads took: 0.0000674 seconds
2021-01-19T16:24:54.246+0000: 37745.658: Total time for which application threads were stopped: 0.0003157 seconds, Stopping threads took: 0.0000545 seconds
{Heap before GC invocations=623 (full 6):
 par new generation   total 38080K, used 35014K [0x0000000085600000, 0x0000000087f50000, 0x000000009a2c0000)
  eden space 33856K, 100% used [0x0000000085600000, 0x0000000087710000, 0x0000000087710000)
  from space 4224K,  27% used [0x0000000087b30000, 0x0000000087c51890, 0x0000000087f50000)
  to   space 4224K,   0% used [0x0000000087710000, 0x0000000087710000, 0x0000000087b30000)
 concurrent mark-sweep generation total 118092K, used 81380K [0x000000009a2c0000, 0x00000000a1613000, 0x0000000100000000)
 Metaspace       used 110255K, capacity 116789K, committed 119084K, reserved 1153024K
  class space    used 13432K, capacity 14619K, committed 15200K, reserved 1048576K
2021-01-19T16:26:03.669+0000: 37815.081: [GC (Allocation Failure) 2021-01-19T16:26:03.669+0000: 37815.082: [ParNew
Desired survivor size 2162688 bytes, new threshold 6 (max 6)
- age   1:       3568 bytes,       3568 total
- age   2:        152 bytes,       3720 total
- age   3:        488 bytes,       4208 total
- age   4:     262456 bytes,     266664 total
- age   5:     473024 bytes,     739688 total
- age   6:     102352 bytes,     842040 total
: 35014K->1418K(38080K), 0.0051231 secs] 116394K->82798K(156172K), 0.0053799 secs] [Times: user=0.02 sys=0.00, real=0.01 secs] 
Heap after GC invocations=624 (full 6):
 par new generation   total 38080K, used 1418K [0x0000000085600000, 0x0000000087f50000, 0x000000009a2c0000)
  eden space 33856K,   0% used [0x0000000085600000, 0x0000000085600000, 0x0000000087710000)
  from space 4224K,  33% used [0x0000000087710000, 0x00000000878728d8, 0x0000000087b30000)
  to   space 4224K,   0% used [0x0000000087b30000, 0x0000000087b30000, 0x0000000087f50000)
 concurrent mark-sweep generation total 118092K, used 81380K [0x000000009a2c0000, 0x00000000a1613000, 0x0000000100000000)
 Metaspace       used 110255K, capacity 116789K, committed 119084K, reserved 1153024K
  class space    used 13432K, capacity 14619K, committed 15200K, reserved 1048576K
}
2021-01-19T16:26:03.674+0000: 37815.087: Total time for which application threads were stopped: 0.0060782 seconds, Stopping threads took: 0.0001746 seconds
{Heap before GC invocations=624 (full 6):
 par new generation   total 38080K, used 35274K [0x0000000085600000, 0x0000000087f50000, 0x000000009a2c0000)
  eden space 33856K, 100% used [0x0000000085600000, 0x0000000087710000, 0x0000000087710000)
  from space 4224K,  33% used [0x0000000087710000, 0x00000000878728d8, 0x0000000087b30000)
  to   space 4224K,   0% used [0x0000000087b30000, 0x0000000087b30000, 0x0000000087f50000)
 concurrent mark-sweep generation total 118092K, used 81380K [0x000000009a2c0000, 0x00000000a1613000, 0x0000000100000000)
 Metaspace       used 110255K, capacity 116789K, committed 119084K, reserved 1153024K
  class space    used 13432K, capacity 14619K, committed 15200K, reserved 1048576K
2021-01-19T16:27:49.257+0000: 37920.669: [GC (Allocation Failure) 2021-01-19T16:27:49.257+0000: 37920.669: [ParNew
Desired survivor size 2162688 bytes, new threshold 6 (max 6)
- age   1:      71040 bytes,      71040 total
- age   3:        152 bytes,      71192 total
- age   4:        488 bytes,      71680 total
- age   5:     262456 bytes,     334136 total
- age   6:     473024 bytes,     807160 total
: 35274K->1149K(38080K), 0.0058567 secs] 116654K->82631K(156172K), 0.0061080 secs] [Times: user=0.02 sys=0.00, real=0.00 secs] 
Heap after GC invocations=625 (full 6):
 par new generation   total 38080K, used 1149K [0x0000000085600000, 0x0000000087f50000, 0x000000009a2c0000)
  eden space 33856K,   0% used [0x0000000085600000, 0x0000000085600000, 0x0000000087710000)
  from space 4224K,  27% used [0x0000000087b30000, 0x0000000087c4f6b8, 0x0000000087f50000)
  to   space 4224K,   0% used [0x0000000087710000, 0x0000000087710000, 0x0000000087b30000)
 concurrent mark-sweep generation total 118092K, used 81481K [0x000000009a2c0000, 0x00000000a1613000, 0x0000000100000000)
 Metaspace       used 110255K, capacity 116789K, committed 119084K, reserved 1153024K
  class space    used 13432K, capacity 14619K, committed 15200K, reserved 1048576K
}
2021-01-19T16:27:49.263+0000: 37920.676: Total time for which application threads were stopped: 0.0068141 seconds, Stopping threads took: 0.0000693 seconds
2021-01-19T16:27:50.264+0000: 37921.676: Total time for which application threads were stopped: 0.0003761 seconds, Stopping threads took: 0.0000663 seconds
{Heap before GC invocations=625 (full 6):
 par new generation   total 38080K, used 35005K [0x0000000085600000, 0x0000000087f50000, 0x000000009a2c0000)
  eden space 33856K, 100% used [0x0000000085600000, 0x0000000087710000, 0x0000000087710000)
  from space 4224K,  27% used [0x0000000087b30000, 0x0000000087c4f6b8, 0x0000000087f50000)
  to   space 4224K,   0% used [0x0000000087710000, 0x0000000087710000, 0x0000000087b30000)
 concurrent mark-sweep generation total 118092K, used 81481K [0x000000009a2c0000, 0x00000000a1613000, 0x0000000100000000)
 Metaspace       used 110270K, capacity 116789K, committed 119084K, reserved 1153024K
  class space    used 13432K, capacity 14619K, committed 15200K, reserved 1048576K
2021-01-19T16:29:34.903+0000: 38026.315: [GC (Allocation Failure) 2021-01-19T16:29:34.903+0000: 38026.316: [ParNew
Desired survivor size 2162688 bytes, new threshold 6 (max 6)
- age   1:       3712 bytes,       3712 total
- age   2:         48 bytes,       3760 total
- age   4:        152 bytes,       3912 total
- age   5:        488 bytes,       4400 total
- age   6:     262456 bytes,     266856 total
: 35005K->898K(38080K), 0.0165708 secs] 116487K->82848K(156172K), 0.0168458 secs] [Times: user=0.04 sys=0.00, real=0.02 secs] 
Heap after GC invocations=626 (full 6):
 par new generation   total 38080K, used 898K [0x0000000085600000, 0x0000000087f50000, 0x000000009a2c0000)
  eden space 33856K,   0% used [0x0000000085600000, 0x0000000085600000, 0x0000000087710000)
  from space 4224K,  21% used [0x0000000087710000, 0x00000000877f0ab0, 0x0000000087b30000)
  to   space 4224K,   0% used [0x0000000087b30000, 0x0000000087b30000, 0x0000000087f50000)
 concurrent mark-sweep generation total 118092K, used 81950K [0x000000009a2c0000, 0x00000000a1613000, 0x0000000100000000)
 Metaspace       used 110270K, capacity 116789K, committed 119084K, reserved 1153024K
  class space    used 13432K, capacity 14619K, committed 15200K, reserved 1048576K
}
2021-01-19T16:29:34.920+0000: 38026.333: Total time for which application threads were stopped: 0.0176405 seconds, Stopping threads took: 0.0001490 seconds
2021-01-19T16:30:44.930+0000: 38096.343: Total time for which application threads were stopped: 0.0003717 seconds, Stopping threads took: 0.0000696 seconds
{Heap before GC invocations=626 (full 6):
 par new generation   total 38080K, used 34754K [0x0000000085600000, 0x0000000087f50000, 0x000000009a2c0000)
  eden space 33856K, 100% used [0x0000000085600000, 0x0000000087710000, 0x0000000087710000)
  from space 4224K,  21% used [0x0000000087710000, 0x00000000877f0ab0, 0x0000000087b30000)
  to   space 4224K,   0% used [0x0000000087b30000, 0x0000000087b30000, 0x0000000087f50000)
 concurrent mark-sweep generation total 118092K, used 81950K [0x000000009a2c0000, 0x00000000a1613000, 0x0000000100000000)
 Metaspace       used 110270K, capacity 116789K, committed 119084K, reserved 1153024K
  class space    used 13432K, capacity 14619K, committed 15200K, reserved 1048576K
2021-01-19T16:31:20.527+0000: 38131.940: [GC (Allocation Failure) 2021-01-19T16:31:20.528+0000: 38131.940: [ParNew
Desired survivor size 2162688 bytes, new threshold 6 (max 6)
- age   1:       3768 bytes,       3768 total
- age   2:        256 bytes,       4024 total
- age   5:        152 bytes,       4176 total
- age   6:        488 bytes,       4664 total
: 34754K->244K(38080K), 0.0089773 secs] 116704K->82454K(156172K), 0.0092070 secs] [Times: user=0.02 sys=0.00, real=0.01 secs] 
Heap after GC invocations=627 (full 6):
 par new generation   total 38080K, used 244K [0x0000000085600000, 0x0000000087f50000, 0x000000009a2c0000)
  eden space 33856K,   0% used [0x0000000085600000, 0x0000000085600000, 0x0000000087710000)
  from space 4224K,   5% used [0x0000000087b30000, 0x0000000087b6d380, 0x0000000087f50000)
  to   space 4224K,   0% used [0x0000000087710000, 0x0000000087710000, 0x0000000087b30000)
 concurrent mark-sweep generation total 118092K, used 82209K [0x000000009a2c0000, 0x00000000a1613000, 0x0000000100000000)
 Metaspace       used 110270K, capacity 116789K, committed 119084K, reserved 1153024K
  class space    used 13432K, capacity 14619K, committed 15200K, reserved 1048576K
}
2021-01-19T16:31:20.537+0000: 38131.949: Total time for which application threads were stopped: 0.0098741 seconds, Stopping threads took: 0.0000669 seconds
{Heap before GC invocations=627 (full 6):
 par new generation   total 38080K, used 34100K [0x0000000085600000, 0x0000000087f50000, 0x000000009a2c0000)
  eden space 33856K, 100% used [0x0000000085600000, 0x0000000087710000, 0x0000000087710000)
  from space 4224K,   5% used [0x0000000087b30000, 0x0000000087b6d380, 0x0000000087f50000)
  to   space 4224K,   0% used [0x0000000087710000, 0x0000000087710000, 0x0000000087b30000)
 concurrent mark-sweep generation total 118092K, used 82209K [0x000000009a2c0000, 0x00000000a1613000, 0x0000000100000000)
 Metaspace       used 110270K, capacity 116789K, committed 119084K, reserved 1153024K
  class space    used 13432K, capacity 14619K, committed 15200K, reserved 1048576K
2021-01-19T16:33:06.197+0000: 38237.610: [GC (Allocation Failure) 2021-01-19T16:33:06.197+0000: 38237.610: [ParNew
Desired survivor size 2162688 bytes, new threshold 6 (max 6)
- age   1:       3488 bytes,       3488 total
- age   3:        224 bytes,       3712 total
- age   6:        152 bytes,       3864 total
: 34100K->46K(38080K), 0.0053579 secs] 116310K->82256K(156172K), 0.0055825 secs] [Times: user=0.02 sys=0.00, real=0.00 secs] 
Heap after GC invocations=628 (full 6):
 par new generation   total 38080K, used 46K [0x0000000085600000, 0x0000000087f50000, 0x000000009a2c0000)
  eden space 33856K,   0% used [0x0000000085600000, 0x0000000085600000, 0x0000000087710000)
  from space 4224K,   1% used [0x0000000087710000, 0x000000008771ba30, 0x0000000087b30000)
  to   space 4224K,   0% used [0x0000000087b30000, 0x0000000087b30000, 0x0000000087f50000)
 concurrent mark-sweep generation total 118092K, used 82210K [0x000000009a2c0000, 0x00000000a1613000, 0x0000000100000000)
 Metaspace       used 110270K, capacity 116789K, committed 119084K, reserved 1153024K
  class space    used 13432K, capacity 14619K, committed 15200K, reserved 1048576K
}
2021-01-19T16:33:06.203+0000: 38237.616: Total time for which application threads were stopped: 0.0061351 seconds, Stopping threads took: 0.0000693 seconds
{Heap before GC invocations=628 (full 6):
 par new generation   total 38080K, used 33902K [0x0000000085600000, 0x0000000087f50000, 0x000000009a2c0000)
  eden space 33856K, 100% used [0x0000000085600000, 0x0000000087710000, 0x0000000087710000)
  from space 4224K,   1% used [0x0000000087710000, 0x000000008771ba30, 0x0000000087b30000)
  to   space 4224K,   0% used [0x0000000087b30000, 0x0000000087b30000, 0x0000000087f50000)
 concurrent mark-sweep generation total 118092K, used 82210K [0x000000009a2c0000, 0x00000000a1613000, 0x0000000100000000)
 Metaspace       used 110270K, capacity 116789K, committed 119084K, reserved 1153024K
  class space    used 13432K, capacity 14619K, committed 15200K, reserved 1048576K
2021-01-19T16:34:51.929+0000: 38343.341: [GC (Allocation Failure) 2021-01-19T16:34:51.929+0000: 38343.341: [ParNew
Desired survivor size 2162688 bytes, new threshold 6 (max 6)
- age   1:      72688 bytes,      72688 total
- age   4:        224 bytes,      72912 total
: 33902K->76K(38080K), 0.0059177 secs] 116112K->82286K(156172K), 0.0061578 secs] [Times: user=0.02 sys=0.00, real=0.01 secs] 
Heap after GC invocations=629 (full 6):
 par new generation   total 38080K, used 76K [0x0000000085600000, 0x0000000087f50000, 0x000000009a2c0000)
  eden space 33856K,   0% used [0x0000000085600000, 0x0000000085600000, 0x0000000087710000)
  from space 4224K,   1% used [0x0000000087b30000, 0x0000000087b430c8, 0x0000000087f50000)
  to   space 4224K,   0% used [0x0000000087710000, 0x0000000087710000, 0x0000000087b30000)
 concurrent mark-sweep generation total 118092K, used 82210K [0x000000009a2c0000, 0x00000000a1613000, 0x0000000100000000)
 Metaspace       used 110270K, capacity 116789K, committed 119084K, reserved 1153024K
  class space    used 13432K, capacity 14619K, committed 15200K, reserved 1048576K
}
2021-01-19T16:34:51.935+0000: 38343.348: Total time for which application threads were stopped: 0.0072042 seconds, Stopping threads took: 0.0000925 seconds
2021-01-19T16:34:54.936+0000: 38346.349: Total time for which application threads were stopped: 0.0005058 seconds, Stopping threads took: 0.0000910 seconds
2021-01-19T16:35:44.943+0000: 38396.356: Total time for which application threads were stopped: 0.0003920 seconds, Stopping threads took: 0.0000841 seconds
2021-01-19T16:35:54.945+0000: 38406.357: Total time for which application threads were stopped: 0.0004383 seconds, Stopping threads took: 0.0000726 seconds
{Heap before GC invocations=629 (full 6):
 par new generation   total 38080K, used 33932K [0x0000000085600000, 0x0000000087f50000, 0x000000009a2c0000)
  eden space 33856K, 100% used [0x0000000085600000, 0x0000000087710000, 0x0000000087710000)
  from space 4224K,   1% used [0x0000000087b30000, 0x0000000087b430c8, 0x0000000087f50000)
  to   space 4224K,   0% used [0x0000000087710000, 0x0000000087710000, 0x0000000087b30000)
 concurrent mark-sweep generation total 118092K, used 82210K [0x000000009a2c0000, 0x00000000a1613000, 0x0000000100000000)
 Metaspace       used 110270K, capacity 116789K, committed 119084K, reserved 1153024K
  class space    used 13432K, capacity 14619K, committed 15200K, reserved 1048576K
2021-01-19T16:36:37.904+0000: 38449.317: [GC (Allocation Failure) 2021-01-19T16:36:37.905+0000: 38449.317: [ParNew
Desired survivor size 2162688 bytes, new threshold 6 (max 6)
- age   1:       3752 bytes,       3752 total
- age   5:        224 bytes,       3976 total
: 33932K->6K(38080K), 0.0058082 secs] 116142K->82216K(156172K), 0.0060770 secs] [Times: user=0.01 sys=0.00, real=0.00 secs] 
Heap after GC invocations=630 (full 6):
 par new generation   total 38080K, used 6K [0x0000000085600000, 0x0000000087f50000, 0x000000009a2c0000)
  eden space 33856K,   0% used [0x0000000085600000, 0x0000000085600000, 0x0000000087710000)
  from space 4224K,   0% used [0x0000000087710000, 0x0000000087711830, 0x0000000087b30000)
  to   space 4224K,   0% used [0x0000000087b30000, 0x0000000087b30000, 0x0000000087f50000)
 concurrent mark-sweep generation total 118092K, used 82210K [0x000000009a2c0000, 0x00000000a1613000, 0x0000000100000000)
 Metaspace       used 110270K, capacity 116789K, committed 119084K, reserved 1153024K
  class space    used 13432K, capacity 14619K, committed 15200K, reserved 1048576K
}
2021-01-19T16:36:37.911+0000: 38449.323: Total time for which application threads were stopped: 0.0067855 seconds, Stopping threads took: 0.0000659 seconds
2021-01-19T16:36:44.912+0000: 38456.325: Total time for which application threads were stopped: 0.0004105 seconds, Stopping threads took: 0.0000692 seconds
{Heap before GC invocations=630 (full 6):
 par new generation   total 38080K, used 33862K [0x0000000085600000, 0x0000000087f50000, 0x000000009a2c0000)
  eden space 33856K, 100% used [0x0000000085600000, 0x0000000087710000, 0x0000000087710000)
  from space 4224K,   0% used [0x0000000087710000, 0x0000000087711830, 0x0000000087b30000)
  to   space 4224K,   0% used [0x0000000087b30000, 0x0000000087b30000, 0x0000000087f50000)
 concurrent mark-sweep generation total 118092K, used 82210K [0x000000009a2c0000, 0x00000000a1613000, 0x0000000100000000)
 Metaspace       used 110270K, capacity 116789K, committed 119084K, reserved 1153024K
  class space    used 13432K, capacity 14619K, committed 15200K, reserved 1048576K
2021-01-19T16:38:23.638+0000: 38555.051: [GC (Allocation Failure) 2021-01-19T16:38:23.638+0000: 38555.051: [ParNew
Desired survivor size 2162688 bytes, new threshold 6 (max 6)
- age   1:       3752 bytes,       3752 total
- age   6:        224 bytes,       3976 total
: 33862K->8K(38080K), 0.0055433 secs] 116072K->82218K(156172K), 0.0058308 secs] [Times: user=0.02 sys=0.01, real=0.01 secs] 
Heap after GC invocations=631 (full 6):
 par new generation   total 38080K, used 8K [0x0000000085600000, 0x0000000087f50000, 0x000000009a2c0000)
  eden space 33856K,   0% used [0x0000000085600000, 0x0000000085600000, 0x0000000087710000)
  from space 4224K,   0% used [0x0000000087b30000, 0x0000000087b32040, 0x0000000087f50000)
  to   space 4224K,   0% used [0x0000000087710000, 0x0000000087710000, 0x0000000087b30000)
 concurrent mark-sweep generation total 118092K, used 82210K [0x000000009a2c0000, 0x00000000a1613000, 0x0000000100000000)
 Metaspace       used 110270K, capacity 116789K, committed 119084K, reserved 1153024K
  class space    used 13432K, capacity 14619K, committed 15200K, reserved 1048576K
}
2021-01-19T16:38:23.644+0000: 38555.057: Total time for which application threads were stopped: 0.0064296 seconds, Stopping threads took: 0.0000655 seconds
{Heap before GC invocations=631 (full 6):
 par new generation   total 38080K, used 33864K [0x0000000085600000, 0x0000000087f50000, 0x000000009a2c0000)
  eden space 33856K, 100% used [0x0000000085600000, 0x0000000087710000, 0x0000000087710000)
  from space 4224K,   0% used [0x0000000087b30000, 0x0000000087b32040, 0x0000000087f50000)
  to   space 4224K,   0% used [0x0000000087710000, 0x0000000087710000, 0x0000000087b30000)
 concurrent mark-sweep generation total 118092K, used 82210K [0x000000009a2c0000, 0x00000000a1613000, 0x0000000100000000)
 Metaspace       used 110270K, capacity 116789K, committed 119084K, reserved 1153024K
  class space    used 13432K, capacity 14619K, committed 15200K, reserved 1048576K
2021-01-19T16:40:09.432+0000: 38660.844: [GC (Allocation Failure) 2021-01-19T16:40:09.432+0000: 38660.844: [ParNew
Desired survivor size 2162688 bytes, new threshold 6 (max 6)
- age   1:       4000 bytes,       4000 total
- age   2:         32 bytes,       4032 total
: 33864K->8K(38080K), 0.0095941 secs] 116074K->82218K(156172K), 0.0098378 secs] [Times: user=0.02 sys=0.00, real=0.01 secs] 
Heap after GC invocations=632 (full 6):
 par new generation   total 38080K, used 8K [0x0000000085600000, 0x0000000087f50000, 0x000000009a2c0000)
  eden space 33856K,   0% used [0x0000000085600000, 0x0000000085600000, 0x0000000087710000)
  from space 4224K,   0% used [0x0000000087710000, 0x0000000087712040, 0x0000000087b30000)
  to   space 4224K,   0% used [0x0000000087b30000, 0x0000000087b30000, 0x0000000087f50000)
 concurrent mark-sweep generation total 118092K, used 82210K [0x000000009a2c0000, 0x00000000a1613000, 0x0000000100000000)
 Metaspace       used 110270K, capacity 116789K, committed 119084K, reserved 1153024K
  class space    used 13432K, capacity 14619K, committed 15200K, reserved 1048576K
}
2021-01-19T16:40:09.442+0000: 38660.854: Total time for which application threads were stopped: 0.0105577 seconds, Stopping threads took: 0.0000896 seconds
{Heap before GC invocations=632 (full 6):
 par new generation   total 38080K, used 33864K [0x0000000085600000, 0x0000000087f50000, 0x000000009a2c0000)
  eden space 33856K, 100% used [0x0000000085600000, 0x0000000087710000, 0x0000000087710000)
  from space 4224K,   0% used [0x0000000087710000, 0x0000000087712040, 0x0000000087b30000)
  to   space 4224K,   0% used [0x0000000087b30000, 0x0000000087b30000, 0x0000000087f50000)
 concurrent mark-sweep generation total 118092K, used 82210K [0x000000009a2c0000, 0x00000000a1613000, 0x0000000100000000)
 Metaspace       used 110270K, capacity 116789K, committed 119084K, reserved 1153024K
  class space    used 13432K, capacity 14619K, committed 15200K, reserved 1048576K
2021-01-19T16:41:55.184+0000: 38766.597: [GC (Allocation Failure) 2021-01-19T16:41:55.184+0000: 38766.597: [ParNew
Desired survivor size 2162688 bytes, new threshold 6 (max 6)
- age   1:      37576 bytes,      37576 total
: 33864K->38K(38080K), 0.0036062 secs] 116074K->82249K(156172K), 0.0038867 secs] [Times: user=0.00 sys=0.00, real=0.00 secs] 
Heap after GC invocations=633 (full 6):
 par new generation   total 38080K, used 38K [0x0000000085600000, 0x0000000087f50000, 0x000000009a2c0000)
  eden space 33856K,   0% used [0x0000000085600000, 0x0000000085600000, 0x0000000087710000)
  from space 4224K,   0% used [0x0000000087b30000, 0x0000000087b39b08, 0x0000000087f50000)
  to   space 4224K,   0% used [0x0000000087710000, 0x0000000087710000, 0x0000000087b30000)
 concurrent mark-sweep generation total 118092K, used 82210K [0x000000009a2c0000, 0x00000000a1613000, 0x0000000100000000)
 Metaspace       used 110270K, capacity 116789K, committed 119084K, reserved 1153024K
  class space    used 13432K, capacity 14619K, committed 15200K, reserved 1048576K
}
2021-01-19T16:41:55.188+0000: 38766.601: Total time for which application threads were stopped: 0.0047000 seconds, Stopping threads took: 0.0002379 seconds
{Heap before GC invocations=633 (full 6):
 par new generation   total 38080K, used 33894K [0x0000000085600000, 0x0000000087f50000, 0x000000009a2c0000)
  eden space 33856K, 100% used [0x0000000085600000, 0x0000000087710000, 0x0000000087710000)
  from space 4224K,   0% used [0x0000000087b30000, 0x0000000087b39b08, 0x0000000087f50000)
  to   space 4224K,   0% used [0x0000000087710000, 0x0000000087710000, 0x0000000087b30000)
 concurrent mark-sweep generation total 118092K, used 82210K [0x000000009a2c0000, 0x00000000a1613000, 0x0000000100000000)
 Metaspace       used 110270K, capacity 116789K, committed 119084K, reserved 1153024K
  class space    used 13432K, capacity 14619K, committed 15200K, reserved 1048576K
2021-01-19T16:43:41.009+0000: 38872.422: [GC (Allocation Failure) 2021-01-19T16:43:41.009+0000: 38872.422: [ParNew
Desired survivor size 2162688 bytes, new threshold 6 (max 6)
- age   1:       3752 bytes,       3752 total
- age   2:         48 bytes,       3800 total
: 33894K->6K(38080K), 0.0048130 secs] 116105K->82216K(156172K), 0.0050724 secs] [Times: user=0.01 sys=0.00, real=0.01 secs] 
Heap after GC invocations=634 (full 6):
 par new generation   total 38080K, used 6K [0x0000000085600000, 0x0000000087f50000, 0x000000009a2c0000)
  eden space 33856K,   0% used [0x0000000085600000, 0x0000000085600000, 0x0000000087710000)
  from space 4224K,   0% used [0x0000000087710000, 0x0000000087711830, 0x0000000087b30000)
  to   space 4224K,   0% used [0x0000000087b30000, 0x0000000087b30000, 0x0000000087f50000)
 concurrent mark-sweep generation total 118092K, used 82210K [0x000000009a2c0000, 0x00000000a1613000, 0x0000000100000000)
 Metaspace       used 110270K, capacity 116789K, committed 119084K, reserved 1153024K
  class space    used 13432K, capacity 14619K, committed 15200K, reserved 1048576K
}
2021-01-19T16:43:41.014+0000: 38872.427: Total time for which application threads were stopped: 0.0057260 seconds, Stopping threads took: 0.0001092 seconds
{Heap before GC invocations=634 (full 6):
 par new generation   total 38080K, used 33862K [0x0000000085600000, 0x0000000087f50000, 0x000000009a2c0000)
  eden space 33856K, 100% used [0x0000000085600000, 0x0000000087710000, 0x0000000087710000)
  from space 4224K,   0% used [0x0000000087710000, 0x0000000087711830, 0x0000000087b30000)
  to   space 4224K,   0% used [0x0000000087b30000, 0x0000000087b30000, 0x0000000087f50000)
 concurrent mark-sweep generation total 118092K, used 82210K [0x000000009a2c0000, 0x00000000a1613000, 0x0000000100000000)
 Metaspace       used 110270K, capacity 116789K, committed 119084K, reserved 1153024K
  class space    used 13432K, capacity 14619K, committed 15200K, reserved 1048576K
2021-01-19T16:45:27.005+0000: 38978.418: [GC (Allocation Failure) 2021-01-19T16:45:27.005+0000: 38978.418: [ParNew
Desired survivor size 2162688 bytes, new threshold 6 (max 6)
- age   1:       3752 bytes,       3752 total
: 33862K->6K(38080K), 0.0045427 secs] 116072K->82216K(156172K), 0.0047447 secs] [Times: user=0.01 sys=0.00, real=0.00 secs] 
Heap after GC invocations=635 (full 6):
 par new generation   total 38080K, used 6K [0x0000000085600000, 0x0000000087f50000, 0x000000009a2c0000)
  eden space 33856K,   0% used [0x0000000085600000, 0x0000000085600000, 0x0000000087710000)
  from space 4224K,   0% used [0x0000000087b30000, 0x0000000087b31830, 0x0000000087f50000)
  to   space 4224K,   0% used [0x0000000087710000, 0x0000000087710000, 0x0000000087b30000)
 concurrent mark-sweep generation total 118092K, used 82210K [0x000000009a2c0000, 0x00000000a1613000, 0x0000000100000000)
 Metaspace       used 110270K, capacity 116789K, committed 119084K, reserved 1153024K
  class space    used 13432K, capacity 14619K, committed 15200K, reserved 1048576K
}
2021-01-19T16:45:27.010+0000: 38978.423: Total time for which application threads were stopped: 0.0053366 seconds, Stopping threads took: 0.0000664 seconds
2021-01-19T16:46:30.019+0000: 39041.431: Total time for which application threads were stopped: 0.0003806 seconds, Stopping threads took: 0.0000685 seconds
2021-01-19T16:46:45.021+0000: 39056.434: Total time for which application threads were stopped: 0.0003807 seconds, Stopping threads took: 0.0000687 seconds
{Heap before GC invocations=635 (full 6):
 par new generation   total 38080K, used 33862K [0x0000000085600000, 0x0000000087f50000, 0x000000009a2c0000)
  eden space 33856K, 100% used [0x0000000085600000, 0x0000000087710000, 0x0000000087710000)
  from space 4224K,   0% used [0x0000000087b30000, 0x0000000087b31830, 0x0000000087f50000)
  to   space 4224K,   0% used [0x0000000087710000, 0x0000000087710000, 0x0000000087b30000)
 concurrent mark-sweep generation total 118092K, used 82210K [0x000000009a2c0000, 0x00000000a1613000, 0x0000000100000000)
 Metaspace       used 110270K, capacity 116789K, committed 119084K, reserved 1153024K
  class space    used 13432K, capacity 14619K, committed 15200K, reserved 1048576K
2021-01-19T16:47:12.382+0000: 39083.795: [GC (Allocation Failure) 2021-01-19T16:47:12.382+0000: 39083.795: [ParNew
Desired survivor size 2162688 bytes, new threshold 6 (max 6)
- age   1:     111144 bytes,     111144 total
- age   2:         32 bytes,     111176 total
: 33862K->115K(38080K), 0.0069903 secs] 116072K->82325K(156172K), 0.0072536 secs] [Times: user=0.02 sys=0.00, real=0.01 secs] 
Heap after GC invocations=636 (full 6):
 par new generation   total 38080K, used 115K [0x0000000085600000, 0x0000000087f50000, 0x000000009a2c0000)
  eden space 33856K,   0% used [0x0000000085600000, 0x0000000085600000, 0x0000000087710000)
  from space 4224K,   2% used [0x0000000087710000, 0x000000008772cc48, 0x0000000087b30000)
  to   space 4224K,   0% used [0x0000000087b30000, 0x0000000087b30000, 0x0000000087f50000)
 concurrent mark-sweep generation total 118092K, used 82210K [0x000000009a2c0000, 0x00000000a1613000, 0x0000000100000000)
 Metaspace       used 110270K, capacity 116789K, committed 119084K, reserved 1153024K
  class space    used 13432K, capacity 14619K, committed 15200K, reserved 1048576K
}
2021-01-19T16:47:12.390+0000: 39083.802: Total time for which application threads were stopped: 0.0083205 seconds, Stopping threads took: 0.0002845 seconds
2021-01-19T16:47:27.393+0000: 39098.805: Total time for which application threads were stopped: 0.0003879 seconds, Stopping threads took: 0.0000696 seconds
{Heap before GC invocations=636 (full 6):
 par new generation   total 38080K, used 33971K [0x0000000085600000, 0x0000000087f50000, 0x000000009a2c0000)
  eden space 33856K, 100% used [0x0000000085600000, 0x0000000087710000, 0x0000000087710000)
  from space 4224K,   2% used [0x0000000087710000, 0x000000008772cc48, 0x0000000087b30000)
  to   space 4224K,   0% used [0x0000000087b30000, 0x0000000087b30000, 0x0000000087f50000)
 concurrent mark-sweep generation total 118092K, used 82210K [0x000000009a2c0000, 0x00000000a1613000, 0x0000000100000000)
 Metaspace       used 110273K, capacity 116789K, committed 119084K, reserved 1153024K
  class space    used 13432K, capacity 14619K, committed 15200K, reserved 1048576K
2021-01-19T16:48:54.192+0000: 39185.605: [GC (Allocation Failure) 2021-01-19T16:48:54.192+0000: 39185.605: [ParNew
Desired survivor size 2162688 bytes, new threshold 6 (max 6)
- age   1:     664232 bytes,     664232 total
- age   2:     107112 bytes,     771344 total
: 33971K->769K(38080K), 0.0220445 secs] 116181K->82980K(156172K), 0.0224438 secs] [Times: user=0.03 sys=0.01, real=0.03 secs] 
Heap after GC invocations=637 (full 6):
 par new generation   total 38080K, used 769K [0x0000000085600000, 0x0000000087f50000, 0x000000009a2c0000)
  eden space 33856K,   0% used [0x0000000085600000, 0x0000000085600000, 0x0000000087710000)
  from space 4224K,  18% used [0x0000000087b30000, 0x0000000087bf07f0, 0x0000000087f50000)
  to   space 4224K,   0% used [0x0000000087710000, 0x0000000087710000, 0x0000000087b30000)
 concurrent mark-sweep generation total 118092K, used 82210K [0x000000009a2c0000, 0x00000000a1613000, 0x0000000100000000)
 Metaspace       used 110273K, capacity 116789K, committed 119084K, reserved 1153024K
  class space    used 13432K, capacity 14619K, committed 15200K, reserved 1048576K
}
2021-01-19T16:48:54.215+0000: 39185.627: Total time for which application threads were stopped: 0.0233942 seconds, Stopping threads took: 0.0000762 seconds
{Heap before GC invocations=637 (full 6):
 par new generation   total 38080K, used 34625K [0x0000000085600000, 0x0000000087f50000, 0x000000009a2c0000)
  eden space 33856K, 100% used [0x0000000085600000, 0x0000000087710000, 0x0000000087710000)
  from space 4224K,  18% used [0x0000000087b30000, 0x0000000087bf07f0, 0x0000000087f50000)
  to   space 4224K,   0% used [0x0000000087710000, 0x0000000087710000, 0x0000000087b30000)
 concurrent mark-sweep generation total 118092K, used 82210K [0x000000009a2c0000, 0x00000000a1613000, 0x0000000100000000)
 Metaspace       used 110273K, capacity 116789K, committed 119084K, reserved 1153024K
  class space    used 13432K, capacity 14619K, committed 15200K, reserved 1048576K
2021-01-19T16:50:39.195+0000: 39290.608: [GC (Allocation Failure) 2021-01-19T16:50:39.195+0000: 39290.608: [ParNew
Desired survivor size 2162688 bytes, new threshold 6 (max 6)
- age   1:     111176 bytes,     111176 total
- age   2:     625440 bytes,     736616 total
- age   3:     105976 bytes,     842592 total
: 34625K->956K(38080K), 0.0171733 secs] 116836K->83167K(156172K), 0.0174710 secs] [Times: user=0.03 sys=0.00, real=0.02 secs] 
Heap after GC invocations=638 (full 6):
 par new generation   total 38080K, used 956K [0x0000000085600000, 0x0000000087f50000, 0x000000009a2c0000)
  eden space 33856K,   0% used [0x0000000085600000, 0x0000000085600000, 0x0000000087710000)
  from space 4224K,  22% used [0x0000000087710000, 0x00000000877ff1d8, 0x0000000087b30000)
  to   space 4224K,   0% used [0x0000000087b30000, 0x0000000087b30000, 0x0000000087f50000)
 concurrent mark-sweep generation total 118092K, used 82210K [0x000000009a2c0000, 0x00000000a1613000, 0x0000000100000000)
 Metaspace       used 110273K, capacity 116789K, committed 119084K, reserved 1153024K
  class space    used 13432K, capacity 14619K, committed 15200K, reserved 1048576K
}
2021-01-19T16:50:39.213+0000: 39290.625: Total time for which application threads were stopped: 0.0182199 seconds, Stopping threads took: 0.0000679 seconds
{Heap before GC invocations=638 (full 6):
 par new generation   total 38080K, used 34811K [0x0000000085600000, 0x0000000087f50000, 0x000000009a2c0000)
  eden space 33856K,  99% used [0x0000000085600000, 0x000000008770fa88, 0x0000000087710000)
  from space 4224K,  22% used [0x0000000087710000, 0x00000000877ff1d8, 0x0000000087b30000)
  to   space 4224K,   0% used [0x0000000087b30000, 0x0000000087b30000, 0x0000000087f50000)
 concurrent mark-sweep generation total 118092K, used 82210K [0x000000009a2c0000, 0x00000000a1613000, 0x0000000100000000)
 Metaspace       used 110273K, capacity 116789K, committed 119084K, reserved 1153024K
  class space    used 13432K, capacity 14619K, committed 15200K, reserved 1048576K
2021-01-19T16:52:24.011+0000: 39395.423: [GC (Allocation Failure) 2021-01-19T16:52:24.011+0000: 39395.424: [ParNew
Desired survivor size 2162688 bytes, new threshold 6 (max 6)
- age   1:       4392 bytes,       4392 total
- age   2:     107424 bytes,     111816 total
- age   3:     624304 bytes,     736120 total
- age   4:     105976 bytes,     842096 total
: 34811K->889K(38080K), 0.0036241 secs] 117021K->83100K(156172K), 0.0037564 secs] [Times: user=0.01 sys=0.00, real=0.01 secs] 
Heap after GC invocations=639 (full 6):
 par new generation   total 38080K, used 889K [0x0000000085600000, 0x0000000087f50000, 0x000000009a2c0000)
  eden space 33856K,   0% used [0x0000000085600000, 0x0000000085600000, 0x0000000087710000)
  from space 4224K,  21% used [0x0000000087b30000, 0x0000000087c0e760, 0x0000000087f50000)
  to   space 4224K,   0% used [0x0000000087710000, 0x0000000087710000, 0x0000000087b30000)
 concurrent mark-sweep generation total 118092K, used 82210K [0x000000009a2c0000, 0x00000000a1613000, 0x0000000100000000)
 Metaspace       used 110273K, capacity 116789K, committed 119084K, reserved 1153024K
  class space    used 13432K, capacity 14619K, committed 15200K, reserved 1048576K
}
2021-01-19T16:52:24.015+0000: 39395.427: Total time for which application threads were stopped: 0.0041169 seconds, Stopping threads took: 0.0000643 seconds
{Heap before GC invocations=639 (full 6):
 par new generation   total 38080K, used 34745K [0x0000000085600000, 0x0000000087f50000, 0x000000009a2c0000)
  eden space 33856K, 100% used [0x0000000085600000, 0x0000000087710000, 0x0000000087710000)
  from space 4224K,  21% used [0x0000000087b30000, 0x0000000087c0e760, 0x0000000087f50000)
  to   space 4224K,   0% used [0x0000000087710000, 0x0000000087710000, 0x0000000087b30000)
 concurrent mark-sweep generation total 118092K, used 82210K [0x000000009a2c0000, 0x00000000a1613000, 0x0000000100000000)
 Metaspace       used 110273K, capacity 116789K, committed 119084K, reserved 1153024K
  class space    used 13432K, capacity 14619K, committed 15200K, reserved 1048576K
2021-01-19T16:54:08.778+0000: 39500.191: [GC (Allocation Failure) 2021-01-19T16:54:08.778+0000: 39500.191: [ParNew
Desired survivor size 2162688 bytes, new threshold 6 (max 6)
- age   1:       3632 bytes,       3632 total
- age   2:        672 bytes,       4304 total
- age   3:     107424 bytes,     111728 total
- age   4:     624304 bytes,     736032 total
- age   5:     105976 bytes,     842008 total
: 34745K->1192K(38080K), 0.0037063 secs] 116956K->83402K(156172K), 0.0038795 secs] [Times: user=0.01 sys=0.00, real=0.00 secs] 
Heap after GC invocations=640 (full 6):
 par new generation   total 38080K, used 1192K [0x0000000085600000, 0x0000000087f50000, 0x000000009a2c0000)
  eden space 33856K,   0% used [0x0000000085600000, 0x0000000085600000, 0x0000000087710000)
  from space 4224K,  28% used [0x0000000087710000, 0x000000008783a080, 0x0000000087b30000)
  to   space 4224K,   0% used [0x0000000087b30000, 0x0000000087b30000, 0x0000000087f50000)
 concurrent mark-sweep generation total 118092K, used 82210K [0x000000009a2c0000, 0x00000000a1613000, 0x0000000100000000)
 Metaspace       used 110273K, capacity 116789K, committed 119084K, reserved 1153024K
  class space    used 13432K, capacity 14619K, committed 15200K, reserved 1048576K
}
2021-01-19T16:54:08.782+0000: 39500.195: Total time for which application threads were stopped: 0.0043206 seconds, Stopping threads took: 0.0000794 seconds
{Heap before GC invocations=640 (full 6):
 par new generation   total 38080K, used 35048K [0x0000000085600000, 0x0000000087f50000, 0x000000009a2c0000)
  eden space 33856K, 100% used [0x0000000085600000, 0x0000000087710000, 0x0000000087710000)
  from space 4224K,  28% used [0x0000000087710000, 0x000000008783a080, 0x0000000087b30000)
  to   space 4224K,   0% used [0x0000000087b30000, 0x0000000087b30000, 0x0000000087f50000)
 concurrent mark-sweep generation total 118092K, used 82210K [0x000000009a2c0000, 0x00000000a1613000, 0x0000000100000000)
 Metaspace       used 110273K, capacity 116789K, committed 119084K, reserved 1153024K
  class space    used 13432K, capacity 14619K, committed 15200K, reserved 1048576K
2021-01-19T16:55:53.549+0000: 39604.961: [GC (Allocation Failure) 2021-01-19T16:55:53.549+0000: 39604.961: [ParNew
Desired survivor size 2162688 bytes, new threshold 6 (max 6)
- age   1:      37584 bytes,      37584 total
- age   3:        592 bytes,      38176 total
- age   4:     107424 bytes,     145600 total
- age   5:     624304 bytes,     769904 total
- age   6:     105976 bytes,     875880 total
: 35048K->1426K(38080K), 0.0055198 secs] 117258K->83637K(156172K), 0.0057031 secs] [Times: user=0.01 sys=0.00, real=0.01 secs] 
Heap after GC invocations=641 (full 6):
 par new generation   total 38080K, used 1426K [0x0000000085600000, 0x0000000087f50000, 0x000000009a2c0000)
  eden space 33856K,   0% used [0x0000000085600000, 0x0000000085600000, 0x0000000087710000)
  from space 4224K,  33% used [0x0000000087b30000, 0x0000000087c94bd8, 0x0000000087f50000)
  to   space 4224K,   0% used [0x0000000087710000, 0x0000000087710000, 0x0000000087b30000)
 concurrent mark-sweep generation total 118092K, used 82210K [0x000000009a2c0000, 0x00000000a1613000, 0x0000000100000000)
 Metaspace       used 110273K, capacity 116789K, committed 119084K, reserved 1153024K
  class space    used 13432K, capacity 14619K, committed 15200K, reserved 1048576K
}
2021-01-19T16:55:53.555+0000: 39604.967: Total time for which application threads were stopped: 0.0060784 seconds, Stopping threads took: 0.0000549 seconds
{Heap before GC invocations=641 (full 6):
 par new generation   total 38080K, used 35282K [0x0000000085600000, 0x0000000087f50000, 0x000000009a2c0000)
  eden space 33856K, 100% used [0x0000000085600000, 0x0000000087710000, 0x0000000087710000)
  from space 4224K,  33% used [0x0000000087b30000, 0x0000000087c94bd8, 0x0000000087f50000)
  to   space 4224K,   0% used [0x0000000087710000, 0x0000000087710000, 0x0000000087b30000)
 concurrent mark-sweep generation total 118092K, used 82210K [0x000000009a2c0000, 0x00000000a1613000, 0x0000000100000000)
 Metaspace       used 110273K, capacity 116789K, committed 119084K, reserved 1153024K
  class space    used 13432K, capacity 14619K, committed 15200K, reserved 1048576K
2021-01-19T16:57:38.569+0000: 39709.982: [GC (Allocation Failure) 2021-01-19T16:57:38.569+0000: 39709.982: [ParNew
Desired survivor size 2162688 bytes, new threshold 6 (max 6)
- age   1:       3328 bytes,       3328 total
- age   2:         96 bytes,       3424 total
- age   4:        592 bytes,       4016 total
- age   5:     107464 bytes,     111480 total
- age   6:     624304 bytes,     735784 total
: 35282K->1056K(38080K), 0.0021206 secs] 117493K->83372K(156172K), 0.0021931 secs] [Times: user=0.00 sys=0.00, real=0.00 secs] 
Heap after GC invocations=642 (full 6):
 par new generation   total 38080K, used 1056K [0x0000000085600000, 0x0000000087f50000, 0x000000009a2c0000)
  eden space 33856K,   0% used [0x0000000085600000, 0x0000000085600000, 0x0000000087710000)
  from space 4224K,  25% used [0x0000000087710000, 0x0000000087818308, 0x0000000087b30000)
  to   space 4224K,   0% used [0x0000000087b30000, 0x0000000087b30000, 0x0000000087f50000)
 concurrent mark-sweep generation total 118092K, used 82315K [0x000000009a2c0000, 0x00000000a1613000, 0x0000000100000000)
 Metaspace       used 110273K, capacity 116789K, committed 119084K, reserved 1153024K
  class space    used 13432K, capacity 14619K, committed 15200K, reserved 1048576K
}
2021-01-19T16:57:38.572+0000: 39709.984: Total time for which application threads were stopped: 0.0023956 seconds, Stopping threads took: 0.0000286 seconds
2021-01-19T16:57:43.572+0000: 39714.985: Total time for which application threads were stopped: 0.0004544 seconds, Stopping threads took: 0.0000835 seconds
{Heap before GC invocations=642 (full 6):
 par new generation   total 38080K, used 34912K [0x0000000085600000, 0x0000000087f50000, 0x000000009a2c0000)
  eden space 33856K, 100% used [0x0000000085600000, 0x0000000087710000, 0x0000000087710000)
  from space 4224K,  25% used [0x0000000087710000, 0x0000000087818308, 0x0000000087b30000)
  to   space 4224K,   0% used [0x0000000087b30000, 0x0000000087b30000, 0x0000000087f50000)
 concurrent mark-sweep generation total 118092K, used 82315K [0x000000009a2c0000, 0x00000000a1613000, 0x0000000100000000)
 Metaspace       used 110277K, capacity 116789K, committed 119084K, reserved 1153024K
  class space    used 13432K, capacity 14619K, committed 15200K, reserved 1048576K
2021-01-19T16:59:21.265+0000: 39812.677: [GC (Allocation Failure) 2021-01-19T16:59:21.265+0000: 39812.677: [ParNew
Desired survivor size 2162688 bytes, new threshold 6 (max 6)
- age   1:       7712 bytes,       7712 total
- age   2:         32 bytes,       7744 total
- age   3:         48 bytes,       7792 total
- age   5:        592 bytes,       8384 total
- age   6:     107424 bytes,     115808 total
: 34912K->750K(38080K), 0.0031073 secs] 117228K->83683K(156172K), 0.0032371 secs] [Times: user=0.01 sys=0.00, real=0.00 secs] 
Heap after GC invocations=643 (full 6):
 par new generation   total 38080K, used 750K [0x0000000085600000, 0x0000000087f50000, 0x000000009a2c0000)
  eden space 33856K,   0% used [0x0000000085600000, 0x0000000085600000, 0x0000000087710000)
  from space 4224K,  17% used [0x0000000087b30000, 0x0000000087beb900, 0x0000000087f50000)
  to   space 4224K,   0% used [0x0000000087710000, 0x0000000087710000, 0x0000000087b30000)
 concurrent mark-sweep generation total 118092K, used 82933K [0x000000009a2c0000, 0x00000000a1613000, 0x0000000100000000)
 Metaspace       used 110277K, capacity 116789K, committed 119084K, reserved 1153024K
  class space    used 13432K, capacity 14619K, committed 15200K, reserved 1048576K
}
2021-01-19T16:59:21.268+0000: 39812.681: Total time for which application threads were stopped: 0.0034850 seconds, Stopping threads took: 0.0000303 seconds
2021-01-19T16:59:54.271+0000: 39845.684: Total time for which application threads were stopped: 0.0004926 seconds, Stopping threads took: 0.0002315 seconds
{Heap before GC invocations=643 (full 6):
 par new generation   total 38080K, used 34606K [0x0000000085600000, 0x0000000087f50000, 0x000000009a2c0000)
  eden space 33856K, 100% used [0x0000000085600000, 0x0000000087710000, 0x0000000087710000)
  from space 4224K,  17% used [0x0000000087b30000, 0x0000000087beb900, 0x0000000087f50000)
  to   space 4224K,   0% used [0x0000000087710000, 0x0000000087710000, 0x0000000087b30000)
 concurrent mark-sweep generation total 118092K, used 82933K [0x000000009a2c0000, 0x00000000a1613000, 0x0000000100000000)
 Metaspace       used 110277K, capacity 116789K, committed 119084K, reserved 1153024K
  class space    used 13432K, capacity 14619K, committed 15200K, reserved 1048576K
2021-01-19T17:01:07.510+0000: 39918.923: [GC (Allocation Failure) 2021-01-19T17:01:07.510+0000: 39918.923: [ParNew
Desired survivor size 2162688 bytes, new threshold 6 (max 6)
- age   1:       3752 bytes,       3752 total
- age   2:       3544 bytes,       7296 total
- age   4:         48 bytes,       7344 total
- age   6:        592 bytes,       7936 total
: 34606K->156K(38080K), 0.0155955 secs] 117539K->83196K(156172K), 0.0157632 secs] [Times: user=0.02 sys=0.00, real=0.02 secs] 
Heap after GC invocations=644 (full 6):
 par new generation   total 38080K, used 156K [0x0000000085600000, 0x0000000087f50000, 0x000000009a2c0000)
  eden space 33856K,   0% used [0x0000000085600000, 0x0000000085600000, 0x0000000087710000)
  from space 4224K,   3% used [0x0000000087710000, 0x0000000087737240, 0x0000000087b30000)
  to   space 4224K,   0% used [0x0000000087b30000, 0x0000000087b30000, 0x0000000087f50000)
 concurrent mark-sweep generation total 118092K, used 83039K [0x000000009a2c0000, 0x00000000a1613000, 0x0000000100000000)
 Metaspace       used 110277K, capacity 116789K, committed 119084K, reserved 1153024K
  class space    used 13432K, capacity 14619K, committed 15200K, reserved 1048576K
}
2021-01-19T17:01:07.526+0000: 39918.939: Total time for which application threads were stopped: 0.0162415 seconds, Stopping threads took: 0.0000792 seconds
{Heap before GC invocations=644 (full 6):
 par new generation   total 38080K, used 34012K [0x0000000085600000, 0x0000000087f50000, 0x000000009a2c0000)
  eden space 33856K, 100% used [0x0000000085600000, 0x0000000087710000, 0x0000000087710000)
  from space 4224K,   3% used [0x0000000087710000, 0x0000000087737240, 0x0000000087b30000)
  to   space 4224K,   0% used [0x0000000087b30000, 0x0000000087b30000, 0x0000000087f50000)
 concurrent mark-sweep generation total 118092K, used 83039K [0x000000009a2c0000, 0x00000000a1613000, 0x0000000100000000)
 Metaspace       used 110277K, capacity 116789K, committed 119084K, reserved 1153024K
  class space    used 13432K, capacity 14619K, committed 15200K, reserved 1048576K
2021-01-19T17:02:53.797+0000: 40025.210: [GC (Allocation Failure) 2021-01-19T17:02:53.797+0000: 40025.210: [ParNew
Desired survivor size 2162688 bytes, new threshold 6 (max 6)
- age   1:      37200 bytes,      37200 total
- age   2:        136 bytes,      37336 total
- age   3:       3544 bytes,      40880 total
- age   5:         48 bytes,      40928 total
: 34012K->72K(38080K), 0.0073442 secs] 117052K->83112K(156172K), 0.0075243 secs] [Times: user=0.01 sys=0.00, real=0.01 secs] 
Heap after GC invocations=645 (full 6):
 par new generation   total 38080K, used 72K [0x0000000085600000, 0x0000000087f50000, 0x000000009a2c0000)
  eden space 33856K,   0% used [0x0000000085600000, 0x0000000085600000, 0x0000000087710000)
  from space 4224K,   1% used [0x0000000087b30000, 0x0000000087b420f0, 0x0000000087f50000)
  to   space 4224K,   0% used [0x0000000087710000, 0x0000000087710000, 0x0000000087b30000)
 concurrent mark-sweep generation total 118092K, used 83040K [0x000000009a2c0000, 0x00000000a1613000, 0x0000000100000000)
 Metaspace       used 110277K, capacity 116789K, committed 119084K, reserved 1153024K
  class space    used 13432K, capacity 14619K, committed 15200K, reserved 1048576K
}
2021-01-19T17:02:53.805+0000: 40025.218: Total time for which application threads were stopped: 0.0081737 seconds, Stopping threads took: 0.0001825 seconds
{Heap before GC invocations=645 (full 6):
 par new generation   total 38080K, used 33928K [0x0000000085600000, 0x0000000087f50000, 0x000000009a2c0000)
  eden space 33856K, 100% used [0x0000000085600000, 0x0000000087710000, 0x0000000087710000)
  from space 4224K,   1% used [0x0000000087b30000, 0x0000000087b420f0, 0x0000000087f50000)
  to   space 4224K,   0% used [0x0000000087710000, 0x0000000087710000, 0x0000000087b30000)
 concurrent mark-sweep generation total 118092K, used 83040K [0x000000009a2c0000, 0x00000000a1613000, 0x0000000100000000)
 Metaspace       used 110277K, capacity 116789K, committed 119084K, reserved 1153024K
  class space    used 13432K, capacity 14619K, committed 15200K, reserved 1048576K
2021-01-19T17:04:39.557+0000: 40130.969: [GC (Allocation Failure) 2021-01-19T17:04:39.557+0000: 40130.969: [ParNew
Desired survivor size 2162688 bytes, new threshold 6 (max 6)
- age   1:       3968 bytes,       3968 total
- age   2:         48 bytes,       4016 total
- age   3:        136 bytes,       4152 total
- age   4:       3544 bytes,       7696 total
- age   6:         48 bytes,       7744 total
: 33928K->15K(38080K), 0.0063299 secs] 116968K->83055K(156172K), 0.0066579 secs] [Times: user=0.01 sys=0.00, real=0.00 secs] 
Heap after GC invocations=646 (full 6):
 par new generation   total 38080K, used 15K [0x0000000085600000, 0x0000000087f50000, 0x000000009a2c0000)
  eden space 33856K,   0% used [0x0000000085600000, 0x0000000085600000, 0x0000000087710000)
  from space 4224K,   0% used [0x0000000087710000, 0x0000000087713e30, 0x0000000087b30000)
  to   space 4224K,   0% used [0x0000000087b30000, 0x0000000087b30000, 0x0000000087f50000)
 concurrent mark-sweep generation total 118092K, used 83040K [0x000000009a2c0000, 0x00000000a1613000, 0x0000000100000000)
 Metaspace       used 110277K, capacity 116789K, committed 119084K, reserved 1153024K
  class space    used 13432K, capacity 14619K, committed 15200K, reserved 1048576K
}
2021-01-19T17:04:39.564+0000: 40130.976: Total time for which application threads were stopped: 0.0070840 seconds, Stopping threads took: 0.0000700 seconds
{Heap before GC invocations=646 (full 6):
 par new generation   total 38080K, used 33871K [0x0000000085600000, 0x0000000087f50000, 0x000000009a2c0000)
  eden space 33856K, 100% used [0x0000000085600000, 0x0000000087710000, 0x0000000087710000)
  from space 4224K,   0% used [0x0000000087710000, 0x0000000087713e30, 0x0000000087b30000)
  to   space 4224K,   0% used [0x0000000087b30000, 0x0000000087b30000, 0x0000000087f50000)
 concurrent mark-sweep generation total 118092K, used 83040K [0x000000009a2c0000, 0x00000000a1613000, 0x0000000100000000)
 Metaspace       used 110277K, capacity 116789K, committed 119084K, reserved 1153024K
  class space    used 13432K, capacity 14619K, committed 15200K, reserved 1048576K
2021-01-19T17:06:25.368+0000: 40236.781: [GC (Allocation Failure) 2021-01-19T17:06:25.368+0000: 40236.781: [ParNew
Desired survivor size 2162688 bytes, new threshold 6 (max 6)
- age   1:       4224 bytes,       4224 total
- age   4:        136 bytes,       4360 total
- age   5:       3544 bytes,       7904 total
: 33871K->10K(38080K), 0.0027788 secs] 116911K->83050K(156172K), 0.0029779 secs] [Times: user=0.00 sys=0.00, real=0.00 secs] 
Heap after GC invocations=647 (full 6):
 par new generation   total 38080K, used 10K [0x0000000085600000, 0x0000000087f50000, 0x000000009a2c0000)
  eden space 33856K,   0% used [0x0000000085600000, 0x0000000085600000, 0x0000000087710000)
  from space 4224K,   0% used [0x0000000087b30000, 0x0000000087b32850, 0x0000000087f50000)
  to   space 4224K,   0% used [0x0000000087710000, 0x0000000087710000, 0x0000000087b30000)
 concurrent mark-sweep generation total 118092K, used 83040K [0x000000009a2c0000, 0x00000000a1613000, 0x0000000100000000)
 Metaspace       used 110277K, capacity 116789K, committed 119084K, reserved 1153024K
  class space    used 13432K, capacity 14619K, committed 15200K, reserved 1048576K
}
2021-01-19T17:06:25.371+0000: 40236.784: Total time for which application threads were stopped: 0.0035393 seconds, Stopping threads took: 0.0000788 seconds
{Heap before GC invocations=647 (full 6):
 par new generation   total 38080K, used 33866K [0x0000000085600000, 0x0000000087f50000, 0x000000009a2c0000)
  eden space 33856K, 100% used [0x0000000085600000, 0x0000000087710000, 0x0000000087710000)
  from space 4224K,   0% used [0x0000000087b30000, 0x0000000087b32850, 0x0000000087f50000)
  to   space 4224K,   0% used [0x0000000087710000, 0x0000000087710000, 0x0000000087b30000)
 concurrent mark-sweep generation total 118092K, used 83040K [0x000000009a2c0000, 0x00000000a1613000, 0x0000000100000000)
 Metaspace       used 110277K, capacity 116789K, committed 119084K, reserved 1153024K
  class space    used 13432K, capacity 14619K, committed 15200K, reserved 1048576K
2021-01-19T17:08:11.582+0000: 40342.994: [GC (Allocation Failure) 2021-01-19T17:08:11.582+0000: 40342.994: [ParNew
Desired survivor size 2162688 bytes, new threshold 6 (max 6)
- age   1:       4008 bytes,       4008 total
- age   2:         32 bytes,       4040 total
- age   5:        136 bytes,       4176 total
- age   6:       3544 bytes,       7720 total
: 33866K->10K(38080K), 0.0050412 secs] 116906K->83050K(156172K), 0.0052973 secs] [Times: user=0.02 sys=0.00, real=0.01 secs] 
Heap after GC invocations=648 (full 6):
 par new generation   total 38080K, used 10K [0x0000000085600000, 0x0000000087f50000, 0x000000009a2c0000)
  eden space 33856K,   0% used [0x0000000085600000, 0x0000000085600000, 0x0000000087710000)
  from space 4224K,   0% used [0x0000000087710000, 0x0000000087712850, 0x0000000087b30000)
  to   space 4224K,   0% used [0x0000000087b30000, 0x0000000087b30000, 0x0000000087f50000)
 concurrent mark-sweep generation total 118092K, used 83040K [0x000000009a2c0000, 0x00000000a1613000, 0x0000000100000000)
 Metaspace       used 110277K, capacity 116789K, committed 119084K, reserved 1153024K
  class space    used 13432K, capacity 14619K, committed 15200K, reserved 1048576K
}
2021-01-19T17:08:11.587+0000: 40343.000: Total time for which application threads were stopped: 0.0059978 seconds, Stopping threads took: 0.0001844 seconds
{Heap before GC invocations=648 (full 6):
 par new generation   total 38080K, used 33866K [0x0000000085600000, 0x0000000087f50000, 0x000000009a2c0000)
  eden space 33856K, 100% used [0x0000000085600000, 0x0000000087710000, 0x0000000087710000)
  from space 4224K,   0% used [0x0000000087710000, 0x0000000087712850, 0x0000000087b30000)
  to   space 4224K,   0% used [0x0000000087b30000, 0x0000000087b30000, 0x0000000087f50000)
 concurrent mark-sweep generation total 118092K, used 83040K [0x000000009a2c0000, 0x00000000a1613000, 0x0000000100000000)
 Metaspace       used 110277K, capacity 116789K, committed 119084K, reserved 1153024K
  class space    used 13432K, capacity 14619K, committed 15200K, reserved 1048576K
2021-01-19T17:09:57.807+0000: 40449.219: [GC (Allocation Failure) 2021-01-19T17:09:57.807+0000: 40449.220: [ParNew
Desired survivor size 2162688 bytes, new threshold 6 (max 6)
- age   1:      37728 bytes,      37728 total
- age   6:        136 bytes,      37864 total
: 33866K->40K(38080K), 0.0044640 secs] 116906K->83084K(156172K), 0.0046708 secs] [Times: user=0.01 sys=0.00, real=0.00 secs] 
Heap after GC invocations=649 (full 6):
 par new generation   total 38080K, used 40K [0x0000000085600000, 0x0000000087f50000, 0x000000009a2c0000)
  eden space 33856K,   0% used [0x0000000085600000, 0x0000000085600000, 0x0000000087710000)
  from space 4224K,   0% used [0x0000000087b30000, 0x0000000087b3a318, 0x0000000087f50000)
  to   space 4224K,   0% used [0x0000000087710000, 0x0000000087710000, 0x0000000087b30000)
 concurrent mark-sweep generation total 118092K, used 83043K [0x000000009a2c0000, 0x00000000a1613000, 0x0000000100000000)
 Metaspace       used 110277K, capacity 116789K, committed 119084K, reserved 1153024K
  class space    used 13432K, capacity 14619K, committed 15200K, reserved 1048576K
}
2021-01-19T17:09:57.812+0000: 40449.224: Total time for which application threads were stopped: 0.0051893 seconds, Stopping threads took: 0.0000758 seconds
{Heap before GC invocations=649 (full 6):
 par new generation   total 38080K, used 33896K [0x0000000085600000, 0x0000000087f50000, 0x000000009a2c0000)
  eden space 33856K, 100% used [0x0000000085600000, 0x0000000087710000, 0x0000000087710000)
  from space 4224K,   0% used [0x0000000087b30000, 0x0000000087b3a318, 0x0000000087f50000)
  to   space 4224K,   0% used [0x0000000087710000, 0x0000000087710000, 0x0000000087b30000)
 concurrent mark-sweep generation total 118092K, used 83043K [0x000000009a2c0000, 0x00000000a1613000, 0x0000000100000000)
 Metaspace       used 110277K, capacity 116789K, committed 119084K, reserved 1153024K
  class space    used 13432K, capacity 14619K, committed 15200K, reserved 1048576K
2021-01-19T17:11:44.107+0000: 40555.519: [GC (Allocation Failure) 2021-01-19T17:11:44.107+0000: 40555.519: [ParNew
Desired survivor size 2162688 bytes, new threshold 6 (max 6)
- age   1:      71272 bytes,      71272 total
: 33896K->73K(38080K), 0.0051540 secs] 116940K->83117K(156172K), 0.0053430 secs] [Times: user=0.02 sys=0.00, real=0.01 secs] 
Heap after GC invocations=650 (full 6):
 par new generation   total 38080K, used 73K [0x0000000085600000, 0x0000000087f50000, 0x000000009a2c0000)
  eden space 33856K,   0% used [0x0000000085600000, 0x0000000085600000, 0x0000000087710000)
  from space 4224K,   1% used [0x0000000087710000, 0x00000000877225f0, 0x0000000087b30000)
  to   space 4224K,   0% used [0x0000000087b30000, 0x0000000087b30000, 0x0000000087f50000)
 concurrent mark-sweep generation total 118092K, used 83044K [0x000000009a2c0000, 0x00000000a1613000, 0x0000000100000000)
 Metaspace       used 110277K, capacity 116789K, committed 119084K, reserved 1153024K
  class space    used 13432K, capacity 14619K, committed 15200K, reserved 1048576K
}
2021-01-19T17:11:44.112+0000: 40555.525: Total time for which application threads were stopped: 0.0058806 seconds, Stopping threads took: 0.0000796 seconds
{Heap before GC invocations=650 (full 6):
 par new generation   total 38080K, used 33929K [0x0000000085600000, 0x0000000087f50000, 0x000000009a2c0000)
  eden space 33856K, 100% used [0x0000000085600000, 0x0000000087710000, 0x0000000087710000)
  from space 4224K,   1% used [0x0000000087710000, 0x00000000877225f0, 0x0000000087b30000)
  to   space 4224K,   0% used [0x0000000087b30000, 0x0000000087b30000, 0x0000000087f50000)
 concurrent mark-sweep generation total 118092K, used 83044K [0x000000009a2c0000, 0x00000000a1613000, 0x0000000100000000)
 Metaspace       used 110277K, capacity 116789K, committed 119084K, reserved 1153024K
  class space    used 13432K, capacity 14619K, committed 15200K, reserved 1048576K
2021-01-19T17:13:30.546+0000: 40661.959: [GC (Allocation Failure) 2021-01-19T17:13:30.546+0000: 40661.959: [ParNew
Desired survivor size 2162688 bytes, new threshold 6 (max 6)
- age   1:       3552 bytes,       3552 total
: 33929K->6K(38080K), 0.0043924 secs] 116973K->83050K(156172K), 0.0046274 secs] [Times: user=0.02 sys=0.00, real=0.00 secs] 
Heap after GC invocations=651 (full 6):
 par new generation   total 38080K, used 6K [0x0000000085600000, 0x0000000087f50000, 0x000000009a2c0000)
  eden space 33856K,   0% used [0x0000000085600000, 0x0000000085600000, 0x0000000087710000)
  from space 4224K,   0% used [0x0000000087b30000, 0x0000000087b31830, 0x0000000087f50000)
  to   space 4224K,   0% used [0x0000000087710000, 0x0000000087710000, 0x0000000087b30000)
 concurrent mark-sweep generation total 118092K, used 83044K [0x000000009a2c0000, 0x00000000a1613000, 0x0000000100000000)
 Metaspace       used 110277K, capacity 116789K, committed 119084K, reserved 1153024K
  class space    used 13432K, capacity 14619K, committed 15200K, reserved 1048576K
}
2021-01-19T17:13:30.551+0000: 40661.963: Total time for which application threads were stopped: 0.0051856 seconds, Stopping threads took: 0.0000698 seconds
{Heap before GC invocations=651 (full 6):
 par new generation   total 38080K, used 33862K [0x0000000085600000, 0x0000000087f50000, 0x000000009a2c0000)
  eden space 33856K, 100% used [0x0000000085600000, 0x0000000087710000, 0x0000000087710000)
  from space 4224K,   0% used [0x0000000087b30000, 0x0000000087b31830, 0x0000000087f50000)
  to   space 4224K,   0% used [0x0000000087710000, 0x0000000087710000, 0x0000000087b30000)
 concurrent mark-sweep generation total 118092K, used 83044K [0x000000009a2c0000, 0x00000000a1613000, 0x0000000100000000)
 Metaspace       used 110277K, capacity 116789K, committed 119084K, reserved 1153024K
  class space    used 13432K, capacity 14619K, committed 15200K, reserved 1048576K
2021-01-19T17:15:16.601+0000: 40768.013: [GC (Allocation Failure) 2021-01-19T17:15:16.601+0000: 40768.014: [ParNew
Desired survivor size 2162688 bytes, new threshold 6 (max 6)
- age   1:       3504 bytes,       3504 total
- age   2:         32 bytes,       3536 total
: 33862K->6K(38080K), 0.0043988 secs] 116906K->83050K(156172K), 0.0046457 secs] [Times: user=0.02 sys=0.00, real=0.01 secs] 
Heap after GC invocations=652 (full 6):
 par new generation   total 38080K, used 6K [0x0000000085600000, 0x0000000087f50000, 0x000000009a2c0000)
  eden space 33856K,   0% used [0x0000000085600000, 0x0000000085600000, 0x0000000087710000)
  from space 4224K,   0% used [0x0000000087710000, 0x0000000087711830, 0x0000000087b30000)
  to   space 4224K,   0% used [0x0000000087b30000, 0x0000000087b30000, 0x0000000087f50000)
 concurrent mark-sweep generation total 118092K, used 83044K [0x000000009a2c0000, 0x00000000a1613000, 0x0000000100000000)
 Metaspace       used 110277K, capacity 116789K, committed 119084K, reserved 1153024K
  class space    used 13432K, capacity 14619K, committed 15200K, reserved 1048576K
}
2021-01-19T17:15:16.606+0000: 40768.018: Total time for which application threads were stopped: 0.0052179 seconds, Stopping threads took: 0.0000688 seconds
{Heap before GC invocations=652 (full 6):
 par new generation   total 38080K, used 33862K [0x0000000085600000, 0x0000000087f50000, 0x000000009a2c0000)
  eden space 33856K, 100% used [0x0000000085600000, 0x0000000087710000, 0x0000000087710000)
  from space 4224K,   0% used [0x0000000087710000, 0x0000000087711830, 0x0000000087b30000)
  to   space 4224K,   0% used [0x0000000087b30000, 0x0000000087b30000, 0x0000000087f50000)
 concurrent mark-sweep generation total 118092K, used 83044K [0x000000009a2c0000, 0x00000000a1613000, 0x0000000100000000)
 Metaspace       used 110277K, capacity 116789K, committed 119084K, reserved 1153024K
  class space    used 13432K, capacity 14619K, committed 15200K, reserved 1048576K
2021-01-19T17:17:01.186+0000: 40872.598: [GC (Allocation Failure) 2021-01-19T17:17:01.186+0000: 40872.598: [ParNew
Desired survivor size 2162688 bytes, new threshold 6 (max 6)
- age   1:     218256 bytes,     218256 total
: 33862K->218K(38080K), 0.0046606 secs] 116906K->83262K(156172K), 0.0049418 secs] [Times: user=0.02 sys=0.00, real=0.00 secs] 
Heap after GC invocations=653 (full 6):
 par new generation   total 38080K, used 218K [0x0000000085600000, 0x0000000087f50000, 0x000000009a2c0000)
  eden space 33856K,   0% used [0x0000000085600000, 0x0000000085600000, 0x0000000087710000)
  from space 4224K,   5% used [0x0000000087b30000, 0x0000000087b66848, 0x0000000087f50000)
  to   space 4224K,   0% used [0x0000000087710000, 0x0000000087710000, 0x0000000087b30000)
 concurrent mark-sweep generation total 118092K, used 83044K [0x000000009a2c0000, 0x00000000a1613000, 0x0000000100000000)
 Metaspace       used 110277K, capacity 116789K, committed 119084K, reserved 1153024K
  class space    used 13432K, capacity 14619K, committed 15200K, reserved 1048576K
}
2021-01-19T17:17:01.191+0000: 40872.603: Total time for which application threads were stopped: 0.0056943 seconds, Stopping threads took: 0.0001695 seconds
{Heap before GC invocations=653 (full 6):
 par new generation   total 38080K, used 34074K [0x0000000085600000, 0x0000000087f50000, 0x000000009a2c0000)
  eden space 33856K, 100% used [0x0000000085600000, 0x0000000087710000, 0x0000000087710000)
  from space 4224K,   5% used [0x0000000087b30000, 0x0000000087b66848, 0x0000000087f50000)
  to   space 4224K,   0% used [0x0000000087710000, 0x0000000087710000, 0x0000000087b30000)
 concurrent mark-sweep generation total 118092K, used 83044K [0x000000009a2c0000, 0x00000000a1613000, 0x0000000100000000)
 Metaspace       used 110284K, capacity 116789K, committed 119084K, reserved 1153024K
  class space    used 13432K, capacity 14619K, committed 15200K, reserved 1048576K
2021-01-19T17:18:44.948+0000: 40976.361: [GC (Allocation Failure) 2021-01-19T17:18:44.949+0000: 40976.361: [ParNew
Desired survivor size 2162688 bytes, new threshold 6 (max 6)
- age   1:     597288 bytes,     597288 total
- age   2:     211760 bytes,     809048 total
: 34074K->813K(38080K), 0.0051622 secs] 117118K->83857K(156172K), 0.0053841 secs] [Times: user=0.02 sys=0.00, real=0.01 secs] 
Heap after GC invocations=654 (full 6):
 par new generation   total 38080K, used 813K [0x0000000085600000, 0x0000000087f50000, 0x000000009a2c0000)
  eden space 33856K,   0% used [0x0000000085600000, 0x0000000085600000, 0x0000000087710000)
  from space 4224K,  19% used [0x0000000087710000, 0x00000000877db538, 0x0000000087b30000)
  to   space 4224K,   0% used [0x0000000087b30000, 0x0000000087b30000, 0x0000000087f50000)
 concurrent mark-sweep generation total 118092K, used 83044K [0x000000009a2c0000, 0x00000000a1613000, 0x0000000100000000)
 Metaspace       used 110284K, capacity 116789K, committed 119084K, reserved 1153024K
  class space    used 13432K, capacity 14619K, committed 15200K, reserved 1048576K
}
2021-01-19T17:18:44.954+0000: 40976.366: Total time for which application threads were stopped: 0.0060976 seconds, Stopping threads took: 0.0002236 seconds
2021-01-19T17:19:02.958+0000: 40994.370: Total time for which application threads were stopped: 0.0003770 seconds, Stopping threads took: 0.0000718 seconds
2021-01-19T17:19:15.960+0000: 41007.373: Total time for which application threads were stopped: 0.0003787 seconds, Stopping threads took: 0.0000738 seconds
2021-01-19T17:19:44.965+0000: 41036.378: Total time for which application threads were stopped: 0.0003564 seconds, Stopping threads took: 0.0000646 seconds
{Heap before GC invocations=654 (full 6):
 par new generation   total 38080K, used 34669K [0x0000000085600000, 0x0000000087f50000, 0x000000009a2c0000)
  eden space 33856K, 100% used [0x0000000085600000, 0x0000000087710000, 0x0000000087710000)
  from space 4224K,  19% used [0x0000000087710000, 0x00000000877db538, 0x0000000087b30000)
  to   space 4224K,   0% used [0x0000000087b30000, 0x0000000087b30000, 0x0000000087f50000)
 concurrent mark-sweep generation total 118092K, used 83044K [0x000000009a2c0000, 0x00000000a1613000, 0x0000000100000000)
 Metaspace       used 110305K, capacity 116789K, committed 119084K, reserved 1153024K
  class space    used 13432K, capacity 14619K, committed 15200K, reserved 1048576K
2021-01-19T17:20:30.366+0000: 41081.778: [GC (Allocation Failure) 2021-01-19T17:20:30.366+0000: 41081.779: [ParNew
Desired survivor size 2162688 bytes, new threshold 6 (max 6)
- age   1:     113496 bytes,     113496 total
- age   2:     522728 bytes,     636224 total
- age   3:     210408 bytes,     846632 total
: 34669K->1139K(38080K), 0.0055998 secs] 117713K->84183K(156172K), 0.0058278 secs] [Times: user=0.02 sys=0.00, real=0.00 secs] 
Heap after GC invocations=655 (full 6):
 par new generation   total 38080K, used 1139K [0x0000000085600000, 0x0000000087f50000, 0x000000009a2c0000)
  eden space 33856K,   0% used [0x0000000085600000, 0x0000000085600000, 0x0000000087710000)
  from space 4224K,  26% used [0x0000000087b30000, 0x0000000087c4ccc8, 0x0000000087f50000)
  to   space 4224K,   0% used [0x0000000087710000, 0x0000000087710000, 0x0000000087b30000)
 concurrent mark-sweep generation total 118092K, used 83044K [0x000000009a2c0000, 0x00000000a1613000, 0x0000000100000000)
 Metaspace       used 110305K, capacity 116789K, committed 119084K, reserved 1153024K
  class space    used 13432K, capacity 14619K, committed 15200K, reserved 1048576K
}
2021-01-19T17:20:30.372+0000: 41081.784: Total time for which application threads were stopped: 0.0063810 seconds, Stopping threads took: 0.0000783 seconds
{Heap before GC invocations=655 (full 6):
 par new generation   total 38080K, used 34995K [0x0000000085600000, 0x0000000087f50000, 0x000000009a2c0000)
  eden space 33856K, 100% used [0x0000000085600000, 0x0000000087710000, 0x0000000087710000)
  from space 4224K,  26% used [0x0000000087b30000, 0x0000000087c4ccc8, 0x0000000087f50000)
  to   space 4224K,   0% used [0x0000000087710000, 0x0000000087710000, 0x0000000087b30000)
 concurrent mark-sweep generation total 118092K, used 83044K [0x000000009a2c0000, 0x00000000a1613000, 0x0000000100000000)
 Metaspace       used 110305K, capacity 116789K, committed 119084K, reserved 1153024K
  class space    used 13432K, capacity 14619K, committed 15200K, reserved 1048576K
2021-01-19T17:22:15.795+0000: 41187.208: [GC (Allocation Failure) 2021-01-19T17:22:15.796+0000: 41187.208: [ParNew
Desired survivor size 2162688 bytes, new threshold 6 (max 6)
- age   1:       4000 bytes,       4000 total
- age   2:     109824 bytes,     113824 total
- age   3:     521544 bytes,     635368 total
- age   4:     210424 bytes,     845792 total
: 34995K->1282K(38080K), 0.0062275 secs] 118039K->84326K(156172K), 0.0064186 secs] [Times: user=0.03 sys=0.00, real=0.00 secs] 
Heap after GC invocations=656 (full 6):
 par new generation   total 38080K, used 1282K [0x0000000085600000, 0x0000000087f50000, 0x000000009a2c0000)
  eden space 33856K,   0% used [0x0000000085600000, 0x0000000085600000, 0x0000000087710000)
  from space 4224K,  30% used [0x0000000087710000, 0x0000000087850be0, 0x0000000087b30000)
  to   space 4224K,   0% used [0x0000000087b30000, 0x0000000087b30000, 0x0000000087f50000)
 concurrent mark-sweep generation total 118092K, used 83044K [0x000000009a2c0000, 0x00000000a1613000, 0x0000000100000000)
 Metaspace       used 110305K, capacity 116789K, committed 119084K, reserved 1153024K
  class space    used 13432K, capacity 14619K, committed 15200K, reserved 1048576K
}
2021-01-19T17:22:15.802+0000: 41187.214: Total time for which application threads were stopped: 0.0071026 seconds, Stopping threads took: 0.0002229 seconds
2021-01-19T17:22:54.810+0000: 41226.223: Total time for which application threads were stopped: 0.0005423 seconds, Stopping threads took: 0.0000934 seconds
{Heap before GC invocations=656 (full 6):
 par new generation   total 38080K, used 35138K [0x0000000085600000, 0x0000000087f50000, 0x000000009a2c0000)
  eden space 33856K, 100% used [0x0000000085600000, 0x0000000087710000, 0x0000000087710000)
  from space 4224K,  30% used [0x0000000087710000, 0x0000000087850be0, 0x0000000087b30000)
  to   space 4224K,   0% used [0x0000000087b30000, 0x0000000087b30000, 0x0000000087f50000)
 concurrent mark-sweep generation total 118092K, used 83044K [0x000000009a2c0000, 0x00000000a1613000, 0x0000000100000000)
 Metaspace       used 110305K, capacity 116789K, committed 119084K, reserved 1153024K
  class space    used 13432K, capacity 14619K, committed 15200K, reserved 1048576K
2021-01-19T17:24:01.357+0000: 41292.769: [GC (Allocation Failure) 2021-01-19T17:24:01.357+0000: 41292.769: [ParNew
Desired survivor size 2162688 bytes, new threshold 6 (max 6)
- age   1:       3424 bytes,       3424 total
- age   2:        304 bytes,       3728 total
- age   3:     109792 bytes,     113520 total
- age   4:     521544 bytes,     635064 total
- age   5:     210432 bytes,     845496 total
: 35138K->1204K(38080K), 0.0034901 secs] 118182K->84248K(156172K), 0.0036805 secs] [Times: user=0.02 sys=0.00, real=0.00 secs] 
Heap after GC invocations=657 (full 6):
 par new generation   total 38080K, used 1204K [0x0000000085600000, 0x0000000087f50000, 0x000000009a2c0000)
  eden space 33856K,   0% used [0x0000000085600000, 0x0000000085600000, 0x0000000087710000)
  from space 4224K,  28% used [0x0000000087b30000, 0x0000000087c5d0b0, 0x0000000087f50000)
  to   space 4224K,   0% used [0x0000000087710000, 0x0000000087710000, 0x0000000087b30000)
 concurrent mark-sweep generation total 118092K, used 83044K [0x000000009a2c0000, 0x00000000a1613000, 0x0000000100000000)
 Metaspace       used 110305K, capacity 116789K, committed 119084K, reserved 1153024K
  class space    used 13432K, capacity 14619K, committed 15200K, reserved 1048576K
}
2021-01-19T17:24:01.360+0000: 41292.773: Total time for which application threads were stopped: 0.0041367 seconds, Stopping threads took: 0.0000702 seconds
{Heap before GC invocations=657 (full 6):
 par new generation   total 38080K, used 35060K [0x0000000085600000, 0x0000000087f50000, 0x000000009a2c0000)
  eden space 33856K, 100% used [0x0000000085600000, 0x0000000087710000, 0x0000000087710000)
  from space 4224K,  28% used [0x0000000087b30000, 0x0000000087c5d0b0, 0x0000000087f50000)
  to   space 4224K,   0% used [0x0000000087710000, 0x0000000087710000, 0x0000000087b30000)
 concurrent mark-sweep generation total 118092K, used 83044K [0x000000009a2c0000, 0x00000000a1613000, 0x0000000100000000)
 Metaspace       used 110305K, capacity 116789K, committed 119084K, reserved 1153024K
  class space    used 13432K, capacity 14619K, committed 15200K, reserved 1048576K
2021-01-19T17:25:47.007+0000: 41398.420: [GC (Allocation Failure) 2021-01-19T17:25:47.008+0000: 41398.420: [ParNew
Desired survivor size 2162688 bytes, new threshold 6 (max 6)
- age   1:      71272 bytes,      71272 total
- age   3:        304 bytes,      71576 total
- age   4:     109792 bytes,     181368 total
- age   5:     521544 bytes,     702912 total
- age   6:     210408 bytes,     913320 total
: 35060K->1434K(38080K), 0.0046721 secs] 118104K->84478K(156172K), 0.0048391 secs] [Times: user=0.01 sys=0.00, real=0.01 secs] 
Heap after GC invocations=658 (full 6):
 par new generation   total 38080K, used 1434K [0x0000000085600000, 0x0000000087f50000, 0x000000009a2c0000)
  eden space 33856K,   0% used [0x0000000085600000, 0x0000000085600000, 0x0000000087710000)
  from space 4224K,  33% used [0x0000000087710000, 0x0000000087876bc8, 0x0000000087b30000)
  to   space 4224K,   0% used [0x0000000087b30000, 0x0000000087b30000, 0x0000000087f50000)
 concurrent mark-sweep generation total 118092K, used 83044K [0x000000009a2c0000, 0x00000000a1613000, 0x0000000100000000)
 Metaspace       used 110305K, capacity 116789K, committed 119084K, reserved 1153024K
  class space    used 13432K, capacity 14619K, committed 15200K, reserved 1048576K
}
2021-01-19T17:25:47.012+0000: 41398.425: Total time for which application threads were stopped: 0.0053103 seconds, Stopping threads took: 0.0000740 seconds
{Heap before GC invocations=658 (full 6):
 par new generation   total 38080K, used 35290K [0x0000000085600000, 0x0000000087f50000, 0x000000009a2c0000)
  eden space 33856K, 100% used [0x0000000085600000, 0x0000000087710000, 0x0000000087710000)
  from space 4224K,  33% used [0x0000000087710000, 0x0000000087876bc8, 0x0000000087b30000)
  to   space 4224K,   0% used [0x0000000087b30000, 0x0000000087b30000, 0x0000000087f50000)
 concurrent mark-sweep generation total 118092K, used 83044K [0x000000009a2c0000, 0x00000000a1613000, 0x0000000100000000)
 Metaspace       used 110305K, capacity 116789K, committed 119084K, reserved 1153024K
  class space    used 13432K, capacity 14619K, committed 15200K, reserved 1048576K
2021-01-19T18:14:12.485+0000: 41506.729: [GC (Allocation Failure) 2021-01-19T18:14:12.485+0000: 41506.729: [ParNew
Desired survivor size 2162688 bytes, new threshold 6 (max 6)
- age   1:       3488 bytes,       3488 total
- age   4:        304 bytes,       3792 total
- age   5:     109792 bytes,     113584 total
- age   6:     521544 bytes,     635128 total
: 35290K->873K(38080K), 0.0062100 secs] 118334K->84126K(156172K), 0.0063415 secs] [Times: user=0.01 sys=0.00, real=0.00 secs] 
Heap after GC invocations=659 (full 6):
 par new generation   total 38080K, used 873K [0x0000000085600000, 0x0000000087f50000, 0x000000009a2c0000)
  eden space 33856K,   0% used [0x0000000085600000, 0x0000000085600000, 0x0000000087710000)
  from space 4224K,  20% used [0x0000000087b30000, 0x0000000087c0a7e0, 0x0000000087f50000)
  to   space 4224K,   0% used [0x0000000087710000, 0x0000000087710000, 0x0000000087b30000)
 concurrent mark-sweep generation total 118092K, used 83252K [0x000000009a2c0000, 0x00000000a1613000, 0x0000000100000000)
 Metaspace       used 110305K, capacity 116789K, committed 119084K, reserved 1153024K
  class space    used 13432K, capacity 14619K, committed 15200K, reserved 1048576K
}
2021-01-19T18:14:12.491+0000: 41506.736: Total time for which application threads were stopped: 0.0066477 seconds, Stopping threads took: 0.0000380 seconds
{Heap before GC invocations=659 (full 6):
 par new generation   total 38080K, used 34729K [0x0000000085600000, 0x0000000087f50000, 0x000000009a2c0000)
  eden space 33856K, 100% used [0x0000000085600000, 0x0000000087710000, 0x0000000087710000)
  from space 4224K,  20% used [0x0000000087b30000, 0x0000000087c0a7e0, 0x0000000087f50000)
  to   space 4224K,   0% used [0x0000000087710000, 0x0000000087710000, 0x0000000087b30000)
 concurrent mark-sweep generation total 118092K, used 83252K [0x000000009a2c0000, 0x00000000a1613000, 0x0000000100000000)
 Metaspace       used 110305K, capacity 116789K, committed 119084K, reserved 1153024K
  class space    used 13432K, capacity 14619K, committed 15200K, reserved 1048576K
2021-01-19T18:15:57.772+0000: 41612.016: [GC (Allocation Failure) 2021-01-19T18:15:57.772+0000: 41612.016: [ParNew
Desired survivor size 2162688 bytes, new threshold 6 (max 6)
- age   1:       3744 bytes,       3744 total
- age   2:         32 bytes,       3776 total
- age   5:        304 bytes,       4080 total
- age   6:     109792 bytes,     113872 total
: 34729K->683K(38080K), 0.0200304 secs] 117982K->84452K(156172K), 0.0203451 secs] [Times: user=0.03 sys=0.01, real=0.03 secs] 
Heap after GC invocations=660 (full 6):
 par new generation   total 38080K, used 683K [0x0000000085600000, 0x0000000087f50000, 0x000000009a2c0000)
  eden space 33856K,   0% used [0x0000000085600000, 0x0000000085600000, 0x0000000087710000)
  from space 4224K,  16% used [0x0000000087710000, 0x00000000877baec0, 0x0000000087b30000)
  to   space 4224K,   0% used [0x0000000087b30000, 0x0000000087b30000, 0x0000000087f50000)
 concurrent mark-sweep generation total 118092K, used 83768K [0x000000009a2c0000, 0x00000000a1613000, 0x0000000100000000)
 Metaspace       used 110305K, capacity 116789K, committed 119084K, reserved 1153024K
  class space    used 13432K, capacity 14619K, committed 15200K, reserved 1048576K
}
2021-01-19T18:15:57.792+0000: 41612.037: Total time for which application threads were stopped: 0.0215210 seconds, Stopping threads took: 0.0004805 seconds
{Heap before GC invocations=660 (full 6):
 par new generation   total 38080K, used 34539K [0x0000000085600000, 0x0000000087f50000, 0x000000009a2c0000)
  eden space 33856K, 100% used [0x0000000085600000, 0x0000000087710000, 0x0000000087710000)
  from space 4224K,  16% used [0x0000000087710000, 0x00000000877baec0, 0x0000000087b30000)
  to   space 4224K,   0% used [0x0000000087b30000, 0x0000000087b30000, 0x0000000087f50000)
 concurrent mark-sweep generation total 118092K, used 83768K [0x000000009a2c0000, 0x00000000a1613000, 0x0000000100000000)
 Metaspace       used 110305K, capacity 116789K, committed 119084K, reserved 1153024K
  class space    used 13432K, capacity 14619K, committed 15200K, reserved 1048576K
2021-01-19T18:17:43.389+0000: 41717.634: [GC (Allocation Failure) 2021-01-19T18:17:43.390+0000: 41717.634: [ParNew
Desired survivor size 2162688 bytes, new threshold 6 (max 6)
- age   1:       3680 bytes,       3680 total
- age   6:        304 bytes,       3984 total
: 34539K->143K(38080K), 0.0053888 secs] 118308K->84020K(156172K), 0.0056780 secs] [Times: user=0.01 sys=0.00, real=0.01 secs] 
Heap after GC invocations=661 (full 6):
 par new generation   total 38080K, used 143K [0x0000000085600000, 0x0000000087f50000, 0x000000009a2c0000)
  eden space 33856K,   0% used [0x0000000085600000, 0x0000000085600000, 0x0000000087710000)
  from space 4224K,   3% used [0x0000000087b30000, 0x0000000087b53f58, 0x0000000087f50000)
  to   space 4224K,   0% used [0x0000000087710000, 0x0000000087710000, 0x0000000087b30000)
 concurrent mark-sweep generation total 118092K, used 83877K [0x000000009a2c0000, 0x00000000a1613000, 0x0000000100000000)
 Metaspace       used 110305K, capacity 116789K, committed 119084K, reserved 1153024K
  class space    used 13432K, capacity 14619K, committed 15200K, reserved 1048576K
}
2021-01-19T18:17:43.395+0000: 41717.640: Total time for which application threads were stopped: 0.0063895 seconds, Stopping threads took: 0.0001120 seconds
{Heap before GC invocations=661 (full 6):
 par new generation   total 38080K, used 33999K [0x0000000085600000, 0x0000000087f50000, 0x000000009a2c0000)
  eden space 33856K, 100% used [0x0000000085600000, 0x0000000087710000, 0x0000000087710000)
  from space 4224K,   3% used [0x0000000087b30000, 0x0000000087b53f58, 0x0000000087f50000)
  to   space 4224K,   0% used [0x0000000087710000, 0x0000000087710000, 0x0000000087b30000)
 concurrent mark-sweep generation total 118092K, used 83877K [0x000000009a2c0000, 0x00000000a1613000, 0x0000000100000000)
 Metaspace       used 110305K, capacity 116789K, committed 119084K, reserved 1153024K
  class space    used 13432K, capacity 14619K, committed 15200K, reserved 1048576K
2021-01-19T18:19:29.088+0000: 41823.333: [GC (Allocation Failure) 2021-01-19T18:19:29.089+0000: 41823.333: [ParNew
Desired survivor size 2162688 bytes, new threshold 6 (max 6)
- age   1:      71360 bytes,      71360 total
: 33999K->100K(38080K), 0.0052472 secs] 117876K->83977K(156172K), 0.0054338 secs] [Times: user=0.02 sys=0.00, real=0.01 secs] 
Heap after GC invocations=662 (full 6):
 par new generation   total 38080K, used 100K [0x0000000085600000, 0x0000000087f50000, 0x000000009a2c0000)
  eden space 33856K,   0% used [0x0000000085600000, 0x0000000085600000, 0x0000000087710000)
  from space 4224K,   2% used [0x0000000087710000, 0x0000000087729218, 0x0000000087b30000)
  to   space 4224K,   0% used [0x0000000087b30000, 0x0000000087b30000, 0x0000000087f50000)
 concurrent mark-sweep generation total 118092K, used 83877K [0x000000009a2c0000, 0x00000000a1613000, 0x0000000100000000)
 Metaspace       used 110305K, capacity 116789K, committed 119084K, reserved 1153024K
  class space    used 13432K, capacity 14619K, committed 15200K, reserved 1048576K
}
2021-01-19T18:19:29.094+0000: 41823.339: Total time for which application threads were stopped: 0.0059877 seconds, Stopping threads took: 0.0000769 seconds
{Heap before GC invocations=662 (full 6):
 par new generation   total 38080K, used 33956K [0x0000000085600000, 0x0000000087f50000, 0x000000009a2c0000)
  eden space 33856K, 100% used [0x0000000085600000, 0x0000000087710000, 0x0000000087710000)
  from space 4224K,   2% used [0x0000000087710000, 0x0000000087729218, 0x0000000087b30000)
  to   space 4224K,   0% used [0x0000000087b30000, 0x0000000087b30000, 0x0000000087f50000)
 concurrent mark-sweep generation total 118092K, used 83877K [0x000000009a2c0000, 0x00000000a1613000, 0x0000000100000000)
 Metaspace       used 110305K, capacity 116789K, committed 119084K, reserved 1153024K
  class space    used 13432K, capacity 14619K, committed 15200K, reserved 1048576K
2021-01-19T18:21:14.466+0000: 41928.711: [GC (Allocation Failure) 2021-01-19T18:21:14.467+0000: 41928.711: [ParNew
Desired survivor size 2162688 bytes, new threshold 6 (max 6)
- age   1:       3752 bytes,       3752 total
- age   2:         48 bytes,       3800 total
: 33956K->9K(38080K), 0.0115724 secs] 117833K->83887K(156172K), 0.0117977 secs] [Times: user=0.01 sys=0.00, real=0.01 secs] 
Heap after GC invocations=663 (full 6):
 par new generation   total 38080K, used 9K [0x0000000085600000, 0x0000000087f50000, 0x000000009a2c0000)
  eden space 33856K,   0% used [0x0000000085600000, 0x0000000085600000, 0x0000000087710000)
  from space 4224K,   0% used [0x0000000087b30000, 0x0000000087b327a8, 0x0000000087f50000)
  to   space 4224K,   0% used [0x0000000087710000, 0x0000000087710000, 0x0000000087b30000)
 concurrent mark-sweep generation total 118092K, used 83877K [0x000000009a2c0000, 0x00000000a1613000, 0x0000000100000000)
 Metaspace       used 110305K, capacity 116789K, committed 119084K, reserved 1153024K
  class space    used 13432K, capacity 14619K, committed 15200K, reserved 1048576K
}
2021-01-19T18:21:14.478+0000: 41928.723: Total time for which application threads were stopped: 0.0123456 seconds, Stopping threads took: 0.0000646 seconds
{Heap before GC invocations=663 (full 6):
 par new generation   total 38080K, used 33865K [0x0000000085600000, 0x0000000087f50000, 0x000000009a2c0000)
  eden space 33856K, 100% used [0x0000000085600000, 0x0000000087710000, 0x0000000087710000)
  from space 4224K,   0% used [0x0000000087b30000, 0x0000000087b327a8, 0x0000000087f50000)
  to   space 4224K,   0% used [0x0000000087710000, 0x0000000087710000, 0x0000000087b30000)
 concurrent mark-sweep generation total 118092K, used 83877K [0x000000009a2c0000, 0x00000000a1613000, 0x0000000100000000)
 Metaspace       used 110305K, capacity 116789K, committed 119084K, reserved 1153024K
  class space    used 13432K, capacity 14619K, committed 15200K, reserved 1048576K
2021-01-19T18:23:00.103+0000: 42034.348: [GC (Allocation Failure) 2021-01-19T18:23:00.103+0000: 42034.348: [ParNew
Desired survivor size 2162688 bytes, new threshold 6 (max 6)
- age   1:       3616 bytes,       3616 total
: 33865K->6K(38080K), 0.0021246 secs] 117743K->83883K(156172K), 0.0022336 secs] [Times: user=0.01 sys=0.00, real=0.00 secs] 
Heap after GC invocations=664 (full 6):
 par new generation   total 38080K, used 6K [0x0000000085600000, 0x0000000087f50000, 0x000000009a2c0000)
  eden space 33856K,   0% used [0x0000000085600000, 0x0000000085600000, 0x0000000087710000)
  from space 4224K,   0% used [0x0000000087710000, 0x0000000087711830, 0x0000000087b30000)
  to   space 4224K,   0% used [0x0000000087b30000, 0x0000000087b30000, 0x0000000087f50000)
 concurrent mark-sweep generation total 118092K, used 83877K [0x000000009a2c0000, 0x00000000a1613000, 0x0000000100000000)
 Metaspace       used 110305K, capacity 116789K, committed 119084K, reserved 1153024K
  class space    used 13432K, capacity 14619K, committed 15200K, reserved 1048576K
}
2021-01-19T18:23:00.105+0000: 42034.350: Total time for which application threads were stopped: 0.0024810 seconds, Stopping threads took: 0.0000290 seconds
2021-01-19T18:23:23.109+0000: 42057.354: Total time for which application threads were stopped: 0.0004053 seconds, Stopping threads took: 0.0000741 seconds
{Heap before GC invocations=664 (full 6):
 par new generation   total 38080K, used 33862K [0x0000000085600000, 0x0000000087f50000, 0x000000009a2c0000)
  eden space 33856K, 100% used [0x0000000085600000, 0x0000000087710000, 0x0000000087710000)
  from space 4224K,   0% used [0x0000000087710000, 0x0000000087711830, 0x0000000087b30000)
  to   space 4224K,   0% used [0x0000000087b30000, 0x0000000087b30000, 0x0000000087f50000)
 concurrent mark-sweep generation total 118092K, used 83877K [0x000000009a2c0000, 0x00000000a1613000, 0x0000000100000000)
 Metaspace       used 110305K, capacity 116789K, committed 119084K, reserved 1153024K
  class space    used 13432K, capacity 14619K, committed 15200K, reserved 1048576K
2021-01-19T18:24:45.779+0000: 42140.023: [GC (Allocation Failure) 2021-01-19T18:24:45.779+0000: 42140.023: [ParNew
Desired survivor size 2162688 bytes, new threshold 6 (max 6)
- age   1:       3992 bytes,       3992 total
- age   2:         32 bytes,       4024 total
: 33862K->6K(38080K), 0.0055487 secs] 117739K->83883K(156172K), 0.0057846 secs] [Times: user=0.02 sys=0.00, real=0.01 secs] 
Heap after GC invocations=665 (full 6):
 par new generation   total 38080K, used 6K [0x0000000085600000, 0x0000000087f50000, 0x000000009a2c0000)
  eden space 33856K,   0% used [0x0000000085600000, 0x0000000085600000, 0x0000000087710000)
  from space 4224K,   0% used [0x0000000087b30000, 0x0000000087b31830, 0x0000000087f50000)
  to   space 4224K,   0% used [0x0000000087710000, 0x0000000087710000, 0x0000000087b30000)
 concurrent mark-sweep generation total 118092K, used 83877K [0x000000009a2c0000, 0x00000000a1613000, 0x0000000100000000)
 Metaspace       used 110305K, capacity 116789K, committed 119084K, reserved 1153024K
  class space    used 13432K, capacity 14619K, committed 15200K, reserved 1048576K
}
2021-01-19T18:24:45.784+0000: 42140.029: Total time for which application threads were stopped: 0.0063092 seconds, Stopping threads took: 0.0000769 seconds
2021-01-19T18:26:21.802+0000: 42236.047: Total time for which application threads were stopped: 0.0004577 seconds, Stopping threads took: 0.0000827 seconds
{Heap before GC invocations=665 (full 6):
 par new generation   total 38080K, used 33862K [0x0000000085600000, 0x0000000087f50000, 0x000000009a2c0000)
  eden space 33856K, 100% used [0x0000000085600000, 0x0000000087710000, 0x0000000087710000)
  from space 4224K,   0% used [0x0000000087b30000, 0x0000000087b31830, 0x0000000087f50000)
  to   space 4224K,   0% used [0x0000000087710000, 0x0000000087710000, 0x0000000087b30000)
 concurrent mark-sweep generation total 118092K, used 83877K [0x000000009a2c0000, 0x00000000a1613000, 0x0000000100000000)
 Metaspace       used 110305K, capacity 116789K, committed 119084K, reserved 1153024K
  class space    used 13432K, capacity 14619K, committed 15200K, reserved 1048576K
2021-01-19T18:26:31.631+0000: 42245.876: [GC (Allocation Failure) 2021-01-19T18:26:31.632+0000: 42245.876: [ParNew
Desired survivor size 2162688 bytes, new threshold 6 (max 6)
- age   1:      37888 bytes,      37888 total
: 33862K->38K(38080K), 0.0053033 secs] 117739K->83916K(156172K), 0.0055947 secs] [Times: user=0.02 sys=0.00, real=0.01 secs] 
Heap after GC invocations=666 (full 6):
 par new generation   total 38080K, used 38K [0x0000000085600000, 0x0000000087f50000, 0x000000009a2c0000)
  eden space 33856K,   0% used [0x0000000085600000, 0x0000000085600000, 0x0000000087710000)
  from space 4224K,   0% used [0x0000000087710000, 0x0000000087719b08, 0x0000000087b30000)
  to   space 4224K,   0% used [0x0000000087b30000, 0x0000000087b30000, 0x0000000087f50000)
 concurrent mark-sweep generation total 118092K, used 83877K [0x000000009a2c0000, 0x00000000a1613000, 0x0000000100000000)
 Metaspace       used 110305K, capacity 116789K, committed 119084K, reserved 1153024K
  class space    used 13432K, capacity 14619K, committed 15200K, reserved 1048576K
}
2021-01-19T18:26:31.637+0000: 42245.882: Total time for which application threads were stopped: 0.0086012 seconds, Stopping threads took: 0.0024204 seconds
{Heap before GC invocations=666 (full 6):
 par new generation   total 38080K, used 33894K [0x0000000085600000, 0x0000000087f50000, 0x000000009a2c0000)
  eden space 33856K, 100% used [0x0000000085600000, 0x0000000087710000, 0x0000000087710000)
  from space 4224K,   0% used [0x0000000087710000, 0x0000000087719b08, 0x0000000087b30000)
  to   space 4224K,   0% used [0x0000000087b30000, 0x0000000087b30000, 0x0000000087f50000)
 concurrent mark-sweep generation total 118092K, used 83877K [0x000000009a2c0000, 0x00000000a1613000, 0x0000000100000000)
 Metaspace       used 110305K, capacity 116789K, committed 119084K, reserved 1153024K
  class space    used 13432K, capacity 14619K, committed 15200K, reserved 1048576K
2021-01-19T18:28:17.480+0000: 42351.725: [GC (Allocation Failure) 2021-01-19T18:28:17.480+0000: 42351.725: [ParNew
Desired survivor size 2162688 bytes, new threshold 6 (max 6)
- age   1:       3752 bytes,       3752 total
: 33894K->8K(38080K), 0.0054237 secs] 117772K->83885K(156172K), 0.0058175 secs] [Times: user=0.01 sys=0.00, real=0.01 secs] 
Heap after GC invocations=667 (full 6):
 par new generation   total 38080K, used 8K [0x0000000085600000, 0x0000000087f50000, 0x000000009a2c0000)
  eden space 33856K,   0% used [0x0000000085600000, 0x0000000085600000, 0x0000000087710000)
  from space 4224K,   0% used [0x0000000087b30000, 0x0000000087b32040, 0x0000000087f50000)
  to   space 4224K,   0% used [0x0000000087710000, 0x0000000087710000, 0x0000000087b30000)
 concurrent mark-sweep generation total 118092K, used 83877K [0x000000009a2c0000, 0x00000000a1613000, 0x0000000100000000)
 Metaspace       used 110305K, capacity 116789K, committed 119084K, reserved 1153024K
  class space    used 13432K, capacity 14619K, committed 15200K, reserved 1048576K
}
2021-01-19T18:28:17.486+0000: 42351.730: Total time for which application threads were stopped: 0.0064152 seconds, Stopping threads took: 0.0000884 seconds
{Heap before GC invocations=667 (full 6):
 par new generation   total 38080K, used 33864K [0x0000000085600000, 0x0000000087f50000, 0x000000009a2c0000)
  eden space 33856K, 100% used [0x0000000085600000, 0x0000000087710000, 0x0000000087710000)
  from space 4224K,   0% used [0x0000000087b30000, 0x0000000087b32040, 0x0000000087f50000)
  to   space 4224K,   0% used [0x0000000087710000, 0x0000000087710000, 0x0000000087b30000)
 concurrent mark-sweep generation total 118092K, used 83877K [0x000000009a2c0000, 0x00000000a1613000, 0x0000000100000000)
 Metaspace       used 110305K, capacity 116789K, committed 119084K, reserved 1153024K
  class space    used 13432K, capacity 14619K, committed 15200K, reserved 1048576K
2021-01-19T18:30:03.305+0000: 42457.550: [GC (Allocation Failure) 2021-01-19T18:30:03.305+0000: 42457.550: [ParNew
Desired survivor size 2162688 bytes, new threshold 6 (max 6)
- age   1:       3728 bytes,       3728 total
: 33864K->10K(38080K), 0.0067707 secs] 117741K->83887K(156172K), 0.0071141 secs] [Times: user=0.01 sys=0.00, real=0.01 secs] 
Heap after GC invocations=668 (full 6):
 par new generation   total 38080K, used 10K [0x0000000085600000, 0x0000000087f50000, 0x000000009a2c0000)
  eden space 33856K,   0% used [0x0000000085600000, 0x0000000085600000, 0x0000000087710000)
  from space 4224K,   0% used [0x0000000087710000, 0x0000000087712850, 0x0000000087b30000)
  to   space 4224K,   0% used [0x0000000087b30000, 0x0000000087b30000, 0x0000000087f50000)
 concurrent mark-sweep generation total 118092K, used 83877K [0x000000009a2c0000, 0x00000000a1613000, 0x0000000100000000)
 Metaspace       used 110305K, capacity 116789K, committed 119084K, reserved 1153024K
  class space    used 13432K, capacity 14619K, committed 15200K, reserved 1048576K
}
2021-01-19T18:30:03.313+0000: 42457.557: Total time for which application threads were stopped: 0.0080195 seconds, Stopping threads took: 0.0001636 seconds
2021-01-19T18:31:32.329+0000: 42546.574: Total time for which application threads were stopped: 0.0006449 seconds, Stopping threads took: 0.0001247 seconds
{Heap before GC invocations=668 (full 6):
 par new generation   total 38080K, used 33866K [0x0000000085600000, 0x0000000087f50000, 0x000000009a2c0000)
  eden space 33856K, 100% used [0x0000000085600000, 0x0000000087710000, 0x0000000087710000)
  from space 4224K,   0% used [0x0000000087710000, 0x0000000087712850, 0x0000000087b30000)
  to   space 4224K,   0% used [0x0000000087b30000, 0x0000000087b30000, 0x0000000087f50000)
 concurrent mark-sweep generation total 118092K, used 83877K [0x000000009a2c0000, 0x00000000a1613000, 0x0000000100000000)
 Metaspace       used 110305K, capacity 116789K, committed 119084K, reserved 1153024K
  class space    used 13432K, capacity 14619K, committed 15200K, reserved 1048576K
2021-01-19T18:31:49.172+0000: 42563.416: [GC (Allocation Failure) 2021-01-19T18:31:49.172+0000: 42563.417: [ParNew
Desired survivor size 2162688 bytes, new threshold 6 (max 6)
- age   1:       4496 bytes,       4496 total
- age   2:         32 bytes,       4528 total
: 33866K->8K(38080K), 0.0136698 secs] 117743K->83885K(156172K), 0.0140247 secs] [Times: user=0.03 sys=0.00, real=0.02 secs] 
Heap after GC invocations=669 (full 6):
 par new generation   total 38080K, used 8K [0x0000000085600000, 0x0000000087f50000, 0x000000009a2c0000)
  eden space 33856K,   0% used [0x0000000085600000, 0x0000000085600000, 0x0000000087710000)
  from space 4224K,   0% used [0x0000000087b30000, 0x0000000087b32040, 0x0000000087f50000)
  to   space 4224K,   0% used [0x0000000087710000, 0x0000000087710000, 0x0000000087b30000)
 concurrent mark-sweep generation total 118092K, used 83877K [0x000000009a2c0000, 0x00000000a1613000, 0x0000000100000000)
 Metaspace       used 110305K, capacity 116789K, committed 119084K, reserved 1153024K
  class space    used 13432K, capacity 14619K, committed 15200K, reserved 1048576K
}
2021-01-19T18:31:49.186+0000: 42563.431: Total time for which application threads were stopped: 0.0147917 seconds, Stopping threads took: 0.0000905 seconds
2021-01-19T18:31:56.188+0000: 42570.432: Total time for which application threads were stopped: 0.0004094 seconds, Stopping threads took: 0.0000701 seconds
{Heap before GC invocations=669 (full 6):
 par new generation   total 38080K, used 33864K [0x0000000085600000, 0x0000000087f50000, 0x000000009a2c0000)
  eden space 33856K, 100% used [0x0000000085600000, 0x0000000087710000, 0x0000000087710000)
  from space 4224K,   0% used [0x0000000087b30000, 0x0000000087b32040, 0x0000000087f50000)
  to   space 4224K,   0% used [0x0000000087710000, 0x0000000087710000, 0x0000000087b30000)
 concurrent mark-sweep generation total 118092K, used 83877K [0x000000009a2c0000, 0x00000000a1613000, 0x0000000100000000)
 Metaspace       used 110305K, capacity 116789K, committed 119084K, reserved 1153024K
  class space    used 13432K, capacity 14619K, committed 15200K, reserved 1048576K
2021-01-19T18:33:32.979+0000: 42667.223: [GC (Allocation Failure) 2021-01-19T18:33:32.979+0000: 42667.224: [ParNew
Desired survivor size 2162688 bytes, new threshold 6 (max 6)
- age   1:     308632 bytes,     308632 total
- age   2:        184 bytes,     308816 total
: 33864K->307K(38080K), 0.0056167 secs] 117741K->84184K(156172K), 0.0061949 secs] [Times: user=0.02 sys=0.00, real=0.01 secs] 
Heap after GC invocations=670 (full 6):
 par new generation   total 38080K, used 307K [0x0000000085600000, 0x0000000087f50000, 0x000000009a2c0000)
  eden space 33856K,   0% used [0x0000000085600000, 0x0000000085600000, 0x0000000087710000)
  from space 4224K,   7% used [0x0000000087710000, 0x000000008775cd40, 0x0000000087b30000)
  to   space 4224K,   0% used [0x0000000087b30000, 0x0000000087b30000, 0x0000000087f50000)
 concurrent mark-sweep generation total 118092K, used 83877K [0x000000009a2c0000, 0x00000000a1613000, 0x0000000100000000)
 Metaspace       used 110305K, capacity 116789K, committed 119084K, reserved 1153024K
  class space    used 13432K, capacity 14619K, committed 15200K, reserved 1048576K
}
2021-01-19T18:33:32.985+0000: 42667.230: Total time for which application threads were stopped: 0.0085831 seconds, Stopping threads took: 0.0016120 seconds
{Heap before GC invocations=670 (full 6):
 par new generation   total 38080K, used 34163K [0x0000000085600000, 0x0000000087f50000, 0x000000009a2c0000)
  eden space 33856K, 100% used [0x0000000085600000, 0x0000000087710000, 0x0000000087710000)
  from space 4224K,   7% used [0x0000000087710000, 0x000000008775cd40, 0x0000000087b30000)
  to   space 4224K,   0% used [0x0000000087b30000, 0x0000000087b30000, 0x0000000087f50000)
 concurrent mark-sweep generation total 118092K, used 83877K [0x000000009a2c0000, 0x00000000a1613000, 0x0000000100000000)
 Metaspace       used 110305K, capacity 116789K, committed 119084K, reserved 1153024K
  class space    used 13432K, capacity 14619K, committed 15200K, reserved 1048576K
2021-01-19T18:35:16.284+0000: 42770.529: [GC (Allocation Failure) 2021-01-19T18:35:16.284+0000: 42770.529: [ParNew
Desired survivor size 2162688 bytes, new threshold 6 (max 6)
- age   1:     520928 bytes,     520928 total
- age   2:     267632 bytes,     788560 total
- age   3:        184 bytes,     788744 total
: 34163K->825K(38080K), 0.0046233 secs] 118040K->84702K(156172K), 0.0048752 secs] [Times: user=0.01 sys=0.00, real=0.00 secs] 
Heap after GC invocations=671 (full 6):
 par new generation   total 38080K, used 825K [0x0000000085600000, 0x0000000087f50000, 0x000000009a2c0000)
  eden space 33856K,   0% used [0x0000000085600000, 0x0000000085600000, 0x0000000087710000)
  from space 4224K,  19% used [0x0000000087b30000, 0x0000000087bfe5e8, 0x0000000087f50000)
  to   space 4224K,   0% used [0x0000000087710000, 0x0000000087710000, 0x0000000087b30000)
 concurrent mark-sweep generation total 118092K, used 83877K [0x000000009a2c0000, 0x00000000a1613000, 0x0000000100000000)
 Metaspace       used 110305K, capacity 116789K, committed 119084K, reserved 1153024K
  class space    used 13432K, capacity 14619K, committed 15200K, reserved 1048576K
}
2021-01-19T18:35:16.289+0000: 42770.534: Total time for which application threads were stopped: 0.0054497 seconds, Stopping threads took: 0.0000754 seconds
2021-01-19T18:36:02.298+0000: 42816.543: Total time for which application threads were stopped: 0.0005525 seconds, Stopping threads took: 0.0001540 seconds
{Heap before GC invocations=671 (full 6):
 par new generation   total 38080K, used 34681K [0x0000000085600000, 0x0000000087f50000, 0x000000009a2c0000)
  eden space 33856K, 100% used [0x0000000085600000, 0x0000000087710000, 0x0000000087710000)
  from space 4224K,  19% used [0x0000000087b30000, 0x0000000087bfe5e8, 0x0000000087f50000)
  to   space 4224K,   0% used [0x0000000087710000, 0x0000000087710000, 0x0000000087b30000)
 concurrent mark-sweep generation total 118092K, used 83877K [0x000000009a2c0000, 0x00000000a1613000, 0x0000000100000000)
 Metaspace       used 110307K, capacity 116789K, committed 119084K, reserved 1153024K
  class space    used 13432K, capacity 14619K, committed 15200K, reserved 1048576K
2021-01-19T18:37:01.488+0000: 42875.732: [GC (Allocation Failure) 2021-01-19T18:37:01.488+0000: 42875.733: [ParNew
Desired survivor size 2162688 bytes, new threshold 6 (max 6)
- age   1:      62376 bytes,      62376 total
- age   2:     516352 bytes,     578728 total
- age   3:     266424 bytes,     845152 total
- age   4:        184 bytes,     845336 total
: 34681K->924K(38080K), 0.0095203 secs] 118558K->84801K(156172K), 0.0098135 secs] [Times: user=0.03 sys=0.00, real=0.01 secs] 
Heap after GC invocations=672 (full 6):
 par new generation   total 38080K, used 924K [0x0000000085600000, 0x0000000087f50000, 0x000000009a2c0000)
  eden space 33856K,   0% used [0x0000000085600000, 0x0000000085600000, 0x0000000087710000)
  from space 4224K,  21% used [0x0000000087710000, 0x00000000877f7030, 0x0000000087b30000)
  to   space 4224K,   0% used [0x0000000087b30000, 0x0000000087b30000, 0x0000000087f50000)
 concurrent mark-sweep generation total 118092K, used 83877K [0x000000009a2c0000, 0x00000000a1613000, 0x0000000100000000)
 Metaspace       used 110307K, capacity 116789K, committed 119084K, reserved 1153024K
  class space    used 13432K, capacity 14619K, committed 15200K, reserved 1048576K
}
2021-01-19T18:37:01.498+0000: 42875.742: Total time for which application threads were stopped: 0.0104828 seconds, Stopping threads took: 0.0000788 seconds
2021-01-19T18:37:22.502+0000: 42896.747: Total time for which application threads were stopped: 0.0004238 seconds, Stopping threads took: 0.0000819 seconds
2021-01-19T18:37:23.503+0000: 42897.748: Total time for which application threads were stopped: 0.0005064 seconds, Stopping threads took: 0.0001065 seconds
{Heap before GC invocations=672 (full 6):
 par new generation   total 38080K, used 34780K [0x0000000085600000, 0x0000000087f50000, 0x000000009a2c0000)
  eden space 33856K, 100% used [0x0000000085600000, 0x0000000087710000, 0x0000000087710000)
  from space 4224K,  21% used [0x0000000087710000, 0x00000000877f7030, 0x0000000087b30000)
  to   space 4224K,   0% used [0x0000000087b30000, 0x0000000087b30000, 0x0000000087f50000)
 concurrent mark-sweep generation total 118092K, used 83877K [0x000000009a2c0000, 0x00000000a1613000, 0x0000000100000000)
 Metaspace       used 110307K, capacity 116789K, committed 119084K, reserved 1153024K
  class space    used 13432K, capacity 14619K, committed 15200K, reserved 1048576K
2021-01-19T18:38:48.169+0000: 42982.414: [GC (Allocation Failure) 2021-01-19T18:38:48.170+0000: 42982.414: [ParNew
Desired survivor size 2162688 bytes, new threshold 6 (max 6)
- age   1:       4424 bytes,       4424 total
- age   2:      59000 bytes,      63424 total
- age   3:     516352 bytes,     579776 total
- age   4:     266424 bytes,     846200 total
- age   5:        184 bytes,     846384 total
: 34780K->1443K(38080K), 0.0055355 secs] 118657K->85321K(156172K), 0.0058102 secs] [Times: user=0.02 sys=0.00, real=0.01 secs] 
Heap after GC invocations=673 (full 6):
 par new generation   total 38080K, used 1443K [0x0000000085600000, 0x0000000087f50000, 0x000000009a2c0000)
  eden space 33856K,   0% used [0x0000000085600000, 0x0000000085600000, 0x0000000087710000)
  from space 4224K,  34% used [0x0000000087b30000, 0x0000000087c98ec0, 0x0000000087f50000)
  to   space 4224K,   0% used [0x0000000087710000, 0x0000000087710000, 0x0000000087b30000)
 concurrent mark-sweep generation total 118092K, used 83877K [0x000000009a2c0000, 0x00000000a1613000, 0x0000000100000000)
 Metaspace       used 110307K, capacity 116789K, committed 119084K, reserved 1153024K
  class space    used 13432K, capacity 14619K, committed 15200K, reserved 1048576K
}
2021-01-19T18:38:48.175+0000: 42982.420: Total time for which application threads were stopped: 0.0065469 seconds, Stopping threads took: 0.0002649 seconds
2021-01-19T18:40:22.194+0000: 43076.439: Total time for which application threads were stopped: 0.0004851 seconds, Stopping threads took: 0.0000880 seconds
{Heap before GC invocations=673 (full 6):
 par new generation   total 38080K, used 35299K [0x0000000085600000, 0x0000000087f50000, 0x000000009a2c0000)
  eden space 33856K, 100% used [0x0000000085600000, 0x0000000087710000, 0x0000000087710000)
  from space 4224K,  34% used [0x0000000087b30000, 0x0000000087c98ec0, 0x0000000087f50000)
  to   space 4224K,   0% used [0x0000000087710000, 0x0000000087710000, 0x0000000087b30000)
 concurrent mark-sweep generation total 118092K, used 83877K [0x000000009a2c0000, 0x00000000a1613000, 0x0000000100000000)
 Metaspace       used 110307K, capacity 116789K, committed 119084K, reserved 1153024K
  class space    used 13432K, capacity 14619K, committed 15200K, reserved 1048576K
2021-01-19T18:40:33.798+0000: 43088.043: [GC (Allocation Failure) 2021-01-19T18:40:33.799+0000: 43088.043: [ParNew
Desired survivor size 2162688 bytes, new threshold 6 (max 6)
- age   1:      37608 bytes,      37608 total
- age   2:        304 bytes,      37912 total
- age   3:      58968 bytes,      96880 total
- age   4:     516352 bytes,     613232 total
- age   5:     266424 bytes,     879656 total
- age   6:        184 bytes,     879840 total
: 35299K->980K(38080K), 0.0102472 secs] 119177K->84858K(156172K), 0.0105184 secs] [Times: user=0.03 sys=0.00, real=0.01 secs] 
Heap after GC invocations=674 (full 6):
 par new generation   total 38080K, used 980K [0x0000000085600000, 0x0000000087f50000, 0x000000009a2c0000)
  eden space 33856K,   0% used [0x0000000085600000, 0x0000000085600000, 0x0000000087710000)
  from space 4224K,  23% used [0x0000000087710000, 0x0000000087805340, 0x0000000087b30000)
  to   space 4224K,   0% used [0x0000000087b30000, 0x0000000087b30000, 0x0000000087f50000)
 concurrent mark-sweep generation total 118092K, used 83877K [0x000000009a2c0000, 0x00000000a1613000, 0x0000000100000000)
 Metaspace       used 110307K, capacity 116789K, committed 119084K, reserved 1153024K
  class space    used 13432K, capacity 14619K, committed 15200K, reserved 1048576K
}
2021-01-19T18:40:33.809+0000: 43088.054: Total time for which application threads were stopped: 0.0110906 seconds, Stopping threads took: 0.0000654 seconds
{Heap before GC invocations=674 (full 6):
 par new generation   total 38080K, used 34836K [0x0000000085600000, 0x0000000087f50000, 0x000000009a2c0000)
  eden space 33856K, 100% used [0x0000000085600000, 0x0000000087710000, 0x0000000087710000)
  from space 4224K,  23% used [0x0000000087710000, 0x0000000087805340, 0x0000000087b30000)
  to   space 4224K,   0% used [0x0000000087b30000, 0x0000000087b30000, 0x0000000087f50000)
 concurrent mark-sweep generation total 118092K, used 83877K [0x000000009a2c0000, 0x00000000a1613000, 0x0000000100000000)
 Metaspace       used 110307K, capacity 116789K, committed 119084K, reserved 1153024K
  class space    used 13432K, capacity 14619K, committed 15200K, reserved 1048576K
2021-01-19T18:42:19.685+0000: 43193.930: [GC (Allocation Failure) 2021-01-19T18:42:19.686+0000: 43193.930: [ParNew
Desired survivor size 2162688 bytes, new threshold 6 (max 6)
- age   1:      71384 bytes,      71384 total
- age   3:        304 bytes,      71688 total
- age   4:      58968 bytes,     130656 total
- age   5:     516352 bytes,     647008 total
- age   6:     266424 bytes,     913432 total
: 34836K->1150K(38080K), 0.0058416 secs] 118714K->85028K(156172K), 0.0060720 secs] [Times: user=0.01 sys=0.01, real=0.00 secs] 
Heap after GC invocations=675 (full 6):
 par new generation   total 38080K, used 1150K [0x0000000085600000, 0x0000000087f50000, 0x000000009a2c0000)
  eden space 33856K,   0% used [0x0000000085600000, 0x0000000085600000, 0x0000000087710000)
  from space 4224K,  27% used [0x0000000087b30000, 0x0000000087c4fa30, 0x0000000087f50000)
  to   space 4224K,   0% used [0x0000000087710000, 0x0000000087710000, 0x0000000087b30000)
 concurrent mark-sweep generation total 118092K, used 83877K [0x000000009a2c0000, 0x00000000a1613000, 0x0000000100000000)
 Metaspace       used 110307K, capacity 116789K, committed 119084K, reserved 1153024K
  class space    used 13432K, capacity 14619K, committed 15200K, reserved 1048576K
}
2021-01-19T18:42:19.692+0000: 43193.936: Total time for which application threads were stopped: 0.0066671 seconds, Stopping threads took: 0.0001379 seconds
{Heap before GC invocations=675 (full 6):
 par new generation   total 38080K, used 35006K [0x0000000085600000, 0x0000000087f50000, 0x000000009a2c0000)
  eden space 33856K, 100% used [0x0000000085600000, 0x0000000087710000, 0x0000000087710000)
  from space 4224K,  27% used [0x0000000087b30000, 0x0000000087c4fa30, 0x0000000087f50000)
  to   space 4224K,   0% used [0x0000000087710000, 0x0000000087710000, 0x0000000087b30000)
 concurrent mark-sweep generation total 118092K, used 83877K [0x000000009a2c0000, 0x00000000a1613000, 0x0000000100000000)
 Metaspace       used 110307K, capacity 116789K, committed 119084K, reserved 1153024K
  class space    used 13432K, capacity 14619K, committed 15200K, reserved 1048576K
2021-01-19T18:44:05.686+0000: 43299.931: [GC (Allocation Failure) 2021-01-19T18:44:05.686+0000: 43299.931: [ParNew
Desired survivor size 2162688 bytes, new threshold 6 (max 6)
- age   1:       3552 bytes,       3552 total
- age   4:        304 bytes,       3856 total
- age   5:      58968 bytes,      62824 total
- age   6:     516352 bytes,     579176 total
: 35006K->860K(38080K), 0.0071395 secs] 118884K->85001K(156172K), 0.0073807 secs] [Times: user=0.02 sys=0.00, real=0.01 secs] 
Heap after GC invocations=676 (full 6):
 par new generation   total 38080K, used 860K [0x0000000085600000, 0x0000000087f50000, 0x000000009a2c0000)
  eden space 33856K,   0% used [0x0000000085600000, 0x0000000085600000, 0x0000000087710000)
  from space 4224K,  20% used [0x0000000087710000, 0x00000000877e7320, 0x0000000087b30000)
  to   space 4224K,   0% used [0x0000000087b30000, 0x0000000087b30000, 0x0000000087f50000)
 concurrent mark-sweep generation total 118092K, used 84141K [0x000000009a2c0000, 0x00000000a1613000, 0x0000000100000000)
 Metaspace       used 110307K, capacity 116789K, committed 119084K, reserved 1153024K
  class space    used 13432K, capacity 14619K, committed 15200K, reserved 1048576K
}
2021-01-19T18:44:05.694+0000: 43299.938: Total time for which application threads were stopped: 0.0083834 seconds, Stopping threads took: 0.0004819 seconds
2021-01-19T18:44:21.697+0000: 43315.942: Total time for which application threads were stopped: 0.0005522 seconds, Stopping threads took: 0.0000963 seconds
2021-01-19T18:44:23.698+0000: 43317.943: Total time for which application threads were stopped: 0.0005277 seconds, Stopping threads took: 0.0000849 seconds
{Heap before GC invocations=676 (full 6):
 par new generation   total 38080K, used 34716K [0x0000000085600000, 0x0000000087f50000, 0x000000009a2c0000)
  eden space 33856K, 100% used [0x0000000085600000, 0x0000000087710000, 0x0000000087710000)
  from space 4224K,  20% used [0x0000000087710000, 0x00000000877e7320, 0x0000000087b30000)
  to   space 4224K,   0% used [0x0000000087b30000, 0x0000000087b30000, 0x0000000087f50000)
 concurrent mark-sweep generation total 118092K, used 84141K [0x000000009a2c0000, 0x00000000a1613000, 0x0000000100000000)
 Metaspace       used 110315K, capacity 116789K, committed 119084K, reserved 1153024K
  class space    used 13432K, capacity 14619K, committed 15200K, reserved 1048576K
2021-01-19T18:45:49.439+0000: 43403.684: [GC (Allocation Failure) 2021-01-19T18:45:49.440+0000: 43403.684: [ParNew
Desired survivor size 2162688 bytes, new threshold 6 (max 6)
- age   1:       7496 bytes,       7496 total
- age   2:         32 bytes,       7528 total
- age   5:        304 bytes,       7832 total
- age   6:      58968 bytes,      66800 total
: 34716K->639K(38080K), 0.0045891 secs] 118857K->85291K(156172K), 0.0048630 secs] [Times: user=0.01 sys=0.00, real=0.01 secs] 
Heap after GC invocations=677 (full 6):
 par new generation   total 38080K, used 639K [0x0000000085600000, 0x0000000087f50000, 0x000000009a2c0000)
  eden space 33856K,   0% used [0x0000000085600000, 0x0000000085600000, 0x0000000087710000)
  from space 4224K,  15% used [0x0000000087b30000, 0x0000000087bcfda0, 0x0000000087f50000)
  to   space 4224K,   0% used [0x0000000087710000, 0x0000000087710000, 0x0000000087b30000)
 concurrent mark-sweep generation total 118092K, used 84652K [0x000000009a2c0000, 0x00000000a1613000, 0x0000000100000000)
 Metaspace       used 110315K, capacity 116789K, committed 119084K, reserved 1153024K
  class space    used 13432K, capacity 14619K, committed 15200K, reserved 1048576K
}
2021-01-19T18:45:49.444+0000: 43403.689: Total time for which application threads were stopped: 0.0054686 seconds, Stopping threads took: 0.0000904 seconds
2021-01-19T18:45:50.445+0000: 43404.690: Total time for which application threads were stopped: 0.0004787 seconds, Stopping threads took: 0.0000898 seconds
{Heap before GC invocations=677 (full 6):
 par new generation   total 38080K, used 34495K [0x0000000085600000, 0x0000000087f50000, 0x000000009a2c0000)
  eden space 33856K, 100% used [0x0000000085600000, 0x0000000087710000, 0x0000000087710000)
  from space 4224K,  15% used [0x0000000087b30000, 0x0000000087bcfda0, 0x0000000087f50000)
  to   space 4224K,   0% used [0x0000000087710000, 0x0000000087710000, 0x0000000087b30000)
 concurrent mark-sweep generation total 118092K, used 84652K [0x000000009a2c0000, 0x00000000a1613000, 0x0000000100000000)
 Metaspace       used 110315K, capacity 116789K, committed 119084K, reserved 1153024K
  class space    used 13432K, capacity 14619K, committed 15200K, reserved 1048576K
2021-01-19T18:47:35.385+0000: 43509.630: [GC (Allocation Failure) 2021-01-19T18:47:35.386+0000: 43509.630: [ParNew
Desired survivor size 2162688 bytes, new threshold 6 (max 6)
- age   1:      37272 bytes,      37272 total
- age   2:       3728 bytes,      41000 total
- age   6:        304 bytes,      41304 total
: 34495K->129K(38080K), 0.0064546 secs] 119147K->84839K(156172K), 0.0067042 secs] [Times: user=0.02 sys=0.00, real=0.01 secs] 
Heap after GC invocations=678 (full 6):
 par new generation   total 38080K, used 129K [0x0000000085600000, 0x0000000087f50000, 0x000000009a2c0000)
  eden space 33856K,   0% used [0x0000000085600000, 0x0000000085600000, 0x0000000087710000)
  from space 4224K,   3% used [0x0000000087710000, 0x0000000087730430, 0x0000000087b30000)
  to   space 4224K,   0% used [0x0000000087b30000, 0x0000000087b30000, 0x0000000087f50000)
 concurrent mark-sweep generation total 118092K, used 84710K [0x000000009a2c0000, 0x00000000a1613000, 0x0000000100000000)
 Metaspace       used 110315K, capacity 116789K, committed 119084K, reserved 1153024K
  class space    used 13432K, capacity 14619K, committed 15200K, reserved 1048576K
}
2021-01-19T18:47:35.392+0000: 43509.637: Total time for which application threads were stopped: 0.0073145 seconds, Stopping threads took: 0.0000910 seconds
{Heap before GC invocations=678 (full 6):
 par new generation   total 38080K, used 33985K [0x0000000085600000, 0x0000000087f50000, 0x000000009a2c0000)
  eden space 33856K, 100% used [0x0000000085600000, 0x0000000087710000, 0x0000000087710000)
  from space 4224K,   3% used [0x0000000087710000, 0x0000000087730430, 0x0000000087b30000)
  to   space 4224K,   0% used [0x0000000087b30000, 0x0000000087b30000, 0x0000000087f50000)
 concurrent mark-sweep generation total 118092K, used 84710K [0x000000009a2c0000, 0x00000000a1613000, 0x0000000100000000)
 Metaspace       used 110315K, capacity 116789K, committed 119084K, reserved 1153024K
  class space    used 13432K, capacity 14619K, committed 15200K, reserved 1048576K
2021-01-19T18:49:21.243+0000: 43615.488: [GC (Allocation Failure) 2021-01-19T18:49:21.244+0000: 43615.488: [ParNew
Desired survivor size 2162688 bytes, new threshold 6 (max 6)
- age   1:      71040 bytes,      71040 total
- age   3:       3728 bytes,      74768 total
: 33985K->103K(38080K), 0.0059349 secs] 118695K->84814K(156172K), 0.0060867 secs] [Times: user=0.02 sys=0.00, real=0.00 secs] 
Heap after GC invocations=679 (full 6):
 par new generation   total 38080K, used 103K [0x0000000085600000, 0x0000000087f50000, 0x000000009a2c0000)
  eden space 33856K,   0% used [0x0000000085600000, 0x0000000085600000, 0x0000000087710000)
  from space 4224K,   2% used [0x0000000087b30000, 0x0000000087b49f68, 0x0000000087f50000)
  to   space 4224K,   0% used [0x0000000087710000, 0x0000000087710000, 0x0000000087b30000)
 concurrent mark-sweep generation total 118092K, used 84710K [0x000000009a2c0000, 0x00000000a1613000, 0x0000000100000000)
 Metaspace       used 110315K, capacity 116789K, committed 119084K, reserved 1153024K
  class space    used 13432K, capacity 14619K, committed 15200K, reserved 1048576K
}
2021-01-19T18:49:21.250+0000: 43615.494: Total time for which application threads were stopped: 0.0064636 seconds, Stopping threads took: 0.0000514 seconds
{Heap before GC invocations=679 (full 6):
 par new generation   total 38080K, used 33959K [0x0000000085600000, 0x0000000087f50000, 0x000000009a2c0000)
  eden space 33856K, 100% used [0x0000000085600000, 0x0000000087710000, 0x0000000087710000)
  from space 4224K,   2% used [0x0000000087b30000, 0x0000000087b49f68, 0x0000000087f50000)
  to   space 4224K,   0% used [0x0000000087710000, 0x0000000087710000, 0x0000000087b30000)
 concurrent mark-sweep generation total 118092K, used 84710K [0x000000009a2c0000, 0x00000000a1613000, 0x0000000100000000)
 Metaspace       used 110315K, capacity 116789K, committed 119084K, reserved 1153024K
  class space    used 13432K, capacity 14619K, committed 15200K, reserved 1048576K
2021-01-19T18:51:07.008+0000: 43721.252: [GC (Allocation Failure) 2021-01-19T18:51:07.008+0000: 43721.252: [ParNew
Desired survivor size 2162688 bytes, new threshold 6 (max 6)
- age   1:       3568 bytes,       3568 total
- age   4:       3728 bytes,       7296 total
: 33959K->15K(38080K), 0.0091733 secs] 118670K->84726K(156172K), 0.0094618 secs] [Times: user=0.03 sys=0.00, real=0.01 secs] 
Heap after GC invocations=680 (full 6):
 par new generation   total 38080K, used 15K [0x0000000085600000, 0x0000000087f50000, 0x000000009a2c0000)
  eden space 33856K,   0% used [0x0000000085600000, 0x0000000085600000, 0x0000000087710000)
  from space 4224K,   0% used [0x0000000087710000, 0x0000000087713e00, 0x0000000087b30000)
  to   space 4224K,   0% used [0x0000000087b30000, 0x0000000087b30000, 0x0000000087f50000)
 concurrent mark-sweep generation total 118092K, used 84710K [0x000000009a2c0000, 0x00000000a1613000, 0x0000000100000000)
 Metaspace       used 110315K, capacity 116789K, committed 119084K, reserved 1153024K
  class space    used 13432K, capacity 14619K, committed 15200K, reserved 1048576K
}
2021-01-19T18:51:07.017+0000: 43721.262: Total time for which application threads were stopped: 0.0101081 seconds, Stopping threads took: 0.0000759 seconds
{Heap before GC invocations=680 (full 6):
 par new generation   total 38080K, used 33871K [0x0000000085600000, 0x0000000087f50000, 0x000000009a2c0000)
  eden space 33856K, 100% used [0x0000000085600000, 0x0000000087710000, 0x0000000087710000)
  from space 4224K,   0% used [0x0000000087710000, 0x0000000087713e00, 0x0000000087b30000)
  to   space 4224K,   0% used [0x0000000087b30000, 0x0000000087b30000, 0x0000000087f50000)
 concurrent mark-sweep generation total 118092K, used 84710K [0x000000009a2c0000, 0x00000000a1613000, 0x0000000100000000)
 Metaspace       used 110315K, capacity 116789K, committed 119084K, reserved 1153024K
  class space    used 13432K, capacity 14619K, committed 15200K, reserved 1048576K
2021-01-19T18:52:52.781+0000: 43827.025: [GC (Allocation Failure) 2021-01-19T18:52:52.781+0000: 43827.025: [ParNew
Desired survivor size 2162688 bytes, new threshold 6 (max 6)
- age   1:       3736 bytes,       3736 total
- age   2:         32 bytes,       3768 total
- age   5:       3728 bytes,       7496 total
: 33871K->10K(38080K), 0.0064641 secs] 118582K->84721K(156172K), 0.0067197 secs] [Times: user=0.02 sys=0.00, real=0.00 secs] 
Heap after GC invocations=681 (full 6):
 par new generation   total 38080K, used 10K [0x0000000085600000, 0x0000000087f50000, 0x000000009a2c0000)
  eden space 33856K,   0% used [0x0000000085600000, 0x0000000085600000, 0x0000000087710000)
  from space 4224K,   0% used [0x0000000087b30000, 0x0000000087b32850, 0x0000000087f50000)
  to   space 4224K,   0% used [0x0000000087710000, 0x0000000087710000, 0x0000000087b30000)
 concurrent mark-sweep generation total 118092K, used 84710K [0x000000009a2c0000, 0x00000000a1613000, 0x0000000100000000)
 Metaspace       used 110315K, capacity 116789K, committed 119084K, reserved 1153024K
  class space    used 13432K, capacity 14619K, committed 15200K, reserved 1048576K
}
2021-01-19T18:52:52.787+0000: 43827.032: Total time for which application threads were stopped: 0.0084177 seconds, Stopping threads took: 0.0011821 seconds
{Heap before GC invocations=681 (full 6):
 par new generation   total 38080K, used 33866K [0x0000000085600000, 0x0000000087f50000, 0x000000009a2c0000)
  eden space 33856K, 100% used [0x0000000085600000, 0x0000000087710000, 0x0000000087710000)
  from space 4224K,   0% used [0x0000000087b30000, 0x0000000087b32850, 0x0000000087f50000)
  to   space 4224K,   0% used [0x0000000087710000, 0x0000000087710000, 0x0000000087b30000)
 concurrent mark-sweep generation total 118092K, used 84710K [0x000000009a2c0000, 0x00000000a1613000, 0x0000000100000000)
 Metaspace       used 110315K, capacity 116789K, committed 119084K, reserved 1153024K
  class space    used 13432K, capacity 14619K, committed 15200K, reserved 1048576K
2021-01-19T18:54:38.373+0000: 43932.618: [GC (Allocation Failure) 2021-01-19T18:54:38.374+0000: 43932.618: [ParNew
Desired survivor size 2162688 bytes, new threshold 6 (max 6)
- age   1:       3752 bytes,       3752 total
- age   6:       3728 bytes,       7480 total
: 33866K->10K(38080K), 0.0033360 secs] 118577K->84721K(156172K), 0.0034918 secs] [Times: user=0.01 sys=0.00, real=0.00 secs] 
Heap after GC invocations=682 (full 6):
 par new generation   total 38080K, used 10K [0x0000000085600000, 0x0000000087f50000, 0x000000009a2c0000)
  eden space 33856K,   0% used [0x0000000085600000, 0x0000000085600000, 0x0000000087710000)
  from space 4224K,   0% used [0x0000000087710000, 0x0000000087712ae0, 0x0000000087b30000)
  to   space 4224K,   0% used [0x0000000087b30000, 0x0000000087b30000, 0x0000000087f50000)
 concurrent mark-sweep generation total 118092K, used 84710K [0x000000009a2c0000, 0x00000000a1613000, 0x0000000100000000)
 Metaspace       used 110315K, capacity 116789K, committed 119084K, reserved 1153024K
  class space    used 13432K, capacity 14619K, committed 15200K, reserved 1048576K
}
2021-01-19T18:54:38.377+0000: 43932.622: Total time for which application threads were stopped: 0.0038131 seconds, Stopping threads took: 0.0000417 seconds
2021-01-19T18:56:22.396+0000: 44036.640: Total time for which application threads were stopped: 0.0004389 seconds, Stopping threads took: 0.0000935 seconds
{Heap before GC invocations=682 (full 6):
 par new generation   total 38080K, used 33866K [0x0000000085600000, 0x0000000087f50000, 0x000000009a2c0000)
  eden space 33856K, 100% used [0x0000000085600000, 0x0000000087710000, 0x0000000087710000)
  from space 4224K,   0% used [0x0000000087710000, 0x0000000087712ae0, 0x0000000087b30000)
  to   space 4224K,   0% used [0x0000000087b30000, 0x0000000087b30000, 0x0000000087f50000)
 concurrent mark-sweep generation total 118092K, used 84710K [0x000000009a2c0000, 0x00000000a1613000, 0x0000000100000000)
 Metaspace       used 110315K, capacity 116789K, committed 119084K, reserved 1153024K
  class space    used 13432K, capacity 14619K, committed 15200K, reserved 1048576K
2021-01-19T18:56:24.230+0000: 44038.475: [GC (Allocation Failure) 2021-01-19T18:56:24.230+0000: 44038.475: [ParNew
Desired survivor size 2162688 bytes, new threshold 6 (max 6)
- age   1:      71552 bytes,      71552 total
: 33866K->73K(38080K), 0.0053227 secs] 118577K->84788K(156172K), 0.0056198 secs] [Times: user=0.02 sys=0.00, real=0.01 secs] 
Heap after GC invocations=683 (full 6):
 par new generation   total 38080K, used 73K [0x0000000085600000, 0x0000000087f50000, 0x000000009a2c0000)
  eden space 33856K,   0% used [0x0000000085600000, 0x0000000085600000, 0x0000000087710000)
  from space 4224K,   1% used [0x0000000087b30000, 0x0000000087b425f0, 0x0000000087f50000)
  to   space 4224K,   0% used [0x0000000087710000, 0x0000000087710000, 0x0000000087b30000)
 concurrent mark-sweep generation total 118092K, used 84714K [0x000000009a2c0000, 0x00000000a1613000, 0x0000000100000000)
 Metaspace       used 110315K, capacity 116789K, committed 119084K, reserved 1153024K
  class space    used 13432K, capacity 14619K, committed 15200K, reserved 1048576K
}
2021-01-19T18:56:24.236+0000: 44038.481: Total time for which application threads were stopped: 0.0061672 seconds, Stopping threads took: 0.0000747 seconds
{Heap before GC invocations=683 (full 6):
 par new generation   total 38080K, used 33929K [0x0000000085600000, 0x0000000087f50000, 0x000000009a2c0000)
  eden space 33856K, 100% used [0x0000000085600000, 0x0000000087710000, 0x0000000087710000)
  from space 4224K,   1% used [0x0000000087b30000, 0x0000000087b425f0, 0x0000000087f50000)
  to   space 4224K,   0% used [0x0000000087710000, 0x0000000087710000, 0x0000000087b30000)
 concurrent mark-sweep generation total 118092K, used 84714K [0x000000009a2c0000, 0x00000000a1613000, 0x0000000100000000)
 Metaspace       used 110315K, capacity 116789K, committed 119084K, reserved 1153024K
  class space    used 13432K, capacity 14619K, committed 15200K, reserved 1048576K
2021-01-19T18:58:09.993+0000: 44144.237: [GC (Allocation Failure) 2021-01-19T18:58:09.993+0000: 44144.237: [ParNew
Desired survivor size 2162688 bytes, new threshold 6 (max 6)
- age   1:       3440 bytes,       3440 total
- age   2:         48 bytes,       3488 total
: 33929K->6K(38080K), 0.0051775 secs] 118644K->84720K(156172K), 0.0054820 secs] [Times: user=0.02 sys=0.00, real=0.00 secs] 
Heap after GC invocations=684 (full 6):
 par new generation   total 38080K, used 6K [0x0000000085600000, 0x0000000087f50000, 0x000000009a2c0000)
  eden space 33856K,   0% used [0x0000000085600000, 0x0000000085600000, 0x0000000087710000)
  from space 4224K,   0% used [0x0000000087710000, 0x0000000087711830, 0x0000000087b30000)
  to   space 4224K,   0% used [0x0000000087b30000, 0x0000000087b30000, 0x0000000087f50000)
 concurrent mark-sweep generation total 118092K, used 84714K [0x000000009a2c0000, 0x00000000a1613000, 0x0000000100000000)
 Metaspace       used 110315K, capacity 116789K, committed 119084K, reserved 1153024K
  class space    used 13432K, capacity 14619K, committed 15200K, reserved 1048576K
}
2021-01-19T18:58:09.998+0000: 44144.243: Total time for which application threads were stopped: 0.0063895 seconds, Stopping threads took: 0.0000756 seconds
{Heap before GC invocations=684 (full 6):
 par new generation   total 38080K, used 33862K [0x0000000085600000, 0x0000000087f50000, 0x000000009a2c0000)
  eden space 33856K, 100% used [0x0000000085600000, 0x0000000087710000, 0x0000000087710000)
  from space 4224K,   0% used [0x0000000087710000, 0x0000000087711830, 0x0000000087b30000)
  to   space 4224K,   0% used [0x0000000087b30000, 0x0000000087b30000, 0x0000000087f50000)
 concurrent mark-sweep generation total 118092K, used 84714K [0x000000009a2c0000, 0x00000000a1613000, 0x0000000100000000)
 Metaspace       used 110315K, capacity 116789K, committed 119084K, reserved 1153024K
  class space    used 13432K, capacity 14619K, committed 15200K, reserved 1048576K
2021-01-19T18:59:55.667+0000: 44249.911: [GC (Allocation Failure) 2021-01-19T18:59:55.667+0000: 44249.912: [ParNew
Desired survivor size 2162688 bytes, new threshold 6 (max 6)
- age   1:       6216 bytes,       6216 total
- age   2:         32 bytes,       6248 total
: 33862K->10K(38080K), 0.0064200 secs] 118576K->84724K(156172K), 0.0068029 secs] [Times: user=0.01 sys=0.00, real=0.01 secs] 
Heap after GC invocations=685 (full 6):
 par new generation   total 38080K, used 10K [0x0000000085600000, 0x0000000087f50000, 0x000000009a2c0000)
  eden space 33856K,   0% used [0x0000000085600000, 0x0000000085600000, 0x0000000087710000)
  from space 4224K,   0% used [0x0000000087b30000, 0x0000000087b32850, 0x0000000087f50000)
  to   space 4224K,   0% used [0x0000000087710000, 0x0000000087710000, 0x0000000087b30000)
 concurrent mark-sweep generation total 118092K, used 84714K [0x000000009a2c0000, 0x00000000a1613000, 0x0000000100000000)
 Metaspace       used 110315K, capacity 116789K, committed 119084K, reserved 1153024K
  class space    used 13432K, capacity 14619K, committed 15200K, reserved 1048576K
}
2021-01-19T18:59:55.674+0000: 44249.918: Total time for which application threads were stopped: 0.0077751 seconds, Stopping threads took: 0.0003014 seconds
2021-01-19T19:01:30.690+0000: 44344.935: Total time for which application threads were stopped: 0.0003735 seconds, Stopping threads took: 0.0000667 seconds
{Heap before GC invocations=685 (full 6):
 par new generation   total 38080K, used 33866K [0x0000000085600000, 0x0000000087f50000, 0x000000009a2c0000)
  eden space 33856K, 100% used [0x0000000085600000, 0x0000000087710000, 0x0000000087710000)
  from space 4224K,   0% used [0x0000000087b30000, 0x0000000087b32850, 0x0000000087f50000)
  to   space 4224K,   0% used [0x0000000087710000, 0x0000000087710000, 0x0000000087b30000)
 concurrent mark-sweep generation total 118092K, used 84714K [0x000000009a2c0000, 0x00000000a1613000, 0x0000000100000000)
 Metaspace       used 110315K, capacity 116789K, committed 119084K, reserved 1153024K
  class space    used 13432K, capacity 14619K, committed 15200K, reserved 1048576K
2021-01-19T19:01:41.266+0000: 44355.511: [GC (Allocation Failure) 2021-01-19T19:01:41.266+0000: 44355.511: [ParNew
Desired survivor size 2162688 bytes, new threshold 6 (max 6)
- age   1:      57968 bytes,      57968 total
- age   2:       2504 bytes,      60472 total
: 33866K->63K(38080K), 0.0065827 secs] 118580K->84778K(156172K), 0.0068583 secs] [Times: user=0.02 sys=0.00, real=0.01 secs] 
Heap after GC invocations=686 (full 6):
 par new generation   total 38080K, used 63K [0x0000000085600000, 0x0000000087f50000, 0x000000009a2c0000)
  eden space 33856K,   0% used [0x0000000085600000, 0x0000000085600000, 0x0000000087710000)
  from space 4224K,   1% used [0x0000000087710000, 0x000000008771fe98, 0x0000000087b30000)
  to   space 4224K,   0% used [0x0000000087b30000, 0x0000000087b30000, 0x0000000087f50000)
 concurrent mark-sweep generation total 118092K, used 84714K [0x000000009a2c0000, 0x00000000a1613000, 0x0000000100000000)
 Metaspace       used 110315K, capacity 116789K, committed 119084K, reserved 1153024K
  class space    used 13432K, capacity 14619K, committed 15200K, reserved 1048576K
}
2021-01-19T19:01:41.273+0000: 44355.518: Total time for which application threads were stopped: 0.0075467 seconds, Stopping threads took: 0.0000854 seconds
{Heap before GC invocations=686 (full 6):
 par new generation   total 38080K, used 33919K [0x0000000085600000, 0x0000000087f50000, 0x000000009a2c0000)
  eden space 33856K, 100% used [0x0000000085600000, 0x0000000087710000, 0x0000000087710000)
  from space 4224K,   1% used [0x0000000087710000, 0x000000008771fe98, 0x0000000087b30000)
  to   space 4224K,   0% used [0x0000000087b30000, 0x0000000087b30000, 0x0000000087f50000)
 concurrent mark-sweep generation total 118092K, used 84714K [0x000000009a2c0000, 0x00000000a1613000, 0x0000000100000000)
 Metaspace       used 110315K, capacity 116789K, committed 119084K, reserved 1153024K
  class space    used 13432K, capacity 14619K, committed 15200K, reserved 1048576K
2021-01-19T19:03:25.288+0000: 44459.533: [GC (Allocation Failure) 2021-01-19T19:03:25.288+0000: 44459.533: [ParNew
Desired survivor size 2162688 bytes, new threshold 6 (max 6)
- age   1:     337400 bytes,     337400 total
- age   2:      54376 bytes,     391776 total
- age   3:       2504 bytes,     394280 total
: 33919K->394K(38080K), 0.0142351 secs] 118634K->85109K(156172K), 0.0145831 secs] [Times: user=0.03 sys=0.00, real=0.02 secs] 
Heap after GC invocations=687 (full 6):
 par new generation   total 38080K, used 394K [0x0000000085600000, 0x0000000087f50000, 0x000000009a2c0000)
  eden space 33856K,   0% used [0x0000000085600000, 0x0000000085600000, 0x0000000087710000)
  from space 4224K,   9% used [0x0000000087b30000, 0x0000000087b929e0, 0x0000000087f50000)
  to   space 4224K,   0% used [0x0000000087710000, 0x0000000087710000, 0x0000000087b30000)
 concurrent mark-sweep generation total 118092K, used 84714K [0x000000009a2c0000, 0x00000000a1613000, 0x0000000100000000)
 Metaspace       used 110315K, capacity 116789K, committed 119084K, reserved 1153024K
  class space    used 13432K, capacity 14619K, committed 15200K, reserved 1048576K
}
2021-01-19T19:03:25.303+0000: 44459.548: Total time for which application threads were stopped: 0.0154360 seconds, Stopping threads took: 0.0001597 seconds
{Heap before GC invocations=687 (full 6):
 par new generation   total 38080K, used 34250K [0x0000000085600000, 0x0000000087f50000, 0x000000009a2c0000)
  eden space 33856K, 100% used [0x0000000085600000, 0x0000000087710000, 0x0000000087710000)
  from space 4224K,   9% used [0x0000000087b30000, 0x0000000087b929e0, 0x0000000087f50000)
  to   space 4224K,   0% used [0x0000000087710000, 0x0000000087710000, 0x0000000087b30000)
 concurrent mark-sweep generation total 118092K, used 84714K [0x000000009a2c0000, 0x00000000a1613000, 0x0000000100000000)
 Metaspace       used 110315K, capacity 116789K, committed 119084K, reserved 1153024K
  class space    used 13432K, capacity 14619K, committed 15200K, reserved 1048576K
2021-01-19T19:05:08.344+0000: 44562.588: [GC (Allocation Failure) 2021-01-19T19:05:08.344+0000: 44562.588: [ParNew
Desired survivor size 2162688 bytes, new threshold 6 (max 6)
- age   1:     523008 bytes,     523008 total
- age   2:     263536 bytes,     786544 total
- age   3:      54376 bytes,     840920 total
- age   4:       2504 bytes,     843424 total
: 34250K->930K(38080K), 0.0062731 secs] 118965K->85645K(156172K), 0.0066153 secs] [Times: user=0.02 sys=0.00, real=0.00 secs] 
Heap after GC invocations=688 (full 6):
 par new generation   total 38080K, used 930K [0x0000000085600000, 0x0000000087f50000, 0x000000009a2c0000)
  eden space 33856K,   0% used [0x0000000085600000, 0x0000000085600000, 0x0000000087710000)
  from space 4224K,  22% used [0x0000000087710000, 0x00000000877f8a20, 0x0000000087b30000)
  to   space 4224K,   0% used [0x0000000087b30000, 0x0000000087b30000, 0x0000000087f50000)
 concurrent mark-sweep generation total 118092K, used 84714K [0x000000009a2c0000, 0x00000000a1613000, 0x0000000100000000)
 Metaspace       used 110315K, capacity 116789K, committed 119084K, reserved 1153024K
  class space    used 13432K, capacity 14619K, committed 15200K, reserved 1048576K
}
2021-01-19T19:05:08.350+0000: 44562.595: Total time for which application threads were stopped: 0.0073426 seconds, Stopping threads took: 0.0000767 seconds
{Heap before GC invocations=688 (full 6):
 par new generation   total 38080K, used 34786K [0x0000000085600000, 0x0000000087f50000, 0x000000009a2c0000)
  eden space 33856K, 100% used [0x0000000085600000, 0x0000000087710000, 0x0000000087710000)
  from space 4224K,  22% used [0x0000000087710000, 0x00000000877f8a20, 0x0000000087b30000)
  to   space 4224K,   0% used [0x0000000087b30000, 0x0000000087b30000, 0x0000000087f50000)
 concurrent mark-sweep generation total 118092K, used 84714K [0x000000009a2c0000, 0x00000000a1613000, 0x0000000100000000)
 Metaspace       used 110315K, capacity 116789K, committed 119084K, reserved 1153024K
  class space    used 13432K, capacity 14619K, committed 15200K, reserved 1048576K
2021-01-19T19:06:54.287+0000: 44668.532: [GC (Allocation Failure) 2021-01-19T19:06:54.287+0000: 44668.532: [ParNew
Desired survivor size 2162688 bytes, new threshold 6 (max 6)
- age   1:       8840 bytes,       8840 total
- age   2:     518504 bytes,     527344 total
- age   3:     262400 bytes,     789744 total
- age   4:      54376 bytes,     844120 total
- age   5:       2504 bytes,     846624 total
: 34786K->1072K(38080K), 0.0058692 secs] 119501K->85786K(156172K), 0.0061819 secs] [Times: user=0.02 sys=0.00, real=0.01 secs] 
Heap after GC invocations=689 (full 6):
 par new generation   total 38080K, used 1072K [0x0000000085600000, 0x0000000087f50000, 0x000000009a2c0000)
  eden space 33856K,   0% used [0x0000000085600000, 0x0000000085600000, 0x0000000087710000)
  from space 4224K,  25% used [0x0000000087b30000, 0x0000000087c3c1a0, 0x0000000087f50000)
  to   space 4224K,   0% used [0x0000000087710000, 0x0000000087710000, 0x0000000087b30000)
 concurrent mark-sweep generation total 118092K, used 84714K [0x000000009a2c0000, 0x00000000a1613000, 0x0000000100000000)
 Metaspace       used 110315K, capacity 116789K, committed 119084K, reserved 1153024K
  class space    used 13432K, capacity 14619K, committed 15200K, reserved 1048576K
}
2021-01-19T19:06:54.293+0000: 44668.538: Total time for which application threads were stopped: 0.0069624 seconds, Stopping threads took: 0.0000713 seconds
{Heap before GC invocations=689 (full 6):
 par new generation   total 38080K, used 34928K [0x0000000085600000, 0x0000000087f50000, 0x000000009a2c0000)
  eden space 33856K, 100% used [0x0000000085600000, 0x0000000087710000, 0x0000000087710000)
  from space 4224K,  25% used [0x0000000087b30000, 0x0000000087c3c1a0, 0x0000000087f50000)
  to   space 4224K,   0% used [0x0000000087710000, 0x0000000087710000, 0x0000000087b30000)
 concurrent mark-sweep generation total 118092K, used 84714K [0x000000009a2c0000, 0x00000000a1613000, 0x0000000100000000)
 Metaspace       used 110315K, capacity 116789K, committed 119084K, reserved 1153024K
  class space    used 13432K, capacity 14619K, committed 15200K, reserved 1048576K
2021-01-19T19:08:40.715+0000: 44774.960: [GC (Allocation Failure) 2021-01-19T19:08:40.715+0000: 44774.960: [ParNew
Desired survivor size 2162688 bytes, new threshold 6 (max 6)
- age   1:       4000 bytes,       4000 total
- age   2:       5192 bytes,       9192 total
- age   3:     518784 bytes,     527976 total
- age   4:     262400 bytes,     790376 total
- age   5:      54376 bytes,     844752 total
- age   6:       2504 bytes,     847256 total
: 34928K->1293K(38080K), 0.0038823 secs] 119642K->86008K(156172K), 0.0041654 secs] [Times: user=0.02 sys=0.00, real=0.00 secs] 
Heap after GC invocations=690 (full 6):
 par new generation   total 38080K, used 1293K [0x0000000085600000, 0x0000000087f50000, 0x000000009a2c0000)
  eden space 33856K,   0% used [0x0000000085600000, 0x0000000085600000, 0x0000000087710000)
  from space 4224K,  30% used [0x0000000087710000, 0x00000000878536f8, 0x0000000087b30000)
  to   space 4224K,   0% used [0x0000000087b30000, 0x0000000087b30000, 0x0000000087f50000)
 concurrent mark-sweep generation total 118092K, used 84714K [0x000000009a2c0000, 0x00000000a1613000, 0x0000000100000000)
 Metaspace       used 110315K, capacity 116789K, committed 119084K, reserved 1153024K
  class space    used 13432K, capacity 14619K, committed 15200K, reserved 1048576K
}
2021-01-19T19:08:40.719+0000: 44774.964: Total time for which application threads were stopped: 0.0048371 seconds, Stopping threads took: 0.0000868 seconds
{Heap before GC invocations=690 (full 6):
 par new generation   total 38080K, used 35149K [0x0000000085600000, 0x0000000087f50000, 0x000000009a2c0000)
  eden space 33856K, 100% used [0x0000000085600000, 0x0000000087710000, 0x0000000087710000)
  from space 4224K,  30% used [0x0000000087710000, 0x00000000878536f8, 0x0000000087b30000)
  to   space 4224K,   0% used [0x0000000087b30000, 0x0000000087b30000, 0x0000000087f50000)
 concurrent mark-sweep generation total 118092K, used 84714K [0x000000009a2c0000, 0x00000000a1613000, 0x0000000100000000)
 Metaspace       used 110315K, capacity 116789K, committed 119084K, reserved 1153024K
  class space    used 13432K, capacity 14619K, committed 15200K, reserved 1048576K
2021-01-19T19:10:26.496+0000: 44880.740: [GC (Allocation Failure) 2021-01-19T19:10:26.496+0000: 44880.740: [ParNew
Desired survivor size 2162688 bytes, new threshold 6 (max 6)
- age   1:      71552 bytes,      71552 total
- age   2:        304 bytes,      71856 total
- age   3:       5192 bytes,      77048 total
- age   4:     518472 bytes,     595520 total
- age   5:     262400 bytes,     857920 total
- age   6:      54376 bytes,     912296 total
: 35149K->1207K(38080K), 0.0045362 secs] 119864K->85924K(156172K), 0.0047460 secs] [Times: user=0.01 sys=0.00, real=0.01 secs] 
Heap after GC invocations=691 (full 6):
 par new generation   total 38080K, used 1207K [0x0000000085600000, 0x0000000087f50000, 0x000000009a2c0000)
  eden space 33856K,   0% used [0x0000000085600000, 0x0000000085600000, 0x0000000087710000)
  from space 4224K,  28% used [0x0000000087b30000, 0x0000000087c5df20, 0x0000000087f50000)
  to   space 4224K,   0% used [0x0000000087710000, 0x0000000087710000, 0x0000000087b30000)
 concurrent mark-sweep generation total 118092K, used 84717K [0x000000009a2c0000, 0x00000000a1613000, 0x0000000100000000)
 Metaspace       used 110315K, capacity 116789K, committed 119084K, reserved 1153024K
  class space    used 13432K, capacity 14619K, committed 15200K, reserved 1048576K
}
2021-01-19T19:10:26.500+0000: 44880.745: Total time for which application threads were stopped: 0.0052674 seconds, Stopping threads took: 0.0000747 seconds
{Heap before GC invocations=691 (full 6):
 par new generation   total 38080K, used 35060K [0x0000000085600000, 0x0000000087f50000, 0x000000009a2c0000)
  eden space 33856K,  99% used [0x0000000085600000, 0x000000008770f4b8, 0x0000000087710000)
  from space 4224K,  28% used [0x0000000087b30000, 0x0000000087c5df20, 0x0000000087f50000)
  to   space 4224K,   0% used [0x0000000087710000, 0x0000000087710000, 0x0000000087b30000)
 concurrent mark-sweep generation total 118092K, used 84717K [0x000000009a2c0000, 0x00000000a1613000, 0x0000000100000000)
 Metaspace       used 110315K, capacity 116789K, committed 119084K, reserved 1153024K
  class space    used 13432K, capacity 14619K, committed 15200K, reserved 1048576K
2021-01-19T19:12:12.511+0000: 44986.756: [GC (Allocation Failure) 2021-01-19T19:12:12.512+0000: 44986.756: [ParNew
Desired survivor size 2162688 bytes, new threshold 6 (max 6)
- age   1:       3752 bytes,       3752 total
- age   2:         48 bytes,       3800 total
- age   3:        304 bytes,       4104 total
- age   4:       5192 bytes,       9296 total
- age   5:     518472 bytes,     527768 total
- age   6:     262400 bytes,     790168 total
: 35060K->1521K(38080K), 0.0057946 secs] 119777K->86292K(156172K), 0.0060300 secs] [Times: user=0.02 sys=0.00, real=0.01 secs] 
Heap after GC invocations=692 (full 6):
 par new generation   total 38080K, used 1521K [0x0000000085600000, 0x0000000087f50000, 0x000000009a2c0000)
  eden space 33856K,   0% used [0x0000000085600000, 0x0000000085600000, 0x0000000087710000)
  from space 4224K,  36% used [0x0000000087710000, 0x000000008788c680, 0x0000000087b30000)
  to   space 4224K,   0% used [0x0000000087b30000, 0x0000000087b30000, 0x0000000087f50000)
 concurrent mark-sweep generation total 118092K, used 84770K [0x000000009a2c0000, 0x00000000a1613000, 0x0000000100000000)
 Metaspace       used 110315K, capacity 116789K, committed 119084K, reserved 1153024K
  class space    used 13432K, capacity 14619K, committed 15200K, reserved 1048576K
}
2021-01-19T19:12:12.517+0000: 44986.762: Total time for which application threads were stopped: 0.0065758 seconds, Stopping threads took: 0.0000770 seconds
2021-01-19T19:12:32.522+0000: 45006.767: Total time for which application threads were stopped: 0.0005146 seconds, Stopping threads took: 0.0001268 seconds
{Heap before GC invocations=692 (full 6):
 par new generation   total 38080K, used 35377K [0x0000000085600000, 0x0000000087f50000, 0x000000009a2c0000)
  eden space 33856K, 100% used [0x0000000085600000, 0x0000000087710000, 0x0000000087710000)
  from space 4224K,  36% used [0x0000000087710000, 0x000000008788c680, 0x0000000087b30000)
  to   space 4224K,   0% used [0x0000000087b30000, 0x0000000087b30000, 0x0000000087f50000)
 concurrent mark-sweep generation total 118092K, used 84770K [0x000000009a2c0000, 0x00000000a1613000, 0x0000000100000000)
 Metaspace       used 110315K, capacity 116789K, committed 119084K, reserved 1153024K
  class space    used 13432K, capacity 14619K, committed 15200K, reserved 1048576K
2021-01-19T19:13:58.697+0000: 45092.942: [GC (Allocation Failure) 2021-01-19T19:13:58.697+0000: 45092.942: [ParNew
Desired survivor size 2162688 bytes, new threshold 6 (max 6)
- age   1:       9424 bytes,       9424 total
- age   2:         32 bytes,       9456 total
- age   4:        304 bytes,       9760 total
- age   5:       5192 bytes,      14952 total
- age   6:     518472 bytes,     533424 total
: 35377K->886K(38080K), 0.0141916 secs] 120148K->85917K(156172K), 0.0145160 secs] [Times: user=0.04 sys=0.01, real=0.01 secs] 
Heap after GC invocations=693 (full 6):
 par new generation   total 38080K, used 886K [0x0000000085600000, 0x0000000087f50000, 0x000000009a2c0000)
  eden space 33856K,   0% used [0x0000000085600000, 0x0000000085600000, 0x0000000087710000)
  from space 4224K,  20% used [0x0000000087b30000, 0x0000000087c0db40, 0x0000000087f50000)
  to   space 4224K,   0% used [0x0000000087710000, 0x0000000087710000, 0x0000000087b30000)
 concurrent mark-sweep generation total 118092K, used 85030K [0x000000009a2c0000, 0x00000000a1613000, 0x0000000100000000)
 Metaspace       used 110315K, capacity 116789K, committed 119084K, reserved 1153024K
  class space    used 13432K, capacity 14619K, committed 15200K, reserved 1048576K
}
2021-01-19T19:13:58.712+0000: 45092.957: Total time for which application threads were stopped: 0.0156152 seconds, Stopping threads took: 0.0004413 seconds
{Heap before GC invocations=693 (full 6):
 par new generation   total 38080K, used 34742K [0x0000000085600000, 0x0000000087f50000, 0x000000009a2c0000)
  eden space 33856K, 100% used [0x0000000085600000, 0x0000000087710000, 0x0000000087710000)
  from space 4224K,  20% used [0x0000000087b30000, 0x0000000087c0db40, 0x0000000087f50000)
  to   space 4224K,   0% used [0x0000000087710000, 0x0000000087710000, 0x0000000087b30000)
 concurrent mark-sweep generation total 118092K, used 85030K [0x000000009a2c0000, 0x00000000a1613000, 0x0000000100000000)
 Metaspace       used 110315K, capacity 116789K, committed 119084K, reserved 1153024K
  class space    used 13432K, capacity 14619K, committed 15200K, reserved 1048576K
2021-01-19T19:15:44.794+0000: 45199.039: [GC (Allocation Failure) 2021-01-19T19:15:44.795+0000: 45199.039: [ParNew
Desired survivor size 2162688 bytes, new threshold 6 (max 6)
- age   1:       3728 bytes,       3728 total
- age   2:       5864 bytes,       9592 total
- age   5:        304 bytes,       9896 total
- age   6:       5192 bytes,      15088 total
: 34742K->322K(38080K), 0.0082360 secs] 119773K->85865K(156172K), 0.0084695 secs] [Times: user=0.02 sys=0.00, real=0.01 secs] 
Heap after GC invocations=694 (full 6):
 par new generation   total 38080K, used 322K [0x0000000085600000, 0x0000000087f50000, 0x000000009a2c0000)
  eden space 33856K,   0% used [0x0000000085600000, 0x0000000085600000, 0x0000000087710000)
  from space 4224K,   7% used [0x0000000087710000, 0x0000000087760820, 0x0000000087b30000)
  to   space 4224K,   0% used [0x0000000087b30000, 0x0000000087b30000, 0x0000000087f50000)
 concurrent mark-sweep generation total 118092K, used 85543K [0x000000009a2c0000, 0x00000000a1613000, 0x0000000100000000)
 Metaspace       used 110315K, capacity 116789K, committed 119084K, reserved 1153024K
  class space    used 13432K, capacity 14619K, committed 15200K, reserved 1048576K
}
2021-01-19T19:15:44.803+0000: 45199.048: Total time for which application threads were stopped: 0.0090305 seconds, Stopping threads took: 0.0000775 seconds
{Heap before GC invocations=694 (full 6):
 par new generation   total 38080K, used 34178K [0x0000000085600000, 0x0000000087f50000, 0x000000009a2c0000)
  eden space 33856K, 100% used [0x0000000085600000, 0x0000000087710000, 0x0000000087710000)
  from space 4224K,   7% used [0x0000000087710000, 0x0000000087760820, 0x0000000087b30000)
  to   space 4224K,   0% used [0x0000000087b30000, 0x0000000087b30000, 0x0000000087f50000)
 concurrent mark-sweep generation total 118092K, used 85543K [0x000000009a2c0000, 0x00000000a1613000, 0x0000000100000000)
 Metaspace       used 110315K, capacity 116789K, committed 119084K, reserved 1153024K
  class space    used 13432K, capacity 14619K, committed 15200K, reserved 1048576K
2021-01-19T19:17:30.981+0000: 45305.225: [GC (Allocation Failure) 2021-01-19T19:17:30.981+0000: 45305.225: [ParNew
Desired survivor size 2162688 bytes, new threshold 6 (max 6)
- age   1:      38048 bytes,      38048 total
- age   3:       5864 bytes,      43912 total
- age   6:        304 bytes,      44216 total
: 34178K->73K(38080K), 0.0029180 secs] 119721K->85622K(156172K), 0.0030928 secs] [Times: user=0.00 sys=0.00, real=0.00 secs] 
Heap after GC invocations=695 (full 6):
 par new generation   total 38080K, used 73K [0x0000000085600000, 0x0000000087f50000, 0x000000009a2c0000)
  eden space 33856K,   0% used [0x0000000085600000, 0x0000000085600000, 0x0000000087710000)
  from space 4224K,   1% used [0x0000000087b30000, 0x0000000087b42690, 0x0000000087f50000)
  to   space 4224K,   0% used [0x0000000087710000, 0x0000000087710000, 0x0000000087b30000)
 concurrent mark-sweep generation total 118092K, used 85548K [0x000000009a2c0000, 0x00000000a1613000, 0x0000000100000000)
 Metaspace       used 110315K, capacity 116789K, committed 119084K, reserved 1153024K
  class space    used 13432K, capacity 14619K, committed 15200K, reserved 1048576K
}
2021-01-19T19:17:30.984+0000: 45305.228: Total time for which application threads were stopped: 0.0072198 seconds, Stopping threads took: 0.0037361 seconds
{Heap before GC invocations=695 (full 6):
 par new generation   total 38080K, used 33929K [0x0000000085600000, 0x0000000087f50000, 0x000000009a2c0000)
  eden space 33856K, 100% used [0x0000000085600000, 0x0000000087710000, 0x0000000087710000)
  from space 4224K,   1% used [0x0000000087b30000, 0x0000000087b42690, 0x0000000087f50000)
  to   space 4224K,   0% used [0x0000000087710000, 0x0000000087710000, 0x0000000087b30000)
 concurrent mark-sweep generation total 118092K, used 85548K [0x000000009a2c0000, 0x00000000a1613000, 0x0000000100000000)
 Metaspace       used 110315K, capacity 116789K, committed 119084K, reserved 1153024K
  class space    used 13432K, capacity 14619K, committed 15200K, reserved 1048576K
2021-01-19T19:19:17.193+0000: 45411.437: [GC (Allocation Failure) 2021-01-19T19:19:17.193+0000: 45411.438: [ParNew
Desired survivor size 2162688 bytes, new threshold 6 (max 6)
- age   1:       3448 bytes,       3448 total
- age   4:       5864 bytes,       9312 total
: 33929K->23K(38080K), 0.0035521 secs] 119478K->85572K(156172K), 0.0037953 secs] [Times: user=0.01 sys=0.00, real=0.00 secs] 
Heap after GC invocations=696 (full 6):
 par new generation   total 38080K, used 23K [0x0000000085600000, 0x0000000087f50000, 0x000000009a2c0000)
  eden space 33856K,   0% used [0x0000000085600000, 0x0000000085600000, 0x0000000087710000)
  from space 4224K,   0% used [0x0000000087710000, 0x0000000087715e60, 0x0000000087b30000)
  to   space 4224K,   0% used [0x0000000087b30000, 0x0000000087b30000, 0x0000000087f50000)
 concurrent mark-sweep generation total 118092K, used 85549K [0x000000009a2c0000, 0x00000000a1613000, 0x0000000100000000)
 Metaspace       used 110315K, capacity 116789K, committed 119084K, reserved 1153024K
  class space    used 13432K, capacity 14619K, committed 15200K, reserved 1048576K
}
2021-01-19T19:19:17.197+0000: 45411.441: Total time for which application threads were stopped: 0.0043359 seconds, Stopping threads took: 0.0000988 seconds
2021-01-19T19:19:32.200+0000: 45426.445: Total time for which application threads were stopped: 0.0006216 seconds, Stopping threads took: 0.0000943 seconds
{Heap before GC invocations=696 (full 6):
 par new generation   total 38080K, used 33879K [0x0000000085600000, 0x0000000087f50000, 0x000000009a2c0000)
  eden space 33856K, 100% used [0x0000000085600000, 0x0000000087710000, 0x0000000087710000)
  from space 4224K,   0% used [0x0000000087710000, 0x0000000087715e60, 0x0000000087b30000)
  to   space 4224K,   0% used [0x0000000087b30000, 0x0000000087b30000, 0x0000000087f50000)
 concurrent mark-sweep generation total 118092K, used 85549K [0x000000009a2c0000, 0x00000000a1613000, 0x0000000100000000)
 Metaspace       used 110315K, capacity 116789K, committed 119084K, reserved 1153024K
  class space    used 13432K, capacity 14619K, committed 15200K, reserved 1048576K
2021-01-19T19:21:03.488+0000: 45517.733: [GC (Allocation Failure) 2021-01-19T19:21:03.488+0000: 45517.733: [ParNew
Desired survivor size 2162688 bytes, new threshold 6 (max 6)
- age   1:       3704 bytes,       3704 total
- age   5:       5864 bytes,       9568 total
: 33879K->12K(38080K), 0.0050983 secs] 119428K->85561K(156172K), 0.0052945 secs] [Times: user=0.01 sys=0.00, real=0.01 secs] 
Heap after GC invocations=697 (full 6):
 par new generation   total 38080K, used 12K [0x0000000085600000, 0x0000000087f50000, 0x000000009a2c0000)
  eden space 33856K,   0% used [0x0000000085600000, 0x0000000085600000, 0x0000000087710000)
  from space 4224K,   0% used [0x0000000087b30000, 0x0000000087b330f0, 0x0000000087f50000)
  to   space 4224K,   0% used [0x0000000087710000, 0x0000000087710000, 0x0000000087b30000)
 concurrent mark-sweep generation total 118092K, used 85549K [0x000000009a2c0000, 0x00000000a1613000, 0x0000000100000000)
 Metaspace       used 110315K, capacity 116789K, committed 119084K, reserved 1153024K
  class space    used 13432K, capacity 14619K, committed 15200K, reserved 1048576K
}
2021-01-19T19:21:03.493+0000: 45517.738: Total time for which application threads were stopped: 0.0058286 seconds, Stopping threads took: 0.0000769 seconds
{Heap before GC invocations=697 (full 6):
 par new generation   total 38080K, used 33868K [0x0000000085600000, 0x0000000087f50000, 0x000000009a2c0000)
  eden space 33856K, 100% used [0x0000000085600000, 0x0000000087710000, 0x0000000087710000)
  from space 4224K,   0% used [0x0000000087b30000, 0x0000000087b330f0, 0x0000000087f50000)
  to   space 4224K,   0% used [0x0000000087710000, 0x0000000087710000, 0x0000000087b30000)
 concurrent mark-sweep generation total 118092K, used 85549K [0x000000009a2c0000, 0x00000000a1613000, 0x0000000100000000)
 Metaspace       used 110315K, capacity 116789K, committed 119084K, reserved 1153024K
  class space    used 13432K, capacity 14619K, committed 15200K, reserved 1048576K
2021-01-19T19:22:49.708+0000: 45623.952: [GC (Allocation Failure) 2021-01-19T19:22:49.708+0000: 45623.953: [ParNew
Desired survivor size 2162688 bytes, new threshold 6 (max 6)
- age   1:       3392 bytes,       3392 total
- age   2:        168 bytes,       3560 total
- age   6:       5864 bytes,       9424 total
: 33868K->11K(38080K), 0.0079258 secs] 119417K->85560K(156172K), 0.0083840 secs] [Times: user=0.01 sys=0.01, real=0.01 secs] 
Heap after GC invocations=698 (full 6):
 par new generation   total 38080K, used 11K [0x0000000085600000, 0x0000000087f50000, 0x000000009a2c0000)
  eden space 33856K,   0% used [0x0000000085600000, 0x0000000085600000, 0x0000000087710000)
  from space 4224K,   0% used [0x0000000087710000, 0x0000000087712d50, 0x0000000087b30000)
  to   space 4224K,   0% used [0x0000000087b30000, 0x0000000087b30000, 0x0000000087f50000)
 concurrent mark-sweep generation total 118092K, used 85549K [0x000000009a2c0000, 0x00000000a1613000, 0x0000000100000000)
 Metaspace       used 110315K, capacity 116789K, committed 119084K, reserved 1153024K
  class space    used 13432K, capacity 14619K, committed 15200K, reserved 1048576K
}
2021-01-19T19:22:49.716+0000: 45623.961: Total time for which application threads were stopped: 0.0091901 seconds, Stopping threads took: 0.0001249 seconds
{Heap before GC invocations=698 (full 6):
 par new generation   total 38080K, used 33867K [0x0000000085600000, 0x0000000087f50000, 0x000000009a2c0000)
  eden space 33856K, 100% used [0x0000000085600000, 0x0000000087710000, 0x0000000087710000)
  from space 4224K,   0% used [0x0000000087710000, 0x0000000087712d50, 0x0000000087b30000)
  to   space 4224K,   0% used [0x0000000087b30000, 0x0000000087b30000, 0x0000000087f50000)
 concurrent mark-sweep generation total 118092K, used 85549K [0x000000009a2c0000, 0x00000000a1613000, 0x0000000100000000)
 Metaspace       used 110315K, capacity 116789K, committed 119084K, reserved 1153024K
  class space    used 13432K, capacity 14619K, committed 15200K, reserved 1048576K
2021-01-19T19:24:35.958+0000: 45730.203: [GC (Allocation Failure) 2021-01-19T19:24:35.959+0000: 45730.203: [ParNew
Desired survivor size 2162688 bytes, new threshold 6 (max 6)
- age   1:      37608 bytes,      37608 total
- age   3:        136 bytes,      37744 total
: 33867K->39K(38080K), 0.0053731 secs] 119416K->85594K(156172K), 0.0056417 secs] [Times: user=0.02 sys=0.00, real=0.01 secs] 
Heap after GC invocations=699 (full 6):
 par new generation   total 38080K, used 39K [0x0000000085600000, 0x0000000087f50000, 0x000000009a2c0000)
  eden space 33856K,   0% used [0x0000000085600000, 0x0000000085600000, 0x0000000087710000)
  from space 4224K,   0% used [0x0000000087b30000, 0x0000000087b39e68, 0x0000000087f50000)
  to   space 4224K,   0% used [0x0000000087710000, 0x0000000087710000, 0x0000000087b30000)
 concurrent mark-sweep generation total 118092K, used 85554K [0x000000009a2c0000, 0x00000000a1613000, 0x0000000100000000)
 Metaspace       used 110315K, capacity 116789K, committed 119084K, reserved 1153024K
  class space    used 13432K, capacity 14619K, committed 15200K, reserved 1048576K
}
2021-01-19T19:24:35.964+0000: 45730.209: Total time for which application threads were stopped: 0.0064731 seconds, Stopping threads took: 0.0003099 seconds
{Heap before GC invocations=699 (full 6):
 par new generation   total 38080K, used 33895K [0x0000000085600000, 0x0000000087f50000, 0x000000009a2c0000)
  eden space 33856K, 100% used [0x0000000085600000, 0x0000000087710000, 0x0000000087710000)
  from space 4224K,   0% used [0x0000000087b30000, 0x0000000087b39e68, 0x0000000087f50000)
  to   space 4224K,   0% used [0x0000000087710000, 0x0000000087710000, 0x0000000087b30000)
 concurrent mark-sweep generation total 118092K, used 85554K [0x000000009a2c0000, 0x00000000a1613000, 0x0000000100000000)
 Metaspace       used 110315K, capacity 116789K, committed 119084K, reserved 1153024K
  class space    used 13432K, capacity 14619K, committed 15200K, reserved 1048576K
2021-01-19T19:26:22.185+0000: 45836.430: [GC (Allocation Failure) 2021-01-19T19:26:22.185+0000: 45836.430: [ParNew
Desired survivor size 2162688 bytes, new threshold 6 (max 6)
- age   1:      71432 bytes,      71432 total
- age   2:         24 bytes,      71456 total
- age   4:        136 bytes,      71592 total
: 33895K->71K(38080K), 0.0049827 secs] 119450K->85626K(156172K), 0.0053254 secs] [Times: user=0.01 sys=0.00, real=0.00 secs] 
Heap after GC invocations=700 (full 6):
 par new generation   total 38080K, used 71K [0x0000000085600000, 0x0000000087f50000, 0x000000009a2c0000)
  eden space 33856K,   0% used [0x0000000085600000, 0x0000000085600000, 0x0000000087710000)
  from space 4224K,   1% used [0x0000000087710000, 0x0000000087721de0, 0x0000000087b30000)
  to   space 4224K,   0% used [0x0000000087b30000, 0x0000000087b30000, 0x0000000087f50000)
 concurrent mark-sweep generation total 118092K, used 85554K [0x000000009a2c0000, 0x00000000a1613000, 0x0000000100000000)
 Metaspace       used 110315K, capacity 116789K, committed 119084K, reserved 1153024K
  class space    used 13432K, capacity 14619K, committed 15200K, reserved 1048576K
}
2021-01-19T19:26:22.191+0000: 45836.435: Total time for which application threads were stopped: 0.0060520 seconds, Stopping threads took: 0.0001364 seconds
{Heap before GC invocations=700 (full 6):
 par new generation   total 38080K, used 33927K [0x0000000085600000, 0x0000000087f50000, 0x000000009a2c0000)
  eden space 33856K, 100% used [0x0000000085600000, 0x0000000087710000, 0x0000000087710000)
  from space 4224K,   1% used [0x0000000087710000, 0x0000000087721de0, 0x0000000087b30000)
  to   space 4224K,   0% used [0x0000000087b30000, 0x0000000087b30000, 0x0000000087f50000)
 concurrent mark-sweep generation total 118092K, used 85554K [0x000000009a2c0000, 0x00000000a1613000, 0x0000000100000000)
 Metaspace       used 110315K, capacity 116789K, committed 119084K, reserved 1153024K
  class space    used 13432K, capacity 14619K, committed 15200K, reserved 1048576K
2021-01-19T19:28:08.698+0000: 45942.943: [GC (Allocation Failure) 2021-01-19T19:28:08.698+0000: 45942.943: [ParNew
Desired survivor size 2162688 bytes, new threshold 6 (max 6)
- age   1:       4200 bytes,       4200 total
- age   2:         24 bytes,       4224 total
- age   5:        136 bytes,       4360 total
: 33927K->6K(38080K), 0.0060700 secs] 119482K->85560K(156172K), 0.0063211 secs] [Times: user=0.02 sys=0.00, real=0.01 secs] 
Heap after GC invocations=701 (full 6):
 par new generation   total 38080K, used 6K [0x0000000085600000, 0x0000000087f50000, 0x000000009a2c0000)
  eden space 33856K,   0% used [0x0000000085600000, 0x0000000085600000, 0x0000000087710000)
  from space 4224K,   0% used [0x0000000087b30000, 0x0000000087b31830, 0x0000000087f50000)
  to   space 4224K,   0% used [0x0000000087710000, 0x0000000087710000, 0x0000000087b30000)
 concurrent mark-sweep generation total 118092K, used 85554K [0x000000009a2c0000, 0x00000000a1613000, 0x0000000100000000)
 Metaspace       used 110315K, capacity 116789K, committed 119084K, reserved 1153024K
  class space    used 13432K, capacity 14619K, committed 15200K, reserved 1048576K
}
2021-01-19T19:28:08.705+0000: 45942.949: Total time for which application threads were stopped: 0.0068358 seconds, Stopping threads took: 0.0000743 seconds
2021-01-19T19:28:31.709+0000: 45965.954: Total time for which application threads were stopped: 0.0001629 seconds, Stopping threads took: 0.0000329 seconds
{Heap before GC invocations=701 (full 6):
 par new generation   total 38080K, used 33862K [0x0000000085600000, 0x0000000087f50000, 0x000000009a2c0000)
  eden space 33856K, 100% used [0x0000000085600000, 0x0000000087710000, 0x0000000087710000)
  from space 4224K,   0% used [0x0000000087b30000, 0x0000000087b31830, 0x0000000087f50000)
  to   space 4224K,   0% used [0x0000000087710000, 0x0000000087710000, 0x0000000087b30000)
 concurrent mark-sweep generation total 118092K, used 85554K [0x000000009a2c0000, 0x00000000a1613000, 0x0000000100000000)
 Metaspace       used 110315K, capacity 116789K, committed 119084K, reserved 1153024K
  class space    used 13432K, capacity 14619K, committed 15200K, reserved 1048576K
2021-01-19T19:29:55.032+0000: 46049.277: [GC (Allocation Failure) 2021-01-19T19:29:55.032+0000: 46049.277: [ParNew
Desired survivor size 2162688 bytes, new threshold 6 (max 6)
- age   1:       3344 bytes,       3344 total
- age   2:         32 bytes,       3376 total
- age   6:        136 bytes,       3512 total
: 33862K->8K(38080K), 0.0056554 secs] 119416K->85562K(156172K), 0.0059173 secs] [Times: user=0.02 sys=0.00, real=0.00 secs] 
Heap after GC invocations=702 (full 6):
 par new generation   total 38080K, used 8K [0x0000000085600000, 0x0000000087f50000, 0x000000009a2c0000)
  eden space 33856K,   0% used [0x0000000085600000, 0x0000000085600000, 0x0000000087710000)
  from space 4224K,   0% used [0x0000000087710000, 0x0000000087712040, 0x0000000087b30000)
  to   space 4224K,   0% used [0x0000000087b30000, 0x0000000087b30000, 0x0000000087f50000)
 concurrent mark-sweep generation total 118092K, used 85554K [0x000000009a2c0000, 0x00000000a1613000, 0x0000000100000000)
 Metaspace       used 110315K, capacity 116789K, committed 119084K, reserved 1153024K
  class space    used 13432K, capacity 14619K, committed 15200K, reserved 1048576K
}
2021-01-19T19:29:55.038+0000: 46049.283: Total time for which application threads were stopped: 0.0068003 seconds, Stopping threads took: 0.0003874 seconds
{Heap before GC invocations=702 (full 6):
 par new generation   total 38080K, used 33864K [0x0000000085600000, 0x0000000087f50000, 0x000000009a2c0000)
  eden space 33856K, 100% used [0x0000000085600000, 0x0000000087710000, 0x0000000087710000)
  from space 4224K,   0% used [0x0000000087710000, 0x0000000087712040, 0x0000000087b30000)
  to   space 4224K,   0% used [0x0000000087b30000, 0x0000000087b30000, 0x0000000087f50000)
 concurrent mark-sweep generation total 118092K, used 85554K [0x000000009a2c0000, 0x00000000a1613000, 0x0000000100000000)
 Metaspace       used 110315K, capacity 116789K, committed 119084K, reserved 1153024K
  class space    used 13432K, capacity 14619K, committed 15200K, reserved 1048576K
2021-01-19T19:31:40.965+0000: 46155.210: [GC (Allocation Failure) 2021-01-19T19:31:40.965+0000: 46155.210: [ParNew
Desired survivor size 2162688 bytes, new threshold 6 (max 6)
- age   1:      56696 bytes,      56696 total
: 33864K->59K(38080K), 0.0042217 secs] 119418K->85614K(156172K), 0.0044280 secs] [Times: user=0.01 sys=0.00, real=0.00 secs] 
Heap after GC invocations=703 (full 6):
 par new generation   total 38080K, used 59K [0x0000000085600000, 0x0000000087f50000, 0x000000009a2c0000)
  eden space 33856K,   0% used [0x0000000085600000, 0x0000000085600000, 0x0000000087710000)
  from space 4224K,   1% used [0x0000000087b30000, 0x0000000087b3ed60, 0x0000000087f50000)
  to   space 4224K,   0% used [0x0000000087710000, 0x0000000087710000, 0x0000000087b30000)
 concurrent mark-sweep generation total 118092K, used 85554K [0x000000009a2c0000, 0x00000000a1613000, 0x0000000100000000)
 Metaspace       used 110315K, capacity 116789K, committed 119084K, reserved 1153024K
  class space    used 13432K, capacity 14619K, committed 15200K, reserved 1048576K
}
2021-01-19T19:31:40.970+0000: 46155.214: Total time for which application threads were stopped: 0.0050222 seconds, Stopping threads took: 0.0001536 seconds
2021-01-19T19:32:23.979+0000: 46198.223: Total time for which application threads were stopped: 0.0004688 seconds, Stopping threads took: 0.0000814 seconds
{Heap before GC invocations=703 (full 6):
 par new generation   total 38080K, used 33915K [0x0000000085600000, 0x0000000087f50000, 0x000000009a2c0000)
  eden space 33856K, 100% used [0x0000000085600000, 0x0000000087710000, 0x0000000087710000)
  from space 4224K,   1% used [0x0000000087b30000, 0x0000000087b3ed60, 0x0000000087f50000)
  to   space 4224K,   0% used [0x0000000087710000, 0x0000000087710000, 0x0000000087b30000)
 concurrent mark-sweep generation total 118092K, used 85554K [0x000000009a2c0000, 0x00000000a1613000, 0x0000000100000000)
 Metaspace       used 110315K, capacity 116789K, committed 119084K, reserved 1153024K
  class space    used 13432K, capacity 14619K, committed 15200K, reserved 1048576K
2021-01-19T19:33:24.893+0000: 46259.137: [GC (Allocation Failure) 2021-01-19T19:33:24.893+0000: 46259.138: [ParNew
Desired survivor size 2162688 bytes, new threshold 6 (max 6)
- age   1:     437240 bytes,     437240 total
- age   2:      52920 bytes,     490160 total
: 33915K->489K(38080K), 0.0052950 secs] 119470K->86044K(156172K), 0.0055658 secs] [Times: user=0.01 sys=0.00, real=0.00 secs] 
Heap after GC invocations=704 (full 6):
 par new generation   total 38080K, used 489K [0x0000000085600000, 0x0000000087f50000, 0x000000009a2c0000)
  eden space 33856K,   0% used [0x0000000085600000, 0x0000000085600000, 0x0000000087710000)
  from space 4224K,  11% used [0x0000000087710000, 0x000000008778a620, 0x0000000087b30000)
  to   space 4224K,   0% used [0x0000000087b30000, 0x0000000087b30000, 0x0000000087f50000)
 concurrent mark-sweep generation total 118092K, used 85554K [0x000000009a2c0000, 0x00000000a1613000, 0x0000000100000000)
 Metaspace       used 110315K, capacity 116789K, committed 119084K, reserved 1153024K
  class space    used 13432K, capacity 14619K, committed 15200K, reserved 1048576K
}
2021-01-19T19:33:24.898+0000: 46259.143: Total time for which application threads were stopped: 0.0066380 seconds, Stopping threads took: 0.0005206 seconds
2021-01-19T19:34:31.913+0000: 46326.158: Total time for which application threads were stopped: 0.0004600 seconds, Stopping threads took: 0.0000802 seconds
{Heap before GC invocations=704 (full 6):
 par new generation   total 38080K, used 34345K [0x0000000085600000, 0x0000000087f50000, 0x000000009a2c0000)
  eden space 33856K, 100% used [0x0000000085600000, 0x0000000087710000, 0x0000000087710000)
  from space 4224K,  11% used [0x0000000087710000, 0x000000008778a620, 0x0000000087b30000)
  to   space 4224K,   0% used [0x0000000087b30000, 0x0000000087b30000, 0x0000000087f50000)
 concurrent mark-sweep generation total 118092K, used 85554K [0x000000009a2c0000, 0x00000000a1613000, 0x0000000100000000)
 Metaspace       used 110315K, capacity 116789K, committed 119084K, reserved 1153024K
  class space    used 13432K, capacity 14619K, committed 15200K, reserved 1048576K
2021-01-19T19:35:08.644+0000: 46362.889: [GC (Allocation Failure) 2021-01-19T19:35:08.644+0000: 46362.889: [ParNew
Desired survivor size 2162688 bytes, new threshold 6 (max 6)
- age   1:     419880 bytes,     419880 total
- age   2:     364864 bytes,     784744 total
- age   3:      52920 bytes,     837664 total
: 34345K->932K(38080K), 0.0024420 secs] 119900K->86487K(156172K), 0.0025832 secs] [Times: user=0.01 sys=0.01, real=0.00 secs] 
Heap after GC invocations=705 (full 6):
 par new generation   total 38080K, used 932K [0x0000000085600000, 0x0000000087f50000, 0x000000009a2c0000)
  eden space 33856K,   0% used [0x0000000085600000, 0x0000000085600000, 0x0000000087710000)
  from space 4224K,  22% used [0x0000000087b30000, 0x0000000087c193d8, 0x0000000087f50000)
  to   space 4224K,   0% used [0x0000000087710000, 0x0000000087710000, 0x0000000087b30000)
 concurrent mark-sweep generation total 118092K, used 85554K [0x000000009a2c0000, 0x00000000a1613000, 0x0000000100000000)
 Metaspace       used 110315K, capacity 116789K, committed 119084K, reserved 1153024K
  class space    used 13432K, capacity 14619K, committed 15200K, reserved 1048576K
}
2021-01-19T19:35:08.647+0000: 46362.891: Total time for which application threads were stopped: 0.0028582 seconds, Stopping threads took: 0.0000297 seconds
{Heap before GC invocations=705 (full 6):
 par new generation   total 38080K, used 34788K [0x0000000085600000, 0x0000000087f50000, 0x000000009a2c0000)
  eden space 33856K, 100% used [0x0000000085600000, 0x0000000087710000, 0x0000000087710000)
  from space 4224K,  22% used [0x0000000087b30000, 0x0000000087c193d8, 0x0000000087f50000)
  to   space 4224K,   0% used [0x0000000087710000, 0x0000000087710000, 0x0000000087b30000)
 concurrent mark-sweep generation total 118092K, used 85554K [0x000000009a2c0000, 0x00000000a1613000, 0x0000000100000000)
 Metaspace       used 110316K, capacity 116789K, committed 119084K, reserved 1153024K
  class space    used 13432K, capacity 14619K, committed 15200K, reserved 1048576K
2021-01-19T19:36:53.520+0000: 46467.765: [GC (Allocation Failure) 2021-01-19T19:36:53.520+0000: 46467.765: [ParNew
Desired survivor size 2162688 bytes, new threshold 6 (max 6)
- age   1:       8184 bytes,       8184 total
- age   2:     416192 bytes,     424376 total
- age   3:     363728 bytes,     788104 total
- age   4:      52920 bytes,     841024 total
: 34788K->1000K(38080K), 0.0056542 secs] 120343K->86555K(156172K), 0.0058714 secs] [Times: user=0.02 sys=0.00, real=0.00 secs] 
Heap after GC invocations=706 (full 6):
 par new generation   total 38080K, used 1000K [0x0000000085600000, 0x0000000087f50000, 0x000000009a2c0000)
  eden space 33856K,   0% used [0x0000000085600000, 0x0000000085600000, 0x0000000087710000)
  from space 4224K,  23% used [0x0000000087710000, 0x000000008780a260, 0x0000000087b30000)
  to   space 4224K,   0% used [0x0000000087b30000, 0x0000000087b30000, 0x0000000087f50000)
 concurrent mark-sweep generation total 118092K, used 85554K [0x000000009a2c0000, 0x00000000a1613000, 0x0000000100000000)
 Metaspace       used 110316K, capacity 116789K, committed 119084K, reserved 1153024K
  class space    used 13432K, capacity 14619K, committed 15200K, reserved 1048576K
}
2021-01-19T19:36:53.526+0000: 46467.771: Total time for which application threads were stopped: 0.0063613 seconds, Stopping threads took: 0.0000698 seconds
2021-01-19T19:37:32.533+0000: 46506.778: Total time for which application threads were stopped: 0.0004807 seconds, Stopping threads took: 0.0000785 seconds
{Heap before GC invocations=706 (full 6):
 par new generation   total 38080K, used 34856K [0x0000000085600000, 0x0000000087f50000, 0x000000009a2c0000)
  eden space 33856K, 100% used [0x0000000085600000, 0x0000000087710000, 0x0000000087710000)
  from space 4224K,  23% used [0x0000000087710000, 0x000000008780a260, 0x0000000087b30000)
  to   space 4224K,   0% used [0x0000000087b30000, 0x0000000087b30000, 0x0000000087f50000)
 concurrent mark-sweep generation total 118092K, used 85554K [0x000000009a2c0000, 0x00000000a1613000, 0x0000000100000000)
 Metaspace       used 110316K, capacity 116789K, committed 119084K, reserved 1153024K
  class space    used 13432K, capacity 14619K, committed 15200K, reserved 1048576K
2021-01-19T19:38:39.971+0000: 46574.215: [GC (Allocation Failure) 2021-01-19T19:38:39.971+0000: 46574.216: [ParNew
Desired survivor size 2162688 bytes, new threshold 6 (max 6)
- age   1:       3656 bytes,       3656 total
- age   2:       4568 bytes,       8224 total
- age   3:     416160 bytes,     424384 total
- age   4:     363728 bytes,     788112 total
- age   5:      52920 bytes,     841032 total
: 34856K->1327K(38080K), 0.0060509 secs] 120411K->86882K(156172K), 0.0062649 secs] [Times: user=0.02 sys=0.00, real=0.01 secs] 
Heap after GC invocations=707 (full 6):
 par new generation   total 38080K, used 1327K [0x0000000085600000, 0x0000000087f50000, 0x000000009a2c0000)
  eden space 33856K,   0% used [0x0000000085600000, 0x0000000085600000, 0x0000000087710000)
  from space 4224K,  31% used [0x0000000087b30000, 0x0000000087c7bfb0, 0x0000000087f50000)
  to   space 4224K,   0% used [0x0000000087710000, 0x0000000087710000, 0x0000000087b30000)
 concurrent mark-sweep generation total 118092K, used 85554K [0x000000009a2c0000, 0x00000000a1613000, 0x0000000100000000)
 Metaspace       used 110316K, capacity 116789K, committed 119084K, reserved 1153024K
  class space    used 13432K, capacity 14619K, committed 15200K, reserved 1048576K
}
2021-01-19T19:38:39.977+0000: 46574.222: Total time for which application threads were stopped: 0.0069747 seconds, Stopping threads took: 0.0002507 seconds
{Heap before GC invocations=707 (full 6):
 par new generation   total 38080K, used 35183K [0x0000000085600000, 0x0000000087f50000, 0x000000009a2c0000)
  eden space 33856K, 100% used [0x0000000085600000, 0x0000000087710000, 0x0000000087710000)
  from space 4224K,  31% used [0x0000000087b30000, 0x0000000087c7bfb0, 0x0000000087f50000)
  to   space 4224K,   0% used [0x0000000087710000, 0x0000000087710000, 0x0000000087b30000)
 concurrent mark-sweep generation total 118092K, used 85554K [0x000000009a2c0000, 0x00000000a1613000, 0x0000000100000000)
 Metaspace       used 110316K, capacity 116789K, committed 119084K, reserved 1153024K
  class space    used 13432K, capacity 14619K, committed 15200K, reserved 1048576K
2021-01-19T19:40:25.764+0000: 46680.008: [GC (Allocation Failure) 2021-01-19T19:40:25.764+0000: 46680.009: [ParNew
Desired survivor size 2162688 bytes, new threshold 6 (max 6)
- age   1:      71128 bytes,      71128 total
- age   2:        152 bytes,      71280 total
- age   3:       4568 bytes,      75848 total
- age   4:     416160 bytes,     492008 total
- age   5:     363728 bytes,     855736 total
- age   6:      52920 bytes,     908656 total
: 35183K->1208K(38080K), 0.0066371 secs] 120738K->86763K(156172K), 0.0069442 secs] [Times: user=0.03 sys=0.00, real=0.00 secs] 
Heap after GC invocations=708 (full 6):
 par new generation   total 38080K, used 1208K [0x0000000085600000, 0x0000000087f50000, 0x000000009a2c0000)
  eden space 33856K,   0% used [0x0000000085600000, 0x0000000085600000, 0x0000000087710000)
  from space 4224K,  28% used [0x0000000087710000, 0x000000008783e220, 0x0000000087b30000)
  to   space 4224K,   0% used [0x0000000087b30000, 0x0000000087b30000, 0x0000000087f50000)
 concurrent mark-sweep generation total 118092K, used 85554K [0x000000009a2c0000, 0x00000000a1613000, 0x0000000100000000)
 Metaspace       used 110316K, capacity 116789K, committed 119084K, reserved 1153024K
  class space    used 13432K, capacity 14619K, committed 15200K, reserved 1048576K
}
2021-01-19T19:40:25.771+0000: 46680.015: Total time for which application threads were stopped: 0.0075981 seconds, Stopping threads took: 0.0000760 seconds
{Heap before GC invocations=708 (full 6):
 par new generation   total 38080K, used 35064K [0x0000000085600000, 0x0000000087f50000, 0x000000009a2c0000)
  eden space 33856K, 100% used [0x0000000085600000, 0x0000000087710000, 0x0000000087710000)
  from space 4224K,  28% used [0x0000000087710000, 0x000000008783e220, 0x0000000087b30000)
  to   space 4224K,   0% used [0x0000000087b30000, 0x0000000087b30000, 0x0000000087f50000)
 concurrent mark-sweep generation total 118092K, used 85554K [0x000000009a2c0000, 0x00000000a1613000, 0x0000000100000000)
 Metaspace       used 110316K, capacity 116789K, committed 119084K, reserved 1153024K
  class space    used 13432K, capacity 14619K, committed 15200K, reserved 1048576K
2021-01-19T19:42:11.618+0000: 46785.863: [GC (Allocation Failure) 2021-01-19T19:42:11.618+0000: 46785.863: [ParNew
Desired survivor size 2162688 bytes, new threshold 6 (max 6)
- age   1:       4080 bytes,       4080 total
- age   2:         48 bytes,       4128 total
- age   3:        152 bytes,       4280 total
- age   4:       4568 bytes,       8848 total
- age   5:     416160 bytes,     425008 total
- age   6:     363728 bytes,     788736 total
: 35064K->1083K(38080K), 0.0042499 secs] 120619K->86691K(156172K), 0.0044887 secs] [Times: user=0.01 sys=0.00, real=0.01 secs] 
Heap after GC invocations=709 (full 6):
 par new generation   total 38080K, used 1083K [0x0000000085600000, 0x0000000087f50000, 0x000000009a2c0000)
  eden space 33856K,   0% used [0x0000000085600000, 0x0000000085600000, 0x0000000087710000)
  from space 4224K,  25% used [0x0000000087b30000, 0x0000000087c3eed8, 0x0000000087f50000)
  to   space 4224K,   0% used [0x0000000087710000, 0x0000000087710000, 0x0000000087b30000)
 concurrent mark-sweep generation total 118092K, used 85607K [0x000000009a2c0000, 0x00000000a1613000, 0x0000000100000000)
 Metaspace       used 110316K, capacity 116789K, committed 119084K, reserved 1153024K
  class space    used 13432K, capacity 14619K, committed 15200K, reserved 1048576K
}
2021-01-19T19:42:11.622+0000: 46785.867: Total time for which application threads were stopped: 0.0050318 seconds, Stopping threads took: 0.0000767 seconds
{Heap before GC invocations=709 (full 6):
 par new generation   total 38080K, used 34939K [0x0000000085600000, 0x0000000087f50000, 0x000000009a2c0000)
  eden space 33856K, 100% used [0x0000000085600000, 0x0000000087710000, 0x0000000087710000)
  from space 4224K,  25% used [0x0000000087b30000, 0x0000000087c3eed8, 0x0000000087f50000)
  to   space 4224K,   0% used [0x0000000087710000, 0x0000000087710000, 0x0000000087b30000)
 concurrent mark-sweep generation total 118092K, used 85607K [0x000000009a2c0000, 0x00000000a1613000, 0x0000000100000000)
 Metaspace       used 110316K, capacity 116789K, committed 119084K, reserved 1153024K
  class space    used 13432K, capacity 14619K, committed 15200K, reserved 1048576K
2021-01-19T19:43:57.473+0000: 46891.717: [GC (Allocation Failure) 2021-01-19T19:43:57.473+0000: 46891.718: [ParNew
Desired survivor size 2162688 bytes, new threshold 6 (max 6)
- age   1:       3664 bytes,       3664 total
- age   2:         32 bytes,       3696 total
- age   4:        152 bytes,       3848 total
- age   5:       4568 bytes,       8416 total
- age   6:     416160 bytes,     424576 total
: 34939K->1191K(38080K), 0.0053976 secs] 120547K->87159K(156172K), 0.0056964 secs] [Times: user=0.02 sys=0.00, real=0.00 secs] 
Heap after GC invocations=710 (full 6):
 par new generation   total 38080K, used 1191K [0x0000000085600000, 0x0000000087f50000, 0x000000009a2c0000)
  eden space 33856K,   0% used [0x0000000085600000, 0x0000000085600000, 0x0000000087710000)
  from space 4224K,  28% used [0x0000000087710000, 0x0000000087839ea0, 0x0000000087b30000)
  to   space 4224K,   0% used [0x0000000087b30000, 0x0000000087b30000, 0x0000000087f50000)
 concurrent mark-sweep generation total 118092K, used 85967K [0x000000009a2c0000, 0x00000000a1613000, 0x0000000100000000)
 Metaspace       used 110316K, capacity 116789K, committed 119084K, reserved 1153024K
  class space    used 13432K, capacity 14619K, committed 15200K, reserved 1048576K
}
2021-01-19T19:43:57.478+0000: 46891.723: Total time for which application threads were stopped: 0.0062893 seconds, Stopping threads took: 0.0000879 seconds
2021-01-19T19:44:19.484+0000: 46913.728: Total time for which application threads were stopped: 0.0005360 seconds, Stopping threads took: 0.0000985 seconds
2021-01-19T19:44:21.485+0000: 46915.729: Total time for which application threads were stopped: 0.0005241 seconds, Stopping threads took: 0.0000968 seconds
2021-01-19T19:44:23.486+0000: 46917.730: Total time for which application threads were stopped: 0.0005224 seconds, Stopping threads took: 0.0000972 seconds
{Heap before GC invocations=710 (full 6):
 par new generation   total 38080K, used 35047K [0x0000000085600000, 0x0000000087f50000, 0x000000009a2c0000)
  eden space 33856K, 100% used [0x0000000085600000, 0x0000000087710000, 0x0000000087710000)
  from space 4224K,  28% used [0x0000000087710000, 0x0000000087839ea0, 0x0000000087b30000)
  to   space 4224K,   0% used [0x0000000087b30000, 0x0000000087b30000, 0x0000000087f50000)
 concurrent mark-sweep generation total 118092K, used 85967K [0x000000009a2c0000, 0x00000000a1613000, 0x0000000100000000)
 Metaspace       used 110340K, capacity 116857K, committed 119084K, reserved 1153024K
  class space    used 13432K, capacity 14619K, committed 15200K, reserved 1048576K
2021-01-19T19:45:41.182+0000: 46995.427: [GC (Allocation Failure) 2021-01-19T19:45:41.182+0000: 46995.427: [ParNew
Desired survivor size 2162688 bytes, new threshold 6 (max 6)
- age   1:       7936 bytes,       7936 total
- age   5:        152 bytes,       8088 total
- age   6:       4568 bytes,      12656 total
: 35047K->302K(38080K), 0.0046182 secs] 121015K->86681K(156172K), 0.0047704 secs] [Times: user=0.01 sys=0.01, real=0.00 secs] 
Heap after GC invocations=711 (full 6):
 par new generation   total 38080K, used 302K [0x0000000085600000, 0x0000000087f50000, 0x000000009a2c0000)
  eden space 33856K,   0% used [0x0000000085600000, 0x0000000085600000, 0x0000000087710000)
  from space 4224K,   7% used [0x0000000087b30000, 0x0000000087b7b900, 0x0000000087f50000)
  to   space 4224K,   0% used [0x0000000087710000, 0x0000000087710000, 0x0000000087b30000)
 concurrent mark-sweep generation total 118092K, used 86379K [0x000000009a2c0000, 0x00000000a1613000, 0x0000000100000000)
 Metaspace       used 110340K, capacity 116857K, committed 119084K, reserved 1153024K
  class space    used 13432K, capacity 14619K, committed 15200K, reserved 1048576K
}
2021-01-19T19:45:41.187+0000: 46995.432: Total time for which application threads were stopped: 0.0050756 seconds, Stopping threads took: 0.0000348 seconds
{Heap before GC invocations=711 (full 6):
 par new generation   total 38080K, used 34158K [0x0000000085600000, 0x0000000087f50000, 0x000000009a2c0000)
  eden space 33856K, 100% used [0x0000000085600000, 0x0000000087710000, 0x0000000087710000)
  from space 4224K,   7% used [0x0000000087b30000, 0x0000000087b7b900, 0x0000000087f50000)
  to   space 4224K,   0% used [0x0000000087710000, 0x0000000087710000, 0x0000000087b30000)
 concurrent mark-sweep generation total 118092K, used 86379K [0x000000009a2c0000, 0x00000000a1613000, 0x0000000100000000)
 Metaspace       used 110340K, capacity 116857K, committed 119084K, reserved 1153024K
  class space    used 13432K, capacity 14619K, committed 15200K, reserved 1048576K
2021-01-19T21:20:58.578+0000: 47104.028: [GC (Allocation Failure) 2021-01-19T21:20:58.579+0000: 47104.028: [ParNew
Desired survivor size 2162688 bytes, new threshold 6 (max 6)
- age   1:      37168 bytes,      37168 total
- age   2:       4240 bytes,      41408 total
- age   6:        152 bytes,      41560 total
: 34158K->90K(38080K), 0.0042506 secs] 120537K->86474K(156172K), 0.0044081 secs] [Times: user=0.01 sys=0.00, real=0.00 secs] 
Heap after GC invocations=712 (full 6):
 par new generation   total 38080K, used 90K [0x0000000085600000, 0x0000000087f50000, 0x000000009a2c0000)
  eden space 33856K,   0% used [0x0000000085600000, 0x0000000085600000, 0x0000000087710000)
  from space 4224K,   2% used [0x0000000087710000, 0x00000000877269b0, 0x0000000087b30000)
  to   space 4224K,   0% used [0x0000000087b30000, 0x0000000087b30000, 0x0000000087f50000)
 concurrent mark-sweep generation total 118092K, used 86383K [0x000000009a2c0000, 0x00000000a1613000, 0x0000000100000000)
 Metaspace       used 110340K, capacity 116857K, committed 119084K, reserved 1153024K
  class space    used 13432K, capacity 14619K, committed 15200K, reserved 1048576K
}
2021-01-19T21:20:58.583+0000: 47104.032: Total time for which application threads were stopped: 0.0047019 seconds, Stopping threads took: 0.0000349 seconds
{Heap before GC invocations=712 (full 6):
 par new generation   total 38080K, used 33946K [0x0000000085600000, 0x0000000087f50000, 0x000000009a2c0000)
  eden space 33856K, 100% used [0x0000000085600000, 0x0000000087710000, 0x0000000087710000)
  from space 4224K,   2% used [0x0000000087710000, 0x00000000877269b0, 0x0000000087b30000)
  to   space 4224K,   0% used [0x0000000087b30000, 0x0000000087b30000, 0x0000000087f50000)
 concurrent mark-sweep generation total 118092K, used 86383K [0x000000009a2c0000, 0x00000000a1613000, 0x0000000100000000)
 Metaspace       used 110340K, capacity 116857K, committed 119084K, reserved 1153024K
  class space    used 13432K, capacity 14619K, committed 15200K, reserved 1048576K
2021-01-19T21:22:44.980+0000: 47210.429: [GC (Allocation Failure) 2021-01-19T21:22:44.980+0000: 47210.429: [ParNew
Desired survivor size 2162688 bytes, new threshold 6 (max 6)
- age   1:       3296 bytes,       3296 total
- age   2:         48 bytes,       3344 total
- age   3:       4240 bytes,       7584 total
: 33946K->15K(38080K), 0.0055619 secs] 120330K->86399K(156172K), 0.0058778 secs] [Times: user=0.02 sys=0.00, real=0.00 secs] 
Heap after GC invocations=713 (full 6):
 par new generation   total 38080K, used 15K [0x0000000085600000, 0x0000000087f50000, 0x000000009a2c0000)
  eden space 33856K,   0% used [0x0000000085600000, 0x0000000085600000, 0x0000000087710000)
  from space 4224K,   0% used [0x0000000087b30000, 0x0000000087b33f30, 0x0000000087f50000)
  to   space 4224K,   0% used [0x0000000087710000, 0x0000000087710000, 0x0000000087b30000)
 concurrent mark-sweep generation total 118092K, used 86383K [0x000000009a2c0000, 0x00000000a1613000, 0x0000000100000000)
 Metaspace       used 110340K, capacity 116857K, committed 119084K, reserved 1153024K
  class space    used 13432K, capacity 14619K, committed 15200K, reserved 1048576K
}
2021-01-19T21:22:44.986+0000: 47210.435: Total time for which application threads were stopped: 0.0066498 seconds, Stopping threads took: 0.0000780 seconds
{Heap before GC invocations=713 (full 6):
 par new generation   total 38080K, used 33871K [0x0000000085600000, 0x0000000087f50000, 0x000000009a2c0000)
  eden space 33856K, 100% used [0x0000000085600000, 0x0000000087710000, 0x0000000087710000)
  from space 4224K,   0% used [0x0000000087b30000, 0x0000000087b33f30, 0x0000000087f50000)
  to   space 4224K,   0% used [0x0000000087710000, 0x0000000087710000, 0x0000000087b30000)
 concurrent mark-sweep generation total 118092K, used 86383K [0x000000009a2c0000, 0x00000000a1613000, 0x0000000100000000)
 Metaspace       used 110340K, capacity 116857K, committed 119084K, reserved 1153024K
  class space    used 13432K, capacity 14619K, committed 15200K, reserved 1048576K
2021-01-19T21:24:30.620+0000: 47316.069: [GC (Allocation Failure) 2021-01-19T21:24:30.620+0000: 47316.069: [ParNew
Desired survivor size 2162688 bytes, new threshold 6 (max 6)
- age   1:       4552 bytes,       4552 total
- age   4:       4240 bytes,       8792 total
: 33871K->10K(38080K), 0.0031015 secs] 120255K->86394K(156172K), 0.0032609 secs] [Times: user=0.01 sys=0.00, real=0.00 secs] 
Heap after GC invocations=714 (full 6):
 par new generation   total 38080K, used 10K [0x0000000085600000, 0x0000000087f50000, 0x000000009a2c0000)
  eden space 33856K,   0% used [0x0000000085600000, 0x0000000085600000, 0x0000000087710000)
  from space 4224K,   0% used [0x0000000087710000, 0x0000000087712850, 0x0000000087b30000)
  to   space 4224K,   0% used [0x0000000087b30000, 0x0000000087b30000, 0x0000000087f50000)
 concurrent mark-sweep generation total 118092K, used 86383K [0x000000009a2c0000, 0x00000000a1613000, 0x0000000100000000)
 Metaspace       used 110340K, capacity 116857K, committed 119084K, reserved 1153024K
  class space    used 13432K, capacity 14619K, committed 15200K, reserved 1048576K
}
2021-01-19T21:24:30.623+0000: 47316.073: Total time for which application threads were stopped: 0.0036453 seconds, Stopping threads took: 0.0000944 seconds
{Heap before GC invocations=714 (full 6):
 par new generation   total 38080K, used 33866K [0x0000000085600000, 0x0000000087f50000, 0x000000009a2c0000)
  eden space 33856K, 100% used [0x0000000085600000, 0x0000000087710000, 0x0000000087710000)
  from space 4224K,   0% used [0x0000000087710000, 0x0000000087712850, 0x0000000087b30000)
  to   space 4224K,   0% used [0x0000000087b30000, 0x0000000087b30000, 0x0000000087f50000)
 concurrent mark-sweep generation total 118092K, used 86383K [0x000000009a2c0000, 0x00000000a1613000, 0x0000000100000000)
 Metaspace       used 110340K, capacity 116857K, committed 119084K, reserved 1153024K
  class space    used 13432K, capacity 14619K, committed 15200K, reserved 1048576K
2021-01-19T21:26:16.635+0000: 47422.084: [GC (Allocation Failure) 2021-01-19T21:26:16.635+0000: 47422.084: [ParNew
Desired survivor size 2162688 bytes, new threshold 6 (max 6)
- age   1:       3648 bytes,       3648 total
- age   2:         32 bytes,       3680 total
- age   5:       4240 bytes,       7920 total
: 33866K->12K(38080K), 0.0106676 secs] 120250K->86396K(156172K), 0.0109535 secs] [Times: user=0.02 sys=0.00, real=0.01 secs] 
Heap after GC invocations=715 (full 6):
 par new generation   total 38080K, used 12K [0x0000000085600000, 0x0000000087f50000, 0x000000009a2c0000)
  eden space 33856K,   0% used [0x0000000085600000, 0x0000000085600000, 0x0000000087710000)
  from space 4224K,   0% used [0x0000000087b30000, 0x0000000087b332a0, 0x0000000087f50000)
  to   space 4224K,   0% used [0x0000000087710000, 0x0000000087710000, 0x0000000087b30000)
 concurrent mark-sweep generation total 118092K, used 86383K [0x000000009a2c0000, 0x00000000a1613000, 0x0000000100000000)
 Metaspace       used 110340K, capacity 116857K, committed 119084K, reserved 1153024K
  class space    used 13432K, capacity 14619K, committed 15200K, reserved 1048576K
}
2021-01-19T21:26:16.646+0000: 47422.095: Total time for which application threads were stopped: 0.0117415 seconds, Stopping threads took: 0.0001666 seconds
{Heap before GC invocations=715 (full 6):
 par new generation   total 38080K, used 33868K [0x0000000085600000, 0x0000000087f50000, 0x000000009a2c0000)
  eden space 33856K, 100% used [0x0000000085600000, 0x0000000087710000, 0x0000000087710000)
  from space 4224K,   0% used [0x0000000087b30000, 0x0000000087b332a0, 0x0000000087f50000)
  to   space 4224K,   0% used [0x0000000087710000, 0x0000000087710000, 0x0000000087b30000)
 concurrent mark-sweep generation total 118092K, used 86383K [0x000000009a2c0000, 0x00000000a1613000, 0x0000000100000000)
 Metaspace       used 110340K, capacity 116857K, committed 119084K, reserved 1153024K
  class space    used 13432K, capacity 14619K, committed 15200K, reserved 1048576K
2021-01-19T21:28:02.674+0000: 47528.123: [GC (Allocation Failure) 2021-01-19T21:28:02.674+0000: 47528.123: [ParNew
Desired survivor size 2162688 bytes, new threshold 6 (max 6)
- age   1:      37768 bytes,      37768 total
- age   6:       4240 bytes,      42008 total
: 33868K->43K(38080K), 0.0044336 secs] 120252K->86427K(156172K), 0.0047431 secs] [Times: user=0.02 sys=0.00, real=0.01 secs] 
Heap after GC invocations=716 (full 6):
 par new generation   total 38080K, used 43K [0x0000000085600000, 0x0000000087f50000, 0x000000009a2c0000)
  eden space 33856K,   0% used [0x0000000085600000, 0x0000000085600000, 0x0000000087710000)
  from space 4224K,   1% used [0x0000000087710000, 0x000000008771adb8, 0x0000000087b30000)
  to   space 4224K,   0% used [0x0000000087b30000, 0x0000000087b30000, 0x0000000087f50000)
 concurrent mark-sweep generation total 118092K, used 86383K [0x000000009a2c0000, 0x00000000a1613000, 0x0000000100000000)
 Metaspace       used 110340K, capacity 116857K, committed 119084K, reserved 1153024K
  class space    used 13432K, capacity 14619K, committed 15200K, reserved 1048576K
}
2021-01-19T21:28:02.679+0000: 47528.128: Total time for which application threads were stopped: 0.0054911 seconds, Stopping threads took: 0.0001072 seconds
{Heap before GC invocations=716 (full 6):
 par new generation   total 38080K, used 33899K [0x0000000085600000, 0x0000000087f50000, 0x000000009a2c0000)
  eden space 33856K, 100% used [0x0000000085600000, 0x0000000087710000, 0x0000000087710000)
  from space 4224K,   1% used [0x0000000087710000, 0x000000008771adb8, 0x0000000087b30000)
  to   space 4224K,   0% used [0x0000000087b30000, 0x0000000087b30000, 0x0000000087f50000)
 concurrent mark-sweep generation total 118092K, used 86383K [0x000000009a2c0000, 0x00000000a1613000, 0x0000000100000000)
 Metaspace       used 110340K, capacity 116857K, committed 119084K, reserved 1153024K
  class space    used 13432K, capacity 14619K, committed 15200K, reserved 1048576K
2021-01-19T21:29:48.783+0000: 47634.232: [GC (Allocation Failure) 2021-01-19T21:29:48.783+0000: 47634.232: [ParNew
Desired survivor size 2162688 bytes, new threshold 6 (max 6)
- age   1:      71072 bytes,      71072 total
: 33899K->75K(38080K), 0.0068272 secs] 120283K->86463K(156172K), 0.0071088 secs] [Times: user=0.02 sys=0.00, real=0.01 secs] 
Heap after GC invocations=717 (full 6):
 par new generation   total 38080K, used 75K [0x0000000085600000, 0x0000000087f50000, 0x000000009a2c0000)
  eden space 33856K,   0% used [0x0000000085600000, 0x0000000085600000, 0x0000000087710000)
  from space 4224K,   1% used [0x0000000087b30000, 0x0000000087b42e00, 0x0000000087f50000)
  to   space 4224K,   0% used [0x0000000087710000, 0x0000000087710000, 0x0000000087b30000)
 concurrent mark-sweep generation total 118092K, used 86388K [0x000000009a2c0000, 0x00000000a1613000, 0x0000000100000000)
 Metaspace       used 110340K, capacity 116857K, committed 119084K, reserved 1153024K
  class space    used 13432K, capacity 14619K, committed 15200K, reserved 1048576K
}
2021-01-19T21:29:48.790+0000: 47634.239: Total time for which application threads were stopped: 0.0077772 seconds, Stopping threads took: 0.0000828 seconds
{Heap before GC invocations=717 (full 6):
 par new generation   total 38080K, used 33931K [0x0000000085600000, 0x0000000087f50000, 0x000000009a2c0000)
  eden space 33856K, 100% used [0x0000000085600000, 0x0000000087710000, 0x0000000087710000)
  from space 4224K,   1% used [0x0000000087b30000, 0x0000000087b42e00, 0x0000000087f50000)
  to   space 4224K,   0% used [0x0000000087710000, 0x0000000087710000, 0x0000000087b30000)
 concurrent mark-sweep generation total 118092K, used 86388K [0x000000009a2c0000, 0x00000000a1613000, 0x0000000100000000)
 Metaspace       used 110340K, capacity 116857K, committed 119084K, reserved 1153024K
  class space    used 13432K, capacity 14619K, committed 15200K, reserved 1048576K
2021-01-19T21:31:34.955+0000: 47740.404: [GC (Allocation Failure) 2021-01-19T21:31:34.955+0000: 47740.405: [ParNew
Desired survivor size 2162688 bytes, new threshold 6 (max 6)
- age   1:       3440 bytes,       3440 total
: 33931K->6K(38080K), 0.0068351 secs] 120319K->86394K(156172K), 0.0071116 secs] [Times: user=0.01 sys=0.00, real=0.01 secs] 
Heap after GC invocations=718 (full 6):
 par new generation   total 38080K, used 6K [0x0000000085600000, 0x0000000087f50000, 0x000000009a2c0000)
  eden space 33856K,   0% used [0x0000000085600000, 0x0000000085600000, 0x0000000087710000)
  from space 4224K,   0% used [0x0000000087710000, 0x0000000087711830, 0x0000000087b30000)
  to   space 4224K,   0% used [0x0000000087b30000, 0x0000000087b30000, 0x0000000087f50000)
 concurrent mark-sweep generation total 118092K, used 86388K [0x000000009a2c0000, 0x00000000a1613000, 0x0000000100000000)
 Metaspace       used 110340K, capacity 116857K, committed 119084K, reserved 1153024K
  class space    used 13432K, capacity 14619K, committed 15200K, reserved 1048576K
}
2021-01-19T21:31:34.962+0000: 47740.411: Total time for which application threads were stopped: 0.0077187 seconds, Stopping threads took: 0.0000905 seconds
2021-01-19T21:33:00.979+0000: 47826.428: Total time for which application threads were stopped: 0.0004196 seconds, Stopping threads took: 0.0000815 seconds
{Heap before GC invocations=718 (full 6):
 par new generation   total 38080K, used 33862K [0x0000000085600000, 0x0000000087f50000, 0x000000009a2c0000)
  eden space 33856K, 100% used [0x0000000085600000, 0x0000000087710000, 0x0000000087710000)
  from space 4224K,   0% used [0x0000000087710000, 0x0000000087711830, 0x0000000087b30000)
  to   space 4224K,   0% used [0x0000000087b30000, 0x0000000087b30000, 0x0000000087f50000)
 concurrent mark-sweep generation total 118092K, used 86388K [0x000000009a2c0000, 0x00000000a1613000, 0x0000000100000000)
 Metaspace       used 110340K, capacity 116857K, committed 119084K, reserved 1153024K
  class space    used 13432K, capacity 14619K, committed 15200K, reserved 1048576K
2021-01-19T21:33:21.210+0000: 47846.659: [GC (Allocation Failure) 2021-01-19T21:33:21.210+0000: 47846.659: [ParNew
Desired survivor size 2162688 bytes, new threshold 6 (max 6)
- age   1:       6664 bytes,       6664 total
- age   2:         32 bytes,       6696 total
: 33862K->8K(38080K), 0.0078326 secs] 120250K->86396K(156172K), 0.0081412 secs] [Times: user=0.03 sys=0.00, real=0.01 secs] 
Heap after GC invocations=719 (full 6):
 par new generation   total 38080K, used 8K [0x0000000085600000, 0x0000000087f50000, 0x000000009a2c0000)
  eden space 33856K,   0% used [0x0000000085600000, 0x0000000085600000, 0x0000000087710000)
  from space 4224K,   0% used [0x0000000087b30000, 0x0000000087b32040, 0x0000000087f50000)
  to   space 4224K,   0% used [0x0000000087710000, 0x0000000087710000, 0x0000000087b30000)
 concurrent mark-sweep generation total 118092K, used 86388K [0x000000009a2c0000, 0x00000000a1613000, 0x0000000100000000)
 Metaspace       used 110340K, capacity 116857K, committed 119084K, reserved 1153024K
  class space    used 13432K, capacity 14619K, committed 15200K, reserved 1048576K
}
2021-01-19T21:33:21.218+0000: 47846.667: Total time for which application threads were stopped: 0.0088766 seconds, Stopping threads took: 0.0000770 seconds
{Heap before GC invocations=719 (full 6):
 par new generation   total 38080K, used 33864K [0x0000000085600000, 0x0000000087f50000, 0x000000009a2c0000)
  eden space 33856K, 100% used [0x0000000085600000, 0x0000000087710000, 0x0000000087710000)
  from space 4224K,   0% used [0x0000000087b30000, 0x0000000087b32040, 0x0000000087f50000)
  to   space 4224K,   0% used [0x0000000087710000, 0x0000000087710000, 0x0000000087b30000)
 concurrent mark-sweep generation total 118092K, used 86388K [0x000000009a2c0000, 0x00000000a1613000, 0x0000000100000000)
 Metaspace       used 110340K, capacity 116857K, committed 119084K, reserved 1153024K
  class space    used 13432K, capacity 14619K, committed 15200K, reserved 1048576K
2021-01-19T21:35:07.114+0000: 47952.563: [GC (Allocation Failure) 2021-01-19T21:35:07.115+0000: 47952.564: [ParNew
Desired survivor size 2162688 bytes, new threshold 6 (max 6)
- age   1:      57104 bytes,      57104 total
- age   2:       3256 bytes,      60360 total
: 33864K->61K(38080K), 0.0035232 secs] 120252K->86449K(156172K), 0.0036773 secs] [Times: user=0.01 sys=0.00, real=0.01 secs] 
Heap after GC invocations=720 (full 6):
 par new generation   total 38080K, used 61K [0x0000000085600000, 0x0000000087f50000, 0x000000009a2c0000)
  eden space 33856K,   0% used [0x0000000085600000, 0x0000000085600000, 0x0000000087710000)
  from space 4224K,   1% used [0x0000000087710000, 0x000000008771f490, 0x0000000087b30000)
  to   space 4224K,   0% used [0x0000000087b30000, 0x0000000087b30000, 0x0000000087f50000)
 concurrent mark-sweep generation total 118092K, used 86388K [0x000000009a2c0000, 0x00000000a1613000, 0x0000000100000000)
 Metaspace       used 110340K, capacity 116857K, committed 119084K, reserved 1153024K
  class space    used 13432K, capacity 14619K, committed 15200K, reserved 1048576K
}
2021-01-19T21:35:07.118+0000: 47952.567: Total time for which application threads were stopped: 0.0040092 seconds, Stopping threads took: 0.0000563 seconds
{Heap before GC invocations=720 (full 6):
 par new generation   total 38080K, used 33917K [0x0000000085600000, 0x0000000087f50000, 0x000000009a2c0000)
  eden space 33856K, 100% used [0x0000000085600000, 0x0000000087710000, 0x0000000087710000)
  from space 4224K,   1% used [0x0000000087710000, 0x000000008771f490, 0x0000000087b30000)
  to   space 4224K,   0% used [0x0000000087b30000, 0x0000000087b30000, 0x0000000087f50000)
 concurrent mark-sweep generation total 118092K, used 86388K [0x000000009a2c0000, 0x00000000a1613000, 0x0000000100000000)
 Metaspace       used 110340K, capacity 116857K, committed 119084K, reserved 1153024K
  class space    used 13432K, capacity 14619K, committed 15200K, reserved 1048576K
2021-01-19T21:36:50.873+0000: 48056.322: [GC (Allocation Failure) 2021-01-19T21:36:50.874+0000: 48056.323: [ParNew
Desired survivor size 2162688 bytes, new threshold 6 (max 6)
- age   1:     543864 bytes,     543864 total
- age   2:      53472 bytes,     597336 total
- age   3:       3256 bytes,     600592 total
: 33917K->608K(38080K), 0.0055099 secs] 120305K->86996K(156172K), 0.0057267 secs] [Times: user=0.01 sys=0.01, real=0.01 secs] 
Heap after GC invocations=721 (full 6):
 par new generation   total 38080K, used 608K [0x0000000085600000, 0x0000000087f50000, 0x000000009a2c0000)
  eden space 33856K,   0% used [0x0000000085600000, 0x0000000085600000, 0x0000000087710000)
  from space 4224K,  14% used [0x0000000087b30000, 0x0000000087bc8110, 0x0000000087f50000)
  to   space 4224K,   0% used [0x0000000087710000, 0x0000000087710000, 0x0000000087b30000)
 concurrent mark-sweep generation total 118092K, used 86388K [0x000000009a2c0000, 0x00000000a1613000, 0x0000000100000000)
 Metaspace       used 110340K, capacity 116857K, committed 119084K, reserved 1153024K
  class space    used 13432K, capacity 14619K, committed 15200K, reserved 1048576K
}
2021-01-19T21:36:50.879+0000: 48056.328: Total time for which application threads were stopped: 0.0063325 seconds, Stopping threads took: 0.0001394 seconds
{Heap before GC invocations=721 (full 6):
 par new generation   total 38080K, used 34464K [0x0000000085600000, 0x0000000087f50000, 0x000000009a2c0000)
  eden space 33856K, 100% used [0x0000000085600000, 0x0000000087710000, 0x0000000087710000)
  from space 4224K,  14% used [0x0000000087b30000, 0x0000000087bc8110, 0x0000000087f50000)
  to   space 4224K,   0% used [0x0000000087710000, 0x0000000087710000, 0x0000000087b30000)
 concurrent mark-sweep generation total 118092K, used 86388K [0x000000009a2c0000, 0x00000000a1613000, 0x0000000100000000)
 Metaspace       used 110340K, capacity 116857K, committed 119084K, reserved 1153024K
  class space    used 13432K, capacity 14619K, committed 15200K, reserved 1048576K
2021-01-19T21:38:35.853+0000: 48161.303: [GC (Allocation Failure) 2021-01-19T21:38:35.854+0000: 48161.303: [ParNew
Desired survivor size 2162688 bytes, new threshold 6 (max 6)
- age   1:     315456 bytes,     315456 total
- age   2:     469928 bytes,     785384 total
- age   3:      53448 bytes,     838832 total
- age   4:       3256 bytes,     842088 total
: 34464K->911K(38080K), 0.0052965 secs] 120852K->87299K(156172K), 0.0055498 secs] [Times: user=0.01 sys=0.00, real=0.01 secs] 
Heap after GC invocations=722 (full 6):
 par new generation   total 38080K, used 911K [0x0000000085600000, 0x0000000087f50000, 0x000000009a2c0000)
  eden space 33856K,   0% used [0x0000000085600000, 0x0000000085600000, 0x0000000087710000)
  from space 4224K,  21% used [0x0000000087710000, 0x00000000877f3c18, 0x0000000087b30000)
  to   space 4224K,   0% used [0x0000000087b30000, 0x0000000087b30000, 0x0000000087f50000)
 concurrent mark-sweep generation total 118092K, used 86388K [0x000000009a2c0000, 0x00000000a1613000, 0x0000000100000000)
 Metaspace       used 110340K, capacity 116857K, committed 119084K, reserved 1153024K
  class space    used 13432K, capacity 14619K, committed 15200K, reserved 1048576K
}
2021-01-19T21:38:35.859+0000: 48161.308: Total time for which application threads were stopped: 0.0060774 seconds, Stopping threads took: 0.0000765 seconds
{Heap before GC invocations=722 (full 6):
 par new generation   total 38080K, used 34767K [0x0000000085600000, 0x0000000087f50000, 0x000000009a2c0000)
  eden space 33856K, 100% used [0x0000000085600000, 0x0000000087710000, 0x0000000087710000)
  from space 4224K,  21% used [0x0000000087710000, 0x00000000877f3c18, 0x0000000087b30000)
  to   space 4224K,   0% used [0x0000000087b30000, 0x0000000087b30000, 0x0000000087f50000)
 concurrent mark-sweep generation total 118092K, used 86388K [0x000000009a2c0000, 0x00000000a1613000, 0x0000000100000000)
 Metaspace       used 110340K, capacity 116857K, committed 119084K, reserved 1153024K
  class space    used 13432K, capacity 14619K, committed 15200K, reserved 1048576K
2021-01-19T21:40:21.354+0000: 48266.803: [GC (Allocation Failure) 2021-01-19T21:40:21.354+0000: 48266.803: [ParNew
Desired survivor size 2162688 bytes, new threshold 6 (max 6)
- age   1:       4304 bytes,       4304 total
- age   2:     312136 bytes,     316440 total
- age   3:     468768 bytes,     785208 total
- age   4:      53448 bytes,     838656 total
- age   5:       3256 bytes,     841912 total
: 34767K->1120K(38080K), 0.0041558 secs] 121155K->87508K(156172K), 0.0042790 secs] [Times: user=0.00 sys=0.00, real=0.01 secs] 
Heap after GC invocations=723 (full 6):
 par new generation   total 38080K, used 1120K [0x0000000085600000, 0x0000000087f50000, 0x000000009a2c0000)
  eden space 33856K,   0% used [0x0000000085600000, 0x0000000085600000, 0x0000000087710000)
  from space 4224K,  26% used [0x0000000087b30000, 0x0000000087c481f8, 0x0000000087f50000)
  to   space 4224K,   0% used [0x0000000087710000, 0x0000000087710000, 0x0000000087b30000)
 concurrent mark-sweep generation total 118092K, used 86388K [0x000000009a2c0000, 0x00000000a1613000, 0x0000000100000000)
 Metaspace       used 110340K, capacity 116857K, committed 119084K, reserved 1153024K
  class space    used 13432K, capacity 14619K, committed 15200K, reserved 1048576K
}
2021-01-19T21:40:21.358+0000: 48266.807: Total time for which application threads were stopped: 0.0045988 seconds, Stopping threads took: 0.0000519 seconds
{Heap before GC invocations=723 (full 6):
 par new generation   total 38080K, used 34976K [0x0000000085600000, 0x0000000087f50000, 0x000000009a2c0000)
  eden space 33856K, 100% used [0x0000000085600000, 0x0000000087710000, 0x0000000087710000)
  from space 4224K,  26% used [0x0000000087b30000, 0x0000000087c481f8, 0x0000000087f50000)
  to   space 4224K,   0% used [0x0000000087710000, 0x0000000087710000, 0x0000000087b30000)
 concurrent mark-sweep generation total 118092K, used 86388K [0x000000009a2c0000, 0x00000000a1613000, 0x0000000100000000)
 Metaspace       used 110340K, capacity 116857K, committed 119084K, reserved 1153024K
  class space    used 13432K, capacity 14619K, committed 15200K, reserved 1048576K
2021-01-19T21:42:06.820+0000: 48372.269: [GC (Allocation Failure) 2021-01-19T21:42:06.820+0000: 48372.269: [ParNew
Desired survivor size 2162688 bytes, new threshold 6 (max 6)
- age   1:       3616 bytes,       3616 total
- age   2:        592 bytes,       4208 total
- age   3:     312144 bytes,     316352 total
- age   4:     468800 bytes,     785152 total
- age   5:      53448 bytes,     838600 total
- age   6:       3256 bytes,     841856 total
: 34976K->1359K(38080K), 0.0035810 secs] 121364K->87747K(156172K), 0.0037996 secs] [Times: user=0.01 sys=0.00, real=0.00 secs] 
Heap after GC invocations=724 (full 6):
 par new generation   total 38080K, used 1359K [0x0000000085600000, 0x0000000087f50000, 0x000000009a2c0000)
  eden space 33856K,   0% used [0x0000000085600000, 0x0000000085600000, 0x0000000087710000)
  from space 4224K,  32% used [0x0000000087710000, 0x0000000087863d08, 0x0000000087b30000)
  to   space 4224K,   0% used [0x0000000087b30000, 0x0000000087b30000, 0x0000000087f50000)
 concurrent mark-sweep generation total 118092K, used 86388K [0x000000009a2c0000, 0x00000000a1613000, 0x0000000100000000)
 Metaspace       used 110340K, capacity 116857K, committed 119084K, reserved 1153024K
  class space    used 13432K, capacity 14619K, committed 15200K, reserved 1048576K
}
2021-01-19T21:42:06.824+0000: 48372.273: Total time for which application threads were stopped: 0.0042027 seconds, Stopping threads took: 0.0000533 seconds
{Heap before GC invocations=724 (full 6):
 par new generation   total 38080K, used 35215K [0x0000000085600000, 0x0000000087f50000, 0x000000009a2c0000)
  eden space 33856K, 100% used [0x0000000085600000, 0x0000000087710000, 0x0000000087710000)
  from space 4224K,  32% used [0x0000000087710000, 0x0000000087863d08, 0x0000000087b30000)
  to   space 4224K,   0% used [0x0000000087b30000, 0x0000000087b30000, 0x0000000087f50000)
 concurrent mark-sweep generation total 118092K, used 86388K [0x000000009a2c0000, 0x00000000a1613000, 0x0000000100000000)
 Metaspace       used 110340K, capacity 116857K, committed 119084K, reserved 1153024K
  class space    used 13432K, capacity 14619K, committed 15200K, reserved 1048576K
2021-01-19T21:43:52.435+0000: 48477.884: [GC (Allocation Failure) 2021-01-19T21:43:52.435+0000: 48477.884: [ParNew
Desired survivor size 2162688 bytes, new threshold 6 (max 6)
- age   1:      71600 bytes,      71600 total
- age   2:         48 bytes,      71648 total
- age   3:        592 bytes,      72240 total
- age   4:     312488 bytes,     384728 total
- age   5:     468768 bytes,     853496 total
- age   6:      53448 bytes,     906944 total
: 35215K->1216K(38080K), 0.0165993 secs] 121603K->87607K(156172K), 0.0169611 secs] [Times: user=0.03 sys=0.00, real=0.02 secs] 
Heap after GC invocations=725 (full 6):
 par new generation   total 38080K, used 1216K [0x0000000085600000, 0x0000000087f50000, 0x000000009a2c0000)
  eden space 33856K,   0% used [0x0000000085600000, 0x0000000085600000, 0x0000000087710000)
  from space 4224K,  28% used [0x0000000087b30000, 0x0000000087c60080, 0x0000000087f50000)
  to   space 4224K,   0% used [0x0000000087710000, 0x0000000087710000, 0x0000000087b30000)
 concurrent mark-sweep generation total 118092K, used 86391K [0x000000009a2c0000, 0x00000000a1613000, 0x0000000100000000)
 Metaspace       used 110340K, capacity 116857K, committed 119084K, reserved 1153024K
  class space    used 13432K, capacity 14619K, committed 15200K, reserved 1048576K
}
2021-01-19T21:43:52.452+0000: 48477.901: Total time for which application threads were stopped: 0.0178159 seconds, Stopping threads took: 0.0001227 seconds
{Heap before GC invocations=725 (full 6):
 par new generation   total 38080K, used 35072K [0x0000000085600000, 0x0000000087f50000, 0x000000009a2c0000)
  eden space 33856K, 100% used [0x0000000085600000, 0x0000000087710000, 0x0000000087710000)
  from space 4224K,  28% used [0x0000000087b30000, 0x0000000087c60080, 0x0000000087f50000)
  to   space 4224K,   0% used [0x0000000087710000, 0x0000000087710000, 0x0000000087b30000)
 concurrent mark-sweep generation total 118092K, used 86391K [0x000000009a2c0000, 0x00000000a1613000, 0x0000000100000000)
 Metaspace       used 110340K, capacity 116857K, committed 119084K, reserved 1153024K
  class space    used 13432K, capacity 14619K, committed 15200K, reserved 1048576K
2021-01-19T21:45:38.150+0000: 48583.599: [GC (Allocation Failure) 2021-01-19T21:45:38.150+0000: 48583.599: [ParNew
Desired survivor size 2162688 bytes, new threshold 6 (max 6)
- age   1:       3752 bytes,       3752 total
- age   3:         48 bytes,       3800 total
- age   4:        592 bytes,       4392 total
- age   5:     312144 bytes,     316536 total
- age   6:     468768 bytes,     785304 total
: 35072K->1083K(38080K), 0.0065462 secs] 121463K->87527K(156172K), 0.0069056 secs] [Times: user=0.02 sys=0.00, real=0.01 secs] 
Heap after GC invocations=726 (full 6):
 par new generation   total 38080K, used 1083K [0x0000000085600000, 0x0000000087f50000, 0x000000009a2c0000)
  eden space 33856K,   0% used [0x0000000085600000, 0x0000000085600000, 0x0000000087710000)
  from space 4224K,  25% used [0x0000000087710000, 0x000000008781ed70, 0x0000000087b30000)
  to   space 4224K,   0% used [0x0000000087b30000, 0x0000000087b30000, 0x0000000087f50000)
 concurrent mark-sweep generation total 118092K, used 86444K [0x000000009a2c0000, 0x00000000a1613000, 0x0000000100000000)
 Metaspace       used 110340K, capacity 116857K, committed 119084K, reserved 1153024K
  class space    used 13432K, capacity 14619K, committed 15200K, reserved 1048576K
}
2021-01-19T21:45:38.157+0000: 48583.606: Total time for which application threads were stopped: 0.0076283 seconds, Stopping threads took: 0.0000762 seconds
{Heap before GC invocations=726 (full 6):
 par new generation   total 38080K, used 34939K [0x0000000085600000, 0x0000000087f50000, 0x000000009a2c0000)
  eden space 33856K, 100% used [0x0000000085600000, 0x0000000087710000, 0x0000000087710000)
  from space 4224K,  25% used [0x0000000087710000, 0x000000008781ed70, 0x0000000087b30000)
  to   space 4224K,   0% used [0x0000000087b30000, 0x0000000087b30000, 0x0000000087f50000)
 concurrent mark-sweep generation total 118092K, used 86444K [0x000000009a2c0000, 0x00000000a1613000, 0x0000000100000000)
 Metaspace       used 110340K, capacity 116857K, committed 119084K, reserved 1153024K
  class space    used 13432K, capacity 14619K, committed 15200K, reserved 1048576K
2021-01-19T21:47:23.743+0000: 48689.192: [GC (Allocation Failure) 2021-01-19T21:47:23.743+0000: 48689.192: [ParNew
Desired survivor size 2162688 bytes, new threshold 6 (max 6)
- age   1:       3720 bytes,       3720 total
- age   2:         32 bytes,       3752 total
- age   4:         48 bytes,       3800 total
- age   5:        592 bytes,       4392 total
- age   6:     312104 bytes,     316496 total
: 34939K->791K(38080K), 0.0096117 secs] 121383K->87699K(156172K), 0.0098786 secs] [Times: user=0.02 sys=0.01, real=0.01 secs] 
Heap after GC invocations=727 (full 6):
 par new generation   total 38080K, used 791K [0x0000000085600000, 0x0000000087f50000, 0x000000009a2c0000)
  eden space 33856K,   0% used [0x0000000085600000, 0x0000000085600000, 0x0000000087710000)
  from space 4224K,  18% used [0x0000000087b30000, 0x0000000087bf5f60, 0x0000000087f50000)
  to   space 4224K,   0% used [0x0000000087710000, 0x0000000087710000, 0x0000000087b30000)
 concurrent mark-sweep generation total 118092K, used 86908K [0x000000009a2c0000, 0x00000000a1613000, 0x0000000100000000)
 Metaspace       used 110340K, capacity 116857K, committed 119084K, reserved 1153024K
  class space    used 13432K, capacity 14619K, committed 15200K, reserved 1048576K
}
2021-01-19T21:47:23.753+0000: 48689.202: Total time for which application threads were stopped: 0.0104918 seconds, Stopping threads took: 0.0000551 seconds
2021-01-19T21:47:50.758+0000: 48716.207: Total time for which application threads were stopped: 0.0003666 seconds, Stopping threads took: 0.0000689 seconds
{Heap before GC invocations=727 (full 6):
 par new generation   total 38080K, used 34647K [0x0000000085600000, 0x0000000087f50000, 0x000000009a2c0000)
  eden space 33856K, 100% used [0x0000000085600000, 0x0000000087710000, 0x0000000087710000)
  from space 4224K,  18% used [0x0000000087b30000, 0x0000000087bf5f60, 0x0000000087f50000)
  to   space 4224K,   0% used [0x0000000087710000, 0x0000000087710000, 0x0000000087b30000)
 concurrent mark-sweep generation total 118092K, used 86908K [0x000000009a2c0000, 0x00000000a1613000, 0x0000000100000000)
 Metaspace       used 110340K, capacity 116857K, committed 119084K, reserved 1153024K
  class space    used 13432K, capacity 14619K, committed 15200K, reserved 1048576K
2021-01-19T21:49:09.401+0000: 48794.850: [GC (Allocation Failure) 2021-01-19T21:49:09.401+0000: 48794.850: [ParNew
Desired survivor size 2162688 bytes, new threshold 6 (max 6)
- age   1:       4528 bytes,       4528 total
- age   5:         48 bytes,       4576 total
- age   6:        592 bytes,       5168 total
: 34647K->275K(38080K), 0.0097446 secs] 121555K->87492K(156172K), 0.0100392 secs] [Times: user=0.03 sys=0.00, real=0.01 secs] 
Heap after GC invocations=728 (full 6):
 par new generation   total 38080K, used 275K [0x0000000085600000, 0x0000000087f50000, 0x000000009a2c0000)
  eden space 33856K,   0% used [0x0000000085600000, 0x0000000085600000, 0x0000000087710000)
  from space 4224K,   6% used [0x0000000087710000, 0x0000000087754ce0, 0x0000000087b30000)
  to   space 4224K,   0% used [0x0000000087b30000, 0x0000000087b30000, 0x0000000087f50000)
 concurrent mark-sweep generation total 118092K, used 87217K [0x000000009a2c0000, 0x00000000a1613000, 0x0000000100000000)
 Metaspace       used 110340K, capacity 116857K, committed 119084K, reserved 1153024K
  class space    used 13432K, capacity 14619K, committed 15200K, reserved 1048576K
}
2021-01-19T21:49:09.411+0000: 48794.860: Total time for which application threads were stopped: 0.0106952 seconds, Stopping threads took: 0.0001489 seconds
{Heap before GC invocations=728 (full 6):
 par new generation   total 38080K, used 34131K [0x0000000085600000, 0x0000000087f50000, 0x000000009a2c0000)
  eden space 33856K, 100% used [0x0000000085600000, 0x0000000087710000, 0x0000000087710000)
  from space 4224K,   6% used [0x0000000087710000, 0x0000000087754ce0, 0x0000000087b30000)
  to   space 4224K,   0% used [0x0000000087b30000, 0x0000000087b30000, 0x0000000087f50000)
 concurrent mark-sweep generation total 118092K, used 87217K [0x000000009a2c0000, 0x00000000a1613000, 0x0000000100000000)
 Metaspace       used 110340K, capacity 116857K, committed 119084K, reserved 1153024K
  class space    used 13432K, capacity 14619K, committed 15200K, reserved 1048576K
2021-01-19T21:50:55.070+0000: 48900.519: [GC (Allocation Failure) 2021-01-19T21:50:55.070+0000: 48900.520: [ParNew
Desired survivor size 2162688 bytes, new threshold 6 (max 6)
- age   1:      71352 bytes,      71352 total
- age   2:        424 bytes,      71776 total
- age   6:         48 bytes,      71824 total
: 34131K->98K(38080K), 0.0087212 secs] 121348K->87316K(156172K), 0.0089964 secs] [Times: user=0.03 sys=0.00, real=0.01 secs] 
Heap after GC invocations=729 (full 6):
 par new generation   total 38080K, used 98K [0x0000000085600000, 0x0000000087f50000, 0x000000009a2c0000)
  eden space 33856K,   0% used [0x0000000085600000, 0x0000000085600000, 0x0000000087710000)
  from space 4224K,   2% used [0x0000000087b30000, 0x0000000087b48b90, 0x0000000087f50000)
  to   space 4224K,   0% used [0x0000000087710000, 0x0000000087710000, 0x0000000087b30000)
 concurrent mark-sweep generation total 118092K, used 87217K [0x000000009a2c0000, 0x00000000a1613000, 0x0000000100000000)
 Metaspace       used 110340K, capacity 116857K, committed 119084K, reserved 1153024K
  class space    used 13432K, capacity 14619K, committed 15200K, reserved 1048576K
}
2021-01-19T21:50:55.079+0000: 48900.529: Total time for which application threads were stopped: 0.0096120 seconds, Stopping threads took: 0.0000716 seconds
{Heap before GC invocations=729 (full 6):
 par new generation   total 38080K, used 33954K [0x0000000085600000, 0x0000000087f50000, 0x000000009a2c0000)
  eden space 33856K, 100% used [0x0000000085600000, 0x0000000087710000, 0x0000000087710000)
  from space 4224K,   2% used [0x0000000087b30000, 0x0000000087b48b90, 0x0000000087f50000)
  to   space 4224K,   0% used [0x0000000087710000, 0x0000000087710000, 0x0000000087b30000)
 concurrent mark-sweep generation total 118092K, used 87217K [0x000000009a2c0000, 0x00000000a1613000, 0x0000000100000000)
 Metaspace       used 110340K, capacity 116857K, committed 119084K, reserved 1153024K
  class space    used 13432K, capacity 14619K, committed 15200K, reserved 1048576K
2021-01-19T21:52:40.865+0000: 49006.314: [GC (Allocation Failure) 2021-01-19T21:52:40.865+0000: 49006.314: [ParNew
Desired survivor size 2162688 bytes, new threshold 6 (max 6)
- age   1:       3752 bytes,       3752 total
- age   2:         48 bytes,       3800 total
- age   3:        424 bytes,       4224 total
: 33954K->9K(38080K), 0.0060193 secs] 121172K->87226K(156172K), 0.0062130 secs] [Times: user=0.01 sys=0.01, real=0.01 secs] 
Heap after GC invocations=730 (full 6):
 par new generation   total 38080K, used 9K [0x0000000085600000, 0x0000000087f50000, 0x000000009a2c0000)
  eden space 33856K,   0% used [0x0000000085600000, 0x0000000085600000, 0x0000000087710000)
  from space 4224K,   0% used [0x0000000087710000, 0x0000000087712520, 0x0000000087b30000)
  to   space 4224K,   0% used [0x0000000087b30000, 0x0000000087b30000, 0x0000000087f50000)
 concurrent mark-sweep generation total 118092K, used 87217K [0x000000009a2c0000, 0x00000000a1613000, 0x0000000100000000)
 Metaspace       used 110340K, capacity 116857K, committed 119084K, reserved 1153024K
  class space    used 13432K, capacity 14619K, committed 15200K, reserved 1048576K
}
2021-01-19T21:52:40.871+0000: 49006.320: Total time for which application threads were stopped: 0.0066639 seconds, Stopping threads took: 0.0000668 seconds
2021-01-19T21:52:41.872+0000: 49007.321: Total time for which application threads were stopped: 0.0005420 seconds, Stopping threads took: 0.0000749 seconds
{Heap before GC invocations=730 (full 6):
 par new generation   total 38080K, used 33865K [0x0000000085600000, 0x0000000087f50000, 0x000000009a2c0000)
  eden space 33856K, 100% used [0x0000000085600000, 0x0000000087710000, 0x0000000087710000)
  from space 4224K,   0% used [0x0000000087710000, 0x0000000087712520, 0x0000000087b30000)
  to   space 4224K,   0% used [0x0000000087b30000, 0x0000000087b30000, 0x0000000087f50000)
 concurrent mark-sweep generation total 118092K, used 87217K [0x000000009a2c0000, 0x00000000a1613000, 0x0000000100000000)
 Metaspace       used 110340K, capacity 116857K, committed 119084K, reserved 1153024K
  class space    used 13432K, capacity 14619K, committed 15200K, reserved 1048576K
2021-01-19T21:54:26.764+0000: 49112.213: [GC (Allocation Failure) 2021-01-19T21:54:26.764+0000: 49112.213: [ParNew
Desired survivor size 2162688 bytes, new threshold 6 (max 6)
- age   1:       3768 bytes,       3768 total
- age   2:         32 bytes,       3800 total
- age   4:        424 bytes,       4224 total
: 33865K->8K(38080K), 0.0068758 secs] 121082K->87225K(156172K), 0.0070572 secs] [Times: user=0.02 sys=0.01, real=0.01 secs] 
Heap after GC invocations=731 (full 6):
 par new generation   total 38080K, used 8K [0x0000000085600000, 0x0000000087f50000, 0x000000009a2c0000)
  eden space 33856K,   0% used [0x0000000085600000, 0x0000000085600000, 0x0000000087710000)
  from space 4224K,   0% used [0x0000000087b30000, 0x0000000087b32040, 0x0000000087f50000)
  to   space 4224K,   0% used [0x0000000087710000, 0x0000000087710000, 0x0000000087b30000)
 concurrent mark-sweep generation total 118092K, used 87217K [0x000000009a2c0000, 0x00000000a1613000, 0x0000000100000000)
 Metaspace       used 110340K, capacity 116857K, committed 119084K, reserved 1153024K
  class space    used 13432K, capacity 14619K, committed 15200K, reserved 1048576K
}
2021-01-19T21:54:26.771+0000: 49112.221: Total time for which application threads were stopped: 0.0075117 seconds, Stopping threads took: 0.0000463 seconds
{Heap before GC invocations=731 (full 6):
 par new generation   total 38080K, used 33864K [0x0000000085600000, 0x0000000087f50000, 0x000000009a2c0000)
  eden space 33856K, 100% used [0x0000000085600000, 0x0000000087710000, 0x0000000087710000)
  from space 4224K,   0% used [0x0000000087b30000, 0x0000000087b32040, 0x0000000087f50000)
  to   space 4224K,   0% used [0x0000000087710000, 0x0000000087710000, 0x0000000087b30000)
 concurrent mark-sweep generation total 118092K, used 87217K [0x000000009a2c0000, 0x00000000a1613000, 0x0000000100000000)
 Metaspace       used 110340K, capacity 116857K, committed 119084K, reserved 1153024K
  class space    used 13432K, capacity 14619K, committed 15200K, reserved 1048576K
2021-01-19T21:56:12.590+0000: 49218.039: [GC (Allocation Failure) 2021-01-19T21:56:12.590+0000: 49218.039: [ParNew
Desired survivor size 2162688 bytes, new threshold 6 (max 6)
- age   1:       3800 bytes,       3800 total
- age   5:        424 bytes,       4224 total
: 33864K->8K(38080K), 0.0088605 secs] 121081K->87225K(156172K), 0.0092943 secs] [Times: user=0.03 sys=0.00, real=0.01 secs] 
Heap after GC invocations=732 (full 6):
 par new generation   total 38080K, used 8K [0x0000000085600000, 0x0000000087f50000, 0x000000009a2c0000)
  eden space 33856K,   0% used [0x0000000085600000, 0x0000000085600000, 0x0000000087710000)
  from space 4224K,   0% used [0x0000000087710000, 0x0000000087712040, 0x0000000087b30000)
  to   space 4224K,   0% used [0x0000000087b30000, 0x0000000087b30000, 0x0000000087f50000)
 concurrent mark-sweep generation total 118092K, used 87217K [0x000000009a2c0000, 0x00000000a1613000, 0x0000000100000000)
 Metaspace       used 110340K, capacity 116857K, committed 119084K, reserved 1153024K
  class space    used 13432K, capacity 14619K, committed 15200K, reserved 1048576K
}
2021-01-19T21:56:12.599+0000: 49218.048: Total time for which application threads were stopped: 0.0100353 seconds, Stopping threads took: 0.0000903 seconds
{Heap before GC invocations=732 (full 6):
 par new generation   total 38080K, used 33864K [0x0000000085600000, 0x0000000087f50000, 0x000000009a2c0000)
  eden space 33856K, 100% used [0x0000000085600000, 0x0000000087710000, 0x0000000087710000)
  from space 4224K,   0% used [0x0000000087710000, 0x0000000087712040, 0x0000000087b30000)
  to   space 4224K,   0% used [0x0000000087b30000, 0x0000000087b30000, 0x0000000087f50000)
 concurrent mark-sweep generation total 118092K, used 87217K [0x000000009a2c0000, 0x00000000a1613000, 0x0000000100000000)
 Metaspace       used 110340K, capacity 116857K, committed 119084K, reserved 1153024K
  class space    used 13432K, capacity 14619K, committed 15200K, reserved 1048576K
2021-01-19T21:57:58.495+0000: 49323.944: [GC (Allocation Failure) 2021-01-19T21:57:58.495+0000: 49323.944: [ParNew
Desired survivor size 2162688 bytes, new threshold 6 (max 6)
- age   1:      37488 bytes,      37488 total
- age   6:        424 bytes,      37912 total
: 33864K->38K(38080K), 0.0052321 secs] 121081K->87256K(156172K), 0.0054502 secs] [Times: user=0.02 sys=0.00, real=0.01 secs] 
Heap after GC invocations=733 (full 6):
 par new generation   total 38080K, used 38K [0x0000000085600000, 0x0000000087f50000, 0x000000009a2c0000)
  eden space 33856K,   0% used [0x0000000085600000, 0x0000000085600000, 0x0000000087710000)
  from space 4224K,   0% used [0x0000000087b30000, 0x0000000087b39b08, 0x0000000087f50000)
  to   space 4224K,   0% used [0x0000000087710000, 0x0000000087710000, 0x0000000087b30000)
 concurrent mark-sweep generation total 118092K, used 87217K [0x000000009a2c0000, 0x00000000a1613000, 0x0000000100000000)
 Metaspace       used 110340K, capacity 116857K, committed 119084K, reserved 1153024K
  class space    used 13432K, capacity 14619K, committed 15200K, reserved 1048576K
}
2021-01-19T21:57:58.501+0000: 49323.950: Total time for which application threads were stopped: 0.0059793 seconds, Stopping threads took: 0.0000746 seconds
{Heap before GC invocations=733 (full 6):
 par new generation   total 38080K, used 33894K [0x0000000085600000, 0x0000000087f50000, 0x000000009a2c0000)
  eden space 33856K, 100% used [0x0000000085600000, 0x0000000087710000, 0x0000000087710000)
  from space 4224K,   0% used [0x0000000087b30000, 0x0000000087b39b08, 0x0000000087f50000)
  to   space 4224K,   0% used [0x0000000087710000, 0x0000000087710000, 0x0000000087b30000)
 concurrent mark-sweep generation total 118092K, used 87217K [0x000000009a2c0000, 0x00000000a1613000, 0x0000000100000000)
 Metaspace       used 110340K, capacity 116857K, committed 119084K, reserved 1153024K
  class space    used 13432K, capacity 14619K, committed 15200K, reserved 1048576K
2021-01-19T21:59:44.787+0000: 49430.236: [GC (Allocation Failure) 2021-01-19T21:59:44.787+0000: 49430.236: [ParNew
Desired survivor size 2162688 bytes, new threshold 6 (max 6)
- age   1:       3744 bytes,       3744 total
: 33894K->6K(38080K), 0.0050406 secs] 121112K->87224K(156172K), 0.0053114 secs] [Times: user=0.01 sys=0.00, real=0.01 secs] 
Heap after GC invocations=734 (full 6):
 par new generation   total 38080K, used 6K [0x0000000085600000, 0x0000000087f50000, 0x000000009a2c0000)
  eden space 33856K,   0% used [0x0000000085600000, 0x0000000085600000, 0x0000000087710000)
  from space 4224K,   0% used [0x0000000087710000, 0x0000000087711830, 0x0000000087b30000)
  to   space 4224K,   0% used [0x0000000087b30000, 0x0000000087b30000, 0x0000000087f50000)
 concurrent mark-sweep generation total 118092K, used 87218K [0x000000009a2c0000, 0x00000000a1613000, 0x0000000100000000)
 Metaspace       used 110340K, capacity 116857K, committed 119084K, reserved 1153024K
  class space    used 13432K, capacity 14619K, committed 15200K, reserved 1048576K
}
2021-01-19T21:59:44.793+0000: 49430.242: Total time for which application threads were stopped: 0.0059068 seconds, Stopping threads took: 0.0000888 seconds
{Heap before GC invocations=734 (full 6):
 par new generation   total 38080K, used 33862K [0x0000000085600000, 0x0000000087f50000, 0x000000009a2c0000)
  eden space 33856K, 100% used [0x0000000085600000, 0x0000000087710000, 0x0000000087710000)
  from space 4224K,   0% used [0x0000000087710000, 0x0000000087711830, 0x0000000087b30000)
  to   space 4224K,   0% used [0x0000000087b30000, 0x0000000087b30000, 0x0000000087f50000)
 concurrent mark-sweep generation total 118092K, used 87218K [0x000000009a2c0000, 0x00000000a1613000, 0x0000000100000000)
 Metaspace       used 110340K, capacity 116857K, committed 119084K, reserved 1153024K
  class space    used 13432K, capacity 14619K, committed 15200K, reserved 1048576K
2021-01-19T22:01:31.071+0000: 49536.521: [GC (Allocation Failure) 2021-01-19T22:01:31.072+0000: 49536.521: [ParNew
Desired survivor size 2162688 bytes, new threshold 6 (max 6)
- age   1:       3488 bytes,       3488 total
: 33862K->6K(38080K), 0.0048313 secs] 121080K->87224K(156172K), 0.0050299 secs] [Times: user=0.02 sys=0.00, real=0.01 secs] 
Heap after GC invocations=735 (full 6):
 par new generation   total 38080K, used 6K [0x0000000085600000, 0x0000000087f50000, 0x000000009a2c0000)
  eden space 33856K,   0% used [0x0000000085600000, 0x0000000085600000, 0x0000000087710000)
  from space 4224K,   0% used [0x0000000087b30000, 0x0000000087b31830, 0x0000000087f50000)
  to   space 4224K,   0% used [0x0000000087710000, 0x0000000087710000, 0x0000000087b30000)
 concurrent mark-sweep generation total 118092K, used 87218K [0x000000009a2c0000, 0x00000000a1613000, 0x0000000100000000)
 Metaspace       used 110340K, capacity 116857K, committed 119084K, reserved 1153024K
  class space    used 13432K, capacity 14619K, committed 15200K, reserved 1048576K
}
2021-01-19T22:01:31.077+0000: 49536.526: Total time for which application threads were stopped: 0.0055570 seconds, Stopping threads took: 0.0001340 seconds
{Heap before GC invocations=735 (full 6):
 par new generation   total 38080K, used 33862K [0x0000000085600000, 0x0000000087f50000, 0x000000009a2c0000)
  eden space 33856K, 100% used [0x0000000085600000, 0x0000000087710000, 0x0000000087710000)
  from space 4224K,   0% used [0x0000000087b30000, 0x0000000087b31830, 0x0000000087f50000)
  to   space 4224K,   0% used [0x0000000087710000, 0x0000000087710000, 0x0000000087b30000)
 concurrent mark-sweep generation total 118092K, used 87218K [0x000000009a2c0000, 0x00000000a1613000, 0x0000000100000000)
 Metaspace       used 110340K, capacity 116857K, committed 119084K, reserved 1153024K
  class space    used 13432K, capacity 14619K, committed 15200K, reserved 1048576K
2021-01-19T22:03:16.922+0000: 49642.371: [GC (Allocation Failure) 2021-01-19T22:03:16.922+0000: 49642.371: [ParNew
Desired survivor size 2162688 bytes, new threshold 6 (max 6)
- age   1:      56688 bytes,      56688 total
- age   2:         32 bytes,      56720 total
: 33862K->59K(38080K), 0.0061920 secs] 121080K->87277K(156172K), 0.0065690 secs] [Times: user=0.02 sys=0.00, real=0.01 secs] 
Heap after GC invocations=736 (full 6):
 par new generation   total 38080K, used 59K [0x0000000085600000, 0x0000000087f50000, 0x000000009a2c0000)
  eden space 33856K,   0% used [0x0000000085600000, 0x0000000085600000, 0x0000000087710000)
  from space 4224K,   1% used [0x0000000087710000, 0x000000008771ec30, 0x0000000087b30000)
  to   space 4224K,   0% used [0x0000000087b30000, 0x0000000087b30000, 0x0000000087f50000)
 concurrent mark-sweep generation total 118092K, used 87218K [0x000000009a2c0000, 0x00000000a1613000, 0x0000000100000000)
 Metaspace       used 110340K, capacity 116857K, committed 119084K, reserved 1153024K
  class space    used 13432K, capacity 14619K, committed 15200K, reserved 1048576K
}
2021-01-19T22:03:16.929+0000: 49642.378: Total time for which application threads were stopped: 0.0073418 seconds, Stopping threads took: 0.0001124 seconds
{Heap before GC invocations=736 (full 6):
 par new generation   total 38080K, used 33915K [0x0000000085600000, 0x0000000087f50000, 0x000000009a2c0000)
  eden space 33856K, 100% used [0x0000000085600000, 0x0000000087710000, 0x0000000087710000)
  from space 4224K,   1% used [0x0000000087710000, 0x000000008771ec30, 0x0000000087b30000)
  to   space 4224K,   0% used [0x0000000087b30000, 0x0000000087b30000, 0x0000000087f50000)
 concurrent mark-sweep generation total 118092K, used 87218K [0x000000009a2c0000, 0x00000000a1613000, 0x0000000100000000)
 Metaspace       used 110340K, capacity 116857K, committed 119084K, reserved 1153024K
  class space    used 13432K, capacity 14619K, committed 15200K, reserved 1048576K
2021-01-19T22:05:02.475+0000: 49747.924: [GC (Allocation Failure) 2021-01-19T22:05:02.475+0000: 49747.924: [ParNew
Desired survivor size 2162688 bytes, new threshold 6 (max 6)
- age   1:      92568 bytes,      92568 total
- age   2:      51224 bytes,     143792 total
: 33915K->144K(38080K), 0.0036291 secs] 121133K->87362K(156172K), 0.0037681 secs] [Times: user=0.01 sys=0.00, real=0.01 secs] 
Heap after GC invocations=737 (full 6):
 par new generation   total 38080K, used 144K [0x0000000085600000, 0x0000000087f50000, 0x000000009a2c0000)
  eden space 33856K,   0% used [0x0000000085600000, 0x0000000085600000, 0x0000000087710000)
  from space 4224K,   3% used [0x0000000087b30000, 0x0000000087b54348, 0x0000000087f50000)
  to   space 4224K,   0% used [0x0000000087710000, 0x0000000087710000, 0x0000000087b30000)
 concurrent mark-sweep generation total 118092K, used 87218K [0x000000009a2c0000, 0x00000000a1613000, 0x0000000100000000)
 Metaspace       used 110340K, capacity 116857K, committed 119084K, reserved 1153024K
  class space    used 13432K, capacity 14619K, committed 15200K, reserved 1048576K
}
2021-01-19T22:05:02.479+0000: 49747.928: Total time for which application threads were stopped: 0.0040651 seconds, Stopping threads took: 0.0000334 seconds
{Heap before GC invocations=737 (full 6):
 par new generation   total 38080K, used 34000K [0x0000000085600000, 0x0000000087f50000, 0x000000009a2c0000)
  eden space 33856K, 100% used [0x0000000085600000, 0x0000000087710000, 0x0000000087710000)
  from space 4224K,   3% used [0x0000000087b30000, 0x0000000087b54348, 0x0000000087f50000)
  to   space 4224K,   0% used [0x0000000087710000, 0x0000000087710000, 0x0000000087b30000)
 concurrent mark-sweep generation total 118092K, used 87218K [0x000000009a2c0000, 0x00000000a1613000, 0x0000000100000000)
 Metaspace       used 110340K, capacity 116857K, committed 119084K, reserved 1153024K
  class space    used 13432K, capacity 14619K, committed 15200K, reserved 1048576K
2021-01-19T22:06:45.888+0000: 49851.337: [GC (Allocation Failure) 2021-01-19T22:06:45.888+0000: 49851.337: [ParNew
Desired survivor size 2162688 bytes, new threshold 6 (max 6)
- age   1:     572968 bytes,     572968 total
- age   2:      54832 bytes,     627800 total
- age   3:      51224 bytes,     679024 total
: 34000K->674K(38080K), 0.0100290 secs] 121218K->87892K(156172K), 0.0103694 secs] [Times: user=0.03 sys=0.00, real=0.01 secs] 
Heap after GC invocations=738 (full 6):
 par new generation   total 38080K, used 674K [0x0000000085600000, 0x0000000087f50000, 0x000000009a2c0000)
  eden space 33856K,   0% used [0x0000000085600000, 0x0000000085600000, 0x0000000087710000)
  from space 4224K,  15% used [0x0000000087710000, 0x00000000877b8a58, 0x0000000087b30000)
  to   space 4224K,   0% used [0x0000000087b30000, 0x0000000087b30000, 0x0000000087f50000)
 concurrent mark-sweep generation total 118092K, used 87218K [0x000000009a2c0000, 0x00000000a1613000, 0x0000000100000000)
 Metaspace       used 110340K, capacity 116857K, committed 119084K, reserved 1153024K
  class space    used 13432K, capacity 14619K, committed 15200K, reserved 1048576K
}
2021-01-19T22:06:45.898+0000: 49851.347: Total time for which application threads were stopped: 0.0112273 seconds, Stopping threads took: 0.0000971 seconds
{Heap before GC invocations=738 (full 6):
 par new generation   total 38080K, used 34530K [0x0000000085600000, 0x0000000087f50000, 0x000000009a2c0000)
  eden space 33856K, 100% used [0x0000000085600000, 0x0000000087710000, 0x0000000087710000)
  from space 4224K,  15% used [0x0000000087710000, 0x00000000877b8a58, 0x0000000087b30000)
  to   space 4224K,   0% used [0x0000000087b30000, 0x0000000087b30000, 0x0000000087f50000)
 concurrent mark-sweep generation total 118092K, used 87218K [0x000000009a2c0000, 0x00000000a1613000, 0x0000000100000000)
 Metaspace       used 110340K, capacity 116857K, committed 119084K, reserved 1153024K
  class space    used 13432K, capacity 14619K, committed 15200K, reserved 1048576K
2021-01-19T22:08:30.577+0000: 49956.026: [GC (Allocation Failure) 2021-01-19T22:08:30.577+0000: 49956.026: [ParNew
Desired survivor size 2162688 bytes, new threshold 6 (max 6)
- age   1:     167568 bytes,     167568 total
- age   2:     567952 bytes,     735520 total
- age   3:      54784 bytes,     790304 total
- age   4:      51224 bytes,     841528 total
: 34530K->858K(38080K), 0.0030529 secs] 121748K->88076K(156172K), 0.0031748 secs] [Times: user=0.01 sys=0.00, real=0.00 secs] 
Heap after GC invocations=739 (full 6):
 par new generation   total 38080K, used 858K [0x0000000085600000, 0x0000000087f50000, 0x000000009a2c0000)
  eden space 33856K,   0% used [0x0000000085600000, 0x0000000085600000, 0x0000000087710000)
  from space 4224K,  20% used [0x0000000087b30000, 0x0000000087c06a48, 0x0000000087f50000)
  to   space 4224K,   0% used [0x0000000087710000, 0x0000000087710000, 0x0000000087b30000)
 concurrent mark-sweep generation total 118092K, used 87218K [0x000000009a2c0000, 0x00000000a1613000, 0x0000000100000000)
 Metaspace       used 110340K, capacity 116857K, committed 119084K, reserved 1153024K
  class space    used 13432K, capacity 14619K, committed 15200K, reserved 1048576K
}
2021-01-19T22:08:30.580+0000: 49956.029: Total time for which application threads were stopped: 0.0034178 seconds, Stopping threads took: 0.0000270 seconds
{Heap before GC invocations=739 (full 6):
 par new generation   total 38080K, used 34714K [0x0000000085600000, 0x0000000087f50000, 0x000000009a2c0000)
  eden space 33856K, 100% used [0x0000000085600000, 0x0000000087710000, 0x0000000087710000)
  from space 4224K,  20% used [0x0000000087b30000, 0x0000000087c06a48, 0x0000000087f50000)
  to   space 4224K,   0% used [0x0000000087710000, 0x0000000087710000, 0x0000000087b30000)
 concurrent mark-sweep generation total 118092K, used 87218K [0x000000009a2c0000, 0x00000000a1613000, 0x0000000100000000)
 Metaspace       used 110340K, capacity 116857K, committed 119084K, reserved 1153024K
  class space    used 13432K, capacity 14619K, committed 15200K, reserved 1048576K
2021-01-19T22:10:16.011+0000: 50061.460: [GC (Allocation Failure) 2021-01-19T22:10:16.012+0000: 50061.461: [ParNew
Desired survivor size 2162688 bytes, new threshold 6 (max 6)
- age   1:       3672 bytes,       3672 total
- age   2:     162728 bytes,     166400 total
- age   3:     568144 bytes,     734544 total
- age   4:      54784 bytes,     789328 total
- age   5:      51224 bytes,     840552 total
: 34714K->1108K(38080K), 0.0065234 secs] 121932K->88326K(156172K), 0.0068991 secs] [Times: user=0.02 sys=0.00, real=0.01 secs] 
Heap after GC invocations=740 (full 6):
 par new generation   total 38080K, used 1108K [0x0000000085600000, 0x0000000087f50000, 0x000000009a2c0000)
  eden space 33856K,   0% used [0x0000000085600000, 0x0000000085600000, 0x0000000087710000)
  from space 4224K,  26% used [0x0000000087710000, 0x0000000087825050, 0x0000000087b30000)
  to   space 4224K,   0% used [0x0000000087b30000, 0x0000000087b30000, 0x0000000087f50000)
 concurrent mark-sweep generation total 118092K, used 87218K [0x000000009a2c0000, 0x00000000a1613000, 0x0000000100000000)
 Metaspace       used 110340K, capacity 116857K, committed 119084K, reserved 1153024K
  class space    used 13432K, capacity 14619K, committed 15200K, reserved 1048576K
}
2021-01-19T22:10:16.019+0000: 50061.468: Total time for which application threads were stopped: 0.0075981 seconds, Stopping threads took: 0.0000761 seconds
2021-01-19T22:11:51.033+0000: 50156.482: Total time for which application threads were stopped: 0.0004030 seconds, Stopping threads took: 0.0000707 seconds
{Heap before GC invocations=740 (full 6):
 par new generation   total 38080K, used 34964K [0x0000000085600000, 0x0000000087f50000, 0x000000009a2c0000)
  eden space 33856K, 100% used [0x0000000085600000, 0x0000000087710000, 0x0000000087710000)
  from space 4224K,  26% used [0x0000000087710000, 0x0000000087825050, 0x0000000087b30000)
  to   space 4224K,   0% used [0x0000000087b30000, 0x0000000087b30000, 0x0000000087f50000)
 concurrent mark-sweep generation total 118092K, used 87218K [0x000000009a2c0000, 0x00000000a1613000, 0x0000000100000000)
 Metaspace       used 110340K, capacity 116857K, committed 119084K, reserved 1153024K
  class space    used 13432K, capacity 14619K, committed 15200K, reserved 1048576K
2021-01-19T22:12:01.441+0000: 50166.890: [GC (Allocation Failure) 2021-01-19T22:12:01.441+0000: 50166.891: [ParNew
Desired survivor size 2162688 bytes, new threshold 6 (max 6)
- age   1:      37672 bytes,      37672 total
- age   2:        304 bytes,      37976 total
- age   3:     162656 bytes,     200632 total
- age   4:     567952 bytes,     768584 total
- age   5:      54784 bytes,     823368 total
- age   6:      51224 bytes,     874592 total
: 34964K->1354K(38080K), 0.0072740 secs] 122182K->88572K(156172K), 0.0075998 secs] [Times: user=0.02 sys=0.00, real=0.01 secs] 
Heap after GC invocations=741 (full 6):
 par new generation   total 38080K, used 1354K [0x0000000085600000, 0x0000000087f50000, 0x000000009a2c0000)
  eden space 33856K,   0% used [0x0000000085600000, 0x0000000085600000, 0x0000000087710000)
  from space 4224K,  32% used [0x0000000087b30000, 0x0000000087c828b0, 0x0000000087f50000)
  to   space 4224K,   0% used [0x0000000087710000, 0x0000000087710000, 0x0000000087b30000)
 concurrent mark-sweep generation total 118092K, used 87218K [0x000000009a2c0000, 0x00000000a1613000, 0x0000000100000000)
 Metaspace       used 110340K, capacity 116857K, committed 119084K, reserved 1153024K
  class space    used 13432K, capacity 14619K, committed 15200K, reserved 1048576K
}
2021-01-19T22:12:01.449+0000: 50166.898: Total time for which application threads were stopped: 0.0082630 seconds, Stopping threads took: 0.0000749 seconds
{Heap before GC invocations=741 (full 6):
 par new generation   total 38080K, used 35210K [0x0000000085600000, 0x0000000087f50000, 0x000000009a2c0000)
  eden space 33856K, 100% used [0x0000000085600000, 0x0000000087710000, 0x0000000087710000)
  from space 4224K,  32% used [0x0000000087b30000, 0x0000000087c828b0, 0x0000000087f50000)
  to   space 4224K,   0% used [0x0000000087710000, 0x0000000087710000, 0x0000000087b30000)
 concurrent mark-sweep generation total 118092K, used 87218K [0x000000009a2c0000, 0x00000000a1613000, 0x0000000100000000)
 Metaspace       used 110340K, capacity 116857K, committed 119084K, reserved 1153024K
  class space    used 13432K, capacity 14619K, committed 15200K, reserved 1048576K
2021-01-19T22:13:47.583+0000: 50273.032: [GC (Allocation Failure) 2021-01-19T22:13:47.583+0000: 50273.032: [ParNew
Desired survivor size 2162688 bytes, new threshold 6 (max 6)
- age   1:       3896 bytes,       3896 total
- age   3:        304 bytes,       4200 total
- age   4:     162656 bytes,     166856 total
- age   5:     567952 bytes,     734808 total
- age   6:      54784 bytes,     789592 total
: 35210K->1251K(38080K), 0.0047177 secs] 122428K->88519K(156172K), 0.0049766 secs] [Times: user=0.02 sys=0.00, real=0.00 secs] 
Heap after GC invocations=742 (full 6):
 par new generation   total 38080K, used 1251K [0x0000000085600000, 0x0000000087f50000, 0x000000009a2c0000)
  eden space 33856K,   0% used [0x0000000085600000, 0x0000000085600000, 0x0000000087710000)
  from space 4224K,  29% used [0x0000000087710000, 0x0000000087848c60, 0x0000000087b30000)
  to   space 4224K,   0% used [0x0000000087b30000, 0x0000000087b30000, 0x0000000087f50000)
 concurrent mark-sweep generation total 118092K, used 87268K [0x000000009a2c0000, 0x00000000a1613000, 0x0000000100000000)
 Metaspace       used 110340K, capacity 116857K, committed 119084K, reserved 1153024K
  class space    used 13432K, capacity 14619K, committed 15200K, reserved 1048576K
}
2021-01-19T22:13:47.588+0000: 50273.037: Total time for which application threads were stopped: 0.0055379 seconds, Stopping threads took: 0.0000756 seconds
{Heap before GC invocations=742 (full 6):
 par new generation   total 38080K, used 35107K [0x0000000085600000, 0x0000000087f50000, 0x000000009a2c0000)
  eden space 33856K, 100% used [0x0000000085600000, 0x0000000087710000, 0x0000000087710000)
  from space 4224K,  29% used [0x0000000087710000, 0x0000000087848c60, 0x0000000087b30000)
  to   space 4224K,   0% used [0x0000000087b30000, 0x0000000087b30000, 0x0000000087f50000)
 concurrent mark-sweep generation total 118092K, used 87268K [0x000000009a2c0000, 0x00000000a1613000, 0x0000000100000000)
 Metaspace       used 110340K, capacity 116857K, committed 119084K, reserved 1153024K
  class space    used 13432K, capacity 14619K, committed 15200K, reserved 1048576K
2021-01-19T22:15:33.146+0000: 50378.595: [GC (Allocation Failure) 2021-01-19T22:15:33.146+0000: 50378.595: [ParNew
Desired survivor size 2162688 bytes, new threshold 6 (max 6)
- age   1:       3752 bytes,       3752 total
- age   4:        304 bytes,       4056 total
- age   5:     162656 bytes,     166712 total
- age   6:     567952 bytes,     734664 total
: 35107K->1180K(38080K), 0.0089355 secs] 122375K->88503K(156172K), 0.0093013 secs] [Times: user=0.02 sys=0.00, real=0.01 secs] 
Heap after GC invocations=743 (full 6):
 par new generation   total 38080K, used 1180K [0x0000000085600000, 0x0000000087f50000, 0x000000009a2c0000)
  eden space 33856K,   0% used [0x0000000085600000, 0x0000000085600000, 0x0000000087710000)
  from space 4224K,  27% used [0x0000000087b30000, 0x0000000087c57110, 0x0000000087f50000)
  to   space 4224K,   0% used [0x0000000087710000, 0x0000000087710000, 0x0000000087b30000)
 concurrent mark-sweep generation total 118092K, used 87323K [0x000000009a2c0000, 0x00000000a1613000, 0x0000000100000000)
 Metaspace       used 110340K, capacity 116857K, committed 119084K, reserved 1153024K
  class space    used 13432K, capacity 14619K, committed 15200K, reserved 1048576K
}
2021-01-19T22:15:33.155+0000: 50378.604: Total time for which application threads were stopped: 0.0102547 seconds, Stopping threads took: 0.0002071 seconds
{Heap before GC invocations=743 (full 6):
 par new generation   total 38080K, used 35036K [0x0000000085600000, 0x0000000087f50000, 0x000000009a2c0000)
  eden space 33856K, 100% used [0x0000000085600000, 0x0000000087710000, 0x0000000087710000)
  from space 4224K,  27% used [0x0000000087b30000, 0x0000000087c57110, 0x0000000087f50000)
  to   space 4224K,   0% used [0x0000000087710000, 0x0000000087710000, 0x0000000087b30000)
 concurrent mark-sweep generation total 118092K, used 87323K [0x000000009a2c0000, 0x00000000a1613000, 0x0000000100000000)
 Metaspace       used 110340K, capacity 116857K, committed 119084K, reserved 1153024K
  class space    used 13432K, capacity 14619K, committed 15200K, reserved 1048576K
2021-01-19T22:17:18.793+0000: 50484.242: [GC (Allocation Failure) 2021-01-19T22:17:18.793+0000: 50484.242: [ParNew
Desired survivor size 2162688 bytes, new threshold 6 (max 6)
- age   1:       3696 bytes,       3696 total
- age   2:         32 bytes,       3728 total
- age   5:        304 bytes,       4032 total
- age   6:     162696 bytes,     166728 total
: 35036K->734K(38080K), 0.0063663 secs] 122359K->88619K(156172K), 0.0066311 secs] [Times: user=0.02 sys=0.00, real=0.01 secs] 
Heap after GC invocations=744 (full 6):
 par new generation   total 38080K, used 734K [0x0000000085600000, 0x0000000087f50000, 0x000000009a2c0000)
  eden space 33856K,   0% used [0x0000000085600000, 0x0000000085600000, 0x0000000087710000)
  from space 4224K,  17% used [0x0000000087710000, 0x00000000877c7b40, 0x0000000087b30000)
  to   space 4224K,   0% used [0x0000000087b30000, 0x0000000087b30000, 0x0000000087f50000)
 concurrent mark-sweep generation total 118092K, used 87885K [0x000000009a2c0000, 0x00000000a1613000, 0x0000000100000000)
 Metaspace       used 110340K, capacity 116857K, committed 119084K, reserved 1153024K
  class space    used 13432K, capacity 14619K, committed 15200K, reserved 1048576K
}
2021-01-19T22:17:18.799+0000: 50484.248: Total time for which application threads were stopped: 0.0071545 seconds, Stopping threads took: 0.0000779 seconds
2021-01-19T22:17:48.805+0000: 50514.254: Total time for which application threads were stopped: 0.0004825 seconds, Stopping threads took: 0.0000832 seconds
2021-01-19T22:17:49.805+0000: 50515.254: Total time for which application threads were stopped: 0.0004372 seconds, Stopping threads took: 0.0000796 seconds
{Heap before GC invocations=744 (full 6):
 par new generation   total 38080K, used 34590K [0x0000000085600000, 0x0000000087f50000, 0x000000009a2c0000)
  eden space 33856K, 100% used [0x0000000085600000, 0x0000000087710000, 0x0000000087710000)
  from space 4224K,  17% used [0x0000000087710000, 0x00000000877c7b40, 0x0000000087b30000)
  to   space 4224K,   0% used [0x0000000087b30000, 0x0000000087b30000, 0x0000000087f50000)
 concurrent mark-sweep generation total 118092K, used 87885K [0x000000009a2c0000, 0x00000000a1613000, 0x0000000100000000)
 Metaspace       used 110368K, capacity 116861K, committed 119084K, reserved 1153024K
  class space    used 13432K, capacity 14619K, committed 15200K, reserved 1048576K
2021-01-19T22:19:02.527+0000: 50587.976: [GC (Allocation Failure) 2021-01-19T22:19:02.527+0000: 50587.976: [ParNew
Desired survivor size 2162688 bytes, new threshold 6 (max 6)
- age   1:      42440 bytes,      42440 total
- age   6:        304 bytes,      42744 total
: 34590K->224K(38080K), 0.0100894 secs] 122475K->88270K(156172K), 0.0104304 secs] [Times: user=0.03 sys=0.00, real=0.02 secs] 
Heap after GC invocations=745 (full 6):
 par new generation   total 38080K, used 224K [0x0000000085600000, 0x0000000087f50000, 0x000000009a2c0000)
  eden space 33856K,   0% used [0x0000000085600000, 0x0000000085600000, 0x0000000087710000)
  from space 4224K,   5% used [0x0000000087b30000, 0x0000000087b681a0, 0x0000000087f50000)
  to   space 4224K,   0% used [0x0000000087710000, 0x0000000087710000, 0x0000000087b30000)
 concurrent mark-sweep generation total 118092K, used 88046K [0x000000009a2c0000, 0x00000000a1613000, 0x0000000100000000)
 Metaspace       used 110368K, capacity 116861K, committed 119084K, reserved 1153024K
  class space    used 13432K, capacity 14619K, committed 15200K, reserved 1048576K
}
2021-01-19T22:19:02.538+0000: 50587.987: Total time for which application threads were stopped: 0.0118173 seconds, Stopping threads took: 0.0006643 seconds
{Heap before GC invocations=745 (full 6):
 par new generation   total 38080K, used 34080K [0x0000000085600000, 0x0000000087f50000, 0x000000009a2c0000)
  eden space 33856K, 100% used [0x0000000085600000, 0x0000000087710000, 0x0000000087710000)
  from space 4224K,   5% used [0x0000000087b30000, 0x0000000087b681a0, 0x0000000087f50000)
  to   space 4224K,   0% used [0x0000000087710000, 0x0000000087710000, 0x0000000087b30000)
 concurrent mark-sweep generation total 118092K, used 88046K [0x000000009a2c0000, 0x00000000a1613000, 0x0000000100000000)
 Metaspace       used 110368K, capacity 116861K, committed 119084K, reserved 1153024K
  class space    used 13432K, capacity 14619K, committed 15200K, reserved 1048576K
2021-01-19T22:20:49.204+0000: 50694.653: [GC (Allocation Failure) 2021-01-19T22:20:49.204+0000: 50694.653: [ParNew
Desired survivor size 2162688 bytes, new threshold 6 (max 6)
- age   1:      71384 bytes,      71384 total
- age   2:       4256 bytes,      75640 total
: 34080K->111K(38080K), 0.0052171 secs] 122126K->88158K(156172K), 0.0055713 secs] [Times: user=0.02 sys=0.00, real=0.01 secs] 
Heap after GC invocations=746 (full 6):
 par new generation   total 38080K, used 111K [0x0000000085600000, 0x0000000087f50000, 0x000000009a2c0000)
  eden space 33856K,   0% used [0x0000000085600000, 0x0000000085600000, 0x0000000087710000)
  from space 4224K,   2% used [0x0000000087710000, 0x000000008772bfd8, 0x0000000087b30000)
  to   space 4224K,   0% used [0x0000000087b30000, 0x0000000087b30000, 0x0000000087f50000)
 concurrent mark-sweep generation total 118092K, used 88046K [0x000000009a2c0000, 0x00000000a1613000, 0x0000000100000000)
 Metaspace       used 110368K, capacity 116861K, committed 119084K, reserved 1153024K
  class space    used 13432K, capacity 14619K, committed 15200K, reserved 1048576K
}
2021-01-19T22:20:49.209+0000: 50694.658: Total time for which application threads were stopped: 0.0062929 seconds, Stopping threads took: 0.0000751 seconds
{Heap before GC invocations=746 (full 6):
 par new generation   total 38080K, used 33888K [0x0000000085600000, 0x0000000087f50000, 0x000000009a2c0000)
  eden space 33856K,  99% used [0x0000000085600000, 0x00000000876fc0c8, 0x0000000087710000)
  from space 4224K,   2% used [0x0000000087710000, 0x000000008772bfd8, 0x0000000087b30000)
  to   space 4224K,   0% used [0x0000000087b30000, 0x0000000087b30000, 0x0000000087f50000)
 concurrent mark-sweep generation total 118092K, used 88046K [0x000000009a2c0000, 0x00000000a1613000, 0x0000000100000000)
 Metaspace       used 110368K, capacity 116861K, committed 119084K, reserved 1153024K
  class space    used 13432K, capacity 14619K, committed 15200K, reserved 1048576K
2021-01-19T22:22:34.540+0000: 50799.989: [GC (Allocation Failure) 2021-01-19T22:22:34.540+0000: 50799.989: [ParNew
Desired survivor size 2162688 bytes, new threshold 6 (max 6)
- age   1:       3752 bytes,       3752 total
- age   3:       4256 bytes,       8008 total
: 33888K->18K(38080K), 0.0056005 secs] 121934K->88064K(156172K), 0.0059095 secs] [Times: user=0.02 sys=0.00, real=0.00 secs] 
Heap after GC invocations=747 (full 6):
 par new generation   total 38080K, used 18K [0x0000000085600000, 0x0000000087f50000, 0x000000009a2c0000)
  eden space 33856K,   0% used [0x0000000085600000, 0x0000000085600000, 0x0000000087710000)
  from space 4224K,   0% used [0x0000000087b30000, 0x0000000087b349c0, 0x0000000087f50000)
  to   space 4224K,   0% used [0x0000000087710000, 0x0000000087710000, 0x0000000087b30000)
 concurrent mark-sweep generation total 118092K, used 88046K [0x000000009a2c0000, 0x00000000a1613000, 0x0000000100000000)
 Metaspace       used 110368K, capacity 116861K, committed 119084K, reserved 1153024K
  class space    used 13432K, capacity 14619K, committed 15200K, reserved 1048576K
}
2021-01-19T22:22:34.546+0000: 50799.995: Total time for which application threads were stopped: 0.0067214 seconds, Stopping threads took: 0.0001446 seconds
2021-01-19T22:23:51.560+0000: 50877.009: Total time for which application threads were stopped: 0.0004885 seconds, Stopping threads took: 0.0000814 seconds
2021-01-19T22:24:01.562+0000: 50887.012: Total time for which application threads were stopped: 0.0005156 seconds, Stopping threads took: 0.0000732 seconds
{Heap before GC invocations=747 (full 6):
 par new generation   total 38080K, used 33874K [0x0000000085600000, 0x0000000087f50000, 0x000000009a2c0000)
  eden space 33856K, 100% used [0x0000000085600000, 0x0000000087710000, 0x0000000087710000)
  from space 4224K,   0% used [0x0000000087b30000, 0x0000000087b349c0, 0x0000000087f50000)
  to   space 4224K,   0% used [0x0000000087710000, 0x0000000087710000, 0x0000000087b30000)
 concurrent mark-sweep generation total 118092K, used 88046K [0x000000009a2c0000, 0x00000000a1613000, 0x0000000100000000)
 Metaspace       used 110369K, capacity 116861K, committed 119084K, reserved 1153024K
  class space    used 13432K, capacity 14619K, committed 15200K, reserved 1048576K
2021-01-19T22:24:20.283+0000: 50905.732: [GC (Allocation Failure) 2021-01-19T22:24:20.283+0000: 50905.733: [ParNew
Desired survivor size 2162688 bytes, new threshold 6 (max 6)
- age   1:      78744 bytes,      78744 total
- age   2:         32 bytes,      78776 total
- age   4:       4256 bytes,      83032 total
: 33874K->85K(38080K), 0.0090634 secs] 121920K->88131K(156172K), 0.0094193 secs] [Times: user=0.02 sys=0.00, real=0.01 secs] 
Heap after GC invocations=748 (full 6):
 par new generation   total 38080K, used 85K [0x0000000085600000, 0x0000000087f50000, 0x000000009a2c0000)
  eden space 33856K,   0% used [0x0000000085600000, 0x0000000085600000, 0x0000000087710000)
  from space 4224K,   2% used [0x0000000087710000, 0x00000000877255c8, 0x0000000087b30000)
  to   space 4224K,   0% used [0x0000000087b30000, 0x0000000087b30000, 0x0000000087f50000)
 concurrent mark-sweep generation total 118092K, used 88046K [0x000000009a2c0000, 0x00000000a1613000, 0x0000000100000000)
 Metaspace       used 110369K, capacity 116861K, committed 119084K, reserved 1153024K
  class space    used 13432K, capacity 14619K, committed 15200K, reserved 1048576K
}
2021-01-19T22:24:20.293+0000: 50905.742: Total time for which application threads were stopped: 0.0102009 seconds, Stopping threads took: 0.0000761 seconds
2021-01-19T22:24:21.294+0000: 50906.743: Total time for which application threads were stopped: 0.0005022 seconds, Stopping threads took: 0.0000773 seconds
2021-01-19T22:24:26.295+0000: 50911.744: Total time for which application threads were stopped: 0.0004575 seconds, Stopping threads took: 0.0000755 seconds
2021-01-19T22:24:51.299+0000: 50936.748: Total time for which application threads were stopped: 0.0002701 seconds, Stopping threads took: 0.0000497 seconds
2021-01-19T22:25:19.304+0000: 50964.753: Total time for which application threads were stopped: 0.0004440 seconds, Stopping threads took: 0.0000686 seconds
{Heap before GC invocations=748 (full 6):
 par new generation   total 38080K, used 33937K [0x0000000085600000, 0x0000000087f50000, 0x000000009a2c0000)
  eden space 33856K,  99% used [0x0000000085600000, 0x000000008770f080, 0x0000000087710000)
  from space 4224K,   2% used [0x0000000087710000, 0x00000000877255c8, 0x0000000087b30000)
  to   space 4224K,   0% used [0x0000000087b30000, 0x0000000087b30000, 0x0000000087f50000)
 concurrent mark-sweep generation total 118092K, used 88046K [0x000000009a2c0000, 0x00000000a1613000, 0x0000000100000000)
 Metaspace       used 110420K, capacity 117043K, committed 119468K, reserved 1153024K
  class space    used 13441K, capacity 14656K, committed 15328K, reserved 1048576K
2021-01-19T22:25:50.725+0000: 50996.174: [GC (Allocation Failure) 2021-01-19T22:25:50.725+0000: 50996.175: [ParNew
Desired survivor size 2162688 bytes, new threshold 6 (max 6)
- age   1:     173120 bytes,     173120 total
- age   2:      47104 bytes,     220224 total
- age   5:       4256 bytes,     224480 total
: 33937K->253K(38080K), 0.0137861 secs] 121984K->88299K(156172K), 0.0141605 secs] [Times: user=0.02 sys=0.00, real=0.02 secs] 
Heap after GC invocations=749 (full 6):
 par new generation   total 38080K, used 253K [0x0000000085600000, 0x0000000087f50000, 0x000000009a2c0000)
  eden space 33856K,   0% used [0x0000000085600000, 0x0000000085600000, 0x0000000087710000)
  from space 4224K,   5% used [0x0000000087b30000, 0x0000000087b6f578, 0x0000000087f50000)
  to   space 4224K,   0% used [0x0000000087710000, 0x0000000087710000, 0x0000000087b30000)
 concurrent mark-sweep generation total 118092K, used 88046K [0x000000009a2c0000, 0x00000000a1613000, 0x0000000100000000)
 Metaspace       used 110420K, capacity 117043K, committed 119468K, reserved 1153024K
  class space    used 13441K, capacity 14656K, committed 15328K, reserved 1048576K
}
2021-01-19T22:25:50.740+0000: 50996.189: Total time for which application threads were stopped: 0.0151855 seconds, Stopping threads took: 0.0001204 seconds
2021-01-19T22:26:13.744+0000: 51019.194: Total time for which application threads were stopped: 0.0006843 seconds, Stopping threads took: 0.0001312 seconds
2021-01-19T22:26:16.745+0000: 51022.195: Total time for which application threads were stopped: 0.0005867 seconds, Stopping threads took: 0.0000848 seconds
2021-01-19T22:26:55.752+0000: 51061.201: Total time for which application threads were stopped: 0.0001762 seconds, Stopping threads took: 0.0000298 seconds
2021-01-19T22:27:20.756+0000: 51086.205: Total time for which application threads were stopped: 0.0004389 seconds, Stopping threads took: 0.0000971 seconds
{Heap before GC invocations=749 (full 6):
 par new generation   total 38080K, used 34109K [0x0000000085600000, 0x0000000087f50000, 0x000000009a2c0000)
  eden space 33856K, 100% used [0x0000000085600000, 0x0000000087710000, 0x0000000087710000)
  from space 4224K,   5% used [0x0000000087b30000, 0x0000000087b6f578, 0x0000000087f50000)
  to   space 4224K,   0% used [0x0000000087710000, 0x0000000087710000, 0x0000000087b30000)
 concurrent mark-sweep generation total 118092K, used 88046K [0x000000009a2c0000, 0x00000000a1613000, 0x0000000100000000)
 Metaspace       used 110421K, capacity 117043K, committed 119468K, reserved 1153024K
  class space    used 13441K, capacity 14656K, committed 15328K, reserved 1048576K
2021-01-19T22:27:30.599+0000: 51096.048: [GC (Allocation Failure) 2021-01-19T22:27:30.599+0000: 51096.048: [ParNew
Desired survivor size 2162688 bytes, new threshold 6 (max 6)
- age   1:      28240 bytes,      28240 total
- age   2:      23520 bytes,      51760 total
- age   3:      47080 bytes,      98840 total
- age   6:       4256 bytes,     103096 total
: 34109K->155K(38080K), 0.0047445 secs] 122155K->88202K(156172K), 0.0050184 secs] [Times: user=0.01 sys=0.00, real=0.00 secs] 
Heap after GC invocations=750 (full 6):
 par new generation   total 38080K, used 155K [0x0000000085600000, 0x0000000087f50000, 0x000000009a2c0000)
  eden space 33856K,   0% used [0x0000000085600000, 0x0000000085600000, 0x0000000087710000)
  from space 4224K,   3% used [0x0000000087710000, 0x0000000087736e38, 0x0000000087b30000)
  to   space 4224K,   0% used [0x0000000087b30000, 0x0000000087b30000, 0x0000000087f50000)
 concurrent mark-sweep generation total 118092K, used 88046K [0x000000009a2c0000, 0x00000000a1613000, 0x0000000100000000)
 Metaspace       used 110421K, capacity 117043K, committed 119468K, reserved 1153024K
  class space    used 13441K, capacity 14656K, committed 15328K, reserved 1048576K
}
2021-01-19T22:27:30.604+0000: 51096.053: Total time for which application threads were stopped: 0.0056836 seconds, Stopping threads took: 0.0000687 seconds
2021-01-19T22:27:51.609+0000: 51117.058: Total time for which application threads were stopped: 0.0004910 seconds, Stopping threads took: 0.0000831 seconds
2021-01-19T22:28:51.619+0000: 51177.068: Total time for which application threads were stopped: 0.0004259 seconds, Stopping threads took: 0.0000699 seconds
2021-01-19T22:28:56.620+0000: 51182.069: Total time for which application threads were stopped: 0.0004493 seconds, Stopping threads took: 0.0000673 seconds
{Heap before GC invocations=750 (full 6):
 par new generation   total 38080K, used 34011K [0x0000000085600000, 0x0000000087f50000, 0x000000009a2c0000)
  eden space 33856K, 100% used [0x0000000085600000, 0x0000000087710000, 0x0000000087710000)
  from space 4224K,   3% used [0x0000000087710000, 0x0000000087736e38, 0x0000000087b30000)
  to   space 4224K,   0% used [0x0000000087b30000, 0x0000000087b30000, 0x0000000087f50000)
 concurrent mark-sweep generation total 118092K, used 88046K [0x000000009a2c0000, 0x00000000a1613000, 0x0000000100000000)
 Metaspace       used 110422K, capacity 117043K, committed 119468K, reserved 1153024K
  class space    used 13441K, capacity 14656K, committed 15328K, reserved 1048576K
2021-01-19T22:29:10.632+0000: 51196.081: [GC (Allocation Failure) 2021-01-19T22:29:10.632+0000: 51196.081: [ParNew
Desired survivor size 2162688 bytes, new threshold 6 (max 6)
- age   1:      30440 bytes,      30440 total
- age   2:        152 bytes,      30592 total
- age   3:      23496 bytes,      54088 total
- age   4:      47080 bytes,     101168 total
: 34011K->145K(38080K), 0.0124442 secs] 122058K->88196K(156172K), 0.0129519 secs] [Times: user=0.02 sys=0.01, real=0.01 secs] 
Heap after GC invocations=751 (full 6):
 par new generation   total 38080K, used 145K [0x0000000085600000, 0x0000000087f50000, 0x000000009a2c0000)
  eden space 33856K,   0% used [0x0000000085600000, 0x0000000085600000, 0x0000000087710000)
  from space 4224K,   3% used [0x0000000087b30000, 0x0000000087b54648, 0x0000000087f50000)
  to   space 4224K,   0% used [0x0000000087710000, 0x0000000087710000, 0x0000000087b30000)
 concurrent mark-sweep generation total 118092K, used 88050K [0x000000009a2c0000, 0x00000000a1613000, 0x0000000100000000)
 Metaspace       used 110422K, capacity 117043K, committed 119468K, reserved 1153024K
  class space    used 13441K, capacity 14656K, committed 15328K, reserved 1048576K
}
2021-01-19T22:29:10.645+0000: 51196.094: Total time for which application threads were stopped: 0.0141874 seconds, Stopping threads took: 0.0002777 seconds
2021-01-19T22:29:21.649+0000: 51207.098: Total time for which application threads were stopped: 0.0004238 seconds, Stopping threads took: 0.0000913 seconds
{Heap before GC invocations=751 (full 6):
 par new generation   total 38080K, used 34001K [0x0000000085600000, 0x0000000087f50000, 0x000000009a2c0000)
  eden space 33856K, 100% used [0x0000000085600000, 0x0000000087710000, 0x0000000087710000)
  from space 4224K,   3% used [0x0000000087b30000, 0x0000000087b54648, 0x0000000087f50000)
  to   space 4224K,   0% used [0x0000000087710000, 0x0000000087710000, 0x0000000087b30000)
 concurrent mark-sweep generation total 118092K, used 88050K [0x000000009a2c0000, 0x00000000a1613000, 0x0000000100000000)
 Metaspace       used 110464K, capacity 117043K, committed 119468K, reserved 1153024K
  class space    used 13441K, capacity 14656K, committed 15328K, reserved 1048576K
2021-01-19T22:30:50.666+0000: 51296.115: [GC (Allocation Failure) 2021-01-19T22:30:50.666+0000: 51296.115: [ParNew
Desired survivor size 2162688 bytes, new threshold 6 (max 6)
- age   1:      98600 bytes,      98600 total
- age   2:        120 bytes,      98720 total
- age   4:      23496 bytes,     122216 total
- age   5:      47080 bytes,     169296 total
: 34001K->204K(38080K), 0.0073309 secs] 122052K->88255K(156172K), 0.0076726 secs] [Times: user=0.02 sys=0.01, real=0.01 secs] 
Heap after GC invocations=752 (full 6):
 par new generation   total 38080K, used 204K [0x0000000085600000, 0x0000000087f50000, 0x000000009a2c0000)
  eden space 33856K,   0% used [0x0000000085600000, 0x0000000085600000, 0x0000000087710000)
  from space 4224K,   4% used [0x0000000087710000, 0x00000000877433d8, 0x0000000087b30000)
  to   space 4224K,   0% used [0x0000000087b30000, 0x0000000087b30000, 0x0000000087f50000)
 concurrent mark-sweep generation total 118092K, used 88050K [0x000000009a2c0000, 0x00000000a1613000, 0x0000000100000000)
 Metaspace       used 110464K, capacity 117043K, committed 119468K, reserved 1153024K
  class space    used 13441K, capacity 14656K, committed 15328K, reserved 1048576K
}
2021-01-19T22:30:50.674+0000: 51296.123: Total time for which application threads were stopped: 0.0085493 seconds, Stopping threads took: 0.0002023 seconds
2021-01-19T22:30:51.675+0000: 51297.124: Total time for which application threads were stopped: 0.0004799 seconds, Stopping threads took: 0.0000743 seconds
{Heap before GC invocations=752 (full 6):
 par new generation   total 38080K, used 34060K [0x0000000085600000, 0x0000000087f50000, 0x000000009a2c0000)
  eden space 33856K, 100% used [0x0000000085600000, 0x0000000087710000, 0x0000000087710000)
  from space 4224K,   4% used [0x0000000087710000, 0x00000000877433d8, 0x0000000087b30000)
  to   space 4224K,   0% used [0x0000000087b30000, 0x0000000087b30000, 0x0000000087f50000)
 concurrent mark-sweep generation total 118092K, used 88050K [0x000000009a2c0000, 0x00000000a1613000, 0x0000000100000000)
 Metaspace       used 110466K, capacity 117043K, committed 119468K, reserved 1153024K
  class space    used 13441K, capacity 14656K, committed 15328K, reserved 1048576K
2021-01-19T22:32:28.634+0000: 51394.083: [GC (Allocation Failure) 2021-01-19T22:32:28.634+0000: 51394.083: [ParNew
Desired survivor size 2162688 bytes, new threshold 6 (max 6)
- age   1:      28200 bytes,      28200 total
- age   2:        584 bytes,      28784 total
- age   5:      23496 bytes,      52280 total
- age   6:      47080 bytes,      99360 total
: 34060K->161K(38080K), 0.0051548 secs] 122111K->88212K(156172K), 0.0053420 secs] [Times: user=0.01 sys=0.00, real=0.01 secs] 
Heap after GC invocations=753 (full 6):
 par new generation   total 38080K, used 161K [0x0000000085600000, 0x0000000087f50000, 0x000000009a2c0000)
  eden space 33856K,   0% used [0x0000000085600000, 0x0000000085600000, 0x0000000087710000)
  from space 4224K,   3% used [0x0000000087b30000, 0x0000000087b58658, 0x0000000087f50000)
  to   space 4224K,   0% used [0x0000000087710000, 0x0000000087710000, 0x0000000087b30000)
 concurrent mark-sweep generation total 118092K, used 88050K [0x000000009a2c0000, 0x00000000a1613000, 0x0000000100000000)
 Metaspace       used 110466K, capacity 117043K, committed 119468K, reserved 1153024K
  class space    used 13441K, capacity 14656K, committed 15328K, reserved 1048576K
}
2021-01-19T22:32:28.640+0000: 51394.089: Total time for which application threads were stopped: 0.0059860 seconds, Stopping threads took: 0.0001797 seconds
2021-01-19T22:33:19.648+0000: 51445.097: Total time for which application threads were stopped: 0.0005745 seconds, Stopping threads took: 0.0000819 seconds
2021-01-19T22:33:21.649+0000: 51447.098: Total time for which application threads were stopped: 0.0004202 seconds, Stopping threads took: 0.0000684 seconds
2021-01-19T22:33:50.653+0000: 51476.102: Total time for which application threads were stopped: 0.0004413 seconds, Stopping threads took: 0.0000661 seconds
{Heap before GC invocations=753 (full 6):
 par new generation   total 38080K, used 33994K [0x0000000085600000, 0x0000000087f50000, 0x000000009a2c0000)
  eden space 33856K,  99% used [0x0000000085600000, 0x000000008770a1e8, 0x0000000087710000)
  from space 4224K,   3% used [0x0000000087b30000, 0x0000000087b58658, 0x0000000087f50000)
  to   space 4224K,   0% used [0x0000000087710000, 0x0000000087710000, 0x0000000087b30000)
 concurrent mark-sweep generation total 118092K, used 88050K [0x000000009a2c0000, 0x00000000a1613000, 0x0000000100000000)
 Metaspace       used 110473K, capacity 117043K, committed 119468K, reserved 1153024K
  class space    used 13441K, capacity 14656K, committed 15328K, reserved 1048576K
2021-01-19T22:34:08.216+0000: 51493.665: [GC (Allocation Failure) 2021-01-19T22:34:08.216+0000: 51493.665: [ParNew
Desired survivor size 2162688 bytes, new threshold 6 (max 6)
- age   1:      30992 bytes,      30992 total
- age   2:         32 bytes,      31024 total
- age   3:        584 bytes,      31608 total
- age   6:      23496 bytes,      55104 total
: 33994K->81K(38080K), 0.0040113 secs] 122044K->88178K(156172K), 0.0042666 secs] [Times: user=0.01 sys=0.00, real=0.00 secs] 
Heap after GC invocations=754 (full 6):
 par new generation   total 38080K, used 81K [0x0000000085600000, 0x0000000087f50000, 0x000000009a2c0000)
  eden space 33856K,   0% used [0x0000000085600000, 0x0000000085600000, 0x0000000087710000)
  from space 4224K,   1% used [0x0000000087710000, 0x0000000087724730, 0x0000000087b30000)
  to   space 4224K,   0% used [0x0000000087b30000, 0x0000000087b30000, 0x0000000087f50000)
 concurrent mark-sweep generation total 118092K, used 88096K [0x000000009a2c0000, 0x00000000a1613000, 0x0000000100000000)
 Metaspace       used 110473K, capacity 117043K, committed 119468K, reserved 1153024K
  class space    used 13441K, capacity 14656K, committed 15328K, reserved 1048576K
}
2021-01-19T22:34:08.220+0000: 51493.669: Total time for which application threads were stopped: 0.0048499 seconds, Stopping threads took: 0.0000607 seconds
2021-01-19T22:35:01.230+0000: 51546.679: Total time for which application threads were stopped: 0.0004851 seconds, Stopping threads took: 0.0000804 seconds
{Heap before GC invocations=754 (full 6):
 par new generation   total 38080K, used 33937K [0x0000000085600000, 0x0000000087f50000, 0x000000009a2c0000)
  eden space 33856K, 100% used [0x0000000085600000, 0x0000000087710000, 0x0000000087710000)
  from space 4224K,   1% used [0x0000000087710000, 0x0000000087724730, 0x0000000087b30000)
  to   space 4224K,   0% used [0x0000000087b30000, 0x0000000087b30000, 0x0000000087f50000)
 concurrent mark-sweep generation total 118092K, used 88096K [0x000000009a2c0000, 0x00000000a1613000, 0x0000000100000000)
 Metaspace       used 110474K, capacity 117043K, committed 119468K, reserved 1153024K
  class space    used 13441K, capacity 14656K, committed 15328K, reserved 1048576K
2021-01-19T22:35:48.000+0000: 51593.449: [GC (Allocation Failure) 2021-01-19T22:35:48.000+0000: 51593.449: [ParNew
Desired survivor size 2162688 bytes, new threshold 6 (max 6)
- age   1:      96224 bytes,      96224 total
- age   2:        976 bytes,      97200 total
- age   4:        584 bytes,      97784 total
: 33937K->114K(38080K), 0.0096157 secs] 122034K->88234K(156172K), 0.0099171 secs] [Times: user=0.02 sys=0.00, real=0.01 secs] 
Heap after GC invocations=755 (full 6):
 par new generation   total 38080K, used 114K [0x0000000085600000, 0x0000000087f50000, 0x000000009a2c0000)
  eden space 33856K,   0% used [0x0000000085600000, 0x0000000085600000, 0x0000000087710000)
  from space 4224K,   2% used [0x0000000087b30000, 0x0000000087b4caa0, 0x0000000087f50000)
  to   space 4224K,   0% used [0x0000000087710000, 0x0000000087710000, 0x0000000087b30000)
 concurrent mark-sweep generation total 118092K, used 88119K [0x000000009a2c0000, 0x00000000a1613000, 0x0000000100000000)
 Metaspace       used 110474K, capacity 117043K, committed 119468K, reserved 1153024K
  class space    used 13441K, capacity 14656K, committed 15328K, reserved 1048576K
}
2021-01-19T22:35:48.010+0000: 51593.459: Total time for which application threads were stopped: 0.0107066 seconds, Stopping threads took: 0.0000901 seconds
2021-01-19T22:37:21.024+0000: 51686.473: Total time for which application threads were stopped: 0.0001986 seconds, Stopping threads took: 0.0000368 seconds
{Heap before GC invocations=755 (full 6):
 par new generation   total 38080K, used 33970K [0x0000000085600000, 0x0000000087f50000, 0x000000009a2c0000)
  eden space 33856K, 100% used [0x0000000085600000, 0x0000000087710000, 0x0000000087710000)
  from space 4224K,   2% used [0x0000000087b30000, 0x0000000087b4caa0, 0x0000000087f50000)
  to   space 4224K,   0% used [0x0000000087710000, 0x0000000087710000, 0x0000000087b30000)
 concurrent mark-sweep generation total 118092K, used 88119K [0x000000009a2c0000, 0x00000000a1613000, 0x0000000100000000)
 Metaspace       used 110477K, capacity 117043K, committed 119468K, reserved 1153024K
  class space    used 13441K, capacity 14656K, committed 15328K, reserved 1048576K
2021-01-19T22:37:25.843+0000: 51691.293: [GC (Allocation Failure) 2021-01-19T22:37:25.844+0000: 51691.293: [ParNew
Desired survivor size 2162688 bytes, new threshold 6 (max 6)
- age   1:      30056 bytes,      30056 total
- age   2:        176 bytes,      30232 total
- age   3:        832 bytes,      31064 total
- age   5:        584 bytes,      31648 total
: 33970K->35K(38080K), 0.0051790 secs] 122090K->88155K(156172K), 0.0055484 secs] [Times: user=0.02 sys=0.00, real=0.01 secs] 
Heap after GC invocations=756 (full 6):
 par new generation   total 38080K, used 35K [0x0000000085600000, 0x0000000087f50000, 0x000000009a2c0000)
  eden space 33856K,   0% used [0x0000000085600000, 0x0000000085600000, 0x0000000087710000)
  from space 4224K,   0% used [0x0000000087710000, 0x0000000087718d48, 0x0000000087b30000)
  to   space 4224K,   0% used [0x0000000087b30000, 0x0000000087b30000, 0x0000000087f50000)
 concurrent mark-sweep generation total 118092K, used 88119K [0x000000009a2c0000, 0x00000000a1613000, 0x0000000100000000)
 Metaspace       used 110477K, capacity 117043K, committed 119468K, reserved 1153024K
  class space    used 13441K, capacity 14656K, committed 15328K, reserved 1048576K
}
2021-01-19T22:37:25.849+0000: 51691.298: Total time for which application threads were stopped: 0.0062591 seconds, Stopping threads took: 0.0000934 seconds
2021-01-19T22:38:25.859+0000: 51751.308: Total time for which application threads were stopped: 0.0005340 seconds, Stopping threads took: 0.0000798 seconds
{Heap before GC invocations=756 (full 6):
 par new generation   total 38080K, used 33891K [0x0000000085600000, 0x0000000087f50000, 0x000000009a2c0000)
  eden space 33856K, 100% used [0x0000000085600000, 0x0000000087710000, 0x0000000087710000)
  from space 4224K,   0% used [0x0000000087710000, 0x0000000087718d48, 0x0000000087b30000)
  to   space 4224K,   0% used [0x0000000087b30000, 0x0000000087b30000, 0x0000000087f50000)
 concurrent mark-sweep generation total 118092K, used 88119K [0x000000009a2c0000, 0x00000000a1613000, 0x0000000100000000)
 Metaspace       used 110477K, capacity 117043K, committed 119468K, reserved 1153024K
  class space    used 13441K, capacity 14656K, committed 15328K, reserved 1048576K
2021-01-19T22:39:05.746+0000: 51791.195: [GC (Allocation Failure) 2021-01-19T22:39:05.746+0000: 51791.195: [ParNew
Desired survivor size 2162688 bytes, new threshold 6 (max 6)
- age   1:      64184 bytes,      64184 total
- age   2:        336 bytes,      64520 total
- age   4:        832 bytes,      65352 total
- age   6:        584 bytes,      65936 total
: 33891K->69K(38080K), 0.0061498 secs] 122011K->88189K(156172K), 0.0063944 secs] [Times: user=0.02 sys=0.00, real=0.01 secs] 
Heap after GC invocations=757 (full 6):
 par new generation   total 38080K, used 69K [0x0000000085600000, 0x0000000087f50000, 0x000000009a2c0000)
  eden space 33856K,   0% used [0x0000000085600000, 0x0000000085600000, 0x0000000087710000)
  from space 4224K,   1% used [0x0000000087b30000, 0x0000000087b41598, 0x0000000087f50000)
  to   space 4224K,   0% used [0x0000000087710000, 0x0000000087710000, 0x0000000087b30000)
 concurrent mark-sweep generation total 118092K, used 88119K [0x000000009a2c0000, 0x00000000a1613000, 0x0000000100000000)
 Metaspace       used 110477K, capacity 117043K, committed 119468K, reserved 1153024K
  class space    used 13441K, capacity 14656K, committed 15328K, reserved 1048576K
}
2021-01-19T22:39:05.752+0000: 51791.201: Total time for which application threads were stopped: 0.0070058 seconds, Stopping threads took: 0.0000775 seconds
{Heap before GC invocations=757 (full 6):
 par new generation   total 38080K, used 33925K [0x0000000085600000, 0x0000000087f50000, 0x000000009a2c0000)
  eden space 33856K, 100% used [0x0000000085600000, 0x0000000087710000, 0x0000000087710000)
  from space 4224K,   1% used [0x0000000087b30000, 0x0000000087b41598, 0x0000000087f50000)
  to   space 4224K,   0% used [0x0000000087710000, 0x0000000087710000, 0x0000000087b30000)
 concurrent mark-sweep generation total 118092K, used 88119K [0x000000009a2c0000, 0x00000000a1613000, 0x0000000100000000)
 Metaspace       used 110477K, capacity 117043K, committed 119468K, reserved 1153024K
  class space    used 13441K, capacity 14656K, committed 15328K, reserved 1048576K
2021-01-19T22:40:46.669+0000: 51892.118: [GC (Allocation Failure) 2021-01-19T22:40:46.669+0000: 51892.118: [ParNew
Desired survivor size 2162688 bytes, new threshold 6 (max 6)
- age   1:      28656 bytes,      28656 total
- age   2:        400 bytes,      29056 total
- age   3:        304 bytes,      29360 total
- age   5:        832 bytes,      30192 total
: 33925K->38K(38080K), 0.0023529 secs] 122045K->88159K(156172K), 0.0025157 secs] [Times: user=0.00 sys=0.00, real=0.00 secs] 
Heap after GC invocations=758 (full 6):
 par new generation   total 38080K, used 38K [0x0000000085600000, 0x0000000087f50000, 0x000000009a2c0000)
  eden space 33856K,   0% used [0x0000000085600000, 0x0000000085600000, 0x0000000087710000)
  from space 4224K,   0% used [0x0000000087710000, 0x0000000087719a98, 0x0000000087b30000)
  to   space 4224K,   0% used [0x0000000087b30000, 0x0000000087b30000, 0x0000000087f50000)
 concurrent mark-sweep generation total 118092K, used 88120K [0x000000009a2c0000, 0x00000000a1613000, 0x0000000100000000)
 Metaspace       used 110477K, capacity 117043K, committed 119468K, reserved 1153024K
  class space    used 13441K, capacity 14656K, committed 15328K, reserved 1048576K
}
2021-01-19T22:40:46.672+0000: 51892.121: Total time for which application threads were stopped: 0.0029540 seconds, Stopping threads took: 0.0000846 seconds
2021-01-19T22:40:51.673+0000: 51897.122: Total time for which application threads were stopped: 0.0005811 seconds, Stopping threads took: 0.0001156 seconds
{Heap before GC invocations=758 (full 6):
 par new generation   total 38080K, used 33894K [0x0000000085600000, 0x0000000087f50000, 0x000000009a2c0000)
  eden space 33856K, 100% used [0x0000000085600000, 0x0000000087710000, 0x0000000087710000)
  from space 4224K,   0% used [0x0000000087710000, 0x0000000087719a98, 0x0000000087b30000)
  to   space 4224K,   0% used [0x0000000087b30000, 0x0000000087b30000, 0x0000000087f50000)
 concurrent mark-sweep generation total 118092K, used 88120K [0x000000009a2c0000, 0x00000000a1613000, 0x0000000100000000)
 Metaspace       used 110477K, capacity 117043K, committed 119468K, reserved 1153024K
  class space    used 13441K, capacity 14656K, committed 15328K, reserved 1048576K
2021-01-19T22:42:24.316+0000: 51989.765: [GC (Allocation Failure) 2021-01-19T22:42:24.316+0000: 51989.765: [ParNew
Desired survivor size 2162688 bytes, new threshold 6 (max 6)
- age   1:      30024 bytes,      30024 total
- age   2:        216 bytes,      30240 total
- age   3:        280 bytes,      30520 total
- age   4:        304 bytes,      30824 total
- age   6:        832 bytes,      31656 total
: 33894K->36K(38080K), 0.0080232 secs] 122015K->88156K(156172K), 0.0082827 secs] [Times: user=0.02 sys=0.00, real=0.00 secs] 
Heap after GC invocations=759 (full 6):
 par new generation   total 38080K, used 36K [0x0000000085600000, 0x0000000087f50000, 0x000000009a2c0000)
  eden space 33856K,   0% used [0x0000000085600000, 0x0000000085600000, 0x0000000087710000)
  from space 4224K,   0% used [0x0000000087b30000, 0x0000000087b39070, 0x0000000087f50000)
  to   space 4224K,   0% used [0x0000000087710000, 0x0000000087710000, 0x0000000087b30000)
 concurrent mark-sweep generation total 118092K, used 88120K [0x000000009a2c0000, 0x00000000a1613000, 0x0000000100000000)
 Metaspace       used 110477K, capacity 117043K, committed 119468K, reserved 1153024K
  class space    used 13441K, capacity 14656K, committed 15328K, reserved 1048576K
}
2021-01-19T22:42:24.324+0000: 51989.773: Total time for which application threads were stopped: 0.0090695 seconds, Stopping threads took: 0.0001895 seconds
{Heap before GC invocations=759 (full 6):
 par new generation   total 38080K, used 33892K [0x0000000085600000, 0x0000000087f50000, 0x000000009a2c0000)
  eden space 33856K, 100% used [0x0000000085600000, 0x0000000087710000, 0x0000000087710000)
  from space 4224K,   0% used [0x0000000087b30000, 0x0000000087b39070, 0x0000000087f50000)
  to   space 4224K,   0% used [0x0000000087710000, 0x0000000087710000, 0x0000000087b30000)
 concurrent mark-sweep generation total 118092K, used 88120K [0x000000009a2c0000, 0x00000000a1613000, 0x0000000100000000)
 Metaspace       used 110477K, capacity 117043K, committed 119468K, reserved 1153024K
  class space    used 13441K, capacity 14656K, committed 15328K, reserved 1048576K
2021-01-19T22:44:03.665+0000: 52089.114: [GC (Allocation Failure) 2021-01-19T22:44:03.665+0000: 52089.114: [ParNew
Desired survivor size 2162688 bytes, new threshold 6 (max 6)
- age   1:      64136 bytes,      64136 total
- age   3:         32 bytes,      64168 total
- age   4:        280 bytes,      64448 total
- age   5:        304 bytes,      64752 total
: 33892K->70K(38080K), 0.0212431 secs] 122012K->88192K(156172K), 0.0216395 secs] [Times: user=0.04 sys=0.00, real=0.02 secs] 
Heap after GC invocations=760 (full 6):
 par new generation   total 38080K, used 70K [0x0000000085600000, 0x0000000087f50000, 0x000000009a2c0000)
  eden space 33856K,   0% used [0x0000000085600000, 0x0000000085600000, 0x0000000087710000)
  from space 4224K,   1% used [0x0000000087710000, 0x0000000087721ba8, 0x0000000087b30000)
  to   space 4224K,   0% used [0x0000000087b30000, 0x0000000087b30000, 0x0000000087f50000)
 concurrent mark-sweep generation total 118092K, used 88121K [0x000000009a2c0000, 0x00000000a1613000, 0x0000000100000000)
 Metaspace       used 110477K, capacity 117043K, committed 119468K, reserved 1153024K
  class space    used 13441K, capacity 14656K, committed 15328K, reserved 1048576K
}
2021-01-19T22:44:03.687+0000: 52089.136: Total time for which application threads were stopped: 0.0224641 seconds, Stopping threads took: 0.0001418 seconds
2021-01-19T22:45:21.699+0000: 52167.148: Total time for which application threads were stopped: 0.0001625 seconds, Stopping threads took: 0.0000303 seconds
{Heap before GC invocations=760 (full 6):
 par new generation   total 38080K, used 33926K [0x0000000085600000, 0x0000000087f50000, 0x000000009a2c0000)
  eden space 33856K, 100% used [0x0000000085600000, 0x0000000087710000, 0x0000000087710000)
  from space 4224K,   1% used [0x0000000087710000, 0x0000000087721ba8, 0x0000000087b30000)
  to   space 4224K,   0% used [0x0000000087b30000, 0x0000000087b30000, 0x0000000087f50000)
 concurrent mark-sweep generation total 118092K, used 88121K [0x000000009a2c0000, 0x00000000a1613000, 0x0000000100000000)
 Metaspace       used 110480K, capacity 117043K, committed 119468K, reserved 1153024K
  class space    used 13441K, capacity 14656K, committed 15328K, reserved 1048576K
2021-01-19T22:45:43.937+0000: 52189.386: [GC (Allocation Failure) 2021-01-19T22:45:43.938+0000: 52189.387: [ParNew
Desired survivor size 2162688 bytes, new threshold 6 (max 6)
- age   1:      28648 bytes,      28648 total
- age   2:        200 bytes,      28848 total
- age   5:        280 bytes,      29128 total
- age   6:        304 bytes,      29432 total
: 33926K->33K(38080K), 0.0046026 secs] 122048K->88154K(156172K), 0.0048036 secs] [Times: user=0.02 sys=0.00, real=0.00 secs] 
Heap after GC invocations=761 (full 6):
 par new generation   total 38080K, used 33K [0x0000000085600000, 0x0000000087f50000, 0x000000009a2c0000)
  eden space 33856K,   0% used [0x0000000085600000, 0x0000000085600000, 0x0000000087710000)
  from space 4224K,   0% used [0x0000000087b30000, 0x0000000087b38598, 0x0000000087f50000)
  to   space 4224K,   0% used [0x0000000087710000, 0x0000000087710000, 0x0000000087b30000)
 concurrent mark-sweep generation total 118092K, used 88121K [0x000000009a2c0000, 0x00000000a1613000, 0x0000000100000000)
 Metaspace       used 110480K, capacity 117043K, committed 119468K, reserved 1153024K
  class space    used 13441K, capacity 14656K, committed 15328K, reserved 1048576K
}
2021-01-19T22:45:43.942+0000: 52189.391: Total time for which application threads were stopped: 0.0053154 seconds, Stopping threads took: 0.0000653 seconds
2021-01-19T22:45:50.944+0000: 52196.393: Total time for which application threads were stopped: 0.0004779 seconds, Stopping threads took: 0.0000788 seconds
{Heap before GC invocations=761 (full 6):
 par new generation   total 38080K, used 33889K [0x0000000085600000, 0x0000000087f50000, 0x000000009a2c0000)
  eden space 33856K, 100% used [0x0000000085600000, 0x0000000087710000, 0x0000000087710000)
  from space 4224K,   0% used [0x0000000087b30000, 0x0000000087b38598, 0x0000000087f50000)
  to   space 4224K,   0% used [0x0000000087710000, 0x0000000087710000, 0x0000000087b30000)
 concurrent mark-sweep generation total 118092K, used 88121K [0x000000009a2c0000, 0x00000000a1613000, 0x0000000100000000)
 Metaspace       used 110484K, capacity 117043K, committed 119468K, reserved 1153024K
  class space    used 13441K, capacity 14656K, committed 15328K, reserved 1048576K
2021-01-19T22:47:21.649+0000: 52287.098: [GC (Allocation Failure) 2021-01-19T22:47:21.649+0000: 52287.098: [ParNew
Desired survivor size 2162688 bytes, new threshold 6 (max 6)
- age   1:      29712 bytes,      29712 total
- age   2:        184 bytes,      29896 total
- age   3:         32 bytes,      29928 total
- age   6:        280 bytes,      30208 total
: 33889K->37K(38080K), 0.0054390 secs] 122010K->88159K(156172K), 0.0056624 secs] [Times: user=0.01 sys=0.00, real=0.00 secs] 
Heap after GC invocations=762 (full 6):
 par new generation   total 38080K, used 37K [0x0000000085600000, 0x0000000087f50000, 0x000000009a2c0000)
  eden space 33856K,   0% used [0x0000000085600000, 0x0000000085600000, 0x0000000087710000)
  from space 4224K,   0% used [0x0000000087710000, 0x00000000877196d8, 0x0000000087b30000)
  to   space 4224K,   0% used [0x0000000087b30000, 0x0000000087b30000, 0x0000000087f50000)
 concurrent mark-sweep generation total 118092K, used 88121K [0x000000009a2c0000, 0x00000000a1613000, 0x0000000100000000)
 Metaspace       used 110484K, capacity 117043K, committed 119468K, reserved 1153024K
  class space    used 13441K, capacity 14656K, committed 15328K, reserved 1048576K
}
2021-01-19T22:47:21.655+0000: 52287.104: Total time for which application threads were stopped: 0.0062411 seconds, Stopping threads took: 0.0000762 seconds
2021-01-19T22:47:51.661+0000: 52317.110: Total time for which application threads were stopped: 0.0006035 seconds, Stopping threads took: 0.0000937 seconds
{Heap before GC invocations=762 (full 6):
 par new generation   total 38080K, used 33893K [0x0000000085600000, 0x0000000087f50000, 0x000000009a2c0000)
  eden space 33856K, 100% used [0x0000000085600000, 0x0000000087710000, 0x0000000087710000)
  from space 4224K,   0% used [0x0000000087710000, 0x00000000877196d8, 0x0000000087b30000)
  to   space 4224K,   0% used [0x0000000087b30000, 0x0000000087b30000, 0x0000000087f50000)
 concurrent mark-sweep generation total 118092K, used 88121K [0x000000009a2c0000, 0x00000000a1613000, 0x0000000100000000)
 Metaspace       used 110484K, capacity 117043K, committed 119468K, reserved 1153024K
  class space    used 13441K, capacity 14656K, committed 15328K, reserved 1048576K
2021-01-19T22:49:01.983+0000: 52387.432: [GC (Allocation Failure) 2021-01-19T22:49:01.983+0000: 52387.432: [ParNew
Desired survivor size 2162688 bytes, new threshold 6 (max 6)
- age   1:      64360 bytes,      64360 total
- age   2:         64 bytes,      64424 total
- age   3:         32 bytes,      64456 total
- age   4:         32 bytes,      64488 total
: 33893K->66K(38080K), 0.0033483 secs] 122015K->88188K(156172K), 0.0035481 secs] [Times: user=0.01 sys=0.00, real=0.00 secs] 
Heap after GC invocations=763 (full 6):
 par new generation   total 38080K, used 66K [0x0000000085600000, 0x0000000087f50000, 0x000000009a2c0000)
  eden space 33856K,   0% used [0x0000000085600000, 0x0000000085600000, 0x0000000087710000)
  from space 4224K,   1% used [0x0000000087b30000, 0x0000000087b40b48, 0x0000000087f50000)
  to   space 4224K,   0% used [0x0000000087710000, 0x0000000087710000, 0x0000000087b30000)
 concurrent mark-sweep generation total 118092K, used 88121K [0x000000009a2c0000, 0x00000000a1613000, 0x0000000100000000)
 Metaspace       used 110484K, capacity 117043K, committed 119468K, reserved 1153024K
  class space    used 13441K, capacity 14656K, committed 15328K, reserved 1048576K
}
2021-01-19T22:49:01.987+0000: 52387.436: Total time for which application threads were stopped: 0.0040447 seconds, Stopping threads took: 0.0000455 seconds
2021-01-19T22:49:49.995+0000: 52435.444: Total time for which application threads were stopped: 0.0004787 seconds, Stopping threads took: 0.0000786 seconds
{Heap before GC invocations=763 (full 6):
 par new generation   total 38080K, used 33922K [0x0000000085600000, 0x0000000087f50000, 0x000000009a2c0000)
  eden space 33856K, 100% used [0x0000000085600000, 0x0000000087710000, 0x0000000087710000)
  from space 4224K,   1% used [0x0000000087b30000, 0x0000000087b40b48, 0x0000000087f50000)
  to   space 4224K,   0% used [0x0000000087710000, 0x0000000087710000, 0x0000000087b30000)
 concurrent mark-sweep generation total 118092K, used 88121K [0x000000009a2c0000, 0x00000000a1613000, 0x0000000100000000)
 Metaspace       used 110484K, capacity 117043K, committed 119468K, reserved 1153024K
  class space    used 13441K, capacity 14656K, committed 15328K, reserved 1048576K
2021-01-19T22:50:43.098+0000: 52488.547: [GC (Allocation Failure) 2021-01-19T22:50:43.098+0000: 52488.547: [ParNew
Desired survivor size 2162688 bytes, new threshold 6 (max 6)
- age   1:      29608 bytes,      29608 total
- age   2:        120 bytes,      29728 total
- age   3:         64 bytes,      29792 total
- age   5:         32 bytes,      29824 total
: 33922K->34K(38080K), 0.0052045 secs] 122044K->88156K(156172K), 0.0054261 secs] [Times: user=0.01 sys=0.00, real=0.00 secs] 
Heap after GC invocations=764 (full 6):
 par new generation   total 38080K, used 34K [0x0000000085600000, 0x0000000087f50000, 0x000000009a2c0000)
  eden space 33856K,   0% used [0x0000000085600000, 0x0000000085600000, 0x0000000087710000)
  from space 4224K,   0% used [0x0000000087710000, 0x00000000877188f8, 0x0000000087b30000)
  to   space 4224K,   0% used [0x0000000087b30000, 0x0000000087b30000, 0x0000000087f50000)
 concurrent mark-sweep generation total 118092K, used 88121K [0x000000009a2c0000, 0x00000000a1613000, 0x0000000100000000)
 Metaspace       used 110484K, capacity 117043K, committed 119468K, reserved 1153024K
  class space    used 13441K, capacity 14656K, committed 15328K, reserved 1048576K
}
2021-01-19T22:50:43.104+0000: 52488.553: Total time for which application threads were stopped: 0.0059941 seconds, Stopping threads took: 0.0000773 seconds
2021-01-19T22:50:51.106+0000: 52496.555: Total time for which application threads were stopped: 0.0004704 seconds, Stopping threads took: 0.0000804 seconds
2021-01-19T22:52:00.120+0000: 52565.569: Total time for which application threads were stopped: 0.0007776 seconds, Stopping threads took: 0.0000764 seconds
{Heap before GC invocations=764 (full 6):
 par new generation   total 38080K, used 33890K [0x0000000085600000, 0x0000000087f50000, 0x000000009a2c0000)
  eden space 33856K, 100% used [0x0000000085600000, 0x0000000087710000, 0x0000000087710000)
  from space 4224K,   0% used [0x0000000087710000, 0x00000000877188f8, 0x0000000087b30000)
  to   space 4224K,   0% used [0x0000000087b30000, 0x0000000087b30000, 0x0000000087f50000)
 concurrent mark-sweep generation total 118092K, used 88121K [0x000000009a2c0000, 0x00000000a1613000, 0x0000000100000000)
 Metaspace       used 110502K, capacity 117043K, committed 119468K, reserved 1153024K
  class space    used 13441K, capacity 14656K, committed 15328K, reserved 1048576K
2021-01-19T22:52:20.920+0000: 52586.369: [GC (Allocation Failure) 2021-01-19T22:52:20.920+0000: 52586.369: [ParNew
Desired survivor size 2162688 bytes, new threshold 6 (max 6)
- age   1:      64496 bytes,      64496 total
- age   2:        688 bytes,      65184 total
- age   4:         64 bytes,      65248 total
- age   6:         32 bytes,      65280 total
: 33890K->70K(38080K), 0.0045678 secs] 122012K->88191K(156172K), 0.0048104 secs] [Times: user=0.01 sys=0.00, real=0.00 secs] 
Heap after GC invocations=765 (full 6):
 par new generation   total 38080K, used 70K [0x0000000085600000, 0x0000000087f50000, 0x000000009a2c0000)
  eden space 33856K,   0% used [0x0000000085600000, 0x0000000085600000, 0x0000000087710000)
  from space 4224K,   1% used [0x0000000087b30000, 0x0000000087b41848, 0x0000000087f50000)
  to   space 4224K,   0% used [0x0000000087710000, 0x0000000087710000, 0x0000000087b30000)
 concurrent mark-sweep generation total 118092K, used 88121K [0x000000009a2c0000, 0x00000000a1613000, 0x0000000100000000)
 Metaspace       used 110502K, capacity 117043K, committed 119468K, reserved 1153024K
  class space    used 13441K, capacity 14656K, committed 15328K, reserved 1048576K
}
2021-01-19T22:52:20.925+0000: 52586.374: Total time for which application threads were stopped: 0.0056914 seconds, Stopping threads took: 0.0001939 seconds
{Heap before GC invocations=765 (full 6):
 par new generation   total 38080K, used 33926K [0x0000000085600000, 0x0000000087f50000, 0x000000009a2c0000)
  eden space 33856K, 100% used [0x0000000085600000, 0x0000000087710000, 0x0000000087710000)
  from space 4224K,   1% used [0x0000000087b30000, 0x0000000087b41848, 0x0000000087f50000)
  to   space 4224K,   0% used [0x0000000087710000, 0x0000000087710000, 0x0000000087b30000)
 concurrent mark-sweep generation total 118092K, used 88121K [0x000000009a2c0000, 0x00000000a1613000, 0x0000000100000000)
 Metaspace       used 110503K, capacity 117043K, committed 119468K, reserved 1153024K
  class space    used 13441K, capacity 14656K, committed 15328K, reserved 1048576K
2021-01-19T22:54:00.637+0000: 52686.086: [GC (Allocation Failure) 2021-01-19T22:54:00.637+0000: 52686.086: [ParNew
Desired survivor size 2162688 bytes, new threshold 6 (max 6)
- age   1:      62784 bytes,      62784 total
- age   2:       1768 bytes,      64552 total
- age   3:        536 bytes,      65088 total
- age   5:         64 bytes,      65152 total
: 33926K->77K(38080K), 0.0031803 secs] 122047K->88199K(156172K), 0.0033391 secs] [Times: user=0.00 sys=0.00, real=0.00 secs] 
Heap after GC invocations=766 (full 6):
 par new generation   total 38080K, used 77K [0x0000000085600000, 0x0000000087f50000, 0x000000009a2c0000)
  eden space 33856K,   0% used [0x0000000085600000, 0x0000000085600000, 0x0000000087710000)
  from space 4224K,   1% used [0x0000000087710000, 0x0000000087723658, 0x0000000087b30000)
  to   space 4224K,   0% used [0x0000000087b30000, 0x0000000087b30000, 0x0000000087f50000)
 concurrent mark-sweep generation total 118092K, used 88121K [0x000000009a2c0000, 0x00000000a1613000, 0x0000000100000000)
 Metaspace       used 110503K, capacity 117043K, committed 119468K, reserved 1153024K
  class space    used 13441K, capacity 14656K, committed 15328K, reserved 1048576K
}
2021-01-19T22:54:00.640+0000: 52686.089: Total time for which application threads were stopped: 0.0036737 seconds, Stopping threads took: 0.0000380 seconds
{Heap before GC invocations=766 (full 6):
 par new generation   total 38080K, used 33933K [0x0000000085600000, 0x0000000087f50000, 0x000000009a2c0000)
  eden space 33856K, 100% used [0x0000000085600000, 0x0000000087710000, 0x0000000087710000)
  from space 4224K,   1% used [0x0000000087710000, 0x0000000087723658, 0x0000000087b30000)
  to   space 4224K,   0% used [0x0000000087b30000, 0x0000000087b30000, 0x0000000087f50000)
 concurrent mark-sweep generation total 118092K, used 88121K [0x000000009a2c0000, 0x00000000a1613000, 0x0000000100000000)
 Metaspace       used 110503K, capacity 117043K, committed 119468K, reserved 1153024K
  class space    used 13441K, capacity 14656K, committed 15328K, reserved 1048576K
2021-01-19T22:55:40.413+0000: 52785.862: [GC (Allocation Failure) 2021-01-19T22:55:40.413+0000: 52785.862: [ParNew
Desired survivor size 2162688 bytes, new threshold 6 (max 6)
- age   1:      28240 bytes,      28240 total
- age   2:        168 bytes,      28408 total
- age   3:       1768 bytes,      30176 total
- age   4:        536 bytes,      30712 total
- age   6:         64 bytes,      30776 total
: 33933K->39K(38080K), 0.0055641 secs] 122055K->88160K(156172K), 0.0058725 secs] [Times: user=0.01 sys=0.00, real=0.01 secs] 
Heap after GC invocations=767 (full 6):
 par new generation   total 38080K, used 39K [0x0000000085600000, 0x0000000087f50000, 0x000000009a2c0000)
  eden space 33856K,   0% used [0x0000000085600000, 0x0000000085600000, 0x0000000087710000)
  from space 4224K,   0% used [0x0000000087b30000, 0x0000000087b39c18, 0x0000000087f50000)
  to   space 4224K,   0% used [0x0000000087710000, 0x0000000087710000, 0x0000000087b30000)
 concurrent mark-sweep generation total 118092K, used 88121K [0x000000009a2c0000, 0x00000000a1613000, 0x0000000100000000)
 Metaspace       used 110503K, capacity 117043K, committed 119468K, reserved 1153024K
  class space    used 13441K, capacity 14656K, committed 15328K, reserved 1048576K
}
2021-01-19T22:55:40.419+0000: 52785.868: Total time for which application threads were stopped: 0.0065742 seconds, Stopping threads took: 0.0000910 seconds
2021-01-19T22:56:51.430+0000: 52856.879: Total time for which application threads were stopped: 0.0005479 seconds, Stopping threads took: 0.0000967 seconds
{Heap before GC invocations=767 (full 6):
 par new generation   total 38080K, used 33895K [0x0000000085600000, 0x0000000087f50000, 0x000000009a2c0000)
  eden space 33856K, 100% used [0x0000000085600000, 0x0000000087710000, 0x0000000087710000)
  from space 4224K,   0% used [0x0000000087b30000, 0x0000000087b39c18, 0x0000000087f50000)
  to   space 4224K,   0% used [0x0000000087710000, 0x0000000087710000, 0x0000000087b30000)
 concurrent mark-sweep generation total 118092K, used 88121K [0x000000009a2c0000, 0x00000000a1613000, 0x0000000100000000)
 Metaspace       used 110509K, capacity 117043K, committed 119468K, reserved 1153024K
  class space    used 13441K, capacity 14656K, committed 15328K, reserved 1048576K
2021-01-19T22:57:20.040+0000: 52885.489: [GC (Allocation Failure) 2021-01-19T22:57:20.040+0000: 52885.489: [ParNew
Desired survivor size 2162688 bytes, new threshold 6 (max 6)
- age   1:      30264 bytes,      30264 total
- age   2:        152 bytes,      30416 total
- age   4:       1768 bytes,      32184 total
- age   5:        536 bytes,      32720 total
: 33895K->35K(38080K), 0.0100155 secs] 122016K->88157K(156172K), 0.0104214 secs] [Times: user=0.02 sys=0.00, real=0.01 secs] 
Heap after GC invocations=768 (full 6):
 par new generation   total 38080K, used 35K [0x0000000085600000, 0x0000000087f50000, 0x000000009a2c0000)
  eden space 33856K,   0% used [0x0000000085600000, 0x0000000085600000, 0x0000000087710000)
  from space 4224K,   0% used [0x0000000087710000, 0x0000000087718f58, 0x0000000087b30000)
  to   space 4224K,   0% used [0x0000000087b30000, 0x0000000087b30000, 0x0000000087f50000)
 concurrent mark-sweep generation total 118092K, used 88121K [0x000000009a2c0000, 0x00000000a1613000, 0x0000000100000000)
 Metaspace       used 110509K, capacity 117043K, committed 119468K, reserved 1153024K
  class space    used 13441K, capacity 14656K, committed 15328K, reserved 1048576K
}
2021-01-19T22:57:20.050+0000: 52885.499: Total time for which application threads were stopped: 0.0112109 seconds, Stopping threads took: 0.0000762 seconds
2021-01-19T22:57:21.051+0000: 52886.500: Total time for which application threads were stopped: 0.0004623 seconds, Stopping threads took: 0.0000777 seconds
2021-01-19T22:58:50.067+0000: 52975.516: Total time for which application threads were stopped: 0.0005701 seconds, Stopping threads took: 0.0000794 seconds
{Heap before GC invocations=768 (full 6):
 par new generation   total 38080K, used 33891K [0x0000000085600000, 0x0000000087f50000, 0x000000009a2c0000)
  eden space 33856K, 100% used [0x0000000085600000, 0x0000000087710000, 0x0000000087710000)
  from space 4224K,   0% used [0x0000000087710000, 0x0000000087718f58, 0x0000000087b30000)
  to   space 4224K,   0% used [0x0000000087b30000, 0x0000000087b30000, 0x0000000087f50000)
 concurrent mark-sweep generation total 118092K, used 88121K [0x000000009a2c0000, 0x00000000a1613000, 0x0000000100000000)
 Metaspace       used 110518K, capacity 117043K, committed 119468K, reserved 1153024K
  class space    used 13441K, capacity 14656K, committed 15328K, reserved 1048576K
2021-01-19T22:58:57.745+0000: 52983.194: [GC (Allocation Failure) 2021-01-19T22:58:57.746+0000: 52983.195: [ParNew
Desired survivor size 2162688 bytes, new threshold 6 (max 6)
- age   1:      95408 bytes,      95408 total
- age   2:        288 bytes,      95696 total
- age   5:       1736 bytes,      97432 total
- age   6:        536 bytes,      97968 total
: 33891K->100K(38080K), 0.0048009 secs] 122013K->88222K(156172K), 0.0051181 secs] [Times: user=0.02 sys=0.00, real=0.01 secs] 
Heap after GC invocations=769 (full 6):
 par new generation   total 38080K, used 100K [0x0000000085600000, 0x0000000087f50000, 0x000000009a2c0000)
  eden space 33856K,   0% used [0x0000000085600000, 0x0000000085600000, 0x0000000087710000)
  from space 4224K,   2% used [0x0000000087b30000, 0x0000000087b490d0, 0x0000000087f50000)
  to   space 4224K,   0% used [0x0000000087710000, 0x0000000087710000, 0x0000000087b30000)
 concurrent mark-sweep generation total 118092K, used 88121K [0x000000009a2c0000, 0x00000000a1613000, 0x0000000100000000)
 Metaspace       used 110518K, capacity 117043K, committed 119468K, reserved 1153024K
  class space    used 13441K, capacity 14656K, committed 15328K, reserved 1048576K
}
2021-01-19T22:58:57.751+0000: 52983.200: Total time for which application threads were stopped: 0.0058613 seconds, Stopping threads took: 0.0000990 seconds
{Heap before GC invocations=769 (full 6):
 par new generation   total 38080K, used 33956K [0x0000000085600000, 0x0000000087f50000, 0x000000009a2c0000)
  eden space 33856K, 100% used [0x0000000085600000, 0x0000000087710000, 0x0000000087710000)
  from space 4224K,   2% used [0x0000000087b30000, 0x0000000087b490d0, 0x0000000087f50000)
  to   space 4224K,   0% used [0x0000000087710000, 0x0000000087710000, 0x0000000087b30000)
 concurrent mark-sweep generation total 118092K, used 88121K [0x000000009a2c0000, 0x00000000a1613000, 0x0000000100000000)
 Metaspace       used 110519K, capacity 117043K, committed 119468K, reserved 1153024K
  class space    used 13441K, capacity 14656K, committed 15328K, reserved 1048576K
2021-01-19T23:00:38.624+0000: 53084.073: [GC (Allocation Failure) 2021-01-19T23:00:38.624+0000: 53084.073: [ParNew
Desired survivor size 2162688 bytes, new threshold 6 (max 6)
- age   1:      29552 bytes,      29552 total
- age   3:        288 bytes,      29840 total
- age   6:       1736 bytes,      31576 total
: 33956K->38K(38080K), 0.0043291 secs] 122078K->88161K(156172K), 0.0045364 secs] [Times: user=0.01 sys=0.00, real=0.01 secs] 
Heap after GC invocations=770 (full 6):
 par new generation   total 38080K, used 38K [0x0000000085600000, 0x0000000087f50000, 0x000000009a2c0000)
  eden space 33856K,   0% used [0x0000000085600000, 0x0000000085600000, 0x0000000087710000)
  from space 4224K,   0% used [0x0000000087710000, 0x0000000087719a98, 0x0000000087b30000)
  to   space 4224K,   0% used [0x0000000087b30000, 0x0000000087b30000, 0x0000000087f50000)
 concurrent mark-sweep generation total 118092K, used 88122K [0x000000009a2c0000, 0x00000000a1613000, 0x0000000100000000)
 Metaspace       used 110519K, capacity 117043K, committed 119468K, reserved 1153024K
  class space    used 13441K, capacity 14656K, committed 15328K, reserved 1048576K
}
2021-01-19T23:00:38.628+0000: 53084.078: Total time for which application threads were stopped: 0.0051905 seconds, Stopping threads took: 0.0000793 seconds
{Heap before GC invocations=770 (full 6):
 par new generation   total 38080K, used 33894K [0x0000000085600000, 0x0000000087f50000, 0x000000009a2c0000)
  eden space 33856K, 100% used [0x0000000085600000, 0x0000000087710000, 0x0000000087710000)
  from space 4224K,   0% used [0x0000000087710000, 0x0000000087719a98, 0x0000000087b30000)
  to   space 4224K,   0% used [0x0000000087b30000, 0x0000000087b30000, 0x0000000087f50000)
 concurrent mark-sweep generation total 118092K, used 88122K [0x000000009a2c0000, 0x00000000a1613000, 0x0000000100000000)
 Metaspace       used 110521K, capacity 117043K, committed 119468K, reserved 1153024K
  class space    used 13441K, capacity 14656K, committed 15328K, reserved 1048576K
2021-01-19T23:02:18.320+0000: 53183.769: [GC (Allocation Failure) 2021-01-19T23:02:18.320+0000: 53183.769: [ParNew
Desired survivor size 2162688 bytes, new threshold 6 (max 6)
- age   1:      30408 bytes,      30408 total
- age   2:        152 bytes,      30560 total
- age   4:        288 bytes,      30848 total
: 33894K->37K(38080K), 0.0041820 secs] 122017K->88161K(156172K), 0.0043938 secs] [Times: user=0.01 sys=0.00, real=0.00 secs] 
Heap after GC invocations=771 (full 6):
 par new generation   total 38080K, used 37K [0x0000000085600000, 0x0000000087f50000, 0x000000009a2c0000)
  eden space 33856K,   0% used [0x0000000085600000, 0x0000000085600000, 0x0000000087710000)
  from space 4224K,   0% used [0x0000000087b30000, 0x0000000087b39708, 0x0000000087f50000)
  to   space 4224K,   0% used [0x0000000087710000, 0x0000000087710000, 0x0000000087b30000)
 concurrent mark-sweep generation total 118092K, used 88124K [0x000000009a2c0000, 0x00000000a1613000, 0x0000000100000000)
 Metaspace       used 110521K, capacity 117043K, committed 119468K, reserved 1153024K
  class space    used 13441K, capacity 14656K, committed 15328K, reserved 1048576K
}
2021-01-19T23:02:18.324+0000: 53183.773: Total time for which application threads were stopped: 0.0052443 seconds, Stopping threads took: 0.0003108 seconds
2021-01-20T07:37:39.326+0000: 53217.046: Total time for which application threads were stopped: 0.0002755 seconds, Stopping threads took: 0.0000440 seconds
{Heap before GC invocations=771 (full 6):
 par new generation   total 38080K, used 33893K [0x0000000085600000, 0x0000000087f50000, 0x000000009a2c0000)
  eden space 33856K, 100% used [0x0000000085600000, 0x0000000087710000, 0x0000000087710000)
  from space 4224K,   0% used [0x0000000087b30000, 0x0000000087b39708, 0x0000000087f50000)
  to   space 4224K,   0% used [0x0000000087710000, 0x0000000087710000, 0x0000000087b30000)
 concurrent mark-sweep generation total 118092K, used 88124K [0x000000009a2c0000, 0x00000000a1613000, 0x0000000100000000)
 Metaspace       used 110521K, capacity 117043K, committed 119468K, reserved 1153024K
  class space    used 13441K, capacity 14656K, committed 15328K, reserved 1048576K
2021-01-20T07:38:44.244+0000: 53281.965: [GC (Allocation Failure) 2021-01-20T07:38:44.245+0000: 53281.965: [ParNew
Desired survivor size 2162688 bytes, new threshold 6 (max 6)
- age   1:     107152 bytes,     107152 total
- age   2:        120 bytes,     107272 total
- age   5:        288 bytes,     107560 total
: 33893K->107K(38080K), 0.0031344 secs] 122017K->88231K(156172K), 0.0032437 secs] [Times: user=0.01 sys=0.00, real=0.00 secs] 
Heap after GC invocations=772 (full 6):
 par new generation   total 38080K, used 107K [0x0000000085600000, 0x0000000087f50000, 0x000000009a2c0000)
  eden space 33856K,   0% used [0x0000000085600000, 0x0000000085600000, 0x0000000087710000)
  from space 4224K,   2% used [0x0000000087710000, 0x000000008772ac48, 0x0000000087b30000)
  to   space 4224K,   0% used [0x0000000087b30000, 0x0000000087b30000, 0x0000000087f50000)
 concurrent mark-sweep generation total 118092K, used 88124K [0x000000009a2c0000, 0x00000000a1613000, 0x0000000100000000)
 Metaspace       used 110521K, capacity 117043K, committed 119468K, reserved 1153024K
  class space    used 13441K, capacity 14656K, committed 15328K, reserved 1048576K
}
2021-01-20T07:38:44.248+0000: 53281.969: Total time for which application threads were stopped: 0.0035489 seconds, Stopping threads took: 0.0000538 seconds
{Heap before GC invocations=772 (full 6):
 par new generation   total 38080K, used 33963K [0x0000000085600000, 0x0000000087f50000, 0x000000009a2c0000)
  eden space 33856K, 100% used [0x0000000085600000, 0x0000000087710000, 0x0000000087710000)
  from space 4224K,   2% used [0x0000000087710000, 0x000000008772ac48, 0x0000000087b30000)
  to   space 4224K,   0% used [0x0000000087b30000, 0x0000000087b30000, 0x0000000087f50000)
 concurrent mark-sweep generation total 118092K, used 88124K [0x000000009a2c0000, 0x00000000a1613000, 0x0000000100000000)
 Metaspace       used 110521K, capacity 117043K, committed 119468K, reserved 1153024K
  class space    used 13441K, capacity 14656K, committed 15328K, reserved 1048576K
2021-01-20T07:40:24.320+0000: 53382.040: [GC (Allocation Failure) 2021-01-20T07:40:24.320+0000: 53382.041: [ParNew
Desired survivor size 2162688 bytes, new threshold 6 (max 6)
- age   1:      28432 bytes,      28432 total
- age   2:       9584 bytes,      38016 total
- age   6:        288 bytes,      38304 total
: 33963K->42K(38080K), 0.0048827 secs] 122087K->88166K(156172K), 0.0051786 secs] [Times: user=0.01 sys=0.00, real=0.01 secs] 
Heap after GC invocations=773 (full 6):
 par new generation   total 38080K, used 42K [0x0000000085600000, 0x0000000087f50000, 0x000000009a2c0000)
  eden space 33856K,   0% used [0x0000000085600000, 0x0000000085600000, 0x0000000087710000)
  from space 4224K,   1% used [0x0000000087b30000, 0x0000000087b3aa58, 0x0000000087f50000)
  to   space 4224K,   0% used [0x0000000087710000, 0x0000000087710000, 0x0000000087b30000)
 concurrent mark-sweep generation total 118092K, used 88124K [0x000000009a2c0000, 0x00000000a1613000, 0x0000000100000000)
 Metaspace       used 110521K, capacity 117043K, committed 119468K, reserved 1153024K
  class space    used 13441K, capacity 14656K, committed 15328K, reserved 1048576K
}
2021-01-20T07:40:24.325+0000: 53382.046: Total time for which application threads were stopped: 0.0057518 seconds, Stopping threads took: 0.0000768 seconds
{Heap before GC invocations=773 (full 6):
 par new generation   total 38080K, used 33898K [0x0000000085600000, 0x0000000087f50000, 0x000000009a2c0000)
  eden space 33856K, 100% used [0x0000000085600000, 0x0000000087710000, 0x0000000087710000)
  from space 4224K,   1% used [0x0000000087b30000, 0x0000000087b3aa58, 0x0000000087f50000)
  to   space 4224K,   0% used [0x0000000087710000, 0x0000000087710000, 0x0000000087b30000)
 concurrent mark-sweep generation total 118092K, used 88124K [0x000000009a2c0000, 0x00000000a1613000, 0x0000000100000000)
 Metaspace       used 110521K, capacity 117043K, committed 119468K, reserved 1153024K
  class space    used 13441K, capacity 14656K, committed 15328K, reserved 1048576K
2021-01-20T07:42:04.940+0000: 53482.661: [GC (Allocation Failure) 2021-01-20T07:42:04.940+0000: 53482.661: [ParNew
Desired survivor size 2162688 bytes, new threshold 6 (max 6)
- age   1:      30488 bytes,      30488 total
- age   2:         32 bytes,      30520 total
- age   3:       9384 bytes,      39904 total
: 33898K->43K(38080K), 0.0081067 secs] 122022K->88168K(156172K), 0.0083723 secs] [Times: user=0.02 sys=0.00, real=0.01 secs] 
Heap after GC invocations=774 (full 6):
 par new generation   total 38080K, used 43K [0x0000000085600000, 0x0000000087f50000, 0x000000009a2c0000)
  eden space 33856K,   0% used [0x0000000085600000, 0x0000000085600000, 0x0000000087710000)
  from space 4224K,   1% used [0x0000000087710000, 0x000000008771afc8, 0x0000000087b30000)
  to   space 4224K,   0% used [0x0000000087b30000, 0x0000000087b30000, 0x0000000087f50000)
 concurrent mark-sweep generation total 118092K, used 88124K [0x000000009a2c0000, 0x00000000a1613000, 0x0000000100000000)
 Metaspace       used 110521K, capacity 117043K, committed 119468K, reserved 1153024K
  class space    used 13441K, capacity 14656K, committed 15328K, reserved 1048576K
}
2021-01-20T07:42:04.949+0000: 53482.669: Total time for which application threads were stopped: 0.0091158 seconds, Stopping threads took: 0.0000706 seconds
{Heap before GC invocations=774 (full 6):
 par new generation   total 38080K, used 33899K [0x0000000085600000, 0x0000000087f50000, 0x000000009a2c0000)
  eden space 33856K, 100% used [0x0000000085600000, 0x0000000087710000, 0x0000000087710000)
  from space 4224K,   1% used [0x0000000087710000, 0x000000008771afc8, 0x0000000087b30000)
  to   space 4224K,   0% used [0x0000000087b30000, 0x0000000087b30000, 0x0000000087f50000)
 concurrent mark-sweep generation total 118092K, used 88124K [0x000000009a2c0000, 0x00000000a1613000, 0x0000000100000000)
 Metaspace       used 110521K, capacity 117043K, committed 119468K, reserved 1153024K
  class space    used 13441K, capacity 14656K, committed 15328K, reserved 1048576K
2021-01-20T07:43:43.141+0000: 53580.861: [GC (Allocation Failure) 2021-01-20T07:43:43.141+0000: 53580.862: [ParNew
Desired survivor size 2162688 bytes, new threshold 6 (max 6)
- age   1:      97648 bytes,      97648 total
- age   2:        120 bytes,      97768 total
- age   4:       9384 bytes,     107152 total
: 33899K->109K(38080K), 0.0046282 secs] 122024K->88234K(156172K), 0.0049158 secs] [Times: user=0.01 sys=0.00, real=0.01 secs] 
Heap after GC invocations=775 (full 6):
 par new generation   total 38080K, used 109K [0x0000000085600000, 0x0000000087f50000, 0x000000009a2c0000)
  eden space 33856K,   0% used [0x0000000085600000, 0x0000000085600000, 0x0000000087710000)
  from space 4224K,   2% used [0x0000000087b30000, 0x0000000087b4b7f8, 0x0000000087f50000)
  to   space 4224K,   0% used [0x0000000087710000, 0x0000000087710000, 0x0000000087b30000)
 concurrent mark-sweep generation total 118092K, used 88124K [0x000000009a2c0000, 0x00000000a1613000, 0x0000000100000000)
 Metaspace       used 110521K, capacity 117043K, committed 119468K, reserved 1153024K
  class space    used 13441K, capacity 14656K, committed 15328K, reserved 1048576K
}
2021-01-20T07:43:43.146+0000: 53580.866: Total time for which application threads were stopped: 0.0055936 seconds, Stopping threads took: 0.0000924 seconds
2021-01-20T07:45:17.164+0000: 53674.885: Total time for which application threads were stopped: 0.0001517 seconds, Stopping threads took: 0.0000247 seconds
{Heap before GC invocations=775 (full 6):
 par new generation   total 38080K, used 33965K [0x0000000085600000, 0x0000000087f50000, 0x000000009a2c0000)
  eden space 33856K, 100% used [0x0000000085600000, 0x0000000087710000, 0x0000000087710000)
  from space 4224K,   2% used [0x0000000087b30000, 0x0000000087b4b7f8, 0x0000000087f50000)
  to   space 4224K,   0% used [0x0000000087710000, 0x0000000087710000, 0x0000000087b30000)
 concurrent mark-sweep generation total 118092K, used 88124K [0x000000009a2c0000, 0x00000000a1613000, 0x0000000100000000)
 Metaspace       used 110521K, capacity 117043K, committed 119468K, reserved 1153024K
  class space    used 13441K, capacity 14656K, committed 15328K, reserved 1048576K
2021-01-20T07:45:24.075+0000: 53681.796: [GC (Allocation Failure) 2021-01-20T07:45:24.075+0000: 53681.796: [ParNew
Desired survivor size 2162688 bytes, new threshold 6 (max 6)
- age   1:      28656 bytes,      28656 total
- age   2:        200 bytes,      28856 total
- age   5:       9384 bytes,      38240 total
: 33965K->43K(38080K), 0.0060632 secs] 122090K->88167K(156172K), 0.0063885 secs] [Times: user=0.02 sys=0.00, real=0.01 secs] 
Heap after GC invocations=776 (full 6):
 par new generation   total 38080K, used 43K [0x0000000085600000, 0x0000000087f50000, 0x000000009a2c0000)
  eden space 33856K,   0% used [0x0000000085600000, 0x0000000085600000, 0x0000000087710000)
  from space 4224K,   1% used [0x0000000087710000, 0x000000008771ac38, 0x0000000087b30000)
  to   space 4224K,   0% used [0x0000000087b30000, 0x0000000087b30000, 0x0000000087f50000)
 concurrent mark-sweep generation total 118092K, used 88124K [0x000000009a2c0000, 0x00000000a1613000, 0x0000000100000000)
 Metaspace       used 110521K, capacity 117043K, committed 119468K, reserved 1153024K
  class space    used 13441K, capacity 14656K, committed 15328K, reserved 1048576K
}
2021-01-20T07:45:24.082+0000: 53681.803: Total time for which application threads were stopped: 0.0073321 seconds, Stopping threads took: 0.0002025 seconds
{Heap before GC invocations=776 (full 6):
 par new generation   total 38080K, used 33899K [0x0000000085600000, 0x0000000087f50000, 0x000000009a2c0000)
  eden space 33856K, 100% used [0x0000000085600000, 0x0000000087710000, 0x0000000087710000)
  from space 4224K,   1% used [0x0000000087710000, 0x000000008771ac38, 0x0000000087b30000)
  to   space 4224K,   0% used [0x0000000087b30000, 0x0000000087b30000, 0x0000000087f50000)
 concurrent mark-sweep generation total 118092K, used 88124K [0x000000009a2c0000, 0x00000000a1613000, 0x0000000100000000)
 Metaspace       used 110521K, capacity 117043K, committed 119468K, reserved 1153024K
  class space    used 13441K, capacity 14656K, committed 15328K, reserved 1048576K
2021-01-20T07:47:04.039+0000: 53781.760: [GC (Allocation Failure) 2021-01-20T07:47:04.039+0000: 53781.760: [ParNew
Desired survivor size 2162688 bytes, new threshold 6 (max 6)
- age   1:      31648 bytes,      31648 total
- age   2:         32 bytes,      31680 total
- age   3:         80 bytes,      31760 total
- age   6:       9384 bytes,      41144 total
: 33899K->47K(38080K), 0.0056391 secs] 122023K->88171K(156172K), 0.0058705 secs] [Times: user=0.02 sys=0.00, real=0.01 secs] 
Heap after GC invocations=777 (full 6):
 par new generation   total 38080K, used 47K [0x0000000085600000, 0x0000000087f50000, 0x000000009a2c0000)
  eden space 33856K,   0% used [0x0000000085600000, 0x0000000085600000, 0x0000000087710000)
  from space 4224K,   1% used [0x0000000087b30000, 0x0000000087b3bc28, 0x0000000087f50000)
  to   space 4224K,   0% used [0x0000000087710000, 0x0000000087710000, 0x0000000087b30000)
 concurrent mark-sweep generation total 118092K, used 88124K [0x000000009a2c0000, 0x00000000a1613000, 0x0000000100000000)
 Metaspace       used 110521K, capacity 117043K, committed 119468K, reserved 1153024K
  class space    used 13441K, capacity 14656K, committed 15328K, reserved 1048576K
}
2021-01-20T07:47:04.045+0000: 53781.766: Total time for which application threads were stopped: 0.0064473 seconds, Stopping threads took: 0.0000946 seconds
2021-01-20T07:48:08.058+0000: 53845.778: Total time for which application threads were stopped: 0.0004538 seconds, Stopping threads took: 0.0000789 seconds
{Heap before GC invocations=777 (full 6):
 par new generation   total 38080K, used 33903K [0x0000000085600000, 0x0000000087f50000, 0x000000009a2c0000)
  eden space 33856K, 100% used [0x0000000085600000, 0x0000000087710000, 0x0000000087710000)
  from space 4224K,   1% used [0x0000000087b30000, 0x0000000087b3bc28, 0x0000000087f50000)
  to   space 4224K,   0% used [0x0000000087710000, 0x0000000087710000, 0x0000000087b30000)
 concurrent mark-sweep generation total 118092K, used 88124K [0x000000009a2c0000, 0x00000000a1613000, 0x0000000100000000)
 Metaspace       used 110533K, capacity 117107K, committed 119468K, reserved 1153024K
  class space    used 13441K, capacity 14656K, committed 15328K, reserved 1048576K
2021-01-20T07:48:42.032+0000: 53879.753: [GC (Allocation Failure) 2021-01-20T07:48:42.033+0000: 53879.753: [ParNew
Desired survivor size 2162688 bytes, new threshold 6 (max 6)
- age   1:     100184 bytes,     100184 total
- age   2:       1280 bytes,     101464 total
- age   4:         80 bytes,     101544 total
: 33903K->106K(38080K), 0.0051649 secs] 122027K->88240K(156172K), 0.0054477 secs] [Times: user=0.02 sys=0.00, real=0.01 secs] 
Heap after GC invocations=778 (full 6):
 par new generation   total 38080K, used 106K [0x0000000085600000, 0x0000000087f50000, 0x000000009a2c0000)
  eden space 33856K,   0% used [0x0000000085600000, 0x0000000085600000, 0x0000000087710000)
  from space 4224K,   2% used [0x0000000087710000, 0x000000008772a988, 0x0000000087b30000)
  to   space 4224K,   0% used [0x0000000087b30000, 0x0000000087b30000, 0x0000000087f50000)
 concurrent mark-sweep generation total 118092K, used 88133K [0x000000009a2c0000, 0x00000000a1613000, 0x0000000100000000)
 Metaspace       used 110533K, capacity 117107K, committed 119468K, reserved 1153024K
  class space    used 13441K, capacity 14656K, committed 15328K, reserved 1048576K
}
2021-01-20T07:48:42.038+0000: 53879.759: Total time for which application threads were stopped: 0.0062031 seconds, Stopping threads took: 0.0000758 seconds
2021-01-20T07:49:09.043+0000: 53906.763: Total time for which application threads were stopped: 0.0004680 seconds, Stopping threads took: 0.0000805 seconds
{Heap before GC invocations=778 (full 6):
 par new generation   total 38080K, used 33962K [0x0000000085600000, 0x0000000087f50000, 0x000000009a2c0000)
  eden space 33856K, 100% used [0x0000000085600000, 0x0000000087710000, 0x0000000087710000)
  from space 4224K,   2% used [0x0000000087710000, 0x000000008772a988, 0x0000000087b30000)
  to   space 4224K,   0% used [0x0000000087b30000, 0x0000000087b30000, 0x0000000087f50000)
 concurrent mark-sweep generation total 118092K, used 88133K [0x000000009a2c0000, 0x00000000a1613000, 0x0000000100000000)
 Metaspace       used 110536K, capacity 117107K, committed 119468K, reserved 1153024K
  class space    used 13441K, capacity 14656K, committed 15328K, reserved 1048576K
2021-01-20T07:50:22.341+0000: 53980.061: [GC (Allocation Failure) 2021-01-20T07:50:22.341+0000: 53980.061: [ParNew
Desired survivor size 2162688 bytes, new threshold 6 (max 6)
- age   1:      28544 bytes,      28544 total
- age   2:       2600 bytes,      31144 total
- age   3:       1160 bytes,      32304 total
- age   5:         80 bytes,      32384 total
: 33962K->34K(38080K), 0.0054901 secs] 122096K->88167K(156172K), 0.0056301 secs] [Times: user=0.00 sys=0.01, real=0.01 secs] 
Heap after GC invocations=779 (full 6):
 par new generation   total 38080K, used 34K [0x0000000085600000, 0x0000000087f50000, 0x000000009a2c0000)
  eden space 33856K,   0% used [0x0000000085600000, 0x0000000085600000, 0x0000000087710000)
  from space 4224K,   0% used [0x0000000087b30000, 0x0000000087b38808, 0x0000000087f50000)
  to   space 4224K,   0% used [0x0000000087710000, 0x0000000087710000, 0x0000000087b30000)
 concurrent mark-sweep generation total 118092K, used 88133K [0x000000009a2c0000, 0x00000000a1613000, 0x0000000100000000)
 Metaspace       used 110536K, capacity 117107K, committed 119468K, reserved 1153024K
  class space    used 13441K, capacity 14656K, committed 15328K, reserved 1048576K
}
2021-01-20T07:50:22.346+0000: 53980.067: Total time for which application threads were stopped: 0.0059957 seconds, Stopping threads took: 0.0000674 seconds
{Heap before GC invocations=779 (full 6):
 par new generation   total 38080K, used 33890K [0x0000000085600000, 0x0000000087f50000, 0x000000009a2c0000)
  eden space 33856K, 100% used [0x0000000085600000, 0x0000000087710000, 0x0000000087710000)
  from space 4224K,   0% used [0x0000000087b30000, 0x0000000087b38808, 0x0000000087f50000)
  to   space 4224K,   0% used [0x0000000087710000, 0x0000000087710000, 0x0000000087b30000)
 concurrent mark-sweep generation total 118092K, used 88133K [0x000000009a2c0000, 0x00000000a1613000, 0x0000000100000000)
 Metaspace       used 110536K, capacity 117107K, committed 119468K, reserved 1153024K
  class space    used 13441K, capacity 14656K, committed 15328K, reserved 1048576K
2021-01-20T07:52:01.940+0000: 54079.661: [GC (Allocation Failure) 2021-01-20T07:52:01.940+0000: 54079.661: [ParNew
Desired survivor size 2162688 bytes, new threshold 6 (max 6)
- age   1:      30400 bytes,      30400 total
- age   2:        416 bytes,      30816 total
- age   3:       2432 bytes,      33248 total
- age   4:       1160 bytes,      34408 total
- age   6:         80 bytes,      34488 total
: 33890K->39K(38080K), 0.0060741 secs] 122023K->88173K(156172K), 0.0062864 secs] [Times: user=0.01 sys=0.01, real=0.01 secs] 
Heap after GC invocations=780 (full 6):
 par new generation   total 38080K, used 39K [0x0000000085600000, 0x0000000087f50000, 0x000000009a2c0000)
  eden space 33856K,   0% used [0x0000000085600000, 0x0000000085600000, 0x0000000087710000)
  from space 4224K,   0% used [0x0000000087710000, 0x0000000087719df8, 0x0000000087b30000)
  to   space 4224K,   0% used [0x0000000087b30000, 0x0000000087b30000, 0x0000000087f50000)
 concurrent mark-sweep generation total 118092K, used 88133K [0x000000009a2c0000, 0x00000000a1613000, 0x0000000100000000)
 Metaspace       used 110536K, capacity 117107K, committed 119468K, reserved 1153024K
  class space    used 13441K, capacity 14656K, committed 15328K, reserved 1048576K
}
2021-01-20T07:52:01.946+0000: 54079.667: Total time for which application threads were stopped: 0.0068890 seconds, Stopping threads took: 0.0000793 seconds
2021-01-20T07:53:06.959+0000: 54144.679: Total time for which application threads were stopped: 0.0004906 seconds, Stopping threads took: 0.0000770 seconds
{Heap before GC invocations=780 (full 6):
 par new generation   total 38080K, used 33895K [0x0000000085600000, 0x0000000087f50000, 0x000000009a2c0000)
  eden space 33856K, 100% used [0x0000000085600000, 0x0000000087710000, 0x0000000087710000)
  from space 4224K,   0% used [0x0000000087710000, 0x0000000087719df8, 0x0000000087b30000)
  to   space 4224K,   0% used [0x0000000087b30000, 0x0000000087b30000, 0x0000000087f50000)
 concurrent mark-sweep generation total 118092K, used 88133K [0x000000009a2c0000, 0x00000000a1613000, 0x0000000100000000)
 Metaspace       used 110538K, capacity 117107K, committed 119468K, reserved 1153024K
  class space    used 13442K, capacity 14656K, committed 15328K, reserved 1048576K
2021-01-20T07:53:39.741+0000: 54177.462: [GC (Allocation Failure) 2021-01-20T07:53:39.741+0000: 54177.462: [ParNew
Desired survivor size 2162688 bytes, new threshold 6 (max 6)
- age   1:     136304 bytes,     136304 total
- age   2:        120 bytes,     136424 total
- age   3:        384 bytes,     136808 total
- age   4:       2400 bytes,     139208 total
- age   5:       1160 bytes,     140368 total
: 33895K->145K(38080K), 0.0159893 secs] 122029K->88278K(156172K), 0.0164231 secs] [Times: user=0.03 sys=0.00, real=0.02 secs] 
Heap after GC invocations=781 (full 6):
 par new generation   total 38080K, used 145K [0x0000000085600000, 0x0000000087f50000, 0x000000009a2c0000)
  eden space 33856K,   0% used [0x0000000085600000, 0x0000000085600000, 0x0000000087710000)
  from space 4224K,   3% used [0x0000000087b30000, 0x0000000087b544c8, 0x0000000087f50000)
  to   space 4224K,   0% used [0x0000000087710000, 0x0000000087710000, 0x0000000087b30000)
 concurrent mark-sweep generation total 118092K, used 88133K [0x000000009a2c0000, 0x00000000a1613000, 0x0000000100000000)
 Metaspace       used 110538K, capacity 117107K, committed 119468K, reserved 1153024K
  class space    used 13442K, capacity 14656K, committed 15328K, reserved 1048576K
}
2021-01-20T07:53:39.757+0000: 54177.478: Total time for which application threads were stopped: 0.0173981 seconds, Stopping threads took: 0.0001978 seconds
2021-01-20T07:54:57.772+0000: 54255.493: Total time for which application threads were stopped: 0.0004852 seconds, Stopping threads took: 0.0000810 seconds
{Heap before GC invocations=781 (full 6):
 par new generation   total 38080K, used 34001K [0x0000000085600000, 0x0000000087f50000, 0x000000009a2c0000)
  eden space 33856K, 100% used [0x0000000085600000, 0x0000000087710000, 0x0000000087710000)
  from space 4224K,   3% used [0x0000000087b30000, 0x0000000087b544c8, 0x0000000087f50000)
  to   space 4224K,   0% used [0x0000000087710000, 0x0000000087710000, 0x0000000087b30000)
 concurrent mark-sweep generation total 118092K, used 88133K [0x000000009a2c0000, 0x00000000a1613000, 0x0000000100000000)
 Metaspace       used 110538K, capacity 117107K, committed 119468K, reserved 1153024K
  class space    used 13442K, capacity 14656K, committed 15328K, reserved 1048576K
2021-01-20T07:55:20.056+0000: 54277.777: [GC (Allocation Failure) 2021-01-20T07:55:20.056+0000: 54277.777: [ParNew
Desired survivor size 2162688 bytes, new threshold 6 (max 6)
- age   1:      63944 bytes,      63944 total
- age   2:      36600 bytes,     100544 total
- age   4:        384 bytes,     100928 total
- age   5:       2400 bytes,     103328 total
- age   6:       1160 bytes,     104488 total
: 34001K->108K(38080K), 0.0108056 secs] 122134K->88242K(156172K), 0.0111795 secs] [Times: user=0.03 sys=0.00, real=0.01 secs] 
Heap after GC invocations=782 (full 6):
 par new generation   total 38080K, used 108K [0x0000000085600000, 0x0000000087f50000, 0x000000009a2c0000)
  eden space 33856K,   0% used [0x0000000085600000, 0x0000000085600000, 0x0000000087710000)
  from space 4224K,   2% used [0x0000000087710000, 0x000000008772b1a0, 0x0000000087b30000)
  to   space 4224K,   0% used [0x0000000087b30000, 0x0000000087b30000, 0x0000000087f50000)
 concurrent mark-sweep generation total 118092K, used 88133K [0x000000009a2c0000, 0x00000000a1613000, 0x0000000100000000)
 Metaspace       used 110538K, capacity 117107K, committed 119468K, reserved 1153024K
  class space    used 13442K, capacity 14656K, committed 15328K, reserved 1048576K
}
2021-01-20T07:55:20.067+0000: 54277.788: Total time for which application threads were stopped: 0.0121820 seconds, Stopping threads took: 0.0001758 seconds
{Heap before GC invocations=782 (full 6):
 par new generation   total 38080K, used 33964K [0x0000000085600000, 0x0000000087f50000, 0x000000009a2c0000)
  eden space 33856K, 100% used [0x0000000085600000, 0x0000000087710000, 0x0000000087710000)
  from space 4224K,   2% used [0x0000000087710000, 0x000000008772b1a0, 0x0000000087b30000)
  to   space 4224K,   0% used [0x0000000087b30000, 0x0000000087b30000, 0x0000000087f50000)
 concurrent mark-sweep generation total 118092K, used 88133K [0x000000009a2c0000, 0x00000000a1613000, 0x0000000100000000)
 Metaspace       used 110538K, capacity 117107K, committed 119468K, reserved 1153024K
  class space    used 13442K, capacity 14656K, committed 15328K, reserved 1048576K
2021-01-20T07:56:59.251+0000: 54376.972: [GC (Allocation Failure) 2021-01-20T07:56:59.252+0000: 54376.972: [ParNew
Desired survivor size 2162688 bytes, new threshold 6 (max 6)
- age   1:      32080 bytes,      32080 total
- age   2:      33840 bytes,      65920 total
- age   3:      36288 bytes,     102208 total
- age   5:        384 bytes,     102592 total
- age   6:       2400 bytes,     104992 total
: 33964K->107K(38080K), 0.0055441 secs] 122098K->88242K(156172K), 0.0057653 secs] [Times: user=0.02 sys=0.00, real=0.01 secs] 
Heap after GC invocations=783 (full 6):
 par new generation   total 38080K, used 107K [0x0000000085600000, 0x0000000087f50000, 0x000000009a2c0000)
  eden space 33856K,   0% used [0x0000000085600000, 0x0000000085600000, 0x0000000087710000)
  from space 4224K,   2% used [0x0000000087b30000, 0x0000000087b4ade0, 0x0000000087f50000)
  to   space 4224K,   0% used [0x0000000087710000, 0x0000000087710000, 0x0000000087b30000)
 concurrent mark-sweep generation total 118092K, used 88134K [0x000000009a2c0000, 0x00000000a1613000, 0x0000000100000000)
 Metaspace       used 110538K, capacity 117107K, committed 119468K, reserved 1153024K
  class space    used 13442K, capacity 14656K, committed 15328K, reserved 1048576K
}
2021-01-20T07:56:59.257+0000: 54376.978: Total time for which application threads were stopped: 0.0063758 seconds, Stopping threads took: 0.0000783 seconds
2021-01-20T07:58:06.268+0000: 54443.989: Total time for which application threads were stopped: 0.0005452 seconds, Stopping threads took: 0.0000627 seconds
{Heap before GC invocations=783 (full 6):
 par new generation   total 38080K, used 33963K [0x0000000085600000, 0x0000000087f50000, 0x000000009a2c0000)
  eden space 33856K, 100% used [0x0000000085600000, 0x0000000087710000, 0x0000000087710000)
  from space 4224K,   2% used [0x0000000087b30000, 0x0000000087b4ade0, 0x0000000087f50000)
  to   space 4224K,   0% used [0x0000000087710000, 0x0000000087710000, 0x0000000087b30000)
 concurrent mark-sweep generation total 118092K, used 88134K [0x000000009a2c0000, 0x00000000a1613000, 0x0000000100000000)
 Metaspace       used 110541K, capacity 117107K, committed 119468K, reserved 1153024K
  class space    used 13442K, capacity 14656K, committed 15328K, reserved 1048576K
2021-01-20T07:58:38.868+0000: 54476.589: [GC (Allocation Failure) 2021-01-20T07:58:38.868+0000: 54476.589: [ParNew
Desired survivor size 2162688 bytes, new threshold 6 (max 6)
- age   1:     101136 bytes,     101136 total
- age   2:        120 bytes,     101256 total
- age   3:      33768 bytes,     135024 total
- age   4:      36000 bytes,     171024 total
- age   6:        384 bytes,     171408 total
: 33963K->182K(38080K), 0.0113507 secs] 122098K->88319K(156172K), 0.0116819 secs] [Times: user=0.03 sys=0.00, real=0.01 secs] 
Heap after GC invocations=784 (full 6):
 par new generation   total 38080K, used 182K [0x0000000085600000, 0x0000000087f50000, 0x000000009a2c0000)
  eden space 33856K,   0% used [0x0000000085600000, 0x0000000085600000, 0x0000000087710000)
  from space 4224K,   4% used [0x0000000087710000, 0x000000008773d880, 0x0000000087b30000)
  to   space 4224K,   0% used [0x0000000087b30000, 0x0000000087b30000, 0x0000000087f50000)
 concurrent mark-sweep generation total 118092K, used 88137K [0x000000009a2c0000, 0x00000000a1613000, 0x0000000100000000)
 Metaspace       used 110541K, capacity 117107K, committed 119468K, reserved 1153024K
  class space    used 13442K, capacity 14656K, committed 15328K, reserved 1048576K
}
2021-01-20T07:58:38.880+0000: 54476.601: Total time for which application threads were stopped: 0.0124729 seconds, Stopping threads took: 0.0000786 seconds
2021-01-20T07:58:48.882+0000: 54486.603: Total time for which application threads were stopped: 0.0005711 seconds, Stopping threads took: 0.0000953 seconds
2021-01-20T07:59:38.894+0000: 54536.614: Total time for which application threads were stopped: 0.0012092 seconds, Stopping threads took: 0.0005538 seconds
2021-01-20T07:59:48.896+0000: 54546.617: Total time for which application threads were stopped: 0.0006466 seconds, Stopping threads took: 0.0000952 seconds
{Heap before GC invocations=784 (full 6):
 par new generation   total 38080K, used 34038K [0x0000000085600000, 0x0000000087f50000, 0x000000009a2c0000)
  eden space 33856K, 100% used [0x0000000085600000, 0x0000000087710000, 0x0000000087710000)
  from space 4224K,   4% used [0x0000000087710000, 0x000000008773d880, 0x0000000087b30000)
  to   space 4224K,   0% used [0x0000000087b30000, 0x0000000087b30000, 0x0000000087f50000)
 concurrent mark-sweep generation total 118092K, used 88137K [0x000000009a2c0000, 0x00000000a1613000, 0x0000000100000000)
 Metaspace       used 110547K, capacity 117107K, committed 119468K, reserved 1153024K
  class space    used 13442K, capacity 14656K, committed 15328K, reserved 1048576K
2021-01-20T08:00:16.664+0000: 54574.385: [GC (Allocation Failure) 2021-01-20T08:00:16.665+0000: 54574.386: [ParNew
Desired survivor size 2162688 bytes, new threshold 6 (max 6)
- age   1:      29472 bytes,      29472 total
- age   2:        440 bytes,      29912 total
- age   4:      33736 bytes,      63648 total
- age   5:      35808 bytes,      99456 total
: 34038K->103K(38080K), 0.0047199 secs] 122175K->88241K(156172K), 0.0059001 secs] [Times: user=0.01 sys=0.00, real=0.01 secs] 
Heap after GC invocations=785 (full 6):
 par new generation   total 38080K, used 103K [0x0000000085600000, 0x0000000087f50000, 0x000000009a2c0000)
  eden space 33856K,   0% used [0x0000000085600000, 0x0000000085600000, 0x0000000087710000)
  from space 4224K,   2% used [0x0000000087b30000, 0x0000000087b49ea8, 0x0000000087f50000)
  to   space 4224K,   0% used [0x0000000087710000, 0x0000000087710000, 0x0000000087b30000)
 concurrent mark-sweep generation total 118092K, used 88137K [0x000000009a2c0000, 0x00000000a1613000, 0x0000000100000000)
 Metaspace       used 110547K, capacity 117107K, committed 119468K, reserved 1153024K
  class space    used 13442K, capacity 14656K, committed 15328K, reserved 1048576K
}
2021-01-20T08:00:16.670+0000: 54574.390: Total time for which application threads were stopped: 0.0070578 seconds, Stopping threads took: 0.0002437 seconds
2021-01-20T08:01:39.686+0000: 54657.407: Total time for which application threads were stopped: 0.0005352 seconds, Stopping threads took: 0.0000802 seconds
{Heap before GC invocations=785 (full 6):
 par new generation   total 38080K, used 33959K [0x0000000085600000, 0x0000000087f50000, 0x000000009a2c0000)
  eden space 33856K, 100% used [0x0000000085600000, 0x0000000087710000, 0x0000000087710000)
  from space 4224K,   2% used [0x0000000087b30000, 0x0000000087b49ea8, 0x0000000087f50000)
  to   space 4224K,   0% used [0x0000000087710000, 0x0000000087710000, 0x0000000087b30000)
 concurrent mark-sweep generation total 118092K, used 88137K [0x000000009a2c0000, 0x00000000a1613000, 0x0000000100000000)
 Metaspace       used 110551K, capacity 117107K, committed 119468K, reserved 1153024K
  class space    used 13442K, capacity 14656K, committed 15328K, reserved 1048576K
2021-01-20T08:01:56.810+0000: 54674.530: [GC (Allocation Failure) 2021-01-20T08:01:56.810+0000: 54674.531: [ParNew
Desired survivor size 2162688 bytes, new threshold 6 (max 6)
- age   1:      30760 bytes,      30760 total
- age   2:        320 bytes,      31080 total
- age   3:        320 bytes,      31400 total
- age   6:       1288 bytes,      32688 total
: 33959K->41K(38080K), 0.0090620 secs] 122097K->88179K(156172K), 0.0093225 secs] [Times: user=0.03 sys=0.00, real=0.01 secs] 
Heap after GC invocations=786 (full 6):
 par new generation   total 38080K, used 41K [0x0000000085600000, 0x0000000087f50000, 0x000000009a2c0000)
  eden space 33856K,   0% used [0x0000000085600000, 0x0000000085600000, 0x0000000087710000)
  from space 4224K,   0% used [0x0000000087710000, 0x000000008771a638, 0x0000000087b30000)
  to   space 4224K,   0% used [0x0000000087b30000, 0x0000000087b30000, 0x0000000087f50000)
 concurrent mark-sweep generation total 118092K, used 88137K [0x000000009a2c0000, 0x00000000a1613000, 0x0000000100000000)
 Metaspace       used 110551K, capacity 117107K, committed 119468K, reserved 1153024K
  class space    used 13442K, capacity 14656K, committed 15328K, reserved 1048576K
}
2021-01-20T08:01:56.819+0000: 54674.540: Total time for which application threads were stopped: 0.0099248 seconds, Stopping threads took: 0.0000762 seconds
2021-01-20T08:02:09.822+0000: 54687.543: Total time for which application threads were stopped: 0.0005325 seconds, Stopping threads took: 0.0000903 seconds
2021-01-20T08:02:39.827+0000: 54717.548: Total time for which application threads were stopped: 0.0001764 seconds, Stopping threads took: 0.0000316 seconds
2021-01-20T08:03:09.833+0000: 54747.554: Total time for which application threads were stopped: 0.0009689 seconds, Stopping threads took: 0.0002107 seconds
{Heap before GC invocations=786 (full 6):
 par new generation   total 38080K, used 33897K [0x0000000085600000, 0x0000000087f50000, 0x000000009a2c0000)
  eden space 33856K, 100% used [0x0000000085600000, 0x0000000087710000, 0x0000000087710000)
  from space 4224K,   0% used [0x0000000087710000, 0x000000008771a638, 0x0000000087b30000)
  to   space 4224K,   0% used [0x0000000087b30000, 0x0000000087b30000, 0x0000000087f50000)
 concurrent mark-sweep generation total 118092K, used 88137K [0x000000009a2c0000, 0x00000000a1613000, 0x0000000100000000)
 Metaspace       used 110554K, capacity 117171K, committed 119468K, reserved 1153024K
  class space    used 13442K, capacity 14656K, committed 15328K, reserved 1048576K
2021-01-20T08:03:37.115+0000: 54774.836: [GC (Allocation Failure) 2021-01-20T08:03:37.115+0000: 54774.836: [ParNew
Desired survivor size 2162688 bytes, new threshold 6 (max 6)
- age   1:      96320 bytes,      96320 total
- age   2:        856 bytes,      97176 total
- age   3:        168 bytes,      97344 total
- age   4:        320 bytes,      97664 total
: 33897K->100K(38080K), 0.0051806 secs] 122035K->88239K(156172K), 0.0053912 secs] [Times: user=0.02 sys=0.00, real=0.01 secs] 
Heap after GC invocations=787 (full 6):
 par new generation   total 38080K, used 100K [0x0000000085600000, 0x0000000087f50000, 0x000000009a2c0000)
  eden space 33856K,   0% used [0x0000000085600000, 0x0000000085600000, 0x0000000087710000)
  from space 4224K,   2% used [0x0000000087b30000, 0x0000000087b49330, 0x0000000087f50000)
  to   space 4224K,   0% used [0x0000000087710000, 0x0000000087710000, 0x0000000087b30000)
 concurrent mark-sweep generation total 118092K, used 88138K [0x000000009a2c0000, 0x00000000a1613000, 0x0000000100000000)
 Metaspace       used 110554K, capacity 117171K, committed 119468K, reserved 1153024K
  class space    used 13442K, capacity 14656K, committed 15328K, reserved 1048576K
}
2021-01-20T08:03:37.120+0000: 54774.841: Total time for which application threads were stopped: 0.0058658 seconds, Stopping threads took: 0.0000503 seconds
2021-01-20T08:04:39.132+0000: 54836.852: Total time for which application threads were stopped: 0.0004694 seconds, Stopping threads took: 0.0000811 seconds
{Heap before GC invocations=787 (full 6):
 par new generation   total 38080K, used 33956K [0x0000000085600000, 0x0000000087f50000, 0x000000009a2c0000)
  eden space 33856K, 100% used [0x0000000085600000, 0x0000000087710000, 0x0000000087710000)
  from space 4224K,   2% used [0x0000000087b30000, 0x0000000087b49330, 0x0000000087f50000)
  to   space 4224K,   0% used [0x0000000087710000, 0x0000000087710000, 0x0000000087b30000)
 concurrent mark-sweep generation total 118092K, used 88138K [0x000000009a2c0000, 0x00000000a1613000, 0x0000000100000000)
 Metaspace       used 110555K, capacity 117175K, committed 119468K, reserved 1153024K
  class space    used 13442K, capacity 14656K, committed 15328K, reserved 1048576K
2021-01-20T08:05:14.836+0000: 54872.557: [GC (Allocation Failure) 2021-01-20T08:05:14.836+0000: 54872.557: [ParNew
Desired survivor size 2162688 bytes, new threshold 6 (max 6)
- age   1:      29368 bytes,      29368 total
- age   2:        304 bytes,      29672 total
- age   3:        800 bytes,      30472 total
- age   4:        168 bytes,      30640 total
- age   5:        320 bytes,      30960 total
: 33956K->37K(38080K), 0.0056331 secs] 122095K->88176K(156172K), 0.0058982 secs] [Times: user=0.02 sys=0.00, real=0.00 secs] 
Heap after GC invocations=788 (full 6):
 par new generation   total 38080K, used 37K [0x0000000085600000, 0x0000000087f50000, 0x000000009a2c0000)
  eden space 33856K,   0% used [0x0000000085600000, 0x0000000085600000, 0x0000000087710000)
  from space 4224K,   0% used [0x0000000087710000, 0x00000000877196d8, 0x0000000087b30000)
  to   space 4224K,   0% used [0x0000000087b30000, 0x0000000087b30000, 0x0000000087f50000)
 concurrent mark-sweep generation total 118092K, used 88138K [0x000000009a2c0000, 0x00000000a1613000, 0x0000000100000000)
 Metaspace       used 110555K, capacity 117175K, committed 119468K, reserved 1153024K
  class space    used 13442K, capacity 14656K, committed 15328K, reserved 1048576K
}
2021-01-20T08:05:14.842+0000: 54872.563: Total time for which application threads were stopped: 0.0067717 seconds, Stopping threads took: 0.0001209 seconds
2021-01-20T08:06:39.860+0000: 54957.581: Total time for which application threads were stopped: 0.0004840 seconds, Stopping threads took: 0.0000820 seconds
{Heap before GC invocations=788 (full 6):
 par new generation   total 38080K, used 33893K [0x0000000085600000, 0x0000000087f50000, 0x000000009a2c0000)
  eden space 33856K, 100% used [0x0000000085600000, 0x0000000087710000, 0x0000000087710000)
  from space 4224K,   0% used [0x0000000087710000, 0x00000000877196d8, 0x0000000087b30000)
  to   space 4224K,   0% used [0x0000000087b30000, 0x0000000087b30000, 0x0000000087f50000)
 concurrent mark-sweep generation total 118092K, used 88138K [0x000000009a2c0000, 0x00000000a1613000, 0x0000000100000000)
 Metaspace       used 110555K, capacity 117175K, committed 119468K, reserved 1153024K
  class space    used 13442K, capacity 14656K, committed 15328K, reserved 1048576K
2021-01-20T08:06:54.402+0000: 54972.123: [GC (Allocation Failure) 2021-01-20T08:06:54.403+0000: 54972.123: [ParNew
Desired survivor size 2162688 bytes, new threshold 6 (max 6)
- age   1:      30464 bytes,      30464 total
- age   2:        120 bytes,      30584 total
- age   3:        128 bytes,      30712 total
- age   4:        800 bytes,      31512 total
- age   5:        168 bytes,      31680 total
- age   6:        320 bytes,      32000 total
: 33893K->36K(38080K), 0.0056325 secs] 122032K->88175K(156172K), 0.0059669 secs] [Times: user=0.01 sys=0.00, real=0.01 secs] 
Heap after GC invocations=789 (full 6):
 par new generation   total 38080K, used 36K [0x0000000085600000, 0x0000000087f50000, 0x000000009a2c0000)
  eden space 33856K,   0% used [0x0000000085600000, 0x0000000085600000, 0x0000000087710000)
  from space 4224K,   0% used [0x0000000087b30000, 0x0000000087b39348, 0x0000000087f50000)
  to   space 4224K,   0% used [0x0000000087710000, 0x0000000087710000, 0x0000000087b30000)
 concurrent mark-sweep generation total 118092K, used 88138K [0x000000009a2c0000, 0x00000000a1613000, 0x0000000100000000)
 Metaspace       used 110555K, capacity 117175K, committed 119468K, reserved 1153024K
  class space    used 13442K, capacity 14656K, committed 15328K, reserved 1048576K
}
2021-01-20T08:06:54.409+0000: 54972.129: Total time for which application threads were stopped: 0.0067644 seconds, Stopping threads took: 0.0001158 seconds
{Heap before GC invocations=789 (full 6):
 par new generation   total 38080K, used 33881K [0x0000000085600000, 0x0000000087f50000, 0x000000009a2c0000)
  eden space 33856K,  99% used [0x0000000085600000, 0x000000008770d348, 0x0000000087710000)
  from space 4224K,   0% used [0x0000000087b30000, 0x0000000087b39348, 0x0000000087f50000)
  to   space 4224K,   0% used [0x0000000087710000, 0x0000000087710000, 0x0000000087b30000)
 concurrent mark-sweep generation total 118092K, used 88138K [0x000000009a2c0000, 0x00000000a1613000, 0x0000000100000000)
 Metaspace       used 110555K, capacity 117175K, committed 119468K, reserved 1153024K
  class space    used 13442K, capacity 14656K, committed 15328K, reserved 1048576K
2021-01-20T08:08:35.384+0000: 55073.105: [GC (Allocation Failure) 2021-01-20T08:08:35.384+0000: 55073.105: [ParNew
Desired survivor size 2162688 bytes, new threshold 6 (max 6)
- age   1:      29192 bytes,      29192 total
- age   2:         32 bytes,      29224 total
- age   4:        128 bytes,      29352 total
- age   5:        800 bytes,      30152 total
- age   6:        168 bytes,      30320 total
: 33881K->38K(38080K), 0.0057780 secs] 122020K->88177K(156172K), 0.0060336 secs] [Times: user=0.02 sys=0.01, real=0.00 secs] 
Heap after GC invocations=790 (full 6):
 par new generation   total 38080K, used 38K [0x0000000085600000, 0x0000000087f50000, 0x000000009a2c0000)
  eden space 33856K,   0% used [0x0000000085600000, 0x0000000085600000, 0x0000000087710000)
  from space 4224K,   0% used [0x0000000087710000, 0x0000000087719888, 0x0000000087b30000)
  to   space 4224K,   0% used [0x0000000087b30000, 0x0000000087b30000, 0x0000000087f50000)
 concurrent mark-sweep generation total 118092K, used 88139K [0x000000009a2c0000, 0x00000000a1613000, 0x0000000100000000)
 Metaspace       used 110555K, capacity 117175K, committed 119468K, reserved 1153024K
  class space    used 13442K, capacity 14656K, committed 15328K, reserved 1048576K
}
2021-01-20T08:08:35.390+0000: 55073.111: Total time for which application threads were stopped: 0.0067583 seconds, Stopping threads took: 0.0000860 seconds
2021-01-20T08:09:27.401+0000: 55125.122: Total time for which application threads were stopped: 0.0004661 seconds, Stopping threads took: 0.0000801 seconds
2021-01-20T08:09:42.404+0000: 55140.125: Total time for which application threads were stopped: 0.0004784 seconds, Stopping threads took: 0.0000837 seconds
{Heap before GC invocations=790 (full 6):
 par new generation   total 38080K, used 33894K [0x0000000085600000, 0x0000000087f50000, 0x000000009a2c0000)
  eden space 33856K, 100% used [0x0000000085600000, 0x0000000087710000, 0x0000000087710000)
  from space 4224K,   0% used [0x0000000087710000, 0x0000000087719888, 0x0000000087b30000)
  to   space 4224K,   0% used [0x0000000087b30000, 0x0000000087b30000, 0x0000000087f50000)
 concurrent mark-sweep generation total 118092K, used 88139K [0x000000009a2c0000, 0x00000000a1613000, 0x0000000100000000)
 Metaspace       used 110560K, capacity 117175K, committed 119468K, reserved 1153024K
  class space    used 13442K, capacity 14656K, committed 15328K, reserved 1048576K
2021-01-20T08:10:12.799+0000: 55170.520: [GC (Allocation Failure) 2021-01-20T08:10:12.799+0000: 55170.520: [ParNew
Desired survivor size 2162688 bytes, new threshold 6 (max 6)
- age   1:      30528 bytes,      30528 total
- age   2:        152 bytes,      30680 total
- age   5:        128 bytes,      30808 total
- age   6:        800 bytes,      31608 total
: 33894K->33K(38080K), 0.0063167 secs] 122033K->88173K(156172K), 0.0066339 secs] [Times: user=0.02 sys=0.00, real=0.01 secs] 
Heap after GC invocations=791 (full 6):
 par new generation   total 38080K, used 33K [0x0000000085600000, 0x0000000087f50000, 0x000000009a2c0000)
  eden space 33856K,   0% used [0x0000000085600000, 0x0000000085600000, 0x0000000087710000)
  from space 4224K,   0% used [0x0000000087b30000, 0x0000000087b38748, 0x0000000087f50000)
  to   space 4224K,   0% used [0x0000000087710000, 0x0000000087710000, 0x0000000087b30000)
 concurrent mark-sweep generation total 118092K, used 88139K [0x000000009a2c0000, 0x00000000a1613000, 0x0000000100000000)
 Metaspace       used 110560K, capacity 117175K, committed 119468K, reserved 1153024K
  class space    used 13442K, capacity 14656K, committed 15328K, reserved 1048576K
}
2021-01-20T08:10:12.806+0000: 55170.527: Total time for which application threads were stopped: 0.0073467 seconds, Stopping threads took: 0.0000918 seconds
{Heap before GC invocations=791 (full 6):
 par new generation   total 38080K, used 33889K [0x0000000085600000, 0x0000000087f50000, 0x000000009a2c0000)
  eden space 33856K, 100% used [0x0000000085600000, 0x0000000087710000, 0x0000000087710000)
  from space 4224K,   0% used [0x0000000087b30000, 0x0000000087b38748, 0x0000000087f50000)
  to   space 4224K,   0% used [0x0000000087710000, 0x0000000087710000, 0x0000000087b30000)
 concurrent mark-sweep generation total 118092K, used 88139K [0x000000009a2c0000, 0x00000000a1613000, 0x0000000100000000)
 Metaspace       used 110560K, capacity 117175K, committed 119468K, reserved 1153024K
  class space    used 13442K, capacity 14656K, committed 15328K, reserved 1048576K
2021-01-20T08:11:52.164+0000: 55269.885: [GC (Allocation Failure) 2021-01-20T08:11:52.164+0000: 55269.885: [ParNew
Desired survivor size 2162688 bytes, new threshold 6 (max 6)
- age   1:      64168 bytes,      64168 total
- age   2:        624 bytes,      64792 total
- age   6:        128 bytes,      64920 total
: 33889K->71K(38080K), 0.0089344 secs] 122029K->88211K(156172K), 0.0092585 secs] [Times: user=0.02 sys=0.01, real=0.00 secs] 
Heap after GC invocations=792 (full 6):
 par new generation   total 38080K, used 71K [0x0000000085600000, 0x0000000087f50000, 0x000000009a2c0000)
  eden space 33856K,   0% used [0x0000000085600000, 0x0000000085600000, 0x0000000087710000)
  from space 4224K,   1% used [0x0000000087710000, 0x0000000087721c50, 0x0000000087b30000)
  to   space 4224K,   0% used [0x0000000087b30000, 0x0000000087b30000, 0x0000000087f50000)
 concurrent mark-sweep generation total 118092K, used 88140K [0x000000009a2c0000, 0x00000000a1613000, 0x0000000100000000)
 Metaspace       used 110560K, capacity 117175K, committed 119468K, reserved 1153024K
  class space    used 13442K, capacity 14656K, committed 15328K, reserved 1048576K
}
2021-01-20T08:11:52.174+0000: 55269.894: Total time for which application threads were stopped: 0.0102772 seconds, Stopping threads took: 0.0001453 seconds
2021-01-20T08:13:18.188+0000: 55355.908: Total time for which application threads were stopped: 0.0001712 seconds, Stopping threads took: 0.0000311 seconds
2021-01-20T08:13:28.189+0000: 55365.910: Total time for which application threads were stopped: 0.0004568 seconds, Stopping threads took: 0.0000786 seconds
{Heap before GC invocations=792 (full 6):
 par new generation   total 38080K, used 33927K [0x0000000085600000, 0x0000000087f50000, 0x000000009a2c0000)
  eden space 33856K, 100% used [0x0000000085600000, 0x0000000087710000, 0x0000000087710000)
  from space 4224K,   1% used [0x0000000087710000, 0x0000000087721c50, 0x0000000087b30000)
  to   space 4224K,   0% used [0x0000000087b30000, 0x0000000087b30000, 0x0000000087f50000)
 concurrent mark-sweep generation total 118092K, used 88140K [0x000000009a2c0000, 0x00000000a1613000, 0x0000000100000000)
 Metaspace       used 110560K, capacity 117175K, committed 119468K, reserved 1153024K
  class space    used 13442K, capacity 14656K, committed 15328K, reserved 1048576K
2021-01-20T08:13:33.353+0000: 55371.074: [GC (Allocation Failure) 2021-01-20T08:13:33.353+0000: 55371.074: [ParNew
Desired survivor size 2162688 bytes, new threshold 6 (max 6)
- age   1:      29312 bytes,      29312 total
- age   2:         48 bytes,      29360 total
- age   3:        472 bytes,      29832 total
: 33927K->33K(38080K), 0.0032384 secs] 122067K->88173K(156172K), 0.0034214 secs] [Times: user=0.01 sys=0.00, real=0.01 secs] 
Heap after GC invocations=793 (full 6):
 par new generation   total 38080K, used 33K [0x0000000085600000, 0x0000000087f50000, 0x000000009a2c0000)
  eden space 33856K,   0% used [0x0000000085600000, 0x0000000085600000, 0x0000000087710000)
  from space 4224K,   0% used [0x0000000087b30000, 0x0000000087b38660, 0x0000000087f50000)
  to   space 4224K,   0% used [0x0000000087710000, 0x0000000087710000, 0x0000000087b30000)
 concurrent mark-sweep generation total 118092K, used 88140K [0x000000009a2c0000, 0x00000000a1613000, 0x0000000100000000)
 Metaspace       used 110560K, capacity 117175K, committed 119468K, reserved 1153024K
  class space    used 13442K, capacity 14656K, committed 15328K, reserved 1048576K
}
2021-01-20T08:13:33.356+0000: 55371.077: Total time for which application threads were stopped: 0.0042661 seconds, Stopping threads took: 0.0004456 seconds
{Heap before GC invocations=793 (full 6):
 par new generation   total 38080K, used 33889K [0x0000000085600000, 0x0000000087f50000, 0x000000009a2c0000)
  eden space 33856K, 100% used [0x0000000085600000, 0x0000000087710000, 0x0000000087710000)
  from space 4224K,   0% used [0x0000000087b30000, 0x0000000087b38660, 0x0000000087f50000)
  to   space 4224K,   0% used [0x0000000087710000, 0x0000000087710000, 0x0000000087b30000)
 concurrent mark-sweep generation total 118092K, used 88140K [0x000000009a2c0000, 0x00000000a1613000, 0x0000000100000000)
 Metaspace       used 110560K, capacity 117175K, committed 119468K, reserved 1153024K
  class space    used 13442K, capacity 14656K, committed 15328K, reserved 1048576K
2021-01-20T08:15:11.082+0000: 55468.803: [GC (Allocation Failure) 2021-01-20T08:15:11.083+0000: 55468.803: [ParNew
Desired survivor size 2162688 bytes, new threshold 6 (max 6)
- age   1:      29648 bytes,      29648 total
- age   2:        152 bytes,      29800 total
- age   4:        472 bytes,      30272 total
: 33889K->32K(38080K), 0.0055454 secs] 122029K->88172K(156172K), 0.0058273 secs] [Times: user=0.01 sys=0.00, real=0.01 secs] 
Heap after GC invocations=794 (full 6):
 par new generation   total 38080K, used 32K [0x0000000085600000, 0x0000000087f50000, 0x000000009a2c0000)
  eden space 33856K,   0% used [0x0000000085600000, 0x0000000085600000, 0x0000000087710000)
  from space 4224K,   0% used [0x0000000087710000, 0x0000000087718188, 0x0000000087b30000)
  to   space 4224K,   0% used [0x0000000087b30000, 0x0000000087b30000, 0x0000000087f50000)
 concurrent mark-sweep generation total 118092K, used 88140K [0x000000009a2c0000, 0x00000000a1613000, 0x0000000100000000)
 Metaspace       used 110560K, capacity 117175K, committed 119468K, reserved 1153024K
  class space    used 13442K, capacity 14656K, committed 15328K, reserved 1048576K
}
2021-01-20T08:15:11.088+0000: 55468.809: Total time for which application threads were stopped: 0.0064950 seconds, Stopping threads took: 0.0000905 seconds
{Heap before GC invocations=794 (full 6):
 par new generation   total 38080K, used 33888K [0x0000000085600000, 0x0000000087f50000, 0x000000009a2c0000)
  eden space 33856K, 100% used [0x0000000085600000, 0x0000000087710000, 0x0000000087710000)
  from space 4224K,   0% used [0x0000000087710000, 0x0000000087718188, 0x0000000087b30000)
  to   space 4224K,   0% used [0x0000000087b30000, 0x0000000087b30000, 0x0000000087f50000)
 concurrent mark-sweep generation total 118092K, used 88140K [0x000000009a2c0000, 0x00000000a1613000, 0x0000000100000000)
 Metaspace       used 110560K, capacity 117175K, committed 119468K, reserved 1153024K
  class space    used 13442K, capacity 14656K, committed 15328K, reserved 1048576K
2021-01-20T08:16:51.695+0000: 55569.416: [GC (Allocation Failure) 2021-01-20T08:16:51.695+0000: 55569.416: [ParNew
Desired survivor size 2162688 bytes, new threshold 6 (max 6)
- age   1:      64888 bytes,      64888 total
- age   2:        120 bytes,      65008 total
- age   5:        472 bytes,      65480 total
: 33888K->68K(38080K), 0.0054541 secs] 122028K->88208K(156172K), 0.0057847 secs] [Times: user=0.01 sys=0.01, real=0.01 secs] 
Heap after GC invocations=795 (full 6):
 par new generation   total 38080K, used 68K [0x0000000085600000, 0x0000000087f50000, 0x000000009a2c0000)
  eden space 33856K,   0% used [0x0000000085600000, 0x0000000085600000, 0x0000000087710000)
  from space 4224K,   1% used [0x0000000087b30000, 0x0000000087b410b0, 0x0000000087f50000)
  to   space 4224K,   0% used [0x0000000087710000, 0x0000000087710000, 0x0000000087b30000)
 concurrent mark-sweep generation total 118092K, used 88140K [0x000000009a2c0000, 0x00000000a1613000, 0x0000000100000000)
 Metaspace       used 110560K, capacity 117175K, committed 119468K, reserved 1153024K
  class space    used 13442K, capacity 14656K, committed 15328K, reserved 1048576K
}
2021-01-20T08:16:51.701+0000: 55569.422: Total time for which application threads were stopped: 0.0065308 seconds, Stopping threads took: 0.0000801 seconds
{Heap before GC invocations=795 (full 6):
 par new generation   total 38080K, used 33924K [0x0000000085600000, 0x0000000087f50000, 0x000000009a2c0000)
  eden space 33856K, 100% used [0x0000000085600000, 0x0000000087710000, 0x0000000087710000)
  from space 4224K,   1% used [0x0000000087b30000, 0x0000000087b410b0, 0x0000000087f50000)
  to   space 4224K,   0% used [0x0000000087710000, 0x0000000087710000, 0x0000000087b30000)
 concurrent mark-sweep generation total 118092K, used 88140K [0x000000009a2c0000, 0x00000000a1613000, 0x0000000100000000)
 Metaspace       used 110560K, capacity 117175K, committed 119468K, reserved 1153024K
  class space    used 13442K, capacity 14656K, committed 15328K, reserved 1048576K
2021-01-20T08:18:31.581+0000: 55669.301: [GC (Allocation Failure) 2021-01-20T08:18:31.581+0000: 55669.302: [ParNew
Desired survivor size 2162688 bytes, new threshold 6 (max 6)
- age   1:      28704 bytes,      28704 total
- age   2:        128 bytes,      28832 total
- age   6:        472 bytes,      29304 total
: 33924K->34K(38080K), 0.0091000 secs] 122064K->88174K(156172K), 0.0094457 secs] [Times: user=0.03 sys=0.00, real=0.01 secs] 
Heap after GC invocations=796 (full 6):
 par new generation   total 38080K, used 34K [0x0000000085600000, 0x0000000087f50000, 0x000000009a2c0000)
  eden space 33856K,   0% used [0x0000000085600000, 0x0000000085600000, 0x0000000087710000)
  from space 4224K,   0% used [0x0000000087710000, 0x0000000087718868, 0x0000000087b30000)
  to   space 4224K,   0% used [0x0000000087b30000, 0x0000000087b30000, 0x0000000087f50000)
 concurrent mark-sweep generation total 118092K, used 88140K [0x000000009a2c0000, 0x00000000a1613000, 0x0000000100000000)
 Metaspace       used 110560K, capacity 117175K, committed 119468K, reserved 1153024K
  class space    used 13442K, capacity 14656K, committed 15328K, reserved 1048576K
}
2021-01-20T08:18:31.590+0000: 55669.311: Total time for which application threads were stopped: 0.0105442 seconds, Stopping threads took: 0.0003314 seconds
2021-01-20T08:18:48.593+0000: 55686.314: Total time for which application threads were stopped: 0.0004152 seconds, Stopping threads took: 0.0000713 seconds
{Heap before GC invocations=796 (full 6):
 par new generation   total 38080K, used 33890K [0x0000000085600000, 0x0000000087f50000, 0x000000009a2c0000)
  eden space 33856K, 100% used [0x0000000085600000, 0x0000000087710000, 0x0000000087710000)
  from space 4224K,   0% used [0x0000000087710000, 0x0000000087718868, 0x0000000087b30000)
  to   space 4224K,   0% used [0x0000000087b30000, 0x0000000087b30000, 0x0000000087f50000)
 concurrent mark-sweep generation total 118092K, used 88140K [0x000000009a2c0000, 0x00000000a1613000, 0x0000000100000000)
 Metaspace       used 110560K, capacity 117175K, committed 119468K, reserved 1153024K
  class space    used 13442K, capacity 14656K, committed 15328K, reserved 1048576K
2021-01-20T08:20:09.310+0000: 55767.031: [GC (Allocation Failure) 2021-01-20T08:20:09.310+0000: 55767.031: [ParNew
Desired survivor size 2162688 bytes, new threshold 6 (max 6)
- age   1:      30096 bytes,      30096 total
- age   2:        152 bytes,      30248 total
- age   3:        128 bytes,      30376 total
: 33890K->37K(38080K), 0.0067296 secs] 122030K->88178K(156172K), 0.0069860 secs] [Times: user=0.02 sys=0.00, real=0.01 secs] 
Heap after GC invocations=797 (full 6):
 par new generation   total 38080K, used 37K [0x0000000085600000, 0x0000000087f50000, 0x000000009a2c0000)
  eden space 33856K,   0% used [0x0000000085600000, 0x0000000085600000, 0x0000000087710000)
  from space 4224K,   0% used [0x0000000087b30000, 0x0000000087b39748, 0x0000000087f50000)
  to   space 4224K,   0% used [0x0000000087710000, 0x0000000087710000, 0x0000000087b30000)
 concurrent mark-sweep generation total 118092K, used 88140K [0x000000009a2c0000, 0x00000000a1613000, 0x0000000100000000)
 Metaspace       used 110560K, capacity 117175K, committed 119468K, reserved 1153024K
  class space    used 13442K, capacity 14656K, committed 15328K, reserved 1048576K
}
2021-01-20T08:20:09.317+0000: 55767.038: Total time for which application threads were stopped: 0.0076524 seconds, Stopping threads took: 0.0000759 seconds
{Heap before GC invocations=797 (full 6):
 par new generation   total 38080K, used 33893K [0x0000000085600000, 0x0000000087f50000, 0x000000009a2c0000)
  eden space 33856K, 100% used [0x0000000085600000, 0x0000000087710000, 0x0000000087710000)
  from space 4224K,   0% used [0x0000000087b30000, 0x0000000087b39748, 0x0000000087f50000)
  to   space 4224K,   0% used [0x0000000087710000, 0x0000000087710000, 0x0000000087b30000)
 concurrent mark-sweep generation total 118092K, used 88140K [0x000000009a2c0000, 0x00000000a1613000, 0x0000000100000000)
 Metaspace       used 110560K, capacity 117175K, committed 119468K, reserved 1153024K
  class space    used 13442K, capacity 14656K, committed 15328K, reserved 1048576K
2021-01-20T08:21:48.708+0000: 55866.429: [GC (Allocation Failure) 2021-01-20T08:21:48.708+0000: 55866.429: [ParNew
Desired survivor size 2162688 bytes, new threshold 6 (max 6)
- age   1:      62680 bytes,      62680 total
- age   2:        152 bytes,      62832 total
- age   4:        128 bytes,      62960 total
: 33893K->65K(38080K), 0.0103086 secs] 122034K->88205K(156172K), 0.0106691 secs] [Times: user=0.03 sys=0.00, real=0.01 secs] 
Heap after GC invocations=798 (full 6):
 par new generation   total 38080K, used 65K [0x0000000085600000, 0x0000000087f50000, 0x000000009a2c0000)
  eden space 33856K,   0% used [0x0000000085600000, 0x0000000085600000, 0x0000000087710000)
  from space 4224K,   1% used [0x0000000087710000, 0x00000000877204d8, 0x0000000087b30000)
  to   space 4224K,   0% used [0x0000000087b30000, 0x0000000087b30000, 0x0000000087f50000)
 concurrent mark-sweep generation total 118092K, used 88140K [0x000000009a2c0000, 0x00000000a1613000, 0x0000000100000000)
 Metaspace       used 110560K, capacity 117175K, committed 119468K, reserved 1153024K
  class space    used 13442K, capacity 14656K, committed 15328K, reserved 1048576K
}
2021-01-20T08:21:48.719+0000: 55866.440: Total time for which application threads were stopped: 0.0115417 seconds, Stopping threads took: 0.0000768 seconds
2021-01-20T08:21:49.720+0000: 55867.441: Total time for which application threads were stopped: 0.0006456 seconds, Stopping threads took: 0.0000924 seconds
2021-01-20T08:22:27.726+0000: 55905.447: Total time for which application threads were stopped: 0.0004608 seconds, Stopping threads took: 0.0000813 seconds
{Heap before GC invocations=798 (full 6):
 par new generation   total 38080K, used 33921K [0x0000000085600000, 0x0000000087f50000, 0x000000009a2c0000)
  eden space 33856K, 100% used [0x0000000085600000, 0x0000000087710000, 0x0000000087710000)
  from space 4224K,   1% used [0x0000000087710000, 0x00000000877204d8, 0x0000000087b30000)
  to   space 4224K,   0% used [0x0000000087b30000, 0x0000000087b30000, 0x0000000087f50000)
 concurrent mark-sweep generation total 118092K, used 88140K [0x000000009a2c0000, 0x00000000a1613000, 0x0000000100000000)
 Metaspace       used 110560K, capacity 117175K, committed 119468K, reserved 1153024K
  class space    used 13442K, capacity 14656K, committed 15328K, reserved 1048576K
2021-01-20T08:23:29.167+0000: 55966.888: [GC (Allocation Failure) 2021-01-20T08:23:29.167+0000: 55966.888: [ParNew
Desired survivor size 2162688 bytes, new threshold 6 (max 6)
- age   1:      28600 bytes,      28600 total
- age   2:         80 bytes,      28680 total
- age   5:        128 bytes,      28808 total
: 33921K->32K(38080K), 0.0060910 secs] 122061K->88172K(156172K), 0.0064284 secs] [Times: user=0.01 sys=0.00, real=0.00 secs] 
Heap after GC invocations=799 (full 6):
 par new generation   total 38080K, used 32K [0x0000000085600000, 0x0000000087f50000, 0x000000009a2c0000)
  eden space 33856K,   0% used [0x0000000085600000, 0x0000000085600000, 0x0000000087710000)
  from space 4224K,   0% used [0x0000000087b30000, 0x0000000087b38058, 0x0000000087f50000)
  to   space 4224K,   0% used [0x0000000087710000, 0x0000000087710000, 0x0000000087b30000)
 concurrent mark-sweep generation total 118092K, used 88140K [0x000000009a2c0000, 0x00000000a1613000, 0x0000000100000000)
 Metaspace       used 110560K, capacity 117175K, committed 119468K, reserved 1153024K
  class space    used 13442K, capacity 14656K, committed 15328K, reserved 1048576K
}
2021-01-20T08:23:29.174+0000: 55966.894: Total time for which application threads were stopped: 0.0071351 seconds, Stopping threads took: 0.0000745 seconds
2021-01-20T08:24:09.181+0000: 56006.902: Total time for which application threads were stopped: 0.0005362 seconds, Stopping threads took: 0.0000798 seconds
{Heap before GC invocations=799 (full 6):
 par new generation   total 38080K, used 33888K [0x0000000085600000, 0x0000000087f50000, 0x000000009a2c0000)
  eden space 33856K, 100% used [0x0000000085600000, 0x0000000087710000, 0x0000000087710000)
  from space 4224K,   0% used [0x0000000087b30000, 0x0000000087b38058, 0x0000000087f50000)
  to   space 4224K,   0% used [0x0000000087710000, 0x0000000087710000, 0x0000000087b30000)
 concurrent mark-sweep generation total 118092K, used 88140K [0x000000009a2c0000, 0x00000000a1613000, 0x0000000100000000)
 Metaspace       used 110560K, capacity 117175K, committed 119468K, reserved 1153024K
  class space    used 13442K, capacity 14656K, committed 15328K, reserved 1048576K
2021-01-20T08:25:08.871+0000: 56066.592: [GC (Allocation Failure) 2021-01-20T08:25:08.872+0000: 56066.592: [ParNew
Desired survivor size 2162688 bytes, new threshold 6 (max 6)
- age   1:      30680 bytes,      30680 total
- age   2:        184 bytes,      30864 total
- age   3:         32 bytes,      30896 total
- age   6:        128 bytes,      31024 total
: 33888K->33K(38080K), 0.0050156 secs] 122028K->88174K(156172K), 0.0053256 secs] [Times: user=0.01 sys=0.01, real=0.01 secs] 
Heap after GC invocations=800 (full 6):
 par new generation   total 38080K, used 33K [0x0000000085600000, 0x0000000087f50000, 0x000000009a2c0000)
  eden space 33856K,   0% used [0x0000000085600000, 0x0000000085600000, 0x0000000087710000)
  from space 4224K,   0% used [0x0000000087710000, 0x0000000087718690, 0x0000000087b30000)
  to   space 4224K,   0% used [0x0000000087b30000, 0x0000000087b30000, 0x0000000087f50000)
 concurrent mark-sweep generation total 118092K, used 88140K [0x000000009a2c0000, 0x00000000a1613000, 0x0000000100000000)
 Metaspace       used 110560K, capacity 117175K, committed 119468K, reserved 1153024K
  class space    used 13442K, capacity 14656K, committed 15328K, reserved 1048576K
}
2021-01-20T08:25:08.877+0000: 56066.598: Total time for which application threads were stopped: 0.0061515 seconds, Stopping threads took: 0.0000982 seconds
{Heap before GC invocations=800 (full 6):
 par new generation   total 38080K, used 33889K [0x0000000085600000, 0x0000000087f50000, 0x000000009a2c0000)
  eden space 33856K, 100% used [0x0000000085600000, 0x0000000087710000, 0x0000000087710000)
  from space 4224K,   0% used [0x0000000087710000, 0x0000000087718690, 0x0000000087b30000)
  to   space 4224K,   0% used [0x0000000087b30000, 0x0000000087b30000, 0x0000000087f50000)
 concurrent mark-sweep generation total 118092K, used 88140K [0x000000009a2c0000, 0x00000000a1613000, 0x0000000100000000)
 Metaspace       used 110560K, capacity 117175K, committed 119468K, reserved 1153024K
  class space    used 13442K, capacity 14656K, committed 15328K, reserved 1048576K
2021-01-20T08:26:46.714+0000: 56164.435: [GC (Allocation Failure) 2021-01-20T08:26:46.714+0000: 56164.435: [ParNew
Desired survivor size 2162688 bytes, new threshold 6 (max 6)
- age   1:      62152 bytes,      62152 total
- age   2:        120 bytes,      62272 total
- age   4:         32 bytes,      62304 total
: 33889K->63K(38080K), 0.0093600 secs] 122030K->88204K(156172K), 0.0097046 secs] [Times: user=0.02 sys=0.00, real=0.01 secs] 
Heap after GC invocations=801 (full 6):
 par new generation   total 38080K, used 63K [0x0000000085600000, 0x0000000087f50000, 0x000000009a2c0000)
  eden space 33856K,   0% used [0x0000000085600000, 0x0000000085600000, 0x0000000087710000)
  from space 4224K,   1% used [0x0000000087b30000, 0x0000000087b3fde8, 0x0000000087f50000)
  to   space 4224K,   0% used [0x0000000087710000, 0x0000000087710000, 0x0000000087b30000)
 concurrent mark-sweep generation total 118092K, used 88140K [0x000000009a2c0000, 0x00000000a1613000, 0x0000000100000000)
 Metaspace       used 110560K, capacity 117175K, committed 119468K, reserved 1153024K
  class space    used 13442K, capacity 14656K, committed 15328K, reserved 1048576K
}
2021-01-20T08:26:46.724+0000: 56164.445: Total time for which application threads were stopped: 0.0109103 seconds, Stopping threads took: 0.0001390 seconds
{Heap before GC invocations=801 (full 6):
 par new generation   total 38080K, used 33919K [0x0000000085600000, 0x0000000087f50000, 0x000000009a2c0000)
  eden space 33856K, 100% used [0x0000000085600000, 0x0000000087710000, 0x0000000087710000)
  from space 4224K,   1% used [0x0000000087b30000, 0x0000000087b3fde8, 0x0000000087f50000)
  to   space 4224K,   0% used [0x0000000087710000, 0x0000000087710000, 0x0000000087b30000)
 concurrent mark-sweep generation total 118092K, used 88140K [0x000000009a2c0000, 0x00000000a1613000, 0x0000000100000000)
 Metaspace       used 110560K, capacity 117175K, committed 119468K, reserved 1153024K
  class space    used 13442K, capacity 14656K, committed 15328K, reserved 1048576K
2021-01-20T08:28:27.361+0000: 56265.082: [GC (Allocation Failure) 2021-01-20T08:28:27.361+0000: 56265.082: [ParNew
Desired survivor size 2162688 bytes, new threshold 6 (max 6)
- age   1:      28736 bytes,      28736 total
- age   2:        120 bytes,      28856 total
- age   5:         32 bytes,      28888 total
: 33919K->35K(38080K), 0.0052976 secs] 122060K->88176K(156172K), 0.0056917 secs] [Times: user=0.01 sys=0.00, real=0.01 secs] 
Heap after GC invocations=802 (full 6):
 par new generation   total 38080K, used 35K [0x0000000085600000, 0x0000000087f50000, 0x000000009a2c0000)
  eden space 33856K,   0% used [0x0000000085600000, 0x0000000085600000, 0x0000000087710000)
  from space 4224K,   0% used [0x0000000087710000, 0x0000000087718f88, 0x0000000087b30000)
  to   space 4224K,   0% used [0x0000000087b30000, 0x0000000087b30000, 0x0000000087f50000)
 concurrent mark-sweep generation total 118092K, used 88140K [0x000000009a2c0000, 0x00000000a1613000, 0x0000000100000000)
 Metaspace       used 110560K, capacity 117175K, committed 119468K, reserved 1153024K
  class space    used 13442K, capacity 14656K, committed 15328K, reserved 1048576K
}
2021-01-20T08:28:27.367+0000: 56265.088: Total time for which application threads were stopped: 0.0068436 seconds, Stopping threads took: 0.0001030 seconds
2021-01-20T08:29:39.380+0000: 56337.101: Total time for which application threads were stopped: 0.0005092 seconds, Stopping threads took: 0.0000794 seconds
{Heap before GC invocations=802 (full 6):
 par new generation   total 38080K, used 33891K [0x0000000085600000, 0x0000000087f50000, 0x000000009a2c0000)
  eden space 33856K, 100% used [0x0000000085600000, 0x0000000087710000, 0x0000000087710000)
  from space 4224K,   0% used [0x0000000087710000, 0x0000000087718f88, 0x0000000087b30000)
  to   space 4224K,   0% used [0x0000000087b30000, 0x0000000087b30000, 0x0000000087f50000)
 concurrent mark-sweep generation total 118092K, used 88140K [0x000000009a2c0000, 0x00000000a1613000, 0x0000000100000000)
 Metaspace       used 110560K, capacity 117175K, committed 119468K, reserved 1153024K
  class space    used 13442K, capacity 14656K, committed 15328K, reserved 1048576K
2021-01-20T08:30:07.101+0000: 56364.822: [GC (Allocation Failure) 2021-01-20T08:30:07.101+0000: 56364.822: [ParNew
Desired survivor size 2162688 bytes, new threshold 6 (max 6)
- age   1:      30440 bytes,      30440 total
- age   2:         32 bytes,      30472 total
- age   6:         32 bytes,      30504 total
: 33891K->34K(38080K), 0.0059238 secs] 122032K->88174K(156172K), 0.0061935 secs] [Times: user=0.01 sys=0.00, real=0.01 secs] 
Heap after GC invocations=803 (full 6):
 par new generation   total 38080K, used 34K [0x0000000085600000, 0x0000000087f50000, 0x000000009a2c0000)
  eden space 33856K,   0% used [0x0000000085600000, 0x0000000085600000, 0x0000000087710000)
  from space 4224K,   0% used [0x0000000087b30000, 0x0000000087b38870, 0x0000000087f50000)
  to   space 4224K,   0% used [0x0000000087710000, 0x0000000087710000, 0x0000000087b30000)
 concurrent mark-sweep generation total 118092K, used 88140K [0x000000009a2c0000, 0x00000000a1613000, 0x0000000100000000)
 Metaspace       used 110560K, capacity 117175K, committed 119468K, reserved 1153024K
  class space    used 13442K, capacity 14656K, committed 15328K, reserved 1048576K
}
2021-01-20T08:30:07.107+0000: 56364.828: Total time for which application threads were stopped: 0.0068698 seconds, Stopping threads took: 0.0000906 seconds
2021-01-20T08:30:10.108+0000: 56367.829: Total time for which application threads were stopped: 0.0006151 seconds, Stopping threads took: 0.0001355 seconds
2021-01-20T08:30:48.117+0000: 56405.838: Total time for which application threads were stopped: 0.0005412 seconds, Stopping threads took: 0.0000929 seconds
{Heap before GC invocations=803 (full 6):
 par new generation   total 38080K, used 33890K [0x0000000085600000, 0x0000000087f50000, 0x000000009a2c0000)
  eden space 33856K, 100% used [0x0000000085600000, 0x0000000087710000, 0x0000000087710000)
  from space 4224K,   0% used [0x0000000087b30000, 0x0000000087b38870, 0x0000000087f50000)
  to   space 4224K,   0% used [0x0000000087710000, 0x0000000087710000, 0x0000000087b30000)
 concurrent mark-sweep generation total 118092K, used 88140K [0x000000009a2c0000, 0x00000000a1613000, 0x0000000100000000)
 Metaspace       used 110560K, capacity 117175K, committed 119468K, reserved 1153024K
  class space    used 13442K, capacity 14656K, committed 15328K, reserved 1048576K
2021-01-20T08:31:45.075+0000: 56462.796: [GC (Allocation Failure) 2021-01-20T08:31:45.075+0000: 56462.796: [ParNew
Desired survivor size 2162688 bytes, new threshold 6 (max 6)
- age   1:      98064 bytes,      98064 total
- age   2:        152 bytes,      98216 total
: 33890K->99K(38080K), 0.0129202 secs] 122030K->88239K(156172K), 0.0133425 secs] [Times: user=0.03 sys=0.00, real=0.02 secs] 
Heap after GC invocations=804 (full 6):
 par new generation   total 38080K, used 99K [0x0000000085600000, 0x0000000087f50000, 0x000000009a2c0000)
  eden space 33856K,   0% used [0x0000000085600000, 0x0000000085600000, 0x0000000087710000)
  from space 4224K,   2% used [0x0000000087710000, 0x0000000087728c38, 0x0000000087b30000)
  to   space 4224K,   0% used [0x0000000087b30000, 0x0000000087b30000, 0x0000000087f50000)
 concurrent mark-sweep generation total 118092K, used 88140K [0x000000009a2c0000, 0x00000000a1613000, 0x0000000100000000)
 Metaspace       used 110560K, capacity 117175K, committed 119468K, reserved 1153024K
  class space    used 13442K, capacity 14656K, committed 15328K, reserved 1048576K
}
2021-01-20T08:31:45.088+0000: 56462.809: Total time for which application threads were stopped: 0.0142446 seconds, Stopping threads took: 0.0000834 seconds
2021-01-20T08:31:49.089+0000: 56466.810: Total time for which application threads were stopped: 0.0004612 seconds, Stopping threads took: 0.0000761 seconds
{Heap before GC invocations=804 (full 6):
 par new generation   total 38080K, used 33955K [0x0000000085600000, 0x0000000087f50000, 0x000000009a2c0000)
  eden space 33856K, 100% used [0x0000000085600000, 0x0000000087710000, 0x0000000087710000)
  from space 4224K,   2% used [0x0000000087710000, 0x0000000087728c38, 0x0000000087b30000)
  to   space 4224K,   0% used [0x0000000087b30000, 0x0000000087b30000, 0x0000000087f50000)
 concurrent mark-sweep generation total 118092K, used 88140K [0x000000009a2c0000, 0x00000000a1613000, 0x0000000100000000)
 Metaspace       used 110560K, capacity 117175K, committed 119468K, reserved 1153024K
  class space    used 13442K, capacity 14656K, committed 15328K, reserved 1048576K
2021-01-20T08:33:25.739+0000: 56563.460: [GC (Allocation Failure) 2021-01-20T08:33:25.739+0000: 56563.460: [ParNew
Desired survivor size 2162688 bytes, new threshold 6 (max 6)
- age   1:      28568 bytes,      28568 total
- age   2:        720 bytes,      29288 total
- age   3:         32 bytes,      29320 total
: 33955K->33K(38080K), 0.0046326 secs] 122095K->88173K(156172K), 0.0049441 secs] [Times: user=0.02 sys=0.00, real=0.01 secs] 
Heap after GC invocations=805 (full 6):
 par new generation   total 38080K, used 33K [0x0000000085600000, 0x0000000087f50000, 0x000000009a2c0000)
  eden space 33856K,   0% used [0x0000000085600000, 0x0000000085600000, 0x0000000087710000)
  from space 4224K,   0% used [0x0000000087b30000, 0x0000000087b38408, 0x0000000087f50000)
  to   space 4224K,   0% used [0x0000000087710000, 0x0000000087710000, 0x0000000087b30000)
 concurrent mark-sweep generation total 118092K, used 88140K [0x000000009a2c0000, 0x00000000a1613000, 0x0000000100000000)
 Metaspace       used 110560K, capacity 117175K, committed 119468K, reserved 1153024K
  class space    used 13442K, capacity 14656K, committed 15328K, reserved 1048576K
}
2021-01-20T08:33:25.744+0000: 56563.465: Total time for which application threads were stopped: 0.0055714 seconds, Stopping threads took: 0.0000672 seconds
{Heap before GC invocations=805 (full 6):
 par new generation   total 38080K, used 33889K [0x0000000085600000, 0x0000000087f50000, 0x000000009a2c0000)
  eden space 33856K, 100% used [0x0000000085600000, 0x0000000087710000, 0x0000000087710000)
  from space 4224K,   0% used [0x0000000087b30000, 0x0000000087b38408, 0x0000000087f50000)
  to   space 4224K,   0% used [0x0000000087710000, 0x0000000087710000, 0x0000000087b30000)
 concurrent mark-sweep generation total 118092K, used 88140K [0x000000009a2c0000, 0x00000000a1613000, 0x0000000100000000)
 Metaspace       used 110560K, capacity 117175K, committed 119468K, reserved 1153024K
  class space    used 13442K, capacity 14656K, committed 15328K, reserved 1048576K
2021-01-20T08:35:05.683+0000: 56663.404: [GC (Allocation Failure) 2021-01-20T08:35:05.684+0000: 56663.404: [ParNew
Desired survivor size 2162688 bytes, new threshold 6 (max 6)
- age   1:      30496 bytes,      30496 total
- age   2:         32 bytes,      30528 total
- age   3:        552 bytes,      31080 total
- age   4:         32 bytes,      31112 total
: 33889K->37K(38080K), 0.0061568 secs] 122029K->88178K(156172K), 0.0065116 secs] [Times: user=0.02 sys=0.00, real=0.01 secs] 
Heap after GC invocations=806 (full 6):
 par new generation   total 38080K, used 37K [0x0000000085600000, 0x0000000087f50000, 0x000000009a2c0000)
  eden space 33856K,   0% used [0x0000000085600000, 0x0000000085600000, 0x0000000087710000)
  from space 4224K,   0% used [0x0000000087710000, 0x00000000877195c0, 0x0000000087b30000)
  to   space 4224K,   0% used [0x0000000087b30000, 0x0000000087b30000, 0x0000000087f50000)
 concurrent mark-sweep generation total 118092K, used 88140K [0x000000009a2c0000, 0x00000000a1613000, 0x0000000100000000)
 Metaspace       used 110560K, capacity 117175K, committed 119468K, reserved 1153024K
  class space    used 13442K, capacity 14656K, committed 15328K, reserved 1048576K
}
2021-01-20T08:35:05.690+0000: 56663.411: Total time for which application threads were stopped: 0.0073366 seconds, Stopping threads took: 0.0000913 seconds
{Heap before GC invocations=806 (full 6):
 par new generation   total 38080K, used 33893K [0x0000000085600000, 0x0000000087f50000, 0x000000009a2c0000)
  eden space 33856K, 100% used [0x0000000085600000, 0x0000000087710000, 0x0000000087710000)
  from space 4224K,   0% used [0x0000000087710000, 0x00000000877195c0, 0x0000000087b30000)
  to   space 4224K,   0% used [0x0000000087b30000, 0x0000000087b30000, 0x0000000087f50000)
 concurrent mark-sweep generation total 118092K, used 88140K [0x000000009a2c0000, 0x00000000a1613000, 0x0000000100000000)
 Metaspace       used 110560K, capacity 117175K, committed 119468K, reserved 1153024K
  class space    used 13442K, capacity 14656K, committed 15328K, reserved 1048576K
2021-01-20T08:36:43.439+0000: 56761.160: [GC (Allocation Failure) 2021-01-20T08:36:43.439+0000: 56761.160: [ParNew
Desired survivor size 2162688 bytes, new threshold 6 (max 6)
- age   1:      97264 bytes,      97264 total
- age   2:        120 bytes,      97384 total
- age   4:        552 bytes,      97936 total
: 33893K->98K(38080K), 0.0028890 secs] 122034K->88239K(156172K), 0.0030146 secs] [Times: user=0.00 sys=0.00, real=0.00 secs] 
Heap after GC invocations=807 (full 6):
 par new generation   total 38080K, used 98K [0x0000000085600000, 0x0000000087f50000, 0x000000009a2c0000)
  eden space 33856K,   0% used [0x0000000085600000, 0x0000000085600000, 0x0000000087710000)
  from space 4224K,   2% used [0x0000000087b30000, 0x0000000087b48a08, 0x0000000087f50000)
  to   space 4224K,   0% used [0x0000000087710000, 0x0000000087710000, 0x0000000087b30000)
 concurrent mark-sweep generation total 118092K, used 88140K [0x000000009a2c0000, 0x00000000a1613000, 0x0000000100000000)
 Metaspace       used 110560K, capacity 117175K, committed 119468K, reserved 1153024K
  class space    used 13442K, capacity 14656K, committed 15328K, reserved 1048576K
}
2021-01-20T08:36:43.442+0000: 56761.163: Total time for which application threads were stopped: 0.0034025 seconds, Stopping threads took: 0.0001437 seconds
2021-01-20T08:38:09.458+0000: 56847.179: Total time for which application threads were stopped: 0.0005403 seconds, Stopping threads took: 0.0001067 seconds
{Heap before GC invocations=807 (full 6):
 par new generation   total 38080K, used 33954K [0x0000000085600000, 0x0000000087f50000, 0x000000009a2c0000)
  eden space 33856K, 100% used [0x0000000085600000, 0x0000000087710000, 0x0000000087710000)
  from space 4224K,   2% used [0x0000000087b30000, 0x0000000087b48a08, 0x0000000087f50000)
  to   space 4224K,   0% used [0x0000000087710000, 0x0000000087710000, 0x0000000087b30000)
 concurrent mark-sweep generation total 118092K, used 88140K [0x000000009a2c0000, 0x00000000a1613000, 0x0000000100000000)
 Metaspace       used 110563K, capacity 117175K, committed 119468K, reserved 1153024K
  class space    used 13442K, capacity 14656K, committed 15328K, reserved 1048576K
2021-01-20T08:38:24.121+0000: 56861.841: [GC (Allocation Failure) 2021-01-20T08:38:24.121+0000: 56861.842: [ParNew
Desired survivor size 2162688 bytes, new threshold 6 (max 6)
- age   1:      28648 bytes,      28648 total
- age   2:        120 bytes,      28768 total
- age   5:        552 bytes,      29320 total
: 33954K->33K(38080K), 0.0055260 secs] 122095K->88174K(156172K), 0.0059055 secs] [Times: user=0.02 sys=0.00, real=0.01 secs] 
Heap after GC invocations=808 (full 6):
 par new generation   total 38080K, used 33K [0x0000000085600000, 0x0000000087f50000, 0x000000009a2c0000)
  eden space 33856K,   0% used [0x0000000085600000, 0x0000000085600000, 0x0000000087710000)
  from space 4224K,   0% used [0x0000000087710000, 0x0000000087718520, 0x0000000087b30000)
  to   space 4224K,   0% used [0x0000000087b30000, 0x0000000087b30000, 0x0000000087f50000)
 concurrent mark-sweep generation total 118092K, used 88140K [0x000000009a2c0000, 0x00000000a1613000, 0x0000000100000000)
 Metaspace       used 110563K, capacity 117175K, committed 119468K, reserved 1153024K
  class space    used 13442K, capacity 14656K, committed 15328K, reserved 1048576K
}
2021-01-20T08:38:24.127+0000: 56861.848: Total time for which application threads were stopped: 0.0067577 seconds, Stopping threads took: 0.0000749 seconds
2021-01-20T08:38:40.130+0000: 56877.851: Total time for which application threads were stopped: 0.0005887 seconds, Stopping threads took: 0.0000936 seconds
{Heap before GC invocations=808 (full 6):
 par new generation   total 38080K, used 33889K [0x0000000085600000, 0x0000000087f50000, 0x000000009a2c0000)
  eden space 33856K, 100% used [0x0000000085600000, 0x0000000087710000, 0x0000000087710000)
  from space 4224K,   0% used [0x0000000087710000, 0x0000000087718520, 0x0000000087b30000)
  to   space 4224K,   0% used [0x0000000087b30000, 0x0000000087b30000, 0x0000000087f50000)
 concurrent mark-sweep generation total 118092K, used 88140K [0x000000009a2c0000, 0x00000000a1613000, 0x0000000100000000)
 Metaspace       used 110563K, capacity 117175K, committed 119468K, reserved 1153024K
  class space    used 13442K, capacity 14656K, committed 15328K, reserved 1048576K
2021-01-20T08:40:03.638+0000: 56961.359: [GC (Allocation Failure) 2021-01-20T08:40:03.638+0000: 56961.359: [ParNew
Desired survivor size 2162688 bytes, new threshold 6 (max 6)
- age   1:      30240 bytes,      30240 total
- age   2:         32 bytes,      30272 total
- age   6:        552 bytes,      30824 total
: 33889K->34K(38080K), 0.0058014 secs] 122030K->88175K(156172K), 0.0062123 secs] [Times: user=0.02 sys=0.00, real=0.01 secs] 
Heap after GC invocations=809 (full 6):
 par new generation   total 38080K, used 34K [0x0000000085600000, 0x0000000087f50000, 0x000000009a2c0000)
  eden space 33856K,   0% used [0x0000000085600000, 0x0000000085600000, 0x0000000087710000)
  from space 4224K,   0% used [0x0000000087b30000, 0x0000000087b38ad8, 0x0000000087f50000)
  to   space 4224K,   0% used [0x0000000087710000, 0x0000000087710000, 0x0000000087b30000)
 concurrent mark-sweep generation total 118092K, used 88140K [0x000000009a2c0000, 0x00000000a1613000, 0x0000000100000000)
 Metaspace       used 110563K, capacity 117175K, committed 119468K, reserved 1153024K
  class space    used 13442K, capacity 14656K, committed 15328K, reserved 1048576K
}
2021-01-20T08:40:03.644+0000: 56961.365: Total time for which application threads were stopped: 0.0072159 seconds, Stopping threads took: 0.0001224 seconds
{Heap before GC invocations=809 (full 6):
 par new generation   total 38080K, used 33890K [0x0000000085600000, 0x0000000087f50000, 0x000000009a2c0000)
  eden space 33856K, 100% used [0x0000000085600000, 0x0000000087710000, 0x0000000087710000)
  from space 4224K,   0% used [0x0000000087b30000, 0x0000000087b38ad8, 0x0000000087f50000)
  to   space 4224K,   0% used [0x0000000087710000, 0x0000000087710000, 0x0000000087b30000)
 concurrent mark-sweep generation total 118092K, used 88140K [0x000000009a2c0000, 0x00000000a1613000, 0x0000000100000000)
 Metaspace       used 110563K, capacity 117175K, committed 119468K, reserved 1153024K
  class space    used 13442K, capacity 14656K, committed 15328K, reserved 1048576K
2021-01-20T08:41:41.418+0000: 57059.139: [GC (Allocation Failure) 2021-01-20T08:41:41.419+0000: 57059.139: [ParNew
Desired survivor size 2162688 bytes, new threshold 6 (max 6)
- age   1:      97688 bytes,      97688 total
- age   2:        120 bytes,      97808 total
: 33890K->101K(38080K), 0.0049635 secs] 122031K->88242K(156172K), 0.0053460 secs] [Times: user=0.02 sys=0.00, real=0.00 secs] 
Heap after GC invocations=810 (full 6):
 par new generation   total 38080K, used 101K [0x0000000085600000, 0x0000000087f50000, 0x000000009a2c0000)
  eden space 33856K,   0% used [0x0000000085600000, 0x0000000085600000, 0x0000000087710000)
  from space 4224K,   2% used [0x0000000087710000, 0x0000000087729568, 0x0000000087b30000)
  to   space 4224K,   0% used [0x0000000087b30000, 0x0000000087b30000, 0x0000000087f50000)
 concurrent mark-sweep generation total 118092K, used 88141K [0x000000009a2c0000, 0x00000000a1613000, 0x0000000100000000)
 Metaspace       used 110563K, capacity 117175K, committed 119468K, reserved 1153024K
  class space    used 13442K, capacity 14656K, committed 15328K, reserved 1048576K
}
2021-01-20T08:41:41.424+0000: 57059.145: Total time for which application threads were stopped: 0.0061767 seconds, Stopping threads took: 0.0000763 seconds
{Heap before GC invocations=810 (full 6):
 par new generation   total 38080K, used 33957K [0x0000000085600000, 0x0000000087f50000, 0x000000009a2c0000)
  eden space 33856K, 100% used [0x0000000085600000, 0x0000000087710000, 0x0000000087710000)
  from space 4224K,   2% used [0x0000000087710000, 0x0000000087729568, 0x0000000087b30000)
  to   space 4224K,   0% used [0x0000000087b30000, 0x0000000087b30000, 0x0000000087f50000)
 concurrent mark-sweep generation total 118092K, used 88141K [0x000000009a2c0000, 0x00000000a1613000, 0x0000000100000000)
 Metaspace       used 110563K, capacity 117175K, committed 119468K, reserved 1153024K
  class space    used 13442K, capacity 14656K, committed 15328K, reserved 1048576K
2021-01-20T08:43:22.065+0000: 57159.786: [GC (Allocation Failure) 2021-01-20T08:43:22.066+0000: 57159.786: [ParNew
Desired survivor size 2162688 bytes, new threshold 6 (max 6)
- age   1:      28320 bytes,      28320 total
- age   2:        232 bytes,      28552 total
: 33957K->33K(38080K), 0.0057517 secs] 122098K->88174K(156172K), 0.0059739 secs] [Times: user=0.01 sys=0.01, real=0.00 secs] 
Heap after GC invocations=811 (full 6):
 par new generation   total 38080K, used 33K [0x0000000085600000, 0x0000000087f50000, 0x000000009a2c0000)
  eden space 33856K,   0% used [0x0000000085600000, 0x0000000085600000, 0x0000000087710000)
  from space 4224K,   0% used [0x0000000087b30000, 0x0000000087b38480, 0x0000000087f50000)
  to   space 4224K,   0% used [0x0000000087710000, 0x0000000087710000, 0x0000000087b30000)
 concurrent mark-sweep generation total 118092K, used 88141K [0x000000009a2c0000, 0x00000000a1613000, 0x0000000100000000)
 Metaspace       used 110563K, capacity 117175K, committed 119468K, reserved 1153024K
  class space    used 13442K, capacity 14656K, committed 15328K, reserved 1048576K
}
2021-01-20T08:43:22.071+0000: 57159.792: Total time for which application threads were stopped: 0.0066436 seconds, Stopping threads took: 0.0001951 seconds
{Heap before GC invocations=811 (full 6):
 par new generation   total 38080K, used 33889K [0x0000000085600000, 0x0000000087f50000, 0x000000009a2c0000)
  eden space 33856K, 100% used [0x0000000085600000, 0x0000000087710000, 0x0000000087710000)
  from space 4224K,   0% used [0x0000000087b30000, 0x0000000087b38480, 0x0000000087f50000)
  to   space 4224K,   0% used [0x0000000087710000, 0x0000000087710000, 0x0000000087b30000)
 concurrent mark-sweep generation total 118092K, used 88141K [0x000000009a2c0000, 0x00000000a1613000, 0x0000000100000000)
 Metaspace       used 110563K, capacity 117175K, committed 119468K, reserved 1153024K
  class space    used 13442K, capacity 14656K, committed 15328K, reserved 1048576K
2021-01-20T08:45:01.913+0000: 57259.634: [GC (Allocation Failure) 2021-01-20T08:45:01.914+0000: 57259.634: [ParNew
Desired survivor size 2162688 bytes, new threshold 6 (max 6)
- age   1:      30288 bytes,      30288 total
- age   2:         32 bytes,      30320 total
: 33889K->36K(38080K), 0.0053743 secs] 122030K->88177K(156172K), 0.0056538 secs] [Times: user=0.02 sys=0.00, real=0.01 secs] 
Heap after GC invocations=812 (full 6):
 par new generation   total 38080K, used 36K [0x0000000085600000, 0x0000000087f50000, 0x000000009a2c0000)
  eden space 33856K,   0% used [0x0000000085600000, 0x0000000085600000, 0x0000000087710000)
  from space 4224K,   0% used [0x0000000087710000, 0x0000000087719208, 0x0000000087b30000)
  to   space 4224K,   0% used [0x0000000087b30000, 0x0000000087b30000, 0x0000000087f50000)
 concurrent mark-sweep generation total 118092K, used 88141K [0x000000009a2c0000, 0x00000000a1613000, 0x0000000100000000)
 Metaspace       used 110563K, capacity 117175K, committed 119468K, reserved 1153024K
  class space    used 13442K, capacity 14656K, committed 15328K, reserved 1048576K
}
2021-01-20T08:45:01.919+0000: 57259.640: Total time for which application threads were stopped: 0.0064228 seconds, Stopping threads took: 0.0001252 seconds
{Heap before GC invocations=812 (full 6):
 par new generation   total 38080K, used 33828K [0x0000000085600000, 0x0000000087f50000, 0x000000009a2c0000)
  eden space 33856K,  99% used [0x0000000085600000, 0x00000000876fff30, 0x0000000087710000)
  from space 4224K,   0% used [0x0000000087710000, 0x0000000087719208, 0x0000000087b30000)
  to   space 4224K,   0% used [0x0000000087b30000, 0x0000000087b30000, 0x0000000087f50000)
 concurrent mark-sweep generation total 118092K, used 88141K [0x000000009a2c0000, 0x00000000a1613000, 0x0000000100000000)
 Metaspace       used 110563K, capacity 117175K, committed 119468K, reserved 1153024K
  class space    used 13442K, capacity 14656K, committed 15328K, reserved 1048576K
2021-01-20T08:46:39.829+0000: 57357.550: [GC (Allocation Failure) 2021-01-20T08:46:39.830+0000: 57357.550: [ParNew
Desired survivor size 2162688 bytes, new threshold 6 (max 6)
- age   1:      97392 bytes,      97392 total
- age   2:        152 bytes,      97544 total
: 33828K->100K(38080K), 0.0066570 secs] 121969K->88241K(156172K), 0.0073246 secs] [Times: user=0.02 sys=0.00, real=0.01 secs] 
Heap after GC invocations=813 (full 6):
 par new generation   total 38080K, used 100K [0x0000000085600000, 0x0000000087f50000, 0x000000009a2c0000)
  eden space 33856K,   0% used [0x0000000085600000, 0x0000000085600000, 0x0000000087710000)
  from space 4224K,   2% used [0x0000000087b30000, 0x0000000087b49238, 0x0000000087f50000)
  to   space 4224K,   0% used [0x0000000087710000, 0x0000000087710000, 0x0000000087b30000)
 concurrent mark-sweep generation total 118092K, used 88141K [0x000000009a2c0000, 0x00000000a1613000, 0x0000000100000000)
 Metaspace       used 110563K, capacity 117175K, committed 119468K, reserved 1153024K
  class space    used 13442K, capacity 14656K, committed 15328K, reserved 1048576K
}
2021-01-20T08:46:39.837+0000: 57357.558: Total time for which application threads were stopped: 0.0084260 seconds, Stopping threads took: 0.0002547 seconds
{Heap before GC invocations=813 (full 6):
 par new generation   total 38080K, used 33956K [0x0000000085600000, 0x0000000087f50000, 0x000000009a2c0000)
  eden space 33856K, 100% used [0x0000000085600000, 0x0000000087710000, 0x0000000087710000)
  from space 4224K,   2% used [0x0000000087b30000, 0x0000000087b49238, 0x0000000087f50000)
  to   space 4224K,   0% used [0x0000000087710000, 0x0000000087710000, 0x0000000087b30000)
 concurrent mark-sweep generation total 118092K, used 88141K [0x000000009a2c0000, 0x00000000a1613000, 0x0000000100000000)
 Metaspace       used 110563K, capacity 117175K, committed 119468K, reserved 1153024K
  class space    used 13442K, capacity 14656K, committed 15328K, reserved 1048576K
2021-01-20T08:48:20.758+0000: 57458.479: [GC (Allocation Failure) 2021-01-20T08:48:20.759+0000: 57458.479: [ParNew
Desired survivor size 2162688 bytes, new threshold 6 (max 6)
- age   1:      28488 bytes,      28488 total
- age   2:        152 bytes,      28640 total
: 33956K->32K(38080K), 0.0057878 secs] 122097K->88174K(156172K), 0.0060835 secs] [Times: user=0.02 sys=0.00, real=0.01 secs] 
Heap after GC invocations=814 (full 6):
 par new generation   total 38080K, used 32K [0x0000000085600000, 0x0000000087f50000, 0x000000009a2c0000)
  eden space 33856K,   0% used [0x0000000085600000, 0x0000000085600000, 0x0000000087710000)
  from space 4224K,   0% used [0x0000000087710000, 0x00000000877182f0, 0x0000000087b30000)
  to   space 4224K,   0% used [0x0000000087b30000, 0x0000000087b30000, 0x0000000087f50000)
 concurrent mark-sweep generation total 118092K, used 88141K [0x000000009a2c0000, 0x00000000a1613000, 0x0000000100000000)
 Metaspace       used 110563K, capacity 117175K, committed 119468K, reserved 1153024K
  class space    used 13442K, capacity 14656K, committed 15328K, reserved 1048576K
}
2021-01-20T08:48:20.765+0000: 57458.485: Total time for which application threads were stopped: 0.0067381 seconds, Stopping threads took: 0.0000935 seconds
{Heap before GC invocations=814 (full 6):
 par new generation   total 38080K, used 33888K [0x0000000085600000, 0x0000000087f50000, 0x000000009a2c0000)
  eden space 33856K, 100% used [0x0000000085600000, 0x0000000087710000, 0x0000000087710000)
  from space 4224K,   0% used [0x0000000087710000, 0x00000000877182f0, 0x0000000087b30000)
  to   space 4224K,   0% used [0x0000000087b30000, 0x0000000087b30000, 0x0000000087f50000)
 concurrent mark-sweep generation total 118092K, used 88141K [0x000000009a2c0000, 0x00000000a1613000, 0x0000000100000000)
 Metaspace       used 110563K, capacity 117175K, committed 119468K, reserved 1153024K
  class space    used 13442K, capacity 14656K, committed 15328K, reserved 1048576K
2021-01-20T08:50:00.452+0000: 57558.172: [GC (Allocation Failure) 2021-01-20T08:50:00.452+0000: 57558.173: [ParNew
Desired survivor size 2162688 bytes, new threshold 6 (max 6)
- age   1:      30280 bytes,      30280 total
- age   2:         32 bytes,      30312 total
- age   3:         32 bytes,      30344 total
: 33888K->33K(38080K), 0.0115079 secs] 122030K->88175K(156172K), 0.0119349 secs] [Times: user=0.03 sys=0.00, real=0.01 secs] 
Heap after GC invocations=815 (full 6):
 par new generation   total 38080K, used 33K [0x0000000085600000, 0x0000000087f50000, 0x000000009a2c0000)
  eden space 33856K,   0% used [0x0000000085600000, 0x0000000085600000, 0x0000000087710000)
  from space 4224K,   0% used [0x0000000087b30000, 0x0000000087b38718, 0x0000000087f50000)
  to   space 4224K,   0% used [0x0000000087710000, 0x0000000087710000, 0x0000000087b30000)
 concurrent mark-sweep generation total 118092K, used 88141K [0x000000009a2c0000, 0x00000000a1613000, 0x0000000100000000)
 Metaspace       used 110563K, capacity 117175K, committed 119468K, reserved 1153024K
  class space    used 13442K, capacity 14656K, committed 15328K, reserved 1048576K
}
2021-01-20T08:50:00.464+0000: 57558.184: Total time for which application threads were stopped: 0.0127215 seconds, Stopping threads took: 0.0000888 seconds
{Heap before GC invocations=815 (full 6):
 par new generation   total 38080K, used 33889K [0x0000000085600000, 0x0000000087f50000, 0x000000009a2c0000)
  eden space 33856K, 100% used [0x0000000085600000, 0x0000000087710000, 0x0000000087710000)
  from space 4224K,   0% used [0x0000000087b30000, 0x0000000087b38718, 0x0000000087f50000)
  to   space 4224K,   0% used [0x0000000087710000, 0x0000000087710000, 0x0000000087b30000)
 concurrent mark-sweep generation total 118092K, used 88141K [0x000000009a2c0000, 0x00000000a1613000, 0x0000000100000000)
 Metaspace       used 110563K, capacity 117175K, committed 119468K, reserved 1153024K
  class space    used 13442K, capacity 14656K, committed 15328K, reserved 1048576K
2021-01-20T08:51:39.282+0000: 57657.003: [GC (Allocation Failure) 2021-01-20T08:51:39.282+0000: 57657.003: [ParNew
Desired survivor size 2162688 bytes, new threshold 6 (max 6)
- age   1:     140416 bytes,     140416 total
- age   2:        144 bytes,     140560 total
: 33889K->142K(38080K), 0.0111600 secs] 122031K->88284K(156172K), 0.0115044 secs] [Times: user=0.03 sys=0.00, real=0.01 secs] 
Heap after GC invocations=816 (full 6):
 par new generation   total 38080K, used 142K [0x0000000085600000, 0x0000000087f50000, 0x000000009a2c0000)
  eden space 33856K,   0% used [0x0000000085600000, 0x0000000085600000, 0x0000000087710000)
  from space 4224K,   3% used [0x0000000087710000, 0x0000000087733af0, 0x0000000087b30000)
  to   space 4224K,   0% used [0x0000000087b30000, 0x0000000087b30000, 0x0000000087f50000)
 concurrent mark-sweep generation total 118092K, used 88141K [0x000000009a2c0000, 0x00000000a1613000, 0x0000000100000000)
 Metaspace       used 110563K, capacity 117175K, committed 119468K, reserved 1153024K
  class space    used 13442K, capacity 14656K, committed 15328K, reserved 1048576K
}
2021-01-20T08:51:39.294+0000: 57657.015: Total time for which application threads were stopped: 0.0124539 seconds, Stopping threads took: 0.0001011 seconds
2021-01-20T08:52:40.308+0000: 57718.029: Total time for which application threads were stopped: 0.0006720 seconds, Stopping threads took: 0.0001465 seconds
{Heap before GC invocations=816 (full 6):
 par new generation   total 38080K, used 33998K [0x0000000085600000, 0x0000000087f50000, 0x000000009a2c0000)
  eden space 33856K, 100% used [0x0000000085600000, 0x0000000087710000, 0x0000000087710000)
  from space 4224K,   3% used [0x0000000087710000, 0x0000000087733af0, 0x0000000087b30000)
  to   space 4224K,   0% used [0x0000000087b30000, 0x0000000087b30000, 0x0000000087f50000)
 concurrent mark-sweep generation total 118092K, used 88141K [0x000000009a2c0000, 0x00000000a1613000, 0x0000000100000000)
 Metaspace       used 110564K, capacity 117175K, committed 119468K, reserved 1153024K
  class space    used 13442K, capacity 14656K, committed 15328K, reserved 1048576K
2021-01-20T08:53:18.690+0000: 57756.410: [GC (Allocation Failure) 2021-01-20T08:53:18.690+0000: 57756.410: [ParNew
Desired survivor size 2162688 bytes, new threshold 6 (max 6)
- age   1:      66728 bytes,      66728 total
- age   2:        152 bytes,      66880 total
: 33998K->85K(38080K), 0.0052715 secs] 122140K->88226K(156172K), 0.0056124 secs] [Times: user=0.01 sys=0.00, real=0.00 secs] 
Heap after GC invocations=817 (full 6):
 par new generation   total 38080K, used 85K [0x0000000085600000, 0x0000000087f50000, 0x000000009a2c0000)
  eden space 33856K,   0% used [0x0000000085600000, 0x0000000085600000, 0x0000000087710000)
  from space 4224K,   2% used [0x0000000087b30000, 0x0000000087b45658, 0x0000000087f50000)
  to   space 4224K,   0% used [0x0000000087710000, 0x0000000087710000, 0x0000000087b30000)
 concurrent mark-sweep generation total 118092K, used 88141K [0x000000009a2c0000, 0x00000000a1613000, 0x0000000100000000)
 Metaspace       used 110564K, capacity 117175K, committed 119468K, reserved 1153024K
  class space    used 13442K, capacity 14656K, committed 15328K, reserved 1048576K
}
2021-01-20T08:53:18.695+0000: 57756.416: Total time for which application threads were stopped: 0.0072717 seconds, Stopping threads took: 0.0010430 seconds
2021-01-20T08:54:49.715+0000: 57847.436: Total time for which application threads were stopped: 0.0005754 seconds, Stopping threads took: 0.0000942 seconds
{Heap before GC invocations=817 (full 6):
 par new generation   total 38080K, used 33941K [0x0000000085600000, 0x0000000087f50000, 0x000000009a2c0000)
  eden space 33856K, 100% used [0x0000000085600000, 0x0000000087710000, 0x0000000087710000)
  from space 4224K,   2% used [0x0000000087b30000, 0x0000000087b45658, 0x0000000087f50000)
  to   space 4224K,   0% used [0x0000000087710000, 0x0000000087710000, 0x0000000087b30000)
 concurrent mark-sweep generation total 118092K, used 88141K [0x000000009a2c0000, 0x00000000a1613000, 0x0000000100000000)
 Metaspace       used 110564K, capacity 117175K, committed 119468K, reserved 1153024K
  class space    used 13442K, capacity 14656K, committed 15328K, reserved 1048576K
2021-01-20T08:54:58.356+0000: 57856.077: [GC (Allocation Failure) 2021-01-20T08:54:58.356+0000: 57856.077: [ParNew
Desired survivor size 2162688 bytes, new threshold 6 (max 6)
- age   1:      32000 bytes,      32000 total
- age   2:      35592 bytes,      67592 total
- age   3:         32 bytes,      67624 total
: 33941K->76K(38080K), 0.0100804 secs] 122082K->88217K(156172K), 0.0105246 secs] [Times: user=0.02 sys=0.00, real=0.02 secs] 
Heap after GC invocations=818 (full 6):
 par new generation   total 38080K, used 76K [0x0000000085600000, 0x0000000087f50000, 0x000000009a2c0000)
  eden space 33856K,   0% used [0x0000000085600000, 0x0000000085600000, 0x0000000087710000)
  from space 4224K,   1% used [0x0000000087710000, 0x0000000087723008, 0x0000000087b30000)
  to   space 4224K,   0% used [0x0000000087b30000, 0x0000000087b30000, 0x0000000087f50000)
 concurrent mark-sweep generation total 118092K, used 88141K [0x000000009a2c0000, 0x00000000a1613000, 0x0000000100000000)
 Metaspace       used 110564K, capacity 117175K, committed 119468K, reserved 1153024K
  class space    used 13442K, capacity 14656K, committed 15328K, reserved 1048576K
}
2021-01-20T08:54:58.367+0000: 57856.087: Total time for which application threads were stopped: 0.0114834 seconds, Stopping threads took: 0.0000912 seconds
{Heap before GC invocations=818 (full 6):
 par new generation   total 38080K, used 33932K [0x0000000085600000, 0x0000000087f50000, 0x000000009a2c0000)
  eden space 33856K, 100% used [0x0000000085600000, 0x0000000087710000, 0x0000000087710000)
  from space 4224K,   1% used [0x0000000087710000, 0x0000000087723008, 0x0000000087b30000)
  to   space 4224K,   0% used [0x0000000087b30000, 0x0000000087b30000, 0x0000000087f50000)
 concurrent mark-sweep generation total 118092K, used 88141K [0x000000009a2c0000, 0x00000000a1613000, 0x0000000100000000)
 Metaspace       used 110564K, capacity 117175K, committed 119468K, reserved 1153024K
  class space    used 13442K, capacity 14656K, committed 15328K, reserved 1048576K
2021-01-20T08:56:38.024+0000: 57955.744: [GC (Allocation Failure) 2021-01-20T08:56:38.024+0000: 57955.745: [ParNew
Desired survivor size 2162688 bytes, new threshold 6 (max 6)
- age   1:     131624 bytes,     131624 total
- age   2:        144 bytes,     131768 total
- age   3:      35232 bytes,     167000 total
- age   4:         32 bytes,     167032 total
: 33932K->169K(38080K), 0.0063714 secs] 122073K->88310K(156172K), 0.0067836 secs] [Times: user=0.02 sys=0.00, real=0.01 secs] 
Heap after GC invocations=819 (full 6):
 par new generation   total 38080K, used 169K [0x0000000085600000, 0x0000000087f50000, 0x000000009a2c0000)
  eden space 33856K,   0% used [0x0000000085600000, 0x0000000085600000, 0x0000000087710000)
  from space 4224K,   4% used [0x0000000087b30000, 0x0000000087b5a528, 0x0000000087f50000)
  to   space 4224K,   0% used [0x0000000087710000, 0x0000000087710000, 0x0000000087b30000)
 concurrent mark-sweep generation total 118092K, used 88141K [0x000000009a2c0000, 0x00000000a1613000, 0x0000000100000000)
 Metaspace       used 110564K, capacity 117175K, committed 119468K, reserved 1153024K
  class space    used 13442K, capacity 14656K, committed 15328K, reserved 1048576K
}
2021-01-20T08:56:38.031+0000: 57955.751: Total time for which application threads were stopped: 0.0076643 seconds, Stopping threads took: 0.0000906 seconds
2021-01-20T08:56:47.033+0000: 57964.754: Total time for which application threads were stopped: 0.0006155 seconds, Stopping threads took: 0.0000932 seconds
{Heap before GC invocations=819 (full 6):
 par new generation   total 38080K, used 33967K [0x0000000085600000, 0x0000000087f50000, 0x000000009a2c0000)
  eden space 33856K,  99% used [0x0000000085600000, 0x0000000087701790, 0x0000000087710000)
  from space 4224K,   4% used [0x0000000087b30000, 0x0000000087b5a528, 0x0000000087f50000)
  to   space 4224K,   0% used [0x0000000087710000, 0x0000000087710000, 0x0000000087b30000)
 concurrent mark-sweep generation total 118092K, used 88141K [0x000000009a2c0000, 0x00000000a1613000, 0x0000000100000000)
 Metaspace       used 110564K, capacity 117175K, committed 119468K, reserved 1153024K
  class space    used 13442K, capacity 14656K, committed 15328K, reserved 1048576K
2021-01-20T08:58:15.737+0000: 58053.458: [GC (Allocation Failure) 2021-01-20T08:58:15.737+0000: 58053.458: [ParNew
Desired survivor size 2162688 bytes, new threshold 6 (max 6)
- age   1:      29944 bytes,      29944 total
- age   2:      33880 bytes,      63824 total
- age   4:      35016 bytes,      98840 total
: 33967K->105K(38080K), 0.0062754 secs] 122108K->88246K(156172K), 0.0066109 secs] [Times: user=0.01 sys=0.00, real=0.00 secs] 
Heap after GC invocations=820 (full 6):
 par new generation   total 38080K, used 105K [0x0000000085600000, 0x0000000087f50000, 0x000000009a2c0000)
  eden space 33856K,   0% used [0x0000000085600000, 0x0000000085600000, 0x0000000087710000)
  from space 4224K,   2% used [0x0000000087710000, 0x000000008772a5c8, 0x0000000087b30000)
  to   space 4224K,   0% used [0x0000000087b30000, 0x0000000087b30000, 0x0000000087f50000)
 concurrent mark-sweep generation total 118092K, used 88141K [0x000000009a2c0000, 0x00000000a1613000, 0x0000000100000000)
 Metaspace       used 110564K, capacity 117175K, committed 119468K, reserved 1153024K
  class space    used 13442K, capacity 14656K, committed 15328K, reserved 1048576K
}
2021-01-20T08:58:15.744+0000: 58053.464: Total time for which application threads were stopped: 0.0075100 seconds, Stopping threads took: 0.0002087 seconds
{Heap before GC invocations=820 (full 6):
 par new generation   total 38080K, used 33961K [0x0000000085600000, 0x0000000087f50000, 0x000000009a2c0000)
  eden space 33856K, 100% used [0x0000000085600000, 0x0000000087710000, 0x0000000087710000)
  from space 4224K,   2% used [0x0000000087710000, 0x000000008772a5c8, 0x0000000087b30000)
  to   space 4224K,   0% used [0x0000000087b30000, 0x0000000087b30000, 0x0000000087f50000)
 concurrent mark-sweep generation total 118092K, used 88141K [0x000000009a2c0000, 0x00000000a1613000, 0x0000000100000000)
 Metaspace       used 110564K, capacity 117175K, committed 119468K, reserved 1153024K
  class space    used 13442K, capacity 14656K, committed 15328K, reserved 1048576K
2021-01-20T08:59:56.058+0000: 58153.779: [GC (Allocation Failure) 2021-01-20T08:59:56.058+0000: 58153.779: [ParNew
Desired survivor size 2162688 bytes, new threshold 6 (max 6)
- age   1:      31688 bytes,      31688 total
- age   2:        192 bytes,      31880 total
- age   3:      33736 bytes,      65616 total
- age   5:      34848 bytes,     100464 total
: 33961K->102K(38080K), 0.0052207 secs] 122102K->88243K(156172K), 0.0054715 secs] [Times: user=0.01 sys=0.00, real=0.00 secs] 
Heap after GC invocations=821 (full 6):
 par new generation   total 38080K, used 102K [0x0000000085600000, 0x0000000087f50000, 0x000000009a2c0000)
  eden space 33856K,   0% used [0x0000000085600000, 0x0000000085600000, 0x0000000087710000)
  from space 4224K,   2% used [0x0000000087b30000, 0x0000000087b49a58, 0x0000000087f50000)
  to   space 4224K,   0% used [0x0000000087710000, 0x0000000087710000, 0x0000000087b30000)
 concurrent mark-sweep generation total 118092K, used 88141K [0x000000009a2c0000, 0x00000000a1613000, 0x0000000100000000)
 Metaspace       used 110564K, capacity 117175K, committed 119468K, reserved 1153024K
  class space    used 13442K, capacity 14656K, committed 15328K, reserved 1048576K
}
2021-01-20T08:59:56.064+0000: 58153.784: Total time for which application threads were stopped: 0.0061255 seconds, Stopping threads took: 0.0001158 seconds
2021-01-20T09:00:06.066+0000: 58163.787: Total time for which application threads were stopped: 0.0005082 seconds, Stopping threads took: 0.0000791 seconds
{Heap before GC invocations=821 (full 6):
 par new generation   total 38080K, used 33958K [0x0000000085600000, 0x0000000087f50000, 0x000000009a2c0000)
  eden space 33856K, 100% used [0x0000000085600000, 0x0000000087710000, 0x0000000087710000)
  from space 4224K,   2% used [0x0000000087b30000, 0x0000000087b49a58, 0x0000000087f50000)
  to   space 4224K,   0% used [0x0000000087710000, 0x0000000087710000, 0x0000000087b30000)
 concurrent mark-sweep generation total 118092K, used 88141K [0x000000009a2c0000, 0x00000000a1613000, 0x0000000100000000)
 Metaspace       used 110566K, capacity 117175K, committed 119468K, reserved 1153024K
  class space    used 13442K, capacity 14656K, committed 15328K, reserved 1048576K
2021-01-20T09:01:35.809+0000: 58253.529: [GC (Allocation Failure) 2021-01-20T09:01:35.809+0000: 58253.530: [ParNew
Desired survivor size 2162688 bytes, new threshold 6 (max 6)
- age   1:      95936 bytes,      95936 total
- age   6:        360 bytes,      96296 total
: 33958K->98K(38080K), 0.0058018 secs] 122099K->88239K(156172K), 0.0060255 secs] [Times: user=0.01 sys=0.01, real=0.00 secs] 
Heap after GC invocations=822 (full 6):
 par new generation   total 38080K, used 98K [0x0000000085600000, 0x0000000087f50000, 0x000000009a2c0000)
  eden space 33856K,   0% used [0x0000000085600000, 0x0000000085600000, 0x0000000087710000)
  from space 4224K,   2% used [0x0000000087710000, 0x00000000877288c8, 0x0000000087b30000)
  to   space 4224K,   0% used [0x0000000087b30000, 0x0000000087b30000, 0x0000000087f50000)
 concurrent mark-sweep generation total 118092K, used 88141K [0x000000009a2c0000, 0x00000000a1613000, 0x0000000100000000)
 Metaspace       used 110566K, capacity 117175K, committed 119468K, reserved 1153024K
  class space    used 13442K, capacity 14656K, committed 15328K, reserved 1048576K
}
2021-01-20T09:01:35.815+0000: 58253.536: Total time for which application threads were stopped: 0.0066176 seconds, Stopping threads took: 0.0000798 seconds
{Heap before GC invocations=822 (full 6):
 par new generation   total 38080K, used 33954K [0x0000000085600000, 0x0000000087f50000, 0x000000009a2c0000)
  eden space 33856K, 100% used [0x0000000085600000, 0x0000000087710000, 0x0000000087710000)
  from space 4224K,   2% used [0x0000000087710000, 0x00000000877288c8, 0x0000000087b30000)
  to   space 4224K,   0% used [0x0000000087b30000, 0x0000000087b30000, 0x0000000087f50000)
 concurrent mark-sweep generation total 118092K, used 88141K [0x000000009a2c0000, 0x00000000a1613000, 0x0000000100000000)
 Metaspace       used 110566K, capacity 117175K, committed 119468K, reserved 1153024K
  class space    used 13442K, capacity 14656K, committed 15328K, reserved 1048576K
2021-01-20T09:03:13.581+0000: 58351.302: [GC (Allocation Failure) 2021-01-20T09:03:13.581+0000: 58351.302: [ParNew
Desired survivor size 2162688 bytes, new threshold 6 (max 6)
- age   1:      29608 bytes,      29608 total
- age   2:        152 bytes,      29760 total
: 33954K->37K(38080K), 0.0060019 secs] 122095K->88179K(156172K), 0.0063499 secs] [Times: user=0.02 sys=0.00, real=0.01 secs] 
Heap after GC invocations=823 (full 6):
 par new generation   total 38080K, used 37K [0x0000000085600000, 0x0000000087f50000, 0x000000009a2c0000)
  eden space 33856K,   0% used [0x0000000085600000, 0x0000000085600000, 0x0000000087710000)
  from space 4224K,   0% used [0x0000000087b30000, 0x0000000087b39708, 0x0000000087f50000)
  to   space 4224K,   0% used [0x0000000087710000, 0x0000000087710000, 0x0000000087b30000)
 concurrent mark-sweep generation total 118092K, used 88141K [0x000000009a2c0000, 0x00000000a1613000, 0x0000000100000000)
 Metaspace       used 110566K, capacity 117175K, committed 119468K, reserved 1153024K
  class space    used 13442K, capacity 14656K, committed 15328K, reserved 1048576K
}
2021-01-20T09:03:13.587+0000: 58351.308: Total time for which application threads were stopped: 0.0072810 seconds, Stopping threads took: 0.0001255 seconds
{Heap before GC invocations=823 (full 6):
 par new generation   total 38080K, used 33893K [0x0000000085600000, 0x0000000087f50000, 0x000000009a2c0000)
  eden space 33856K, 100% used [0x0000000085600000, 0x0000000087710000, 0x0000000087710000)
  from space 4224K,   0% used [0x0000000087b30000, 0x0000000087b39708, 0x0000000087f50000)
  to   space 4224K,   0% used [0x0000000087710000, 0x0000000087710000, 0x0000000087b30000)
 concurrent mark-sweep generation total 118092K, used 88141K [0x000000009a2c0000, 0x00000000a1613000, 0x0000000100000000)
 Metaspace       used 110566K, capacity 117175K, committed 119468K, reserved 1153024K
  class space    used 13442K, capacity 14656K, committed 15328K, reserved 1048576K
2021-01-20T09:04:54.041+0000: 58451.761: [GC (Allocation Failure) 2021-01-20T09:04:54.041+0000: 58451.762: [ParNew
Desired survivor size 2162688 bytes, new threshold 6 (max 6)
- age   1:      63992 bytes,      63992 total
- age   2:        152 bytes,      64144 total
: 33893K->64K(38080K), 0.0110027 secs] 122035K->88206K(156172K), 0.0113869 secs] [Times: user=0.02 sys=0.00, real=0.01 secs] 
Heap after GC invocations=824 (full 6):
 par new generation   total 38080K, used 64K [0x0000000085600000, 0x0000000087f50000, 0x000000009a2c0000)
  eden space 33856K,   0% used [0x0000000085600000, 0x0000000085600000, 0x0000000087710000)
  from space 4224K,   1% used [0x0000000087710000, 0x0000000087720210, 0x0000000087b30000)
  to   space 4224K,   0% used [0x0000000087b30000, 0x0000000087b30000, 0x0000000087f50000)
 concurrent mark-sweep generation total 118092K, used 88141K [0x000000009a2c0000, 0x00000000a1613000, 0x0000000100000000)
 Metaspace       used 110566K, capacity 117175K, committed 119468K, reserved 1153024K
  class space    used 13442K, capacity 14656K, committed 15328K, reserved 1048576K
}
2021-01-20T09:04:54.052+0000: 58451.773: Total time for which application threads were stopped: 0.0124015 seconds, Stopping threads took: 0.0001629 seconds
{Heap before GC invocations=824 (full 6):
 par new generation   total 38080K, used 33920K [0x0000000085600000, 0x0000000087f50000, 0x000000009a2c0000)
  eden space 33856K, 100% used [0x0000000085600000, 0x0000000087710000, 0x0000000087710000)
  from space 4224K,   1% used [0x0000000087710000, 0x0000000087720210, 0x0000000087b30000)
  to   space 4224K,   0% used [0x0000000087b30000, 0x0000000087b30000, 0x0000000087f50000)
 concurrent mark-sweep generation total 118092K, used 88141K [0x000000009a2c0000, 0x00000000a1613000, 0x0000000100000000)
 Metaspace       used 110566K, capacity 117175K, committed 119468K, reserved 1153024K
  class space    used 13442K, capacity 14656K, committed 15328K, reserved 1048576K
2021-01-20T09:06:34.999+0000: 58552.719: [GC (Allocation Failure) 2021-01-20T09:06:34.999+0000: 58552.720: [ParNew
Desired survivor size 2162688 bytes, new threshold 6 (max 6)
- age   1:      28248 bytes,      28248 total
- age   2:         48 bytes,      28296 total
- age   3:         32 bytes,      28328 total
: 33920K->31K(38080K), 0.0058447 secs] 122062K->88173K(156172K), 0.0062844 secs] [Times: user=0.01 sys=0.00, real=0.01 secs] 
Heap after GC invocations=825 (full 6):
 par new generation   total 38080K, used 31K [0x0000000085600000, 0x0000000087f50000, 0x000000009a2c0000)
  eden space 33856K,   0% used [0x0000000085600000, 0x0000000085600000, 0x0000000087710000)
  from space 4224K,   0% used [0x0000000087b30000, 0x0000000087b37e18, 0x0000000087f50000)
  to   space 4224K,   0% used [0x0000000087710000, 0x0000000087710000, 0x0000000087b30000)
 concurrent mark-sweep generation total 118092K, used 88141K [0x000000009a2c0000, 0x00000000a1613000, 0x0000000100000000)
 Metaspace       used 110566K, capacity 117175K, committed 119468K, reserved 1153024K
  class space    used 13442K, capacity 14656K, committed 15328K, reserved 1048576K
}
2021-01-20T09:06:35.005+0000: 58552.726: Total time for which application threads were stopped: 0.0072210 seconds, Stopping threads took: 0.0000908 seconds
2021-01-20T09:07:10.012+0000: 58587.733: Total time for which application threads were stopped: 0.0005739 seconds, Stopping threads took: 0.0001292 seconds
{Heap before GC invocations=825 (full 6):
 par new generation   total 38080K, used 33887K [0x0000000085600000, 0x0000000087f50000, 0x000000009a2c0000)
  eden space 33856K, 100% used [0x0000000085600000, 0x0000000087710000, 0x0000000087710000)
  from space 4224K,   0% used [0x0000000087b30000, 0x0000000087b37e18, 0x0000000087f50000)
  to   space 4224K,   0% used [0x0000000087710000, 0x0000000087710000, 0x0000000087b30000)
 concurrent mark-sweep generation total 118092K, used 88141K [0x000000009a2c0000, 0x00000000a1613000, 0x0000000100000000)
 Metaspace       used 110566K, capacity 117175K, committed 119468K, reserved 1153024K
  class space    used 13442K, capacity 14656K, committed 15328K, reserved 1048576K
2021-01-20T09:08:13.036+0000: 58650.757: [GC (Allocation Failure) 2021-01-20T09:08:13.036+0000: 58650.757: [ParNew
Desired survivor size 2162688 bytes, new threshold 6 (max 6)
- age   1:      30104 bytes,      30104 total
- age   2:        152 bytes,      30256 total
: 33887K->33K(38080K), 0.0052930 secs] 122029K->88174K(156172K), 0.0058325 secs] [Times: user=0.01 sys=0.00, real=0.01 secs] 
Heap after GC invocations=826 (full 6):
 par new generation   total 38080K, used 33K [0x0000000085600000, 0x0000000087f50000, 0x000000009a2c0000)
  eden space 33856K,   0% used [0x0000000085600000, 0x0000000085600000, 0x0000000087710000)
  from space 4224K,   0% used [0x0000000087710000, 0x0000000087718448, 0x0000000087b30000)
  to   space 4224K,   0% used [0x0000000087b30000, 0x0000000087b30000, 0x0000000087f50000)
 concurrent mark-sweep generation total 118092K, used 88141K [0x000000009a2c0000, 0x00000000a1613000, 0x0000000100000000)
 Metaspace       used 110566K, capacity 117175K, committed 119468K, reserved 1153024K
  class space    used 13442K, capacity 14656K, committed 15328K, reserved 1048576K
}
2021-01-20T09:08:13.042+0000: 58650.763: Total time for which application threads were stopped: 0.0067582 seconds, Stopping threads took: 0.0001288 seconds
2021-01-20T09:08:40.047+0000: 58677.768: Total time for which application threads were stopped: 0.0005962 seconds, Stopping threads took: 0.0000963 seconds
{Heap before GC invocations=826 (full 6):
 par new generation   total 38080K, used 33889K [0x0000000085600000, 0x0000000087f50000, 0x000000009a2c0000)
  eden space 33856K, 100% used [0x0000000085600000, 0x0000000087710000, 0x0000000087710000)
  from space 4224K,   0% used [0x0000000087710000, 0x0000000087718448, 0x0000000087b30000)
  to   space 4224K,   0% used [0x0000000087b30000, 0x0000000087b30000, 0x0000000087f50000)
 concurrent mark-sweep generation total 118092K, used 88141K [0x000000009a2c0000, 0x00000000a1613000, 0x0000000100000000)
 Metaspace       used 110566K, capacity 117175K, committed 119468K, reserved 1153024K
  class space    used 13442K, capacity 14656K, committed 15328K, reserved 1048576K
2021-01-20T09:09:52.784+0000: 58750.505: [GC (Allocation Failure) 2021-01-20T09:09:52.784+0000: 58750.505: [ParNew
Desired survivor size 2162688 bytes, new threshold 6 (max 6)
- age   1:      64488 bytes,      64488 total
- age   2:        120 bytes,      64608 total
: 33889K->67K(38080K), 0.0097040 secs] 122030K->88209K(156172K), 0.0101736 secs] [Times: user=0.02 sys=0.00, real=0.01 secs] 
Heap after GC invocations=827 (full 6):
 par new generation   total 38080K, used 67K [0x0000000085600000, 0x0000000087f50000, 0x000000009a2c0000)
  eden space 33856K,   0% used [0x0000000085600000, 0x0000000085600000, 0x0000000087710000)
  from space 4224K,   1% used [0x0000000087b30000, 0x0000000087b40e70, 0x0000000087f50000)
  to   space 4224K,   0% used [0x0000000087710000, 0x0000000087710000, 0x0000000087b30000)
 concurrent mark-sweep generation total 118092K, used 88141K [0x000000009a2c0000, 0x00000000a1613000, 0x0000000100000000)
 Metaspace       used 110566K, capacity 117175K, committed 119468K, reserved 1153024K
  class space    used 13442K, capacity 14656K, committed 15328K, reserved 1048576K
}
2021-01-20T09:09:52.794+0000: 58750.515: Total time for which application threads were stopped: 0.0111126 seconds, Stopping threads took: 0.0000909 seconds
{Heap before GC invocations=827 (full 6):
 par new generation   total 38080K, used 33923K [0x0000000085600000, 0x0000000087f50000, 0x000000009a2c0000)
  eden space 33856K, 100% used [0x0000000085600000, 0x0000000087710000, 0x0000000087710000)
  from space 4224K,   1% used [0x0000000087b30000, 0x0000000087b40e70, 0x0000000087f50000)
  to   space 4224K,   0% used [0x0000000087710000, 0x0000000087710000, 0x0000000087b30000)
 concurrent mark-sweep generation total 118092K, used 88141K [0x000000009a2c0000, 0x00000000a1613000, 0x0000000100000000)
 Metaspace       used 110566K, capacity 117175K, committed 119468K, reserved 1153024K
  class space    used 13442K, capacity 14656K, committed 15328K, reserved 1048576K
2021-01-20T09:11:34.031+0000: 58851.751: [GC (Allocation Failure) 2021-01-20T09:11:34.031+0000: 58851.752: [ParNew
Desired survivor size 2162688 bytes, new threshold 6 (max 6)
- age   1:      28672 bytes,      28672 total
- age   2:        152 bytes,      28824 total
: 33923K->33K(38080K), 0.0059389 secs] 122065K->88174K(156172K), 0.0063226 secs] [Times: user=0.01 sys=0.00, real=0.01 secs] 
Heap after GC invocations=828 (full 6):
 par new generation   total 38080K, used 33K [0x0000000085600000, 0x0000000087f50000, 0x000000009a2c0000)
  eden space 33856K,   0% used [0x0000000085600000, 0x0000000085600000, 0x0000000087710000)
  from space 4224K,   0% used [0x0000000087710000, 0x00000000877184d0, 0x0000000087b30000)
  to   space 4224K,   0% used [0x0000000087b30000, 0x0000000087b30000, 0x0000000087f50000)
 concurrent mark-sweep generation total 118092K, used 88141K [0x000000009a2c0000, 0x00000000a1613000, 0x0000000100000000)
 Metaspace       used 110566K, capacity 117175K, committed 119468K, reserved 1153024K
  class space    used 13442K, capacity 14656K, committed 15328K, reserved 1048576K
}
2021-01-20T09:11:34.037+0000: 58851.758: Total time for which application threads were stopped: 0.0072751 seconds, Stopping threads took: 0.0002049 seconds
{Heap before GC invocations=828 (full 6):
 par new generation   total 38080K, used 33889K [0x0000000085600000, 0x0000000087f50000, 0x000000009a2c0000)
  eden space 33856K, 100% used [0x0000000085600000, 0x0000000087710000, 0x0000000087710000)
  from space 4224K,   0% used [0x0000000087710000, 0x00000000877184d0, 0x0000000087b30000)
  to   space 4224K,   0% used [0x0000000087b30000, 0x0000000087b30000, 0x0000000087f50000)
 concurrent mark-sweep generation total 118092K, used 88141K [0x000000009a2c0000, 0x00000000a1613000, 0x0000000100000000)
 Metaspace       used 110566K, capacity 117175K, committed 119468K, reserved 1153024K
  class space    used 13442K, capacity 14656K, committed 15328K, reserved 1048576K
2021-01-20T09:13:11.892+0000: 58949.612: [GC (Allocation Failure) 2021-01-20T09:13:11.892+0000: 58949.612: [ParNew
Desired survivor size 2162688 bytes, new threshold 6 (max 6)
- age   1:      30336 bytes,      30336 total
- age   2:        184 bytes,      30520 total
- age   3:        152 bytes,      30672 total
: 33889K->34K(38080K), 0.0063428 secs] 122030K->88175K(156172K), 0.0067089 secs] [Times: user=0.02 sys=0.00, real=0.01 secs] 
Heap after GC invocations=829 (full 6):
 par new generation   total 38080K, used 34K [0x0000000085600000, 0x0000000087f50000, 0x000000009a2c0000)
  eden space 33856K,   0% used [0x0000000085600000, 0x0000000085600000, 0x0000000087710000)
  from space 4224K,   0% used [0x0000000087b30000, 0x0000000087b38838, 0x0000000087f50000)
  to   space 4224K,   0% used [0x0000000087710000, 0x0000000087710000, 0x0000000087b30000)
 concurrent mark-sweep generation total 118092K, used 88141K [0x000000009a2c0000, 0x00000000a1613000, 0x0000000100000000)
 Metaspace       used 110566K, capacity 117175K, committed 119468K, reserved 1153024K
  class space    used 13442K, capacity 14656K, committed 15328K, reserved 1048576K
}
2021-01-20T09:13:11.898+0000: 58949.619: Total time for which application threads were stopped: 0.0075970 seconds, Stopping threads took: 0.0001148 seconds
{Heap before GC invocations=829 (full 6):
 par new generation   total 38080K, used 33890K [0x0000000085600000, 0x0000000087f50000, 0x000000009a2c0000)
  eden space 33856K, 100% used [0x0000000085600000, 0x0000000087710000, 0x0000000087710000)
  from space 4224K,   0% used [0x0000000087b30000, 0x0000000087b38838, 0x0000000087f50000)
  to   space 4224K,   0% used [0x0000000087710000, 0x0000000087710000, 0x0000000087b30000)
 concurrent mark-sweep generation total 118092K, used 88141K [0x000000009a2c0000, 0x00000000a1613000, 0x0000000100000000)
 Metaspace       used 110566K, capacity 117175K, committed 119468K, reserved 1153024K
  class space    used 13442K, capacity 14656K, committed 15328K, reserved 1048576K
2021-01-20T09:14:51.634+0000: 59049.354: [GC (Allocation Failure) 2021-01-20T09:14:51.634+0000: 59049.355: [ParNew
Desired survivor size 2162688 bytes, new threshold 6 (max 6)
- age   1:      64256 bytes,      64256 total
- age   2:        120 bytes,      64376 total
- age   3:         32 bytes,      64408 total
- age   4:        152 bytes,      64560 total
: 33890K->68K(38080K), 0.0061366 secs] 122031K->88209K(156172K), 0.0065371 secs] [Times: user=0.02 sys=0.00, real=0.01 secs] 
Heap after GC invocations=830 (full 6):
 par new generation   total 38080K, used 68K [0x0000000085600000, 0x0000000087f50000, 0x000000009a2c0000)
  eden space 33856K,   0% used [0x0000000085600000, 0x0000000085600000, 0x0000000087710000)
  from space 4224K,   1% used [0x0000000087710000, 0x0000000087721110, 0x0000000087b30000)
  to   space 4224K,   0% used [0x0000000087b30000, 0x0000000087b30000, 0x0000000087f50000)
 concurrent mark-sweep generation total 118092K, used 88141K [0x000000009a2c0000, 0x00000000a1613000, 0x0000000100000000)
 Metaspace       used 110566K, capacity 117175K, committed 119468K, reserved 1153024K
  class space    used 13442K, capacity 14656K, committed 15328K, reserved 1048576K
}
2021-01-20T09:14:51.640+0000: 59049.361: Total time for which application threads were stopped: 0.0074394 seconds, Stopping threads took: 0.0000901 seconds
{Heap before GC invocations=830 (full 6):
 par new generation   total 38080K, used 33924K [0x0000000085600000, 0x0000000087f50000, 0x000000009a2c0000)
  eden space 33856K, 100% used [0x0000000085600000, 0x0000000087710000, 0x0000000087710000)
  from space 4224K,   1% used [0x0000000087710000, 0x0000000087721110, 0x0000000087b30000)
  to   space 4224K,   0% used [0x0000000087b30000, 0x0000000087b30000, 0x0000000087f50000)
 concurrent mark-sweep generation total 118092K, used 88141K [0x000000009a2c0000, 0x00000000a1613000, 0x0000000100000000)
 Metaspace       used 110566K, capacity 117175K, committed 119468K, reserved 1153024K
  class space    used 13442K, capacity 14656K, committed 15328K, reserved 1048576K
2021-01-20T09:16:32.453+0000: 59150.174: [GC (Allocation Failure) 2021-01-20T09:16:32.453+0000: 59150.174: [ParNew
Desired survivor size 2162688 bytes, new threshold 6 (max 6)
- age   1:      28520 bytes,      28520 total
- age   2:         48 bytes,      28568 total
- age   5:        152 bytes,      28720 total
: 33924K->30K(38080K), 0.0056818 secs] 122065K->88171K(156172K), 0.0060929 secs] [Times: user=0.02 sys=0.00, real=0.01 secs] 
Heap after GC invocations=831 (full 6):
 par new generation   total 38080K, used 30K [0x0000000085600000, 0x0000000087f50000, 0x000000009a2c0000)
  eden space 33856K,   0% used [0x0000000085600000, 0x0000000085600000, 0x0000000087710000)
  from space 4224K,   0% used [0x0000000087b30000, 0x0000000087b378a8, 0x0000000087f50000)
  to   space 4224K,   0% used [0x0000000087710000, 0x0000000087710000, 0x0000000087b30000)
 concurrent mark-sweep generation total 118092K, used 88141K [0x000000009a2c0000, 0x00000000a1613000, 0x0000000100000000)
 Metaspace       used 110566K, capacity 117175K, committed 119468K, reserved 1153024K
  class space    used 13442K, capacity 14656K, committed 15328K, reserved 1048576K
}
2021-01-20T09:16:32.459+0000: 59150.180: Total time for which application threads were stopped: 0.0071808 seconds, Stopping threads took: 0.0002012 seconds
{Heap before GC invocations=831 (full 6):
 par new generation   total 38080K, used 33886K [0x0000000085600000, 0x0000000087f50000, 0x000000009a2c0000)
  eden space 33856K, 100% used [0x0000000085600000, 0x0000000087710000, 0x0000000087710000)
  from space 4224K,   0% used [0x0000000087b30000, 0x0000000087b378a8, 0x0000000087f50000)
  to   space 4224K,   0% used [0x0000000087710000, 0x0000000087710000, 0x0000000087b30000)
 concurrent mark-sweep generation total 118092K, used 88141K [0x000000009a2c0000, 0x00000000a1613000, 0x0000000100000000)
 Metaspace       used 110566K, capacity 117175K, committed 119468K, reserved 1153024K
  class space    used 13442K, capacity 14656K, committed 15328K, reserved 1048576K
2021-01-20T09:18:10.321+0000: 59248.042: [GC (Allocation Failure) 2021-01-20T09:18:10.322+0000: 59248.042: [ParNew
Desired survivor size 2162688 bytes, new threshold 6 (max 6)
- age   1:      30040 bytes,      30040 total
- age   2:        152 bytes,      30192 total
- age   6:        152 bytes,      30344 total
: 33886K->34K(38080K), 0.0060323 secs] 122027K->88175K(156172K), 0.0063534 secs] [Times: user=0.02 sys=0.00, real=0.01 secs] 
Heap after GC invocations=832 (full 6):
 par new generation   total 38080K, used 34K [0x0000000085600000, 0x0000000087f50000, 0x000000009a2c0000)
  eden space 33856K,   0% used [0x0000000085600000, 0x0000000085600000, 0x0000000087710000)
  from space 4224K,   0% used [0x0000000087710000, 0x0000000087718808, 0x0000000087b30000)
  to   space 4224K,   0% used [0x0000000087b30000, 0x0000000087b30000, 0x0000000087f50000)
 concurrent mark-sweep generation total 118092K, used 88141K [0x000000009a2c0000, 0x00000000a1613000, 0x0000000100000000)
 Metaspace       used 110566K, capacity 117175K, committed 119468K, reserved 1153024K
  class space    used 13442K, capacity 14656K, committed 15328K, reserved 1048576K
}
2021-01-20T09:18:10.328+0000: 59248.049: Total time for which application threads were stopped: 0.0072282 seconds, Stopping threads took: 0.0000922 seconds
{Heap before GC invocations=832 (full 6):
 par new generation   total 38080K, used 33890K [0x0000000085600000, 0x0000000087f50000, 0x000000009a2c0000)
  eden space 33856K, 100% used [0x0000000085600000, 0x0000000087710000, 0x0000000087710000)
  from space 4224K,   0% used [0x0000000087710000, 0x0000000087718808, 0x0000000087b30000)
  to   space 4224K,   0% used [0x0000000087b30000, 0x0000000087b30000, 0x0000000087f50000)
 concurrent mark-sweep generation total 118092K, used 88141K [0x000000009a2c0000, 0x00000000a1613000, 0x0000000100000000)
 Metaspace       used 110566K, capacity 117175K, committed 119468K, reserved 1153024K
  class space    used 13442K, capacity 14656K, committed 15328K, reserved 1048576K
2021-01-20T09:19:50.009+0000: 59347.729: [GC (Allocation Failure) 2021-01-20T09:19:50.009+0000: 59347.730: [ParNew
Desired survivor size 2162688 bytes, new threshold 6 (max 6)
- age   1:      63944 bytes,      63944 total
- age   2:        120 bytes,      64064 total
: 33890K->67K(38080K), 0.0100063 secs] 122031K->88209K(156172K), 0.0103841 secs] [Times: user=0.03 sys=0.00, real=0.01 secs] 
Heap after GC invocations=833 (full 6):
 par new generation   total 38080K, used 67K [0x0000000085600000, 0x0000000087f50000, 0x000000009a2c0000)
  eden space 33856K,   0% used [0x0000000085600000, 0x0000000085600000, 0x0000000087710000)
  from space 4224K,   1% used [0x0000000087b30000, 0x0000000087b40f90, 0x0000000087f50000)
  to   space 4224K,   0% used [0x0000000087710000, 0x0000000087710000, 0x0000000087b30000)
 concurrent mark-sweep generation total 118092K, used 88141K [0x000000009a2c0000, 0x00000000a1613000, 0x0000000100000000)
 Metaspace       used 110566K, capacity 117175K, committed 119468K, reserved 1153024K
  class space    used 13442K, capacity 14656K, committed 15328K, reserved 1048576K
}
2021-01-20T09:19:50.019+0000: 59347.740: Total time for which application threads were stopped: 0.0113296 seconds, Stopping threads took: 0.0002304 seconds
{Heap before GC invocations=833 (full 6):
 par new generation   total 38080K, used 33923K [0x0000000085600000, 0x0000000087f50000, 0x000000009a2c0000)
  eden space 33856K, 100% used [0x0000000085600000, 0x0000000087710000, 0x0000000087710000)
  from space 4224K,   1% used [0x0000000087b30000, 0x0000000087b40f90, 0x0000000087f50000)
  to   space 4224K,   0% used [0x0000000087710000, 0x0000000087710000, 0x0000000087b30000)
 concurrent mark-sweep generation total 118092K, used 88141K [0x000000009a2c0000, 0x00000000a1613000, 0x0000000100000000)
 Metaspace       used 110566K, capacity 117175K, committed 119468K, reserved 1153024K
  class space    used 13442K, capacity 14656K, committed 15328K, reserved 1048576K
2021-01-20T09:21:31.272+0000: 59448.992: [GC (Allocation Failure) 2021-01-20T09:21:31.272+0000: 59448.993: [ParNew
Desired survivor size 2162688 bytes, new threshold 6 (max 6)
- age   1:      30576 bytes,      30576 total
- age   2:         64 bytes,      30640 total
: 33923K->32K(38080K), 0.0095465 secs] 122065K->88174K(156172K), 0.0098923 secs] [Times: user=0.03 sys=0.00, real=0.01 secs] 
Heap after GC invocations=834 (full 6):
 par new generation   total 38080K, used 32K [0x0000000085600000, 0x0000000087f50000, 0x000000009a2c0000)
  eden space 33856K,   0% used [0x0000000085600000, 0x0000000085600000, 0x0000000087710000)
  from space 4224K,   0% used [0x0000000087710000, 0x00000000877182f0, 0x0000000087b30000)
  to   space 4224K,   0% used [0x0000000087b30000, 0x0000000087b30000, 0x0000000087f50000)
 concurrent mark-sweep generation total 118092K, used 88141K [0x000000009a2c0000, 0x00000000a1613000, 0x0000000100000000)
 Metaspace       used 110566K, capacity 117175K, committed 119468K, reserved 1153024K
  class space    used 13442K, capacity 14656K, committed 15328K, reserved 1048576K
}
2021-01-20T09:21:31.282+0000: 59449.002: Total time for which application threads were stopped: 0.0107191 seconds, Stopping threads took: 0.0001081 seconds
{Heap before GC invocations=834 (full 6):
 par new generation   total 38080K, used 33873K [0x0000000085600000, 0x0000000087f50000, 0x000000009a2c0000)
  eden space 33856K,  99% used [0x0000000085600000, 0x000000008770c230, 0x0000000087710000)
  from space 4224K,   0% used [0x0000000087710000, 0x00000000877182f0, 0x0000000087b30000)
  to   space 4224K,   0% used [0x0000000087b30000, 0x0000000087b30000, 0x0000000087f50000)
 concurrent mark-sweep generation total 118092K, used 88141K [0x000000009a2c0000, 0x00000000a1613000, 0x0000000100000000)
 Metaspace       used 110566K, capacity 117175K, committed 119468K, reserved 1153024K
  class space    used 13442K, capacity 14656K, committed 15328K, reserved 1048576K
2021-01-20T09:23:09.531+0000: 59547.252: [GC (Allocation Failure) 2021-01-20T09:23:09.531+0000: 59547.252: [ParNew
Desired survivor size 2162688 bytes, new threshold 6 (max 6)
- age   1:      95752 bytes,      95752 total
- age   2:        152 bytes,      95904 total
- age   3:         32 bytes,      95936 total
: 33873K->100K(38080K), 0.0132061 secs] 122015K->88242K(156172K), 0.0135690 secs] [Times: user=0.03 sys=0.00, real=0.02 secs] 
Heap after GC invocations=835 (full 6):
 par new generation   total 38080K, used 100K [0x0000000085600000, 0x0000000087f50000, 0x000000009a2c0000)
  eden space 33856K,   0% used [0x0000000085600000, 0x0000000085600000, 0x0000000087710000)
  from space 4224K,   2% used [0x0000000087b30000, 0x0000000087b49280, 0x0000000087f50000)
  to   space 4224K,   0% used [0x0000000087710000, 0x0000000087710000, 0x0000000087b30000)
 concurrent mark-sweep generation total 118092K, used 88141K [0x000000009a2c0000, 0x00000000a1613000, 0x0000000100000000)
 Metaspace       used 110566K, capacity 117175K, committed 119468K, reserved 1153024K
  class space    used 13442K, capacity 14656K, committed 15328K, reserved 1048576K
}
2021-01-20T09:23:09.545+0000: 59547.265: Total time for which application threads were stopped: 0.0145370 seconds, Stopping threads took: 0.0001039 seconds
{Heap before GC invocations=835 (full 6):
 par new generation   total 38080K, used 33877K [0x0000000085600000, 0x0000000087f50000, 0x000000009a2c0000)
  eden space 33856K,  99% used [0x0000000085600000, 0x00000000876fc460, 0x0000000087710000)
  from space 4224K,   2% used [0x0000000087b30000, 0x0000000087b49280, 0x0000000087f50000)
  to   space 4224K,   0% used [0x0000000087710000, 0x0000000087710000, 0x0000000087b30000)
 concurrent mark-sweep generation total 118092K, used 88141K [0x000000009a2c0000, 0x00000000a1613000, 0x0000000100000000)
 Metaspace       used 110566K, capacity 117175K, committed 119468K, reserved 1153024K
  class space    used 13442K, capacity 14656K, committed 15328K, reserved 1048576K
2021-01-20T09:24:48.909+0000: 59646.629: [GC (Allocation Failure) 2021-01-20T09:24:48.909+0000: 59646.630: [ParNew
Desired survivor size 2162688 bytes, new threshold 6 (max 6)
- age   1:      64288 bytes,      64288 total
- age   2:        120 bytes,      64408 total
- age   4:         32 bytes,      64440 total
: 33877K->80K(38080K), 0.0056244 secs] 122019K->88222K(156172K), 0.0059595 secs] [Times: user=0.01 sys=0.00, real=0.00 secs] 
Heap after GC invocations=836 (full 6):
 par new generation   total 38080K, used 80K [0x0000000085600000, 0x0000000087f50000, 0x000000009a2c0000)
  eden space 33856K,   0% used [0x0000000085600000, 0x0000000085600000, 0x0000000087710000)
  from space 4224K,   1% used [0x0000000087710000, 0x00000000877242b0, 0x0000000087b30000)
  to   space 4224K,   0% used [0x0000000087b30000, 0x0000000087b30000, 0x0000000087f50000)
 concurrent mark-sweep generation total 118092K, used 88141K [0x000000009a2c0000, 0x00000000a1613000, 0x0000000100000000)
 Metaspace       used 110566K, capacity 117175K, committed 119468K, reserved 1153024K
  class space    used 13442K, capacity 14656K, committed 15328K, reserved 1048576K
}
2021-01-20T09:24:48.915+0000: 59646.636: Total time for which application threads were stopped: 0.0070291 seconds, Stopping threads took: 0.0002414 seconds
{Heap before GC invocations=836 (full 6):
 par new generation   total 38080K, used 33936K [0x0000000085600000, 0x0000000087f50000, 0x000000009a2c0000)
  eden space 33856K, 100% used [0x0000000085600000, 0x0000000087710000, 0x0000000087710000)
  from space 4224K,   1% used [0x0000000087710000, 0x00000000877242b0, 0x0000000087b30000)
  to   space 4224K,   0% used [0x0000000087b30000, 0x0000000087b30000, 0x0000000087f50000)
 concurrent mark-sweep generation total 118092K, used 88141K [0x000000009a2c0000, 0x00000000a1613000, 0x0000000100000000)
 Metaspace       used 110566K, capacity 117175K, committed 119468K, reserved 1153024K
  class space    used 13442K, capacity 14656K, committed 15328K, reserved 1048576K
2021-01-20T09:26:29.810+0000: 59747.531: [GC (Allocation Failure) 2021-01-20T09:26:29.810+0000: 59747.531: [ParNew
Desired survivor size 2162688 bytes, new threshold 6 (max 6)
- age   1:      28704 bytes,      28704 total
- age   2:         48 bytes,      28752 total
- age   5:         32 bytes,      28784 total
: 33936K->36K(38080K), 0.0054595 secs] 122078K->88178K(156172K), 0.0058358 secs] [Times: user=0.02 sys=0.00, real=0.01 secs] 
Heap after GC invocations=837 (full 6):
 par new generation   total 38080K, used 36K [0x0000000085600000, 0x0000000087f50000, 0x000000009a2c0000)
  eden space 33856K,   0% used [0x0000000085600000, 0x0000000085600000, 0x0000000087710000)
  from space 4224K,   0% used [0x0000000087b30000, 0x0000000087b39330, 0x0000000087f50000)
  to   space 4224K,   0% used [0x0000000087710000, 0x0000000087710000, 0x0000000087b30000)
 concurrent mark-sweep generation total 118092K, used 88141K [0x000000009a2c0000, 0x00000000a1613000, 0x0000000100000000)
 Metaspace       used 110566K, capacity 117175K, committed 119468K, reserved 1153024K
  class space    used 13442K, capacity 14656K, committed 15328K, reserved 1048576K
}
2021-01-20T09:26:29.816+0000: 59747.537: Total time for which application threads were stopped: 0.0065854 seconds, Stopping threads took: 0.0000763 seconds
{Heap before GC invocations=837 (full 6):
 par new generation   total 38080K, used 33892K [0x0000000085600000, 0x0000000087f50000, 0x000000009a2c0000)
  eden space 33856K, 100% used [0x0000000085600000, 0x0000000087710000, 0x0000000087710000)
  from space 4224K,   0% used [0x0000000087b30000, 0x0000000087b39330, 0x0000000087f50000)
  to   space 4224K,   0% used [0x0000000087710000, 0x0000000087710000, 0x0000000087b30000)
 concurrent mark-sweep generation total 118092K, used 88141K [0x000000009a2c0000, 0x00000000a1613000, 0x0000000100000000)
 Metaspace       used 110566K, capacity 117175K, committed 119468K, reserved 1153024K
  class space    used 13442K, capacity 14656K, committed 15328K, reserved 1048576K
2021-01-20T09:28:09.577+0000: 59847.298: [GC (Allocation Failure) 2021-01-20T09:28:09.577+0000: 59847.298: [ParNew
Desired survivor size 2162688 bytes, new threshold 6 (max 6)
- age   1:      56696 bytes,      56696 total
- age   2:        152 bytes,      56848 total
- age   6:         32 bytes,      56880 total
: 33892K->57K(38080K), 0.0062762 secs] 122034K->88199K(156172K), 0.0065602 secs] [Times: user=0.00 sys=0.01, real=0.00 secs] 
Heap after GC invocations=838 (full 6):
 par new generation   total 38080K, used 57K [0x0000000085600000, 0x0000000087f50000, 0x000000009a2c0000)
  eden space 33856K,   0% used [0x0000000085600000, 0x0000000085600000, 0x0000000087710000)
  from space 4224K,   1% used [0x0000000087710000, 0x000000008771e540, 0x0000000087b30000)
  to   space 4224K,   0% used [0x0000000087b30000, 0x0000000087b30000, 0x0000000087f50000)
 concurrent mark-sweep generation total 118092K, used 88141K [0x000000009a2c0000, 0x00000000a1613000, 0x0000000100000000)
 Metaspace       used 110566K, capacity 117175K, committed 119468K, reserved 1153024K
  class space    used 13442K, capacity 14656K, committed 15328K, reserved 1048576K
}
2021-01-20T09:28:09.584+0000: 59847.304: Total time for which application threads were stopped: 0.0074413 seconds, Stopping threads took: 0.0000873 seconds
{Heap before GC invocations=838 (full 6):
 par new generation   total 38080K, used 33913K [0x0000000085600000, 0x0000000087f50000, 0x000000009a2c0000)
  eden space 33856K, 100% used [0x0000000085600000, 0x0000000087710000, 0x0000000087710000)
  from space 4224K,   1% used [0x0000000087710000, 0x000000008771e540, 0x0000000087b30000)
  to   space 4224K,   0% used [0x0000000087b30000, 0x0000000087b30000, 0x0000000087f50000)
 concurrent mark-sweep generation total 118092K, used 88141K [0x000000009a2c0000, 0x00000000a1613000, 0x0000000100000000)
 Metaspace       used 110566K, capacity 117175K, committed 119468K, reserved 1153024K
  class space    used 13442K, capacity 14656K, committed 15328K, reserved 1048576K
2021-01-20T09:29:47.996+0000: 59945.716: [GC (Allocation Failure) 2021-01-20T09:29:47.996+0000: 59945.717: [ParNew
Desired survivor size 2162688 bytes, new threshold 6 (max 6)
- age   1:      62584 bytes,      62584 total
- age   2:        120 bytes,      62704 total
: 33913K->73K(38080K), 0.0098669 secs] 122055K->88214K(156172K), 0.0102284 secs] [Times: user=0.03 sys=0.00, real=0.02 secs] 
Heap after GC invocations=839 (full 6):
 par new generation   total 38080K, used 73K [0x0000000085600000, 0x0000000087f50000, 0x000000009a2c0000)
  eden space 33856K,   0% used [0x0000000085600000, 0x0000000085600000, 0x0000000087710000)
  from space 4224K,   1% used [0x0000000087b30000, 0x0000000087b42418, 0x0000000087f50000)
  to   space 4224K,   0% used [0x0000000087710000, 0x0000000087710000, 0x0000000087b30000)
 concurrent mark-sweep generation total 118092K, used 88141K [0x000000009a2c0000, 0x00000000a1613000, 0x0000000100000000)
 Metaspace       used 110566K, capacity 117175K, committed 119468K, reserved 1153024K
  class space    used 13442K, capacity 14656K, committed 15328K, reserved 1048576K
}
2021-01-20T09:29:48.006+0000: 59945.727: Total time for which application threads were stopped: 0.0110573 seconds, Stopping threads took: 0.0000931 seconds
{Heap before GC invocations=839 (full 6):
 par new generation   total 38080K, used 33929K [0x0000000085600000, 0x0000000087f50000, 0x000000009a2c0000)
  eden space 33856K, 100% used [0x0000000085600000, 0x0000000087710000, 0x0000000087710000)
  from space 4224K,   1% used [0x0000000087b30000, 0x0000000087b42418, 0x0000000087f50000)
  to   space 4224K,   0% used [0x0000000087710000, 0x0000000087710000, 0x0000000087b30000)
 concurrent mark-sweep generation total 118092K, used 88141K [0x000000009a2c0000, 0x00000000a1613000, 0x0000000100000000)
 Metaspace       used 110566K, capacity 117175K, committed 119468K, reserved 1153024K
  class space    used 13442K, capacity 14656K, committed 15328K, reserved 1048576K
2021-01-20T09:31:27.842+0000: 60045.563: [GC (Allocation Failure) 2021-01-20T09:31:27.842+0000: 60045.563: [ParNew
Desired survivor size 2162688 bytes, new threshold 6 (max 6)
- age   1:      27048 bytes,      27048 total
: 33929K->31K(38080K), 0.0048613 secs] 122070K->88172K(156172K), 0.0051471 secs] [Times: user=0.01 sys=0.00, real=0.01 secs] 
Heap after GC invocations=840 (full 6):
 par new generation   total 38080K, used 31K [0x0000000085600000, 0x0000000087f50000, 0x000000009a2c0000)
  eden space 33856K,   0% used [0x0000000085600000, 0x0000000085600000, 0x0000000087710000)
  from space 4224K,   0% used [0x0000000087710000, 0x0000000087717c50, 0x0000000087b30000)
  to   space 4224K,   0% used [0x0000000087b30000, 0x0000000087b30000, 0x0000000087f50000)
 concurrent mark-sweep generation total 118092K, used 88141K [0x000000009a2c0000, 0x00000000a1613000, 0x0000000100000000)
 Metaspace       used 110566K, capacity 117175K, committed 119468K, reserved 1153024K
  class space    used 13442K, capacity 14656K, committed 15328K, reserved 1048576K
}
2021-01-20T09:31:27.847+0000: 60045.568: Total time for which application threads were stopped: 0.0058196 seconds, Stopping threads took: 0.0000961 seconds
{Heap before GC invocations=840 (full 6):
 par new generation   total 38080K, used 33887K [0x0000000085600000, 0x0000000087f50000, 0x000000009a2c0000)
  eden space 33856K, 100% used [0x0000000085600000, 0x0000000087710000, 0x0000000087710000)
  from space 4224K,   0% used [0x0000000087710000, 0x0000000087717c50, 0x0000000087b30000)
  to   space 4224K,   0% used [0x0000000087b30000, 0x0000000087b30000, 0x0000000087f50000)
 concurrent mark-sweep generation total 118092K, used 88141K [0x000000009a2c0000, 0x00000000a1613000, 0x0000000100000000)
 Metaspace       used 110566K, capacity 117175K, committed 119468K, reserved 1153024K
  class space    used 13442K, capacity 14656K, committed 15328K, reserved 1048576K
2021-01-20T09:33:07.626+0000: 60145.347: [GC (Allocation Failure) 2021-01-20T09:33:07.626+0000: 60145.347: [ParNew
Desired survivor size 2162688 bytes, new threshold 6 (max 6)
- age   1:      30440 bytes,      30440 total
- age   2:         64 bytes,      30504 total
: 33887K->33K(38080K), 0.0050741 secs] 122028K->88175K(156172K), 0.0053549 secs] [Times: user=0.01 sys=0.00, real=0.00 secs] 
Heap after GC invocations=841 (full 6):
 par new generation   total 38080K, used 33K [0x0000000085600000, 0x0000000087f50000, 0x000000009a2c0000)
  eden space 33856K,   0% used [0x0000000085600000, 0x0000000085600000, 0x0000000087710000)
  from space 4224K,   0% used [0x0000000087b30000, 0x0000000087b38568, 0x0000000087f50000)
  to   space 4224K,   0% used [0x0000000087710000, 0x0000000087710000, 0x0000000087b30000)
 concurrent mark-sweep generation total 118092K, used 88141K [0x000000009a2c0000, 0x00000000a1613000, 0x0000000100000000)
 Metaspace       used 110566K, capacity 117175K, committed 119468K, reserved 1153024K
  class space    used 13442K, capacity 14656K, committed 15328K, reserved 1048576K
}
2021-01-20T09:33:07.632+0000: 60145.352: Total time for which application threads were stopped: 0.0060256 seconds, Stopping threads took: 0.0000881 seconds
{Heap before GC invocations=841 (full 6):
 par new generation   total 38080K, used 33889K [0x0000000085600000, 0x0000000087f50000, 0x000000009a2c0000)
  eden space 33856K, 100% used [0x0000000085600000, 0x0000000087710000, 0x0000000087710000)
  from space 4224K,   0% used [0x0000000087b30000, 0x0000000087b38568, 0x0000000087f50000)
  to   space 4224K,   0% used [0x0000000087710000, 0x0000000087710000, 0x0000000087b30000)
 concurrent mark-sweep generation total 118092K, used 88141K [0x000000009a2c0000, 0x00000000a1613000, 0x0000000100000000)
 Metaspace       used 110566K, capacity 117175K, committed 119468K, reserved 1153024K
  class space    used 13442K, capacity 14656K, committed 15328K, reserved 1048576K
2021-01-20T09:34:45.555+0000: 60243.275: [GC (Allocation Failure) 2021-01-20T09:34:45.555+0000: 60243.276: [ParNew
Desired survivor size 2162688 bytes, new threshold 6 (max 6)
- age   1:      97712 bytes,      97712 total
- age   2:        120 bytes,      97832 total
- age   3:         32 bytes,      97864 total
: 33889K->100K(38080K), 0.0051407 secs] 122031K->88242K(156172K), 0.0054219 secs] [Times: user=0.02 sys=0.00, real=0.01 secs] 
Heap after GC invocations=842 (full 6):
 par new generation   total 38080K, used 100K [0x0000000085600000, 0x0000000087f50000, 0x000000009a2c0000)
  eden space 33856K,   0% used [0x0000000085600000, 0x0000000085600000, 0x0000000087710000)
  from space 4224K,   2% used [0x0000000087710000, 0x0000000087729298, 0x0000000087b30000)
  to   space 4224K,   0% used [0x0000000087b30000, 0x0000000087b30000, 0x0000000087f50000)
 concurrent mark-sweep generation total 118092K, used 88141K [0x000000009a2c0000, 0x00000000a1613000, 0x0000000100000000)
 Metaspace       used 110566K, capacity 117175K, committed 119468K, reserved 1153024K
  class space    used 13442K, capacity 14656K, committed 15328K, reserved 1048576K
}
2021-01-20T09:34:45.560+0000: 60243.281: Total time for which application threads were stopped: 0.0062268 seconds, Stopping threads took: 0.0001726 seconds
2021-01-20T09:34:48.561+0000: 60246.282: Total time for which application threads were stopped: 0.0002838 seconds, Stopping threads took: 0.0000492 seconds
{Heap before GC invocations=842 (full 6):
 par new generation   total 38080K, used 33956K [0x0000000085600000, 0x0000000087f50000, 0x000000009a2c0000)
  eden space 33856K, 100% used [0x0000000085600000, 0x0000000087710000, 0x0000000087710000)
  from space 4224K,   2% used [0x0000000087710000, 0x0000000087729298, 0x0000000087b30000)
  to   space 4224K,   0% used [0x0000000087b30000, 0x0000000087b30000, 0x0000000087f50000)
 concurrent mark-sweep generation total 118092K, used 88141K [0x000000009a2c0000, 0x00000000a1613000, 0x0000000100000000)
 Metaspace       used 110566K, capacity 117175K, committed 119468K, reserved 1153024K
  class space    used 13442K, capacity 14656K, committed 15328K, reserved 1048576K
2021-01-20T09:36:26.601+0000: 60344.321: [GC (Allocation Failure) 2021-01-20T09:36:26.601+0000: 60344.322: [ParNew
Desired survivor size 2162688 bytes, new threshold 6 (max 6)
- age   1:      29096 bytes,      29096 total
- age   2:        168 bytes,      29264 total
- age   4:         32 bytes,      29296 total
: 33956K->36K(38080K), 0.0045283 secs] 122098K->88178K(156172K), 0.0048210 secs] [Times: user=0.01 sys=0.00, real=0.01 secs] 
Heap after GC invocations=843 (full 6):
 par new generation   total 38080K, used 36K [0x0000000085600000, 0x0000000087f50000, 0x000000009a2c0000)
  eden space 33856K,   0% used [0x0000000085600000, 0x0000000085600000, 0x0000000087710000)
  from space 4224K,   0% used [0x0000000087b30000, 0x0000000087b39078, 0x0000000087f50000)
  to   space 4224K,   0% used [0x0000000087710000, 0x0000000087710000, 0x0000000087b30000)
 concurrent mark-sweep generation total 118092K, used 88141K [0x000000009a2c0000, 0x00000000a1613000, 0x0000000100000000)
 Metaspace       used 110566K, capacity 117175K, committed 119468K, reserved 1153024K
  class space    used 13442K, capacity 14656K, committed 15328K, reserved 1048576K
}
2021-01-20T09:36:26.605+0000: 60344.326: Total time for which application threads were stopped: 0.0071583 seconds, Stopping threads took: 0.0018530 seconds
{Heap before GC invocations=843 (full 6):
 par new generation   total 38080K, used 33892K [0x0000000085600000, 0x0000000087f50000, 0x000000009a2c0000)
  eden space 33856K, 100% used [0x0000000085600000, 0x0000000087710000, 0x0000000087710000)
  from space 4224K,   0% used [0x0000000087b30000, 0x0000000087b39078, 0x0000000087f50000)
  to   space 4224K,   0% used [0x0000000087710000, 0x0000000087710000, 0x0000000087b30000)
 concurrent mark-sweep generation total 118092K, used 88141K [0x000000009a2c0000, 0x00000000a1613000, 0x0000000100000000)
 Metaspace       used 110566K, capacity 117175K, committed 119468K, reserved 1153024K
  class space    used 13442K, capacity 14656K, committed 15328K, reserved 1048576K
2021-01-20T09:38:06.506+0000: 60444.227: [GC (Allocation Failure) 2021-01-20T09:38:06.507+0000: 60444.227: [ParNew
Desired survivor size 2162688 bytes, new threshold 6 (max 6)
- age   1:      30176 bytes,      30176 total
- age   2:         32 bytes,      30208 total
- age   5:         32 bytes,      30240 total
: 33892K->31K(38080K), 0.0050236 secs] 122034K->88173K(156172K), 0.0053062 secs] [Times: user=0.02 sys=0.00, real=0.00 secs] 
Heap after GC invocations=844 (full 6):
 par new generation   total 38080K, used 31K [0x0000000085600000, 0x0000000087f50000, 0x000000009a2c0000)
  eden space 33856K,   0% used [0x0000000085600000, 0x0000000085600000, 0x0000000087710000)
  from space 4224K,   0% used [0x0000000087710000, 0x0000000087717f38, 0x0000000087b30000)
  to   space 4224K,   0% used [0x0000000087b30000, 0x0000000087b30000, 0x0000000087f50000)
 concurrent mark-sweep generation total 118092K, used 88141K [0x000000009a2c0000, 0x00000000a1613000, 0x0000000100000000)
 Metaspace       used 110566K, capacity 117175K, committed 119468K, reserved 1153024K
  class space    used 13442K, capacity 14656K, committed 15328K, reserved 1048576K
}
2021-01-20T09:38:06.512+0000: 60444.233: Total time for which application threads were stopped: 0.0060506 seconds, Stopping threads took: 0.0000759 seconds
2021-01-20T09:39:10.521+0000: 60508.242: Total time for which application threads were stopped: 0.0003949 seconds, Stopping threads took: 0.0000680 seconds
{Heap before GC invocations=844 (full 6):
 par new generation   total 38080K, used 33887K [0x0000000085600000, 0x0000000087f50000, 0x000000009a2c0000)
  eden space 33856K, 100% used [0x0000000085600000, 0x0000000087710000, 0x0000000087710000)
  from space 4224K,   0% used [0x0000000087710000, 0x0000000087717f38, 0x0000000087b30000)
  to   space 4224K,   0% used [0x0000000087b30000, 0x0000000087b30000, 0x0000000087f50000)
 concurrent mark-sweep generation total 118092K, used 88141K [0x000000009a2c0000, 0x00000000a1613000, 0x0000000100000000)
 Metaspace       used 110566K, capacity 117175K, committed 119468K, reserved 1153024K
  class space    used 13442K, capacity 14656K, committed 15328K, reserved 1048576K
2021-01-20T09:39:44.283+0000: 60542.003: [GC (Allocation Failure) 2021-01-20T09:39:44.283+0000: 60542.003: [ParNew
Desired survivor size 2162688 bytes, new threshold 6 (max 6)
- age   1:      97904 bytes,      97904 total
- age   2:        120 bytes,      98024 total
- age   6:         32 bytes,      98056 total
: 33887K->101K(38080K), 0.0049791 secs] 122029K->88243K(156172K), 0.0052217 secs] [Times: user=0.01 sys=0.00, real=0.01 secs] 
Heap after GC invocations=845 (full 6):
 par new generation   total 38080K, used 101K [0x0000000085600000, 0x0000000087f50000, 0x000000009a2c0000)
  eden space 33856K,   0% used [0x0000000085600000, 0x0000000085600000, 0x0000000087710000)
  from space 4224K,   2% used [0x0000000087b30000, 0x0000000087b49748, 0x0000000087f50000)
  to   space 4224K,   0% used [0x0000000087710000, 0x0000000087710000, 0x0000000087b30000)
 concurrent mark-sweep generation total 118092K, used 88141K [0x000000009a2c0000, 0x00000000a1613000, 0x0000000100000000)
 Metaspace       used 110566K, capacity 117175K, committed 119468K, reserved 1153024K
  class space    used 13442K, capacity 14656K, committed 15328K, reserved 1048576K
}
2021-01-20T09:39:44.288+0000: 60542.009: Total time for which application threads were stopped: 0.0058031 seconds, Stopping threads took: 0.0000852 seconds
2021-01-20T09:39:45.288+0000: 60543.009: Total time for which application threads were stopped: 0.0004744 seconds, Stopping threads took: 0.0000769 seconds
{Heap before GC invocations=845 (full 6):
 par new generation   total 38080K, used 33957K [0x0000000085600000, 0x0000000087f50000, 0x000000009a2c0000)
  eden space 33856K, 100% used [0x0000000085600000, 0x0000000087710000, 0x0000000087710000)
  from space 4224K,   2% used [0x0000000087b30000, 0x0000000087b49748, 0x0000000087f50000)
  to   space 4224K,   0% used [0x0000000087710000, 0x0000000087710000, 0x0000000087b30000)
 concurrent mark-sweep generation total 118092K, used 88141K [0x000000009a2c0000, 0x00000000a1613000, 0x0000000100000000)
 Metaspace       used 110575K, capacity 117175K, committed 119468K, reserved 1153024K
  class space    used 13442K, capacity 14656K, committed 15328K, reserved 1048576K
2021-01-20T09:41:25.405+0000: 60643.126: [GC (Allocation Failure) 2021-01-20T09:41:25.405+0000: 60643.126: [ParNew
Desired survivor size 2162688 bytes, new threshold 6 (max 6)
- age   1:      28648 bytes,      28648 total
- age   2:        152 bytes,      28800 total
: 33957K->29K(38080K), 0.0056023 secs] 122099K->88171K(156172K), 0.0058733 secs] [Times: user=0.01 sys=0.00, real=0.00 secs] 
Heap after GC invocations=846 (full 6):
 par new generation   total 38080K, used 29K [0x0000000085600000, 0x0000000087f50000, 0x000000009a2c0000)
  eden space 33856K,   0% used [0x0000000085600000, 0x0000000085600000, 0x0000000087710000)
  from space 4224K,   0% used [0x0000000087710000, 0x0000000087717768, 0x0000000087b30000)
  to   space 4224K,   0% used [0x0000000087b30000, 0x0000000087b30000, 0x0000000087f50000)
 concurrent mark-sweep generation total 118092K, used 88141K [0x000000009a2c0000, 0x00000000a1613000, 0x0000000100000000)
 Metaspace       used 110575K, capacity 117175K, committed 119468K, reserved 1153024K
  class space    used 13442K, capacity 14656K, committed 15328K, reserved 1048576K
}
2021-01-20T09:41:25.411+0000: 60643.132: Total time for which application threads were stopped: 0.0065323 seconds, Stopping threads took: 0.0000912 seconds
{Heap before GC invocations=846 (full 6):
 par new generation   total 38080K, used 33885K [0x0000000085600000, 0x0000000087f50000, 0x000000009a2c0000)
  eden space 33856K, 100% used [0x0000000085600000, 0x0000000087710000, 0x0000000087710000)
  from space 4224K,   0% used [0x0000000087710000, 0x0000000087717768, 0x0000000087b30000)
  to   space 4224K,   0% used [0x0000000087b30000, 0x0000000087b30000, 0x0000000087f50000)
 concurrent mark-sweep generation total 118092K, used 88141K [0x000000009a2c0000, 0x00000000a1613000, 0x0000000100000000)
 Metaspace       used 110575K, capacity 117175K, committed 119468K, reserved 1153024K
  class space    used 13442K, capacity 14656K, committed 15328K, reserved 1048576K
2021-01-20T09:43:05.665+0000: 60743.386: [GC (Allocation Failure) 2021-01-20T09:43:05.666+0000: 60743.386: [ParNew
Desired survivor size 2162688 bytes, new threshold 6 (max 6)
- age   1:      30208 bytes,      30208 total
- age   2:         64 bytes,      30272 total
- age   3:         32 bytes,      30304 total
: 33885K->34K(38080K), 0.0029606 secs] 122027K->88175K(156172K), 0.0030956 secs] [Times: user=0.00 sys=0.00, real=0.00 secs] 
Heap after GC invocations=847 (full 6):
 par new generation   total 38080K, used 34K [0x0000000085600000, 0x0000000087f50000, 0x000000009a2c0000)
  eden space 33856K,   0% used [0x0000000085600000, 0x0000000085600000, 0x0000000087710000)
  from space 4224K,   0% used [0x0000000087b30000, 0x0000000087b38808, 0x0000000087f50000)
  to   space 4224K,   0% used [0x0000000087710000, 0x0000000087710000, 0x0000000087b30000)
 concurrent mark-sweep generation total 118092K, used 88141K [0x000000009a2c0000, 0x00000000a1613000, 0x0000000100000000)
 Metaspace       used 110575K, capacity 117175K, committed 119468K, reserved 1153024K
  class space    used 13442K, capacity 14656K, committed 15328K, reserved 1048576K
}
2021-01-20T09:43:05.669+0000: 60743.389: Total time for which application threads were stopped: 0.0034046 seconds, Stopping threads took: 0.0000312 seconds
{Heap before GC invocations=847 (full 6):
 par new generation   total 38080K, used 33890K [0x0000000085600000, 0x0000000087f50000, 0x000000009a2c0000)
  eden space 33856K, 100% used [0x0000000085600000, 0x0000000087710000, 0x0000000087710000)
  from space 4224K,   0% used [0x0000000087b30000, 0x0000000087b38808, 0x0000000087f50000)
  to   space 4224K,   0% used [0x0000000087710000, 0x0000000087710000, 0x0000000087b30000)
 concurrent mark-sweep generation total 118092K, used 88141K [0x000000009a2c0000, 0x00000000a1613000, 0x0000000100000000)
 Metaspace       used 110575K, capacity 117175K, committed 119468K, reserved 1153024K
  class space    used 13442K, capacity 14656K, committed 15328K, reserved 1048576K
2021-01-20T09:44:43.773+0000: 60841.493: [GC (Allocation Failure) 2021-01-20T09:44:43.773+0000: 60841.494: [ParNew
Desired survivor size 2162688 bytes, new threshold 6 (max 6)
- age   1:      97432 bytes,      97432 total
- age   2:        120 bytes,      97552 total
- age   4:         32 bytes,      97584 total
: 33890K->103K(38080K), 0.0083921 secs] 122031K->88245K(156172K), 0.0087054 secs] [Times: user=0.02 sys=0.00, real=0.01 secs] 
Heap after GC invocations=848 (full 6):
 par new generation   total 38080K, used 103K [0x0000000085600000, 0x0000000087f50000, 0x000000009a2c0000)
  eden space 33856K,   0% used [0x0000000085600000, 0x0000000085600000, 0x0000000087710000)
  from space 4224K,   2% used [0x0000000087710000, 0x0000000087729dd8, 0x0000000087b30000)
  to   space 4224K,   0% used [0x0000000087b30000, 0x0000000087b30000, 0x0000000087f50000)
 concurrent mark-sweep generation total 118092K, used 88141K [0x000000009a2c0000, 0x00000000a1613000, 0x0000000100000000)
 Metaspace       used 110575K, capacity 117175K, committed 119468K, reserved 1153024K
  class space    used 13442K, capacity 14656K, committed 15328K, reserved 1048576K
}
2021-01-20T09:44:43.782+0000: 60841.502: Total time for which application threads were stopped: 0.0098488 seconds, Stopping threads took: 0.0004108 seconds
{Heap before GC invocations=848 (full 6):
 par new generation   total 38080K, used 33959K [0x0000000085600000, 0x0000000087f50000, 0x000000009a2c0000)
  eden space 33856K, 100% used [0x0000000085600000, 0x0000000087710000, 0x0000000087710000)
  from space 4224K,   2% used [0x0000000087710000, 0x0000000087729dd8, 0x0000000087b30000)
  to   space 4224K,   0% used [0x0000000087b30000, 0x0000000087b30000, 0x0000000087f50000)
 concurrent mark-sweep generation total 118092K, used 88141K [0x000000009a2c0000, 0x00000000a1613000, 0x0000000100000000)
 Metaspace       used 110575K, capacity 117175K, committed 119468K, reserved 1153024K
  class space    used 13442K, capacity 14656K, committed 15328K, reserved 1048576K
2021-01-20T09:46:24.740+0000: 60942.461: [GC (Allocation Failure) 2021-01-20T09:46:24.740+0000: 60942.461: [ParNew
Desired survivor size 2162688 bytes, new threshold 6 (max 6)
- age   1:      28512 bytes,      28512 total
- age   2:        200 bytes,      28712 total
- age   5:         32 bytes,      28744 total
: 33959K->32K(38080K), 0.0072224 secs] 122101K->88174K(156172K), 0.0075311 secs] [Times: user=0.01 sys=0.01, real=0.01 secs] 
Heap after GC invocations=849 (full 6):
 par new generation   total 38080K, used 32K [0x0000000085600000, 0x0000000087f50000, 0x000000009a2c0000)
  eden space 33856K,   0% used [0x0000000085600000, 0x0000000085600000, 0x0000000087710000)
  from space 4224K,   0% used [0x0000000087b30000, 0x0000000087b38318, 0x0000000087f50000)
  to   space 4224K,   0% used [0x0000000087710000, 0x0000000087710000, 0x0000000087b30000)
 concurrent mark-sweep generation total 118092K, used 88141K [0x000000009a2c0000, 0x00000000a1613000, 0x0000000100000000)
 Metaspace       used 110575K, capacity 117175K, committed 119468K, reserved 1153024K
  class space    used 13442K, capacity 14656K, committed 15328K, reserved 1048576K
}
2021-01-20T09:46:24.747+0000: 60942.468: Total time for which application threads were stopped: 0.0081205 seconds, Stopping threads took: 0.0000805 seconds
{Heap before GC invocations=849 (full 6):
 par new generation   total 38080K, used 33881K [0x0000000085600000, 0x0000000087f50000, 0x000000009a2c0000)
  eden space 33856K,  99% used [0x0000000085600000, 0x000000008770e110, 0x0000000087710000)
  from space 4224K,   0% used [0x0000000087b30000, 0x0000000087b38318, 0x0000000087f50000)
  to   space 4224K,   0% used [0x0000000087710000, 0x0000000087710000, 0x0000000087b30000)
 concurrent mark-sweep generation total 118092K, used 88141K [0x000000009a2c0000, 0x00000000a1613000, 0x0000000100000000)
 Metaspace       used 110575K, capacity 117175K, committed 119468K, reserved 1153024K
  class space    used 13442K, capacity 14656K, committed 15328K, reserved 1048576K
2021-01-20T09:48:04.419+0000: 61042.140: [GC (Allocation Failure) 2021-01-20T09:48:04.419+0000: 61042.140: [ParNew
Desired survivor size 2162688 bytes, new threshold 6 (max 6)
- age   1:      30488 bytes,      30488 total
- age   2:         32 bytes,      30520 total
- age   6:         32 bytes,      30552 total
: 33881K->36K(38080K), 0.0057541 secs] 122022K->88178K(156172K), 0.0059917 secs] [Times: user=0.02 sys=0.00, real=0.01 secs] 
Heap after GC invocations=850 (full 6):
 par new generation   total 38080K, used 36K [0x0000000085600000, 0x0000000087f50000, 0x000000009a2c0000)
  eden space 33856K,   0% used [0x0000000085600000, 0x0000000085600000, 0x0000000087710000)
  from space 4224K,   0% used [0x0000000087710000, 0x0000000087719278, 0x0000000087b30000)
  to   space 4224K,   0% used [0x0000000087b30000, 0x0000000087b30000, 0x0000000087f50000)
 concurrent mark-sweep generation total 118092K, used 88141K [0x000000009a2c0000, 0x00000000a1613000, 0x0000000100000000)
 Metaspace       used 110575K, capacity 117175K, committed 119468K, reserved 1153024K
  class space    used 13442K, capacity 14656K, committed 15328K, reserved 1048576K
}
2021-01-20T09:48:04.425+0000: 61042.146: Total time for which application threads were stopped: 0.0066478 seconds, Stopping threads took: 0.0000888 seconds
{Heap before GC invocations=850 (full 6):
 par new generation   total 38080K, used 33892K [0x0000000085600000, 0x0000000087f50000, 0x000000009a2c0000)
  eden space 33856K, 100% used [0x0000000085600000, 0x0000000087710000, 0x0000000087710000)
  from space 4224K,   0% used [0x0000000087710000, 0x0000000087719278, 0x0000000087b30000)
  to   space 4224K,   0% used [0x0000000087b30000, 0x0000000087b30000, 0x0000000087f50000)
 concurrent mark-sweep generation total 118092K, used 88141K [0x000000009a2c0000, 0x00000000a1613000, 0x0000000100000000)
 Metaspace       used 110575K, capacity 117175K, committed 119468K, reserved 1153024K
  class space    used 13442K, capacity 14656K, committed 15328K, reserved 1048576K
2021-01-20T09:49:42.628+0000: 61140.349: [GC (Allocation Failure) 2021-01-20T09:49:42.628+0000: 61140.349: [ParNew
Desired survivor size 2162688 bytes, new threshold 6 (max 6)
- age   1:      97880 bytes,      97880 total
- age   2:        120 bytes,      98000 total
: 33892K->97K(38080K), 0.0049491 secs] 122034K->88239K(156172K), 0.0051844 secs] [Times: user=0.02 sys=0.00, real=0.00 secs] 
Heap after GC invocations=851 (full 6):
 par new generation   total 38080K, used 97K [0x0000000085600000, 0x0000000087f50000, 0x000000009a2c0000)
  eden space 33856K,   0% used [0x0000000085600000, 0x0000000085600000, 0x0000000087710000)
  from space 4224K,   2% used [0x0000000087b30000, 0x0000000087b487b0, 0x0000000087f50000)
  to   space 4224K,   0% used [0x0000000087710000, 0x0000000087710000, 0x0000000087b30000)
 concurrent mark-sweep generation total 118092K, used 88141K [0x000000009a2c0000, 0x00000000a1613000, 0x0000000100000000)
 Metaspace       used 110575K, capacity 117175K, committed 119468K, reserved 1153024K
  class space    used 13442K, capacity 14656K, committed 15328K, reserved 1048576K
}
2021-01-20T09:49:42.633+0000: 61140.354: Total time for which application threads were stopped: 0.0061059 seconds, Stopping threads took: 0.0003686 seconds
{Heap before GC invocations=851 (full 6):
 par new generation   total 38080K, used 33953K [0x0000000085600000, 0x0000000087f50000, 0x000000009a2c0000)
  eden space 33856K, 100% used [0x0000000085600000, 0x0000000087710000, 0x0000000087710000)
  from space 4224K,   2% used [0x0000000087b30000, 0x0000000087b487b0, 0x0000000087f50000)
  to   space 4224K,   0% used [0x0000000087710000, 0x0000000087710000, 0x0000000087b30000)
 concurrent mark-sweep generation total 118092K, used 88141K [0x000000009a2c0000, 0x00000000a1613000, 0x0000000100000000)
 Metaspace       used 110575K, capacity 117175K, committed 119468K, reserved 1153024K
  class space    used 13442K, capacity 14656K, committed 15328K, reserved 1048576K
2021-01-20T09:51:23.708+0000: 61241.429: [GC (Allocation Failure) 2021-01-20T09:51:23.708+0000: 61241.429: [ParNew
Desired survivor size 2162688 bytes, new threshold 6 (max 6)
- age   1:      28232 bytes,      28232 total
- age   2:        184 bytes,      28416 total
: 33953K->33K(38080K), 0.0049872 secs] 122095K->88175K(156172K), 0.0051840 secs] [Times: user=0.01 sys=0.00, real=0.00 secs] 
Heap after GC invocations=852 (full 6):
 par new generation   total 38080K, used 33K [0x0000000085600000, 0x0000000087f50000, 0x000000009a2c0000)
  eden space 33856K,   0% used [0x0000000085600000, 0x0000000085600000, 0x0000000087710000)
  from space 4224K,   0% used [0x0000000087710000, 0x00000000877184a8, 0x0000000087b30000)
  to   space 4224K,   0% used [0x0000000087b30000, 0x0000000087b30000, 0x0000000087f50000)
 concurrent mark-sweep generation total 118092K, used 88141K [0x000000009a2c0000, 0x00000000a1613000, 0x0000000100000000)
 Metaspace       used 110575K, capacity 117175K, committed 119468K, reserved 1153024K
  class space    used 13442K, capacity 14656K, committed 15328K, reserved 1048576K
}
2021-01-20T09:51:23.713+0000: 61241.434: Total time for which application threads were stopped: 0.0056918 seconds, Stopping threads took: 0.0000665 seconds
{Heap before GC invocations=852 (full 6):
 par new generation   total 38080K, used 33889K [0x0000000085600000, 0x0000000087f50000, 0x000000009a2c0000)
  eden space 33856K, 100% used [0x0000000085600000, 0x0000000087710000, 0x0000000087710000)
  from space 4224K,   0% used [0x0000000087710000, 0x00000000877184a8, 0x0000000087b30000)
  to   space 4224K,   0% used [0x0000000087b30000, 0x0000000087b30000, 0x0000000087f50000)
 concurrent mark-sweep generation total 118092K, used 88141K [0x000000009a2c0000, 0x00000000a1613000, 0x0000000100000000)
 Metaspace       used 110575K, capacity 117175K, committed 119468K, reserved 1153024K
  class space    used 13442K, capacity 14656K, committed 15328K, reserved 1048576K
2021-01-20T09:53:03.321+0000: 61341.042: [GC (Allocation Failure) 2021-01-20T09:53:03.322+0000: 61341.042: [ParNew
Desired survivor size 2162688 bytes, new threshold 6 (max 6)
- age   1:      67504 bytes,      67504 total
- age   2:         32 bytes,      67536 total
- age   3:         32 bytes,      67568 total
: 33889K->68K(38080K), 0.0032640 secs] 122031K->88210K(156172K), 0.0033817 secs] [Times: user=0.01 sys=0.00, real=0.01 secs] 
Heap after GC invocations=853 (full 6):
 par new generation   total 38080K, used 68K [0x0000000085600000, 0x0000000087f50000, 0x000000009a2c0000)
  eden space 33856K,   0% used [0x0000000085600000, 0x0000000085600000, 0x0000000087710000)
  from space 4224K,   1% used [0x0000000087b30000, 0x0000000087b412f0, 0x0000000087f50000)
  to   space 4224K,   0% used [0x0000000087710000, 0x0000000087710000, 0x0000000087b30000)
 concurrent mark-sweep generation total 118092K, used 88141K [0x000000009a2c0000, 0x00000000a1613000, 0x0000000100000000)
 Metaspace       used 110575K, capacity 117175K, committed 119468K, reserved 1153024K
  class space    used 13442K, capacity 14656K, committed 15328K, reserved 1048576K
}
2021-01-20T09:53:03.325+0000: 61341.046: Total time for which application threads were stopped: 0.0036544 seconds, Stopping threads took: 0.0000314 seconds
{Heap before GC invocations=853 (full 6):
 par new generation   total 38080K, used 33924K [0x0000000085600000, 0x0000000087f50000, 0x000000009a2c0000)
  eden space 33856K, 100% used [0x0000000085600000, 0x0000000087710000, 0x0000000087710000)
  from space 4224K,   1% used [0x0000000087b30000, 0x0000000087b412f0, 0x0000000087f50000)
  to   space 4224K,   0% used [0x0000000087710000, 0x0000000087710000, 0x0000000087b30000)
 concurrent mark-sweep generation total 118092K, used 88141K [0x000000009a2c0000, 0x00000000a1613000, 0x0000000100000000)
 Metaspace       used 110575K, capacity 117175K, committed 119468K, reserved 1153024K
  class space    used 13442K, capacity 14656K, committed 15328K, reserved 1048576K
2021-01-20T09:54:41.437+0000: 61439.157: [GC (Allocation Failure) 2021-01-20T09:54:41.437+0000: 61439.157: [ParNew
Desired survivor size 2162688 bytes, new threshold 6 (max 6)
- age   1:     100192 bytes,     100192 total
- age   2:      35336 bytes,     135528 total
: 33924K->140K(38080K), 0.0048468 secs] 122066K->88281K(156172K), 0.0051461 secs] [Times: user=0.02 sys=0.00, real=0.00 secs] 
Heap after GC invocations=854 (full 6):
 par new generation   total 38080K, used 140K [0x0000000085600000, 0x0000000087f50000, 0x000000009a2c0000)
  eden space 33856K,   0% used [0x0000000085600000, 0x0000000085600000, 0x0000000087710000)
  from space 4224K,   3% used [0x0000000087710000, 0x0000000087733020, 0x0000000087b30000)
  to   space 4224K,   0% used [0x0000000087b30000, 0x0000000087b30000, 0x0000000087f50000)
 concurrent mark-sweep generation total 118092K, used 88141K [0x000000009a2c0000, 0x00000000a1613000, 0x0000000100000000)
 Metaspace       used 110575K, capacity 117175K, committed 119468K, reserved 1153024K
  class space    used 13442K, capacity 14656K, committed 15328K, reserved 1048576K
}
2021-01-20T09:54:41.442+0000: 61439.163: Total time for which application threads were stopped: 0.0059580 seconds, Stopping threads took: 0.0001062 seconds
{Heap before GC invocations=854 (full 6):
 par new generation   total 38080K, used 33996K [0x0000000085600000, 0x0000000087f50000, 0x000000009a2c0000)
  eden space 33856K, 100% used [0x0000000085600000, 0x0000000087710000, 0x0000000087710000)
  from space 4224K,   3% used [0x0000000087710000, 0x0000000087733020, 0x0000000087b30000)
  to   space 4224K,   0% used [0x0000000087b30000, 0x0000000087b30000, 0x0000000087f50000)
 concurrent mark-sweep generation total 118092K, used 88141K [0x000000009a2c0000, 0x00000000a1613000, 0x0000000100000000)
 Metaspace       used 110575K, capacity 117175K, committed 119468K, reserved 1153024K
  class space    used 13442K, capacity 14656K, committed 15328K, reserved 1048576K
2021-01-20T09:56:21.039+0000: 61538.760: [GC (Allocation Failure) 2021-01-20T09:56:21.039+0000: 61538.760: [ParNew
Desired survivor size 2162688 bytes, new threshold 6 (max 6)
- age   1:      64040 bytes,      64040 total
- age   2:        464 bytes,      64504 total
- age   3:      34960 bytes,      99464 total
: 33996K->103K(38080K), 0.0045310 secs] 122137K->88244K(156172K), 0.0048385 secs] [Times: user=0.01 sys=0.00, real=0.00 secs] 
Heap after GC invocations=855 (full 6):
 par new generation   total 38080K, used 103K [0x0000000085600000, 0x0000000087f50000, 0x000000009a2c0000)
  eden space 33856K,   0% used [0x0000000085600000, 0x0000000085600000, 0x0000000087710000)
  from space 4224K,   2% used [0x0000000087b30000, 0x0000000087b49c38, 0x0000000087f50000)
  to   space 4224K,   0% used [0x0000000087710000, 0x0000000087710000, 0x0000000087b30000)
 concurrent mark-sweep generation total 118092K, used 88141K [0x000000009a2c0000, 0x00000000a1613000, 0x0000000100000000)
 Metaspace       used 110575K, capacity 117175K, committed 119468K, reserved 1153024K
  class space    used 13442K, capacity 14656K, committed 15328K, reserved 1048576K
}
2021-01-20T09:56:21.044+0000: 61538.765: Total time for which application threads were stopped: 0.0055368 seconds, Stopping threads took: 0.0000916 seconds
{Heap before GC invocations=855 (full 6):
 par new generation   total 38080K, used 33959K [0x0000000085600000, 0x0000000087f50000, 0x000000009a2c0000)
  eden space 33856K, 100% used [0x0000000085600000, 0x0000000087710000, 0x0000000087710000)
  from space 4224K,   2% used [0x0000000087b30000, 0x0000000087b49c38, 0x0000000087f50000)
  to   space 4224K,   0% used [0x0000000087710000, 0x0000000087710000, 0x0000000087b30000)
 concurrent mark-sweep generation total 118092K, used 88141K [0x000000009a2c0000, 0x00000000a1613000, 0x0000000100000000)
 Metaspace       used 110575K, capacity 117175K, committed 119468K, reserved 1153024K
  class space    used 13442K, capacity 14656K, committed 15328K, reserved 1048576K
2021-01-20T09:58:00.718+0000: 61638.439: [GC (Allocation Failure) 2021-01-20T09:58:00.719+0000: 61638.439: [ParNew
Desired survivor size 2162688 bytes, new threshold 6 (max 6)
- age   1:      32096 bytes,      32096 total
- age   2:      33768 bytes,      65864 total
- age   3:        344 bytes,      66208 total
- age   4:      34792 bytes,     101000 total
: 33959K->105K(38080K), 0.0119650 secs] 122100K->88247K(156172K), 0.0122994 secs] [Times: user=0.03 sys=0.00, real=0.01 secs] 
Heap after GC invocations=856 (full 6):
 par new generation   total 38080K, used 105K [0x0000000085600000, 0x0000000087f50000, 0x000000009a2c0000)
  eden space 33856K,   0% used [0x0000000085600000, 0x0000000085600000, 0x0000000087710000)
  from space 4224K,   2% used [0x0000000087710000, 0x000000008772a5f8, 0x0000000087b30000)
  to   space 4224K,   0% used [0x0000000087b30000, 0x0000000087b30000, 0x0000000087f50000)
 concurrent mark-sweep generation total 118092K, used 88141K [0x000000009a2c0000, 0x00000000a1613000, 0x0000000100000000)
 Metaspace       used 110575K, capacity 117175K, committed 119468K, reserved 1153024K
  class space    used 13442K, capacity 14656K, committed 15328K, reserved 1048576K
}
2021-01-20T09:58:00.731+0000: 61638.452: Total time for which application threads were stopped: 0.0133227 seconds, Stopping threads took: 0.0002034 seconds
2021-01-20T09:58:40.739+0000: 61678.460: Total time for which application threads were stopped: 0.0006305 seconds, Stopping threads took: 0.0001075 seconds
2021-01-20T09:59:06.745+0000: 61704.465: Total time for which application threads were stopped: 0.0005944 seconds, Stopping threads took: 0.0000951 seconds
{Heap before GC invocations=856 (full 6):
 par new generation   total 38080K, used 33961K [0x0000000085600000, 0x0000000087f50000, 0x000000009a2c0000)
  eden space 33856K, 100% used [0x0000000085600000, 0x0000000087710000, 0x0000000087710000)
  from space 4224K,   2% used [0x0000000087710000, 0x000000008772a5f8, 0x0000000087b30000)
  to   space 4224K,   0% used [0x0000000087b30000, 0x0000000087b30000, 0x0000000087f50000)
 concurrent mark-sweep generation total 118092K, used 88141K [0x000000009a2c0000, 0x00000000a1613000, 0x0000000100000000)
 Metaspace       used 110575K, capacity 117175K, committed 119468K, reserved 1153024K
  class space    used 13442K, capacity 14656K, committed 15328K, reserved 1048576K
2021-01-20T09:59:39.809+0000: 61737.530: [GC (Allocation Failure) 2021-01-20T09:59:39.809+0000: 61737.530: [ParNew
Desired survivor size 2162688 bytes, new threshold 6 (max 6)
- age   1:     121136 bytes,     121136 total
- age   2:        216 bytes,     121352 total
- age   3:      33736 bytes,     155088 total
- age   4:        344 bytes,     155432 total
- age   5:      34536 bytes,     189968 total
: 33961K->187K(38080K), 0.0020655 secs] 122103K->88329K(156172K), 0.0021555 secs] [Times: user=0.00 sys=0.00, real=0.00 secs] 
Heap after GC invocations=857 (full 6):
 par new generation   total 38080K, used 187K [0x0000000085600000, 0x0000000087f50000, 0x000000009a2c0000)
  eden space 33856K,   0% used [0x0000000085600000, 0x0000000085600000, 0x0000000087710000)
  from space 4224K,   4% used [0x0000000087b30000, 0x0000000087b5ec60, 0x0000000087f50000)
  to   space 4224K,   0% used [0x0000000087710000, 0x0000000087710000, 0x0000000087b30000)
 concurrent mark-sweep generation total 118092K, used 88141K [0x000000009a2c0000, 0x00000000a1613000, 0x0000000100000000)
 Metaspace       used 110575K, capacity 117175K, committed 119468K, reserved 1153024K
  class space    used 13442K, capacity 14656K, committed 15328K, reserved 1048576K
}
2021-01-20T09:59:39.811+0000: 61737.532: Total time for which application threads were stopped: 0.0024849 seconds, Stopping threads took: 0.0000390 seconds
{Heap before GC invocations=857 (full 6):
 par new generation   total 38080K, used 34043K [0x0000000085600000, 0x0000000087f50000, 0x000000009a2c0000)
  eden space 33856K, 100% used [0x0000000085600000, 0x0000000087710000, 0x0000000087710000)
  from space 4224K,   4% used [0x0000000087b30000, 0x0000000087b5ec60, 0x0000000087f50000)
  to   space 4224K,   0% used [0x0000000087710000, 0x0000000087710000, 0x0000000087b30000)
 concurrent mark-sweep generation total 118092K, used 88141K [0x000000009a2c0000, 0x00000000a1613000, 0x0000000100000000)
 Metaspace       used 110575K, capacity 117175K, committed 119468K, reserved 1153024K
  class space    used 13442K, capacity 14656K, committed 15328K, reserved 1048576K
2021-01-20T10:01:18.808+0000: 61836.529: [GC (Allocation Failure) 2021-01-20T10:01:18.808+0000: 61836.529: [ParNew
Desired survivor size 2162688 bytes, new threshold 6 (max 6)
- age   1:      28608 bytes,      28608 total
- age   2:        176 bytes,      28784 total
- age   3:         32 bytes,      28816 total
- age   5:         32 bytes,      28848 total
- age   6:        360 bytes,      29208 total
: 34043K->45K(38080K), 0.0088749 secs] 122185K->88187K(156172K), 0.0092454 secs] [Times: user=0.03 sys=0.00, real=0.01 secs] 
Heap after GC invocations=858 (full 6):
 par new generation   total 38080K, used 45K [0x0000000085600000, 0x0000000087f50000, 0x000000009a2c0000)
  eden space 33856K,   0% used [0x0000000085600000, 0x0000000085600000, 0x0000000087710000)
  from space 4224K,   1% used [0x0000000087710000, 0x000000008771b688, 0x0000000087b30000)
  to   space 4224K,   0% used [0x0000000087b30000, 0x0000000087b30000, 0x0000000087f50000)
 concurrent mark-sweep generation total 118092K, used 88141K [0x000000009a2c0000, 0x00000000a1613000, 0x0000000100000000)
 Metaspace       used 110575K, capacity 117175K, committed 119468K, reserved 1153024K
  class space    used 13442K, capacity 14656K, committed 15328K, reserved 1048576K
}
2021-01-20T10:01:18.817+0000: 61836.538: Total time for which application threads were stopped: 0.0100924 seconds, Stopping threads took: 0.0000898 seconds
{Heap before GC invocations=858 (full 6):
 par new generation   total 38080K, used 33901K [0x0000000085600000, 0x0000000087f50000, 0x000000009a2c0000)
  eden space 33856K, 100% used [0x0000000085600000, 0x0000000087710000, 0x0000000087710000)
  from space 4224K,   1% used [0x0000000087710000, 0x000000008771b688, 0x0000000087b30000)
  to   space 4224K,   0% used [0x0000000087b30000, 0x0000000087b30000, 0x0000000087f50000)
 concurrent mark-sweep generation total 118092K, used 88141K [0x000000009a2c0000, 0x00000000a1613000, 0x0000000100000000)
 Metaspace       used 110575K, capacity 117175K, committed 119468K, reserved 1153024K
  class space    used 13442K, capacity 14656K, committed 15328K, reserved 1048576K
2021-01-20T10:02:58.608+0000: 61936.329: [GC (Allocation Failure) 2021-01-20T10:02:58.609+0000: 61936.329: [ParNew
Desired survivor size 2162688 bytes, new threshold 6 (max 6)
- age   1:      30304 bytes,      30304 total
- age   2:         32 bytes,      30336 total
- age   4:         32 bytes,      30368 total
: 33901K->32K(38080K), 0.0084148 secs] 122043K->88174K(156172K), 0.0086964 secs] [Times: user=0.02 sys=0.00, real=0.01 secs] 
Heap after GC invocations=859 (full 6):
 par new generation   total 38080K, used 32K [0x0000000085600000, 0x0000000087f50000, 0x000000009a2c0000)
  eden space 33856K,   0% used [0x0000000085600000, 0x0000000085600000, 0x0000000087710000)
  from space 4224K,   0% used [0x0000000087b30000, 0x0000000087b380e8, 0x0000000087f50000)
  to   space 4224K,   0% used [0x0000000087710000, 0x0000000087710000, 0x0000000087b30000)
 concurrent mark-sweep generation total 118092K, used 88142K [0x000000009a2c0000, 0x00000000a1613000, 0x0000000100000000)
 Metaspace       used 110575K, capacity 117175K, committed 119468K, reserved 1153024K
  class space    used 13442K, capacity 14656K, committed 15328K, reserved 1048576K
}
2021-01-20T10:02:58.617+0000: 61936.338: Total time for which application threads were stopped: 0.0093468 seconds, Stopping threads took: 0.0001194 seconds
2021-01-20T10:02:59.618+0000: 61937.339: Total time for which application threads were stopped: 0.0004037 seconds, Stopping threads took: 0.0000624 seconds
{Heap before GC invocations=859 (full 6):
 par new generation   total 38080K, used 33888K [0x0000000085600000, 0x0000000087f50000, 0x000000009a2c0000)
  eden space 33856K, 100% used [0x0000000085600000, 0x0000000087710000, 0x0000000087710000)
  from space 4224K,   0% used [0x0000000087b30000, 0x0000000087b380e8, 0x0000000087f50000)
  to   space 4224K,   0% used [0x0000000087710000, 0x0000000087710000, 0x0000000087b30000)
 concurrent mark-sweep generation total 118092K, used 88142K [0x000000009a2c0000, 0x00000000a1613000, 0x0000000100000000)
 Metaspace       used 110575K, capacity 117175K, committed 119468K, reserved 1153024K
  class space    used 13442K, capacity 14656K, committed 15328K, reserved 1048576K
2021-01-20T10:04:38.260+0000: 62035.981: [GC (Allocation Failure) 2021-01-20T10:04:38.260+0000: 62035.981: [ParNew
Desired survivor size 2162688 bytes, new threshold 6 (max 6)
- age   1:      96280 bytes,      96280 total
- age   2:        120 bytes,      96400 total
- age   5:         32 bytes,      96432 total
: 33888K->100K(38080K), 0.0097971 secs] 122030K->88242K(156172K), 0.0102286 secs] [Times: user=0.03 sys=0.00, real=0.01 secs] 
Heap after GC invocations=860 (full 6):
 par new generation   total 38080K, used 100K [0x0000000085600000, 0x0000000087f50000, 0x000000009a2c0000)
  eden space 33856K,   0% used [0x0000000085600000, 0x0000000085600000, 0x0000000087710000)
  from space 4224K,   2% used [0x0000000087710000, 0x00000000877290e8, 0x0000000087b30000)
  to   space 4224K,   0% used [0x0000000087b30000, 0x0000000087b30000, 0x0000000087f50000)
 concurrent mark-sweep generation total 118092K, used 88142K [0x000000009a2c0000, 0x00000000a1613000, 0x0000000100000000)
 Metaspace       used 110575K, capacity 117175K, committed 119468K, reserved 1153024K
  class space    used 13442K, capacity 14656K, committed 15328K, reserved 1048576K
}
2021-01-20T10:04:38.270+0000: 62035.991: Total time for which application threads were stopped: 0.0110866 seconds, Stopping threads took: 0.0000919 seconds
{Heap before GC invocations=860 (full 6):
 par new generation   total 38080K, used 33956K [0x0000000085600000, 0x0000000087f50000, 0x000000009a2c0000)
  eden space 33856K, 100% used [0x0000000085600000, 0x0000000087710000, 0x0000000087710000)
  from space 4224K,   2% used [0x0000000087710000, 0x00000000877290e8, 0x0000000087b30000)
  to   space 4224K,   0% used [0x0000000087b30000, 0x0000000087b30000, 0x0000000087f50000)
 concurrent mark-sweep generation total 118092K, used 88142K [0x000000009a2c0000, 0x00000000a1613000, 0x0000000100000000)
 Metaspace       used 110575K, capacity 117175K, committed 119468K, reserved 1153024K
  class space    used 13442K, capacity 14656K, committed 15328K, reserved 1048576K
2021-01-20T10:06:15.974+0000: 62133.695: [GC (Allocation Failure) 2021-01-20T10:06:15.974+0000: 62133.695: [ParNew
Desired survivor size 2162688 bytes, new threshold 6 (max 6)
- age   1:      27488 bytes,      27488 total
- age   2:        120 bytes,      27608 total
- age   6:         32 bytes,      27640 total
: 33956K->32K(38080K), 0.0062592 secs] 122098K->88174K(156172K), 0.0065936 secs] [Times: user=0.02 sys=0.00, real=0.01 secs] 
Heap after GC invocations=861 (full 6):
 par new generation   total 38080K, used 32K [0x0000000085600000, 0x0000000087f50000, 0x000000009a2c0000)
  eden space 33856K,   0% used [0x0000000085600000, 0x0000000085600000, 0x0000000087710000)
  from space 4224K,   0% used [0x0000000087b30000, 0x0000000087b382c8, 0x0000000087f50000)
  to   space 4224K,   0% used [0x0000000087710000, 0x0000000087710000, 0x0000000087b30000)
 concurrent mark-sweep generation total 118092K, used 88142K [0x000000009a2c0000, 0x00000000a1613000, 0x0000000100000000)
 Metaspace       used 110575K, capacity 117175K, committed 119468K, reserved 1153024K
  class space    used 13442K, capacity 14656K, committed 15328K, reserved 1048576K
}
2021-01-20T10:06:15.981+0000: 62133.702: Total time for which application threads were stopped: 0.0073301 seconds, Stopping threads took: 0.0000836 seconds
{Heap before GC invocations=861 (full 6):
 par new generation   total 38080K, used 33888K [0x0000000085600000, 0x0000000087f50000, 0x000000009a2c0000)
  eden space 33856K, 100% used [0x0000000085600000, 0x0000000087710000, 0x0000000087710000)
  from space 4224K,   0% used [0x0000000087b30000, 0x0000000087b382c8, 0x0000000087f50000)
  to   space 4224K,   0% used [0x0000000087710000, 0x0000000087710000, 0x0000000087b30000)
 concurrent mark-sweep generation total 118092K, used 88142K [0x000000009a2c0000, 0x00000000a1613000, 0x0000000100000000)
 Metaspace       used 110575K, capacity 117175K, committed 119468K, reserved 1153024K
  class space    used 13442K, capacity 14656K, committed 15328K, reserved 1048576K
2021-01-20T10:07:56.792+0000: 62234.513: [GC (Allocation Failure) 2021-01-20T10:07:56.792+0000: 62234.513: [ParNew
Desired survivor size 2162688 bytes, new threshold 6 (max 6)
- age   1:      30448 bytes,      30448 total
- age   2:        152 bytes,      30600 total
: 33888K->34K(38080K), 0.0087947 secs] 122030K->88176K(156172K), 0.0091768 secs] [Times: user=0.02 sys=0.01, real=0.01 secs] 
Heap after GC invocations=862 (full 6):
 par new generation   total 38080K, used 34K [0x0000000085600000, 0x0000000087f50000, 0x000000009a2c0000)
  eden space 33856K,   0% used [0x0000000085600000, 0x0000000085600000, 0x0000000087710000)
  from space 4224K,   0% used [0x0000000087710000, 0x0000000087718958, 0x0000000087b30000)
  to   space 4224K,   0% used [0x0000000087b30000, 0x0000000087b30000, 0x0000000087f50000)
 concurrent mark-sweep generation total 118092K, used 88142K [0x000000009a2c0000, 0x00000000a1613000, 0x0000000100000000)
 Metaspace       used 110575K, capacity 117175K, committed 119468K, reserved 1153024K
  class space    used 13442K, capacity 14656K, committed 15328K, reserved 1048576K
}
2021-01-20T10:07:56.801+0000: 62234.522: Total time for which application threads were stopped: 0.0102006 seconds, Stopping threads took: 0.0000782 seconds
2021-01-20T10:08:10.804+0000: 62248.525: Total time for which application threads were stopped: 0.0004857 seconds, Stopping threads took: 0.0000728 seconds
{Heap before GC invocations=862 (full 6):
 par new generation   total 38080K, used 33890K [0x0000000085600000, 0x0000000087f50000, 0x000000009a2c0000)
  eden space 33856K, 100% used [0x0000000085600000, 0x0000000087710000, 0x0000000087710000)
  from space 4224K,   0% used [0x0000000087710000, 0x0000000087718958, 0x0000000087b30000)
  to   space 4224K,   0% used [0x0000000087b30000, 0x0000000087b30000, 0x0000000087f50000)
 concurrent mark-sweep generation total 118092K, used 88142K [0x000000009a2c0000, 0x00000000a1613000, 0x0000000100000000)
 Metaspace       used 110575K, capacity 117175K, committed 119468K, reserved 1153024K
  class space    used 13442K, capacity 14656K, committed 15328K, reserved 1048576K
2021-01-20T10:09:37.783+0000: 62335.504: [GC (Allocation Failure) 2021-01-20T10:09:37.783+0000: 62335.504: [ParNew
Desired survivor size 2162688 bytes, new threshold 6 (max 6)
- age   1:      96080 bytes,      96080 total
- age   2:         88 bytes,      96168 total
: 33890K->100K(38080K), 0.0072708 secs] 122032K->88243K(156172K), 0.0076467 secs] [Times: user=0.02 sys=0.00, real=0.01 secs] 
Heap after GC invocations=863 (full 6):
 par new generation   total 38080K, used 100K [0x0000000085600000, 0x0000000087f50000, 0x000000009a2c0000)
  eden space 33856K,   0% used [0x0000000085600000, 0x0000000085600000, 0x0000000087710000)
  from space 4224K,   2% used [0x0000000087b30000, 0x0000000087b493b8, 0x0000000087f50000)
  to   space 4224K,   0% used [0x0000000087710000, 0x0000000087710000, 0x0000000087b30000)
 concurrent mark-sweep generation total 118092K, used 88142K [0x000000009a2c0000, 0x00000000a1613000, 0x0000000100000000)
 Metaspace       used 110575K, capacity 117175K, committed 119468K, reserved 1153024K
  class space    used 13442K, capacity 14656K, committed 15328K, reserved 1048576K
}
2021-01-20T10:09:37.791+0000: 62335.512: Total time for which application threads were stopped: 0.0087375 seconds, Stopping threads took: 0.0002875 seconds
2021-01-20T10:11:10.811+0000: 62428.532: Total time for which application threads were stopped: 0.0004635 seconds, Stopping threads took: 0.0000756 seconds
{Heap before GC invocations=863 (full 6):
 par new generation   total 38080K, used 33956K [0x0000000085600000, 0x0000000087f50000, 0x000000009a2c0000)
  eden space 33856K, 100% used [0x0000000085600000, 0x0000000087710000, 0x0000000087710000)
  from space 4224K,   2% used [0x0000000087b30000, 0x0000000087b493b8, 0x0000000087f50000)
  to   space 4224K,   0% used [0x0000000087710000, 0x0000000087710000, 0x0000000087b30000)
 concurrent mark-sweep generation total 118092K, used 88142K [0x000000009a2c0000, 0x00000000a1613000, 0x0000000100000000)
 Metaspace       used 110576K, capacity 117175K, committed 119468K, reserved 1153024K
  class space    used 13442K, capacity 14656K, committed 15328K, reserved 1048576K
2021-01-20T10:11:15.707+0000: 62433.428: [GC (Allocation Failure) 2021-01-20T10:11:15.707+0000: 62433.428: [ParNew
Desired survivor size 2162688 bytes, new threshold 6 (max 6)
- age   1:      30008 bytes,      30008 total
- age   2:        144 bytes,      30152 total
: 33956K->31K(38080K), 0.0043489 secs] 122099K->88173K(156172K), 0.0045568 secs] [Times: user=0.01 sys=0.00, real=0.00 secs] 
Heap after GC invocations=864 (full 6):
 par new generation   total 38080K, used 31K [0x0000000085600000, 0x0000000087f50000, 0x000000009a2c0000)
  eden space 33856K,   0% used [0x0000000085600000, 0x0000000085600000, 0x0000000087710000)
  from space 4224K,   0% used [0x0000000087710000, 0x0000000087717e40, 0x0000000087b30000)
  to   space 4224K,   0% used [0x0000000087b30000, 0x0000000087b30000, 0x0000000087f50000)
 concurrent mark-sweep generation total 118092K, used 88142K [0x000000009a2c0000, 0x00000000a1613000, 0x0000000100000000)
 Metaspace       used 110576K, capacity 117175K, committed 119468K, reserved 1153024K
  class space    used 13442K, capacity 14656K, committed 15328K, reserved 1048576K
}
2021-01-20T10:11:15.712+0000: 62433.433: Total time for which application threads were stopped: 0.0052110 seconds, Stopping threads took: 0.0001900 seconds
{Heap before GC invocations=864 (full 6):
 par new generation   total 38080K, used 33887K [0x0000000085600000, 0x0000000087f50000, 0x000000009a2c0000)
  eden space 33856K, 100% used [0x0000000085600000, 0x0000000087710000, 0x0000000087710000)
  from space 4224K,   0% used [0x0000000087710000, 0x0000000087717e40, 0x0000000087b30000)
  to   space 4224K,   0% used [0x0000000087b30000, 0x0000000087b30000, 0x0000000087f50000)
 concurrent mark-sweep generation total 118092K, used 88142K [0x000000009a2c0000, 0x00000000a1613000, 0x0000000100000000)
 Metaspace       used 110576K, capacity 117175K, committed 119468K, reserved 1153024K
  class space    used 13442K, capacity 14656K, committed 15328K, reserved 1048576K
2021-01-20T10:12:55.520+0000: 62533.241: [GC (Allocation Failure) 2021-01-20T10:12:55.520+0000: 62533.241: [ParNew
Desired survivor size 2162688 bytes, new threshold 6 (max 6)
- age   1:      30360 bytes,      30360 total
- age   2:        184 bytes,      30544 total
: 33887K->35K(38080K), 0.0085729 secs] 122029K->88177K(156172K), 0.0089145 secs] [Times: user=0.02 sys=0.00, real=0.01 secs] 
Heap after GC invocations=865 (full 6):
 par new generation   total 38080K, used 35K [0x0000000085600000, 0x0000000087f50000, 0x000000009a2c0000)
  eden space 33856K,   0% used [0x0000000085600000, 0x0000000085600000, 0x0000000087710000)
  from space 4224K,   0% used [0x0000000087b30000, 0x0000000087b38c58, 0x0000000087f50000)
  to   space 4224K,   0% used [0x0000000087710000, 0x0000000087710000, 0x0000000087b30000)
 concurrent mark-sweep generation total 118092K, used 88142K [0x000000009a2c0000, 0x00000000a1613000, 0x0000000100000000)
 Metaspace       used 110576K, capacity 117175K, committed 119468K, reserved 1153024K
  class space    used 13442K, capacity 14656K, committed 15328K, reserved 1048576K
}
2021-01-20T10:12:55.529+0000: 62533.250: Total time for which application threads were stopped: 0.0100265 seconds, Stopping threads took: 0.0003609 seconds
{Heap before GC invocations=865 (full 6):
 par new generation   total 38080K, used 33891K [0x0000000085600000, 0x0000000087f50000, 0x000000009a2c0000)
  eden space 33856K, 100% used [0x0000000085600000, 0x0000000087710000, 0x0000000087710000)
  from space 4224K,   0% used [0x0000000087b30000, 0x0000000087b38c58, 0x0000000087f50000)
  to   space 4224K,   0% used [0x0000000087710000, 0x0000000087710000, 0x0000000087b30000)
 concurrent mark-sweep generation total 118092K, used 88142K [0x000000009a2c0000, 0x00000000a1613000, 0x0000000100000000)
 Metaspace       used 110576K, capacity 117175K, committed 119468K, reserved 1153024K
  class space    used 13442K, capacity 14656K, committed 15328K, reserved 1048576K
2021-01-20T10:14:35.510+0000: 62633.230: [GC (Allocation Failure) 2021-01-20T10:14:35.510+0000: 62633.231: [ParNew
Desired survivor size 2162688 bytes, new threshold 6 (max 6)
- age   1:      28848 bytes,      28848 total
- age   3:         32 bytes,      28880 total
: 33891K->35K(38080K), 0.0066680 secs] 122033K->88178K(156172K), 0.0069260 secs] [Times: user=0.02 sys=0.00, real=0.01 secs] 
Heap after GC invocations=866 (full 6):
 par new generation   total 38080K, used 35K [0x0000000085600000, 0x0000000087f50000, 0x000000009a2c0000)
  eden space 33856K,   0% used [0x0000000085600000, 0x0000000085600000, 0x0000000087710000)
  from space 4224K,   0% used [0x0000000087710000, 0x0000000087718ef8, 0x0000000087b30000)
  to   space 4224K,   0% used [0x0000000087b30000, 0x0000000087b30000, 0x0000000087f50000)
 concurrent mark-sweep generation total 118092K, used 88142K [0x000000009a2c0000, 0x00000000a1613000, 0x0000000100000000)
 Metaspace       used 110576K, capacity 117175K, committed 119468K, reserved 1153024K
  class space    used 13442K, capacity 14656K, committed 15328K, reserved 1048576K
}
2021-01-20T10:14:35.517+0000: 62633.238: Total time for which application threads were stopped: 0.0076019 seconds, Stopping threads took: 0.0000645 seconds
{Heap before GC invocations=866 (full 6):
 par new generation   total 38080K, used 33891K [0x0000000085600000, 0x0000000087f50000, 0x000000009a2c0000)
  eden space 33856K, 100% used [0x0000000085600000, 0x0000000087710000, 0x0000000087710000)
  from space 4224K,   0% used [0x0000000087710000, 0x0000000087718ef8, 0x0000000087b30000)
  to   space 4224K,   0% used [0x0000000087b30000, 0x0000000087b30000, 0x0000000087f50000)
 concurrent mark-sweep generation total 118092K, used 88142K [0x000000009a2c0000, 0x00000000a1613000, 0x0000000100000000)
 Metaspace       used 110576K, capacity 117175K, committed 119468K, reserved 1153024K
  class space    used 13442K, capacity 14656K, committed 15328K, reserved 1048576K
2021-01-20T10:16:13.173+0000: 62730.894: [GC (Allocation Failure) 2021-01-20T10:16:13.173+0000: 62730.894: [ParNew
Desired survivor size 2162688 bytes, new threshold 6 (max 6)
- age   1:      29680 bytes,      29680 total
- age   2:        152 bytes,      29832 total
- age   4:         32 bytes,      29864 total
: 33891K->31K(38080K), 0.0027681 secs] 122034K->88174K(156172K), 0.0028779 secs] [Times: user=0.01 sys=0.00, real=0.01 secs] 
Heap after GC invocations=867 (full 6):
 par new generation   total 38080K, used 31K [0x0000000085600000, 0x0000000087f50000, 0x000000009a2c0000)
  eden space 33856K,   0% used [0x0000000085600000, 0x0000000085600000, 0x0000000087710000)
  from space 4224K,   0% used [0x0000000087b30000, 0x0000000087b37f38, 0x0000000087f50000)
  to   space 4224K,   0% used [0x0000000087710000, 0x0000000087710000, 0x0000000087b30000)
 concurrent mark-sweep generation total 118092K, used 88142K [0x000000009a2c0000, 0x00000000a1613000, 0x0000000100000000)
 Metaspace       used 110576K, capacity 117175K, committed 119468K, reserved 1153024K
  class space    used 13442K, capacity 14656K, committed 15328K, reserved 1048576K
}
2021-01-20T10:16:13.176+0000: 62730.897: Total time for which application threads were stopped: 0.0031365 seconds, Stopping threads took: 0.0000517 seconds
{Heap before GC invocations=867 (full 6):
 par new generation   total 38080K, used 33887K [0x0000000085600000, 0x0000000087f50000, 0x000000009a2c0000)
  eden space 33856K,  99% used [0x0000000085600000, 0x000000008770ff80, 0x0000000087710000)
  from space 4224K,   0% used [0x0000000087b30000, 0x0000000087b37f38, 0x0000000087f50000)
  to   space 4224K,   0% used [0x0000000087710000, 0x0000000087710000, 0x0000000087b30000)
 concurrent mark-sweep generation total 118092K, used 88142K [0x000000009a2c0000, 0x00000000a1613000, 0x0000000100000000)
 Metaspace       used 110576K, capacity 117175K, committed 119468K, reserved 1153024K
  class space    used 13442K, capacity 14656K, committed 15328K, reserved 1048576K
2021-01-20T10:17:53.474+0000: 62831.195: [GC (Allocation Failure) 2021-01-20T10:17:53.474+0000: 62831.195: [ParNew
Desired survivor size 2162688 bytes, new threshold 6 (max 6)
- age   1:      64192 bytes,      64192 total
- age   2:        120 bytes,      64312 total
- age   5:         32 bytes,      64344 total
: 33887K->65K(38080K), 0.0034153 secs] 122029K->88208K(156172K), 0.0035412 secs] [Times: user=0.00 sys=0.00, real=0.01 secs] 
Heap after GC invocations=868 (full 6):
 par new generation   total 38080K, used 65K [0x0000000085600000, 0x0000000087f50000, 0x000000009a2c0000)
  eden space 33856K,   0% used [0x0000000085600000, 0x0000000085600000, 0x0000000087710000)
  from space 4224K,   1% used [0x0000000087710000, 0x00000000877207b0, 0x0000000087b30000)
  to   space 4224K,   0% used [0x0000000087b30000, 0x0000000087b30000, 0x0000000087f50000)
 concurrent mark-sweep generation total 118092K, used 88142K [0x000000009a2c0000, 0x00000000a1613000, 0x0000000100000000)
 Metaspace       used 110576K, capacity 117175K, committed 119468K, reserved 1153024K
  class space    used 13442K, capacity 14656K, committed 15328K, reserved 1048576K
}
2021-01-20T10:17:53.478+0000: 62831.198: Total time for which application threads were stopped: 0.0039308 seconds, Stopping threads took: 0.0000436 seconds
2021-01-20T10:18:39.485+0000: 62877.206: Total time for which application threads were stopped: 0.0004614 seconds, Stopping threads took: 0.0000753 seconds
{Heap before GC invocations=868 (full 6):
 par new generation   total 38080K, used 33921K [0x0000000085600000, 0x0000000087f50000, 0x000000009a2c0000)
  eden space 33856K, 100% used [0x0000000085600000, 0x0000000087710000, 0x0000000087710000)
  from space 4224K,   1% used [0x0000000087710000, 0x00000000877207b0, 0x0000000087b30000)
  to   space 4224K,   0% used [0x0000000087b30000, 0x0000000087b30000, 0x0000000087f50000)
 concurrent mark-sweep generation total 118092K, used 88142K [0x000000009a2c0000, 0x00000000a1613000, 0x0000000100000000)
 Metaspace       used 110576K, capacity 117175K, committed 119468K, reserved 1153024K
  class space    used 13442K, capacity 14656K, committed 15328K, reserved 1048576K
2021-01-20T10:19:34.562+0000: 62932.283: [GC (Allocation Failure) 2021-01-20T10:19:34.562+0000: 62932.283: [ParNew
Desired survivor size 2162688 bytes, new threshold 6 (max 6)
- age   1:      29624 bytes,      29624 total
- age   2:         48 bytes,      29672 total
- age   6:         32 bytes,      29704 total
: 33921K->32K(38080K), 0.0058030 secs] 122064K->88174K(156172K), 0.0062834 secs] [Times: user=0.02 sys=0.00, real=0.01 secs] 
Heap after GC invocations=869 (full 6):
 par new generation   total 38080K, used 32K [0x0000000085600000, 0x0000000087f50000, 0x000000009a2c0000)
  eden space 33856K,   0% used [0x0000000085600000, 0x0000000085600000, 0x0000000087710000)
  from space 4224K,   0% used [0x0000000087b30000, 0x0000000087b38250, 0x0000000087f50000)
  to   space 4224K,   0% used [0x0000000087710000, 0x0000000087710000, 0x0000000087b30000)
 concurrent mark-sweep generation total 118092K, used 88142K [0x000000009a2c0000, 0x00000000a1613000, 0x0000000100000000)
 Metaspace       used 110576K, capacity 117175K, committed 119468K, reserved 1153024K
  class space    used 13442K, capacity 14656K, committed 15328K, reserved 1048576K
}
2021-01-20T10:19:34.569+0000: 62932.289: Total time for which application threads were stopped: 0.0075230 seconds, Stopping threads took: 0.0003200 seconds
2021-01-20T10:21:10.587+0000: 63028.308: Total time for which application threads were stopped: 0.0001542 seconds, Stopping threads took: 0.0000296 seconds
{Heap before GC invocations=869 (full 6):
 par new generation   total 38080K, used 33888K [0x0000000085600000, 0x0000000087f50000, 0x000000009a2c0000)
  eden space 33856K, 100% used [0x0000000085600000, 0x0000000087710000, 0x0000000087710000)
  from space 4224K,   0% used [0x0000000087b30000, 0x0000000087b38250, 0x0000000087f50000)
  to   space 4224K,   0% used [0x0000000087710000, 0x0000000087710000, 0x0000000087b30000)
 concurrent mark-sweep generation total 118092K, used 88142K [0x000000009a2c0000, 0x00000000a1613000, 0x0000000100000000)
 Metaspace       used 110576K, capacity 117175K, committed 119468K, reserved 1153024K
  class space    used 13442K, capacity 14656K, committed 15328K, reserved 1048576K
2021-01-20T10:21:12.706+0000: 63030.427: [GC (Allocation Failure) 2021-01-20T10:21:12.707+0000: 63030.427: [ParNew
Desired survivor size 2162688 bytes, new threshold 6 (max 6)
- age   1:      30776 bytes,      30776 total
- age   2:        184 bytes,      30960 total
: 33888K->37K(38080K), 0.0069501 secs] 122030K->88180K(156172K), 0.0072830 secs] [Times: user=0.02 sys=0.00, real=0.00 secs] 
Heap after GC invocations=870 (full 6):
 par new generation   total 38080K, used 37K [0x0000000085600000, 0x0000000087f50000, 0x000000009a2c0000)
  eden space 33856K,   0% used [0x0000000085600000, 0x0000000085600000, 0x0000000087710000)
  from space 4224K,   0% used [0x0000000087710000, 0x00000000877196d8, 0x0000000087b30000)
  to   space 4224K,   0% used [0x0000000087b30000, 0x0000000087b30000, 0x0000000087f50000)
 concurrent mark-sweep generation total 118092K, used 88142K [0x000000009a2c0000, 0x00000000a1613000, 0x0000000100000000)
 Metaspace       used 110576K, capacity 117175K, committed 119468K, reserved 1153024K
  class space    used 13442K, capacity 14656K, committed 15328K, reserved 1048576K
}
2021-01-20T10:21:12.714+0000: 63030.435: Total time for which application threads were stopped: 0.0095490 seconds, Stopping threads took: 0.0014256 seconds
2021-01-20T10:22:39.728+0000: 63117.448: Total time for which application threads were stopped: 0.0004571 seconds, Stopping threads took: 0.0000820 seconds
{Heap before GC invocations=870 (full 6):
 par new generation   total 38080K, used 33893K [0x0000000085600000, 0x0000000087f50000, 0x000000009a2c0000)
  eden space 33856K, 100% used [0x0000000085600000, 0x0000000087710000, 0x0000000087710000)
  from space 4224K,   0% used [0x0000000087710000, 0x00000000877196d8, 0x0000000087b30000)
  to   space 4224K,   0% used [0x0000000087b30000, 0x0000000087b30000, 0x0000000087f50000)
 concurrent mark-sweep generation total 118092K, used 88142K [0x000000009a2c0000, 0x00000000a1613000, 0x0000000100000000)
 Metaspace       used 110576K, capacity 117175K, committed 119468K, reserved 1153024K
  class space    used 13442K, capacity 14656K, committed 15328K, reserved 1048576K
2021-01-20T10:22:52.217+0000: 63129.938: [GC (Allocation Failure) 2021-01-20T10:22:52.217+0000: 63129.938: [ParNew
Desired survivor size 2162688 bytes, new threshold 6 (max 6)
- age   1:      64088 bytes,      64088 total
- age   2:        120 bytes,      64208 total
- age   3:         32 bytes,      64240 total
: 33893K->71K(38080K), 0.0055559 secs] 122036K->88214K(156172K), 0.0059122 secs] [Times: user=0.02 sys=0.00, real=0.00 secs] 
Heap after GC invocations=871 (full 6):
 par new generation   total 38080K, used 71K [0x0000000085600000, 0x0000000087f50000, 0x000000009a2c0000)
  eden space 33856K,   0% used [0x0000000085600000, 0x0000000085600000, 0x0000000087710000)
  from space 4224K,   1% used [0x0000000087b30000, 0x0000000087b41f98, 0x0000000087f50000)
  to   space 4224K,   0% used [0x0000000087710000, 0x0000000087710000, 0x0000000087b30000)
 concurrent mark-sweep generation total 118092K, used 88142K [0x000000009a2c0000, 0x00000000a1613000, 0x0000000100000000)
 Metaspace       used 110576K, capacity 117175K, committed 119468K, reserved 1153024K
  class space    used 13442K, capacity 14656K, committed 15328K, reserved 1048576K
}
2021-01-20T10:22:52.223+0000: 63129.944: Total time for which application threads were stopped: 0.0069227 seconds, Stopping threads took: 0.0001878 seconds
2021-01-20T10:23:49.232+0000: 63186.953: Total time for which application threads were stopped: 0.0005011 seconds, Stopping threads took: 0.0001174 seconds
{Heap before GC invocations=871 (full 6):
 par new generation   total 38080K, used 33927K [0x0000000085600000, 0x0000000087f50000, 0x000000009a2c0000)
  eden space 33856K, 100% used [0x0000000085600000, 0x0000000087710000, 0x0000000087710000)
  from space 4224K,   1% used [0x0000000087b30000, 0x0000000087b41f98, 0x0000000087f50000)
  to   space 4224K,   0% used [0x0000000087710000, 0x0000000087710000, 0x0000000087b30000)
 concurrent mark-sweep generation total 118092K, used 88142K [0x000000009a2c0000, 0x00000000a1613000, 0x0000000100000000)
 Metaspace       used 110576K, capacity 117175K, committed 119468K, reserved 1153024K
  class space    used 13442K, capacity 14656K, committed 15328K, reserved 1048576K
2021-01-20T10:24:32.401+0000: 63230.122: [GC (Allocation Failure) 2021-01-20T10:24:32.402+0000: 63230.122: [ParNew
Desired survivor size 2162688 bytes, new threshold 6 (max 6)
- age   1:      28704 bytes,      28704 total
- age   2:        168 bytes,      28872 total
: 33927K->31K(38080K), 0.0084842 secs] 122070K->88174K(156172K), 0.0088237 secs] [Times: user=0.03 sys=0.00, real=0.01 secs] 
Heap after GC invocations=872 (full 6):
 par new generation   total 38080K, used 31K [0x0000000085600000, 0x0000000087f50000, 0x000000009a2c0000)
  eden space 33856K,   0% used [0x0000000085600000, 0x0000000085600000, 0x0000000087710000)
  from space 4224K,   0% used [0x0000000087710000, 0x0000000087717f38, 0x0000000087b30000)
  to   space 4224K,   0% used [0x0000000087b30000, 0x0000000087b30000, 0x0000000087f50000)
 concurrent mark-sweep generation total 118092K, used 88142K [0x000000009a2c0000, 0x00000000a1613000, 0x0000000100000000)
 Metaspace       used 110576K, capacity 117175K, committed 119468K, reserved 1153024K
  class space    used 13442K, capacity 14656K, committed 15328K, reserved 1048576K
}
2021-01-20T10:24:32.411+0000: 63230.131: Total time for which application threads were stopped: 0.0095903 seconds, Stopping threads took: 0.0000753 seconds
{Heap before GC invocations=872 (full 6):
 par new generation   total 38080K, used 33887K [0x0000000085600000, 0x0000000087f50000, 0x000000009a2c0000)
  eden space 33856K, 100% used [0x0000000085600000, 0x0000000087710000, 0x0000000087710000)
  from space 4224K,   0% used [0x0000000087710000, 0x0000000087717f38, 0x0000000087b30000)
  to   space 4224K,   0% used [0x0000000087b30000, 0x0000000087b30000, 0x0000000087f50000)
 concurrent mark-sweep generation total 118092K, used 88142K [0x000000009a2c0000, 0x00000000a1613000, 0x0000000100000000)
 Metaspace       used 110576K, capacity 117175K, committed 119468K, reserved 1153024K
  class space    used 13442K, capacity 14656K, committed 15328K, reserved 1048576K
2021-01-20T10:26:10.217+0000: 63327.938: [GC (Allocation Failure) 2021-01-20T10:26:10.217+0000: 63327.938: [ParNew
Desired survivor size 2162688 bytes, new threshold 6 (max 6)
- age   1:      30448 bytes,      30448 total
- age   2:        184 bytes,      30632 total
- age   3:        168 bytes,      30800 total
: 33887K->34K(38080K), 0.0111429 secs] 122030K->88177K(156172K), 0.0115069 secs] [Times: user=0.03 sys=0.00, real=0.01 secs] 
Heap after GC invocations=873 (full 6):
 par new generation   total 38080K, used 34K [0x0000000085600000, 0x0000000087f50000, 0x000000009a2c0000)
  eden space 33856K,   0% used [0x0000000085600000, 0x0000000085600000, 0x0000000087710000)
  from space 4224K,   0% used [0x0000000087b30000, 0x0000000087b38b78, 0x0000000087f50000)
  to   space 4224K,   0% used [0x0000000087710000, 0x0000000087710000, 0x0000000087b30000)
 concurrent mark-sweep generation total 118092K, used 88142K [0x000000009a2c0000, 0x00000000a1613000, 0x0000000100000000)
 Metaspace       used 110576K, capacity 117175K, committed 119468K, reserved 1153024K
  class space    used 13442K, capacity 14656K, committed 15328K, reserved 1048576K
}
2021-01-20T10:26:10.229+0000: 63327.950: Total time for which application threads were stopped: 0.0127105 seconds, Stopping threads took: 0.0002823 seconds
{Heap before GC invocations=873 (full 6):
 par new generation   total 38080K, used 33869K [0x0000000085600000, 0x0000000087f50000, 0x000000009a2c0000)
  eden space 33856K,  99% used [0x0000000085600000, 0x000000008770a958, 0x0000000087710000)
  from space 4224K,   0% used [0x0000000087b30000, 0x0000000087b38b78, 0x0000000087f50000)
  to   space 4224K,   0% used [0x0000000087710000, 0x0000000087710000, 0x0000000087b30000)
 concurrent mark-sweep generation total 118092K, used 88142K [0x000000009a2c0000, 0x00000000a1613000, 0x0000000100000000)
 Metaspace       used 110576K, capacity 117175K, committed 119468K, reserved 1153024K
  class space    used 13442K, capacity 14656K, committed 15328K, reserved 1048576K
2021-01-20T10:27:49.593+0000: 63427.314: [GC (Allocation Failure) 2021-01-20T10:27:49.593+0000: 63427.314: [ParNew
Desired survivor size 2162688 bytes, new threshold 6 (max 6)
- age   1:      64056 bytes,      64056 total
- age   2:        120 bytes,      64176 total
- age   3:         32 bytes,      64208 total
- age   4:        168 bytes,      64376 total
: 33869K->70K(38080K), 0.0050849 secs] 122011K->88213K(156172K), 0.0053747 secs] [Times: user=0.02 sys=0.00, real=0.01 secs] 
Heap after GC invocations=874 (full 6):
 par new generation   total 38080K, used 70K [0x0000000085600000, 0x0000000087f50000, 0x000000009a2c0000)
  eden space 33856K,   0% used [0x0000000085600000, 0x0000000085600000, 0x0000000087710000)
  from space 4224K,   1% used [0x0000000087710000, 0x0000000087721be0, 0x0000000087b30000)
  to   space 4224K,   0% used [0x0000000087b30000, 0x0000000087b30000, 0x0000000087f50000)
 concurrent mark-sweep generation total 118092K, used 88142K [0x000000009a2c0000, 0x00000000a1613000, 0x0000000100000000)
 Metaspace       used 110576K, capacity 117175K, committed 119468K, reserved 1153024K
  class space    used 13442K, capacity 14656K, committed 15328K, reserved 1048576K
}
2021-01-20T10:27:49.598+0000: 63427.319: Total time for which application threads were stopped: 0.0063697 seconds, Stopping threads took: 0.0002236 seconds
{Heap before GC invocations=874 (full 6):
 par new generation   total 38080K, used 33926K [0x0000000085600000, 0x0000000087f50000, 0x000000009a2c0000)
  eden space 33856K, 100% used [0x0000000085600000, 0x0000000087710000, 0x0000000087710000)
  from space 4224K,   1% used [0x0000000087710000, 0x0000000087721be0, 0x0000000087b30000)
  to   space 4224K,   0% used [0x0000000087b30000, 0x0000000087b30000, 0x0000000087f50000)
 concurrent mark-sweep generation total 118092K, used 88142K [0x000000009a2c0000, 0x00000000a1613000, 0x0000000100000000)
 Metaspace       used 110576K, capacity 117175K, committed 119468K, reserved 1153024K
  class space    used 13442K, capacity 14656K, committed 15328K, reserved 1048576K
2021-01-20T10:29:30.998+0000: 63528.719: [GC (Allocation Failure) 2021-01-20T10:29:30.999+0000: 63528.719: [ParNew
Desired survivor size 2162688 bytes, new threshold 6 (max 6)
- age   1:      29712 bytes,      29712 total
- age   2:         48 bytes,      29760 total
- age   5:        168 bytes,      29928 total
: 33926K->36K(38080K), 0.0060816 secs] 122069K->88178K(156172K), 0.0063227 secs] [Times: user=0.02 sys=0.00, real=0.01 secs] 
Heap after GC invocations=875 (full 6):
 par new generation   total 38080K, used 36K [0x0000000085600000, 0x0000000087f50000, 0x000000009a2c0000)
  eden space 33856K,   0% used [0x0000000085600000, 0x0000000085600000, 0x0000000087710000)
  from space 4224K,   0% used [0x0000000087b30000, 0x0000000087b390a8, 0x0000000087f50000)
  to   space 4224K,   0% used [0x0000000087710000, 0x0000000087710000, 0x0000000087b30000)
 concurrent mark-sweep generation total 118092K, used 88142K [0x000000009a2c0000, 0x00000000a1613000, 0x0000000100000000)
 Metaspace       used 110576K, capacity 117175K, committed 119468K, reserved 1153024K
  class space    used 13442K, capacity 14656K, committed 15328K, reserved 1048576K
}
2021-01-20T10:29:31.005+0000: 63528.726: Total time for which application threads were stopped: 0.0071323 seconds, Stopping threads took: 0.0002137 seconds
{Heap before GC invocations=875 (full 6):
 par new generation   total 38080K, used 33892K [0x0000000085600000, 0x0000000087f50000, 0x000000009a2c0000)
  eden space 33856K, 100% used [0x0000000085600000, 0x0000000087710000, 0x0000000087710000)
  from space 4224K,   0% used [0x0000000087b30000, 0x0000000087b390a8, 0x0000000087f50000)
  to   space 4224K,   0% used [0x0000000087710000, 0x0000000087710000, 0x0000000087b30000)
 concurrent mark-sweep generation total 118092K, used 88142K [0x000000009a2c0000, 0x00000000a1613000, 0x0000000100000000)
 Metaspace       used 110576K, capacity 117175K, committed 119468K, reserved 1153024K
  class space    used 13442K, capacity 14656K, committed 15328K, reserved 1048576K
2021-01-20T10:31:10.035+0000: 63627.756: [GC (Allocation Failure) 2021-01-20T10:31:10.035+0000: 63627.756: [ParNew
Desired survivor size 2162688 bytes, new threshold 6 (max 6)
- age   1:      75784 bytes,      75784 total
- age   2:        152 bytes,      75936 total
- age   6:        168 bytes,      76104 total
: 33892K->80K(38080K), 0.0037355 secs] 122034K->88223K(156172K), 0.0039539 secs] [Times: user=0.01 sys=0.00, real=0.01 secs] 
Heap after GC invocations=876 (full 6):
 par new generation   total 38080K, used 80K [0x0000000085600000, 0x0000000087f50000, 0x000000009a2c0000)
  eden space 33856K,   0% used [0x0000000085600000, 0x0000000085600000, 0x0000000087710000)
  from space 4224K,   1% used [0x0000000087710000, 0x0000000087724318, 0x0000000087b30000)
  to   space 4224K,   0% used [0x0000000087b30000, 0x0000000087b30000, 0x0000000087f50000)
 concurrent mark-sweep generation total 118092K, used 88142K [0x000000009a2c0000, 0x00000000a1613000, 0x0000000100000000)
 Metaspace       used 110576K, capacity 117175K, committed 119468K, reserved 1153024K
  class space    used 13442K, capacity 14656K, committed 15328K, reserved 1048576K
}
2021-01-20T10:31:10.039+0000: 63627.760: Total time for which application threads were stopped: 0.0046384 seconds, Stopping threads took: 0.0001197 seconds
{Heap before GC invocations=876 (full 6):
 par new generation   total 38080K, used 33936K [0x0000000085600000, 0x0000000087f50000, 0x000000009a2c0000)
  eden space 33856K, 100% used [0x0000000085600000, 0x0000000087710000, 0x0000000087710000)
  from space 4224K,   1% used [0x0000000087710000, 0x0000000087724318, 0x0000000087b30000)
  to   space 4224K,   0% used [0x0000000087b30000, 0x0000000087b30000, 0x0000000087f50000)
 concurrent mark-sweep generation total 118092K, used 88142K [0x000000009a2c0000, 0x00000000a1613000, 0x0000000100000000)
 Metaspace       used 110576K, capacity 117175K, committed 119468K, reserved 1153024K
  class space    used 13442K, capacity 14656K, committed 15328K, reserved 1048576K
2021-01-20T10:32:49.517+0000: 63727.237: [GC (Allocation Failure) 2021-01-20T10:32:49.517+0000: 63727.238: [ParNew
Desired survivor size 2162688 bytes, new threshold 6 (max 6)
- age   1:      64792 bytes,      64792 total
- age   2:        120 bytes,      64912 total
: 33936K->91K(38080K), 0.0097024 secs] 122079K->88234K(156172K), 0.0100501 secs] [Times: user=0.03 sys=0.01, real=0.01 secs] 
Heap after GC invocations=877 (full 6):
 par new generation   total 38080K, used 91K [0x0000000085600000, 0x0000000087f50000, 0x000000009a2c0000)
  eden space 33856K,   0% used [0x0000000085600000, 0x0000000085600000, 0x0000000087710000)
  from space 4224K,   2% used [0x0000000087b30000, 0x0000000087b46f58, 0x0000000087f50000)
  to   space 4224K,   0% used [0x0000000087710000, 0x0000000087710000, 0x0000000087b30000)
 concurrent mark-sweep generation total 118092K, used 88142K [0x000000009a2c0000, 0x00000000a1613000, 0x0000000100000000)
 Metaspace       used 110576K, capacity 117175K, committed 119468K, reserved 1153024K
  class space    used 13442K, capacity 14656K, committed 15328K, reserved 1048576K
}
2021-01-20T10:32:49.527+0000: 63727.248: Total time for which application threads were stopped: 0.0113940 seconds, Stopping threads took: 0.0005637 seconds
2021-01-20T10:34:10.543+0000: 63808.263: Total time for which application threads were stopped: 0.0005491 seconds, Stopping threads took: 0.0000948 seconds
{Heap before GC invocations=877 (full 6):
 par new generation   total 38080K, used 33947K [0x0000000085600000, 0x0000000087f50000, 0x000000009a2c0000)
  eden space 33856K, 100% used [0x0000000085600000, 0x0000000087710000, 0x0000000087710000)
  from space 4224K,   2% used [0x0000000087b30000, 0x0000000087b46f58, 0x0000000087f50000)
  to   space 4224K,   0% used [0x0000000087710000, 0x0000000087710000, 0x0000000087b30000)
 concurrent mark-sweep generation total 118092K, used 88142K [0x000000009a2c0000, 0x00000000a1613000, 0x0000000100000000)
 Metaspace       used 110576K, capacity 117175K, committed 119468K, reserved 1153024K
  class space    used 13442K, capacity 14656K, committed 15328K, reserved 1048576K
2021-01-20T10:34:30.165+0000: 63827.885: [GC (Allocation Failure) 2021-01-20T10:34:30.165+0000: 63827.886: [ParNew
Desired survivor size 2162688 bytes, new threshold 6 (max 6)
- age   1:      28960 bytes,      28960 total
- age   2:         64 bytes,      29024 total
: 33947K->35K(38080K), 0.0023613 secs] 122090K->88177K(156172K), 0.0024980 secs] [Times: user=0.01 sys=0.00, real=0.00 secs] 
Heap after GC invocations=878 (full 6):
 par new generation   total 38080K, used 35K [0x0000000085600000, 0x0000000087f50000, 0x000000009a2c0000)
  eden space 33856K,   0% used [0x0000000085600000, 0x0000000085600000, 0x0000000087710000)
  from space 4224K,   0% used [0x0000000087710000, 0x0000000087718c78, 0x0000000087b30000)
  to   space 4224K,   0% used [0x0000000087b30000, 0x0000000087b30000, 0x0000000087f50000)
 concurrent mark-sweep generation total 118092K, used 88142K [0x000000009a2c0000, 0x00000000a1613000, 0x0000000100000000)
 Metaspace       used 110576K, capacity 117175K, committed 119468K, reserved 1153024K
  class space    used 13442K, capacity 14656K, committed 15328K, reserved 1048576K
}
2021-01-20T10:34:30.167+0000: 63827.888: Total time for which application threads were stopped: 0.0027964 seconds, Stopping threads took: 0.0000300 seconds
{Heap before GC invocations=878 (full 6):
 par new generation   total 38080K, used 33888K [0x0000000085600000, 0x0000000087f50000, 0x000000009a2c0000)
  eden space 33856K,  99% used [0x0000000085600000, 0x000000008770f4a0, 0x0000000087710000)
  from space 4224K,   0% used [0x0000000087710000, 0x0000000087718c78, 0x0000000087b30000)
  to   space 4224K,   0% used [0x0000000087b30000, 0x0000000087b30000, 0x0000000087f50000)
 concurrent mark-sweep generation total 118092K, used 88142K [0x000000009a2c0000, 0x00000000a1613000, 0x0000000100000000)
 Metaspace       used 110576K, capacity 117175K, committed 119468K, reserved 1153024K
  class space    used 13442K, capacity 14656K, committed 15328K, reserved 1048576K
2021-01-20T10:36:10.075+0000: 63927.796: [GC (Allocation Failure) 2021-01-20T10:36:10.075+0000: 63927.796: [ParNew
Desired survivor size 2162688 bytes, new threshold 6 (max 6)
- age   1:      56504 bytes,      56504 total
- age   2:        400 bytes,      56904 total
- age   3:         32 bytes,      56936 total
: 33888K->62K(38080K), 0.0031963 secs] 122030K->88205K(156172K), 0.0033937 secs] [Times: user=0.00 sys=0.00, real=0.01 secs] 
Heap after GC invocations=879 (full 6):
 par new generation   total 38080K, used 62K [0x0000000085600000, 0x0000000087f50000, 0x000000009a2c0000)
  eden space 33856K,   0% used [0x0000000085600000, 0x0000000085600000, 0x0000000087710000)
  from space 4224K,   1% used [0x0000000087b30000, 0x0000000087b3fbf8, 0x0000000087f50000)
  to   space 4224K,   0% used [0x0000000087710000, 0x0000000087710000, 0x0000000087b30000)
 concurrent mark-sweep generation total 118092K, used 88142K [0x000000009a2c0000, 0x00000000a1613000, 0x0000000100000000)
 Metaspace       used 110576K, capacity 117175K, committed 119468K, reserved 1153024K
  class space    used 13442K, capacity 14656K, committed 15328K, reserved 1048576K
}
2021-01-20T10:36:10.078+0000: 63927.799: Total time for which application threads were stopped: 0.0042086 seconds, Stopping threads took: 0.0002577 seconds
{Heap before GC invocations=879 (full 6):
 par new generation   total 38080K, used 33918K [0x0000000085600000, 0x0000000087f50000, 0x000000009a2c0000)
  eden space 33856K, 100% used [0x0000000085600000, 0x0000000087710000, 0x0000000087710000)
  from space 4224K,   1% used [0x0000000087b30000, 0x0000000087b3fbf8, 0x0000000087f50000)
  to   space 4224K,   0% used [0x0000000087710000, 0x0000000087710000, 0x0000000087b30000)
 concurrent mark-sweep generation total 118092K, used 88142K [0x000000009a2c0000, 0x00000000a1613000, 0x0000000100000000)
 Metaspace       used 110576K, capacity 117175K, committed 119468K, reserved 1153024K
  class space    used 13442K, capacity 14656K, committed 15328K, reserved 1048576K
2021-01-20T11:32:58.556+0000: 64029.425: [GC (Allocation Failure) 2021-01-20T11:32:58.556+0000: 64029.425: [ParNew
Desired survivor size 2162688 bytes, new threshold 6 (max 6)
- age   1:      64288 bytes,      64288 total
- age   2:        152 bytes,      64440 total
- age   3:        248 bytes,      64688 total
- age   4:         32 bytes,      64720 total
: 33918K->68K(38080K), 0.0075278 secs] 122061K->88211K(156172K), 0.0076720 secs] [Times: user=0.00 sys=0.01, real=0.00 secs] 
Heap after GC invocations=880 (full 6):
 par new generation   total 38080K, used 68K [0x0000000085600000, 0x0000000087f50000, 0x000000009a2c0000)
  eden space 33856K,   0% used [0x0000000085600000, 0x0000000085600000, 0x0000000087710000)
  from space 4224K,   1% used [0x0000000087710000, 0x0000000087721328, 0x0000000087b30000)
  to   space 4224K,   0% used [0x0000000087b30000, 0x0000000087b30000, 0x0000000087f50000)
 concurrent mark-sweep generation total 118092K, used 88142K [0x000000009a2c0000, 0x00000000a1613000, 0x0000000100000000)
 Metaspace       used 110576K, capacity 117175K, committed 119468K, reserved 1153024K
  class space    used 13442K, capacity 14656K, committed 15328K, reserved 1048576K
}
2021-01-20T11:32:58.564+0000: 64029.433: Total time for which application threads were stopped: 0.0080526 seconds, Stopping threads took: 0.0000561 seconds
2021-01-20T11:34:09.573+0000: 64100.442: Total time for which application threads were stopped: 0.0002388 seconds, Stopping threads took: 0.0000414 seconds
{Heap before GC invocations=880 (full 6):
 par new generation   total 38080K, used 33924K [0x0000000085600000, 0x0000000087f50000, 0x000000009a2c0000)
  eden space 33856K, 100% used [0x0000000085600000, 0x0000000087710000, 0x0000000087710000)
  from space 4224K,   1% used [0x0000000087710000, 0x0000000087721328, 0x0000000087b30000)
  to   space 4224K,   0% used [0x0000000087b30000, 0x0000000087b30000, 0x0000000087f50000)
 concurrent mark-sweep generation total 118092K, used 88142K [0x000000009a2c0000, 0x00000000a1613000, 0x0000000100000000)
 Metaspace       used 110576K, capacity 117175K, committed 119468K, reserved 1153024K
  class space    used 13442K, capacity 14656K, committed 15328K, reserved 1048576K
2021-01-20T11:34:39.559+0000: 64130.429: [GC (Allocation Failure) 2021-01-20T11:34:39.559+0000: 64130.429: [ParNew
Desired survivor size 2162688 bytes, new threshold 6 (max 6)
- age   1:      30144 bytes,      30144 total
- age   2:        168 bytes,      30312 total
- age   4:        248 bytes,      30560 total
- age   5:         32 bytes,      30592 total
: 33924K->38K(38080K), 0.0060967 secs] 122067K->88180K(156172K), 0.0064595 secs] [Times: user=0.02 sys=0.00, real=0.00 secs] 
Heap after GC invocations=881 (full 6):
 par new generation   total 38080K, used 38K [0x0000000085600000, 0x0000000087f50000, 0x000000009a2c0000)
  eden space 33856K,   0% used [0x0000000085600000, 0x0000000085600000, 0x0000000087710000)
  from space 4224K,   0% used [0x0000000087b30000, 0x0000000087b398a8, 0x0000000087f50000)
  to   space 4224K,   0% used [0x0000000087710000, 0x0000000087710000, 0x0000000087b30000)
 concurrent mark-sweep generation total 118092K, used 88142K [0x000000009a2c0000, 0x00000000a1613000, 0x0000000100000000)
 Metaspace       used 110576K, capacity 117175K, committed 119468K, reserved 1153024K
  class space    used 13442K, capacity 14656K, committed 15328K, reserved 1048576K
}
2021-01-20T11:34:39.566+0000: 64130.435: Total time for which application threads were stopped: 0.0077124 seconds, Stopping threads took: 0.0005106 seconds
2021-01-20T11:34:46.568+0000: 64137.437: Total time for which application threads were stopped: 0.0006873 seconds, Stopping threads took: 0.0001118 seconds
{Heap before GC invocations=881 (full 6):
 par new generation   total 38080K, used 33894K [0x0000000085600000, 0x0000000087f50000, 0x000000009a2c0000)
  eden space 33856K, 100% used [0x0000000085600000, 0x0000000087710000, 0x0000000087710000)
  from space 4224K,   0% used [0x0000000087b30000, 0x0000000087b398a8, 0x0000000087f50000)
  to   space 4224K,   0% used [0x0000000087710000, 0x0000000087710000, 0x0000000087b30000)
 concurrent mark-sweep generation total 118092K, used 88142K [0x000000009a2c0000, 0x00000000a1613000, 0x0000000100000000)
 Metaspace       used 110576K, capacity 117175K, committed 119468K, reserved 1153024K
  class space    used 13442K, capacity 14656K, committed 15328K, reserved 1048576K
2021-01-20T11:36:17.638+0000: 64228.507: [GC (Allocation Failure) 2021-01-20T11:36:17.638+0000: 64228.507: [ParNew
Desired survivor size 2162688 bytes, new threshold 6 (max 6)
- age   1:      29896 bytes,      29896 total
- age   2:       1856 bytes,      31752 total
- age   5:        248 bytes,      32000 total
- age   6:         32 bytes,      32032 total
: 33894K->37K(38080K), 0.0060785 secs] 122036K->88180K(156172K), 0.0063867 secs] [Times: user=0.02 sys=0.00, real=0.00 secs] 
Heap after GC invocations=882 (full 6):
 par new generation   total 38080K, used 37K [0x0000000085600000, 0x0000000087f50000, 0x000000009a2c0000)
  eden space 33856K,   0% used [0x0000000085600000, 0x0000000085600000, 0x0000000087710000)
  from space 4224K,   0% used [0x0000000087710000, 0x0000000087719648, 0x0000000087b30000)
  to   space 4224K,   0% used [0x0000000087b30000, 0x0000000087b30000, 0x0000000087f50000)
 concurrent mark-sweep generation total 118092K, used 88142K [0x000000009a2c0000, 0x00000000a1613000, 0x0000000100000000)
 Metaspace       used 110576K, capacity 117175K, committed 119468K, reserved 1153024K
  class space    used 13442K, capacity 14656K, committed 15328K, reserved 1048576K
}
2021-01-20T11:36:17.644+0000: 64228.514: Total time for which application threads were stopped: 0.0076541 seconds, Stopping threads took: 0.0005282 seconds
{Heap before GC invocations=882 (full 6):
 par new generation   total 38080K, used 33893K [0x0000000085600000, 0x0000000087f50000, 0x000000009a2c0000)
  eden space 33856K, 100% used [0x0000000085600000, 0x0000000087710000, 0x0000000087710000)
  from space 4224K,   0% used [0x0000000087710000, 0x0000000087719648, 0x0000000087b30000)
  to   space 4224K,   0% used [0x0000000087b30000, 0x0000000087b30000, 0x0000000087f50000)
 concurrent mark-sweep generation total 118092K, used 88142K [0x000000009a2c0000, 0x00000000a1613000, 0x0000000100000000)
 Metaspace       used 110576K, capacity 117175K, committed 119468K, reserved 1153024K
  class space    used 13442K, capacity 14656K, committed 15328K, reserved 1048576K
2021-01-20T11:37:57.627+0000: 64328.497: [GC (Allocation Failure) 2021-01-20T11:37:57.627+0000: 64328.497: [ParNew
Desired survivor size 2162688 bytes, new threshold 6 (max 6)
- age   1:      64232 bytes,      64232 total
- age   2:        232 bytes,      64464 total
- age   3:       1824 bytes,      66288 total
- age   6:        248 bytes,      66536 total
: 33893K->73K(38080K), 0.0090731 secs] 122036K->88216K(156172K), 0.0093631 secs] [Times: user=0.02 sys=0.00, real=0.02 secs] 
Heap after GC invocations=883 (full 6):
 par new generation   total 38080K, used 73K [0x0000000085600000, 0x0000000087f50000, 0x000000009a2c0000)
  eden space 33856K,   0% used [0x0000000085600000, 0x0000000085600000, 0x0000000087710000)
  from space 4224K,   1% used [0x0000000087b30000, 0x0000000087b42710, 0x0000000087f50000)
  to   space 4224K,   0% used [0x0000000087710000, 0x0000000087710000, 0x0000000087b30000)
 concurrent mark-sweep generation total 118092K, used 88142K [0x000000009a2c0000, 0x00000000a1613000, 0x0000000100000000)
 Metaspace       used 110576K, capacity 117175K, committed 119468K, reserved 1153024K
  class space    used 13442K, capacity 14656K, committed 15328K, reserved 1048576K
}
2021-01-20T11:37:57.637+0000: 64328.506: Total time for which application threads were stopped: 0.0101408 seconds, Stopping threads took: 0.0000788 seconds
{Heap before GC invocations=883 (full 6):
 par new generation   total 38080K, used 33929K [0x0000000085600000, 0x0000000087f50000, 0x000000009a2c0000)
  eden space 33856K, 100% used [0x0000000085600000, 0x0000000087710000, 0x0000000087710000)
  from space 4224K,   1% used [0x0000000087b30000, 0x0000000087b42710, 0x0000000087f50000)
  to   space 4224K,   0% used [0x0000000087710000, 0x0000000087710000, 0x0000000087b30000)
 concurrent mark-sweep generation total 118092K, used 88142K [0x000000009a2c0000, 0x00000000a1613000, 0x0000000100000000)
 Metaspace       used 110576K, capacity 117175K, committed 119468K, reserved 1153024K
  class space    used 13442K, capacity 14656K, committed 15328K, reserved 1048576K
2021-01-20T11:39:37.855+0000: 64428.725: [GC (Allocation Failure) 2021-01-20T11:39:37.856+0000: 64428.725: [ParNew
Desired survivor size 2162688 bytes, new threshold 6 (max 6)
- age   1:      28256 bytes,      28256 total
- age   2:        184 bytes,      28440 total
- age   3:        112 bytes,      28552 total
- age   4:       1824 bytes,      30376 total
: 33929K->32K(38080K), 0.0057735 secs] 122072K->88175K(156172K), 0.0060531 secs] [Times: user=0.02 sys=0.00, real=0.00 secs] 
Heap after GC invocations=884 (full 6):
 par new generation   total 38080K, used 32K [0x0000000085600000, 0x0000000087f50000, 0x000000009a2c0000)
  eden space 33856K,   0% used [0x0000000085600000, 0x0000000085600000, 0x0000000087710000)
  from space 4224K,   0% used [0x0000000087710000, 0x0000000087718108, 0x0000000087b30000)
  to   space 4224K,   0% used [0x0000000087b30000, 0x0000000087b30000, 0x0000000087f50000)
 concurrent mark-sweep generation total 118092K, used 88142K [0x000000009a2c0000, 0x00000000a1613000, 0x0000000100000000)
 Metaspace       used 110576K, capacity 117175K, committed 119468K, reserved 1153024K
  class space    used 13442K, capacity 14656K, committed 15328K, reserved 1048576K
}
2021-01-20T11:39:37.862+0000: 64428.731: Total time for which application threads were stopped: 0.0068122 seconds, Stopping threads took: 0.0000770 seconds
{Heap before GC invocations=884 (full 6):
 par new generation   total 38080K, used 33883K [0x0000000085600000, 0x0000000087f50000, 0x000000009a2c0000)
  eden space 33856K,  99% used [0x0000000085600000, 0x000000008770eb98, 0x0000000087710000)
  from space 4224K,   0% used [0x0000000087710000, 0x0000000087718108, 0x0000000087b30000)
  to   space 4224K,   0% used [0x0000000087b30000, 0x0000000087b30000, 0x0000000087f50000)
 concurrent mark-sweep generation total 118092K, used 88142K [0x000000009a2c0000, 0x00000000a1613000, 0x0000000100000000)
 Metaspace       used 110576K, capacity 117175K, committed 119468K, reserved 1153024K
  class space    used 13442K, capacity 14656K, committed 15328K, reserved 1048576K
2021-01-20T11:41:16.989+0000: 64527.859: [GC (Allocation Failure) 2021-01-20T11:41:16.989+0000: 64527.859: [ParNew
Desired survivor size 2162688 bytes, new threshold 6 (max 6)
- age   1:      95808 bytes,      95808 total
- age   2:         32 bytes,      95840 total
- age   4:        112 bytes,      95952 total
- age   5:       1824 bytes,      97776 total
: 33883K->105K(38080K), 0.0054977 secs] 122025K->88248K(156172K), 0.0056987 secs] [Times: user=0.01 sys=0.00, real=0.00 secs] 
Heap after GC invocations=885 (full 6):
 par new generation   total 38080K, used 105K [0x0000000085600000, 0x0000000087f50000, 0x000000009a2c0000)
  eden space 33856K,   0% used [0x0000000085600000, 0x0000000085600000, 0x0000000087710000)
  from space 4224K,   2% used [0x0000000087b30000, 0x0000000087b4a7c0, 0x0000000087f50000)
  to   space 4224K,   0% used [0x0000000087710000, 0x0000000087710000, 0x0000000087b30000)
 concurrent mark-sweep generation total 118092K, used 88142K [0x000000009a2c0000, 0x00000000a1613000, 0x0000000100000000)
 Metaspace       used 110576K, capacity 117175K, committed 119468K, reserved 1153024K
  class space    used 13442K, capacity 14656K, committed 15328K, reserved 1048576K
}
2021-01-20T11:41:16.995+0000: 64527.865: Total time for which application threads were stopped: 0.0063293 seconds, Stopping threads took: 0.0000948 seconds
{Heap before GC invocations=885 (full 6):
 par new generation   total 38080K, used 33961K [0x0000000085600000, 0x0000000087f50000, 0x000000009a2c0000)
  eden space 33856K, 100% used [0x0000000085600000, 0x0000000087710000, 0x0000000087710000)
  from space 4224K,   2% used [0x0000000087b30000, 0x0000000087b4a7c0, 0x0000000087f50000)
  to   space 4224K,   0% used [0x0000000087710000, 0x0000000087710000, 0x0000000087b30000)
 concurrent mark-sweep generation total 118092K, used 88142K [0x000000009a2c0000, 0x00000000a1613000, 0x0000000100000000)
 Metaspace       used 110576K, capacity 117175K, committed 119468K, reserved 1153024K
  class space    used 13442K, capacity 14656K, committed 15328K, reserved 1048576K
2021-01-20T11:42:56.208+0000: 64627.078: [GC (Allocation Failure) 2021-01-20T11:42:56.209+0000: 64627.078: [ParNew
Desired survivor size 2162688 bytes, new threshold 6 (max 6)
- age   1:      64288 bytes,      64288 total
- age   2:        120 bytes,      64408 total
- age   5:        112 bytes,      64520 total
- age   6:       1824 bytes,      66344 total
: 33961K->81K(38080K), 0.0058768 secs] 122104K->88224K(156172K), 0.0062081 secs] [Times: user=0.02 sys=0.00, real=0.00 secs] 
Heap after GC invocations=886 (full 6):
 par new generation   total 38080K, used 81K [0x0000000085600000, 0x0000000087f50000, 0x000000009a2c0000)
  eden space 33856K,   0% used [0x0000000085600000, 0x0000000085600000, 0x0000000087710000)
  from space 4224K,   1% used [0x0000000087710000, 0x00000000877246e8, 0x0000000087b30000)
  to   space 4224K,   0% used [0x0000000087b30000, 0x0000000087b30000, 0x0000000087f50000)
 concurrent mark-sweep generation total 118092K, used 88142K [0x000000009a2c0000, 0x00000000a1613000, 0x0000000100000000)
 Metaspace       used 110576K, capacity 117175K, committed 119468K, reserved 1153024K
  class space    used 13442K, capacity 14656K, committed 15328K, reserved 1048576K
}
2021-01-20T11:42:56.215+0000: 64627.084: Total time for which application threads were stopped: 0.0070341 seconds, Stopping threads took: 0.0000899 seconds
{Heap before GC invocations=886 (full 6):
 par new generation   total 38080K, used 33937K [0x0000000085600000, 0x0000000087f50000, 0x000000009a2c0000)
  eden space 33856K, 100% used [0x0000000085600000, 0x0000000087710000, 0x0000000087710000)
  from space 4224K,   1% used [0x0000000087710000, 0x00000000877246e8, 0x0000000087b30000)
  to   space 4224K,   0% used [0x0000000087b30000, 0x0000000087b30000, 0x0000000087f50000)
 concurrent mark-sweep generation total 118092K, used 88142K [0x000000009a2c0000, 0x00000000a1613000, 0x0000000100000000)
 Metaspace       used 110576K, capacity 117175K, committed 119468K, reserved 1153024K
  class space    used 13442K, capacity 14656K, committed 15328K, reserved 1048576K
2021-01-20T11:44:36.450+0000: 64727.320: [GC (Allocation Failure) 2021-01-20T11:44:36.450+0000: 64727.320: [ParNew
Desired survivor size 2162688 bytes, new threshold 6 (max 6)
- age   1:      28184 bytes,      28184 total
- age   2:        200 bytes,      28384 total
- age   6:        112 bytes,      28496 total
: 33937K->34K(38080K), 0.0048683 secs] 122080K->88178K(156172K), 0.0051380 secs] [Times: user=0.02 sys=0.00, real=0.01 secs] 
Heap after GC invocations=887 (full 6):
 par new generation   total 38080K, used 34K [0x0000000085600000, 0x0000000087f50000, 0x000000009a2c0000)
  eden space 33856K,   0% used [0x0000000085600000, 0x0000000085600000, 0x0000000087710000)
  from space 4224K,   0% used [0x0000000087b30000, 0x0000000087b38828, 0x0000000087f50000)
  to   space 4224K,   0% used [0x0000000087710000, 0x0000000087710000, 0x0000000087b30000)
 concurrent mark-sweep generation total 118092K, used 88144K [0x000000009a2c0000, 0x00000000a1613000, 0x0000000100000000)
 Metaspace       used 110576K, capacity 117175K, committed 119468K, reserved 1153024K
  class space    used 13442K, capacity 14656K, committed 15328K, reserved 1048576K
}
2021-01-20T11:44:36.455+0000: 64727.325: Total time for which application threads were stopped: 0.0058540 seconds, Stopping threads took: 0.0000708 seconds
{Heap before GC invocations=887 (full 6):
 par new generation   total 38080K, used 33890K [0x0000000085600000, 0x0000000087f50000, 0x000000009a2c0000)
  eden space 33856K, 100% used [0x0000000085600000, 0x0000000087710000, 0x0000000087710000)
  from space 4224K,   0% used [0x0000000087b30000, 0x0000000087b38828, 0x0000000087f50000)
  to   space 4224K,   0% used [0x0000000087710000, 0x0000000087710000, 0x0000000087b30000)
 concurrent mark-sweep generation total 118092K, used 88144K [0x000000009a2c0000, 0x00000000a1613000, 0x0000000100000000)
 Metaspace       used 110576K, capacity 117175K, committed 119468K, reserved 1153024K
  class space    used 13442K, capacity 14656K, committed 15328K, reserved 1048576K
2021-01-20T11:46:16.383+0000: 64827.252: [GC (Allocation Failure) 2021-01-20T11:46:16.383+0000: 64827.252: [ParNew
Desired survivor size 2162688 bytes, new threshold 6 (max 6)
- age   1:      30344 bytes,      30344 total
- age   2:         32 bytes,      30376 total
: 33890K->35K(38080K), 0.0057914 secs] 122034K->88179K(156172K), 0.0061194 secs] [Times: user=0.02 sys=0.00, real=0.01 secs] 
Heap after GC invocations=888 (full 6):
 par new generation   total 38080K, used 35K [0x0000000085600000, 0x0000000087f50000, 0x000000009a2c0000)
  eden space 33856K,   0% used [0x0000000085600000, 0x0000000085600000, 0x0000000087710000)
  from space 4224K,   0% used [0x0000000087710000, 0x0000000087718ce8, 0x0000000087b30000)
  to   space 4224K,   0% used [0x0000000087b30000, 0x0000000087b30000, 0x0000000087f50000)
 concurrent mark-sweep generation total 118092K, used 88144K [0x000000009a2c0000, 0x00000000a1613000, 0x0000000100000000)
 Metaspace       used 110576K, capacity 117175K, committed 119468K, reserved 1153024K
  class space    used 13442K, capacity 14656K, committed 15328K, reserved 1048576K
}
2021-01-20T11:46:16.389+0000: 64827.259: Total time for which application threads were stopped: 0.0070748 seconds, Stopping threads took: 0.0002137 seconds
{Heap before GC invocations=888 (full 6):
 par new generation   total 38080K, used 33891K [0x0000000085600000, 0x0000000087f50000, 0x000000009a2c0000)
  eden space 33856K, 100% used [0x0000000085600000, 0x0000000087710000, 0x0000000087710000)
  from space 4224K,   0% used [0x0000000087710000, 0x0000000087718ce8, 0x0000000087b30000)
  to   space 4224K,   0% used [0x0000000087b30000, 0x0000000087b30000, 0x0000000087f50000)
 concurrent mark-sweep generation total 118092K, used 88144K [0x000000009a2c0000, 0x00000000a1613000, 0x0000000100000000)
 Metaspace       used 110576K, capacity 117175K, committed 119468K, reserved 1153024K
  class space    used 13442K, capacity 14656K, committed 15328K, reserved 1048576K
2021-01-20T11:47:54.387+0000: 64925.256: [GC (Allocation Failure) 2021-01-20T11:47:54.387+0000: 64925.257: [ParNew
Desired survivor size 2162688 bytes, new threshold 6 (max 6)
- age   1:     134704 bytes,     134704 total
- age   2:        120 bytes,     134824 total
: 33891K->137K(38080K), 0.0050773 secs] 122035K->88282K(156172K), 0.0053768 secs] [Times: user=0.01 sys=0.00, real=0.01 secs] 
Heap after GC invocations=889 (full 6):
 par new generation   total 38080K, used 137K [0x0000000085600000, 0x0000000087f50000, 0x000000009a2c0000)
  eden space 33856K,   0% used [0x0000000085600000, 0x0000000085600000, 0x0000000087710000)
  from space 4224K,   3% used [0x0000000087b30000, 0x0000000087b52618, 0x0000000087f50000)
  to   space 4224K,   0% used [0x0000000087710000, 0x0000000087710000, 0x0000000087b30000)
 concurrent mark-sweep generation total 118092K, used 88144K [0x000000009a2c0000, 0x00000000a1613000, 0x0000000100000000)
 Metaspace       used 110576K, capacity 117175K, committed 119468K, reserved 1153024K
  class space    used 13442K, capacity 14656K, committed 15328K, reserved 1048576K
}
2021-01-20T11:47:54.392+0000: 64925.262: Total time for which application threads were stopped: 0.0060825 seconds, Stopping threads took: 0.0000696 seconds
{Heap before GC invocations=889 (full 6):
 par new generation   total 38080K, used 33993K [0x0000000085600000, 0x0000000087f50000, 0x000000009a2c0000)
  eden space 33856K, 100% used [0x0000000085600000, 0x0000000087710000, 0x0000000087710000)
  from space 4224K,   3% used [0x0000000087b30000, 0x0000000087b52618, 0x0000000087f50000)
  to   space 4224K,   0% used [0x0000000087710000, 0x0000000087710000, 0x0000000087b30000)
 concurrent mark-sweep generation total 118092K, used 88144K [0x000000009a2c0000, 0x00000000a1613000, 0x0000000100000000)
 Metaspace       used 110576K, capacity 117175K, committed 119468K, reserved 1153024K
  class space    used 13442K, capacity 14656K, committed 15328K, reserved 1048576K
2021-01-20T11:49:35.064+0000: 65025.933: [GC (Allocation Failure) 2021-01-20T11:49:35.064+0000: 65025.933: [ParNew
Desired survivor size 2162688 bytes, new threshold 6 (max 6)
- age   1:      30608 bytes,      30608 total
- age   2:      37096 bytes,      67704 total
: 33993K->70K(38080K), 0.0049788 secs] 122138K->88214K(156172K), 0.0052520 secs] [Times: user=0.02 sys=0.00, real=0.01 secs] 
Heap after GC invocations=890 (full 6):
 par new generation   total 38080K, used 70K [0x0000000085600000, 0x0000000087f50000, 0x000000009a2c0000)
  eden space 33856K,   0% used [0x0000000085600000, 0x0000000085600000, 0x0000000087710000)
  from space 4224K,   1% used [0x0000000087710000, 0x00000000877218e0, 0x0000000087b30000)
  to   space 4224K,   0% used [0x0000000087b30000, 0x0000000087b30000, 0x0000000087f50000)
 concurrent mark-sweep generation total 118092K, used 88144K [0x000000009a2c0000, 0x00000000a1613000, 0x0000000100000000)
 Metaspace       used 110576K, capacity 117175K, committed 119468K, reserved 1153024K
  class space    used 13442K, capacity 14656K, committed 15328K, reserved 1048576K
}
2021-01-20T11:49:35.069+0000: 65025.939: Total time for which application threads were stopped: 0.0060225 seconds, Stopping threads took: 0.0000768 seconds
2021-01-20T11:50:17.078+0000: 65067.948: Total time for which application threads were stopped: 0.0004303 seconds, Stopping threads took: 0.0000735 seconds
{Heap before GC invocations=890 (full 6):
 par new generation   total 38080K, used 33926K [0x0000000085600000, 0x0000000087f50000, 0x000000009a2c0000)
  eden space 33856K, 100% used [0x0000000085600000, 0x0000000087710000, 0x0000000087710000)
  from space 4224K,   1% used [0x0000000087710000, 0x00000000877218e0, 0x0000000087b30000)
  to   space 4224K,   0% used [0x0000000087b30000, 0x0000000087b30000, 0x0000000087f50000)
 concurrent mark-sweep generation total 118092K, used 88144K [0x000000009a2c0000, 0x00000000a1613000, 0x0000000100000000)
 Metaspace       used 110576K, capacity 117175K, committed 119468K, reserved 1153024K
  class space    used 13442K, capacity 14656K, committed 15328K, reserved 1048576K
2021-01-20T11:51:14.784+0000: 65125.654: [GC (Allocation Failure) 2021-01-20T11:51:14.785+0000: 65125.654: [ParNew
Desired survivor size 2162688 bytes, new threshold 6 (max 6)
- age   1:      65864 bytes,      65864 total
- age   2:        496 bytes,      66360 total
- age   3:      36632 bytes,     102992 total
: 33926K->106K(38080K), 0.0051248 secs] 122070K->88250K(156172K), 0.0053947 secs] [Times: user=0.01 sys=0.00, real=0.01 secs] 
Heap after GC invocations=891 (full 6):
 par new generation   total 38080K, used 106K [0x0000000085600000, 0x0000000087f50000, 0x000000009a2c0000)
  eden space 33856K,   0% used [0x0000000085600000, 0x0000000085600000, 0x0000000087710000)
  from space 4224K,   2% used [0x0000000087b30000, 0x0000000087b4a958, 0x0000000087f50000)
  to   space 4224K,   0% used [0x0000000087710000, 0x0000000087710000, 0x0000000087b30000)
 concurrent mark-sweep generation total 118092K, used 88144K [0x000000009a2c0000, 0x00000000a1613000, 0x0000000100000000)
 Metaspace       used 110576K, capacity 117175K, committed 119468K, reserved 1153024K
  class space    used 13442K, capacity 14656K, committed 15328K, reserved 1048576K
}
2021-01-20T11:51:14.790+0000: 65125.659: Total time for which application threads were stopped: 0.0061502 seconds, Stopping threads took: 0.0000776 seconds
2021-01-20T11:52:17.804+0000: 65188.673: Total time for which application threads were stopped: 0.0004339 seconds, Stopping threads took: 0.0000708 seconds
{Heap before GC invocations=891 (full 6):
 par new generation   total 38080K, used 33962K [0x0000000085600000, 0x0000000087f50000, 0x000000009a2c0000)
  eden space 33856K, 100% used [0x0000000085600000, 0x0000000087710000, 0x0000000087710000)
  from space 4224K,   2% used [0x0000000087b30000, 0x0000000087b4a958, 0x0000000087f50000)
  to   space 4224K,   0% used [0x0000000087710000, 0x0000000087710000, 0x0000000087b30000)
 concurrent mark-sweep generation total 118092K, used 88144K [0x000000009a2c0000, 0x00000000a1613000, 0x0000000100000000)
 Metaspace       used 110576K, capacity 117175K, committed 119468K, reserved 1153024K
  class space    used 13442K, capacity 14656K, committed 15328K, reserved 1048576K
2021-01-20T11:52:52.921+0000: 65223.790: [GC (Allocation Failure) 2021-01-20T11:52:52.921+0000: 65223.791: [ParNew
Desired survivor size 2162688 bytes, new threshold 6 (max 6)
- age   1:     100832 bytes,     100832 total
- age   2:      33736 bytes,     134568 total
- age   3:        344 bytes,     134912 total
- age   4:      36464 bytes,     171376 total
: 33962K->173K(38080K), 0.0050397 secs] 122106K->88317K(156172K), 0.0053229 secs] [Times: user=0.02 sys=0.00, real=0.00 secs] 
Heap after GC invocations=892 (full 6):
 par new generation   total 38080K, used 173K [0x0000000085600000, 0x0000000087f50000, 0x000000009a2c0000)
  eden space 33856K,   0% used [0x0000000085600000, 0x0000000085600000, 0x0000000087710000)
  from space 4224K,   4% used [0x0000000087710000, 0x000000008773b458, 0x0000000087b30000)
  to   space 4224K,   0% used [0x0000000087b30000, 0x0000000087b30000, 0x0000000087f50000)
 concurrent mark-sweep generation total 118092K, used 88144K [0x000000009a2c0000, 0x00000000a1613000, 0x0000000100000000)
 Metaspace       used 110576K, capacity 117175K, committed 119468K, reserved 1153024K
  class space    used 13442K, capacity 14656K, committed 15328K, reserved 1048576K
}
2021-01-20T11:52:52.926+0000: 65223.796: Total time for which application threads were stopped: 0.0061877 seconds, Stopping threads took: 0.0001970 seconds
2021-01-20T11:53:45.938+0000: 65276.807: Total time for which application threads were stopped: 0.0005028 seconds, Stopping threads took: 0.0000832 seconds
{Heap before GC invocations=892 (full 6):
 par new generation   total 38080K, used 34029K [0x0000000085600000, 0x0000000087f50000, 0x000000009a2c0000)
  eden space 33856K, 100% used [0x0000000085600000, 0x0000000087710000, 0x0000000087710000)
  from space 4224K,   4% used [0x0000000087710000, 0x000000008773b458, 0x0000000087b30000)
  to   space 4224K,   0% used [0x0000000087b30000, 0x0000000087b30000, 0x0000000087f50000)
 concurrent mark-sweep generation total 118092K, used 88144K [0x000000009a2c0000, 0x00000000a1613000, 0x0000000100000000)
 Metaspace       used 110576K, capacity 117175K, committed 119468K, reserved 1153024K
  class space    used 13442K, capacity 14656K, committed 15328K, reserved 1048576K
2021-01-20T11:54:33.711+0000: 65324.580: [GC (Allocation Failure) 2021-01-20T11:54:33.711+0000: 65324.580: [ParNew
Desired survivor size 2162688 bytes, new threshold 6 (max 6)
- age   1:      30336 bytes,      30336 total
- age   2:       1768 bytes,      32104 total
- age   3:      33736 bytes,      65840 total
- age   4:        312 bytes,      66152 total
- age   5:      36248 bytes,     102400 total
: 34029K->107K(38080K), 0.0053362 secs] 122173K->88252K(156172K), 0.0056028 secs] [Times: user=0.01 sys=0.00, real=0.01 secs] 
Heap after GC invocations=893 (full 6):
 par new generation   total 38080K, used 107K [0x0000000085600000, 0x0000000087f50000, 0x000000009a2c0000)
  eden space 33856K,   0% used [0x0000000085600000, 0x0000000085600000, 0x0000000087710000)
  from space 4224K,   2% used [0x0000000087b30000, 0x0000000087b4aea8, 0x0000000087f50000)
  to   space 4224K,   0% used [0x0000000087710000, 0x0000000087710000, 0x0000000087b30000)
 concurrent mark-sweep generation total 118092K, used 88144K [0x000000009a2c0000, 0x00000000a1613000, 0x0000000100000000)
 Metaspace       used 110576K, capacity 117175K, committed 119468K, reserved 1153024K
  class space    used 13442K, capacity 14656K, committed 15328K, reserved 1048576K
}
2021-01-20T11:54:33.716+0000: 65324.586: Total time for which application threads were stopped: 0.0063694 seconds, Stopping threads took: 0.0000763 seconds
{Heap before GC invocations=893 (full 6):
 par new generation   total 38080K, used 33963K [0x0000000085600000, 0x0000000087f50000, 0x000000009a2c0000)
  eden space 33856K, 100% used [0x0000000085600000, 0x0000000087710000, 0x0000000087710000)
  from space 4224K,   2% used [0x0000000087b30000, 0x0000000087b4aea8, 0x0000000087f50000)
  to   space 4224K,   0% used [0x0000000087710000, 0x0000000087710000, 0x0000000087b30000)
 concurrent mark-sweep generation total 118092K, used 88144K [0x000000009a2c0000, 0x00000000a1613000, 0x0000000100000000)
 Metaspace       used 110577K, capacity 117175K, committed 119468K, reserved 1153024K
  class space    used 13442K, capacity 14656K, committed 15328K, reserved 1048576K
2021-01-20T11:56:13.085+0000: 65423.954: [GC (Allocation Failure) 2021-01-20T11:56:13.085+0000: 65423.954: [ParNew
Desired survivor size 2162688 bytes, new threshold 6 (max 6)
- age   1:      32240 bytes,      32240 total
- age   2:        152 bytes,      32392 total
- age   3:       1608 bytes,      34000 total
- age   6:       2032 bytes,      36032 total
: 33963K->46K(38080K), 0.0050433 secs] 122108K->88190K(156172K), 0.0053174 secs] [Times: user=0.02 sys=0.00, real=0.01 secs] 
Heap after GC invocations=894 (full 6):
 par new generation   total 38080K, used 46K [0x0000000085600000, 0x0000000087f50000, 0x000000009a2c0000)
  eden space 33856K,   0% used [0x0000000085600000, 0x0000000085600000, 0x0000000087710000)
  from space 4224K,   1% used [0x0000000087710000, 0x000000008771b898, 0x0000000087b30000)
  to   space 4224K,   0% used [0x0000000087b30000, 0x0000000087b30000, 0x0000000087f50000)
 concurrent mark-sweep generation total 118092K, used 88144K [0x000000009a2c0000, 0x00000000a1613000, 0x0000000100000000)
 Metaspace       used 110577K, capacity 117175K, committed 119468K, reserved 1153024K
  class space    used 13442K, capacity 14656K, committed 15328K, reserved 1048576K
}
2021-01-20T11:56:13.090+0000: 65423.960: Total time for which application threads were stopped: 0.0060174 seconds, Stopping threads took: 0.0000770 seconds
{Heap before GC invocations=894 (full 6):
 par new generation   total 38080K, used 33830K [0x0000000085600000, 0x0000000087f50000, 0x000000009a2c0000)
  eden space 33856K,  99% used [0x0000000085600000, 0x00000000876fe0a0, 0x0000000087710000)
  from space 4224K,   1% used [0x0000000087710000, 0x000000008771b898, 0x0000000087b30000)
  to   space 4224K,   0% used [0x0000000087b30000, 0x0000000087b30000, 0x0000000087f50000)
 concurrent mark-sweep generation total 118092K, used 88144K [0x000000009a2c0000, 0x00000000a1613000, 0x0000000100000000)
 Metaspace       used 110577K, capacity 117175K, committed 119468K, reserved 1153024K
  class space    used 13442K, capacity 14656K, committed 15328K, reserved 1048576K
2021-01-20T11:57:50.990+0000: 65521.859: [GC (Allocation Failure) 2021-01-20T11:57:50.990+0000: 65521.859: [ParNew
Desired survivor size 2162688 bytes, new threshold 6 (max 6)
- age   1:      97888 bytes,      97888 total
- age   2:       1208 bytes,      99096 total
- age   4:       1608 bytes,     100704 total
: 33830K->108K(38080K), 0.0050994 secs] 121974K->88254K(156172K), 0.0053607 secs] [Times: user=0.02 sys=0.00, real=0.00 secs] 
Heap after GC invocations=895 (full 6):
 par new generation   total 38080K, used 108K [0x0000000085600000, 0x0000000087f50000, 0x000000009a2c0000)
  eden space 33856K,   0% used [0x0000000085600000, 0x0000000085600000, 0x0000000087710000)
  from space 4224K,   2% used [0x0000000087b30000, 0x0000000087b4b168, 0x0000000087f50000)
  to   space 4224K,   0% used [0x0000000087710000, 0x0000000087710000, 0x0000000087b30000)
 concurrent mark-sweep generation total 118092K, used 88146K [0x000000009a2c0000, 0x00000000a1613000, 0x0000000100000000)
 Metaspace       used 110577K, capacity 117175K, committed 119468K, reserved 1153024K
  class space    used 13442K, capacity 14656K, committed 15328K, reserved 1048576K
}
2021-01-20T11:57:50.995+0000: 65521.865: Total time for which application threads were stopped: 0.0060704 seconds, Stopping threads took: 0.0000789 seconds
{Heap before GC invocations=895 (full 6):
 par new generation   total 38080K, used 33964K [0x0000000085600000, 0x0000000087f50000, 0x000000009a2c0000)
  eden space 33856K, 100% used [0x0000000085600000, 0x0000000087710000, 0x0000000087710000)
  from space 4224K,   2% used [0x0000000087b30000, 0x0000000087b4b168, 0x0000000087f50000)
  to   space 4224K,   0% used [0x0000000087710000, 0x0000000087710000, 0x0000000087b30000)
 concurrent mark-sweep generation total 118092K, used 88146K [0x000000009a2c0000, 0x00000000a1613000, 0x0000000100000000)
 Metaspace       used 110577K, capacity 117175K, committed 119468K, reserved 1153024K
  class space    used 13442K, capacity 14656K, committed 15328K, reserved 1048576K
2021-01-20T11:59:32.267+0000: 65623.136: [GC (Allocation Failure) 2021-01-20T11:59:32.267+0000: 65623.136: [ParNew
Desired survivor size 2162688 bytes, new threshold 6 (max 6)
- age   1:      28616 bytes,      28616 total
- age   2:        200 bytes,      28816 total
- age   3:       1208 bytes,      30024 total
- age   5:       1608 bytes,      31632 total
: 33964K->43K(38080K), 0.0059292 secs] 122110K->88189K(156172K), 0.0062208 secs] [Times: user=0.02 sys=0.00, real=0.01 secs] 
Heap after GC invocations=896 (full 6):
 par new generation   total 38080K, used 43K [0x0000000085600000, 0x0000000087f50000, 0x000000009a2c0000)
  eden space 33856K,   0% used [0x0000000085600000, 0x0000000085600000, 0x0000000087710000)
  from space 4224K,   1% used [0x0000000087710000, 0x000000008771ac38, 0x0000000087b30000)
  to   space 4224K,   0% used [0x0000000087b30000, 0x0000000087b30000, 0x0000000087f50000)
 concurrent mark-sweep generation total 118092K, used 88146K [0x000000009a2c0000, 0x00000000a1613000, 0x0000000100000000)
 Metaspace       used 110577K, capacity 117175K, committed 119468K, reserved 1153024K
  class space    used 13442K, capacity 14656K, committed 15328K, reserved 1048576K
}
2021-01-20T11:59:32.273+0000: 65623.142: Total time for which application threads were stopped: 0.0069600 seconds, Stopping threads took: 0.0000804 seconds
{Heap before GC invocations=896 (full 6):
 par new generation   total 38080K, used 33899K [0x0000000085600000, 0x0000000087f50000, 0x000000009a2c0000)
  eden space 33856K, 100% used [0x0000000085600000, 0x0000000087710000, 0x0000000087710000)
  from space 4224K,   1% used [0x0000000087710000, 0x000000008771ac38, 0x0000000087b30000)
  to   space 4224K,   0% used [0x0000000087b30000, 0x0000000087b30000, 0x0000000087f50000)
 concurrent mark-sweep generation total 118092K, used 88146K [0x000000009a2c0000, 0x00000000a1613000, 0x0000000100000000)
 Metaspace       used 110577K, capacity 117175K, committed 119468K, reserved 1153024K
  class space    used 13442K, capacity 14656K, committed 15328K, reserved 1048576K
2021-01-20T12:01:12.250+0000: 65723.120: [GC (Allocation Failure) 2021-01-20T12:01:12.250+0000: 65723.120: [ParNew
Desired survivor size 2162688 bytes, new threshold 6 (max 6)
- age   1:      30048 bytes,      30048 total
- age   2:        152 bytes,      30200 total
- age   4:       1208 bytes,      31408 total
- age   6:       1608 bytes,      33016 total
: 33899K->38K(38080K), 0.0054505 secs] 122045K->88185K(156172K), 0.0056389 secs] [Times: user=0.02 sys=0.00, real=0.01 secs] 
Heap after GC invocations=897 (full 6):
 par new generation   total 38080K, used 38K [0x0000000085600000, 0x0000000087f50000, 0x000000009a2c0000)
  eden space 33856K,   0% used [0x0000000085600000, 0x0000000085600000, 0x0000000087710000)
  from space 4224K,   0% used [0x0000000087b30000, 0x0000000087b39978, 0x0000000087f50000)
  to   space 4224K,   0% used [0x0000000087710000, 0x0000000087710000, 0x0000000087b30000)
 concurrent mark-sweep generation total 118092K, used 88146K [0x000000009a2c0000, 0x00000000a1613000, 0x0000000100000000)
 Metaspace       used 110577K, capacity 117175K, committed 119468K, reserved 1153024K
  class space    used 13442K, capacity 14656K, committed 15328K, reserved 1048576K
}
2021-01-20T12:01:12.256+0000: 65723.125: Total time for which application threads were stopped: 0.0061992 seconds, Stopping threads took: 0.0000781 seconds
{Heap before GC invocations=897 (full 6):
 par new generation   total 38080K, used 33894K [0x0000000085600000, 0x0000000087f50000, 0x000000009a2c0000)
  eden space 33856K, 100% used [0x0000000085600000, 0x0000000087710000, 0x0000000087710000)
  from space 4224K,   0% used [0x0000000087b30000, 0x0000000087b39978, 0x0000000087f50000)
  to   space 4224K,   0% used [0x0000000087710000, 0x0000000087710000, 0x0000000087b30000)
 concurrent mark-sweep generation total 118092K, used 88146K [0x000000009a2c0000, 0x00000000a1613000, 0x0000000100000000)
 Metaspace       used 110577K, capacity 117175K, committed 119468K, reserved 1153024K
  class space    used 13442K, capacity 14656K, committed 15328K, reserved 1048576K
2021-01-20T12:02:50.424+0000: 65821.294: [GC (Allocation Failure) 2021-01-20T12:02:50.424+0000: 65821.294: [ParNew
Desired survivor size 2162688 bytes, new threshold 6 (max 6)
- age   1:      97736 bytes,      97736 total
- age   5:       1208 bytes,      98944 total
: 33894K->105K(38080K), 0.0051381 secs] 122041K->88253K(156172K), 0.0054372 secs] [Times: user=0.02 sys=0.00, real=0.01 secs] 
Heap after GC invocations=898 (full 6):
 par new generation   total 38080K, used 105K [0x0000000085600000, 0x0000000087f50000, 0x000000009a2c0000)
  eden space 33856K,   0% used [0x0000000085600000, 0x0000000085600000, 0x0000000087710000)
  from space 4224K,   2% used [0x0000000087710000, 0x000000008772a670, 0x0000000087b30000)
  to   space 4224K,   0% used [0x0000000087b30000, 0x0000000087b30000, 0x0000000087f50000)
 concurrent mark-sweep generation total 118092K, used 88148K [0x000000009a2c0000, 0x00000000a1613000, 0x0000000100000000)
 Metaspace       used 110577K, capacity 117175K, committed 119468K, reserved 1153024K
  class space    used 13442K, capacity 14656K, committed 15328K, reserved 1048576K
}
2021-01-20T12:02:50.430+0000: 65821.299: Total time for which application threads were stopped: 0.0061682 seconds, Stopping threads took: 0.0000761 seconds
{Heap before GC invocations=898 (full 6):
 par new generation   total 38080K, used 33961K [0x0000000085600000, 0x0000000087f50000, 0x000000009a2c0000)
  eden space 33856K, 100% used [0x0000000085600000, 0x0000000087710000, 0x0000000087710000)
  from space 4224K,   2% used [0x0000000087710000, 0x000000008772a670, 0x0000000087b30000)
  to   space 4224K,   0% used [0x0000000087b30000, 0x0000000087b30000, 0x0000000087f50000)
 concurrent mark-sweep generation total 118092K, used 88148K [0x000000009a2c0000, 0x00000000a1613000, 0x0000000100000000)
 Metaspace       used 110577K, capacity 117175K, committed 119468K, reserved 1153024K
  class space    used 13442K, capacity 14656K, committed 15328K, reserved 1048576K
2021-01-20T12:04:31.175+0000: 65922.044: [GC (Allocation Failure) 2021-01-20T12:04:31.175+0000: 65922.044: [ParNew
Desired survivor size 2162688 bytes, new threshold 6 (max 6)
- age   1:      28616 bytes,      28616 total
- age   2:        152 bytes,      28768 total
- age   6:       1208 bytes,      29976 total
: 33961K->38K(38080K), 0.0031050 secs] 122109K->88186K(156172K), 0.0032777 secs] [Times: user=0.02 sys=0.00, real=0.01 secs] 
Heap after GC invocations=899 (full 6):
 par new generation   total 38080K, used 38K [0x0000000085600000, 0x0000000087f50000, 0x000000009a2c0000)
  eden space 33856K,   0% used [0x0000000085600000, 0x0000000085600000, 0x0000000087710000)
  from space 4224K,   0% used [0x0000000087b30000, 0x0000000087b39a68, 0x0000000087f50000)
  to   space 4224K,   0% used [0x0000000087710000, 0x0000000087710000, 0x0000000087b30000)
 concurrent mark-sweep generation total 118092K, used 88148K [0x000000009a2c0000, 0x00000000a1613000, 0x0000000100000000)
 Metaspace       used 110577K, capacity 117175K, committed 119468K, reserved 1153024K
  class space    used 13442K, capacity 14656K, committed 15328K, reserved 1048576K
}
2021-01-20T12:04:31.178+0000: 65922.048: Total time for which application threads were stopped: 0.0037302 seconds, Stopping threads took: 0.0000463 seconds
{Heap before GC invocations=899 (full 6):
 par new generation   total 38080K, used 33894K [0x0000000085600000, 0x0000000087f50000, 0x000000009a2c0000)
  eden space 33856K, 100% used [0x0000000085600000, 0x0000000087710000, 0x0000000087710000)
  from space 4224K,   0% used [0x0000000087b30000, 0x0000000087b39a68, 0x0000000087f50000)
  to   space 4224K,   0% used [0x0000000087710000, 0x0000000087710000, 0x0000000087b30000)
 concurrent mark-sweep generation total 118092K, used 88148K [0x000000009a2c0000, 0x00000000a1613000, 0x0000000100000000)
 Metaspace       used 110577K, capacity 117175K, committed 119468K, reserved 1153024K
  class space    used 13442K, capacity 14656K, committed 15328K, reserved 1048576K
2021-01-20T12:06:10.817+0000: 66021.687: [GC (Allocation Failure) 2021-01-20T12:06:10.817+0000: 66021.687: [ParNew
Desired survivor size 2162688 bytes, new threshold 6 (max 6)
- age   1:      30384 bytes,      30384 total
- age   2:        152 bytes,      30536 total
: 33894K->31K(38080K), 0.0053170 secs] 122042K->88181K(156172K), 0.0056321 secs] [Times: user=0.02 sys=0.00, real=0.00 secs] 
Heap after GC invocations=900 (full 6):
 par new generation   total 38080K, used 31K [0x0000000085600000, 0x0000000087f50000, 0x000000009a2c0000)
  eden space 33856K,   0% used [0x0000000085600000, 0x0000000085600000, 0x0000000087710000)
  from space 4224K,   0% used [0x0000000087710000, 0x0000000087717f38, 0x0000000087b30000)
  to   space 4224K,   0% used [0x0000000087b30000, 0x0000000087b30000, 0x0000000087f50000)
 concurrent mark-sweep generation total 118092K, used 88149K [0x000000009a2c0000, 0x00000000a1613000, 0x0000000100000000)
 Metaspace       used 110577K, capacity 117175K, committed 119468K, reserved 1153024K
  class space    used 13442K, capacity 14656K, committed 15328K, reserved 1048576K
}
2021-01-20T12:06:10.823+0000: 66021.692: Total time for which application threads were stopped: 0.0063233 seconds, Stopping threads took: 0.0000766 seconds
{Heap before GC invocations=900 (full 6):
 par new generation   total 38080K, used 33887K [0x0000000085600000, 0x0000000087f50000, 0x000000009a2c0000)
  eden space 33856K, 100% used [0x0000000085600000, 0x0000000087710000, 0x0000000087710000)
  from space 4224K,   0% used [0x0000000087710000, 0x0000000087717f38, 0x0000000087b30000)
  to   space 4224K,   0% used [0x0000000087b30000, 0x0000000087b30000, 0x0000000087f50000)
 concurrent mark-sweep generation total 118092K, used 88149K [0x000000009a2c0000, 0x00000000a1613000, 0x0000000100000000)
 Metaspace       used 110577K, capacity 117175K, committed 119468K, reserved 1153024K
  class space    used 13442K, capacity 14656K, committed 15328K, reserved 1048576K
2021-01-20T12:07:48.885+0000: 66119.755: [GC (Allocation Failure) 2021-01-20T12:07:48.886+0000: 66119.755: [ParNew
Desired survivor size 2162688 bytes, new threshold 6 (max 6)
- age   1:      97624 bytes,      97624 total
: 33887K->96K(38080K), 0.0150465 secs] 122037K->88246K(156172K), 0.0153875 secs] [Times: user=0.03 sys=0.00, real=0.02 secs] 
Heap after GC invocations=901 (full 6):
 par new generation   total 38080K, used 96K [0x0000000085600000, 0x0000000087f50000, 0x000000009a2c0000)
  eden space 33856K,   0% used [0x0000000085600000, 0x0000000085600000, 0x0000000087710000)
  from space 4224K,   2% used [0x0000000087b30000, 0x0000000087b483c8, 0x0000000087f50000)
  to   space 4224K,   0% used [0x0000000087710000, 0x0000000087710000, 0x0000000087b30000)
 concurrent mark-sweep generation total 118092K, used 88149K [0x000000009a2c0000, 0x00000000a1613000, 0x0000000100000000)
 Metaspace       used 110577K, capacity 117175K, committed 119468K, reserved 1153024K
  class space    used 13442K, capacity 14656K, committed 15328K, reserved 1048576K
}
2021-01-20T12:07:48.901+0000: 66119.770: Total time for which application threads were stopped: 0.0165406 seconds, Stopping threads took: 0.0001160 seconds
{Heap before GC invocations=901 (full 6):
 par new generation   total 38080K, used 33952K [0x0000000085600000, 0x0000000087f50000, 0x000000009a2c0000)
  eden space 33856K, 100% used [0x0000000085600000, 0x0000000087710000, 0x0000000087710000)
  from space 4224K,   2% used [0x0000000087b30000, 0x0000000087b483c8, 0x0000000087f50000)
  to   space 4224K,   0% used [0x0000000087710000, 0x0000000087710000, 0x0000000087b30000)
 concurrent mark-sweep generation total 118092K, used 88149K [0x000000009a2c0000, 0x00000000a1613000, 0x0000000100000000)
 Metaspace       used 110577K, capacity 117175K, committed 119468K, reserved 1153024K
  class space    used 13442K, capacity 14656K, committed 15328K, reserved 1048576K
2021-01-20T12:09:29.767+0000: 66220.637: [GC (Allocation Failure) 2021-01-20T12:09:29.767+0000: 66220.637: [ParNew
Desired survivor size 2162688 bytes, new threshold 6 (max 6)
- age   1:      28688 bytes,      28688 total
- age   2:        168 bytes,      28856 total
: 33952K->32K(38080K), 0.0114863 secs] 122102K->88182K(156172K), 0.0119697 secs] [Times: user=0.02 sys=0.00, real=0.02 secs] 
Heap after GC invocations=902 (full 6):
 par new generation   total 38080K, used 32K [0x0000000085600000, 0x0000000087f50000, 0x000000009a2c0000)
  eden space 33856K,   0% used [0x0000000085600000, 0x0000000085600000, 0x0000000087710000)
  from space 4224K,   0% used [0x0000000087710000, 0x0000000087718278, 0x0000000087b30000)
  to   space 4224K,   0% used [0x0000000087b30000, 0x0000000087b30000, 0x0000000087f50000)
 concurrent mark-sweep generation total 118092K, used 88149K [0x000000009a2c0000, 0x00000000a1613000, 0x0000000100000000)
 Metaspace       used 110577K, capacity 117175K, committed 119468K, reserved 1153024K
  class space    used 13442K, capacity 14656K, committed 15328K, reserved 1048576K
}
2021-01-20T12:09:29.779+0000: 66220.649: Total time for which application threads were stopped: 0.0129581 seconds, Stopping threads took: 0.0000919 seconds
{Heap before GC invocations=902 (full 6):
 par new generation   total 38080K, used 33888K [0x0000000085600000, 0x0000000087f50000, 0x000000009a2c0000)
  eden space 33856K, 100% used [0x0000000085600000, 0x0000000087710000, 0x0000000087710000)
  from space 4224K,   0% used [0x0000000087710000, 0x0000000087718278, 0x0000000087b30000)
  to   space 4224K,   0% used [0x0000000087b30000, 0x0000000087b30000, 0x0000000087f50000)
 concurrent mark-sweep generation total 118092K, used 88149K [0x000000009a2c0000, 0x00000000a1613000, 0x0000000100000000)
 Metaspace       used 110577K, capacity 117175K, committed 119468K, reserved 1153024K
  class space    used 13442K, capacity 14656K, committed 15328K, reserved 1048576K
2021-01-20T12:11:09.933+0000: 66320.803: [GC (Allocation Failure) 2021-01-20T12:11:09.933+0000: 66320.803: [ParNew
Desired survivor size 2162688 bytes, new threshold 6 (max 6)
- age   1:      30432 bytes,      30432 total
- age   2:        152 bytes,      30584 total
: 33888K->36K(38080K), 0.0051782 secs] 122038K->88186K(156172K), 0.0055138 secs] [Times: user=0.01 sys=0.00, real=0.01 secs] 
Heap after GC invocations=903 (full 6):
 par new generation   total 38080K, used 36K [0x0000000085600000, 0x0000000087f50000, 0x000000009a2c0000)
  eden space 33856K,   0% used [0x0000000085600000, 0x0000000085600000, 0x0000000087710000)
  from space 4224K,   0% used [0x0000000087b30000, 0x0000000087b39278, 0x0000000087f50000)
  to   space 4224K,   0% used [0x0000000087710000, 0x0000000087710000, 0x0000000087b30000)
 concurrent mark-sweep generation total 118092K, used 88149K [0x000000009a2c0000, 0x00000000a1613000, 0x0000000100000000)
 Metaspace       used 110577K, capacity 117175K, committed 119468K, reserved 1153024K
  class space    used 13442K, capacity 14656K, committed 15328K, reserved 1048576K
}
2021-01-20T12:11:09.939+0000: 66320.808: Total time for which application threads were stopped: 0.0095781 seconds, Stopping threads took: 0.0032986 seconds
{Heap before GC invocations=903 (full 6):
 par new generation   total 38080K, used 33892K [0x0000000085600000, 0x0000000087f50000, 0x000000009a2c0000)
  eden space 33856K, 100% used [0x0000000085600000, 0x0000000087710000, 0x0000000087710000)
  from space 4224K,   0% used [0x0000000087b30000, 0x0000000087b39278, 0x0000000087f50000)
  to   space 4224K,   0% used [0x0000000087710000, 0x0000000087710000, 0x0000000087b30000)
 concurrent mark-sweep generation total 118092K, used 88149K [0x000000009a2c0000, 0x00000000a1613000, 0x0000000100000000)
 Metaspace       used 110577K, capacity 117175K, committed 119468K, reserved 1153024K
  class space    used 13442K, capacity 14656K, committed 15328K, reserved 1048576K
2021-01-20T12:12:48.035+0000: 66418.904: [GC (Allocation Failure) 2021-01-20T12:12:48.035+0000: 66418.904: [ParNew
Desired survivor size 2162688 bytes, new threshold 6 (max 6)
- age   1:      97680 bytes,      97680 total
- age   2:         32 bytes,      97712 total
: 33892K->100K(38080K), 0.0044565 secs] 122042K->88250K(156172K), 0.0047038 secs] [Times: user=0.01 sys=0.00, real=0.01 secs] 
Heap after GC invocations=904 (full 6):
 par new generation   total 38080K, used 100K [0x0000000085600000, 0x0000000087f50000, 0x000000009a2c0000)
  eden space 33856K,   0% used [0x0000000085600000, 0x0000000085600000, 0x0000000087710000)
  from space 4224K,   2% used [0x0000000087710000, 0x0000000087729388, 0x0000000087b30000)
  to   space 4224K,   0% used [0x0000000087b30000, 0x0000000087b30000, 0x0000000087f50000)
 concurrent mark-sweep generation total 118092K, used 88149K [0x000000009a2c0000, 0x00000000a1613000, 0x0000000100000000)
 Metaspace       used 110577K, capacity 117175K, committed 119468K, reserved 1153024K
  class space    used 13442K, capacity 14656K, committed 15328K, reserved 1048576K
}
2021-01-20T12:12:48.040+0000: 66418.909: Total time for which application threads were stopped: 0.0053622 seconds, Stopping threads took: 0.0000886 seconds
{Heap before GC invocations=904 (full 6):
 par new generation   total 38080K, used 33956K [0x0000000085600000, 0x0000000087f50000, 0x000000009a2c0000)
  eden space 33856K, 100% used [0x0000000085600000, 0x0000000087710000, 0x0000000087710000)
  from space 4224K,   2% used [0x0000000087710000, 0x0000000087729388, 0x0000000087b30000)
  to   space 4224K,   0% used [0x0000000087b30000, 0x0000000087b30000, 0x0000000087f50000)
 concurrent mark-sweep generation total 118092K, used 88149K [0x000000009a2c0000, 0x00000000a1613000, 0x0000000100000000)
 Metaspace       used 110577K, capacity 117175K, committed 119468K, reserved 1153024K
  class space    used 13442K, capacity 14656K, committed 15328K, reserved 1048576K
2021-01-20T12:14:28.970+0000: 66519.839: [GC (Allocation Failure) 2021-01-20T12:14:28.970+0000: 66519.839: [ParNew
Desired survivor size 2162688 bytes, new threshold 6 (max 6)
- age   1:      28688 bytes,      28688 total
- age   2:        120 bytes,      28808 total
: 33956K->32K(38080K), 0.0045859 secs] 122106K->88182K(156172K), 0.0047702 secs] [Times: user=0.02 sys=0.00, real=0.00 secs] 
Heap after GC invocations=905 (full 6):
 par new generation   total 38080K, used 32K [0x0000000085600000, 0x0000000087f50000, 0x000000009a2c0000)
  eden space 33856K,   0% used [0x0000000085600000, 0x0000000085600000, 0x0000000087710000)
  from space 4224K,   0% used [0x0000000087b30000, 0x0000000087b383b8, 0x0000000087f50000)
  to   space 4224K,   0% used [0x0000000087710000, 0x0000000087710000, 0x0000000087b30000)
 concurrent mark-sweep generation total 118092K, used 88149K [0x000000009a2c0000, 0x00000000a1613000, 0x0000000100000000)
 Metaspace       used 110577K, capacity 117175K, committed 119468K, reserved 1153024K
  class space    used 13442K, capacity 14656K, committed 15328K, reserved 1048576K
}
2021-01-20T12:14:28.975+0000: 66519.844: Total time for which application threads were stopped: 0.0053638 seconds, Stopping threads took: 0.0000774 seconds
{Heap before GC invocations=905 (full 6):
 par new generation   total 38080K, used 33888K [0x0000000085600000, 0x0000000087f50000, 0x000000009a2c0000)
  eden space 33856K, 100% used [0x0000000085600000, 0x0000000087710000, 0x0000000087710000)
  from space 4224K,   0% used [0x0000000087b30000, 0x0000000087b383b8, 0x0000000087f50000)
  to   space 4224K,   0% used [0x0000000087710000, 0x0000000087710000, 0x0000000087b30000)
 concurrent mark-sweep generation total 118092K, used 88149K [0x000000009a2c0000, 0x00000000a1613000, 0x0000000100000000)
 Metaspace       used 110577K, capacity 117175K, committed 119468K, reserved 1153024K
  class space    used 13442K, capacity 14656K, committed 15328K, reserved 1048576K
2021-01-20T12:16:09.148+0000: 66620.017: [GC (Allocation Failure) 2021-01-20T12:16:09.148+0000: 66620.017: [ParNew
Desired survivor size 2162688 bytes, new threshold 6 (max 6)
- age   1:      30384 bytes,      30384 total
- age   2:        152 bytes,      30536 total
: 33888K->34K(38080K), 0.0045073 secs] 122038K->88183K(156172K), 0.0047188 secs] [Times: user=0.02 sys=0.00, real=0.00 secs] 
Heap after GC invocations=906 (full 6):
 par new generation   total 38080K, used 34K [0x0000000085600000, 0x0000000087f50000, 0x000000009a2c0000)
  eden space 33856K,   0% used [0x0000000085600000, 0x0000000085600000, 0x0000000087710000)
  from space 4224K,   0% used [0x0000000087710000, 0x0000000087718930, 0x0000000087b30000)
  to   space 4224K,   0% used [0x0000000087b30000, 0x0000000087b30000, 0x0000000087f50000)
 concurrent mark-sweep generation total 118092K, used 88149K [0x000000009a2c0000, 0x00000000a1613000, 0x0000000100000000)
 Metaspace       used 110577K, capacity 117175K, committed 119468K, reserved 1153024K
  class space    used 13442K, capacity 14656K, committed 15328K, reserved 1048576K
}
2021-01-20T12:16:09.152+0000: 66620.022: Total time for which application threads were stopped: 0.0053228 seconds, Stopping threads took: 0.0000766 seconds
2021-01-20T12:16:50.161+0000: 66661.030: Total time for which application threads were stopped: 0.0005087 seconds, Stopping threads took: 0.0000799 seconds
{Heap before GC invocations=906 (full 6):
 par new generation   total 38080K, used 33890K [0x0000000085600000, 0x0000000087f50000, 0x000000009a2c0000)
  eden space 33856K, 100% used [0x0000000085600000, 0x0000000087710000, 0x0000000087710000)
  from space 4224K,   0% used [0x0000000087710000, 0x0000000087718930, 0x0000000087b30000)
  to   space 4224K,   0% used [0x0000000087b30000, 0x0000000087b30000, 0x0000000087f50000)
 concurrent mark-sweep generation total 118092K, used 88149K [0x000000009a2c0000, 0x00000000a1613000, 0x0000000100000000)
 Metaspace       used 110577K, capacity 117175K, committed 119468K, reserved 1153024K
  class space    used 13442K, capacity 14656K, committed 15328K, reserved 1048576K
2021-01-20T12:17:47.307+0000: 66718.176: [GC (Allocation Failure) 2021-01-20T12:17:47.307+0000: 66718.176: [ParNew
Desired survivor size 2162688 bytes, new threshold 6 (max 6)
- age   1:      97928 bytes,      97928 total
: 33890K->100K(38080K), 0.0040057 secs] 122039K->88249K(156172K), 0.0042785 secs] [Times: user=0.01 sys=0.00, real=0.01 secs] 
Heap after GC invocations=907 (full 6):
 par new generation   total 38080K, used 100K [0x0000000085600000, 0x0000000087f50000, 0x000000009a2c0000)
  eden space 33856K,   0% used [0x0000000085600000, 0x0000000085600000, 0x0000000087710000)
  from space 4224K,   2% used [0x0000000087b30000, 0x0000000087b49238, 0x0000000087f50000)
  to   space 4224K,   0% used [0x0000000087710000, 0x0000000087710000, 0x0000000087b30000)
 concurrent mark-sweep generation total 118092K, used 88149K [0x000000009a2c0000, 0x00000000a1613000, 0x0000000100000000)
 Metaspace       used 110577K, capacity 117175K, committed 119468K, reserved 1153024K
  class space    used 13442K, capacity 14656K, committed 15328K, reserved 1048576K
}
2021-01-20T12:17:47.311+0000: 66718.181: Total time for which application threads were stopped: 0.0051861 seconds, Stopping threads took: 0.0001321 seconds
{Heap before GC invocations=907 (full 6):
 par new generation   total 38080K, used 33956K [0x0000000085600000, 0x0000000087f50000, 0x000000009a2c0000)
  eden space 33856K, 100% used [0x0000000085600000, 0x0000000087710000, 0x0000000087710000)
  from space 4224K,   2% used [0x0000000087b30000, 0x0000000087b49238, 0x0000000087f50000)
  to   space 4224K,   0% used [0x0000000087710000, 0x0000000087710000, 0x0000000087b30000)
 concurrent mark-sweep generation total 118092K, used 88149K [0x000000009a2c0000, 0x00000000a1613000, 0x0000000100000000)
 Metaspace       used 110577K, capacity 117175K, committed 119468K, reserved 1153024K
  class space    used 13442K, capacity 14656K, committed 15328K, reserved 1048576K
2021-01-20T12:19:28.202+0000: 66819.072: [GC (Allocation Failure) 2021-01-20T12:19:28.202+0000: 66819.072: [ParNew
Desired survivor size 2162688 bytes, new threshold 6 (max 6)
- age   1:      28304 bytes,      28304 total
- age   2:        168 bytes,      28472 total
: 33956K->33K(38080K), 0.0046258 secs] 122105K->88182K(156172K), 0.0048342 secs] [Times: user=0.01 sys=0.00, real=0.00 secs] 
Heap after GC invocations=908 (full 6):
 par new generation   total 38080K, used 33K [0x0000000085600000, 0x0000000087f50000, 0x000000009a2c0000)
  eden space 33856K,   0% used [0x0000000085600000, 0x0000000085600000, 0x0000000087710000)
  from space 4224K,   0% used [0x0000000087710000, 0x0000000087718430, 0x0000000087b30000)
  to   space 4224K,   0% used [0x0000000087b30000, 0x0000000087b30000, 0x0000000087f50000)
 concurrent mark-sweep generation total 118092K, used 88149K [0x000000009a2c0000, 0x00000000a1613000, 0x0000000100000000)
 Metaspace       used 110577K, capacity 117175K, committed 119468K, reserved 1153024K
  class space    used 13442K, capacity 14656K, committed 15328K, reserved 1048576K
}
2021-01-20T12:19:28.207+0000: 66819.076: Total time for which application threads were stopped: 0.0054171 seconds, Stopping threads took: 0.0000772 seconds
2021-01-20T12:20:43.222+0000: 66894.091: Total time for which application threads were stopped: 0.0004100 seconds, Stopping threads took: 0.0000704 seconds
{Heap before GC invocations=908 (full 6):
 par new generation   total 38080K, used 33889K [0x0000000085600000, 0x0000000087f50000, 0x000000009a2c0000)
  eden space 33856K, 100% used [0x0000000085600000, 0x0000000087710000, 0x0000000087710000)
  from space 4224K,   0% used [0x0000000087710000, 0x0000000087718430, 0x0000000087b30000)
  to   space 4224K,   0% used [0x0000000087b30000, 0x0000000087b30000, 0x0000000087f50000)
 concurrent mark-sweep generation total 118092K, used 88149K [0x000000009a2c0000, 0x00000000a1613000, 0x0000000100000000)
 Metaspace       used 110577K, capacity 117175K, committed 119468K, reserved 1153024K
  class space    used 13442K, capacity 14656K, committed 15328K, reserved 1048576K
2021-01-20T12:21:07.896+0000: 66918.765: [GC (Allocation Failure) 2021-01-20T12:21:07.896+0000: 66918.765: [ParNew
Desired survivor size 2162688 bytes, new threshold 6 (max 6)
- age   1:      30472 bytes,      30472 total
- age   2:        152 bytes,      30624 total
: 33889K->33K(38080K), 0.0044372 secs] 122038K->88183K(156172K), 0.0046524 secs] [Times: user=0.02 sys=0.00, real=0.00 secs] 
Heap after GC invocations=909 (full 6):
 par new generation   total 38080K, used 33K [0x0000000085600000, 0x0000000087f50000, 0x000000009a2c0000)
  eden space 33856K,   0% used [0x0000000085600000, 0x0000000085600000, 0x0000000087710000)
  from space 4224K,   0% used [0x0000000087b30000, 0x0000000087b386e8, 0x0000000087f50000)
  to   space 4224K,   0% used [0x0000000087710000, 0x0000000087710000, 0x0000000087b30000)
 concurrent mark-sweep generation total 118092K, used 88149K [0x000000009a2c0000, 0x00000000a1613000, 0x0000000100000000)
 Metaspace       used 110577K, capacity 117175K, committed 119468K, reserved 1153024K
  class space    used 13442K, capacity 14656K, committed 15328K, reserved 1048576K
}
2021-01-20T12:21:07.901+0000: 66918.770: Total time for which application threads were stopped: 0.0053990 seconds, Stopping threads took: 0.0001852 seconds
{Heap before GC invocations=909 (full 6):
 par new generation   total 38080K, used 33886K [0x0000000085600000, 0x0000000087f50000, 0x000000009a2c0000)
  eden space 33856K,  99% used [0x0000000085600000, 0x000000008770f2a8, 0x0000000087710000)
  from space 4224K,   0% used [0x0000000087b30000, 0x0000000087b386e8, 0x0000000087f50000)
  to   space 4224K,   0% used [0x0000000087710000, 0x0000000087710000, 0x0000000087b30000)
 concurrent mark-sweep generation total 118092K, used 88149K [0x000000009a2c0000, 0x00000000a1613000, 0x0000000100000000)
 Metaspace       used 110577K, capacity 117175K, committed 119468K, reserved 1153024K
  class space    used 13442K, capacity 14656K, committed 15328K, reserved 1048576K
2021-01-20T12:22:47.246+0000: 67018.116: [GC (Allocation Failure) 2021-01-20T12:22:47.246+0000: 67018.116: [ParNew
Desired survivor size 2162688 bytes, new threshold 6 (max 6)
- age   1:     151592 bytes,     151592 total
: 33886K->152K(38080K), 0.0047110 secs] 122035K->88301K(156172K), 0.0050056 secs] [Times: user=0.01 sys=0.01, real=0.01 secs] 
Heap after GC invocations=910 (full 6):
 par new generation   total 38080K, used 152K [0x0000000085600000, 0x0000000087f50000, 0x000000009a2c0000)
  eden space 33856K,   0% used [0x0000000085600000, 0x0000000085600000, 0x0000000087710000)
  from space 4224K,   3% used [0x0000000087710000, 0x00000000877360c8, 0x0000000087b30000)
  to   space 4224K,   0% used [0x0000000087b30000, 0x0000000087b30000, 0x0000000087f50000)
 concurrent mark-sweep generation total 118092K, used 88149K [0x000000009a2c0000, 0x00000000a1613000, 0x0000000100000000)
 Metaspace       used 110577K, capacity 117175K, committed 119468K, reserved 1153024K
  class space    used 13442K, capacity 14656K, committed 15328K, reserved 1048576K
}
2021-01-20T12:22:47.251+0000: 67018.121: Total time for which application threads were stopped: 0.0058765 seconds, Stopping threads took: 0.0002696 seconds
{Heap before GC invocations=910 (full 6):
 par new generation   total 38080K, used 34008K [0x0000000085600000, 0x0000000087f50000, 0x000000009a2c0000)
  eden space 33856K, 100% used [0x0000000085600000, 0x0000000087710000, 0x0000000087710000)
  from space 4224K,   3% used [0x0000000087710000, 0x00000000877360c8, 0x0000000087b30000)
  to   space 4224K,   0% used [0x0000000087b30000, 0x0000000087b30000, 0x0000000087f50000)
 concurrent mark-sweep generation total 118092K, used 88149K [0x000000009a2c0000, 0x00000000a1613000, 0x0000000100000000)
 Metaspace       used 110577K, capacity 117175K, committed 119468K, reserved 1153024K
  class space    used 13442K, capacity 14656K, committed 15328K, reserved 1048576K
2021-01-20T12:24:26.717+0000: 67117.587: [GC (Allocation Failure) 2021-01-20T12:24:26.717+0000: 67117.587: [ParNew
Desired survivor size 2162688 bytes, new threshold 6 (max 6)
- age   1:      28640 bytes,      28640 total
- age   2:        120 bytes,      28760 total
: 34008K->59K(38080K), 0.0060652 secs] 122157K->88209K(156172K), 0.0063499 secs] [Times: user=0.01 sys=0.01, real=0.00 secs] 
Heap after GC invocations=911 (full 6):
 par new generation   total 38080K, used 59K [0x0000000085600000, 0x0000000087f50000, 0x000000009a2c0000)
  eden space 33856K,   0% used [0x0000000085600000, 0x0000000085600000, 0x0000000087710000)
  from space 4224K,   1% used [0x0000000087b30000, 0x0000000087b3ee68, 0x0000000087f50000)
  to   space 4224K,   0% used [0x0000000087710000, 0x0000000087710000, 0x0000000087b30000)
 concurrent mark-sweep generation total 118092K, used 88149K [0x000000009a2c0000, 0x00000000a1613000, 0x0000000100000000)
 Metaspace       used 110577K, capacity 117175K, committed 119468K, reserved 1153024K
  class space    used 13442K, capacity 14656K, committed 15328K, reserved 1048576K
}
2021-01-20T12:24:26.724+0000: 67117.593: Total time for which application threads were stopped: 0.0072307 seconds, Stopping threads took: 0.0001024 seconds
{Heap before GC invocations=911 (full 6):
 par new generation   total 38080K, used 33915K [0x0000000085600000, 0x0000000087f50000, 0x000000009a2c0000)
  eden space 33856K, 100% used [0x0000000085600000, 0x0000000087710000, 0x0000000087710000)
  from space 4224K,   1% used [0x0000000087b30000, 0x0000000087b3ee68, 0x0000000087f50000)
  to   space 4224K,   0% used [0x0000000087710000, 0x0000000087710000, 0x0000000087b30000)
 concurrent mark-sweep generation total 118092K, used 88149K [0x000000009a2c0000, 0x00000000a1613000, 0x0000000100000000)
 Metaspace       used 110577K, capacity 117175K, committed 119468K, reserved 1153024K
  class space    used 13442K, capacity 14656K, committed 15328K, reserved 1048576K
2021-01-20T12:26:06.443+0000: 67217.313: [GC (Allocation Failure) 2021-01-20T12:26:06.443+0000: 67217.313: [ParNew
Desired survivor size 2162688 bytes, new threshold 6 (max 6)
- age   1:      30416 bytes,      30416 total
- age   2:        312 bytes,      30728 total
: 33915K->34K(38080K), 0.0023669 secs] 122065K->88183K(156172K), 0.0024674 secs] [Times: user=0.00 sys=0.01, real=0.00 secs] 
Heap after GC invocations=912 (full 6):
 par new generation   total 38080K, used 34K [0x0000000085600000, 0x0000000087f50000, 0x000000009a2c0000)
  eden space 33856K,   0% used [0x0000000085600000, 0x0000000085600000, 0x0000000087710000)
  from space 4224K,   0% used [0x0000000087710000, 0x0000000087718818, 0x0000000087b30000)
  to   space 4224K,   0% used [0x0000000087b30000, 0x0000000087b30000, 0x0000000087f50000)
 concurrent mark-sweep generation total 118092K, used 88149K [0x000000009a2c0000, 0x00000000a1613000, 0x0000000100000000)
 Metaspace       used 110577K, capacity 117175K, committed 119468K, reserved 1153024K
  class space    used 13442K, capacity 14656K, committed 15328K, reserved 1048576K
}
2021-01-20T12:26:06.446+0000: 67217.315: Total time for which application threads were stopped: 0.0027522 seconds, Stopping threads took: 0.0000619 seconds
{Heap before GC invocations=912 (full 6):
 par new generation   total 38080K, used 33890K [0x0000000085600000, 0x0000000087f50000, 0x000000009a2c0000)
  eden space 33856K, 100% used [0x0000000085600000, 0x0000000087710000, 0x0000000087710000)
  from space 4224K,   0% used [0x0000000087710000, 0x0000000087718818, 0x0000000087b30000)
  to   space 4224K,   0% used [0x0000000087b30000, 0x0000000087b30000, 0x0000000087f50000)
 concurrent mark-sweep generation total 118092K, used 88149K [0x000000009a2c0000, 0x00000000a1613000, 0x0000000100000000)
 Metaspace       used 110577K, capacity 117175K, committed 119468K, reserved 1153024K
  class space    used 13442K, capacity 14656K, committed 15328K, reserved 1048576K
2021-01-20T12:27:46.428+0000: 67317.297: [GC (Allocation Failure) 2021-01-20T12:27:46.428+0000: 67317.298: [ParNew
Desired survivor size 2162688 bytes, new threshold 6 (max 6)
- age   1:      98152 bytes,      98152 total
- age   2:         56 bytes,      98208 total
- age   3:        160 bytes,      98368 total
: 33890K->101K(38080K), 0.0045803 secs] 122039K->88251K(156172K), 0.0047667 secs] [Times: user=0.02 sys=0.00, real=0.00 secs] 
Heap after GC invocations=913 (full 6):
 par new generation   total 38080K, used 101K [0x0000000085600000, 0x0000000087f50000, 0x000000009a2c0000)
  eden space 33856K,   0% used [0x0000000085600000, 0x0000000085600000, 0x0000000087710000)
  from space 4224K,   2% used [0x0000000087b30000, 0x0000000087b49778, 0x0000000087f50000)
  to   space 4224K,   0% used [0x0000000087710000, 0x0000000087710000, 0x0000000087b30000)
 concurrent mark-sweep generation total 118092K, used 88149K [0x000000009a2c0000, 0x00000000a1613000, 0x0000000100000000)
 Metaspace       used 110577K, capacity 117175K, committed 119468K, reserved 1153024K
  class space    used 13442K, capacity 14656K, committed 15328K, reserved 1048576K
}
2021-01-20T12:27:46.433+0000: 67317.302: Total time for which application threads were stopped: 0.0056837 seconds, Stopping threads took: 0.0004060 seconds
2021-01-20T12:28:16.439+0000: 67347.309: Total time for which application threads were stopped: 0.0004595 seconds, Stopping threads took: 0.0000763 seconds
{Heap before GC invocations=913 (full 6):
 par new generation   total 38080K, used 33957K [0x0000000085600000, 0x0000000087f50000, 0x000000009a2c0000)
  eden space 33856K, 100% used [0x0000000085600000, 0x0000000087710000, 0x0000000087710000)
  from space 4224K,   2% used [0x0000000087b30000, 0x0000000087b49778, 0x0000000087f50000)
  to   space 4224K,   0% used [0x0000000087710000, 0x0000000087710000, 0x0000000087b30000)
 concurrent mark-sweep generation total 118092K, used 88149K [0x000000009a2c0000, 0x00000000a1613000, 0x0000000100000000)
 Metaspace       used 110577K, capacity 117175K, committed 119468K, reserved 1153024K
  class space    used 13442K, capacity 14656K, committed 15328K, reserved 1048576K
2021-01-20T12:29:24.562+0000: 67415.431: [GC (Allocation Failure) 2021-01-20T12:29:24.562+0000: 67415.432: [ParNew
Desired survivor size 2162688 bytes, new threshold 6 (max 6)
- age   1:      29536 bytes,      29536 total
- age   2:        144 bytes,      29680 total
- age   3:         32 bytes,      29712 total
- age   4:        160 bytes,      29872 total
: 33957K->35K(38080K), 0.0054002 secs] 122107K->88184K(156172K), 0.0055842 secs] [Times: user=0.02 sys=0.00, real=0.01 secs] 
Heap after GC invocations=914 (full 6):
 par new generation   total 38080K, used 35K [0x0000000085600000, 0x0000000087f50000, 0x000000009a2c0000)
  eden space 33856K,   0% used [0x0000000085600000, 0x0000000085600000, 0x0000000087710000)
  from space 4224K,   0% used [0x0000000087710000, 0x0000000087718cb8, 0x0000000087b30000)
  to   space 4224K,   0% used [0x0000000087b30000, 0x0000000087b30000, 0x0000000087f50000)
 concurrent mark-sweep generation total 118092K, used 88149K [0x000000009a2c0000, 0x00000000a1613000, 0x0000000100000000)
 Metaspace       used 110577K, capacity 117175K, committed 119468K, reserved 1153024K
  class space    used 13442K, capacity 14656K, committed 15328K, reserved 1048576K
}
2021-01-20T12:29:24.568+0000: 67415.437: Total time for which application threads were stopped: 0.0061490 seconds, Stopping threads took: 0.0000779 seconds
2021-01-20T12:29:25.568+0000: 67416.438: Total time for which application threads were stopped: 0.0005265 seconds, Stopping threads took: 0.0000890 seconds
{Heap before GC invocations=914 (full 6):
 par new generation   total 38080K, used 33891K [0x0000000085600000, 0x0000000087f50000, 0x000000009a2c0000)
  eden space 33856K, 100% used [0x0000000085600000, 0x0000000087710000, 0x0000000087710000)
  from space 4224K,   0% used [0x0000000087710000, 0x0000000087718cb8, 0x0000000087b30000)
  to   space 4224K,   0% used [0x0000000087b30000, 0x0000000087b30000, 0x0000000087f50000)
 concurrent mark-sweep generation total 118092K, used 88149K [0x000000009a2c0000, 0x00000000a1613000, 0x0000000100000000)
 Metaspace       used 110577K, capacity 117175K, committed 119468K, reserved 1153024K
  class space    used 13442K, capacity 14656K, committed 15328K, reserved 1048576K
2021-01-20T12:31:04.062+0000: 67514.932: [GC (Allocation Failure) 2021-01-20T12:31:04.062+0000: 67514.932: [ParNew
Desired survivor size 2162688 bytes, new threshold 6 (max 6)
- age   1:      30232 bytes,      30232 total
- age   2:       1560 bytes,      31792 total
- age   5:        160 bytes,      31952 total
: 33891K->34K(38080K), 0.0083860 secs] 122040K->88183K(156172K), 0.0086653 secs] [Times: user=0.01 sys=0.00, real=0.01 secs] 
Heap after GC invocations=915 (full 6):
 par new generation   total 38080K, used 34K [0x0000000085600000, 0x0000000087f50000, 0x000000009a2c0000)
  eden space 33856K,   0% used [0x0000000085600000, 0x0000000085600000, 0x0000000087710000)
  from space 4224K,   0% used [0x0000000087b30000, 0x0000000087b38868, 0x0000000087f50000)
  to   space 4224K,   0% used [0x0000000087710000, 0x0000000087710000, 0x0000000087b30000)
 concurrent mark-sweep generation total 118092K, used 88149K [0x000000009a2c0000, 0x00000000a1613000, 0x0000000100000000)
 Metaspace       used 110577K, capacity 117175K, committed 119468K, reserved 1153024K
  class space    used 13442K, capacity 14656K, committed 15328K, reserved 1048576K
}
2021-01-20T12:31:04.071+0000: 67514.940: Total time for which application threads were stopped: 0.0096252 seconds, Stopping threads took: 0.0000729 seconds
{Heap before GC invocations=915 (full 6):
 par new generation   total 38080K, used 33890K [0x0000000085600000, 0x0000000087f50000, 0x000000009a2c0000)
  eden space 33856K, 100% used [0x0000000085600000, 0x0000000087710000, 0x0000000087710000)
  from space 4224K,   0% used [0x0000000087b30000, 0x0000000087b38868, 0x0000000087f50000)
  to   space 4224K,   0% used [0x0000000087710000, 0x0000000087710000, 0x0000000087b30000)
 concurrent mark-sweep generation total 118092K, used 88149K [0x000000009a2c0000, 0x00000000a1613000, 0x0000000100000000)
 Metaspace       used 110577K, capacity 117175K, committed 119468K, reserved 1153024K
  class space    used 13442K, capacity 14656K, committed 15328K, reserved 1048576K
2021-01-20T12:32:44.288+0000: 67615.157: [GC (Allocation Failure) 2021-01-20T12:32:44.288+0000: 67615.157: [ParNew
Desired survivor size 2162688 bytes, new threshold 6 (max 6)
- age   1:      96312 bytes,      96312 total
- age   2:        120 bytes,      96432 total
- age   3:       1376 bytes,      97808 total
- age   6:        160 bytes,      97968 total
: 33890K->98K(38080K), 0.0076130 secs] 122039K->88248K(156172K), 0.0078281 secs] [Times: user=0.01 sys=0.00, real=0.01 secs] 
Heap after GC invocations=916 (full 6):
 par new generation   total 38080K, used 98K [0x0000000085600000, 0x0000000087f50000, 0x000000009a2c0000)
  eden space 33856K,   0% used [0x0000000085600000, 0x0000000085600000, 0x0000000087710000)
  from space 4224K,   2% used [0x0000000087710000, 0x0000000087728b70, 0x0000000087b30000)
  to   space 4224K,   0% used [0x0000000087b30000, 0x0000000087b30000, 0x0000000087f50000)
 concurrent mark-sweep generation total 118092K, used 88149K [0x000000009a2c0000, 0x00000000a1613000, 0x0000000100000000)
 Metaspace       used 110577K, capacity 117175K, committed 119468K, reserved 1153024K
  class space    used 13442K, capacity 14656K, committed 15328K, reserved 1048576K
}
2021-01-20T12:32:44.296+0000: 67615.165: Total time for which application threads were stopped: 0.0084873 seconds, Stopping threads took: 0.0001308 seconds
{Heap before GC invocations=916 (full 6):
 par new generation   total 38080K, used 33954K [0x0000000085600000, 0x0000000087f50000, 0x000000009a2c0000)
  eden space 33856K, 100% used [0x0000000085600000, 0x0000000087710000, 0x0000000087710000)
  from space 4224K,   2% used [0x0000000087710000, 0x0000000087728b70, 0x0000000087b30000)
  to   space 4224K,   0% used [0x0000000087b30000, 0x0000000087b30000, 0x0000000087f50000)
 concurrent mark-sweep generation total 118092K, used 88149K [0x000000009a2c0000, 0x00000000a1613000, 0x0000000100000000)
 Metaspace       used 110577K, capacity 117175K, committed 119468K, reserved 1153024K
  class space    used 13442K, capacity 14656K, committed 15328K, reserved 1048576K
2021-01-20T12:34:21.912+0000: 67712.781: [GC (Allocation Failure) 2021-01-20T12:34:21.912+0000: 67712.781: [ParNew
Desired survivor size 2162688 bytes, new threshold 6 (max 6)
- age   1:      30120 bytes,      30120 total
- age   2:         96 bytes,      30216 total
- age   4:       1376 bytes,      31592 total
: 33954K->37K(38080K), 0.0025950 secs] 122104K->88187K(156172K), 0.0026986 secs] [Times: user=0.01 sys=0.00, real=0.00 secs] 
Heap after GC invocations=917 (full 6):
 par new generation   total 38080K, used 37K [0x0000000085600000, 0x0000000087f50000, 0x000000009a2c0000)
  eden space 33856K,   0% used [0x0000000085600000, 0x0000000085600000, 0x0000000087710000)
  from space 4224K,   0% used [0x0000000087b30000, 0x0000000087b397f8, 0x0000000087f50000)
  to   space 4224K,   0% used [0x0000000087710000, 0x0000000087710000, 0x0000000087b30000)
 concurrent mark-sweep generation total 118092K, used 88149K [0x000000009a2c0000, 0x00000000a1613000, 0x0000000100000000)
 Metaspace       used 110577K, capacity 117175K, committed 119468K, reserved 1153024K
  class space    used 13442K, capacity 14656K, committed 15328K, reserved 1048576K
}
2021-01-20T12:34:21.915+0000: 67712.784: Total time for which application threads were stopped: 0.0032156 seconds, Stopping threads took: 0.0002389 seconds
{Heap before GC invocations=917 (full 6):
 par new generation   total 38080K, used 33893K [0x0000000085600000, 0x0000000087f50000, 0x000000009a2c0000)
  eden space 33856K, 100% used [0x0000000085600000, 0x0000000087710000, 0x0000000087710000)
  from space 4224K,   0% used [0x0000000087b30000, 0x0000000087b397f8, 0x0000000087f50000)
  to   space 4224K,   0% used [0x0000000087710000, 0x0000000087710000, 0x0000000087b30000)
 concurrent mark-sweep generation total 118092K, used 88149K [0x000000009a2c0000, 0x00000000a1613000, 0x0000000100000000)
 Metaspace       used 110577K, capacity 117175K, committed 119468K, reserved 1153024K
  class space    used 13442K, capacity 14656K, committed 15328K, reserved 1048576K
2021-01-20T12:36:02.610+0000: 67813.479: [GC (Allocation Failure) 2021-01-20T12:36:02.610+0000: 67813.480: [ParNew
Desired survivor size 2162688 bytes, new threshold 6 (max 6)
- age   1:      31128 bytes,      31128 total
- age   2:        776 bytes,      31904 total
- age   3:         64 bytes,      31968 total
- age   5:       1376 bytes,      33344 total
: 33893K->37K(38080K), 0.0039553 secs] 122043K->88187K(156172K), 0.0041970 secs] [Times: user=0.02 sys=0.00, real=0.00 secs] 
Heap after GC invocations=918 (full 6):
 par new generation   total 38080K, used 37K [0x0000000085600000, 0x0000000087f50000, 0x000000009a2c0000)
  eden space 33856K,   0% used [0x0000000085600000, 0x0000000085600000, 0x0000000087710000)
  from space 4224K,   0% used [0x0000000087710000, 0x0000000087719648, 0x0000000087b30000)
  to   space 4224K,   0% used [0x0000000087b30000, 0x0000000087b30000, 0x0000000087f50000)
 concurrent mark-sweep generation total 118092K, used 88149K [0x000000009a2c0000, 0x00000000a1613000, 0x0000000100000000)
 Metaspace       used 110577K, capacity 117175K, committed 119468K, reserved 1153024K
  class space    used 13442K, capacity 14656K, committed 15328K, reserved 1048576K
}
2021-01-20T12:36:02.614+0000: 67813.484: Total time for which application threads were stopped: 0.0047327 seconds, Stopping threads took: 0.0001095 seconds
2021-01-20T12:36:17.617+0000: 67828.487: Total time for which application threads were stopped: 0.0006917 seconds, Stopping threads took: 0.0000819 seconds
{Heap before GC invocations=918 (full 6):
 par new generation   total 38080K, used 33893K [0x0000000085600000, 0x0000000087f50000, 0x000000009a2c0000)
  eden space 33856K, 100% used [0x0000000085600000, 0x0000000087710000, 0x0000000087710000)
  from space 4224K,   0% used [0x0000000087710000, 0x0000000087719648, 0x0000000087b30000)
  to   space 4224K,   0% used [0x0000000087b30000, 0x0000000087b30000, 0x0000000087f50000)
 concurrent mark-sweep generation total 118092K, used 88149K [0x000000009a2c0000, 0x00000000a1613000, 0x0000000100000000)
 Metaspace       used 110577K, capacity 117175K, committed 119468K, reserved 1153024K
  class space    used 13442K, capacity 14656K, committed 15328K, reserved 1048576K
2021-01-20T12:37:42.443+0000: 67913.313: [GC (Allocation Failure) 2021-01-20T12:37:42.444+0000: 67913.313: [ParNew
Desired survivor size 2162688 bytes, new threshold 6 (max 6)
- age   1:      28728 bytes,      28728 total
- age   2:        176 bytes,      28904 total
- age   3:        656 bytes,      29560 total
- age   4:         64 bytes,      29624 total
- age   6:       1376 bytes,      31000 total
: 33893K->36K(38080K), 0.0064435 secs] 122043K->88185K(156172K), 0.0066240 secs] [Times: user=0.01 sys=0.00, real=0.01 secs] 
Heap after GC invocations=919 (full 6):
 par new generation   total 38080K, used 36K [0x0000000085600000, 0x0000000087f50000, 0x000000009a2c0000)
  eden space 33856K,   0% used [0x0000000085600000, 0x0000000085600000, 0x0000000087710000)
  from space 4224K,   0% used [0x0000000087b30000, 0x0000000087b390a0, 0x0000000087f50000)
  to   space 4224K,   0% used [0x0000000087710000, 0x0000000087710000, 0x0000000087b30000)
 concurrent mark-sweep generation total 118092K, used 88149K [0x000000009a2c0000, 0x00000000a1613000, 0x0000000100000000)
 Metaspace       used 110577K, capacity 117175K, committed 119468K, reserved 1153024K
  class space    used 13442K, capacity 14656K, committed 15328K, reserved 1048576K
}
2021-01-20T12:37:42.450+0000: 67913.320: Total time for which application threads were stopped: 0.0071155 seconds, Stopping threads took: 0.0000616 seconds
2021-01-20T12:37:46.451+0000: 67917.320: Total time for which application threads were stopped: 0.0001691 seconds, Stopping threads took: 0.0000268 seconds
2021-01-20T12:37:56.453+0000: 67927.322: Total time for which application threads were stopped: 0.0009202 seconds, Stopping threads took: 0.0002017 seconds
2021-01-20T12:38:46.458+0000: 67977.327: Total time for which application threads were stopped: 0.0007850 seconds, Stopping threads took: 0.0000463 seconds
{Heap before GC invocations=919 (full 6):
 par new generation   total 38080K, used 33892K [0x0000000085600000, 0x0000000087f50000, 0x000000009a2c0000)
  eden space 33856K, 100% used [0x0000000085600000, 0x0000000087710000, 0x0000000087710000)
  from space 4224K,   0% used [0x0000000087b30000, 0x0000000087b390a0, 0x0000000087f50000)
  to   space 4224K,   0% used [0x0000000087710000, 0x0000000087710000, 0x0000000087b30000)
 concurrent mark-sweep generation total 118092K, used 88149K [0x000000009a2c0000, 0x00000000a1613000, 0x0000000100000000)
 Metaspace       used 110577K, capacity 117175K, committed 119468K, reserved 1153024K
  class space    used 13442K, capacity 14656K, committed 15328K, reserved 1048576K
2021-01-20T12:39:20.094+0000: 68010.963: [GC (Allocation Failure) 2021-01-20T12:39:20.094+0000: 68010.963: [ParNew
Desired survivor size 2162688 bytes, new threshold 6 (max 6)
- age   1:      32128 bytes,      32128 total
- age   2:         56 bytes,      32184 total
- age   4:        656 bytes,      32840 total
: 33892K->36K(38080K), 0.0047778 secs] 122041K->88187K(156172K), 0.0049719 secs] [Times: user=0.02 sys=0.00, real=0.01 secs] 
Heap after GC invocations=920 (full 6):
 par new generation   total 38080K, used 36K [0x0000000085600000, 0x0000000087f50000, 0x000000009a2c0000)
  eden space 33856K,   0% used [0x0000000085600000, 0x0000000085600000, 0x0000000087710000)
  from space 4224K,   0% used [0x0000000087710000, 0x0000000087719378, 0x0000000087b30000)
  to   space 4224K,   0% used [0x0000000087b30000, 0x0000000087b30000, 0x0000000087f50000)
 concurrent mark-sweep generation total 118092K, used 88150K [0x000000009a2c0000, 0x00000000a1613000, 0x0000000100000000)
 Metaspace       used 110577K, capacity 117175K, committed 119468K, reserved 1153024K
  class space    used 13442K, capacity 14656K, committed 15328K, reserved 1048576K
}
2021-01-20T12:39:20.099+0000: 68010.968: Total time for which application threads were stopped: 0.0055364 seconds, Stopping threads took: 0.0000622 seconds
{Heap before GC invocations=920 (full 6):
 par new generation   total 38080K, used 33892K [0x0000000085600000, 0x0000000087f50000, 0x000000009a2c0000)
  eden space 33856K, 100% used [0x0000000085600000, 0x0000000087710000, 0x0000000087710000)
  from space 4224K,   0% used [0x0000000087710000, 0x0000000087719378, 0x0000000087b30000)
  to   space 4224K,   0% used [0x0000000087b30000, 0x0000000087b30000, 0x0000000087f50000)
 concurrent mark-sweep generation total 118092K, used 88150K [0x000000009a2c0000, 0x00000000a1613000, 0x0000000100000000)
 Metaspace       used 110577K, capacity 117175K, committed 119468K, reserved 1153024K
  class space    used 13442K, capacity 14656K, committed 15328K, reserved 1048576K
2021-01-20T12:40:59.412+0000: 68110.281: [GC (Allocation Failure) 2021-01-20T12:40:59.412+0000: 68110.281: [ParNew
Desired survivor size 2162688 bytes, new threshold 6 (max 6)
- age   1:      64248 bytes,      64248 total
- age   2:       2216 bytes,      66464 total
- age   5:        656 bytes,      67120 total
: 33892K->74K(38080K), 0.0052378 secs] 122043K->88225K(156172K), 0.0055113 secs] [Times: user=0.01 sys=0.00, real=0.01 secs] 
Heap after GC invocations=921 (full 6):
 par new generation   total 38080K, used 74K [0x0000000085600000, 0x0000000087f50000, 0x000000009a2c0000)
  eden space 33856K,   0% used [0x0000000085600000, 0x0000000085600000, 0x0000000087710000)
  from space 4224K,   1% used [0x0000000087b30000, 0x0000000087b42a20, 0x0000000087f50000)
  to   space 4224K,   0% used [0x0000000087710000, 0x0000000087710000, 0x0000000087b30000)
 concurrent mark-sweep generation total 118092K, used 88150K [0x000000009a2c0000, 0x00000000a1613000, 0x0000000100000000)
 Metaspace       used 110577K, capacity 117175K, committed 119468K, reserved 1153024K
  class space    used 13442K, capacity 14656K, committed 15328K, reserved 1048576K
}
2021-01-20T12:40:59.417+0000: 68110.287: Total time for which application threads were stopped: 0.0063833 seconds, Stopping threads took: 0.0000771 seconds
2021-01-20T12:42:17.427+0000: 68188.297: Total time for which application threads were stopped: 0.0006244 seconds, Stopping threads took: 0.0000692 seconds
{Heap before GC invocations=921 (full 6):
 par new generation   total 38080K, used 33930K [0x0000000085600000, 0x0000000087f50000, 0x000000009a2c0000)
  eden space 33856K, 100% used [0x0000000085600000, 0x0000000087710000, 0x0000000087710000)
  from space 4224K,   1% used [0x0000000087b30000, 0x0000000087b42a20, 0x0000000087f50000)
  to   space 4224K,   0% used [0x0000000087710000, 0x0000000087710000, 0x0000000087b30000)
 concurrent mark-sweep generation total 118092K, used 88150K [0x000000009a2c0000, 0x00000000a1613000, 0x0000000100000000)
 Metaspace       used 110577K, capacity 117175K, committed 119468K, reserved 1153024K
  class space    used 13442K, capacity 14656K, committed 15328K, reserved 1048576K
2021-01-20T12:42:39.996+0000: 68210.865: [GC (Allocation Failure) 2021-01-20T12:42:39.996+0000: 68210.866: [ParNew
Desired survivor size 2162688 bytes, new threshold 6 (max 6)
- age   1:      28432 bytes,      28432 total
- age   2:        184 bytes,      28616 total
- age   3:       2096 bytes,      30712 total
- age   6:        656 bytes,      31368 total
: 33930K->40K(38080K), 0.0053251 secs] 122081K->88191K(156172K), 0.0055883 secs] [Times: user=0.02 sys=0.00, real=0.00 secs] 
Heap after GC invocations=922 (full 6):
 par new generation   total 38080K, used 40K [0x0000000085600000, 0x0000000087f50000, 0x000000009a2c0000)
  eden space 33856K,   0% used [0x0000000085600000, 0x0000000085600000, 0x0000000087710000)
  from space 4224K,   0% used [0x0000000087710000, 0x000000008771a158, 0x0000000087b30000)
  to   space 4224K,   0% used [0x0000000087b30000, 0x0000000087b30000, 0x0000000087f50000)
 concurrent mark-sweep generation total 118092K, used 88150K [0x000000009a2c0000, 0x00000000a1613000, 0x0000000100000000)
 Metaspace       used 110577K, capacity 117175K, committed 119468K, reserved 1153024K
  class space    used 13442K, capacity 14656K, committed 15328K, reserved 1048576K
}
2021-01-20T12:42:40.002+0000: 68210.871: Total time for which application threads were stopped: 0.0063866 seconds, Stopping threads took: 0.0001023 seconds
{Heap before GC invocations=922 (full 6):
 par new generation   total 38080K, used 33896K [0x0000000085600000, 0x0000000087f50000, 0x000000009a2c0000)
  eden space 33856K, 100% used [0x0000000085600000, 0x0000000087710000, 0x0000000087710000)
  from space 4224K,   0% used [0x0000000087710000, 0x000000008771a158, 0x0000000087b30000)
  to   space 4224K,   0% used [0x0000000087b30000, 0x0000000087b30000, 0x0000000087f50000)
 concurrent mark-sweep generation total 118092K, used 88150K [0x000000009a2c0000, 0x00000000a1613000, 0x0000000100000000)
 Metaspace       used 110577K, capacity 117175K, committed 119468K, reserved 1153024K
  class space    used 13442K, capacity 14656K, committed 15328K, reserved 1048576K
2021-01-20T12:44:17.653+0000: 68308.522: [GC (Allocation Failure) 2021-01-20T12:44:17.653+0000: 68308.522: [ParNew
Desired survivor size 2162688 bytes, new threshold 6 (max 6)
- age   1:      29656 bytes,      29656 total
- age   2:         32 bytes,      29688 total
- age   3:         32 bytes,      29720 total
- age   4:       2096 bytes,      31816 total
: 33896K->34K(38080K), 0.0059171 secs] 122047K->88186K(156172K), 0.0061777 secs] [Times: user=0.01 sys=0.00, real=0.01 secs] 
Heap after GC invocations=923 (full 6):
 par new generation   total 38080K, used 34K [0x0000000085600000, 0x0000000087f50000, 0x000000009a2c0000)
  eden space 33856K,   0% used [0x0000000085600000, 0x0000000085600000, 0x0000000087710000)
  from space 4224K,   0% used [0x0000000087b30000, 0x0000000087b38bc8, 0x0000000087f50000)
  to   space 4224K,   0% used [0x0000000087710000, 0x0000000087710000, 0x0000000087b30000)
 concurrent mark-sweep generation total 118092K, used 88151K [0x000000009a2c0000, 0x00000000a1613000, 0x0000000100000000)
 Metaspace       used 110577K, capacity 117175K, committed 119468K, reserved 1153024K
  class space    used 13442K, capacity 14656K, committed 15328K, reserved 1048576K
}
2021-01-20T12:44:17.659+0000: 68308.529: Total time for which application threads were stopped: 0.0070643 seconds, Stopping threads took: 0.0001268 seconds
{Heap before GC invocations=923 (full 6):
 par new generation   total 38080K, used 33890K [0x0000000085600000, 0x0000000087f50000, 0x000000009a2c0000)
  eden space 33856K, 100% used [0x0000000085600000, 0x0000000087710000, 0x0000000087710000)
  from space 4224K,   0% used [0x0000000087b30000, 0x0000000087b38bc8, 0x0000000087f50000)
  to   space 4224K,   0% used [0x0000000087710000, 0x0000000087710000, 0x0000000087b30000)
 concurrent mark-sweep generation total 118092K, used 88151K [0x000000009a2c0000, 0x00000000a1613000, 0x0000000100000000)
 Metaspace       used 110577K, capacity 117175K, committed 119468K, reserved 1153024K
  class space    used 13442K, capacity 14656K, committed 15328K, reserved 1048576K
2021-01-20T12:45:56.973+0000: 68407.843: [GC (Allocation Failure) 2021-01-20T12:45:56.973+0000: 68407.843: [ParNew
Desired survivor size 2162688 bytes, new threshold 6 (max 6)
