2021-02-01 12:38:25 GC log file created /var/log/thingsboard/gc.log.1
OpenJDK 64-Bit Server VM (25.242-b08) for linux-amd64 JRE (1.8.0_242-8u242-b08-1~deb9u1-b08), built on Feb 10 2020 12:38:09 by "pbuilder" with gcc 6.3.0 20170516
Memory: 4k page, physical 8030900k(1904324k free), swap 16501756k(16294352k free)
CommandLine flags: -XX:CICompilerCount=3 -XX:+CMSEdenChunksRecordAlways -XX:CMSInitiatingOccupancyFraction=75 -XX:+CMSParallelInitialMarkEnabled -XX:+CMSParallelRemarkEnabled -XX:CMSWaitDuration=10000 -XX:+ExitOnOutOfMemoryError -XX:GCLogFileSize=10485760 -XX:+HeapDumpOnOutOfMemoryError -XX:+IgnoreUnrecognizedVMOptions -XX:InitialHeapSize=130023424 -XX:MaxHeapSize=2057306112 -XX:MaxNewSize=348913664 -XX:MaxTenuringThreshold=6 -XX:MinHeapDeltaBytes=196608 -XX:NewSize=43319296 -XX:NumberOfGCLogFiles=10 -XX:OldPLABSize=16 -XX:OldSize=86704128 -XX:+PerfDisableSharedMem -XX:+PrintGC -XX:+PrintGCApplicationStoppedTime -XX:+PrintGCDateStamps -XX:+PrintGCDetails -XX:+PrintGCTimeStamps -XX:+PrintHeapAtGC -XX:+PrintTenuringDistribution -XX:+ResizeTLAB -XX:-UseBiasedLocking -XX:+UseCMSInitiatingOccupancyOnly -XX:+UseCompressedClassPointers -XX:+UseCompressedOops -XX:+UseConcMarkSweepGC -XX:+UseCondCardMark -XX:+UseGCLogFileRotation -XX:+UseParNewGC -XX:+UseTLAB 
{Heap before GC invocations=5132 (full 7):
 par new generation   total 38080K, used 33885K [0x0000000085600000, 0x0000000087f50000, 0x000000009a2c0000)
  eden space 33856K, 100% used [0x0000000085600000, 0x0000000087710000, 0x0000000087710000)
  from space 4224K,   0% used [0x0000000087710000, 0x0000000087717680, 0x0000000087b30000)
  to   space 4224K,   0% used [0x0000000087b30000, 0x0000000087b30000, 0x0000000087f50000)
 concurrent mark-sweep generation total 137704K, used 83153K [0x000000009a2c0000, 0x00000000a293a000, 0x0000000100000000)
 Metaspace       used 111681K, capacity 118273K, committed 120492K, reserved 1155072K
  class space    used 13542K, capacity 14759K, committed 15328K, reserved 1048576K
2021-02-01T12:38:25.972+0000: 495274.637: [GC (Allocation Failure) 2021-02-01T12:38:25.972+0000: 495274.637: [ParNew
Desired survivor size 2162688 bytes, new threshold 6 (max 6)
- age   1:      30048 bytes,      30048 total
- age   2:        280 bytes,      30328 total
- age   5:         32 bytes,      30360 total
: 33885K->31K(38080K), 0.0045500 secs] 117039K->83185K(175784K), 0.0047862 secs] [Times: user=0.01 sys=0.00, real=0.00 secs] 
Heap after GC invocations=5133 (full 7):
 par new generation   total 38080K, used 31K [0x0000000085600000, 0x0000000087f50000, 0x000000009a2c0000)
  eden space 33856K,   0% used [0x0000000085600000, 0x0000000085600000, 0x0000000087710000)
  from space 4224K,   0% used [0x0000000087b30000, 0x0000000087b37e18, 0x0000000087f50000)
  to   space 4224K,   0% used [0x0000000087710000, 0x0000000087710000, 0x0000000087b30000)
 concurrent mark-sweep generation total 137704K, used 83153K [0x000000009a2c0000, 0x00000000a293a000, 0x0000000100000000)
 Metaspace       used 111681K, capacity 118273K, committed 120492K, reserved 1155072K
  class space    used 13542K, capacity 14759K, committed 15328K, reserved 1048576K
}
2021-02-01T12:38:25.976+0000: 495274.642: Total time for which application threads were stopped: 0.0696416 seconds, Stopping threads took: 0.0001966 seconds
{Heap before GC invocations=5133 (full 7):
 par new generation   total 38080K, used 33850K [0x0000000085600000, 0x0000000087f50000, 0x000000009a2c0000)
  eden space 33856K,  99% used [0x0000000085600000, 0x0000000087706a28, 0x0000000087710000)
  from space 4224K,   0% used [0x0000000087b30000, 0x0000000087b37e18, 0x0000000087f50000)
  to   space 4224K,   0% used [0x0000000087710000, 0x0000000087710000, 0x0000000087b30000)
 concurrent mark-sweep generation total 137704K, used 83153K [0x000000009a2c0000, 0x00000000a293a000, 0x0000000100000000)
 Metaspace       used 111681K, capacity 118273K, committed 120492K, reserved 1155072K
  class space    used 13542K, capacity 14759K, committed 15328K, reserved 1048576K
2021-02-01T12:40:13.531+0000: 495382.196: [GC (Allocation Failure) 2021-02-01T12:40:13.531+0000: 495382.196: [ParNew
Desired survivor size 2162688 bytes, new threshold 6 (max 6)
- age   1:      64128 bytes,      64128 total
- age   2:         32 bytes,      64160 total
- age   3:        160 bytes,      64320 total
- age   6:         32 bytes,      64352 total
: 33850K->65K(38080K), 0.0042691 secs] 117004K->83219K(175784K), 0.0044494 secs] [Times: user=0.01 sys=0.00, real=0.01 secs] 
Heap after GC invocations=5134 (full 7):
 par new generation   total 38080K, used 65K [0x0000000085600000, 0x0000000087f50000, 0x000000009a2c0000)
  eden space 33856K,   0% used [0x0000000085600000, 0x0000000085600000, 0x0000000087710000)
  from space 4224K,   1% used [0x0000000087710000, 0x00000000877207e0, 0x0000000087b30000)
  to   space 4224K,   0% used [0x0000000087b30000, 0x0000000087b30000, 0x0000000087f50000)
 concurrent mark-sweep generation total 137704K, used 83153K [0x000000009a2c0000, 0x00000000a293a000, 0x0000000100000000)
 Metaspace       used 111681K, capacity 118273K, committed 120492K, reserved 1155072K
  class space    used 13542K, capacity 14759K, committed 15328K, reserved 1048576K
}
2021-02-01T12:40:13.535+0000: 495382.201: Total time for which application threads were stopped: 0.0050346 seconds, Stopping threads took: 0.0000776 seconds
{Heap before GC invocations=5134 (full 7):
 par new generation   total 38080K, used 33921K [0x0000000085600000, 0x0000000087f50000, 0x000000009a2c0000)
  eden space 33856K, 100% used [0x0000000085600000, 0x0000000087710000, 0x0000000087710000)
  from space 4224K,   1% used [0x0000000087710000, 0x00000000877207e0, 0x0000000087b30000)
  to   space 4224K,   0% used [0x0000000087b30000, 0x0000000087b30000, 0x0000000087f50000)
 concurrent mark-sweep generation total 137704K, used 83153K [0x000000009a2c0000, 0x00000000a293a000, 0x0000000100000000)
 Metaspace       used 111681K, capacity 118273K, committed 120492K, reserved 1155072K
  class space    used 13542K, capacity 14759K, committed 15328K, reserved 1048576K
2021-02-01T12:42:00.830+0000: 495489.496: [GC (Allocation Failure) 2021-02-01T12:42:00.831+0000: 495489.496: [ParNew
Desired survivor size 2162688 bytes, new threshold 6 (max 6)
- age   1:      97864 bytes,      97864 total
- age   2:        120 bytes,      97984 total
- age   4:        128 bytes,      98112 total
: 33921K->103K(38080K), 0.0076322 secs] 117075K->83257K(175784K), 0.0079622 secs] [Times: user=0.02 sys=0.00, real=0.01 secs] 
Heap after GC invocations=5135 (full 7):
 par new generation   total 38080K, used 103K [0x0000000085600000, 0x0000000087f50000, 0x000000009a2c0000)
  eden space 33856K,   0% used [0x0000000085600000, 0x0000000085600000, 0x0000000087710000)
  from space 4224K,   2% used [0x0000000087b30000, 0x0000000087b49c48, 0x0000000087f50000)
  to   space 4224K,   0% used [0x0000000087710000, 0x0000000087710000, 0x0000000087b30000)
 concurrent mark-sweep generation total 137704K, used 83153K [0x000000009a2c0000, 0x00000000a293a000, 0x0000000100000000)
 Metaspace       used 111681K, capacity 118273K, committed 120492K, reserved 1155072K
  class space    used 13542K, capacity 14759K, committed 15328K, reserved 1048576K
}
2021-02-01T12:42:00.839+0000: 495489.504: Total time for which application threads were stopped: 0.0090584 seconds, Stopping threads took: 0.0002266 seconds
{Heap before GC invocations=5135 (full 7):
 par new generation   total 38080K, used 33959K [0x0000000085600000, 0x0000000087f50000, 0x000000009a2c0000)
  eden space 33856K, 100% used [0x0000000085600000, 0x0000000087710000, 0x0000000087710000)
  from space 4224K,   2% used [0x0000000087b30000, 0x0000000087b49c48, 0x0000000087f50000)
  to   space 4224K,   0% used [0x0000000087710000, 0x0000000087710000, 0x0000000087b30000)
 concurrent mark-sweep generation total 137704K, used 83153K [0x000000009a2c0000, 0x00000000a293a000, 0x0000000100000000)
 Metaspace       used 111681K, capacity 118273K, committed 120492K, reserved 1155072K
  class space    used 13542K, capacity 14759K, committed 15328K, reserved 1048576K
2021-02-01T12:43:49.678+0000: 495598.343: [GC (Allocation Failure) 2021-02-01T12:43:49.678+0000: 495598.343: [ParNew
Desired survivor size 2162688 bytes, new threshold 6 (max 6)
- age   1:      25648 bytes,      25648 total
- age   2:        152 bytes,      25800 total
- age   5:        128 bytes,      25928 total
: 33959K->30K(38080K), 0.0056362 secs] 117113K->83184K(175784K), 0.0059378 secs] [Times: user=0.02 sys=0.00, real=0.01 secs] 
Heap after GC invocations=5136 (full 7):
 par new generation   total 38080K, used 30K [0x0000000085600000, 0x0000000087f50000, 0x000000009a2c0000)
  eden space 33856K,   0% used [0x0000000085600000, 0x0000000085600000, 0x0000000087710000)
  from space 4224K,   0% used [0x0000000087710000, 0x00000000877179e0, 0x0000000087b30000)
  to   space 4224K,   0% used [0x0000000087b30000, 0x0000000087b30000, 0x0000000087f50000)
 concurrent mark-sweep generation total 137704K, used 83153K [0x000000009a2c0000, 0x00000000a293a000, 0x0000000100000000)
 Metaspace       used 111681K, capacity 118273K, committed 120492K, reserved 1155072K
  class space    used 13542K, capacity 14759K, committed 15328K, reserved 1048576K
}
2021-02-01T12:43:49.684+0000: 495598.349: Total time for which application threads were stopped: 0.0066602 seconds, Stopping threads took: 0.0000735 seconds
{Heap before GC invocations=5136 (full 7):
 par new generation   total 38080K, used 33886K [0x0000000085600000, 0x0000000087f50000, 0x000000009a2c0000)
  eden space 33856K, 100% used [0x0000000085600000, 0x0000000087710000, 0x0000000087710000)
  from space 4224K,   0% used [0x0000000087710000, 0x00000000877179e0, 0x0000000087b30000)
  to   space 4224K,   0% used [0x0000000087b30000, 0x0000000087b30000, 0x0000000087f50000)
 concurrent mark-sweep generation total 137704K, used 83153K [0x000000009a2c0000, 0x00000000a293a000, 0x0000000100000000)
 Metaspace       used 111681K, capacity 118273K, committed 120492K, reserved 1155072K
  class space    used 13542K, capacity 14759K, committed 15328K, reserved 1048576K
2021-02-01T12:45:38.549+0000: 495707.215: [GC (Allocation Failure) 2021-02-01T12:45:38.550+0000: 495707.215: [ParNew
Desired survivor size 2162688 bytes, new threshold 6 (max 6)
- age   1:      25712 bytes,      25712 total
- age   6:        128 bytes,      25840 total
: 33886K->29K(38080K), 0.0056696 secs] 117040K->83183K(175784K), 0.0058816 secs] [Times: user=0.02 sys=0.01, real=0.01 secs] 
Heap after GC invocations=5137 (full 7):
 par new generation   total 38080K, used 29K [0x0000000085600000, 0x0000000087f50000, 0x000000009a2c0000)
  eden space 33856K,   0% used [0x0000000085600000, 0x0000000085600000, 0x0000000087710000)
  from space 4224K,   0% used [0x0000000087b30000, 0x0000000087b37608, 0x0000000087f50000)
  to   space 4224K,   0% used [0x0000000087710000, 0x0000000087710000, 0x0000000087b30000)
 concurrent mark-sweep generation total 137704K, used 83153K [0x000000009a2c0000, 0x00000000a293a000, 0x0000000100000000)
 Metaspace       used 111681K, capacity 118273K, committed 120492K, reserved 1155072K
  class space    used 13542K, capacity 14759K, committed 15328K, reserved 1048576K
}
2021-02-01T12:45:38.555+0000: 495707.221: Total time for which application threads were stopped: 0.0064845 seconds, Stopping threads took: 0.0000879 seconds
{Heap before GC invocations=5137 (full 7):
 par new generation   total 38080K, used 33885K [0x0000000085600000, 0x0000000087f50000, 0x000000009a2c0000)
  eden space 33856K, 100% used [0x0000000085600000, 0x0000000087710000, 0x0000000087710000)
  from space 4224K,   0% used [0x0000000087b30000, 0x0000000087b37608, 0x0000000087f50000)
  to   space 4224K,   0% used [0x0000000087710000, 0x0000000087710000, 0x0000000087b30000)
 concurrent mark-sweep generation total 137704K, used 83153K [0x000000009a2c0000, 0x00000000a293a000, 0x0000000100000000)
 Metaspace       used 111681K, capacity 118273K, committed 120492K, reserved 1155072K
  class space    used 13542K, capacity 14759K, committed 15328K, reserved 1048576K
2021-02-01T12:47:27.625+0000: 495816.291: [GC (Allocation Failure) 2021-02-01T12:47:27.625+0000: 495816.291: [ParNew
Desired survivor size 2162688 bytes, new threshold 6 (max 6)
- age   1:      25104 bytes,      25104 total
- age   2:        120 bytes,      25224 total
: 33885K->28K(38080K), 0.0049740 secs] 117039K->83182K(175784K), 0.0051908 secs] [Times: user=0.02 sys=0.00, real=0.00 secs] 
Heap after GC invocations=5138 (full 7):
 par new generation   total 38080K, used 28K [0x0000000085600000, 0x0000000087f50000, 0x000000009a2c0000)
  eden space 33856K,   0% used [0x0000000085600000, 0x0000000085600000, 0x0000000087710000)
  from space 4224K,   0% used [0x0000000087710000, 0x0000000087717040, 0x0000000087b30000)
  to   space 4224K,   0% used [0x0000000087b30000, 0x0000000087b30000, 0x0000000087f50000)
 concurrent mark-sweep generation total 137704K, used 83154K [0x000000009a2c0000, 0x00000000a293a000, 0x0000000100000000)
 Metaspace       used 111681K, capacity 118273K, committed 120492K, reserved 1155072K
  class space    used 13542K, capacity 14759K, committed 15328K, reserved 1048576K
}
2021-02-01T12:47:27.631+0000: 495816.296: Total time for which application threads were stopped: 0.0058017 seconds, Stopping threads took: 0.0000914 seconds
{Heap before GC invocations=5138 (full 7):
 par new generation   total 38080K, used 33884K [0x0000000085600000, 0x0000000087f50000, 0x000000009a2c0000)
  eden space 33856K, 100% used [0x0000000085600000, 0x0000000087710000, 0x0000000087710000)
  from space 4224K,   0% used [0x0000000087710000, 0x0000000087717040, 0x0000000087b30000)
  to   space 4224K,   0% used [0x0000000087b30000, 0x0000000087b30000, 0x0000000087f50000)
 concurrent mark-sweep generation total 137704K, used 83154K [0x000000009a2c0000, 0x00000000a293a000, 0x0000000100000000)
 Metaspace       used 111681K, capacity 118273K, committed 120492K, reserved 1155072K
  class space    used 13542K, capacity 14759K, committed 15328K, reserved 1048576K
2021-02-01T12:49:18.404+0000: 495927.070: [GC (Allocation Failure) 2021-02-01T12:49:18.405+0000: 495927.070: [ParNew
Desired survivor size 2162688 bytes, new threshold 6 (max 6)
- age   1:      31320 bytes,      31320 total
- age   2:         32 bytes,      31352 total
: 33884K->33K(38080K), 0.0044623 secs] 117038K->83187K(175784K), 0.0046863 secs] [Times: user=0.02 sys=0.00, real=0.00 secs] 
Heap after GC invocations=5139 (full 7):
 par new generation   total 38080K, used 33K [0x0000000085600000, 0x0000000087f50000, 0x000000009a2c0000)
  eden space 33856K,   0% used [0x0000000085600000, 0x0000000085600000, 0x0000000087710000)
  from space 4224K,   0% used [0x0000000087b30000, 0x0000000087b38508, 0x0000000087f50000)
  to   space 4224K,   0% used [0x0000000087710000, 0x0000000087710000, 0x0000000087b30000)
 concurrent mark-sweep generation total 137704K, used 83154K [0x000000009a2c0000, 0x00000000a293a000, 0x0000000100000000)
 Metaspace       used 111681K, capacity 118273K, committed 120492K, reserved 1155072K
  class space    used 13542K, capacity 14759K, committed 15328K, reserved 1048576K
}
2021-02-01T12:49:18.409+0000: 495927.075: Total time for which application threads were stopped: 0.0054512 seconds, Stopping threads took: 0.0000964 seconds
{Heap before GC invocations=5139 (full 7):
 par new generation   total 38080K, used 33889K [0x0000000085600000, 0x0000000087f50000, 0x000000009a2c0000)
  eden space 33856K, 100% used [0x0000000085600000, 0x0000000087710000, 0x0000000087710000)
  from space 4224K,   0% used [0x0000000087b30000, 0x0000000087b38508, 0x0000000087f50000)
  to   space 4224K,   0% used [0x0000000087710000, 0x0000000087710000, 0x0000000087b30000)
 concurrent mark-sweep generation total 137704K, used 83154K [0x000000009a2c0000, 0x00000000a293a000, 0x0000000100000000)
 Metaspace       used 111683K, capacity 118273K, committed 120492K, reserved 1155072K
  class space    used 13542K, capacity 14759K, committed 15328K, reserved 1048576K
2021-02-01T12:51:05.497+0000: 496034.163: [GC (Allocation Failure) 2021-02-01T12:51:05.498+0000: 496034.163: [ParNew
Desired survivor size 2162688 bytes, new threshold 6 (max 6)
- age   1:      95760 bytes,      95760 total
: 33889K->98K(38080K), 0.0042068 secs] 117043K->83252K(175784K), 0.0044011 secs] [Times: user=0.01 sys=0.00, real=0.01 secs] 
Heap after GC invocations=5140 (full 7):
 par new generation   total 38080K, used 98K [0x0000000085600000, 0x0000000087f50000, 0x000000009a2c0000)
  eden space 33856K,   0% used [0x0000000085600000, 0x0000000085600000, 0x0000000087710000)
  from space 4224K,   2% used [0x0000000087710000, 0x0000000087728868, 0x0000000087b30000)
  to   space 4224K,   0% used [0x0000000087b30000, 0x0000000087b30000, 0x0000000087f50000)
 concurrent mark-sweep generation total 137704K, used 83154K [0x000000009a2c0000, 0x00000000a293a000, 0x0000000100000000)
 Metaspace       used 111683K, capacity 118273K, committed 120492K, reserved 1155072K
  class space    used 13542K, capacity 14759K, committed 15328K, reserved 1048576K
}
2021-02-01T12:51:05.502+0000: 496034.167: Total time for which application threads were stopped: 0.0050859 seconds, Stopping threads took: 0.0000872 seconds
{Heap before GC invocations=5140 (full 7):
 par new generation   total 38080K, used 33954K [0x0000000085600000, 0x0000000087f50000, 0x000000009a2c0000)
  eden space 33856K, 100% used [0x0000000085600000, 0x0000000087710000, 0x0000000087710000)
  from space 4224K,   2% used [0x0000000087710000, 0x0000000087728868, 0x0000000087b30000)
  to   space 4224K,   0% used [0x0000000087b30000, 0x0000000087b30000, 0x0000000087f50000)
 concurrent mark-sweep generation total 137704K, used 83154K [0x000000009a2c0000, 0x00000000a293a000, 0x0000000100000000)
 Metaspace       used 111683K, capacity 118273K, committed 120492K, reserved 1155072K
  class space    used 13542K, capacity 14759K, committed 15328K, reserved 1048576K
2021-02-01T12:52:54.241+0000: 496142.907: [GC (Allocation Failure) 2021-02-01T12:52:54.241+0000: 496142.907: [ParNew
Desired survivor size 2162688 bytes, new threshold 6 (max 6)
- age   1:      26128 bytes,      26128 total
- age   2:        168 bytes,      26296 total
: 33954K->29K(38080K), 0.0058221 secs] 117108K->83183K(175784K), 0.0061794 secs] [Times: user=0.01 sys=0.00, real=0.00 secs] 
Heap after GC invocations=5141 (full 7):
 par new generation   total 38080K, used 29K [0x0000000085600000, 0x0000000087f50000, 0x000000009a2c0000)
  eden space 33856K,   0% used [0x0000000085600000, 0x0000000085600000, 0x0000000087710000)
  from space 4224K,   0% used [0x0000000087b30000, 0x0000000087b37598, 0x0000000087f50000)
  to   space 4224K,   0% used [0x0000000087710000, 0x0000000087710000, 0x0000000087b30000)
 concurrent mark-sweep generation total 137704K, used 83154K [0x000000009a2c0000, 0x00000000a293a000, 0x0000000100000000)
 Metaspace       used 111683K, capacity 118273K, committed 120492K, reserved 1155072K
  class space    used 13542K, capacity 14759K, committed 15328K, reserved 1048576K
}
2021-02-01T12:52:54.248+0000: 496142.913: Total time for which application threads were stopped: 0.0071192 seconds, Stopping threads took: 0.0003163 seconds
2021-02-01T12:53:27.253+0000: 496175.919: Total time for which application threads were stopped: 0.0001939 seconds, Stopping threads took: 0.0000396 seconds
{Heap before GC invocations=5141 (full 7):
 par new generation   total 38080K, used 33885K [0x0000000085600000, 0x0000000087f50000, 0x000000009a2c0000)
  eden space 33856K, 100% used [0x0000000085600000, 0x0000000087710000, 0x0000000087710000)
  from space 4224K,   0% used [0x0000000087b30000, 0x0000000087b37598, 0x0000000087f50000)
  to   space 4224K,   0% used [0x0000000087710000, 0x0000000087710000, 0x0000000087b30000)
 concurrent mark-sweep generation total 137704K, used 83154K [0x000000009a2c0000, 0x00000000a293a000, 0x0000000100000000)
 Metaspace       used 111683K, capacity 118273K, committed 120492K, reserved 1155072K
  class space    used 13542K, capacity 14759K, committed 15328K, reserved 1048576K
2021-02-01T12:54:43.051+0000: 496251.716: [GC (Allocation Failure) 2021-02-01T12:54:43.051+0000: 496251.716: [ParNew
Desired survivor size 2162688 bytes, new threshold 6 (max 6)
- age   1:      25592 bytes,      25592 total
- age   2:         32 bytes,      25624 total
: 33885K->29K(38080K), 0.0112813 secs] 117039K->83183K(175784K), 0.0124870 secs] [Times: user=0.03 sys=0.00, real=0.02 secs] 
Heap after GC invocations=5142 (full 7):
 par new generation   total 38080K, used 29K [0x0000000085600000, 0x0000000087f50000, 0x000000009a2c0000)
  eden space 33856K,   0% used [0x0000000085600000, 0x0000000085600000, 0x0000000087710000)
  from space 4224K,   0% used [0x0000000087710000, 0x0000000087717608, 0x0000000087b30000)
  to   space 4224K,   0% used [0x0000000087b30000, 0x0000000087b30000, 0x0000000087f50000)
 concurrent mark-sweep generation total 137704K, used 83154K [0x000000009a2c0000, 0x00000000a293a000, 0x0000000100000000)
 Metaspace       used 111683K, capacity 118273K, committed 120492K, reserved 1155072K
  class space    used 13542K, capacity 14759K, committed 15328K, reserved 1048576K
}
2021-02-01T12:54:43.063+0000: 496251.729: Total time for which application threads were stopped: 0.0137348 seconds, Stopping threads took: 0.0001988 seconds
{Heap before GC invocations=5142 (full 7):
 par new generation   total 38080K, used 33885K [0x0000000085600000, 0x0000000087f50000, 0x000000009a2c0000)
  eden space 33856K, 100% used [0x0000000085600000, 0x0000000087710000, 0x0000000087710000)
  from space 4224K,   0% used [0x0000000087710000, 0x0000000087717608, 0x0000000087b30000)
  to   space 4224K,   0% used [0x0000000087b30000, 0x0000000087b30000, 0x0000000087f50000)
 concurrent mark-sweep generation total 137704K, used 83154K [0x000000009a2c0000, 0x00000000a293a000, 0x0000000100000000)
 Metaspace       used 111683K, capacity 118273K, committed 120492K, reserved 1155072K
  class space    used 13542K, capacity 14759K, committed 15328K, reserved 1048576K
2021-02-01T12:56:31.980+0000: 496360.646: [GC (Allocation Failure) 2021-02-01T12:56:31.981+0000: 496360.646: [ParNew
Desired survivor size 2162688 bytes, new threshold 6 (max 6)
- age   1:      25880 bytes,      25880 total
- age   2:        120 bytes,      26000 total
- age   3:         32 bytes,      26032 total
: 33885K->29K(38080K), 0.0050494 secs] 117039K->83183K(175784K), 0.0052896 secs] [Times: user=0.02 sys=0.00, real=0.00 secs] 
Heap after GC invocations=5143 (full 7):
 par new generation   total 38080K, used 29K [0x0000000085600000, 0x0000000087f50000, 0x000000009a2c0000)
  eden space 33856K,   0% used [0x0000000085600000, 0x0000000085600000, 0x0000000087710000)
  from space 4224K,   0% used [0x0000000087b30000, 0x0000000087b37680, 0x0000000087f50000)
  to   space 4224K,   0% used [0x0000000087710000, 0x0000000087710000, 0x0000000087b30000)
 concurrent mark-sweep generation total 137704K, used 83154K [0x000000009a2c0000, 0x00000000a293a000, 0x0000000100000000)
 Metaspace       used 111683K, capacity 118273K, committed 120492K, reserved 1155072K
  class space    used 13542K, capacity 14759K, committed 15328K, reserved 1048576K
}
2021-02-01T12:56:31.986+0000: 496360.651: Total time for which application threads were stopped: 0.0059212 seconds, Stopping threads took: 0.0000769 seconds
{Heap before GC invocations=5143 (full 7):
 par new generation   total 38080K, used 33885K [0x0000000085600000, 0x0000000087f50000, 0x000000009a2c0000)
  eden space 33856K, 100% used [0x0000000085600000, 0x0000000087710000, 0x0000000087710000)
  from space 4224K,   0% used [0x0000000087b30000, 0x0000000087b37680, 0x0000000087f50000)
  to   space 4224K,   0% used [0x0000000087710000, 0x0000000087710000, 0x0000000087b30000)
 concurrent mark-sweep generation total 137704K, used 83154K [0x000000009a2c0000, 0x00000000a293a000, 0x0000000100000000)
 Metaspace       used 111683K, capacity 118273K, committed 120492K, reserved 1155072K
  class space    used 13542K, capacity 14759K, committed 15328K, reserved 1048576K
2021-02-01T12:58:23.116+0000: 496471.782: [GC (Allocation Failure) 2021-02-01T12:58:23.116+0000: 496471.782: [ParNew
Desired survivor size 2162688 bytes, new threshold 6 (max 6)
- age   1:      30560 bytes,      30560 total
- age   2:        152 bytes,      30712 total
- age   4:         32 bytes,      30744 total
: 33885K->31K(38080K), 0.0052664 secs] 117039K->83185K(175784K), 0.0055550 secs] [Times: user=0.02 sys=0.00, real=0.01 secs] 
Heap after GC invocations=5144 (full 7):
 par new generation   total 38080K, used 31K [0x0000000085600000, 0x0000000087f50000, 0x000000009a2c0000)
  eden space 33856K,   0% used [0x0000000085600000, 0x0000000085600000, 0x0000000087710000)
  from space 4224K,   0% used [0x0000000087710000, 0x0000000087717e18, 0x0000000087b30000)
  to   space 4224K,   0% used [0x0000000087b30000, 0x0000000087b30000, 0x0000000087f50000)
 concurrent mark-sweep generation total 137704K, used 83154K [0x000000009a2c0000, 0x00000000a293a000, 0x0000000100000000)
 Metaspace       used 111683K, capacity 118273K, committed 120492K, reserved 1155072K
  class space    used 13542K, capacity 14759K, committed 15328K, reserved 1048576K
}
2021-02-01T12:58:23.122+0000: 496471.788: Total time for which application threads were stopped: 0.0067793 seconds, Stopping threads took: 0.0004311 seconds
{Heap before GC invocations=5144 (full 7):
 par new generation   total 38080K, used 33887K [0x0000000085600000, 0x0000000087f50000, 0x000000009a2c0000)
  eden space 33856K, 100% used [0x0000000085600000, 0x0000000087710000, 0x0000000087710000)
  from space 4224K,   0% used [0x0000000087710000, 0x0000000087717e18, 0x0000000087b30000)
  to   space 4224K,   0% used [0x0000000087b30000, 0x0000000087b30000, 0x0000000087f50000)
 concurrent mark-sweep generation total 137704K, used 83154K [0x000000009a2c0000, 0x00000000a293a000, 0x0000000100000000)
 Metaspace       used 111693K, capacity 118273K, committed 120492K, reserved 1155072K
  class space    used 13542K, capacity 14759K, committed 15328K, reserved 1048576K
2021-02-01T13:00:10.712+0000: 496579.378: [GC (Allocation Failure) 2021-02-01T13:00:10.712+0000: 496579.378: [ParNew
Desired survivor size 2162688 bytes, new threshold 6 (max 6)
- age   1:      64400 bytes,      64400 total
- age   5:         32 bytes,      64432 total
: 33887K->67K(38080K), 0.0056431 secs] 117041K->83221K(175784K), 0.0058822 secs] [Times: user=0.02 sys=0.00, real=0.00 secs] 
Heap after GC invocations=5145 (full 7):
 par new generation   total 38080K, used 67K [0x0000000085600000, 0x0000000087f50000, 0x000000009a2c0000)
  eden space 33856K,   0% used [0x0000000085600000, 0x0000000085600000, 0x0000000087710000)
  from space 4224K,   1% used [0x0000000087b30000, 0x0000000087b40dd0, 0x0000000087f50000)
  to   space 4224K,   0% used [0x0000000087710000, 0x0000000087710000, 0x0000000087b30000)
 concurrent mark-sweep generation total 137704K, used 83154K [0x000000009a2c0000, 0x00000000a293a000, 0x0000000100000000)
 Metaspace       used 111693K, capacity 118273K, committed 120492K, reserved 1155072K
  class space    used 13542K, capacity 14759K, committed 15328K, reserved 1048576K
}
2021-02-01T13:00:10.718+0000: 496579.384: Total time for which application threads were stopped: 0.0065658 seconds, Stopping threads took: 0.0000652 seconds
{Heap before GC invocations=5145 (full 7):
 par new generation   total 38080K, used 33923K [0x0000000085600000, 0x0000000087f50000, 0x000000009a2c0000)
  eden space 33856K, 100% used [0x0000000085600000, 0x0000000087710000, 0x0000000087710000)
  from space 4224K,   1% used [0x0000000087b30000, 0x0000000087b40dd0, 0x0000000087f50000)
  to   space 4224K,   0% used [0x0000000087710000, 0x0000000087710000, 0x0000000087b30000)
 concurrent mark-sweep generation total 137704K, used 83154K [0x000000009a2c0000, 0x00000000a293a000, 0x0000000100000000)
 Metaspace       used 111693K, capacity 118273K, committed 120492K, reserved 1155072K
  class space    used 13542K, capacity 14759K, committed 15328K, reserved 1048576K
2021-02-01T13:01:58.054+0000: 496686.720: [GC (Allocation Failure) 2021-02-01T13:01:58.055+0000: 496686.720: [ParNew
Desired survivor size 2162688 bytes, new threshold 6 (max 6)
- age   1:     129984 bytes,     129984 total
- age   2:        360 bytes,     130344 total
: 33923K->131K(38080K), 0.0039685 secs] 117077K->83285K(175784K), 0.0041740 secs] [Times: user=0.02 sys=0.00, real=0.00 secs] 
Heap after GC invocations=5146 (full 7):
 par new generation   total 38080K, used 131K [0x0000000085600000, 0x0000000087f50000, 0x000000009a2c0000)
  eden space 33856K,   0% used [0x0000000085600000, 0x0000000085600000, 0x0000000087710000)
  from space 4224K,   3% used [0x0000000087710000, 0x0000000087730d00, 0x0000000087b30000)
  to   space 4224K,   0% used [0x0000000087b30000, 0x0000000087b30000, 0x0000000087f50000)
 concurrent mark-sweep generation total 137704K, used 83154K [0x000000009a2c0000, 0x00000000a293a000, 0x0000000100000000)
 Metaspace       used 111693K, capacity 118273K, committed 120492K, reserved 1155072K
  class space    used 13542K, capacity 14759K, committed 15328K, reserved 1048576K
}
2021-02-01T13:01:58.059+0000: 496686.724: Total time for which application threads were stopped: 0.0048443 seconds, Stopping threads took: 0.0000920 seconds
{Heap before GC invocations=5146 (full 7):
 par new generation   total 38080K, used 33987K [0x0000000085600000, 0x0000000087f50000, 0x000000009a2c0000)
  eden space 33856K, 100% used [0x0000000085600000, 0x0000000087710000, 0x0000000087710000)
  from space 4224K,   3% used [0x0000000087710000, 0x0000000087730d00, 0x0000000087b30000)
  to   space 4224K,   0% used [0x0000000087b30000, 0x0000000087b30000, 0x0000000087f50000)
 concurrent mark-sweep generation total 137704K, used 83154K [0x000000009a2c0000, 0x00000000a293a000, 0x0000000100000000)
 Metaspace       used 111693K, capacity 118273K, committed 120492K, reserved 1155072K
  class space    used 13542K, capacity 14759K, committed 15328K, reserved 1048576K
2021-02-01T13:03:47.844+0000: 496796.509: [GC (Allocation Failure) 2021-02-01T13:03:47.844+0000: 496796.509: [ParNew
Desired survivor size 2162688 bytes, new threshold 6 (max 6)
- age   1:      25936 bytes,      25936 total
- age   2:         64 bytes,      26000 total
- age   3:        240 bytes,      26240 total
: 33987K->27K(38080K), 0.0026070 secs] 117141K->83181K(175784K), 0.0026903 secs] [Times: user=0.01 sys=0.01, real=0.00 secs] 
Heap after GC invocations=5147 (full 7):
 par new generation   total 38080K, used 27K [0x0000000085600000, 0x0000000087f50000, 0x000000009a2c0000)
  eden space 33856K,   0% used [0x0000000085600000, 0x0000000085600000, 0x0000000087710000)
  from space 4224K,   0% used [0x0000000087b30000, 0x0000000087b36f48, 0x0000000087f50000)
  to   space 4224K,   0% used [0x0000000087710000, 0x0000000087710000, 0x0000000087b30000)
 concurrent mark-sweep generation total 137704K, used 83154K [0x000000009a2c0000, 0x00000000a293a000, 0x0000000100000000)
 Metaspace       used 111693K, capacity 118273K, committed 120492K, reserved 1155072K
  class space    used 13542K, capacity 14759K, committed 15328K, reserved 1048576K
}
2021-02-01T13:03:47.846+0000: 496796.512: Total time for which application threads were stopped: 0.0029157 seconds, Stopping threads took: 0.0000293 seconds
{Heap before GC invocations=5147 (full 7):
 par new generation   total 38080K, used 33883K [0x0000000085600000, 0x0000000087f50000, 0x000000009a2c0000)
  eden space 33856K, 100% used [0x0000000085600000, 0x0000000087710000, 0x0000000087710000)
  from space 4224K,   0% used [0x0000000087b30000, 0x0000000087b36f48, 0x0000000087f50000)
  to   space 4224K,   0% used [0x0000000087710000, 0x0000000087710000, 0x0000000087b30000)
 concurrent mark-sweep generation total 137704K, used 83154K [0x000000009a2c0000, 0x00000000a293a000, 0x0000000100000000)
 Metaspace       used 111693K, capacity 118273K, committed 120492K, reserved 1155072K
  class space    used 13542K, capacity 14759K, committed 15328K, reserved 1048576K
2021-02-01T13:05:36.945+0000: 496905.611: [GC (Allocation Failure) 2021-02-01T13:05:36.945+0000: 496905.611: [ParNew
Desired survivor size 2162688 bytes, new threshold 6 (max 6)
- age   1:      26112 bytes,      26112 total
- age   2:        152 bytes,      26264 total
- age   4:        240 bytes,      26504 total
: 33883K->29K(38080K), 0.0052166 secs] 117037K->83183K(175784K), 0.0054666 secs] [Times: user=0.02 sys=0.00, real=0.00 secs] 
Heap after GC invocations=5148 (full 7):
 par new generation   total 38080K, used 29K [0x0000000085600000, 0x0000000087f50000, 0x000000009a2c0000)
  eden space 33856K,   0% used [0x0000000085600000, 0x0000000085600000, 0x0000000087710000)
  from space 4224K,   0% used [0x0000000087710000, 0x0000000087717680, 0x0000000087b30000)
  to   space 4224K,   0% used [0x0000000087b30000, 0x0000000087b30000, 0x0000000087f50000)
 concurrent mark-sweep generation total 137704K, used 83154K [0x000000009a2c0000, 0x00000000a293a000, 0x0000000100000000)
 Metaspace       used 111693K, capacity 118273K, committed 120492K, reserved 1155072K
  class space    used 13542K, capacity 14759K, committed 15328K, reserved 1048576K
}
2021-02-01T13:05:36.951+0000: 496905.616: Total time for which application threads were stopped: 0.0062678 seconds, Stopping threads took: 0.0001992 seconds
{Heap before GC invocations=5148 (full 7):
 par new generation   total 38080K, used 33885K [0x0000000085600000, 0x0000000087f50000, 0x000000009a2c0000)
  eden space 33856K, 100% used [0x0000000085600000, 0x0000000087710000, 0x0000000087710000)
  from space 4224K,   0% used [0x0000000087710000, 0x0000000087717680, 0x0000000087b30000)
  to   space 4224K,   0% used [0x0000000087b30000, 0x0000000087b30000, 0x0000000087f50000)
 concurrent mark-sweep generation total 137704K, used 83154K [0x000000009a2c0000, 0x00000000a293a000, 0x0000000100000000)
 Metaspace       used 111693K, capacity 118273K, committed 120492K, reserved 1155072K
  class space    used 13542K, capacity 14759K, committed 15328K, reserved 1048576K
2021-02-01T13:07:26.409+0000: 497015.074: [GC (Allocation Failure) 2021-02-01T13:07:26.409+0000: 497015.074: [ParNew
Desired survivor size 2162688 bytes, new threshold 6 (max 6)
- age   1:     128608 bytes,     128608 total
- age   2:        152 bytes,     128760 total
- age   3:         32 bytes,     128792 total
- age   5:        240 bytes,     129032 total
: 33885K->131K(38080K), 0.0048422 secs] 117039K->83286K(175784K), 0.0050679 secs] [Times: user=0.02 sys=0.00, real=0.01 secs] 
Heap after GC invocations=5149 (full 7):
 par new generation   total 38080K, used 131K [0x0000000085600000, 0x0000000087f50000, 0x000000009a2c0000)
  eden space 33856K,   0% used [0x0000000085600000, 0x0000000085600000, 0x0000000087710000)
  from space 4224K,   3% used [0x0000000087b30000, 0x0000000087b50fd0, 0x0000000087f50000)
  to   space 4224K,   0% used [0x0000000087710000, 0x0000000087710000, 0x0000000087b30000)
 concurrent mark-sweep generation total 137704K, used 83154K [0x000000009a2c0000, 0x00000000a293a000, 0x0000000100000000)
 Metaspace       used 111693K, capacity 118273K, committed 120492K, reserved 1155072K
  class space    used 13542K, capacity 14759K, committed 15328K, reserved 1048576K
}
2021-02-01T13:07:26.414+0000: 497015.079: Total time for which application threads were stopped: 0.0057687 seconds, Stopping threads took: 0.0001523 seconds
{Heap before GC invocations=5149 (full 7):
 par new generation   total 38080K, used 33987K [0x0000000085600000, 0x0000000087f50000, 0x000000009a2c0000)
  eden space 33856K, 100% used [0x0000000085600000, 0x0000000087710000, 0x0000000087710000)
  from space 4224K,   3% used [0x0000000087b30000, 0x0000000087b50fd0, 0x0000000087f50000)
  to   space 4224K,   0% used [0x0000000087710000, 0x0000000087710000, 0x0000000087b30000)
 concurrent mark-sweep generation total 137704K, used 83154K [0x000000009a2c0000, 0x00000000a293a000, 0x0000000100000000)
 Metaspace       used 111693K, capacity 118273K, committed 120492K, reserved 1155072K
  class space    used 13542K, capacity 14759K, committed 15328K, reserved 1048576K
2021-02-01T13:09:13.827+0000: 497122.493: [GC (Allocation Failure) 2021-02-01T13:09:13.827+0000: 497122.493: [ParNew
Desired survivor size 2162688 bytes, new threshold 6 (max 6)
- age   1:      99136 bytes,      99136 total
- age   2:      35392 bytes,     134528 total
- age   3:         32 bytes,     134560 total
- age   6:        240 bytes,     134800 total
: 33987K->144K(38080K), 0.0049908 secs] 117142K->83298K(175784K), 0.0052527 secs] [Times: user=0.02 sys=0.00, real=0.01 secs] 
Heap after GC invocations=5150 (full 7):
 par new generation   total 38080K, used 144K [0x0000000085600000, 0x0000000087f50000, 0x000000009a2c0000)
  eden space 33856K,   0% used [0x0000000085600000, 0x0000000085600000, 0x0000000087710000)
  from space 4224K,   3% used [0x0000000087710000, 0x0000000087734000, 0x0000000087b30000)
  to   space 4224K,   0% used [0x0000000087b30000, 0x0000000087b30000, 0x0000000087f50000)
 concurrent mark-sweep generation total 137704K, used 83154K [0x000000009a2c0000, 0x00000000a293a000, 0x0000000100000000)
 Metaspace       used 111693K, capacity 118273K, committed 120492K, reserved 1155072K
  class space    used 13542K, capacity 14759K, committed 15328K, reserved 1048576K
}
2021-02-01T13:09:13.833+0000: 497122.498: Total time for which application threads were stopped: 0.0061140 seconds, Stopping threads took: 0.0001619 seconds
{Heap before GC invocations=5150 (full 7):
 par new generation   total 38080K, used 34000K [0x0000000085600000, 0x0000000087f50000, 0x000000009a2c0000)
  eden space 33856K, 100% used [0x0000000085600000, 0x0000000087710000, 0x0000000087710000)
  from space 4224K,   3% used [0x0000000087710000, 0x0000000087734000, 0x0000000087b30000)
  to   space 4224K,   0% used [0x0000000087b30000, 0x0000000087b30000, 0x0000000087f50000)
 concurrent mark-sweep generation total 137704K, used 83154K [0x000000009a2c0000, 0x00000000a293a000, 0x0000000100000000)
 Metaspace       used 111693K, capacity 118273K, committed 120492K, reserved 1155072K
  class space    used 13542K, capacity 14759K, committed 15328K, reserved 1048576K
2021-02-01T13:11:00.444+0000: 497229.110: [GC (Allocation Failure) 2021-02-01T13:11:00.444+0000: 497229.110: [ParNew
Desired survivor size 2162688 bytes, new threshold 6 (max 6)
- age   1:      99168 bytes,      99168 total
- age   2:      33888 bytes,     133056 total
- age   3:      35104 bytes,     168160 total
- age   4:         32 bytes,     168192 total
: 34000K->167K(38080K), 0.0045820 secs] 117154K->83321K(175784K), 0.0048375 secs] [Times: user=0.02 sys=0.00, real=0.00 secs] 
Heap after GC invocations=5151 (full 7):
 par new generation   total 38080K, used 167K [0x0000000085600000, 0x0000000087f50000, 0x000000009a2c0000)
  eden space 33856K,   0% used [0x0000000085600000, 0x0000000085600000, 0x0000000087710000)
  from space 4224K,   3% used [0x0000000087b30000, 0x0000000087b59c40, 0x0000000087f50000)
  to   space 4224K,   0% used [0x0000000087710000, 0x0000000087710000, 0x0000000087b30000)
 concurrent mark-sweep generation total 137704K, used 83154K [0x000000009a2c0000, 0x00000000a293a000, 0x0000000100000000)
 Metaspace       used 111693K, capacity 118273K, committed 120492K, reserved 1155072K
  class space    used 13542K, capacity 14759K, committed 15328K, reserved 1048576K
}
2021-02-01T13:11:00.449+0000: 497229.115: Total time for which application threads were stopped: 0.0055134 seconds, Stopping threads took: 0.0000695 seconds
{Heap before GC invocations=5151 (full 7):
 par new generation   total 38080K, used 34023K [0x0000000085600000, 0x0000000087f50000, 0x000000009a2c0000)
  eden space 33856K, 100% used [0x0000000085600000, 0x0000000087710000, 0x0000000087710000)
  from space 4224K,   3% used [0x0000000087b30000, 0x0000000087b59c40, 0x0000000087f50000)
  to   space 4224K,   0% used [0x0000000087710000, 0x0000000087710000, 0x0000000087b30000)
 concurrent mark-sweep generation total 137704K, used 83154K [0x000000009a2c0000, 0x00000000a293a000, 0x0000000100000000)
 Metaspace       used 111693K, capacity 118273K, committed 120492K, reserved 1155072K
  class space    used 13542K, capacity 14759K, committed 15328K, reserved 1048576K
2021-02-01T13:12:49.423+0000: 497338.089: [GC (Allocation Failure) 2021-02-01T13:12:49.423+0000: 497338.089: [ParNew
Desired survivor size 2162688 bytes, new threshold 6 (max 6)
- age   1:      27520 bytes,      27520 total
- age   2:        160 bytes,      27680 total
- age   3:      33736 bytes,      61416 total
- age   4:      34848 bytes,      96264 total
- age   5:         32 bytes,      96296 total
: 34023K->99K(38080K), 0.0056587 secs] 117177K->83254K(175784K), 0.0060351 secs] [Times: user=0.02 sys=0.00, real=0.00 secs] 
Heap after GC invocations=5152 (full 7):
 par new generation   total 38080K, used 99K [0x0000000085600000, 0x0000000087f50000, 0x000000009a2c0000)
  eden space 33856K,   0% used [0x0000000085600000, 0x0000000085600000, 0x0000000087710000)
  from space 4224K,   2% used [0x0000000087710000, 0x0000000087728f78, 0x0000000087b30000)
  to   space 4224K,   0% used [0x0000000087b30000, 0x0000000087b30000, 0x0000000087f50000)
 concurrent mark-sweep generation total 137704K, used 83154K [0x000000009a2c0000, 0x00000000a293a000, 0x0000000100000000)
 Metaspace       used 111693K, capacity 118273K, committed 120492K, reserved 1155072K
  class space    used 13542K, capacity 14759K, committed 15328K, reserved 1048576K
}
2021-02-01T13:12:49.429+0000: 497338.095: Total time for which application threads were stopped: 0.0069285 seconds, Stopping threads took: 0.0000909 seconds
{Heap before GC invocations=5152 (full 7):
 par new generation   total 38080K, used 33955K [0x0000000085600000, 0x0000000087f50000, 0x000000009a2c0000)
  eden space 33856K, 100% used [0x0000000085600000, 0x0000000087710000, 0x0000000087710000)
  from space 4224K,   2% used [0x0000000087710000, 0x0000000087728f78, 0x0000000087b30000)
  to   space 4224K,   0% used [0x0000000087b30000, 0x0000000087b30000, 0x0000000087f50000)
 concurrent mark-sweep generation total 137704K, used 83154K [0x000000009a2c0000, 0x00000000a293a000, 0x0000000100000000)
 Metaspace       used 111693K, capacity 118273K, committed 120492K, reserved 1155072K
  class space    used 13542K, capacity 14759K, committed 15328K, reserved 1048576K
2021-02-01T13:14:38.127+0000: 497446.793: [GC (Allocation Failure) 2021-02-01T13:14:38.127+0000: 497446.793: [ParNew
Desired survivor size 2162688 bytes, new threshold 6 (max 6)
- age   1:      24408 bytes,      24408 total
- age   5:        360 bytes,      24768 total
- age   6:         32 bytes,      24800 total
: 33955K->29K(38080K), 0.0053278 secs] 117110K->83184K(175784K), 0.0056670 secs] [Times: user=0.02 sys=0.00, real=0.01 secs] 
Heap after GC invocations=5153 (full 7):
 par new generation   total 38080K, used 29K [0x0000000085600000, 0x0000000087f50000, 0x000000009a2c0000)
  eden space 33856K,   0% used [0x0000000085600000, 0x0000000085600000, 0x0000000087710000)
  from space 4224K,   0% used [0x0000000087b30000, 0x0000000087b37708, 0x0000000087f50000)
  to   space 4224K,   0% used [0x0000000087710000, 0x0000000087710000, 0x0000000087b30000)
 concurrent mark-sweep generation total 137704K, used 83154K [0x000000009a2c0000, 0x00000000a293a000, 0x0000000100000000)
 Metaspace       used 111693K, capacity 118273K, committed 120492K, reserved 1155072K
  class space    used 13542K, capacity 14759K, committed 15328K, reserved 1048576K
}
2021-02-01T13:14:38.133+0000: 497446.798: Total time for which application threads were stopped: 0.0065841 seconds, Stopping threads took: 0.0001008 seconds
{Heap before GC invocations=5153 (full 7):
 par new generation   total 38080K, used 33885K [0x0000000085600000, 0x0000000087f50000, 0x000000009a2c0000)
  eden space 33856K, 100% used [0x0000000085600000, 0x0000000087710000, 0x0000000087710000)
  from space 4224K,   0% used [0x0000000087b30000, 0x0000000087b37708, 0x0000000087f50000)
  to   space 4224K,   0% used [0x0000000087710000, 0x0000000087710000, 0x0000000087b30000)
 concurrent mark-sweep generation total 137704K, used 83154K [0x000000009a2c0000, 0x00000000a293a000, 0x0000000100000000)
 Metaspace       used 111693K, capacity 118273K, committed 120492K, reserved 1155072K
  class space    used 13542K, capacity 14759K, committed 15328K, reserved 1048576K
2021-02-01T13:16:26.700+0000: 497555.366: [GC (Allocation Failure) 2021-02-01T13:16:26.700+0000: 497555.366: [ParNew
Desired survivor size 2162688 bytes, new threshold 6 (max 6)
- age   1:      26880 bytes,      26880 total
- age   2:        232 bytes,      27112 total
- age   6:        360 bytes,      27472 total
: 33885K->31K(38080K), 0.0061715 secs] 117040K->83185K(175784K), 0.0064957 secs] [Times: user=0.01 sys=0.00, real=0.00 secs] 
Heap after GC invocations=5154 (full 7):
 par new generation   total 38080K, used 31K [0x0000000085600000, 0x0000000087f50000, 0x000000009a2c0000)
  eden space 33856K,   0% used [0x0000000085600000, 0x0000000085600000, 0x0000000087710000)
  from space 4224K,   0% used [0x0000000087710000, 0x0000000087717e18, 0x0000000087b30000)
  to   space 4224K,   0% used [0x0000000087b30000, 0x0000000087b30000, 0x0000000087f50000)
 concurrent mark-sweep generation total 137704K, used 83154K [0x000000009a2c0000, 0x00000000a293a000, 0x0000000100000000)
 Metaspace       used 111693K, capacity 118273K, committed 120492K, reserved 1155072K
  class space    used 13542K, capacity 14759K, committed 15328K, reserved 1048576K
}
2021-02-01T13:16:26.707+0000: 497555.372: Total time for which application threads were stopped: 0.0073623 seconds, Stopping threads took: 0.0000899 seconds
{Heap before GC invocations=5154 (full 7):
 par new generation   total 38080K, used 33887K [0x0000000085600000, 0x0000000087f50000, 0x000000009a2c0000)
  eden space 33856K, 100% used [0x0000000085600000, 0x0000000087710000, 0x0000000087710000)
  from space 4224K,   0% used [0x0000000087710000, 0x0000000087717e18, 0x0000000087b30000)
  to   space 4224K,   0% used [0x0000000087b30000, 0x0000000087b30000, 0x0000000087f50000)
 concurrent mark-sweep generation total 137704K, used 83154K [0x000000009a2c0000, 0x00000000a293a000, 0x0000000100000000)
 Metaspace       used 111693K, capacity 118273K, committed 120492K, reserved 1155072K
  class space    used 13542K, capacity 14759K, committed 15328K, reserved 1048576K
2021-02-01T13:18:17.665+0000: 497666.331: [GC (Allocation Failure) 2021-02-01T13:18:17.666+0000: 497666.331: [ParNew
Desired survivor size 2162688 bytes, new threshold 6 (max 6)
- age   1:      30248 bytes,      30248 total
- age   2:         64 bytes,      30312 total
: 33887K->31K(38080K), 0.0057906 secs] 117041K->83186K(175784K), 0.0060731 secs] [Times: user=0.02 sys=0.00, real=0.01 secs] 
Heap after GC invocations=5155 (full 7):
 par new generation   total 38080K, used 31K [0x0000000085600000, 0x0000000087f50000, 0x000000009a2c0000)
  eden space 33856K,   0% used [0x0000000085600000, 0x0000000085600000, 0x0000000087710000)
  from space 4224K,   0% used [0x0000000087b30000, 0x0000000087b37e18, 0x0000000087f50000)
  to   space 4224K,   0% used [0x0000000087710000, 0x0000000087710000, 0x0000000087b30000)
 concurrent mark-sweep generation total 137704K, used 83154K [0x000000009a2c0000, 0x00000000a293a000, 0x0000000100000000)
 Metaspace       used 111693K, capacity 118273K, committed 120492K, reserved 1155072K
  class space    used 13542K, capacity 14759K, committed 15328K, reserved 1048576K
}
2021-02-01T13:18:17.672+0000: 497666.337: Total time for which application threads were stopped: 0.0069046 seconds, Stopping threads took: 0.0000877 seconds
{Heap before GC invocations=5155 (full 7):
 par new generation   total 38080K, used 33887K [0x0000000085600000, 0x0000000087f50000, 0x000000009a2c0000)
  eden space 33856K, 100% used [0x0000000085600000, 0x0000000087710000, 0x0000000087710000)
  from space 4224K,   0% used [0x0000000087b30000, 0x0000000087b37e18, 0x0000000087f50000)
  to   space 4224K,   0% used [0x0000000087710000, 0x0000000087710000, 0x0000000087b30000)
 concurrent mark-sweep generation total 137704K, used 83154K [0x000000009a2c0000, 0x00000000a293a000, 0x0000000100000000)
 Metaspace       used 111693K, capacity 118273K, committed 120492K, reserved 1155072K
  class space    used 13542K, capacity 14759K, committed 15328K, reserved 1048576K
2021-02-01T13:20:04.971+0000: 497773.636: [GC (Allocation Failure) 2021-02-01T13:20:04.971+0000: 497773.637: [ParNew
Desired survivor size 2162688 bytes, new threshold 6 (max 6)
- age   1:      97856 bytes,      97856 total
- age   2:        120 bytes,      97976 total
: 33887K->101K(38080K), 0.0057062 secs] 117042K->83256K(175784K), 0.0060056 secs] [Times: user=0.02 sys=0.00, real=0.01 secs] 
Heap after GC invocations=5156 (full 7):
 par new generation   total 38080K, used 101K [0x0000000085600000, 0x0000000087f50000, 0x000000009a2c0000)
  eden space 33856K,   0% used [0x0000000085600000, 0x0000000085600000, 0x0000000087710000)
  from space 4224K,   2% used [0x0000000087710000, 0x0000000087729548, 0x0000000087b30000)
  to   space 4224K,   0% used [0x0000000087b30000, 0x0000000087b30000, 0x0000000087f50000)
 concurrent mark-sweep generation total 137704K, used 83154K [0x000000009a2c0000, 0x00000000a293a000, 0x0000000100000000)
 Metaspace       used 111693K, capacity 118273K, committed 120492K, reserved 1155072K
  class space    used 13542K, capacity 14759K, committed 15328K, reserved 1048576K
}
2021-02-01T13:20:04.977+0000: 497773.643: Total time for which application threads were stopped: 0.0069776 seconds, Stopping threads took: 0.0000751 seconds
{Heap before GC invocations=5156 (full 7):
 par new generation   total 38080K, used 33957K [0x0000000085600000, 0x0000000087f50000, 0x000000009a2c0000)
  eden space 33856K, 100% used [0x0000000085600000, 0x0000000087710000, 0x0000000087710000)
  from space 4224K,   2% used [0x0000000087710000, 0x0000000087729548, 0x0000000087b30000)
  to   space 4224K,   0% used [0x0000000087b30000, 0x0000000087b30000, 0x0000000087f50000)
 concurrent mark-sweep generation total 137704K, used 83154K [0x000000009a2c0000, 0x00000000a293a000, 0x0000000100000000)
 Metaspace       used 111696K, capacity 118273K, committed 120492K, reserved 1155072K
  class space    used 13542K, capacity 14759K, committed 15328K, reserved 1048576K
2021-02-01T13:21:53.749+0000: 497882.414: [GC (Allocation Failure) 2021-02-01T13:21:53.749+0000: 497882.414: [ParNew
Desired survivor size 2162688 bytes, new threshold 6 (max 6)
- age   1:      26296 bytes,      26296 total
- age   2:        200 bytes,      26496 total
: 33957K->30K(38080K), 0.0047356 secs] 117112K->83184K(175784K), 0.0049748 secs] [Times: user=0.01 sys=0.00, real=0.01 secs] 
Heap after GC invocations=5157 (full 7):
 par new generation   total 38080K, used 30K [0x0000000085600000, 0x0000000087f50000, 0x000000009a2c0000)
  eden space 33856K,   0% used [0x0000000085600000, 0x0000000085600000, 0x0000000087710000)
  from space 4224K,   0% used [0x0000000087b30000, 0x0000000087b37860, 0x0000000087f50000)
  to   space 4224K,   0% used [0x0000000087710000, 0x0000000087710000, 0x0000000087b30000)
 concurrent mark-sweep generation total 137704K, used 83154K [0x000000009a2c0000, 0x00000000a293a000, 0x0000000100000000)
 Metaspace       used 111696K, capacity 118273K, committed 120492K, reserved 1155072K
  class space    used 13542K, capacity 14759K, committed 15328K, reserved 1048576K
}
2021-02-01T13:21:53.754+0000: 497882.419: Total time for which application threads were stopped: 0.0056039 seconds, Stopping threads took: 0.0000946 seconds
2021-02-01T13:22:26.761+0000: 497915.427: Total time for which application threads were stopped: 0.0005070 seconds, Stopping threads took: 0.0000942 seconds
2021-02-01T13:22:56.767+0000: 497945.432: Total time for which application threads were stopped: 0.0005074 seconds, Stopping threads took: 0.0000758 seconds
{Heap before GC invocations=5157 (full 7):
 par new generation   total 38080K, used 33886K [0x0000000085600000, 0x0000000087f50000, 0x000000009a2c0000)
  eden space 33856K, 100% used [0x0000000085600000, 0x0000000087710000, 0x0000000087710000)
  from space 4224K,   0% used [0x0000000087b30000, 0x0000000087b37860, 0x0000000087f50000)
  to   space 4224K,   0% used [0x0000000087710000, 0x0000000087710000, 0x0000000087b30000)
 concurrent mark-sweep generation total 137704K, used 83154K [0x000000009a2c0000, 0x00000000a293a000, 0x0000000100000000)
 Metaspace       used 111696K, capacity 118273K, committed 120492K, reserved 1155072K
  class space    used 13542K, capacity 14759K, committed 15328K, reserved 1048576K
2021-02-01T13:23:42.776+0000: 497991.441: [GC (Allocation Failure) 2021-02-01T13:23:42.776+0000: 497991.441: [ParNew
Desired survivor size 2162688 bytes, new threshold 6 (max 6)
- age   1:      25832 bytes,      25832 total
- age   3:         32 bytes,      25864 total
: 33886K->31K(38080K), 0.0064337 secs] 117040K->83186K(175784K), 0.0067994 secs] [Times: user=0.02 sys=0.00, real=0.01 secs] 
Heap after GC invocations=5158 (full 7):
 par new generation   total 38080K, used 31K [0x0000000085600000, 0x0000000087f50000, 0x000000009a2c0000)
  eden space 33856K,   0% used [0x0000000085600000, 0x0000000085600000, 0x0000000087710000)
  from space 4224K,   0% used [0x0000000087710000, 0x0000000087717e18, 0x0000000087b30000)
  to   space 4224K,   0% used [0x0000000087b30000, 0x0000000087b30000, 0x0000000087f50000)
 concurrent mark-sweep generation total 137704K, used 83154K [0x000000009a2c0000, 0x00000000a293a000, 0x0000000100000000)
 Metaspace       used 111696K, capacity 118273K, committed 120492K, reserved 1155072K
  class space    used 13542K, capacity 14759K, committed 15328K, reserved 1048576K
}
2021-02-01T13:23:42.783+0000: 497991.448: Total time for which application threads were stopped: 0.0078526 seconds, Stopping threads took: 0.0001743 seconds
{Heap before GC invocations=5158 (full 7):
 par new generation   total 38080K, used 33887K [0x0000000085600000, 0x0000000087f50000, 0x000000009a2c0000)
  eden space 33856K, 100% used [0x0000000085600000, 0x0000000087710000, 0x0000000087710000)
  from space 4224K,   0% used [0x0000000087710000, 0x0000000087717e18, 0x0000000087b30000)
  to   space 4224K,   0% used [0x0000000087b30000, 0x0000000087b30000, 0x0000000087f50000)
 concurrent mark-sweep generation total 137704K, used 83154K [0x000000009a2c0000, 0x00000000a293a000, 0x0000000100000000)
 Metaspace       used 111696K, capacity 118273K, committed 120492K, reserved 1155072K
  class space    used 13542K, capacity 14759K, committed 15328K, reserved 1048576K
2021-02-01T13:25:31.824+0000: 498100.490: [GC (Allocation Failure) 2021-02-01T13:25:31.824+0000: 498100.490: [ParNew
Desired survivor size 2162688 bytes, new threshold 6 (max 6)
- age   1:      25656 bytes,      25656 total
- age   2:        224 bytes,      25880 total
: 33887K->27K(38080K), 0.0053601 secs] 117042K->83182K(175784K), 0.0057080 secs] [Times: user=0.02 sys=0.00, real=0.00 secs] 
Heap after GC invocations=5159 (full 7):
 par new generation   total 38080K, used 27K [0x0000000085600000, 0x0000000087f50000, 0x000000009a2c0000)
  eden space 33856K,   0% used [0x0000000085600000, 0x0000000085600000, 0x0000000087710000)
  from space 4224K,   0% used [0x0000000087b30000, 0x0000000087b36e70, 0x0000000087f50000)
  to   space 4224K,   0% used [0x0000000087710000, 0x0000000087710000, 0x0000000087b30000)
 concurrent mark-sweep generation total 137704K, used 83154K [0x000000009a2c0000, 0x00000000a293a000, 0x0000000100000000)
 Metaspace       used 111696K, capacity 118273K, committed 120492K, reserved 1155072K
  class space    used 13542K, capacity 14759K, committed 15328K, reserved 1048576K
}
2021-02-01T13:25:31.830+0000: 498100.496: Total time for which application threads were stopped: 0.0063903 seconds, Stopping threads took: 0.0000728 seconds
{Heap before GC invocations=5159 (full 7):
 par new generation   total 38080K, used 33883K [0x0000000085600000, 0x0000000087f50000, 0x000000009a2c0000)
  eden space 33856K, 100% used [0x0000000085600000, 0x0000000087710000, 0x0000000087710000)
  from space 4224K,   0% used [0x0000000087b30000, 0x0000000087b36e70, 0x0000000087f50000)
  to   space 4224K,   0% used [0x0000000087710000, 0x0000000087710000, 0x0000000087b30000)
 concurrent mark-sweep generation total 137704K, used 83154K [0x000000009a2c0000, 0x00000000a293a000, 0x0000000100000000)
 Metaspace       used 111696K, capacity 118273K, committed 120492K, reserved 1155072K
  class space    used 13542K, capacity 14759K, committed 15328K, reserved 1048576K
2021-02-01T13:27:22.730+0000: 498211.396: [GC (Allocation Failure) 2021-02-01T13:27:22.730+0000: 498211.396: [ParNew
Desired survivor size 2162688 bytes, new threshold 6 (max 6)
- age   1:      30144 bytes,      30144 total
- age   2:        184 bytes,      30328 total
- age   3:        104 bytes,      30432 total
: 33883K->31K(38080K), 0.0054964 secs] 117038K->83186K(175784K), 0.0057686 secs] [Times: user=0.02 sys=0.00, real=0.01 secs] 
Heap after GC invocations=5160 (full 7):
 par new generation   total 38080K, used 31K [0x0000000085600000, 0x0000000087f50000, 0x000000009a2c0000)
  eden space 33856K,   0% used [0x0000000085600000, 0x0000000085600000, 0x0000000087710000)
  from space 4224K,   0% used [0x0000000087710000, 0x0000000087717e18, 0x0000000087b30000)
  to   space 4224K,   0% used [0x0000000087b30000, 0x0000000087b30000, 0x0000000087f50000)
 concurrent mark-sweep generation total 137704K, used 83154K [0x000000009a2c0000, 0x00000000a293a000, 0x0000000100000000)
 Metaspace       used 111696K, capacity 118273K, committed 120492K, reserved 1155072K
  class space    used 13542K, capacity 14759K, committed 15328K, reserved 1048576K
}
2021-02-01T13:27:22.736+0000: 498211.402: Total time for which application threads were stopped: 0.0065526 seconds, Stopping threads took: 0.0000730 seconds
{Heap before GC invocations=5160 (full 7):
 par new generation   total 38080K, used 33887K [0x0000000085600000, 0x0000000087f50000, 0x000000009a2c0000)
  eden space 33856K, 100% used [0x0000000085600000, 0x0000000087710000, 0x0000000087710000)
  from space 4224K,   0% used [0x0000000087710000, 0x0000000087717e18, 0x0000000087b30000)
  to   space 4224K,   0% used [0x0000000087b30000, 0x0000000087b30000, 0x0000000087f50000)
 concurrent mark-sweep generation total 137704K, used 83154K [0x000000009a2c0000, 0x00000000a293a000, 0x0000000100000000)
 Metaspace       used 111696K, capacity 118273K, committed 120492K, reserved 1155072K
  class space    used 13542K, capacity 14759K, committed 15328K, reserved 1048576K
2021-02-01T13:29:10.346+0000: 498319.011: [GC (Allocation Failure) 2021-02-01T13:29:10.346+0000: 498319.011: [ParNew
Desired survivor size 2162688 bytes, new threshold 6 (max 6)
- age   1:      64128 bytes,      64128 total
- age   3:         32 bytes,      64160 total
- age   4:        104 bytes,      64264 total
: 33887K->65K(38080K), 0.0038286 secs] 117042K->83220K(175784K), 0.0039391 secs] [Times: user=0.01 sys=0.00, real=0.00 secs] 
Heap after GC invocations=5161 (full 7):
 par new generation   total 38080K, used 65K [0x0000000085600000, 0x0000000087f50000, 0x000000009a2c0000)
  eden space 33856K,   0% used [0x0000000085600000, 0x0000000085600000, 0x0000000087710000)
  from space 4224K,   1% used [0x0000000087b30000, 0x0000000087b406c0, 0x0000000087f50000)
  to   space 4224K,   0% used [0x0000000087710000, 0x0000000087710000, 0x0000000087b30000)
 concurrent mark-sweep generation total 137704K, used 83154K [0x000000009a2c0000, 0x00000000a293a000, 0x0000000100000000)
 Metaspace       used 111696K, capacity 118273K, committed 120492K, reserved 1155072K
  class space    used 13542K, capacity 14759K, committed 15328K, reserved 1048576K
}
2021-02-01T13:29:10.350+0000: 498319.015: Total time for which application threads were stopped: 0.0042673 seconds, Stopping threads took: 0.0000339 seconds
{Heap before GC invocations=5161 (full 7):
 par new generation   total 38080K, used 33921K [0x0000000085600000, 0x0000000087f50000, 0x000000009a2c0000)
  eden space 33856K, 100% used [0x0000000085600000, 0x0000000087710000, 0x0000000087710000)
  from space 4224K,   1% used [0x0000000087b30000, 0x0000000087b406c0, 0x0000000087f50000)
  to   space 4224K,   0% used [0x0000000087710000, 0x0000000087710000, 0x0000000087b30000)
 concurrent mark-sweep generation total 137704K, used 83154K [0x000000009a2c0000, 0x00000000a293a000, 0x0000000100000000)
 Metaspace       used 111697K, capacity 118273K, committed 120492K, reserved 1155072K
  class space    used 13542K, capacity 14759K, committed 15328K, reserved 1048576K
2021-02-01T13:30:57.489+0000: 498426.155: [GC (Allocation Failure) 2021-02-01T13:30:57.489+0000: 498426.155: [ParNew
Desired survivor size 2162688 bytes, new threshold 6 (max 6)
- age   1:     129760 bytes,     129760 total
- age   2:        120 bytes,     129880 total
- age   4:         32 bytes,     129912 total
- age   5:        104 bytes,     130016 total
: 33921K->128K(38080K), 0.0049357 secs] 117076K->83283K(175784K), 0.0051907 secs] [Times: user=0.02 sys=0.00, real=0.01 secs] 
Heap after GC invocations=5162 (full 7):
 par new generation   total 38080K, used 128K [0x0000000085600000, 0x0000000087f50000, 0x000000009a2c0000)
  eden space 33856K,   0% used [0x0000000085600000, 0x0000000085600000, 0x0000000087710000)
  from space 4224K,   3% used [0x0000000087710000, 0x0000000087730268, 0x0000000087b30000)
  to   space 4224K,   0% used [0x0000000087b30000, 0x0000000087b30000, 0x0000000087f50000)
 concurrent mark-sweep generation total 137704K, used 83154K [0x000000009a2c0000, 0x00000000a293a000, 0x0000000100000000)
 Metaspace       used 111697K, capacity 118273K, committed 120492K, reserved 1155072K
  class space    used 13542K, capacity 14759K, committed 15328K, reserved 1048576K
}
2021-02-01T13:30:57.495+0000: 498426.160: Total time for which application threads were stopped: 0.0059467 seconds, Stopping threads took: 0.0000765 seconds
{Heap before GC invocations=5162 (full 7):
 par new generation   total 38080K, used 33984K [0x0000000085600000, 0x0000000087f50000, 0x000000009a2c0000)
  eden space 33856K, 100% used [0x0000000085600000, 0x0000000087710000, 0x0000000087710000)
  from space 4224K,   3% used [0x0000000087710000, 0x0000000087730268, 0x0000000087b30000)
  to   space 4224K,   0% used [0x0000000087b30000, 0x0000000087b30000, 0x0000000087f50000)
 concurrent mark-sweep generation total 137704K, used 83154K [0x000000009a2c0000, 0x00000000a293a000, 0x0000000100000000)
 Metaspace       used 111697K, capacity 118273K, committed 120492K, reserved 1155072K
  class space    used 13542K, capacity 14759K, committed 15328K, reserved 1048576K
2021-02-01T13:32:48.017+0000: 498536.683: [GC (Allocation Failure) 2021-02-01T13:32:48.017+0000: 498536.683: [ParNew
Desired survivor size 2162688 bytes, new threshold 6 (max 6)
- age   1:      26000 bytes,      26000 total
- age   6:        104 bytes,      26104 total
: 33984K->30K(38080K), 0.0063389 secs] 117139K->83185K(175784K), 0.0066292 secs] [Times: user=0.02 sys=0.00, real=0.01 secs] 
Heap after GC invocations=5163 (full 7):
 par new generation   total 38080K, used 30K [0x0000000085600000, 0x0000000087f50000, 0x000000009a2c0000)
  eden space 33856K,   0% used [0x0000000085600000, 0x0000000085600000, 0x0000000087710000)
  from space 4224K,   0% used [0x0000000087b30000, 0x0000000087b37978, 0x0000000087f50000)
  to   space 4224K,   0% used [0x0000000087710000, 0x0000000087710000, 0x0000000087b30000)
 concurrent mark-sweep generation total 137704K, used 83154K [0x000000009a2c0000, 0x00000000a293a000, 0x0000000100000000)
 Metaspace       used 111697K, capacity 118273K, committed 120492K, reserved 1155072K
  class space    used 13542K, capacity 14759K, committed 15328K, reserved 1048576K
}
2021-02-01T13:32:48.024+0000: 498536.689: Total time for which application threads were stopped: 0.0074452 seconds, Stopping threads took: 0.0001259 seconds
{Heap before GC invocations=5163 (full 7):
 par new generation   total 38080K, used 33886K [0x0000000085600000, 0x0000000087f50000, 0x000000009a2c0000)
  eden space 33856K, 100% used [0x0000000085600000, 0x0000000087710000, 0x0000000087710000)
  from space 4224K,   0% used [0x0000000087b30000, 0x0000000087b37978, 0x0000000087f50000)
  to   space 4224K,   0% used [0x0000000087710000, 0x0000000087710000, 0x0000000087b30000)
 concurrent mark-sweep generation total 137704K, used 83154K [0x000000009a2c0000, 0x00000000a293a000, 0x0000000100000000)
 Metaspace       used 111697K, capacity 118273K, committed 120492K, reserved 1155072K
  class space    used 13542K, capacity 14759K, committed 15328K, reserved 1048576K
2021-02-01T13:34:36.965+0000: 498645.630: [GC (Allocation Failure) 2021-02-01T13:34:36.965+0000: 498645.630: [ParNew
Desired survivor size 2162688 bytes, new threshold 6 (max 6)
- age   1:      25872 bytes,      25872 total
- age   2:        120 bytes,      25992 total
: 33886K->27K(38080K), 0.0061645 secs] 117041K->83182K(175784K), 0.0064816 secs] [Times: user=0.02 sys=0.01, real=0.01 secs] 
Heap after GC invocations=5164 (full 7):
 par new generation   total 38080K, used 27K [0x0000000085600000, 0x0000000087f50000, 0x000000009a2c0000)
  eden space 33856K,   0% used [0x0000000085600000, 0x0000000085600000, 0x0000000087710000)
  from space 4224K,   0% used [0x0000000087710000, 0x0000000087716e70, 0x0000000087b30000)
  to   space 4224K,   0% used [0x0000000087b30000, 0x0000000087b30000, 0x0000000087f50000)
 concurrent mark-sweep generation total 137704K, used 83154K [0x000000009a2c0000, 0x00000000a293a000, 0x0000000100000000)
 Metaspace       used 111697K, capacity 118273K, committed 120492K, reserved 1155072K
  class space    used 13542K, capacity 14759K, committed 15328K, reserved 1048576K
}
2021-02-01T13:34:36.971+0000: 498645.637: Total time for which application threads were stopped: 0.0073941 seconds, Stopping threads took: 0.0000913 seconds
{Heap before GC invocations=5164 (full 7):
 par new generation   total 38080K, used 33883K [0x0000000085600000, 0x0000000087f50000, 0x000000009a2c0000)
  eden space 33856K, 100% used [0x0000000085600000, 0x0000000087710000, 0x0000000087710000)
  from space 4224K,   0% used [0x0000000087710000, 0x0000000087716e70, 0x0000000087b30000)
  to   space 4224K,   0% used [0x0000000087b30000, 0x0000000087b30000, 0x0000000087f50000)
 concurrent mark-sweep generation total 137704K, used 83154K [0x000000009a2c0000, 0x00000000a293a000, 0x0000000100000000)
 Metaspace       used 111699K, capacity 118273K, committed 120492K, reserved 1155072K
  class space    used 13542K, capacity 14759K, committed 15328K, reserved 1048576K
2021-02-01T13:53:08.465+0000: 498757.499: [GC (Allocation Failure) 2021-02-01T13:53:08.465+0000: 498757.499: [ParNew
Desired survivor size 2162688 bytes, new threshold 6 (max 6)
- age   1:      27424 bytes,      27424 total
- age   2:        152 bytes,      27576 total
: 33883K->29K(38080K), 0.0039126 secs] 117038K->83184K(175784K), 0.0040655 secs] [Times: user=0.01 sys=0.00, real=0.00 secs] 
Heap after GC invocations=5165 (full 7):
 par new generation   total 38080K, used 29K [0x0000000085600000, 0x0000000087f50000, 0x000000009a2c0000)
  eden space 33856K,   0% used [0x0000000085600000, 0x0000000085600000, 0x0000000087710000)
  from space 4224K,   0% used [0x0000000087b30000, 0x0000000087b37560, 0x0000000087f50000)
  to   space 4224K,   0% used [0x0000000087710000, 0x0000000087710000, 0x0000000087b30000)
 concurrent mark-sweep generation total 137704K, used 83154K [0x000000009a2c0000, 0x00000000a293a000, 0x0000000100000000)
 Metaspace       used 111699K, capacity 118273K, committed 120492K, reserved 1155072K
  class space    used 13542K, capacity 14759K, committed 15328K, reserved 1048576K
}
2021-02-01T13:53:08.469+0000: 498757.503: Total time for which application threads were stopped: 0.0044090 seconds, Stopping threads took: 0.0000386 seconds
2021-02-01T13:54:06.476+0000: 498815.510: Total time for which application threads were stopped: 0.0004237 seconds, Stopping threads took: 0.0000790 seconds
{Heap before GC invocations=5165 (full 7):
 par new generation   total 38080K, used 33885K [0x0000000085600000, 0x0000000087f50000, 0x000000009a2c0000)
  eden space 33856K, 100% used [0x0000000085600000, 0x0000000087710000, 0x0000000087710000)
  from space 4224K,   0% used [0x0000000087b30000, 0x0000000087b37560, 0x0000000087f50000)
  to   space 4224K,   0% used [0x0000000087710000, 0x0000000087710000, 0x0000000087b30000)
 concurrent mark-sweep generation total 137704K, used 83154K [0x000000009a2c0000, 0x00000000a293a000, 0x0000000100000000)
 Metaspace       used 111699K, capacity 118273K, committed 120492K, reserved 1155072K
  class space    used 13542K, capacity 14759K, committed 15328K, reserved 1048576K
2021-02-01T13:54:59.106+0000: 498868.140: [GC (Allocation Failure) 2021-02-01T13:54:59.106+0000: 498868.140: [ParNew
Desired survivor size 2162688 bytes, new threshold 6 (max 6)
- age   1:      30008 bytes,      30008 total
- age   2:        152 bytes,      30160 total
- age   3:         32 bytes,      30192 total
: 33885K->31K(38080K), 0.0054522 secs] 117040K->83186K(175784K), 0.0057012 secs] [Times: user=0.02 sys=0.01, real=0.01 secs] 
Heap after GC invocations=5166 (full 7):
 par new generation   total 38080K, used 31K [0x0000000085600000, 0x0000000087f50000, 0x000000009a2c0000)
  eden space 33856K,   0% used [0x0000000085600000, 0x0000000085600000, 0x0000000087710000)
  from space 4224K,   0% used [0x0000000087710000, 0x0000000087717e90, 0x0000000087b30000)
  to   space 4224K,   0% used [0x0000000087b30000, 0x0000000087b30000, 0x0000000087f50000)
 concurrent mark-sweep generation total 137704K, used 83154K [0x000000009a2c0000, 0x00000000a293a000, 0x0000000100000000)
 Metaspace       used 111699K, capacity 118273K, committed 120492K, reserved 1155072K
  class space    used 13542K, capacity 14759K, committed 15328K, reserved 1048576K
}
2021-02-01T13:54:59.112+0000: 498868.145: Total time for which application threads were stopped: 0.0063215 seconds, Stopping threads took: 0.0000664 seconds
{Heap before GC invocations=5166 (full 7):
 par new generation   total 38080K, used 33887K [0x0000000085600000, 0x0000000087f50000, 0x000000009a2c0000)
  eden space 33856K, 100% used [0x0000000085600000, 0x0000000087710000, 0x0000000087710000)
  from space 4224K,   0% used [0x0000000087710000, 0x0000000087717e90, 0x0000000087b30000)
  to   space 4224K,   0% used [0x0000000087b30000, 0x0000000087b30000, 0x0000000087f50000)
 concurrent mark-sweep generation total 137704K, used 83154K [0x000000009a2c0000, 0x00000000a293a000, 0x0000000100000000)
 Metaspace       used 111699K, capacity 118273K, committed 120492K, reserved 1155072K
  class space    used 13542K, capacity 14759K, committed 15328K, reserved 1048576K
2021-02-01T13:56:46.531+0000: 498975.565: [GC (Allocation Failure) 2021-02-01T13:56:46.531+0000: 498975.565: [ParNew
Desired survivor size 2162688 bytes, new threshold 6 (max 6)
- age   1:      62136 bytes,      62136 total
- age   2:        120 bytes,      62256 total
: 33887K->65K(38080K), 0.0051243 secs] 117042K->83220K(175784K), 0.0054374 secs] [Times: user=0.01 sys=0.00, real=0.01 secs] 
Heap after GC invocations=5167 (full 7):
 par new generation   total 38080K, used 65K [0x0000000085600000, 0x0000000087f50000, 0x000000009a2c0000)
  eden space 33856K,   0% used [0x0000000085600000, 0x0000000085600000, 0x0000000087710000)
  from space 4224K,   1% used [0x0000000087b30000, 0x0000000087b407c0, 0x0000000087f50000)
  to   space 4224K,   0% used [0x0000000087710000, 0x0000000087710000, 0x0000000087b30000)
 concurrent mark-sweep generation total 137704K, used 83154K [0x000000009a2c0000, 0x00000000a293a000, 0x0000000100000000)
 Metaspace       used 111699K, capacity 118273K, committed 120492K, reserved 1155072K
  class space    used 13542K, capacity 14759K, committed 15328K, reserved 1048576K
}
2021-02-01T13:56:46.536+0000: 498975.570: Total time for which application threads were stopped: 0.0061765 seconds, Stopping threads took: 0.0001089 seconds
{Heap before GC invocations=5167 (full 7):
 par new generation   total 38080K, used 33909K [0x0000000085600000, 0x0000000087f50000, 0x000000009a2c0000)
  eden space 33856K,  99% used [0x0000000085600000, 0x000000008770cfb0, 0x0000000087710000)
  from space 4224K,   1% used [0x0000000087b30000, 0x0000000087b407c0, 0x0000000087f50000)
  to   space 4224K,   0% used [0x0000000087710000, 0x0000000087710000, 0x0000000087b30000)
 concurrent mark-sweep generation total 137704K, used 83154K [0x000000009a2c0000, 0x00000000a293a000, 0x0000000100000000)
 Metaspace       used 111699K, capacity 118273K, committed 120492K, reserved 1155072K
  class space    used 13542K, capacity 14759K, committed 15328K, reserved 1048576K
2021-02-01T13:58:34.097+0000: 499083.131: [GC (Allocation Failure) 2021-02-01T13:58:34.097+0000: 499083.131: [ParNew
Desired survivor size 2162688 bytes, new threshold 6 (max 6)
- age   1:     127912 bytes,     127912 total
- age   2:        152 bytes,     128064 total
: 33909K->128K(38080K), 0.0052659 secs] 117064K->83283K(175784K), 0.0055110 secs] [Times: user=0.01 sys=0.00, real=0.00 secs] 
Heap after GC invocations=5168 (full 7):
 par new generation   total 38080K, used 128K [0x0000000085600000, 0x0000000087f50000, 0x000000009a2c0000)
  eden space 33856K,   0% used [0x0000000085600000, 0x0000000085600000, 0x0000000087710000)
  from space 4224K,   3% used [0x0000000087710000, 0x00000000877301a0, 0x0000000087b30000)
  to   space 4224K,   0% used [0x0000000087b30000, 0x0000000087b30000, 0x0000000087f50000)
 concurrent mark-sweep generation total 137704K, used 83154K [0x000000009a2c0000, 0x00000000a293a000, 0x0000000100000000)
 Metaspace       used 111699K, capacity 118273K, committed 120492K, reserved 1155072K
  class space    used 13542K, capacity 14759K, committed 15328K, reserved 1048576K
}
2021-02-01T13:58:34.103+0000: 499083.136: Total time for which application threads were stopped: 0.0061091 seconds, Stopping threads took: 0.0000618 seconds
{Heap before GC invocations=5168 (full 7):
 par new generation   total 38080K, used 33984K [0x0000000085600000, 0x0000000087f50000, 0x000000009a2c0000)
  eden space 33856K, 100% used [0x0000000085600000, 0x0000000087710000, 0x0000000087710000)
  from space 4224K,   3% used [0x0000000087710000, 0x00000000877301a0, 0x0000000087b30000)
  to   space 4224K,   0% used [0x0000000087b30000, 0x0000000087b30000, 0x0000000087f50000)
 concurrent mark-sweep generation total 137704K, used 83154K [0x000000009a2c0000, 0x00000000a293a000, 0x0000000100000000)
 Metaspace       used 111699K, capacity 118273K, committed 120492K, reserved 1155072K
  class space    used 13542K, capacity 14759K, committed 15328K, reserved 1048576K
2021-02-01T14:00:24.423+0000: 499193.456: [GC (Allocation Failure) 2021-02-01T14:00:24.423+0000: 499193.456: [ParNew
Desired survivor size 2162688 bytes, new threshold 6 (max 6)
- age   1:      25888 bytes,      25888 total
- age   2:        168 bytes,      26056 total
- age   3:         32 bytes,      26088 total
: 33984K->29K(38080K), 0.0100906 secs] 117139K->83184K(175784K), 0.0103939 secs] [Times: user=0.03 sys=0.01, real=0.02 secs] 
Heap after GC invocations=5169 (full 7):
 par new generation   total 38080K, used 29K [0x0000000085600000, 0x0000000087f50000, 0x000000009a2c0000)
  eden space 33856K,   0% used [0x0000000085600000, 0x0000000085600000, 0x0000000087710000)
  from space 4224K,   0% used [0x0000000087b30000, 0x0000000087b37608, 0x0000000087f50000)
  to   space 4224K,   0% used [0x0000000087710000, 0x0000000087710000, 0x0000000087b30000)
 concurrent mark-sweep generation total 137704K, used 83154K [0x000000009a2c0000, 0x00000000a293a000, 0x0000000100000000)
 Metaspace       used 111699K, capacity 118273K, committed 120492K, reserved 1155072K
  class space    used 13542K, capacity 14759K, committed 15328K, reserved 1048576K
}
2021-02-01T14:00:24.433+0000: 499193.467: Total time for which application threads were stopped: 0.0109542 seconds, Stopping threads took: 0.0000643 seconds
{Heap before GC invocations=5169 (full 7):
 par new generation   total 38080K, used 33885K [0x0000000085600000, 0x0000000087f50000, 0x000000009a2c0000)
  eden space 33856K, 100% used [0x0000000085600000, 0x0000000087710000, 0x0000000087710000)
  from space 4224K,   0% used [0x0000000087b30000, 0x0000000087b37608, 0x0000000087f50000)
  to   space 4224K,   0% used [0x0000000087710000, 0x0000000087710000, 0x0000000087b30000)
 concurrent mark-sweep generation total 137704K, used 83154K [0x000000009a2c0000, 0x00000000a293a000, 0x0000000100000000)
 Metaspace       used 111699K, capacity 118273K, committed 120492K, reserved 1155072K
  class space    used 13542K, capacity 14759K, committed 15328K, reserved 1048576K
2021-02-01T14:02:13.292+0000: 499302.326: [GC (Allocation Failure) 2021-02-01T14:02:13.292+0000: 499302.326: [ParNew
Desired survivor size 2162688 bytes, new threshold 6 (max 6)
- age   1:      26016 bytes,      26016 total
- age   4:         32 bytes,      26048 total
: 33885K->29K(38080K), 0.0054015 secs] 117040K->83184K(175784K), 0.0057345 secs] [Times: user=0.01 sys=0.00, real=0.00 secs] 
Heap after GC invocations=5170 (full 7):
 par new generation   total 38080K, used 29K [0x0000000085600000, 0x0000000087f50000, 0x000000009a2c0000)
  eden space 33856K,   0% used [0x0000000085600000, 0x0000000085600000, 0x0000000087710000)
  from space 4224K,   0% used [0x0000000087710000, 0x0000000087717608, 0x0000000087b30000)
  to   space 4224K,   0% used [0x0000000087b30000, 0x0000000087b30000, 0x0000000087f50000)
 concurrent mark-sweep generation total 137704K, used 83154K [0x000000009a2c0000, 0x00000000a293a000, 0x0000000100000000)
 Metaspace       used 111699K, capacity 118273K, committed 120492K, reserved 1155072K
  class space    used 13542K, capacity 14759K, committed 15328K, reserved 1048576K
}
2021-02-01T14:02:13.298+0000: 499302.331: Total time for which application threads were stopped: 0.0067338 seconds, Stopping threads took: 0.0002538 seconds
{Heap before GC invocations=5170 (full 7):
 par new generation   total 38080K, used 33885K [0x0000000085600000, 0x0000000087f50000, 0x000000009a2c0000)
  eden space 33856K, 100% used [0x0000000085600000, 0x0000000087710000, 0x0000000087710000)
  from space 4224K,   0% used [0x0000000087710000, 0x0000000087717608, 0x0000000087b30000)
  to   space 4224K,   0% used [0x0000000087b30000, 0x0000000087b30000, 0x0000000087f50000)
 concurrent mark-sweep generation total 137704K, used 83154K [0x000000009a2c0000, 0x00000000a293a000, 0x0000000100000000)
 Metaspace       used 111699K, capacity 118273K, committed 120492K, reserved 1155072K
  class space    used 13542K, capacity 14759K, committed 15328K, reserved 1048576K
2021-02-01T14:04:04.900+0000: 499413.933: [GC (Allocation Failure) 2021-02-01T14:04:04.900+0000: 499413.933: [ParNew
Desired survivor size 2162688 bytes, new threshold 6 (max 6)
- age   1:      30232 bytes,      30232 total
- age   2:        120 bytes,      30352 total
- age   5:         32 bytes,      30384 total
: 33885K->31K(38080K), 0.0058923 secs] 117040K->83186K(175784K), 0.0062516 secs] [Times: user=0.02 sys=0.01, real=0.01 secs] 
Heap after GC invocations=5171 (full 7):
 par new generation   total 38080K, used 31K [0x0000000085600000, 0x0000000087f50000, 0x000000009a2c0000)
  eden space 33856K,   0% used [0x0000000085600000, 0x0000000085600000, 0x0000000087710000)
  from space 4224K,   0% used [0x0000000087b30000, 0x0000000087b37f80, 0x0000000087f50000)
  to   space 4224K,   0% used [0x0000000087710000, 0x0000000087710000, 0x0000000087b30000)
 concurrent mark-sweep generation total 137704K, used 83154K [0x000000009a2c0000, 0x00000000a293a000, 0x0000000100000000)
 Metaspace       used 111699K, capacity 118273K, committed 120492K, reserved 1155072K
  class space    used 13542K, capacity 14759K, committed 15328K, reserved 1048576K
}
2021-02-01T14:04:04.906+0000: 499413.940: Total time for which application threads were stopped: 0.0071169 seconds, Stopping threads took: 0.0001387 seconds
{Heap before GC invocations=5171 (full 7):
 par new generation   total 38080K, used 33887K [0x0000000085600000, 0x0000000087f50000, 0x000000009a2c0000)
  eden space 33856K, 100% used [0x0000000085600000, 0x0000000087710000, 0x0000000087710000)
  from space 4224K,   0% used [0x0000000087b30000, 0x0000000087b37f80, 0x0000000087f50000)
  to   space 4224K,   0% used [0x0000000087710000, 0x0000000087710000, 0x0000000087b30000)
 concurrent mark-sweep generation total 137704K, used 83154K [0x000000009a2c0000, 0x00000000a293a000, 0x0000000100000000)
 Metaspace       used 111699K, capacity 118273K, committed 120492K, reserved 1155072K
  class space    used 13542K, capacity 14759K, committed 15328K, reserved 1048576K
2021-02-01T14:05:52.889+0000: 499521.922: [GC (Allocation Failure) 2021-02-01T14:05:52.889+0000: 499521.922: [ParNew
Desired survivor size 2162688 bytes, new threshold 6 (max 6)
- age   1:      64048 bytes,      64048 total
- age   2:        152 bytes,      64200 total
: 33887K->67K(38080K), 0.0050913 secs] 117042K->83222K(175784K), 0.0053357 secs] [Times: user=0.02 sys=0.00, real=0.01 secs] 
Heap after GC invocations=5172 (full 7):
 par new generation   total 38080K, used 67K [0x0000000085600000, 0x0000000087f50000, 0x000000009a2c0000)
  eden space 33856K,   0% used [0x0000000085600000, 0x0000000085600000, 0x0000000087710000)
  from space 4224K,   1% used [0x0000000087710000, 0x0000000087720f20, 0x0000000087b30000)
  to   space 4224K,   0% used [0x0000000087b30000, 0x0000000087b30000, 0x0000000087f50000)
 concurrent mark-sweep generation total 137704K, used 83154K [0x000000009a2c0000, 0x00000000a293a000, 0x0000000100000000)
 Metaspace       used 111699K, capacity 118273K, committed 120492K, reserved 1155072K
  class space    used 13542K, capacity 14759K, committed 15328K, reserved 1048576K
}
2021-02-01T14:05:52.894+0000: 499521.928: Total time for which application threads were stopped: 0.0060731 seconds, Stopping threads took: 0.0000775 seconds
{Heap before GC invocations=5172 (full 7):
 par new generation   total 38080K, used 33923K [0x0000000085600000, 0x0000000087f50000, 0x000000009a2c0000)
  eden space 33856K, 100% used [0x0000000085600000, 0x0000000087710000, 0x0000000087710000)
  from space 4224K,   1% used [0x0000000087710000, 0x0000000087720f20, 0x0000000087b30000)
  to   space 4224K,   0% used [0x0000000087b30000, 0x0000000087b30000, 0x0000000087f50000)
 concurrent mark-sweep generation total 137704K, used 83154K [0x000000009a2c0000, 0x00000000a293a000, 0x0000000100000000)
 Metaspace       used 111699K, capacity 118273K, committed 120492K, reserved 1155072K
  class space    used 13542K, capacity 14759K, committed 15328K, reserved 1048576K
2021-02-01T14:07:40.151+0000: 499629.185: [GC (Allocation Failure) 2021-02-01T14:07:40.152+0000: 499629.185: [ParNew
Desired survivor size 2162688 bytes, new threshold 6 (max 6)
- age   1:      98008 bytes,      98008 total
- age   2:         32 bytes,      98040 total
: 33923K->97K(38080K), 0.0051447 secs] 117078K->83252K(175784K), 0.0054189 secs] [Times: user=0.01 sys=0.00, real=0.00 secs] 
Heap after GC invocations=5173 (full 7):
 par new generation   total 38080K, used 97K [0x0000000085600000, 0x0000000087f50000, 0x000000009a2c0000)
  eden space 33856K,   0% used [0x0000000085600000, 0x0000000085600000, 0x0000000087710000)
  from space 4224K,   2% used [0x0000000087b30000, 0x0000000087b48630, 0x0000000087f50000)
  to   space 4224K,   0% used [0x0000000087710000, 0x0000000087710000, 0x0000000087b30000)
 concurrent mark-sweep generation total 137704K, used 83154K [0x000000009a2c0000, 0x00000000a293a000, 0x0000000100000000)
 Metaspace       used 111699K, capacity 118273K, committed 120492K, reserved 1155072K
  class space    used 13542K, capacity 14759K, committed 15328K, reserved 1048576K
}
2021-02-01T14:07:40.157+0000: 499629.191: Total time for which application threads were stopped: 0.0061912 seconds, Stopping threads took: 0.0000774 seconds
{Heap before GC invocations=5173 (full 7):
 par new generation   total 38080K, used 33953K [0x0000000085600000, 0x0000000087f50000, 0x000000009a2c0000)
  eden space 33856K, 100% used [0x0000000085600000, 0x0000000087710000, 0x0000000087710000)
  from space 4224K,   2% used [0x0000000087b30000, 0x0000000087b48630, 0x0000000087f50000)
  to   space 4224K,   0% used [0x0000000087710000, 0x0000000087710000, 0x0000000087b30000)
 concurrent mark-sweep generation total 137704K, used 83154K [0x000000009a2c0000, 0x00000000a293a000, 0x0000000100000000)
 Metaspace       used 111699K, capacity 118273K, committed 120492K, reserved 1155072K
  class space    used 13542K, capacity 14759K, committed 15328K, reserved 1048576K
2021-02-01T14:09:29.157+0000: 499738.191: [GC (Allocation Failure) 2021-02-01T14:09:29.157+0000: 499738.191: [ParNew
Desired survivor size 2162688 bytes, new threshold 6 (max 6)
- age   1:      25536 bytes,      25536 total
- age   2:        264 bytes,      25800 total
: 33953K->30K(38080K), 0.0060763 secs] 117108K->83185K(175784K), 0.0063224 secs] [Times: user=0.02 sys=0.00, real=0.01 secs] 
Heap after GC invocations=5174 (full 7):
 par new generation   total 38080K, used 30K [0x0000000085600000, 0x0000000087f50000, 0x000000009a2c0000)
  eden space 33856K,   0% used [0x0000000085600000, 0x0000000085600000, 0x0000000087710000)
  from space 4224K,   0% used [0x0000000087710000, 0x0000000087717a38, 0x0000000087b30000)
  to   space 4224K,   0% used [0x0000000087b30000, 0x0000000087b30000, 0x0000000087f50000)
 concurrent mark-sweep generation total 137704K, used 83154K [0x000000009a2c0000, 0x00000000a293a000, 0x0000000100000000)
 Metaspace       used 111699K, capacity 118273K, committed 120492K, reserved 1155072K
  class space    used 13542K, capacity 14759K, committed 15328K, reserved 1048576K
}
2021-02-01T14:09:29.164+0000: 499738.197: Total time for which application threads were stopped: 0.0069785 seconds, Stopping threads took: 0.0001286 seconds
{Heap before GC invocations=5174 (full 7):
 par new generation   total 38080K, used 33886K [0x0000000085600000, 0x0000000087f50000, 0x000000009a2c0000)
  eden space 33856K, 100% used [0x0000000085600000, 0x0000000087710000, 0x0000000087710000)
  from space 4224K,   0% used [0x0000000087710000, 0x0000000087717a38, 0x0000000087b30000)
  to   space 4224K,   0% used [0x0000000087b30000, 0x0000000087b30000, 0x0000000087f50000)
 concurrent mark-sweep generation total 137704K, used 83154K [0x000000009a2c0000, 0x00000000a293a000, 0x0000000100000000)
 Metaspace       used 111699K, capacity 118273K, committed 120492K, reserved 1155072K
  class space    used 13542K, capacity 14759K, committed 15328K, reserved 1048576K
2021-02-01T14:11:18.156+0000: 499847.190: [GC (Allocation Failure) 2021-02-01T14:11:18.156+0000: 499847.190: [ParNew
Desired survivor size 2162688 bytes, new threshold 6 (max 6)
- age   1:      25448 bytes,      25448 total
- age   2:        152 bytes,      25600 total
- age   3:        144 bytes,      25744 total
: 33886K->29K(38080K), 0.0060752 secs] 117041K->83184K(175784K), 0.0064183 secs] [Times: user=0.02 sys=0.00, real=0.00 secs] 
Heap after GC invocations=5175 (full 7):
 par new generation   total 38080K, used 29K [0x0000000085600000, 0x0000000087f50000, 0x000000009a2c0000)
  eden space 33856K,   0% used [0x0000000085600000, 0x0000000085600000, 0x0000000087710000)
  from space 4224K,   0% used [0x0000000087b30000, 0x0000000087b37608, 0x0000000087f50000)
  to   space 4224K,   0% used [0x0000000087710000, 0x0000000087710000, 0x0000000087b30000)
 concurrent mark-sweep generation total 137704K, used 83154K [0x000000009a2c0000, 0x00000000a293a000, 0x0000000100000000)
 Metaspace       used 111699K, capacity 118273K, committed 120492K, reserved 1155072K
  class space    used 13542K, capacity 14759K, committed 15328K, reserved 1048576K
}
2021-02-01T14:11:18.163+0000: 499847.197: Total time for which application threads were stopped: 0.0071849 seconds, Stopping threads took: 0.0000918 seconds
{Heap before GC invocations=5175 (full 7):
 par new generation   total 38080K, used 33885K [0x0000000085600000, 0x0000000087f50000, 0x000000009a2c0000)
  eden space 33856K, 100% used [0x0000000085600000, 0x0000000087710000, 0x0000000087710000)
  from space 4224K,   0% used [0x0000000087b30000, 0x0000000087b37608, 0x0000000087f50000)
  to   space 4224K,   0% used [0x0000000087710000, 0x0000000087710000, 0x0000000087b30000)
 concurrent mark-sweep generation total 137704K, used 83154K [0x000000009a2c0000, 0x00000000a293a000, 0x0000000100000000)
 Metaspace       used 111699K, capacity 118273K, committed 120492K, reserved 1155072K
  class space    used 13542K, capacity 14759K, committed 15328K, reserved 1048576K
2021-02-01T18:24:47.049+0000: 499960.394: [GC (Allocation Failure) 2021-02-01T18:24:47.049+0000: 499960.394: [ParNew
Desired survivor size 2162688 bytes, new threshold 6 (max 6)
- age   1:      29808 bytes,      29808 total
- age   3:         32 bytes,      29840 total
- age   4:        144 bytes,      29984 total
: 33885K->31K(38080K), 0.0033125 secs] 117040K->83186K(175784K), 0.0034278 secs] [Times: user=0.01 sys=0.00, real=0.01 secs] 
Heap after GC invocations=5176 (full 7):
 par new generation   total 38080K, used 31K [0x0000000085600000, 0x0000000087f50000, 0x000000009a2c0000)
  eden space 33856K,   0% used [0x0000000085600000, 0x0000000085600000, 0x0000000087710000)
  from space 4224K,   0% used [0x0000000087710000, 0x0000000087717e90, 0x0000000087b30000)
  to   space 4224K,   0% used [0x0000000087b30000, 0x0000000087b30000, 0x0000000087f50000)
 concurrent mark-sweep generation total 137704K, used 83154K [0x000000009a2c0000, 0x00000000a293a000, 0x0000000100000000)
 Metaspace       used 111699K, capacity 118273K, committed 120492K, reserved 1155072K
  class space    used 13542K, capacity 14759K, committed 15328K, reserved 1048576K
}
2021-02-01T18:24:47.053+0000: 499960.398: Total time for which application threads were stopped: 0.0037372 seconds, Stopping threads took: 0.0000348 seconds
{Heap before GC invocations=5176 (full 7):
 par new generation   total 38080K, used 33887K [0x0000000085600000, 0x0000000087f50000, 0x000000009a2c0000)
  eden space 33856K, 100% used [0x0000000085600000, 0x0000000087710000, 0x0000000087710000)
  from space 4224K,   0% used [0x0000000087710000, 0x0000000087717e90, 0x0000000087b30000)
  to   space 4224K,   0% used [0x0000000087b30000, 0x0000000087b30000, 0x0000000087f50000)
 concurrent mark-sweep generation total 137704K, used 83154K [0x000000009a2c0000, 0x00000000a293a000, 0x0000000100000000)
 Metaspace       used 111699K, capacity 118273K, committed 120492K, reserved 1155072K
  class space    used 13542K, capacity 14759K, committed 15328K, reserved 1048576K
2021-02-01T18:26:34.207+0000: 500067.553: [GC (Allocation Failure) 2021-02-01T18:26:34.208+0000: 500067.553: [ParNew
Desired survivor size 2162688 bytes, new threshold 6 (max 6)
- age   1:      29632 bytes,      29632 total
- age   2:        152 bytes,      29784 total
- age   4:         32 bytes,      29816 total
- age   5:        144 bytes,      29960 total
: 33887K->31K(38080K), 0.0049601 secs] 117042K->83186K(175784K), 0.0052801 secs] [Times: user=0.02 sys=0.00, real=0.01 secs] 
Heap after GC invocations=5177 (full 7):
 par new generation   total 38080K, used 31K [0x0000000085600000, 0x0000000087f50000, 0x000000009a2c0000)
  eden space 33856K,   0% used [0x0000000085600000, 0x0000000085600000, 0x0000000087710000)
  from space 4224K,   0% used [0x0000000087b30000, 0x0000000087b37e78, 0x0000000087f50000)
  to   space 4224K,   0% used [0x0000000087710000, 0x0000000087710000, 0x0000000087b30000)
 concurrent mark-sweep generation total 137704K, used 83154K [0x000000009a2c0000, 0x00000000a293a000, 0x0000000100000000)
 Metaspace       used 111699K, capacity 118273K, committed 120492K, reserved 1155072K
  class space    used 13542K, capacity 14759K, committed 15328K, reserved 1048576K
}
2021-02-01T18:26:34.213+0000: 500067.558: Total time for which application threads were stopped: 0.0060843 seconds, Stopping threads took: 0.0001899 seconds
{Heap before GC invocations=5177 (full 7):
 par new generation   total 38080K, used 33887K [0x0000000085600000, 0x0000000087f50000, 0x000000009a2c0000)
  eden space 33856K, 100% used [0x0000000085600000, 0x0000000087710000, 0x0000000087710000)
  from space 4224K,   0% used [0x0000000087b30000, 0x0000000087b37e78, 0x0000000087f50000)
  to   space 4224K,   0% used [0x0000000087710000, 0x0000000087710000, 0x0000000087b30000)
 concurrent mark-sweep generation total 137704K, used 83154K [0x000000009a2c0000, 0x00000000a293a000, 0x0000000100000000)
 Metaspace       used 111699K, capacity 118273K, committed 120492K, reserved 1155072K
  class space    used 13542K, capacity 14759K, committed 15328K, reserved 1048576K
2021-02-01T18:28:22.740+0000: 500176.085: [GC (Allocation Failure) 2021-02-01T18:28:22.740+0000: 500176.085: [ParNew
Desired survivor size 2162688 bytes, new threshold 6 (max 6)
- age   1:      62616 bytes,      62616 total
- age   6:        144 bytes,      62760 total
: 33887K->64K(38080K), 0.0082336 secs] 117042K->83219K(175784K), 0.0087010 secs] [Times: user=0.02 sys=0.00, real=0.00 secs] 
Heap after GC invocations=5178 (full 7):
 par new generation   total 38080K, used 64K [0x0000000085600000, 0x0000000087f50000, 0x000000009a2c0000)
  eden space 33856K,   0% used [0x0000000085600000, 0x0000000085600000, 0x0000000087710000)
  from space 4224K,   1% used [0x0000000087710000, 0x0000000087720240, 0x0000000087b30000)
  to   space 4224K,   0% used [0x0000000087b30000, 0x0000000087b30000, 0x0000000087f50000)
 concurrent mark-sweep generation total 137704K, used 83154K [0x000000009a2c0000, 0x00000000a293a000, 0x0000000100000000)
 Metaspace       used 111699K, capacity 118273K, committed 120492K, reserved 1155072K
  class space    used 13542K, capacity 14759K, committed 15328K, reserved 1048576K
}
2021-02-01T18:28:22.749+0000: 500176.094: Total time for which application threads were stopped: 0.0095755 seconds, Stopping threads took: 0.0001876 seconds
{Heap before GC invocations=5178 (full 7):
 par new generation   total 38080K, used 33904K [0x0000000085600000, 0x0000000087f50000, 0x000000009a2c0000)
  eden space 33856K,  99% used [0x0000000085600000, 0x000000008770c050, 0x0000000087710000)
  from space 4224K,   1% used [0x0000000087710000, 0x0000000087720240, 0x0000000087b30000)
  to   space 4224K,   0% used [0x0000000087b30000, 0x0000000087b30000, 0x0000000087f50000)
 concurrent mark-sweep generation total 137704K, used 83154K [0x000000009a2c0000, 0x00000000a293a000, 0x0000000100000000)
 Metaspace       used 111699K, capacity 118273K, committed 120492K, reserved 1155072K
  class space    used 13542K, capacity 14759K, committed 15328K, reserved 1048576K
2021-02-01T18:30:12.348+0000: 500285.693: [GC (Allocation Failure) 2021-02-01T18:30:12.348+0000: 500285.693: [ParNew
Desired survivor size 2162688 bytes, new threshold 6 (max 6)
- age   1:      26352 bytes,      26352 total
- age   2:        176 bytes,      26528 total
: 33904K->30K(38080K), 0.0020200 secs] 117059K->83185K(175784K), 0.0021138 secs] [Times: user=0.00 sys=0.01, real=0.00 secs] 
Heap after GC invocations=5179 (full 7):
 par new generation   total 38080K, used 30K [0x0000000085600000, 0x0000000087f50000, 0x000000009a2c0000)
  eden space 33856K,   0% used [0x0000000085600000, 0x0000000085600000, 0x0000000087710000)
  from space 4224K,   0% used [0x0000000087b30000, 0x0000000087b37aa0, 0x0000000087f50000)
  to   space 4224K,   0% used [0x0000000087710000, 0x0000000087710000, 0x0000000087b30000)
 concurrent mark-sweep generation total 137704K, used 83154K [0x000000009a2c0000, 0x00000000a293a000, 0x0000000100000000)
 Metaspace       used 111699K, capacity 118273K, committed 120492K, reserved 1155072K
  class space    used 13542K, capacity 14759K, committed 15328K, reserved 1048576K
}
2021-02-01T18:30:12.350+0000: 500285.695: Total time for which application threads were stopped: 0.0023397 seconds, Stopping threads took: 0.0000292 seconds
{Heap before GC invocations=5179 (full 7):
 par new generation   total 38080K, used 33886K [0x0000000085600000, 0x0000000087f50000, 0x000000009a2c0000)
  eden space 33856K, 100% used [0x0000000085600000, 0x0000000087710000, 0x0000000087710000)
  from space 4224K,   0% used [0x0000000087b30000, 0x0000000087b37aa0, 0x0000000087f50000)
  to   space 4224K,   0% used [0x0000000087710000, 0x0000000087710000, 0x0000000087b30000)
 concurrent mark-sweep generation total 137704K, used 83154K [0x000000009a2c0000, 0x00000000a293a000, 0x0000000100000000)
 Metaspace       used 111699K, capacity 118273K, committed 120492K, reserved 1155072K
  class space    used 13542K, capacity 14759K, committed 15328K, reserved 1048576K
2021-02-01T18:32:01.054+0000: 500394.399: [GC (Allocation Failure) 2021-02-01T18:32:01.054+0000: 500394.399: [ParNew
Desired survivor size 2162688 bytes, new threshold 6 (max 6)
- age   1:      25816 bytes,      25816 total
- age   2:         56 bytes,      25872 total
: 33886K->29K(38080K), 0.0020267 secs] 117041K->83184K(175784K), 0.0021181 secs] [Times: user=0.00 sys=0.00, real=0.00 secs] 
Heap after GC invocations=5180 (full 7):
 par new generation   total 38080K, used 29K [0x0000000085600000, 0x0000000087f50000, 0x000000009a2c0000)
  eden space 33856K,   0% used [0x0000000085600000, 0x0000000085600000, 0x0000000087710000)
  from space 4224K,   0% used [0x0000000087710000, 0x0000000087717608, 0x0000000087b30000)
  to   space 4224K,   0% used [0x0000000087b30000, 0x0000000087b30000, 0x0000000087f50000)
 concurrent mark-sweep generation total 137704K, used 83154K [0x000000009a2c0000, 0x00000000a293a000, 0x0000000100000000)
 Metaspace       used 111699K, capacity 118273K, committed 120492K, reserved 1155072K
  class space    used 13542K, capacity 14759K, committed 15328K, reserved 1048576K
}
2021-02-01T18:32:01.056+0000: 500394.401: Total time for which application threads were stopped: 0.0023472 seconds, Stopping threads took: 0.0000288 seconds
{Heap before GC invocations=5180 (full 7):
 par new generation   total 38080K, used 33885K [0x0000000085600000, 0x0000000087f50000, 0x000000009a2c0000)
  eden space 33856K, 100% used [0x0000000085600000, 0x0000000087710000, 0x0000000087710000)
  from space 4224K,   0% used [0x0000000087710000, 0x0000000087717608, 0x0000000087b30000)
  to   space 4224K,   0% used [0x0000000087b30000, 0x0000000087b30000, 0x0000000087f50000)
 concurrent mark-sweep generation total 137704K, used 83154K [0x000000009a2c0000, 0x00000000a293a000, 0x0000000100000000)
 Metaspace       used 111699K, capacity 118273K, committed 120492K, reserved 1155072K
  class space    used 13542K, capacity 14759K, committed 15328K, reserved 1048576K
2021-02-01T18:33:52.065+0000: 500505.410: [GC (Allocation Failure) 2021-02-01T18:33:52.065+0000: 500505.410: [ParNew
Desired survivor size 2162688 bytes, new threshold 6 (max 6)
- age   1:      29832 bytes,      29832 total
- age   2:        184 bytes,      30016 total
- age   3:         32 bytes,      30048 total
: 33885K->31K(38080K), 0.0043742 secs] 117040K->83186K(175784K), 0.0045496 secs] [Times: user=0.01 sys=0.00, real=0.00 secs] 
Heap after GC invocations=5181 (full 7):
 par new generation   total 38080K, used 31K [0x0000000085600000, 0x0000000087f50000, 0x000000009a2c0000)
  eden space 33856K,   0% used [0x0000000085600000, 0x0000000085600000, 0x0000000087710000)
  from space 4224K,   0% used [0x0000000087b30000, 0x0000000087b37e90, 0x0000000087f50000)
  to   space 4224K,   0% used [0x0000000087710000, 0x0000000087710000, 0x0000000087b30000)
 concurrent mark-sweep generation total 137704K, used 83154K [0x000000009a2c0000, 0x00000000a293a000, 0x0000000100000000)
 Metaspace       used 111699K, capacity 118273K, committed 120492K, reserved 1155072K
  class space    used 13542K, capacity 14759K, committed 15328K, reserved 1048576K
}
2021-02-01T18:33:52.070+0000: 500505.415: Total time for which application threads were stopped: 0.0048256 seconds, Stopping threads took: 0.0000289 seconds
{Heap before GC invocations=5181 (full 7):
 par new generation   total 38080K, used 33887K [0x0000000085600000, 0x0000000087f50000, 0x000000009a2c0000)
  eden space 33856K, 100% used [0x0000000085600000, 0x0000000087710000, 0x0000000087710000)
  from space 4224K,   0% used [0x0000000087b30000, 0x0000000087b37e90, 0x0000000087f50000)
  to   space 4224K,   0% used [0x0000000087710000, 0x0000000087710000, 0x0000000087b30000)
 concurrent mark-sweep generation total 137704K, used 83154K [0x000000009a2c0000, 0x00000000a293a000, 0x0000000100000000)
 Metaspace       used 111699K, capacity 118273K, committed 120492K, reserved 1155072K
  class space    used 13542K, capacity 14759K, committed 15328K, reserved 1048576K
2021-02-01T18:35:37.850+0000: 500611.195: [GC (Allocation Failure) 2021-02-01T18:35:37.850+0000: 500611.195: [ParNew
Desired survivor size 2162688 bytes, new threshold 6 (max 6)
- age   1:      66832 bytes,      66832 total
- age   2:        152 bytes,      66984 total
- age   3:         32 bytes,      67016 total
- age   4:         32 bytes,      67048 total
: 33887K->70K(38080K), 0.0048913 secs] 117042K->83225K(175784K), 0.0051498 secs] [Times: user=0.01 sys=0.00, real=0.01 secs] 
Heap after GC invocations=5182 (full 7):
 par new generation   total 38080K, used 70K [0x0000000085600000, 0x0000000087f50000, 0x000000009a2c0000)
  eden space 33856K,   0% used [0x0000000085600000, 0x0000000085600000, 0x0000000087710000)
  from space 4224K,   1% used [0x0000000087710000, 0x00000000877218f8, 0x0000000087b30000)
  to   space 4224K,   0% used [0x0000000087b30000, 0x0000000087b30000, 0x0000000087f50000)
 concurrent mark-sweep generation total 137704K, used 83154K [0x000000009a2c0000, 0x00000000a293a000, 0x0000000100000000)
 Metaspace       used 111699K, capacity 118273K, committed 120492K, reserved 1155072K
  class space    used 13542K, capacity 14759K, committed 15328K, reserved 1048576K
}
2021-02-01T18:35:37.855+0000: 500611.200: Total time for which application threads were stopped: 0.0059412 seconds, Stopping threads took: 0.0000711 seconds
{Heap before GC invocations=5182 (full 7):
 par new generation   total 38080K, used 33926K [0x0000000085600000, 0x0000000087f50000, 0x000000009a2c0000)
  eden space 33856K, 100% used [0x0000000085600000, 0x0000000087710000, 0x0000000087710000)
  from space 4224K,   1% used [0x0000000087710000, 0x00000000877218f8, 0x0000000087b30000)
  to   space 4224K,   0% used [0x0000000087b30000, 0x0000000087b30000, 0x0000000087f50000)
 concurrent mark-sweep generation total 137704K, used 83154K [0x000000009a2c0000, 0x00000000a293a000, 0x0000000100000000)
 Metaspace       used 111699K, capacity 118273K, committed 120492K, reserved 1155072K
  class space    used 13542K, capacity 14759K, committed 15328K, reserved 1048576K
2021-02-01T18:37:24.222+0000: 500717.567: [GC (Allocation Failure) 2021-02-01T18:37:24.222+0000: 500717.567: [ParNew
Desired survivor size 2162688 bytes, new threshold 6 (max 6)
- age   1:     133384 bytes,     133384 total
- age   2:      35360 bytes,     168744 total
- age   5:         32 bytes,     168776 total
: 33926K->168K(38080K), 0.0064810 secs] 117081K->83323K(175784K), 0.0067621 secs] [Times: user=0.01 sys=0.00, real=0.00 secs] 
Heap after GC invocations=5183 (full 7):
 par new generation   total 38080K, used 168K [0x0000000085600000, 0x0000000087f50000, 0x000000009a2c0000)
  eden space 33856K,   0% used [0x0000000085600000, 0x0000000085600000, 0x0000000087710000)
  from space 4224K,   3% used [0x0000000087b30000, 0x0000000087b5a180, 0x0000000087f50000)
  to   space 4224K,   0% used [0x0000000087710000, 0x0000000087710000, 0x0000000087b30000)
 concurrent mark-sweep generation total 137704K, used 83154K [0x000000009a2c0000, 0x00000000a293a000, 0x0000000100000000)
 Metaspace       used 111699K, capacity 118273K, committed 120492K, reserved 1155072K
  class space    used 13542K, capacity 14759K, committed 15328K, reserved 1048576K
}
2021-02-01T18:37:24.229+0000: 500717.574: Total time for which application threads were stopped: 0.0075575 seconds, Stopping threads took: 0.0000855 seconds
{Heap before GC invocations=5183 (full 7):
 par new generation   total 38080K, used 34012K [0x0000000085600000, 0x0000000087f50000, 0x000000009a2c0000)
  eden space 33856K,  99% used [0x0000000085600000, 0x000000008770d278, 0x0000000087710000)
  from space 4224K,   3% used [0x0000000087b30000, 0x0000000087b5a180, 0x0000000087f50000)
  to   space 4224K,   0% used [0x0000000087710000, 0x0000000087710000, 0x0000000087b30000)
 concurrent mark-sweep generation total 137704K, used 83154K [0x000000009a2c0000, 0x00000000a293a000, 0x0000000100000000)
 Metaspace       used 111699K, capacity 118273K, committed 120492K, reserved 1155072K
  class space    used 13542K, capacity 14759K, committed 15328K, reserved 1048576K
2021-02-01T18:39:12.356+0000: 500825.701: [GC (Allocation Failure) 2021-02-01T18:39:12.356+0000: 500825.701: [ParNew
Desired survivor size 2162688 bytes, new threshold 6 (max 6)
- age   1:      61000 bytes,      61000 total
- age   2:      33856 bytes,      94856 total
- age   3:      35104 bytes,     129960 total
- age   6:         32 bytes,     129992 total
: 34012K->132K(38080K), 0.0022070 secs] 117167K->83287K(175784K), 0.0023159 secs] [Times: user=0.00 sys=0.00, real=0.00 secs] 
Heap after GC invocations=5184 (full 7):
 par new generation   total 38080K, used 132K [0x0000000085600000, 0x0000000087f50000, 0x000000009a2c0000)
  eden space 33856K,   0% used [0x0000000085600000, 0x0000000085600000, 0x0000000087710000)
  from space 4224K,   3% used [0x0000000087710000, 0x0000000087731138, 0x0000000087b30000)
  to   space 4224K,   0% used [0x0000000087b30000, 0x0000000087b30000, 0x0000000087f50000)
 concurrent mark-sweep generation total 137704K, used 83154K [0x000000009a2c0000, 0x00000000a293a000, 0x0000000100000000)
 Metaspace       used 111699K, capacity 118273K, committed 120492K, reserved 1155072K
  class space    used 13542K, capacity 14759K, committed 15328K, reserved 1048576K
}
2021-02-01T18:39:12.358+0000: 500825.703: Total time for which application threads were stopped: 0.0025756 seconds, Stopping threads took: 0.0000382 seconds
{Heap before GC invocations=5184 (full 7):
 par new generation   total 38080K, used 33988K [0x0000000085600000, 0x0000000087f50000, 0x000000009a2c0000)
  eden space 33856K, 100% used [0x0000000085600000, 0x0000000087710000, 0x0000000087710000)
  from space 4224K,   3% used [0x0000000087710000, 0x0000000087731138, 0x0000000087b30000)
  to   space 4224K,   0% used [0x0000000087b30000, 0x0000000087b30000, 0x0000000087f50000)
 concurrent mark-sweep generation total 137704K, used 83154K [0x000000009a2c0000, 0x00000000a293a000, 0x0000000100000000)
 Metaspace       used 111699K, capacity 118273K, committed 120492K, reserved 1155072K
  class space    used 13542K, capacity 14759K, committed 15328K, reserved 1048576K
2021-02-01T18:41:00.502+0000: 500933.848: [GC (Allocation Failure) 2021-02-01T18:41:00.503+0000: 500933.848: [ParNew
Desired survivor size 2162688 bytes, new threshold 6 (max 6)
- age   1:      27464 bytes,      27464 total
- age   2:         88 bytes,      27552 total
- age   3:      33736 bytes,      61288 total
- age   4:      34848 bytes,      96136 total
: 33988K->100K(38080K), 0.0044619 secs] 117143K->83254K(175784K), 0.0047495 secs] [Times: user=0.02 sys=0.00, real=0.00 secs] 
Heap after GC invocations=5185 (full 7):
 par new generation   total 38080K, used 100K [0x0000000085600000, 0x0000000087f50000, 0x000000009a2c0000)
  eden space 33856K,   0% used [0x0000000085600000, 0x0000000085600000, 0x0000000087710000)
  from space 4224K,   2% used [0x0000000087b30000, 0x0000000087b49008, 0x0000000087f50000)
  to   space 4224K,   0% used [0x0000000087710000, 0x0000000087710000, 0x0000000087b30000)
 concurrent mark-sweep generation total 137704K, used 83154K [0x000000009a2c0000, 0x00000000a293a000, 0x0000000100000000)
 Metaspace       used 111699K, capacity 118273K, committed 120492K, reserved 1155072K
  class space    used 13542K, capacity 14759K, committed 15328K, reserved 1048576K
}
2021-02-01T18:41:00.507+0000: 500933.852: Total time for which application threads were stopped: 0.0053742 seconds, Stopping threads took: 0.0000753 seconds
{Heap before GC invocations=5185 (full 7):
 par new generation   total 38080K, used 33955K [0x0000000085600000, 0x0000000087f50000, 0x000000009a2c0000)
  eden space 33856K,  99% used [0x0000000085600000, 0x000000008770fcb0, 0x0000000087710000)
  from space 4224K,   2% used [0x0000000087b30000, 0x0000000087b49008, 0x0000000087f50000)
  to   space 4224K,   0% used [0x0000000087710000, 0x0000000087710000, 0x0000000087b30000)
 concurrent mark-sweep generation total 137704K, used 83154K [0x000000009a2c0000, 0x00000000a293a000, 0x0000000100000000)
 Metaspace       used 111699K, capacity 118273K, committed 120492K, reserved 1155072K
  class space    used 13542K, capacity 14759K, committed 15328K, reserved 1048576K
2021-02-01T18:42:50.794+0000: 501044.139: [GC (Allocation Failure) 2021-02-01T18:42:50.794+0000: 501044.139: [ParNew
Desired survivor size 2162688 bytes, new threshold 6 (max 6)
- age   1:      30232 bytes,      30232 total
- age   2:        152 bytes,      30384 total
- age   5:        360 bytes,      30744 total
: 33955K->32K(38080K), 0.0056501 secs] 117110K->83187K(175784K), 0.0059174 secs] [Times: user=0.02 sys=0.01, real=0.01 secs] 
Heap after GC invocations=5186 (full 7):
 par new generation   total 38080K, used 32K [0x0000000085600000, 0x0000000087f50000, 0x000000009a2c0000)
  eden space 33856K,   0% used [0x0000000085600000, 0x0000000085600000, 0x0000000087710000)
  from space 4224K,   0% used [0x0000000087710000, 0x00000000877183f0, 0x0000000087b30000)
  to   space 4224K,   0% used [0x0000000087b30000, 0x0000000087b30000, 0x0000000087f50000)
 concurrent mark-sweep generation total 137704K, used 83154K [0x000000009a2c0000, 0x00000000a293a000, 0x0000000100000000)
 Metaspace       used 111699K, capacity 118273K, committed 120492K, reserved 1155072K
  class space    used 13542K, capacity 14759K, committed 15328K, reserved 1048576K
}
2021-02-01T18:42:50.800+0000: 501044.145: Total time for which application threads were stopped: 0.0070645 seconds, Stopping threads took: 0.0002007 seconds
{Heap before GC invocations=5186 (full 7):
 par new generation   total 38080K, used 33888K [0x0000000085600000, 0x0000000087f50000, 0x000000009a2c0000)
  eden space 33856K, 100% used [0x0000000085600000, 0x0000000087710000, 0x0000000087710000)
  from space 4224K,   0% used [0x0000000087710000, 0x00000000877183f0, 0x0000000087b30000)
  to   space 4224K,   0% used [0x0000000087b30000, 0x0000000087b30000, 0x0000000087f50000)
 concurrent mark-sweep generation total 137704K, used 83154K [0x000000009a2c0000, 0x00000000a293a000, 0x0000000100000000)
 Metaspace       used 111699K, capacity 118273K, committed 120492K, reserved 1155072K
  class space    used 13542K, capacity 14759K, committed 15328K, reserved 1048576K
2021-02-01T18:44:37.516+0000: 501150.862: [GC (Allocation Failure) 2021-02-01T18:44:37.517+0000: 501150.862: [ParNew
Desired survivor size 2162688 bytes, new threshold 6 (max 6)
- age   1:      30120 bytes,      30120 total
- age   2:        152 bytes,      30272 total
- age   6:        360 bytes,      30632 total
: 33888K->32K(38080K), 0.0023013 secs] 117043K->83187K(175784K), 0.0024229 secs] [Times: user=0.00 sys=0.01, real=0.00 secs] 
Heap after GC invocations=5187 (full 7):
 par new generation   total 38080K, used 32K [0x0000000085600000, 0x0000000087f50000, 0x000000009a2c0000)
  eden space 33856K,   0% used [0x0000000085600000, 0x0000000085600000, 0x0000000087710000)
  from space 4224K,   0% used [0x0000000087b30000, 0x0000000087b38260, 0x0000000087f50000)
  to   space 4224K,   0% used [0x0000000087710000, 0x0000000087710000, 0x0000000087b30000)
 concurrent mark-sweep generation total 137704K, used 83154K [0x000000009a2c0000, 0x00000000a293a000, 0x0000000100000000)
 Metaspace       used 111699K, capacity 118273K, committed 120492K, reserved 1155072K
  class space    used 13542K, capacity 14759K, committed 15328K, reserved 1048576K
}
2021-02-01T18:44:37.519+0000: 501150.864: Total time for which application threads were stopped: 0.0028483 seconds, Stopping threads took: 0.0000334 seconds
{Heap before GC invocations=5187 (full 7):
 par new generation   total 38080K, used 33888K [0x0000000085600000, 0x0000000087f50000, 0x000000009a2c0000)
  eden space 33856K, 100% used [0x0000000085600000, 0x0000000087710000, 0x0000000087710000)
  from space 4224K,   0% used [0x0000000087b30000, 0x0000000087b38260, 0x0000000087f50000)
  to   space 4224K,   0% used [0x0000000087710000, 0x0000000087710000, 0x0000000087b30000)
 concurrent mark-sweep generation total 137704K, used 83154K [0x000000009a2c0000, 0x00000000a293a000, 0x0000000100000000)
 Metaspace       used 111699K, capacity 118273K, committed 120492K, reserved 1155072K
  class space    used 13542K, capacity 14759K, committed 15328K, reserved 1048576K
2021-02-01T18:46:25.650+0000: 501258.995: [GC (Allocation Failure) 2021-02-01T18:46:25.650+0000: 501258.995: [ParNew
Desired survivor size 2162688 bytes, new threshold 6 (max 6)
- age   1:      64552 bytes,      64552 total
- age   2:         32 bytes,      64584 total
: 33888K->70K(38080K), 0.0086326 secs] 117043K->83225K(175784K), 0.0088749 secs] [Times: user=0.02 sys=0.00, real=0.01 secs] 
Heap after GC invocations=5188 (full 7):
 par new generation   total 38080K, used 70K [0x0000000085600000, 0x0000000087f50000, 0x000000009a2c0000)
  eden space 33856K,   0% used [0x0000000085600000, 0x0000000085600000, 0x0000000087710000)
  from space 4224K,   1% used [0x0000000087710000, 0x00000000877219d8, 0x0000000087b30000)
  to   space 4224K,   0% used [0x0000000087b30000, 0x0000000087b30000, 0x0000000087f50000)
 concurrent mark-sweep generation total 137704K, used 83155K [0x000000009a2c0000, 0x00000000a293a000, 0x0000000100000000)
 Metaspace       used 111699K, capacity 118273K, committed 120492K, reserved 1155072K
  class space    used 13542K, capacity 14759K, committed 15328K, reserved 1048576K
}
2021-02-01T18:46:25.659+0000: 501259.004: Total time for which application threads were stopped: 0.0096180 seconds, Stopping threads took: 0.0001243 seconds
{Heap before GC invocations=5188 (full 7):
 par new generation   total 38080K, used 33926K [0x0000000085600000, 0x0000000087f50000, 0x000000009a2c0000)
  eden space 33856K, 100% used [0x0000000085600000, 0x0000000087710000, 0x0000000087710000)
  from space 4224K,   1% used [0x0000000087710000, 0x00000000877219d8, 0x0000000087b30000)
  to   space 4224K,   0% used [0x0000000087b30000, 0x0000000087b30000, 0x0000000087f50000)
 concurrent mark-sweep generation total 137704K, used 83155K [0x000000009a2c0000, 0x00000000a293a000, 0x0000000100000000)
 Metaspace       used 111699K, capacity 118273K, committed 120492K, reserved 1155072K
  class space    used 13542K, capacity 14759K, committed 15328K, reserved 1048576K
2021-02-01T18:48:13.822+0000: 501367.167: [GC (Allocation Failure) 2021-02-01T18:48:13.822+0000: 501367.167: [ParNew
Desired survivor size 2162688 bytes, new threshold 6 (max 6)
- age   1:     159448 bytes,     159448 total
- age   2:        120 bytes,     159568 total
: 33926K->159K(38080K), 0.0024417 secs] 117081K->83314K(175784K), 0.0025664 secs] [Times: user=0.01 sys=0.00, real=0.00 secs] 
Heap after GC invocations=5189 (full 7):
 par new generation   total 38080K, used 159K [0x0000000085600000, 0x0000000087f50000, 0x000000009a2c0000)
  eden space 33856K,   0% used [0x0000000085600000, 0x0000000085600000, 0x0000000087710000)
  from space 4224K,   3% used [0x0000000087b30000, 0x0000000087b57d88, 0x0000000087f50000)
  to   space 4224K,   0% used [0x0000000087710000, 0x0000000087710000, 0x0000000087b30000)
 concurrent mark-sweep generation total 137704K, used 83155K [0x000000009a2c0000, 0x00000000a293a000, 0x0000000100000000)
 Metaspace       used 111699K, capacity 118273K, committed 120492K, reserved 1155072K
  class space    used 13542K, capacity 14759K, committed 15328K, reserved 1048576K
}
2021-02-01T18:48:13.824+0000: 501367.170: Total time for which application threads were stopped: 0.0028709 seconds, Stopping threads took: 0.0000416 seconds
{Heap before GC invocations=5189 (full 7):
 par new generation   total 38080K, used 34015K [0x0000000085600000, 0x0000000087f50000, 0x000000009a2c0000)
  eden space 33856K, 100% used [0x0000000085600000, 0x0000000087710000, 0x0000000087710000)
  from space 4224K,   3% used [0x0000000087b30000, 0x0000000087b57d88, 0x0000000087f50000)
  to   space 4224K,   0% used [0x0000000087710000, 0x0000000087710000, 0x0000000087b30000)
 concurrent mark-sweep generation total 137704K, used 83155K [0x000000009a2c0000, 0x00000000a293a000, 0x0000000100000000)
 Metaspace       used 111699K, capacity 118273K, committed 120492K, reserved 1155072K
  class space    used 13542K, capacity 14759K, committed 15328K, reserved 1048576K
2021-02-01T18:50:03.834+0000: 501477.179: [GC (Allocation Failure) 2021-02-01T18:50:03.834+0000: 501477.179: [ParNew
Desired survivor size 2162688 bytes, new threshold 6 (max 6)
- age   1:      26096 bytes,      26096 total
- age   2:         64 bytes,      26160 total
: 34015K->27K(38080K), 0.0023457 secs] 117170K->83182K(175784K), 0.0024332 secs] [Times: user=0.01 sys=0.00, real=0.00 secs] 
Heap after GC invocations=5190 (full 7):
 par new generation   total 38080K, used 27K [0x0000000085600000, 0x0000000087f50000, 0x000000009a2c0000)
  eden space 33856K,   0% used [0x0000000085600000, 0x0000000085600000, 0x0000000087710000)
  from space 4224K,   0% used [0x0000000087710000, 0x0000000087716e78, 0x0000000087b30000)
  to   space 4224K,   0% used [0x0000000087b30000, 0x0000000087b30000, 0x0000000087f50000)
 concurrent mark-sweep generation total 137704K, used 83155K [0x000000009a2c0000, 0x00000000a293a000, 0x0000000100000000)
 Metaspace       used 111699K, capacity 118273K, committed 120492K, reserved 1155072K
  class space    used 13542K, capacity 14759K, committed 15328K, reserved 1048576K
}
2021-02-01T18:50:03.837+0000: 501477.182: Total time for which application threads were stopped: 0.0026575 seconds, Stopping threads took: 0.0000257 seconds
{Heap before GC invocations=5190 (full 7):
 par new generation   total 38080K, used 33883K [0x0000000085600000, 0x0000000087f50000, 0x000000009a2c0000)
  eden space 33856K, 100% used [0x0000000085600000, 0x0000000087710000, 0x0000000087710000)
  from space 4224K,   0% used [0x0000000087710000, 0x0000000087716e78, 0x0000000087b30000)
  to   space 4224K,   0% used [0x0000000087b30000, 0x0000000087b30000, 0x0000000087f50000)
 concurrent mark-sweep generation total 137704K, used 83155K [0x000000009a2c0000, 0x00000000a293a000, 0x0000000100000000)
 Metaspace       used 111699K, capacity 118273K, committed 120492K, reserved 1155072K
  class space    used 13542K, capacity 14759K, committed 15328K, reserved 1048576K
2021-02-01T18:51:52.461+0000: 501585.806: [GC (Allocation Failure) 2021-02-01T18:51:52.461+0000: 501585.806: [ParNew
Desired survivor size 2162688 bytes, new threshold 6 (max 6)
- age   1:      27376 bytes,      27376 total
- age   2:        120 bytes,      27496 total
: 33883K->29K(38080K), 0.0051801 secs] 117038K->83184K(175784K), 0.0056318 secs] [Times: user=0.01 sys=0.00, real=0.00 secs] 
Heap after GC invocations=5191 (full 7):
 par new generation   total 38080K, used 29K [0x0000000085600000, 0x0000000087f50000, 0x000000009a2c0000)
  eden space 33856K,   0% used [0x0000000085600000, 0x0000000085600000, 0x0000000087710000)
  from space 4224K,   0% used [0x0000000087b30000, 0x0000000087b37680, 0x0000000087f50000)
  to   space 4224K,   0% used [0x0000000087710000, 0x0000000087710000, 0x0000000087b30000)
 concurrent mark-sweep generation total 137704K, used 83155K [0x000000009a2c0000, 0x00000000a293a000, 0x0000000100000000)
 Metaspace       used 111699K, capacity 118273K, committed 120492K, reserved 1155072K
  class space    used 13542K, capacity 14759K, committed 15328K, reserved 1048576K
}
2021-02-01T18:51:52.467+0000: 501585.812: Total time for which application threads were stopped: 0.0062979 seconds, Stopping threads took: 0.0000530 seconds
{Heap before GC invocations=5191 (full 7):
 par new generation   total 38080K, used 33885K [0x0000000085600000, 0x0000000087f50000, 0x000000009a2c0000)
  eden space 33856K, 100% used [0x0000000085600000, 0x0000000087710000, 0x0000000087710000)
  from space 4224K,   0% used [0x0000000087b30000, 0x0000000087b37680, 0x0000000087f50000)
  to   space 4224K,   0% used [0x0000000087710000, 0x0000000087710000, 0x0000000087b30000)
 concurrent mark-sweep generation total 137704K, used 83155K [0x000000009a2c0000, 0x00000000a293a000, 0x0000000100000000)
 Metaspace       used 111706K, capacity 118273K, committed 120492K, reserved 1155072K
  class space    used 13542K, capacity 14759K, committed 15328K, reserved 1048576K
2021-02-01T18:53:41.609+0000: 501694.954: [GC (Allocation Failure) 2021-02-01T18:53:41.609+0000: 501694.954: [ParNew
Desired survivor size 2162688 bytes, new threshold 6 (max 6)
- age   1:      30360 bytes,      30360 total
- age   2:        184 bytes,      30544 total
: 33885K->31K(38080K), 0.0040224 secs] 117040K->83186K(175784K), 0.0043605 secs] [Times: user=0.02 sys=0.00, real=0.01 secs] 
Heap after GC invocations=5192 (full 7):
 par new generation   total 38080K, used 31K [0x0000000085600000, 0x0000000087f50000, 0x000000009a2c0000)
  eden space 33856K,   0% used [0x0000000085600000, 0x0000000085600000, 0x0000000087710000)
  from space 4224K,   0% used [0x0000000087710000, 0x0000000087717e18, 0x0000000087b30000)
  to   space 4224K,   0% used [0x0000000087b30000, 0x0000000087b30000, 0x0000000087f50000)
 concurrent mark-sweep generation total 137704K, used 83155K [0x000000009a2c0000, 0x00000000a293a000, 0x0000000100000000)
 Metaspace       used 111706K, capacity 118273K, committed 120492K, reserved 1155072K
  class space    used 13542K, capacity 14759K, committed 15328K, reserved 1048576K
}
2021-02-01T18:53:41.613+0000: 501694.958: Total time for which application threads were stopped: 0.0056662 seconds, Stopping threads took: 0.0002507 seconds
2021-02-01T18:53:52.614+0000: 501705.960: Total time for which application threads were stopped: 0.0002572 seconds, Stopping threads took: 0.0000467 seconds
{Heap before GC invocations=5192 (full 7):
 par new generation   total 38080K, used 33887K [0x0000000085600000, 0x0000000087f50000, 0x000000009a2c0000)
  eden space 33856K, 100% used [0x0000000085600000, 0x0000000087710000, 0x0000000087710000)
  from space 4224K,   0% used [0x0000000087710000, 0x0000000087717e18, 0x0000000087b30000)
  to   space 4224K,   0% used [0x0000000087b30000, 0x0000000087b30000, 0x0000000087f50000)
 concurrent mark-sweep generation total 137704K, used 83155K [0x000000009a2c0000, 0x00000000a293a000, 0x0000000100000000)
 Metaspace       used 111709K, capacity 118273K, committed 120492K, reserved 1155072K
  class space    used 13542K, capacity 14759K, committed 15328K, reserved 1048576K
2021-02-01T18:55:28.602+0000: 501801.947: [GC (Allocation Failure) 2021-02-01T18:55:28.602+0000: 501801.947: [ParNew
Desired survivor size 2162688 bytes, new threshold 6 (max 6)
- age   1:      64048 bytes,      64048 total
- age   2:        384 bytes,      64432 total
- age   3:         32 bytes,      64464 total
: 33887K->64K(38080K), 0.0044945 secs] 117042K->83219K(175784K), 0.0047484 secs] [Times: user=0.02 sys=0.00, real=0.00 secs] 
Heap after GC invocations=5193 (full 7):
 par new generation   total 38080K, used 64K [0x0000000085600000, 0x0000000087f50000, 0x000000009a2c0000)
  eden space 33856K,   0% used [0x0000000085600000, 0x0000000085600000, 0x0000000087710000)
  from space 4224K,   1% used [0x0000000087b30000, 0x0000000087b40088, 0x0000000087f50000)
  to   space 4224K,   0% used [0x0000000087710000, 0x0000000087710000, 0x0000000087b30000)
 concurrent mark-sweep generation total 137704K, used 83155K [0x000000009a2c0000, 0x00000000a293a000, 0x0000000100000000)
 Metaspace       used 111709K, capacity 118273K, committed 120492K, reserved 1155072K
  class space    used 13542K, capacity 14759K, committed 15328K, reserved 1048576K
}
2021-02-01T18:55:28.607+0000: 501801.952: Total time for which application threads were stopped: 0.0054460 seconds, Stopping threads took: 0.0000657 seconds
2021-02-01T18:55:52.610+0000: 501825.955: Total time for which application threads were stopped: 0.0002320 seconds, Stopping threads took: 0.0000439 seconds
{Heap before GC invocations=5193 (full 7):
 par new generation   total 38080K, used 33920K [0x0000000085600000, 0x0000000087f50000, 0x000000009a2c0000)
  eden space 33856K,  99% used [0x0000000085600000, 0x000000008770ffd0, 0x0000000087710000)
  from space 4224K,   1% used [0x0000000087b30000, 0x0000000087b40088, 0x0000000087f50000)
  to   space 4224K,   0% used [0x0000000087710000, 0x0000000087710000, 0x0000000087b30000)
 concurrent mark-sweep generation total 137704K, used 83155K [0x000000009a2c0000, 0x00000000a293a000, 0x0000000100000000)
 Metaspace       used 111709K, capacity 118273K, committed 120492K, reserved 1155072K
  class space    used 13542K, capacity 14759K, committed 15328K, reserved 1048576K
2021-02-01T18:57:17.044+0000: 501910.389: [GC (Allocation Failure) 2021-02-01T18:57:17.044+0000: 501910.389: [ParNew
Desired survivor size 2162688 bytes, new threshold 6 (max 6)
- age   1:     127808 bytes,     127808 total
- age   2:        120 bytes,     127928 total
- age   3:        352 bytes,     128280 total
- age   4:         32 bytes,     128312 total
: 33920K->128K(38080K), 0.0108738 secs] 117075K->83283K(175784K), 0.0112197 secs] [Times: user=0.02 sys=0.01, real=0.01 secs] 
Heap after GC invocations=5194 (full 7):
 par new generation   total 38080K, used 128K [0x0000000085600000, 0x0000000087f50000, 0x000000009a2c0000)
  eden space 33856K,   0% used [0x0000000085600000, 0x0000000085600000, 0x0000000087710000)
  from space 4224K,   3% used [0x0000000087710000, 0x0000000087730200, 0x0000000087b30000)
  to   space 4224K,   0% used [0x0000000087b30000, 0x0000000087b30000, 0x0000000087f50000)
 concurrent mark-sweep generation total 137704K, used 83155K [0x000000009a2c0000, 0x00000000a293a000, 0x0000000100000000)
 Metaspace       used 111709K, capacity 118273K, committed 120492K, reserved 1155072K
  class space    used 13542K, capacity 14759K, committed 15328K, reserved 1048576K
}
2021-02-01T18:57:17.056+0000: 501910.401: Total time for which application threads were stopped: 0.0123324 seconds, Stopping threads took: 0.0001368 seconds
{Heap before GC invocations=5194 (full 7):
 par new generation   total 38080K, used 33984K [0x0000000085600000, 0x0000000087f50000, 0x000000009a2c0000)
  eden space 33856K, 100% used [0x0000000085600000, 0x0000000087710000, 0x0000000087710000)
  from space 4224K,   3% used [0x0000000087710000, 0x0000000087730200, 0x0000000087b30000)
  to   space 4224K,   0% used [0x0000000087b30000, 0x0000000087b30000, 0x0000000087f50000)
 concurrent mark-sweep generation total 137704K, used 83155K [0x000000009a2c0000, 0x00000000a293a000, 0x0000000100000000)
 Metaspace       used 111709K, capacity 118273K, committed 120492K, reserved 1155072K
  class space    used 13542K, capacity 14759K, committed 15328K, reserved 1048576K
2021-02-01T18:59:08.098+0000: 502020.218: [GC (Allocation Failure) 2021-02-01T18:59:08.099+0000: 502020.218: [ParNew
Desired survivor size 2162688 bytes, new threshold 6 (max 6)
- age   1:      25880 bytes,      25880 total
- age   2:        168 bytes,      26048 total
- age   4:        352 bytes,      26400 total
: 33984K->29K(38080K), 0.0078950 secs] 117139K->83184K(175784K), 0.0082522 secs] [Times: user=0.02 sys=0.00, real=0.01 secs] 
Heap after GC invocations=5195 (full 7):
 par new generation   total 38080K, used 29K [0x0000000085600000, 0x0000000087f50000, 0x000000009a2c0000)
  eden space 33856K,   0% used [0x0000000085600000, 0x0000000085600000, 0x0000000087710000)
  from space 4224K,   0% used [0x0000000087b30000, 0x0000000087b37680, 0x0000000087f50000)
  to   space 4224K,   0% used [0x0000000087710000, 0x0000000087710000, 0x0000000087b30000)
 concurrent mark-sweep generation total 137704K, used 83155K [0x000000009a2c0000, 0x00000000a293a000, 0x0000000100000000)
 Metaspace       used 111709K, capacity 118273K, committed 120492K, reserved 1155072K
  class space    used 13542K, capacity 14759K, committed 15328K, reserved 1048576K
}
2021-02-01T18:59:08.107+0000: 502020.226: Total time for which application threads were stopped: 0.0092494 seconds, Stopping threads took: 0.0001768 seconds
{Heap before GC invocations=5195 (full 7):
 par new generation   total 38080K, used 33885K [0x0000000085600000, 0x0000000087f50000, 0x000000009a2c0000)
  eden space 33856K, 100% used [0x0000000085600000, 0x0000000087710000, 0x0000000087710000)
  from space 4224K,   0% used [0x0000000087b30000, 0x0000000087b37680, 0x0000000087f50000)
  to   space 4224K,   0% used [0x0000000087710000, 0x0000000087710000, 0x0000000087b30000)
 concurrent mark-sweep generation total 137704K, used 83155K [0x000000009a2c0000, 0x00000000a293a000, 0x0000000100000000)
 Metaspace       used 111709K, capacity 118273K, committed 120492K, reserved 1155072K
  class space    used 13542K, capacity 14759K, committed 15328K, reserved 1048576K
2021-02-01T19:00:57.319+0000: 502129.439: [GC (Allocation Failure) 2021-02-01T19:00:57.320+0000: 502129.439: [ParNew
Desired survivor size 2162688 bytes, new threshold 6 (max 6)
- age   1:      25896 bytes,      25896 total
- age   2:         32 bytes,      25928 total
- age   5:        352 bytes,      26280 total
: 33885K->31K(38080K), 0.0028453 secs] 117040K->83186K(175784K), 0.0030041 secs] [Times: user=0.00 sys=0.00, real=0.00 secs] 
Heap after GC invocations=5196 (full 7):
 par new generation   total 38080K, used 31K [0x0000000085600000, 0x0000000087f50000, 0x000000009a2c0000)
  eden space 33856K,   0% used [0x0000000085600000, 0x0000000085600000, 0x0000000087710000)
  from space 4224K,   0% used [0x0000000087710000, 0x0000000087717e18, 0x0000000087b30000)
  to   space 4224K,   0% used [0x0000000087b30000, 0x0000000087b30000, 0x0000000087f50000)
 concurrent mark-sweep generation total 137704K, used 83155K [0x000000009a2c0000, 0x00000000a293a000, 0x0000000100000000)
 Metaspace       used 111709K, capacity 118273K, committed 120492K, reserved 1155072K
  class space    used 13542K, capacity 14759K, committed 15328K, reserved 1048576K
}
2021-02-01T19:00:57.323+0000: 502129.442: Total time for which application threads were stopped: 0.0039670 seconds, Stopping threads took: 0.0001689 seconds
{Heap before GC invocations=5196 (full 7):
 par new generation   total 38080K, used 33887K [0x0000000085600000, 0x0000000087f50000, 0x000000009a2c0000)
  eden space 33856K, 100% used [0x0000000085600000, 0x0000000087710000, 0x0000000087710000)
  from space 4224K,   0% used [0x0000000087710000, 0x0000000087717e18, 0x0000000087b30000)
  to   space 4224K,   0% used [0x0000000087b30000, 0x0000000087b30000, 0x0000000087f50000)
 concurrent mark-sweep generation total 137704K, used 83155K [0x000000009a2c0000, 0x00000000a293a000, 0x0000000100000000)
 Metaspace       used 111710K, capacity 118273K, committed 120492K, reserved 1155072K
  class space    used 13542K, capacity 14759K, committed 15328K, reserved 1048576K
2021-02-01T19:02:48.429+0000: 502240.548: [GC (Allocation Failure) 2021-02-01T19:02:48.429+0000: 502240.548: [ParNew
Desired survivor size 2162688 bytes, new threshold 6 (max 6)
- age   1:      30648 bytes,      30648 total
- age   2:        120 bytes,      30768 total
- age   6:        352 bytes,      31120 total
: 33887K->33K(38080K), 0.0031612 secs] 117042K->83188K(175784K), 0.0033291 secs] [Times: user=0.01 sys=0.00, real=0.00 secs] 
Heap after GC invocations=5197 (full 7):
 par new generation   total 38080K, used 33K [0x0000000085600000, 0x0000000087f50000, 0x000000009a2c0000)
  eden space 33856K,   0% used [0x0000000085600000, 0x0000000085600000, 0x0000000087710000)
  from space 4224K,   0% used [0x0000000087b30000, 0x0000000087b386a0, 0x0000000087f50000)
  to   space 4224K,   0% used [0x0000000087710000, 0x0000000087710000, 0x0000000087b30000)
 concurrent mark-sweep generation total 137704K, used 83155K [0x000000009a2c0000, 0x00000000a293a000, 0x0000000100000000)
 Metaspace       used 111710K, capacity 118273K, committed 120492K, reserved 1155072K
  class space    used 13542K, capacity 14759K, committed 15328K, reserved 1048576K
}
2021-02-01T19:02:48.432+0000: 502240.552: Total time for which application threads were stopped: 0.0037882 seconds, Stopping threads took: 0.0000438 seconds
{Heap before GC invocations=5197 (full 7):
 par new generation   total 38080K, used 33889K [0x0000000085600000, 0x0000000087f50000, 0x000000009a2c0000)
  eden space 33856K, 100% used [0x0000000085600000, 0x0000000087710000, 0x0000000087710000)
  from space 4224K,   0% used [0x0000000087b30000, 0x0000000087b386a0, 0x0000000087f50000)
  to   space 4224K,   0% used [0x0000000087710000, 0x0000000087710000, 0x0000000087b30000)
 concurrent mark-sweep generation total 137704K, used 83155K [0x000000009a2c0000, 0x00000000a293a000, 0x0000000100000000)
 Metaspace       used 111710K, capacity 118273K, committed 120492K, reserved 1155072K
  class space    used 13542K, capacity 14759K, committed 15328K, reserved 1048576K
2021-02-01T19:04:36.223+0000: 502348.342: [GC (Allocation Failure) 2021-02-01T19:04:36.223+0000: 502348.342: [ParNew
Desired survivor size 2162688 bytes, new threshold 6 (max 6)
- age   1:      30560 bytes,      30560 total
- age   2:        152 bytes,      30712 total
: 33889K->33K(38080K), 0.0027963 secs] 117044K->83188K(175784K), 0.0029397 secs] [Times: user=0.00 sys=0.00, real=0.01 secs] 
Heap after GC invocations=5198 (full 7):
 par new generation   total 38080K, used 33K [0x0000000085600000, 0x0000000087f50000, 0x000000009a2c0000)
  eden space 33856K,   0% used [0x0000000085600000, 0x0000000085600000, 0x0000000087710000)
  from space 4224K,   0% used [0x0000000087710000, 0x00000000877184a8, 0x0000000087b30000)
  to   space 4224K,   0% used [0x0000000087b30000, 0x0000000087b30000, 0x0000000087f50000)
 concurrent mark-sweep generation total 137704K, used 83155K [0x000000009a2c0000, 0x00000000a293a000, 0x0000000100000000)
 Metaspace       used 111710K, capacity 118273K, committed 120492K, reserved 1155072K
  class space    used 13542K, capacity 14759K, committed 15328K, reserved 1048576K
}
2021-02-01T19:04:36.226+0000: 502348.345: Total time for which application threads were stopped: 0.0034543 seconds, Stopping threads took: 0.0001015 seconds
{Heap before GC invocations=5198 (full 7):
 par new generation   total 38080K, used 33889K [0x0000000085600000, 0x0000000087f50000, 0x000000009a2c0000)
  eden space 33856K, 100% used [0x0000000085600000, 0x0000000087710000, 0x0000000087710000)
  from space 4224K,   0% used [0x0000000087710000, 0x00000000877184a8, 0x0000000087b30000)
  to   space 4224K,   0% used [0x0000000087b30000, 0x0000000087b30000, 0x0000000087f50000)
 concurrent mark-sweep generation total 137704K, used 83155K [0x000000009a2c0000, 0x00000000a293a000, 0x0000000100000000)
 Metaspace       used 111710K, capacity 118273K, committed 120492K, reserved 1155072K
  class space    used 13542K, capacity 14759K, committed 15328K, reserved 1048576K
2021-02-01T19:06:25.411+0000: 502457.531: [GC (Allocation Failure) 2021-02-01T19:06:25.412+0000: 502457.531: [ParNew
Desired survivor size 2162688 bytes, new threshold 6 (max 6)
- age   1:      97472 bytes,      97472 total
: 33889K->100K(38080K), 0.0074815 secs] 117044K->83255K(175784K), 0.0077411 secs] [Times: user=0.02 sys=0.00, real=0.01 secs] 
Heap after GC invocations=5199 (full 7):
 par new generation   total 38080K, used 100K [0x0000000085600000, 0x0000000087f50000, 0x000000009a2c0000)
  eden space 33856K,   0% used [0x0000000085600000, 0x0000000085600000, 0x0000000087710000)
  from space 4224K,   2% used [0x0000000087b30000, 0x0000000087b490b8, 0x0000000087f50000)
  to   space 4224K,   0% used [0x0000000087710000, 0x0000000087710000, 0x0000000087b30000)
 concurrent mark-sweep generation total 137704K, used 83155K [0x000000009a2c0000, 0x00000000a293a000, 0x0000000100000000)
 Metaspace       used 111710K, capacity 118273K, committed 120492K, reserved 1155072K
  class space    used 13542K, capacity 14759K, committed 15328K, reserved 1048576K
}
2021-02-01T19:06:25.419+0000: 502457.539: Total time for which application threads were stopped: 0.0083797 seconds, Stopping threads took: 0.0000596 seconds
{Heap before GC invocations=5199 (full 7):
 par new generation   total 38080K, used 33956K [0x0000000085600000, 0x0000000087f50000, 0x000000009a2c0000)
  eden space 33856K, 100% used [0x0000000085600000, 0x0000000087710000, 0x0000000087710000)
  from space 4224K,   2% used [0x0000000087b30000, 0x0000000087b490b8, 0x0000000087f50000)
  to   space 4224K,   0% used [0x0000000087710000, 0x0000000087710000, 0x0000000087b30000)
 concurrent mark-sweep generation total 137704K, used 83155K [0x000000009a2c0000, 0x00000000a293a000, 0x0000000100000000)
 Metaspace       used 111710K, capacity 118273K, committed 120492K, reserved 1155072K
  class space    used 13542K, capacity 14759K, committed 15328K, reserved 1048576K
2021-02-01T19:08:14.871+0000: 502566.990: [GC (Allocation Failure) 2021-02-01T19:08:14.871+0000: 502566.990: [ParNew
Desired survivor size 2162688 bytes, new threshold 6 (max 6)
- age   1:      97112 bytes,      97112 total
- age   2:        120 bytes,      97232 total
: 33956K->98K(38080K), 0.0030815 secs] 117111K->83254K(175784K), 0.0032868 secs] [Times: user=0.01 sys=0.00, real=0.00 secs] 
Heap after GC invocations=5200 (full 7):
 par new generation   total 38080K, used 98K [0x0000000085600000, 0x0000000087f50000, 0x000000009a2c0000)
  eden space 33856K,   0% used [0x0000000085600000, 0x0000000085600000, 0x0000000087710000)
  from space 4224K,   2% used [0x0000000087710000, 0x0000000087728a58, 0x0000000087b30000)
  to   space 4224K,   0% used [0x0000000087b30000, 0x0000000087b30000, 0x0000000087f50000)
 concurrent mark-sweep generation total 137704K, used 83155K [0x000000009a2c0000, 0x00000000a293a000, 0x0000000100000000)
 Metaspace       used 111710K, capacity 118273K, committed 120492K, reserved 1155072K
  class space    used 13542K, capacity 14759K, committed 15328K, reserved 1048576K
}
2021-02-01T19:08:14.874+0000: 502566.994: Total time for which application threads were stopped: 0.0040904 seconds, Stopping threads took: 0.0001546 seconds
{Heap before GC invocations=5200 (full 7):
 par new generation   total 38080K, used 33954K [0x0000000085600000, 0x0000000087f50000, 0x000000009a2c0000)
  eden space 33856K, 100% used [0x0000000085600000, 0x0000000087710000, 0x0000000087710000)
  from space 4224K,   2% used [0x0000000087710000, 0x0000000087728a58, 0x0000000087b30000)
  to   space 4224K,   0% used [0x0000000087b30000, 0x0000000087b30000, 0x0000000087f50000)
 concurrent mark-sweep generation total 137704K, used 83155K [0x000000009a2c0000, 0x00000000a293a000, 0x0000000100000000)
 Metaspace       used 111711K, capacity 118273K, committed 120492K, reserved 1155072K
  class space    used 13542K, capacity 14759K, committed 15328K, reserved 1048576K
2021-02-01T19:10:04.388+0000: 502676.507: [GC (Allocation Failure) 2021-02-01T19:10:04.388+0000: 502676.507: [ParNew
Desired survivor size 2162688 bytes, new threshold 6 (max 6)
- age   1:      26064 bytes,      26064 total
- age   2:         64 bytes,      26128 total
: 33954K->30K(38080K), 0.0121882 secs] 117110K->83186K(175784K), 0.0124076 secs] [Times: user=0.02 sys=0.00, real=0.01 secs] 
Heap after GC invocations=5201 (full 7):
 par new generation   total 38080K, used 30K [0x0000000085600000, 0x0000000087f50000, 0x000000009a2c0000)
  eden space 33856K,   0% used [0x0000000085600000, 0x0000000085600000, 0x0000000087710000)
  from space 4224K,   0% used [0x0000000087b30000, 0x0000000087b37b98, 0x0000000087f50000)
  to   space 4224K,   0% used [0x0000000087710000, 0x0000000087710000, 0x0000000087b30000)
 concurrent mark-sweep generation total 137704K, used 83155K [0x000000009a2c0000, 0x00000000a293a000, 0x0000000100000000)
 Metaspace       used 111711K, capacity 118273K, committed 120492K, reserved 1155072K
  class space    used 13542K, capacity 14759K, committed 15328K, reserved 1048576K
}
2021-02-01T19:10:04.400+0000: 502676.519: Total time for which application threads were stopped: 0.0129149 seconds, Stopping threads took: 0.0000484 seconds
{Heap before GC invocations=5201 (full 7):
 par new generation   total 38080K, used 33886K [0x0000000085600000, 0x0000000087f50000, 0x000000009a2c0000)
  eden space 33856K, 100% used [0x0000000085600000, 0x0000000087710000, 0x0000000087710000)
  from space 4224K,   0% used [0x0000000087b30000, 0x0000000087b37b98, 0x0000000087f50000)
  to   space 4224K,   0% used [0x0000000087710000, 0x0000000087710000, 0x0000000087b30000)
 concurrent mark-sweep generation total 137704K, used 83155K [0x000000009a2c0000, 0x00000000a293a000, 0x0000000100000000)
 Metaspace       used 111711K, capacity 118273K, committed 120492K, reserved 1155072K
  class space    used 13542K, capacity 14759K, committed 15328K, reserved 1048576K
2021-02-01T19:11:53.387+0000: 502785.506: [GC (Allocation Failure) 2021-02-01T19:11:53.387+0000: 502785.506: [ParNew
Desired survivor size 2162688 bytes, new threshold 6 (max 6)
- age   1:      25672 bytes,      25672 total
- age   2:        120 bytes,      25792 total
- age   3:         32 bytes,      25824 total
: 33886K->29K(38080K), 0.0037865 secs] 117042K->83185K(175784K), 0.0039542 secs] [Times: user=0.01 sys=0.00, real=0.00 secs] 
Heap after GC invocations=5202 (full 7):
 par new generation   total 38080K, used 29K [0x0000000085600000, 0x0000000087f50000, 0x000000009a2c0000)
  eden space 33856K,   0% used [0x0000000085600000, 0x0000000085600000, 0x0000000087710000)
  from space 4224K,   0% used [0x0000000087710000, 0x0000000087717680, 0x0000000087b30000)
  to   space 4224K,   0% used [0x0000000087b30000, 0x0000000087b30000, 0x0000000087f50000)
 concurrent mark-sweep generation total 137704K, used 83155K [0x000000009a2c0000, 0x00000000a293a000, 0x0000000100000000)
 Metaspace       used 111711K, capacity 118273K, committed 120492K, reserved 1155072K
  class space    used 13542K, capacity 14759K, committed 15328K, reserved 1048576K
}
2021-02-01T19:11:53.391+0000: 502785.510: Total time for which application threads were stopped: 0.0043712 seconds, Stopping threads took: 0.0000479 seconds
{Heap before GC invocations=5202 (full 7):
 par new generation   total 38080K, used 33883K [0x0000000085600000, 0x0000000087f50000, 0x000000009a2c0000)
  eden space 33856K,  99% used [0x0000000085600000, 0x000000008770f5c0, 0x0000000087710000)
  from space 4224K,   0% used [0x0000000087710000, 0x0000000087717680, 0x0000000087b30000)
  to   space 4224K,   0% used [0x0000000087b30000, 0x0000000087b30000, 0x0000000087f50000)
 concurrent mark-sweep generation total 137704K, used 83155K [0x000000009a2c0000, 0x00000000a293a000, 0x0000000100000000)
 Metaspace       used 111712K, capacity 118273K, committed 120492K, reserved 1155072K
  class space    used 13542K, capacity 14759K, committed 15328K, reserved 1048576K
2021-02-01T19:13:43.625+0000: 502895.744: [GC (Allocation Failure) 2021-02-01T19:13:43.625+0000: 502895.744: [ParNew
Desired survivor size 2162688 bytes, new threshold 6 (max 6)
- age   1:      85536 bytes,      85536 total
- age   2:        152 bytes,      85688 total
- age   4:         32 bytes,      85720 total
: 33883K->85K(38080K), 0.0068576 secs] 117038K->83241K(175784K), 0.0070230 secs] [Times: user=0.01 sys=0.00, real=0.01 secs] 
Heap after GC invocations=5203 (full 7):
 par new generation   total 38080K, used 85K [0x0000000085600000, 0x0000000087f50000, 0x000000009a2c0000)
  eden space 33856K,   0% used [0x0000000085600000, 0x0000000085600000, 0x0000000087710000)
  from space 4224K,   2% used [0x0000000087b30000, 0x0000000087b45570, 0x0000000087f50000)
  to   space 4224K,   0% used [0x0000000087710000, 0x0000000087710000, 0x0000000087b30000)
 concurrent mark-sweep generation total 137704K, used 83155K [0x000000009a2c0000, 0x00000000a293a000, 0x0000000100000000)
 Metaspace       used 111712K, capacity 118273K, committed 120492K, reserved 1155072K
  class space    used 13542K, capacity 14759K, committed 15328K, reserved 1048576K
}
2021-02-01T19:13:43.632+0000: 502895.751: Total time for which application threads were stopped: 0.0075173 seconds, Stopping threads took: 0.0000510 seconds
{Heap before GC invocations=5203 (full 7):
 par new generation   total 38080K, used 33941K [0x0000000085600000, 0x0000000087f50000, 0x000000009a2c0000)
  eden space 33856K, 100% used [0x0000000085600000, 0x0000000087710000, 0x0000000087710000)
  from space 4224K,   2% used [0x0000000087b30000, 0x0000000087b45570, 0x0000000087f50000)
  to   space 4224K,   0% used [0x0000000087710000, 0x0000000087710000, 0x0000000087b30000)
 concurrent mark-sweep generation total 137704K, used 83155K [0x000000009a2c0000, 0x00000000a293a000, 0x0000000100000000)
 Metaspace       used 111712K, capacity 118273K, committed 120492K, reserved 1155072K
  class space    used 13542K, capacity 14759K, committed 15328K, reserved 1048576K
2021-02-01T19:15:31.319+0000: 503003.439: [GC (Allocation Failure) 2021-02-01T19:15:31.320+0000: 503003.439: [ParNew
Desired survivor size 2162688 bytes, new threshold 6 (max 6)
- age   1:      63856 bytes,      63856 total
- age   2:         32 bytes,      63888 total
- age   5:         32 bytes,      63920 total
: 33941K->77K(38080K), 0.0028497 secs] 117097K->83232K(175784K), 0.0029904 secs] [Times: user=0.01 sys=0.00, real=0.00 secs] 
Heap after GC invocations=5204 (full 7):
 par new generation   total 38080K, used 77K [0x0000000085600000, 0x0000000087f50000, 0x000000009a2c0000)
  eden space 33856K,   0% used [0x0000000085600000, 0x0000000085600000, 0x0000000087710000)
  from space 4224K,   1% used [0x0000000087710000, 0x00000000877234e8, 0x0000000087b30000)
  to   space 4224K,   0% used [0x0000000087b30000, 0x0000000087b30000, 0x0000000087f50000)
 concurrent mark-sweep generation total 137704K, used 83155K [0x000000009a2c0000, 0x00000000a293a000, 0x0000000100000000)
 Metaspace       used 111712K, capacity 118273K, committed 120492K, reserved 1155072K
  class space    used 13542K, capacity 14759K, committed 15328K, reserved 1048576K
}
2021-02-01T19:15:31.323+0000: 503003.442: Total time for which application threads were stopped: 0.0034551 seconds, Stopping threads took: 0.0001055 seconds
{Heap before GC invocations=5204 (full 7):
 par new generation   total 38080K, used 33933K [0x0000000085600000, 0x0000000087f50000, 0x000000009a2c0000)
  eden space 33856K, 100% used [0x0000000085600000, 0x0000000087710000, 0x0000000087710000)
  from space 4224K,   1% used [0x0000000087710000, 0x00000000877234e8, 0x0000000087b30000)
  to   space 4224K,   0% used [0x0000000087b30000, 0x0000000087b30000, 0x0000000087f50000)
 concurrent mark-sweep generation total 137704K, used 83155K [0x000000009a2c0000, 0x00000000a293a000, 0x0000000100000000)
 Metaspace       used 111712K, capacity 118273K, committed 120492K, reserved 1155072K
  class space    used 13542K, capacity 14759K, committed 15328K, reserved 1048576K
2021-02-01T19:17:18.311+0000: 503110.430: [GC (Allocation Failure) 2021-02-01T19:17:18.311+0000: 503110.430: [ParNew
Desired survivor size 2162688 bytes, new threshold 6 (max 6)
- age   1:     131480 bytes,     131480 total
- age   2:        120 bytes,     131600 total
- age   6:         32 bytes,     131632 total
: 33933K->133K(38080K), 0.0048571 secs] 117088K->83289K(175784K), 0.0052204 secs] [Times: user=0.01 sys=0.01, real=0.00 secs] 
Heap after GC invocations=5205 (full 7):
 par new generation   total 38080K, used 133K [0x0000000085600000, 0x0000000087f50000, 0x000000009a2c0000)
  eden space 33856K,   0% used [0x0000000085600000, 0x0000000085600000, 0x0000000087710000)
  from space 4224K,   3% used [0x0000000087b30000, 0x0000000087b51628, 0x0000000087f50000)
  to   space 4224K,   0% used [0x0000000087710000, 0x0000000087710000, 0x0000000087b30000)
 concurrent mark-sweep generation total 137704K, used 83155K [0x000000009a2c0000, 0x00000000a293a000, 0x0000000100000000)
 Metaspace       used 111712K, capacity 118273K, committed 120492K, reserved 1155072K
  class space    used 13542K, capacity 14759K, committed 15328K, reserved 1048576K
}
2021-02-01T19:17:18.316+0000: 503110.435: Total time for which application threads were stopped: 0.0059259 seconds, Stopping threads took: 0.0000981 seconds
{Heap before GC invocations=5205 (full 7):
 par new generation   total 38080K, used 33989K [0x0000000085600000, 0x0000000087f50000, 0x000000009a2c0000)
  eden space 33856K, 100% used [0x0000000085600000, 0x0000000087710000, 0x0000000087710000)
  from space 4224K,   3% used [0x0000000087b30000, 0x0000000087b51628, 0x0000000087f50000)
  to   space 4224K,   0% used [0x0000000087710000, 0x0000000087710000, 0x0000000087b30000)
 concurrent mark-sweep generation total 137704K, used 83155K [0x000000009a2c0000, 0x00000000a293a000, 0x0000000100000000)
 Metaspace       used 111712K, capacity 118273K, committed 120492K, reserved 1155072K
  class space    used 13542K, capacity 14759K, committed 15328K, reserved 1048576K
2021-02-01T19:19:06.909+0000: 503219.028: [GC (Allocation Failure) 2021-02-01T19:19:06.909+0000: 503219.028: [ParNew
Desired survivor size 2162688 bytes, new threshold 6 (max 6)
- age   1:      25888 bytes,      25888 total
- age   2:        200 bytes,      26088 total
: 33989K->30K(38080K), 0.0049659 secs] 117145K->83186K(175784K), 0.0052425 secs] [Times: user=0.01 sys=0.00, real=0.00 secs] 
Heap after GC invocations=5206 (full 7):
 par new generation   total 38080K, used 30K [0x0000000085600000, 0x0000000087f50000, 0x000000009a2c0000)
  eden space 33856K,   0% used [0x0000000085600000, 0x0000000085600000, 0x0000000087710000)
  from space 4224K,   0% used [0x0000000087710000, 0x0000000087717ad8, 0x0000000087b30000)
  to   space 4224K,   0% used [0x0000000087b30000, 0x0000000087b30000, 0x0000000087f50000)
 concurrent mark-sweep generation total 137704K, used 83155K [0x000000009a2c0000, 0x00000000a293a000, 0x0000000100000000)
 Metaspace       used 111712K, capacity 118273K, committed 120492K, reserved 1155072K
  class space    used 13542K, capacity 14759K, committed 15328K, reserved 1048576K
}
2021-02-01T19:19:06.914+0000: 503219.034: Total time for which application threads were stopped: 0.0059589 seconds, Stopping threads took: 0.0000829 seconds
{Heap before GC invocations=5206 (full 7):
 par new generation   total 38080K, used 33886K [0x0000000085600000, 0x0000000087f50000, 0x000000009a2c0000)
  eden space 33856K, 100% used [0x0000000085600000, 0x0000000087710000, 0x0000000087710000)
  from space 4224K,   0% used [0x0000000087710000, 0x0000000087717ad8, 0x0000000087b30000)
  to   space 4224K,   0% used [0x0000000087b30000, 0x0000000087b30000, 0x0000000087f50000)
 concurrent mark-sweep generation total 137704K, used 83155K [0x000000009a2c0000, 0x00000000a293a000, 0x0000000100000000)
 Metaspace       used 111712K, capacity 118273K, committed 120492K, reserved 1155072K
  class space    used 13542K, capacity 14759K, committed 15328K, reserved 1048576K
2021-02-01T19:20:55.494+0000: 503327.613: [GC (Allocation Failure) 2021-02-01T19:20:55.494+0000: 503327.613: [ParNew
Desired survivor size 2162688 bytes, new threshold 6 (max 6)
- age   1:      25960 bytes,      25960 total
: 33886K->29K(38080K), 0.0081161 secs] 117042K->83185K(175784K), 0.0083741 secs] [Times: user=0.02 sys=0.00, real=0.01 secs] 
Heap after GC invocations=5207 (full 7):
 par new generation   total 38080K, used 29K [0x0000000085600000, 0x0000000087f50000, 0x000000009a2c0000)
  eden space 33856K,   0% used [0x0000000085600000, 0x0000000085600000, 0x0000000087710000)
  from space 4224K,   0% used [0x0000000087b30000, 0x0000000087b37730, 0x0000000087f50000)
  to   space 4224K,   0% used [0x0000000087710000, 0x0000000087710000, 0x0000000087b30000)
 concurrent mark-sweep generation total 137704K, used 83155K [0x000000009a2c0000, 0x00000000a293a000, 0x0000000100000000)
 Metaspace       used 111712K, capacity 118273K, committed 120492K, reserved 1155072K
  class space    used 13542K, capacity 14759K, committed 15328K, reserved 1048576K
}
2021-02-01T19:20:55.502+0000: 503327.622: Total time for which application threads were stopped: 0.0092288 seconds, Stopping threads took: 0.0003348 seconds
{Heap before GC invocations=5207 (full 7):
 par new generation   total 38080K, used 33885K [0x0000000085600000, 0x0000000087f50000, 0x000000009a2c0000)
  eden space 33856K, 100% used [0x0000000085600000, 0x0000000087710000, 0x0000000087710000)
  from space 4224K,   0% used [0x0000000087b30000, 0x0000000087b37730, 0x0000000087f50000)
  to   space 4224K,   0% used [0x0000000087710000, 0x0000000087710000, 0x0000000087b30000)
 concurrent mark-sweep generation total 137704K, used 83155K [0x000000009a2c0000, 0x00000000a293a000, 0x0000000100000000)
 Metaspace       used 111712K, capacity 118273K, committed 120492K, reserved 1155072K
  class space    used 13542K, capacity 14759K, committed 15328K, reserved 1048576K
2021-02-01T19:22:44.271+0000: 503436.390: [GC (Allocation Failure) 2021-02-01T19:22:44.271+0000: 503436.390: [ParNew
Desired survivor size 2162688 bytes, new threshold 6 (max 6)
- age   1:      25088 bytes,      25088 total
- age   2:        120 bytes,      25208 total
: 33885K->28K(38080K), 0.0096118 secs] 117041K->83183K(175784K), 0.0110765 secs] [Times: user=0.02 sys=0.00, real=0.01 secs] 
Heap after GC invocations=5208 (full 7):
 par new generation   total 38080K, used 28K [0x0000000085600000, 0x0000000087f50000, 0x000000009a2c0000)
  eden space 33856K,   0% used [0x0000000085600000, 0x0000000085600000, 0x0000000087710000)
  from space 4224K,   0% used [0x0000000087710000, 0x0000000087717040, 0x0000000087b30000)
  to   space 4224K,   0% used [0x0000000087b30000, 0x0000000087b30000, 0x0000000087f50000)
 concurrent mark-sweep generation total 137704K, used 83155K [0x000000009a2c0000, 0x00000000a293a000, 0x0000000100000000)
 Metaspace       used 111712K, capacity 118273K, committed 120492K, reserved 1155072K
  class space    used 13542K, capacity 14759K, committed 15328K, reserved 1048576K
}
2021-02-01T19:22:44.282+0000: 503436.401: Total time for which application threads were stopped: 0.0118219 seconds, Stopping threads took: 0.0000805 seconds
{Heap before GC invocations=5208 (full 7):
 par new generation   total 38080K, used 33884K [0x0000000085600000, 0x0000000087f50000, 0x000000009a2c0000)
  eden space 33856K, 100% used [0x0000000085600000, 0x0000000087710000, 0x0000000087710000)
  from space 4224K,   0% used [0x0000000087710000, 0x0000000087717040, 0x0000000087b30000)
  to   space 4224K,   0% used [0x0000000087b30000, 0x0000000087b30000, 0x0000000087f50000)
 concurrent mark-sweep generation total 137704K, used 83155K [0x000000009a2c0000, 0x00000000a293a000, 0x0000000100000000)
 Metaspace       used 111712K, capacity 118273K, committed 120492K, reserved 1155072K
  class space    used 13542K, capacity 14759K, committed 15328K, reserved 1048576K
2021-02-01T19:24:34.910+0000: 503547.029: [GC (Allocation Failure) 2021-02-01T19:24:34.911+0000: 503547.030: [ParNew
Desired survivor size 2162688 bytes, new threshold 6 (max 6)
- age   1:      30616 bytes,      30616 total
- age   2:         96 bytes,      30712 total
: 33884K->33K(38080K), 0.0199960 secs] 117039K->83189K(175784K), 0.0207930 secs] [Times: user=0.03 sys=0.01, real=0.02 secs] 
Heap after GC invocations=5209 (full 7):
 par new generation   total 38080K, used 33K [0x0000000085600000, 0x0000000087f50000, 0x000000009a2c0000)
  eden space 33856K,   0% used [0x0000000085600000, 0x0000000085600000, 0x0000000087710000)
  from space 4224K,   0% used [0x0000000087b30000, 0x0000000087b38628, 0x0000000087f50000)
  to   space 4224K,   0% used [0x0000000087710000, 0x0000000087710000, 0x0000000087b30000)
 concurrent mark-sweep generation total 137704K, used 83155K [0x000000009a2c0000, 0x00000000a293a000, 0x0000000100000000)
 Metaspace       used 111712K, capacity 118273K, committed 120492K, reserved 1155072K
  class space    used 13542K, capacity 14759K, committed 15328K, reserved 1048576K
}
2021-02-01T19:24:34.931+0000: 503547.050: Total time for which application threads were stopped: 0.0266287 seconds, Stopping threads took: 0.0051644 seconds
{Heap before GC invocations=5209 (full 7):
 par new generation   total 38080K, used 33889K [0x0000000085600000, 0x0000000087f50000, 0x000000009a2c0000)
  eden space 33856K, 100% used [0x0000000085600000, 0x0000000087710000, 0x0000000087710000)
  from space 4224K,   0% used [0x0000000087b30000, 0x0000000087b38628, 0x0000000087f50000)
  to   space 4224K,   0% used [0x0000000087710000, 0x0000000087710000, 0x0000000087b30000)
 concurrent mark-sweep generation total 137704K, used 83155K [0x000000009a2c0000, 0x00000000a293a000, 0x0000000100000000)
 Metaspace       used 111712K, capacity 118273K, committed 120492K, reserved 1155072K
  class space    used 13542K, capacity 14759K, committed 15328K, reserved 1048576K
2021-02-01T19:26:21.647+0000: 503653.767: [GC (Allocation Failure) 2021-02-01T19:26:21.647+0000: 503653.767: [ParNew
Desired survivor size 2162688 bytes, new threshold 6 (max 6)
- age   1:      97800 bytes,      97800 total
- age   2:        120 bytes,      97920 total
- age   3:         32 bytes,      97952 total
: 33889K->99K(38080K), 0.0028597 secs] 117045K->83254K(175784K), 0.0030014 secs] [Times: user=0.01 sys=0.00, real=0.00 secs] 
Heap after GC invocations=5210 (full 7):
 par new generation   total 38080K, used 99K [0x0000000085600000, 0x0000000087f50000, 0x000000009a2c0000)
  eden space 33856K,   0% used [0x0000000085600000, 0x0000000085600000, 0x0000000087710000)
  from space 4224K,   2% used [0x0000000087710000, 0x0000000087728c20, 0x0000000087b30000)
  to   space 4224K,   0% used [0x0000000087b30000, 0x0000000087b30000, 0x0000000087f50000)
 concurrent mark-sweep generation total 137704K, used 83155K [0x000000009a2c0000, 0x00000000a293a000, 0x0000000100000000)
 Metaspace       used 111712K, capacity 118273K, committed 120492K, reserved 1155072K
  class space    used 13542K, capacity 14759K, committed 15328K, reserved 1048576K
}
2021-02-01T19:26:21.650+0000: 503653.770: Total time for which application threads were stopped: 0.0034354 seconds, Stopping threads took: 0.0001018 seconds
{Heap before GC invocations=5210 (full 7):
 par new generation   total 38080K, used 33955K [0x0000000085600000, 0x0000000087f50000, 0x000000009a2c0000)
  eden space 33856K, 100% used [0x0000000085600000, 0x0000000087710000, 0x0000000087710000)
  from space 4224K,   2% used [0x0000000087710000, 0x0000000087728c20, 0x0000000087b30000)
  to   space 4224K,   0% used [0x0000000087b30000, 0x0000000087b30000, 0x0000000087f50000)
 concurrent mark-sweep generation total 137704K, used 83155K [0x000000009a2c0000, 0x00000000a293a000, 0x0000000100000000)
 Metaspace       used 111712K, capacity 118273K, committed 120492K, reserved 1155072K
  class space    used 13542K, capacity 14759K, committed 15328K, reserved 1048576K
2021-02-01T19:28:10.250+0000: 503762.369: [GC (Allocation Failure) 2021-02-01T19:28:10.251+0000: 503762.370: [ParNew
Desired survivor size 2162688 bytes, new threshold 6 (max 6)
- age   1:      26208 bytes,      26208 total
- age   2:        120 bytes,      26328 total
: 33955K->30K(38080K), 0.0061803 secs] 117110K->83185K(175784K), 0.0069720 secs] [Times: user=0.02 sys=0.00, real=0.00 secs] 
Heap after GC invocations=5211 (full 7):
 par new generation   total 38080K, used 30K [0x0000000085600000, 0x0000000087f50000, 0x000000009a2c0000)
  eden space 33856K,   0% used [0x0000000085600000, 0x0000000085600000, 0x0000000087710000)
  from space 4224K,   0% used [0x0000000087b30000, 0x0000000087b37860, 0x0000000087f50000)
  to   space 4224K,   0% used [0x0000000087710000, 0x0000000087710000, 0x0000000087b30000)
 concurrent mark-sweep generation total 137704K, used 83155K [0x000000009a2c0000, 0x00000000a293a000, 0x0000000100000000)
 Metaspace       used 111712K, capacity 118273K, committed 120492K, reserved 1155072K
  class space    used 13542K, capacity 14759K, committed 15328K, reserved 1048576K
}
2021-02-01T19:28:10.258+0000: 503762.377: Total time for which application threads were stopped: 0.0086831 seconds, Stopping threads took: 0.0001552 seconds
{Heap before GC invocations=5211 (full 7):
 par new generation   total 38080K, used 33842K [0x0000000085600000, 0x0000000087f50000, 0x000000009a2c0000)
  eden space 33856K,  99% used [0x0000000085600000, 0x0000000087705100, 0x0000000087710000)
  from space 4224K,   0% used [0x0000000087b30000, 0x0000000087b37860, 0x0000000087f50000)
  to   space 4224K,   0% used [0x0000000087710000, 0x0000000087710000, 0x0000000087b30000)
 concurrent mark-sweep generation total 137704K, used 83155K [0x000000009a2c0000, 0x00000000a293a000, 0x0000000100000000)
 Metaspace       used 111712K, capacity 118273K, committed 120492K, reserved 1155072K
  class space    used 13542K, capacity 14759K, committed 15328K, reserved 1048576K
2021-02-01T19:29:58.957+0000: 503871.076: [GC (Allocation Failure) 2021-02-01T19:29:58.957+0000: 503871.077: [ParNew
Desired survivor size 2162688 bytes, new threshold 6 (max 6)
- age   1:      26000 bytes,      26000 total
: 33842K->29K(38080K), 0.0050616 secs] 116998K->83185K(175784K), 0.0053118 secs] [Times: user=0.02 sys=0.00, real=0.01 secs] 
Heap after GC invocations=5212 (full 7):
 par new generation   total 38080K, used 29K [0x0000000085600000, 0x0000000087f50000, 0x000000009a2c0000)
  eden space 33856K,   0% used [0x0000000085600000, 0x0000000085600000, 0x0000000087710000)
  from space 4224K,   0% used [0x0000000087710000, 0x0000000087717608, 0x0000000087b30000)
  to   space 4224K,   0% used [0x0000000087b30000, 0x0000000087b30000, 0x0000000087f50000)
 concurrent mark-sweep generation total 137704K, used 83155K [0x000000009a2c0000, 0x00000000a293a000, 0x0000000100000000)
 Metaspace       used 111712K, capacity 118273K, committed 120492K, reserved 1155072K
  class space    used 13542K, capacity 14759K, committed 15328K, reserved 1048576K
}
2021-02-01T19:29:58.963+0000: 503871.082: Total time for which application threads were stopped: 0.0060614 seconds, Stopping threads took: 0.0000709 seconds
{Heap before GC invocations=5212 (full 7):
 par new generation   total 38080K, used 33885K [0x0000000085600000, 0x0000000087f50000, 0x000000009a2c0000)
  eden space 33856K, 100% used [0x0000000085600000, 0x0000000087710000, 0x0000000087710000)
  from space 4224K,   0% used [0x0000000087710000, 0x0000000087717608, 0x0000000087b30000)
  to   space 4224K,   0% used [0x0000000087b30000, 0x0000000087b30000, 0x0000000087f50000)
 concurrent mark-sweep generation total 137704K, used 83155K [0x000000009a2c0000, 0x00000000a293a000, 0x0000000100000000)
 Metaspace       used 111712K, capacity 118273K, committed 120492K, reserved 1155072K
  class space    used 13542K, capacity 14759K, committed 15328K, reserved 1048576K
2021-02-01T19:31:49.892+0000: 503982.011: [GC (Allocation Failure) 2021-02-01T19:31:49.892+0000: 503982.011: [ParNew
Desired survivor size 2162688 bytes, new threshold 6 (max 6)
- age   1:      29944 bytes,      29944 total
- age   2:        152 bytes,      30096 total
: 33885K->33K(38080K), 0.0095459 secs] 117041K->83189K(175784K), 0.0097843 secs] [Times: user=0.02 sys=0.00, real=0.01 secs] 
Heap after GC invocations=5213 (full 7):
 par new generation   total 38080K, used 33K [0x0000000085600000, 0x0000000087f50000, 0x000000009a2c0000)
  eden space 33856K,   0% used [0x0000000085600000, 0x0000000085600000, 0x0000000087710000)
  from space 4224K,   0% used [0x0000000087b30000, 0x0000000087b386a0, 0x0000000087f50000)
  to   space 4224K,   0% used [0x0000000087710000, 0x0000000087710000, 0x0000000087b30000)
 concurrent mark-sweep generation total 137704K, used 83155K [0x000000009a2c0000, 0x00000000a293a000, 0x0000000100000000)
 Metaspace       used 111712K, capacity 118273K, committed 120492K, reserved 1155072K
  class space    used 13542K, capacity 14759K, committed 15328K, reserved 1048576K
}
2021-02-01T19:31:49.902+0000: 503982.021: Total time for which application threads were stopped: 0.0108867 seconds, Stopping threads took: 0.0003013 seconds
{Heap before GC invocations=5213 (full 7):
 par new generation   total 38080K, used 33889K [0x0000000085600000, 0x0000000087f50000, 0x000000009a2c0000)
  eden space 33856K, 100% used [0x0000000085600000, 0x0000000087710000, 0x0000000087710000)
  from space 4224K,   0% used [0x0000000087b30000, 0x0000000087b386a0, 0x0000000087f50000)
  to   space 4224K,   0% used [0x0000000087710000, 0x0000000087710000, 0x0000000087b30000)
 concurrent mark-sweep generation total 137704K, used 83155K [0x000000009a2c0000, 0x00000000a293a000, 0x0000000100000000)
 Metaspace       used 111712K, capacity 118273K, committed 120492K, reserved 1155072K
  class space    used 13542K, capacity 14759K, committed 15328K, reserved 1048576K
2021-02-01T19:33:36.772+0000: 504088.891: [GC (Allocation Failure) 2021-02-01T19:33:36.772+0000: 504088.891: [ParNew
Desired survivor size 2162688 bytes, new threshold 6 (max 6)
- age   1:      30088 bytes,      30088 total
- age   2:        152 bytes,      30240 total
: 33889K->32K(38080K), 0.0039103 secs] 117045K->83188K(175784K), 0.0040053 secs] [Times: user=0.00 sys=0.00, real=0.00 secs] 
Heap after GC invocations=5214 (full 7):
 par new generation   total 38080K, used 32K [0x0000000085600000, 0x0000000087f50000, 0x000000009a2c0000)
  eden space 33856K,   0% used [0x0000000085600000, 0x0000000085600000, 0x0000000087710000)
  from space 4224K,   0% used [0x0000000087710000, 0x0000000087718298, 0x0000000087b30000)
  to   space 4224K,   0% used [0x0000000087b30000, 0x0000000087b30000, 0x0000000087f50000)
 concurrent mark-sweep generation total 137704K, used 83155K [0x000000009a2c0000, 0x00000000a293a000, 0x0000000100000000)
 Metaspace       used 111712K, capacity 118273K, committed 120492K, reserved 1155072K
  class space    used 13542K, capacity 14759K, committed 15328K, reserved 1048576K
}
2021-02-01T19:33:36.776+0000: 504088.895: Total time for which application threads were stopped: 0.0043515 seconds, Stopping threads took: 0.0000487 seconds
{Heap before GC invocations=5214 (full 7):
 par new generation   total 38080K, used 33888K [0x0000000085600000, 0x0000000087f50000, 0x000000009a2c0000)
  eden space 33856K, 100% used [0x0000000085600000, 0x0000000087710000, 0x0000000087710000)
  from space 4224K,   0% used [0x0000000087710000, 0x0000000087718298, 0x0000000087b30000)
  to   space 4224K,   0% used [0x0000000087b30000, 0x0000000087b30000, 0x0000000087f50000)
 concurrent mark-sweep generation total 137704K, used 83155K [0x000000009a2c0000, 0x00000000a293a000, 0x0000000100000000)
 Metaspace       used 111712K, capacity 118273K, committed 120492K, reserved 1155072K
  class space    used 13542K, capacity 14759K, committed 15328K, reserved 1048576K
2021-02-01T19:35:25.490+0000: 504197.609: [GC (Allocation Failure) 2021-02-01T19:35:25.490+0000: 504197.610: [ParNew
Desired survivor size 2162688 bytes, new threshold 6 (max 6)
- age   1:     135576 bytes,     135576 total
: 33888K->134K(38080K), 0.0058340 secs] 117044K->83290K(175784K), 0.0061013 secs] [Times: user=0.02 sys=0.00, real=0.00 secs] 
Heap after GC invocations=5215 (full 7):
 par new generation   total 38080K, used 134K [0x0000000085600000, 0x0000000087f50000, 0x000000009a2c0000)
  eden space 33856K,   0% used [0x0000000085600000, 0x0000000085600000, 0x0000000087710000)
  from space 4224K,   3% used [0x0000000087b30000, 0x0000000087b51a98, 0x0000000087f50000)
  to   space 4224K,   0% used [0x0000000087710000, 0x0000000087710000, 0x0000000087b30000)
 concurrent mark-sweep generation total 137704K, used 83155K [0x000000009a2c0000, 0x00000000a293a000, 0x0000000100000000)
 Metaspace       used 111712K, capacity 118273K, committed 120492K, reserved 1155072K
  class space    used 13542K, capacity 14759K, committed 15328K, reserved 1048576K
}
2021-02-01T19:35:25.496+0000: 504197.616: Total time for which application threads were stopped: 0.0071718 seconds, Stopping threads took: 0.0003845 seconds
{Heap before GC invocations=5215 (full 7):
 par new generation   total 38080K, used 33990K [0x0000000085600000, 0x0000000087f50000, 0x000000009a2c0000)
  eden space 33856K, 100% used [0x0000000085600000, 0x0000000087710000, 0x0000000087710000)
  from space 4224K,   3% used [0x0000000087b30000, 0x0000000087b51a98, 0x0000000087f50000)
  to   space 4224K,   0% used [0x0000000087710000, 0x0000000087710000, 0x0000000087b30000)
 concurrent mark-sweep generation total 137704K, used 83155K [0x000000009a2c0000, 0x00000000a293a000, 0x0000000100000000)
 Metaspace       used 111712K, capacity 118273K, committed 120492K, reserved 1155072K
  class space    used 13542K, capacity 14759K, committed 15328K, reserved 1048576K
2021-02-01T19:37:13.639+0000: 504305.758: [GC (Allocation Failure) 2021-02-01T19:37:13.639+0000: 504305.758: [ParNew
Desired survivor size 2162688 bytes, new threshold 6 (max 6)
- age   1:      60464 bytes,      60464 total
- age   2:      36112 bytes,      96576 total
: 33990K->99K(38080K), 0.0048250 secs] 117146K->83255K(175784K), 0.0050020 secs] [Times: user=0.02 sys=0.00, real=0.00 secs] 
Heap after GC invocations=5216 (full 7):
 par new generation   total 38080K, used 99K [0x0000000085600000, 0x0000000087f50000, 0x000000009a2c0000)
  eden space 33856K,   0% used [0x0000000085600000, 0x0000000085600000, 0x0000000087710000)
  from space 4224K,   2% used [0x0000000087710000, 0x0000000087728f88, 0x0000000087b30000)
  to   space 4224K,   0% used [0x0000000087b30000, 0x0000000087b30000, 0x0000000087f50000)
 concurrent mark-sweep generation total 137704K, used 83155K [0x000000009a2c0000, 0x00000000a293a000, 0x0000000100000000)
 Metaspace       used 111712K, capacity 118273K, committed 120492K, reserved 1155072K
  class space    used 13542K, capacity 14759K, committed 15328K, reserved 1048576K
}
2021-02-01T19:37:13.644+0000: 504305.763: Total time for which application threads were stopped: 0.0056012 seconds, Stopping threads took: 0.0001353 seconds
{Heap before GC invocations=5216 (full 7):
 par new generation   total 38080K, used 33955K [0x0000000085600000, 0x0000000087f50000, 0x000000009a2c0000)
  eden space 33856K, 100% used [0x0000000085600000, 0x0000000087710000, 0x0000000087710000)
  from space 4224K,   2% used [0x0000000087710000, 0x0000000087728f88, 0x0000000087b30000)
  to   space 4224K,   0% used [0x0000000087b30000, 0x0000000087b30000, 0x0000000087f50000)
 concurrent mark-sweep generation total 137704K, used 83155K [0x000000009a2c0000, 0x00000000a293a000, 0x0000000100000000)
 Metaspace       used 111712K, capacity 118273K, committed 120492K, reserved 1155072K
  class space    used 13542K, capacity 14759K, committed 15328K, reserved 1048576K
2021-02-01T19:39:02.220+0000: 504414.339: [GC (Allocation Failure) 2021-02-01T19:39:02.220+0000: 504414.340: [ParNew
Desired survivor size 2162688 bytes, new threshold 6 (max 6)
- age   1:      27240 bytes,      27240 total
- age   2:      33736 bytes,      60976 total
- age   3:      35736 bytes,      96712 total
: 33955K->99K(38080K), 0.0049867 secs] 117111K->83255K(175784K), 0.0053348 secs] [Times: user=0.01 sys=0.01, real=0.01 secs] 
Heap after GC invocations=5217 (full 7):
 par new generation   total 38080K, used 99K [0x0000000085600000, 0x0000000087f50000, 0x000000009a2c0000)
  eden space 33856K,   0% used [0x0000000085600000, 0x0000000085600000, 0x0000000087710000)
  from space 4224K,   2% used [0x0000000087b30000, 0x0000000087b48e48, 0x0000000087f50000)
  to   space 4224K,   0% used [0x0000000087710000, 0x0000000087710000, 0x0000000087b30000)
 concurrent mark-sweep generation total 137704K, used 83155K [0x000000009a2c0000, 0x00000000a293a000, 0x0000000100000000)
 Metaspace       used 111712K, capacity 118273K, committed 120492K, reserved 1155072K
  class space    used 13542K, capacity 14759K, committed 15328K, reserved 1048576K
}
2021-02-01T19:39:02.226+0000: 504414.345: Total time for which application threads were stopped: 0.0060340 seconds, Stopping threads took: 0.0000842 seconds
{Heap before GC invocations=5217 (full 7):
 par new generation   total 38080K, used 33955K [0x0000000085600000, 0x0000000087f50000, 0x000000009a2c0000)
  eden space 33856K, 100% used [0x0000000085600000, 0x0000000087710000, 0x0000000087710000)
  from space 4224K,   2% used [0x0000000087b30000, 0x0000000087b48e48, 0x0000000087f50000)
  to   space 4224K,   0% used [0x0000000087710000, 0x0000000087710000, 0x0000000087b30000)
 concurrent mark-sweep generation total 137704K, used 83155K [0x000000009a2c0000, 0x00000000a293a000, 0x0000000100000000)
 Metaspace       used 111712K, capacity 118273K, committed 120492K, reserved 1155072K
  class space    used 13542K, capacity 14759K, committed 15328K, reserved 1048576K
2021-02-01T19:40:51.270+0000: 504523.389: [GC (Allocation Failure) 2021-02-01T19:40:51.270+0000: 504523.389: [ParNew
Desired survivor size 2162688 bytes, new threshold 6 (max 6)
- age   1:      27248 bytes,      27248 total
- age   2:        160 bytes,      27408 total
- age   3:      33736 bytes,      61144 total
- age   4:      35520 bytes,      96664 total
: 33955K->97K(38080K), 0.0049706 secs] 117111K->83253K(175784K), 0.0052021 secs] [Times: user=0.02 sys=0.00, real=0.00 secs] 
Heap after GC invocations=5218 (full 7):
 par new generation   total 38080K, used 97K [0x0000000085600000, 0x0000000087f50000, 0x000000009a2c0000)
  eden space 33856K,   0% used [0x0000000085600000, 0x0000000085600000, 0x0000000087710000)
  from space 4224K,   2% used [0x0000000087710000, 0x00000000877287f0, 0x0000000087b30000)
  to   space 4224K,   0% used [0x0000000087b30000, 0x0000000087b30000, 0x0000000087f50000)
 concurrent mark-sweep generation total 137704K, used 83155K [0x000000009a2c0000, 0x00000000a293a000, 0x0000000100000000)
 Metaspace       used 111712K, capacity 118273K, committed 120492K, reserved 1155072K
  class space    used 13542K, capacity 14759K, committed 15328K, reserved 1048576K
}
2021-02-01T19:40:51.275+0000: 504523.394: Total time for which application threads were stopped: 0.0058624 seconds, Stopping threads took: 0.0000683 seconds
2021-02-01T19:42:14.291+0000: 504606.410: Total time for which application threads were stopped: 0.0005057 seconds, Stopping threads took: 0.0000815 seconds
{Heap before GC invocations=5218 (full 7):
 par new generation   total 38080K, used 33953K [0x0000000085600000, 0x0000000087f50000, 0x000000009a2c0000)
  eden space 33856K, 100% used [0x0000000085600000, 0x0000000087710000, 0x0000000087710000)
  from space 4224K,   2% used [0x0000000087710000, 0x00000000877287f0, 0x0000000087b30000)
  to   space 4224K,   0% used [0x0000000087b30000, 0x0000000087b30000, 0x0000000087f50000)
 concurrent mark-sweep generation total 137704K, used 83155K [0x000000009a2c0000, 0x00000000a293a000, 0x0000000100000000)
 Metaspace       used 111712K, capacity 118273K, committed 120492K, reserved 1155072K
  class space    used 13542K, capacity 14759K, committed 15328K, reserved 1048576K
2021-02-01T19:42:42.408+0000: 504634.527: [GC (Allocation Failure) 2021-02-01T19:42:42.408+0000: 504634.528: [ParNew
Desired survivor size 2162688 bytes, new threshold 6 (max 6)
- age   1:      30072 bytes,      30072 total
- age   2:        152 bytes,      30224 total
- age   5:        992 bytes,      31216 total
: 33953K->34K(38080K), 0.0038211 secs] 117109K->83189K(175784K), 0.0040099 secs] [Times: user=0.01 sys=0.00, real=0.00 secs] 
Heap after GC invocations=5219 (full 7):
 par new generation   total 38080K, used 34K [0x0000000085600000, 0x0000000087f50000, 0x000000009a2c0000)
  eden space 33856K,   0% used [0x0000000085600000, 0x0000000085600000, 0x0000000087710000)
  from space 4224K,   0% used [0x0000000087b30000, 0x0000000087b38808, 0x0000000087f50000)
  to   space 4224K,   0% used [0x0000000087710000, 0x0000000087710000, 0x0000000087b30000)
 concurrent mark-sweep generation total 137704K, used 83155K [0x000000009a2c0000, 0x00000000a293a000, 0x0000000100000000)
 Metaspace       used 111712K, capacity 118273K, committed 120492K, reserved 1155072K
  class space    used 13542K, capacity 14759K, committed 15328K, reserved 1048576K
}
2021-02-01T19:42:42.412+0000: 504634.531: Total time for which application threads were stopped: 0.0045642 seconds, Stopping threads took: 0.0000762 seconds
{Heap before GC invocations=5219 (full 7):
 par new generation   total 38080K, used 33890K [0x0000000085600000, 0x0000000087f50000, 0x000000009a2c0000)
  eden space 33856K, 100% used [0x0000000085600000, 0x0000000087710000, 0x0000000087710000)
  from space 4224K,   0% used [0x0000000087b30000, 0x0000000087b38808, 0x0000000087f50000)
  to   space 4224K,   0% used [0x0000000087710000, 0x0000000087710000, 0x0000000087b30000)
 concurrent mark-sweep generation total 137704K, used 83155K [0x000000009a2c0000, 0x00000000a293a000, 0x0000000100000000)
 Metaspace       used 111712K, capacity 118273K, committed 120492K, reserved 1155072K
  class space    used 13542K, capacity 14759K, committed 15328K, reserved 1048576K
2021-02-01T19:57:52.427+0000: 504744.705: [GC (Allocation Failure) 2021-02-01T19:57:52.427+0000: 504744.705: [ParNew
Desired survivor size 2162688 bytes, new threshold 6 (max 6)
- age   1:      64424 bytes,      64424 total
- age   2:        280 bytes,      64704 total
- age   3:         32 bytes,      64736 total
- age   6:        992 bytes,      65728 total
: 33890K->68K(38080K), 0.0047504 secs] 117045K->83223K(175784K), 0.0049786 secs] [Times: user=0.02 sys=0.00, real=0.00 secs] 
Heap after GC invocations=5220 (full 7):
 par new generation   total 38080K, used 68K [0x0000000085600000, 0x0000000087f50000, 0x000000009a2c0000)
  eden space 33856K,   0% used [0x0000000085600000, 0x0000000085600000, 0x0000000087710000)
  from space 4224K,   1% used [0x0000000087710000, 0x0000000087721110, 0x0000000087b30000)
  to   space 4224K,   0% used [0x0000000087b30000, 0x0000000087b30000, 0x0000000087f50000)
 concurrent mark-sweep generation total 137704K, used 83155K [0x000000009a2c0000, 0x00000000a293a000, 0x0000000100000000)
 Metaspace       used 111712K, capacity 118273K, committed 120492K, reserved 1155072K
  class space    used 13542K, capacity 14759K, committed 15328K, reserved 1048576K
}
2021-02-01T19:57:52.432+0000: 504744.710: Total time for which application threads were stopped: 0.0056118 seconds, Stopping threads took: 0.0000680 seconds
{Heap before GC invocations=5220 (full 7):
 par new generation   total 38080K, used 33924K [0x0000000085600000, 0x0000000087f50000, 0x000000009a2c0000)
  eden space 33856K, 100% used [0x0000000085600000, 0x0000000087710000, 0x0000000087710000)
  from space 4224K,   1% used [0x0000000087710000, 0x0000000087721110, 0x0000000087b30000)
  to   space 4224K,   0% used [0x0000000087b30000, 0x0000000087b30000, 0x0000000087f50000)
 concurrent mark-sweep generation total 137704K, used 83155K [0x000000009a2c0000, 0x00000000a293a000, 0x0000000100000000)
 Metaspace       used 111712K, capacity 118273K, committed 120492K, reserved 1155072K
  class space    used 13542K, capacity 14759K, committed 15328K, reserved 1048576K
2021-02-01T19:59:40.610+0000: 504852.887: [GC (Allocation Failure) 2021-02-01T19:59:40.610+0000: 504852.887: [ParNew
Desired survivor size 2162688 bytes, new threshold 6 (max 6)
- age   1:      97616 bytes,      97616 total
- age   3:        248 bytes,      97864 total
- age   4:         32 bytes,      97896 total
: 33924K->96K(38080K), 0.0050168 secs] 117079K->83253K(175784K), 0.0052769 secs] [Times: user=0.02 sys=0.00, real=0.00 secs] 
Heap after GC invocations=5221 (full 7):
 par new generation   total 38080K, used 96K [0x0000000085600000, 0x0000000087f50000, 0x000000009a2c0000)
  eden space 33856K,   0% used [0x0000000085600000, 0x0000000085600000, 0x0000000087710000)
  from space 4224K,   2% used [0x0000000087b30000, 0x0000000087b48268, 0x0000000087f50000)
  to   space 4224K,   0% used [0x0000000087710000, 0x0000000087710000, 0x0000000087b30000)
 concurrent mark-sweep generation total 137704K, used 83156K [0x000000009a2c0000, 0x00000000a293a000, 0x0000000100000000)
 Metaspace       used 111712K, capacity 118273K, committed 120492K, reserved 1155072K
  class space    used 13542K, capacity 14759K, committed 15328K, reserved 1048576K
}
2021-02-01T19:59:40.615+0000: 504852.893: Total time for which application threads were stopped: 0.0058822 seconds, Stopping threads took: 0.0000675 seconds
{Heap before GC invocations=5221 (full 7):
 par new generation   total 38080K, used 33952K [0x0000000085600000, 0x0000000087f50000, 0x000000009a2c0000)
  eden space 33856K, 100% used [0x0000000085600000, 0x0000000087710000, 0x0000000087710000)
  from space 4224K,   2% used [0x0000000087b30000, 0x0000000087b48268, 0x0000000087f50000)
  to   space 4224K,   0% used [0x0000000087710000, 0x0000000087710000, 0x0000000087b30000)
 concurrent mark-sweep generation total 137704K, used 83156K [0x000000009a2c0000, 0x00000000a293a000, 0x0000000100000000)
 Metaspace       used 111712K, capacity 118273K, committed 120492K, reserved 1155072K
  class space    used 13542K, capacity 14759K, committed 15328K, reserved 1048576K
2021-02-01T20:01:29.199+0000: 504961.476: [GC (Allocation Failure) 2021-02-01T20:01:29.199+0000: 504961.476: [ParNew
Desired survivor size 2162688 bytes, new threshold 6 (max 6)
- age   1:      25512 bytes,      25512 total
- age   2:        168 bytes,      25680 total
- age   4:        248 bytes,      25928 total
: 33952K->30K(38080K), 0.0053349 secs] 117109K->83187K(175784K), 0.0055434 secs] [Times: user=0.01 sys=0.00, real=0.01 secs] 
Heap after GC invocations=5222 (full 7):
 par new generation   total 38080K, used 30K [0x0000000085600000, 0x0000000087f50000, 0x000000009a2c0000)
  eden space 33856K,   0% used [0x0000000085600000, 0x0000000085600000, 0x0000000087710000)
  from space 4224K,   0% used [0x0000000087710000, 0x0000000087717b58, 0x0000000087b30000)
  to   space 4224K,   0% used [0x0000000087b30000, 0x0000000087b30000, 0x0000000087f50000)
 concurrent mark-sweep generation total 137704K, used 83156K [0x000000009a2c0000, 0x00000000a293a000, 0x0000000100000000)
 Metaspace       used 111712K, capacity 118273K, committed 120492K, reserved 1155072K
  class space    used 13542K, capacity 14759K, committed 15328K, reserved 1048576K
}
2021-02-01T20:01:29.204+0000: 504961.482: Total time for which application threads were stopped: 0.0061504 seconds, Stopping threads took: 0.0000931 seconds
{Heap before GC invocations=5222 (full 7):
 par new generation   total 38080K, used 33886K [0x0000000085600000, 0x0000000087f50000, 0x000000009a2c0000)
  eden space 33856K, 100% used [0x0000000085600000, 0x0000000087710000, 0x0000000087710000)
  from space 4224K,   0% used [0x0000000087710000, 0x0000000087717b58, 0x0000000087b30000)
  to   space 4224K,   0% used [0x0000000087b30000, 0x0000000087b30000, 0x0000000087f50000)
 concurrent mark-sweep generation total 137704K, used 83156K [0x000000009a2c0000, 0x00000000a293a000, 0x0000000100000000)
 Metaspace       used 111712K, capacity 118273K, committed 120492K, reserved 1155072K
  class space    used 13542K, capacity 14759K, committed 15328K, reserved 1048576K
2021-02-01T20:03:18.094+0000: 505070.371: [GC (Allocation Failure) 2021-02-01T20:03:18.094+0000: 505070.371: [ParNew
Desired survivor size 2162688 bytes, new threshold 6 (max 6)
- age   1:      25656 bytes,      25656 total
- age   2:        120 bytes,      25776 total
- age   5:        248 bytes,      26024 total
: 33886K->29K(38080K), 0.0051765 secs] 117043K->83186K(175784K), 0.0054174 secs] [Times: user=0.01 sys=0.00, real=0.00 secs] 
Heap after GC invocations=5223 (full 7):
 par new generation   total 38080K, used 29K [0x0000000085600000, 0x0000000087f50000, 0x000000009a2c0000)
  eden space 33856K,   0% used [0x0000000085600000, 0x0000000085600000, 0x0000000087710000)
  from space 4224K,   0% used [0x0000000087b30000, 0x0000000087b37608, 0x0000000087f50000)
  to   space 4224K,   0% used [0x0000000087710000, 0x0000000087710000, 0x0000000087b30000)
 concurrent mark-sweep generation total 137704K, used 83156K [0x000000009a2c0000, 0x00000000a293a000, 0x0000000100000000)
 Metaspace       used 111712K, capacity 118273K, committed 120492K, reserved 1155072K
  class space    used 13542K, capacity 14759K, committed 15328K, reserved 1048576K
}
2021-02-01T20:03:18.099+0000: 505070.377: Total time for which application threads were stopped: 0.0060841 seconds, Stopping threads took: 0.0000773 seconds
{Heap before GC invocations=5223 (full 7):
 par new generation   total 38080K, used 33885K [0x0000000085600000, 0x0000000087f50000, 0x000000009a2c0000)
  eden space 33856K, 100% used [0x0000000085600000, 0x0000000087710000, 0x0000000087710000)
  from space 4224K,   0% used [0x0000000087b30000, 0x0000000087b37608, 0x0000000087f50000)
  to   space 4224K,   0% used [0x0000000087710000, 0x0000000087710000, 0x0000000087b30000)
 concurrent mark-sweep generation total 137704K, used 83156K [0x000000009a2c0000, 0x00000000a293a000, 0x0000000100000000)
 Metaspace       used 111712K, capacity 118273K, committed 120492K, reserved 1155072K
  class space    used 13542K, capacity 14759K, committed 15328K, reserved 1048576K
2021-02-01T20:05:07.132+0000: 505179.410: [GC (Allocation Failure) 2021-02-01T20:05:07.133+0000: 505179.410: [ParNew
Desired survivor size 2162688 bytes, new threshold 6 (max 6)
- age   1:      26016 bytes,      26016 total
- age   2:         32 bytes,      26048 total
- age   6:        248 bytes,      26296 total
: 33885K->29K(38080K), 0.0049845 secs] 117042K->83186K(175784K), 0.0052012 secs] [Times: user=0.02 sys=0.00, real=0.00 secs] 
Heap after GC invocations=5224 (full 7):
 par new generation   total 38080K, used 29K [0x0000000085600000, 0x0000000087f50000, 0x000000009a2c0000)
  eden space 33856K,   0% used [0x0000000085600000, 0x0000000085600000, 0x0000000087710000)
  from space 4224K,   0% used [0x0000000087710000, 0x0000000087717608, 0x0000000087b30000)
  to   space 4224K,   0% used [0x0000000087b30000, 0x0000000087b30000, 0x0000000087f50000)
 concurrent mark-sweep generation total 137704K, used 83156K [0x000000009a2c0000, 0x00000000a293a000, 0x0000000100000000)
 Metaspace       used 111712K, capacity 118273K, committed 120492K, reserved 1155072K
  class space    used 13542K, capacity 14759K, committed 15328K, reserved 1048576K
}
2021-02-01T20:05:07.138+0000: 505179.415: Total time for which application threads were stopped: 0.0057784 seconds, Stopping threads took: 0.0000672 seconds
{Heap before GC invocations=5224 (full 7):
 par new generation   total 38080K, used 33885K [0x0000000085600000, 0x0000000087f50000, 0x000000009a2c0000)
  eden space 33856K, 100% used [0x0000000085600000, 0x0000000087710000, 0x0000000087710000)
  from space 4224K,   0% used [0x0000000087710000, 0x0000000087717608, 0x0000000087b30000)
  to   space 4224K,   0% used [0x0000000087b30000, 0x0000000087b30000, 0x0000000087f50000)
 concurrent mark-sweep generation total 137704K, used 83156K [0x000000009a2c0000, 0x00000000a293a000, 0x0000000100000000)
 Metaspace       used 111713K, capacity 118273K, committed 120492K, reserved 1155072K
  class space    used 13542K, capacity 14759K, committed 15328K, reserved 1048576K
2021-02-01T22:23:04.560+0000: 505292.716: [GC (Allocation Failure) 2021-02-01T22:23:04.560+0000: 505292.716: [ParNew
Desired survivor size 2162688 bytes, new threshold 6 (max 6)
- age   1:      30088 bytes,      30088 total
- age   2:        184 bytes,      30272 total
- age   3:         32 bytes,      30304 total
: 33885K->31K(38080K), 0.0031921 secs] 117042K->83188K(175784K), 0.0033323 secs] [Times: user=0.01 sys=0.00, real=0.01 secs] 
Heap after GC invocations=5225 (full 7):
 par new generation   total 38080K, used 31K [0x0000000085600000, 0x0000000087f50000, 0x000000009a2c0000)
  eden space 33856K,   0% used [0x0000000085600000, 0x0000000085600000, 0x0000000087710000)
  from space 4224K,   0% used [0x0000000087b30000, 0x0000000087b37e90, 0x0000000087f50000)
  to   space 4224K,   0% used [0x0000000087710000, 0x0000000087710000, 0x0000000087b30000)
 concurrent mark-sweep generation total 137704K, used 83156K [0x000000009a2c0000, 0x00000000a293a000, 0x0000000100000000)
 Metaspace       used 111713K, capacity 118273K, committed 120492K, reserved 1155072K
  class space    used 13542K, capacity 14759K, committed 15328K, reserved 1048576K
}
2021-02-01T22:23:04.564+0000: 505292.720: Total time for which application threads were stopped: 0.0036769 seconds, Stopping threads took: 0.0000618 seconds
{Heap before GC invocations=5225 (full 7):
 par new generation   total 38080K, used 33887K [0x0000000085600000, 0x0000000087f50000, 0x000000009a2c0000)
  eden space 33856K, 100% used [0x0000000085600000, 0x0000000087710000, 0x0000000087710000)
  from space 4224K,   0% used [0x0000000087b30000, 0x0000000087b37e90, 0x0000000087f50000)
  to   space 4224K,   0% used [0x0000000087710000, 0x0000000087710000, 0x0000000087b30000)
 concurrent mark-sweep generation total 137704K, used 83156K [0x000000009a2c0000, 0x00000000a293a000, 0x0000000100000000)
 Metaspace       used 111719K, capacity 118337K, committed 120492K, reserved 1155072K
  class space    used 13542K, capacity 14759K, committed 15328K, reserved 1048576K
2021-02-01T22:24:51.770+0000: 505399.926: [GC (Allocation Failure) 2021-02-01T22:24:51.770+0000: 505399.926: [ParNew
Desired survivor size 2162688 bytes, new threshold 6 (max 6)
- age   1:      63880 bytes,      63880 total
- age   2:        120 bytes,      64000 total
- age   4:         32 bytes,      64032 total
: 33887K->65K(38080K), 0.0047021 secs] 117044K->83222K(175784K), 0.0049656 secs] [Times: user=0.01 sys=0.00, real=0.00 secs] 
Heap after GC invocations=5226 (full 7):
 par new generation   total 38080K, used 65K [0x0000000085600000, 0x0000000087f50000, 0x000000009a2c0000)
  eden space 33856K,   0% used [0x0000000085600000, 0x0000000085600000, 0x0000000087710000)
  from space 4224K,   1% used [0x0000000087710000, 0x00000000877206a8, 0x0000000087b30000)
  to   space 4224K,   0% used [0x0000000087b30000, 0x0000000087b30000, 0x0000000087f50000)
 concurrent mark-sweep generation total 137704K, used 83156K [0x000000009a2c0000, 0x00000000a293a000, 0x0000000100000000)
 Metaspace       used 111719K, capacity 118337K, committed 120492K, reserved 1155072K
  class space    used 13542K, capacity 14759K, committed 15328K, reserved 1048576K
}
2021-02-01T22:24:51.775+0000: 505399.931: Total time for which application threads were stopped: 0.0058387 seconds, Stopping threads took: 0.0001902 seconds
{Heap before GC invocations=5226 (full 7):
 par new generation   total 38080K, used 33921K [0x0000000085600000, 0x0000000087f50000, 0x000000009a2c0000)
  eden space 33856K, 100% used [0x0000000085600000, 0x0000000087710000, 0x0000000087710000)
  from space 4224K,   1% used [0x0000000087710000, 0x00000000877206a8, 0x0000000087b30000)
  to   space 4224K,   0% used [0x0000000087b30000, 0x0000000087b30000, 0x0000000087f50000)
 concurrent mark-sweep generation total 137704K, used 83156K [0x000000009a2c0000, 0x00000000a293a000, 0x0000000100000000)
 Metaspace       used 111724K, capacity 118337K, committed 120492K, reserved 1155072K
  class space    used 13542K, capacity 14759K, committed 15328K, reserved 1048576K
2021-02-01T22:26:39.396+0000: 505507.552: [GC (Allocation Failure) 2021-02-01T22:26:39.396+0000: 505507.552: [ParNew
Desired survivor size 2162688 bytes, new threshold 6 (max 6)
- age   1:     163232 bytes,     163232 total
- age   2:        120 bytes,     163352 total
: 33921K->165K(38080K), 0.0058233 secs] 117078K->83322K(175784K), 0.0061549 secs] [Times: user=0.02 sys=0.00, real=0.01 secs] 
Heap after GC invocations=5227 (full 7):
 par new generation   total 38080K, used 165K [0x0000000085600000, 0x0000000087f50000, 0x000000009a2c0000)
  eden space 33856K,   0% used [0x0000000085600000, 0x0000000085600000, 0x0000000087710000)
  from space 4224K,   3% used [0x0000000087b30000, 0x0000000087b597f0, 0x0000000087f50000)
  to   space 4224K,   0% used [0x0000000087710000, 0x0000000087710000, 0x0000000087b30000)
 concurrent mark-sweep generation total 137704K, used 83156K [0x000000009a2c0000, 0x00000000a293a000, 0x0000000100000000)
 Metaspace       used 111724K, capacity 118337K, committed 120492K, reserved 1155072K
  class space    used 13542K, capacity 14759K, committed 15328K, reserved 1048576K
}
2021-02-01T22:26:39.402+0000: 505507.558: Total time for which application threads were stopped: 0.0070511 seconds, Stopping threads took: 0.0000935 seconds
{Heap before GC invocations=5227 (full 7):
 par new generation   total 38080K, used 34021K [0x0000000085600000, 0x0000000087f50000, 0x000000009a2c0000)
  eden space 33856K, 100% used [0x0000000085600000, 0x0000000087710000, 0x0000000087710000)
  from space 4224K,   3% used [0x0000000087b30000, 0x0000000087b597f0, 0x0000000087f50000)
  to   space 4224K,   0% used [0x0000000087710000, 0x0000000087710000, 0x0000000087b30000)
 concurrent mark-sweep generation total 137704K, used 83156K [0x000000009a2c0000, 0x00000000a293a000, 0x0000000100000000)
 Metaspace       used 111724K, capacity 118337K, committed 120492K, reserved 1155072K
  class space    used 13542K, capacity 14759K, committed 15328K, reserved 1048576K
2021-02-01T22:28:29.414+0000: 505617.570: [GC (Allocation Failure) 2021-02-01T22:28:29.414+0000: 505617.570: [ParNew
Desired survivor size 2162688 bytes, new threshold 6 (max 6)
- age   1:      28992 bytes,      28992 total
- age   2:        120 bytes,      29112 total
: 34021K->30K(38080K), 0.0036063 secs] 117178K->83187K(175784K), 0.0037337 secs] [Times: user=0.01 sys=0.00, real=0.00 secs] 
Heap after GC invocations=5228 (full 7):
 par new generation   total 38080K, used 30K [0x0000000085600000, 0x0000000087f50000, 0x000000009a2c0000)
  eden space 33856K,   0% used [0x0000000085600000, 0x0000000085600000, 0x0000000087710000)
  from space 4224K,   0% used [0x0000000087710000, 0x00000000877179b0, 0x0000000087b30000)
  to   space 4224K,   0% used [0x0000000087b30000, 0x0000000087b30000, 0x0000000087f50000)
 concurrent mark-sweep generation total 137704K, used 83156K [0x000000009a2c0000, 0x00000000a293a000, 0x0000000100000000)
 Metaspace       used 111724K, capacity 118337K, committed 120492K, reserved 1155072K
  class space    used 13542K, capacity 14759K, committed 15328K, reserved 1048576K
}
2021-02-01T22:28:29.418+0000: 505617.574: Total time for which application threads were stopped: 0.0040474 seconds, Stopping threads took: 0.0000328 seconds
{Heap before GC invocations=5228 (full 7):
 par new generation   total 38080K, used 33886K [0x0000000085600000, 0x0000000087f50000, 0x000000009a2c0000)
  eden space 33856K, 100% used [0x0000000085600000, 0x0000000087710000, 0x0000000087710000)
  from space 4224K,   0% used [0x0000000087710000, 0x00000000877179b0, 0x0000000087b30000)
  to   space 4224K,   0% used [0x0000000087b30000, 0x0000000087b30000, 0x0000000087f50000)
 concurrent mark-sweep generation total 137704K, used 83156K [0x000000009a2c0000, 0x00000000a293a000, 0x0000000100000000)
 Metaspace       used 111724K, capacity 118337K, committed 120492K, reserved 1155072K
  class space    used 13542K, capacity 14759K, committed 15328K, reserved 1048576K
2021-02-01T22:30:18.020+0000: 505726.176: [GC (Allocation Failure) 2021-02-01T22:30:18.020+0000: 505726.176: [ParNew
Desired survivor size 2162688 bytes, new threshold 6 (max 6)
- age   1:      24288 bytes,      24288 total
- age   2:       1744 bytes,      26032 total
: 33886K->28K(38080K), 0.0055814 secs] 117043K->83185K(175784K), 0.0059231 secs] [Times: user=0.01 sys=0.00, real=0.01 secs] 
Heap after GC invocations=5229 (full 7):
 par new generation   total 38080K, used 28K [0x0000000085600000, 0x0000000087f50000, 0x000000009a2c0000)
  eden space 33856K,   0% used [0x0000000085600000, 0x0000000085600000, 0x0000000087710000)
  from space 4224K,   0% used [0x0000000087b30000, 0x0000000087b371b8, 0x0000000087f50000)
  to   space 4224K,   0% used [0x0000000087710000, 0x0000000087710000, 0x0000000087b30000)
 concurrent mark-sweep generation total 137704K, used 83156K [0x000000009a2c0000, 0x00000000a293a000, 0x0000000100000000)
 Metaspace       used 111724K, capacity 118337K, committed 120492K, reserved 1155072K
  class space    used 13542K, capacity 14759K, committed 15328K, reserved 1048576K
}
2021-02-01T22:30:18.026+0000: 505726.182: Total time for which application threads were stopped: 0.0067329 seconds, Stopping threads took: 0.0001014 seconds
{Heap before GC invocations=5229 (full 7):
 par new generation   total 38080K, used 33876K [0x0000000085600000, 0x0000000087f50000, 0x000000009a2c0000)
  eden space 33856K,  99% used [0x0000000085600000, 0x000000008770e1a0, 0x0000000087710000)
  from space 4224K,   0% used [0x0000000087b30000, 0x0000000087b371b8, 0x0000000087f50000)
  to   space 4224K,   0% used [0x0000000087710000, 0x0000000087710000, 0x0000000087b30000)
 concurrent mark-sweep generation total 137704K, used 83156K [0x000000009a2c0000, 0x00000000a293a000, 0x0000000100000000)
 Metaspace       used 111724K, capacity 118337K, committed 120492K, reserved 1155072K
  class space    used 13542K, capacity 14759K, committed 15328K, reserved 1048576K
2021-02-01T22:32:08.502+0000: 505836.658: [GC (Allocation Failure) 2021-02-01T22:32:08.502+0000: 505836.658: [ParNew
Desired survivor size 2162688 bytes, new threshold 6 (max 6)
- age   1:      83448 bytes,      83448 total
: 33876K->84K(38080K), 0.0053385 secs] 117033K->83241K(175784K), 0.0055737 secs] [Times: user=0.02 sys=0.00, real=0.00 secs] 
Heap after GC invocations=5230 (full 7):
 par new generation   total 38080K, used 84K [0x0000000085600000, 0x0000000087f50000, 0x000000009a2c0000)
  eden space 33856K,   0% used [0x0000000085600000, 0x0000000085600000, 0x0000000087710000)
  from space 4224K,   2% used [0x0000000087710000, 0x00000000877253e8, 0x0000000087b30000)
  to   space 4224K,   0% used [0x0000000087b30000, 0x0000000087b30000, 0x0000000087f50000)
 concurrent mark-sweep generation total 137704K, used 83156K [0x000000009a2c0000, 0x00000000a293a000, 0x0000000100000000)
 Metaspace       used 111724K, capacity 118337K, committed 120492K, reserved 1155072K
  class space    used 13542K, capacity 14759K, committed 15328K, reserved 1048576K
}
2021-02-01T22:32:08.508+0000: 505836.664: Total time for which application threads were stopped: 0.0063492 seconds, Stopping threads took: 0.0001290 seconds
{Heap before GC invocations=5230 (full 7):
 par new generation   total 38080K, used 33940K [0x0000000085600000, 0x0000000087f50000, 0x000000009a2c0000)
  eden space 33856K, 100% used [0x0000000085600000, 0x0000000087710000, 0x0000000087710000)
  from space 4224K,   2% used [0x0000000087710000, 0x00000000877253e8, 0x0000000087b30000)
  to   space 4224K,   0% used [0x0000000087b30000, 0x0000000087b30000, 0x0000000087f50000)
 concurrent mark-sweep generation total 137704K, used 83156K [0x000000009a2c0000, 0x00000000a293a000, 0x0000000100000000)
 Metaspace       used 111724K, capacity 118337K, committed 120492K, reserved 1155072K
  class space    used 13542K, capacity 14759K, committed 15328K, reserved 1048576K
2021-02-01T22:33:57.530+0000: 505945.686: [GC (Allocation Failure) 2021-02-01T22:33:57.530+0000: 505945.686: [ParNew
Desired survivor size 2162688 bytes, new threshold 6 (max 6)
- age   1:      64024 bytes,      64024 total
- age   2:        184 bytes,      64208 total
: 33940K->75K(38080K), 0.0050301 secs] 117097K->83232K(175784K), 0.0053325 secs] [Times: user=0.02 sys=0.00, real=0.00 secs] 
Heap after GC invocations=5231 (full 7):
 par new generation   total 38080K, used 75K [0x0000000085600000, 0x0000000087f50000, 0x000000009a2c0000)
  eden space 33856K,   0% used [0x0000000085600000, 0x0000000085600000, 0x0000000087710000)
  from space 4224K,   1% used [0x0000000087b30000, 0x0000000087b42f78, 0x0000000087f50000)
  to   space 4224K,   0% used [0x0000000087710000, 0x0000000087710000, 0x0000000087b30000)
 concurrent mark-sweep generation total 137704K, used 83156K [0x000000009a2c0000, 0x00000000a293a000, 0x0000000100000000)
 Metaspace       used 111724K, capacity 118337K, committed 120492K, reserved 1155072K
  class space    used 13542K, capacity 14759K, committed 15328K, reserved 1048576K
}
2021-02-01T22:33:57.535+0000: 505945.691: Total time for which application threads were stopped: 0.0062037 seconds, Stopping threads took: 0.0000756 seconds
{Heap before GC invocations=5231 (full 7):
 par new generation   total 38080K, used 33931K [0x0000000085600000, 0x0000000087f50000, 0x000000009a2c0000)
  eden space 33856K, 100% used [0x0000000085600000, 0x0000000087710000, 0x0000000087710000)
  from space 4224K,   1% used [0x0000000087b30000, 0x0000000087b42f78, 0x0000000087f50000)
  to   space 4224K,   0% used [0x0000000087710000, 0x0000000087710000, 0x0000000087b30000)
 concurrent mark-sweep generation total 137704K, used 83156K [0x000000009a2c0000, 0x00000000a293a000, 0x0000000100000000)
 Metaspace       used 111724K, capacity 118337K, committed 120492K, reserved 1155072K
  class space    used 13542K, capacity 14759K, committed 15328K, reserved 1048576K
2021-02-01T22:35:44.269+0000: 506052.425: [GC (Allocation Failure) 2021-02-01T22:35:44.269+0000: 506052.425: [ParNew
Desired survivor size 2162688 bytes, new threshold 6 (max 6)
- age   1:      97528 bytes,      97528 total
- age   2:        120 bytes,      97648 total
: 33931K->100K(38080K), 0.0052014 secs] 117088K->83257K(175784K), 0.0055318 secs] [Times: user=0.02 sys=0.00, real=0.00 secs] 
Heap after GC invocations=5232 (full 7):
 par new generation   total 38080K, used 100K [0x0000000085600000, 0x0000000087f50000, 0x000000009a2c0000)
  eden space 33856K,   0% used [0x0000000085600000, 0x0000000085600000, 0x0000000087710000)
  from space 4224K,   2% used [0x0000000087710000, 0x00000000877290a8, 0x0000000087b30000)
  to   space 4224K,   0% used [0x0000000087b30000, 0x0000000087b30000, 0x0000000087f50000)
 concurrent mark-sweep generation total 137704K, used 83156K [0x000000009a2c0000, 0x00000000a293a000, 0x0000000100000000)
 Metaspace       used 111724K, capacity 118337K, committed 120492K, reserved 1155072K
  class space    used 13542K, capacity 14759K, committed 15328K, reserved 1048576K
}
2021-02-01T22:35:44.275+0000: 506052.431: Total time for which application threads were stopped: 0.0064589 seconds, Stopping threads took: 0.0000772 seconds
{Heap before GC invocations=5232 (full 7):
 par new generation   total 38080K, used 33956K [0x0000000085600000, 0x0000000087f50000, 0x000000009a2c0000)
  eden space 33856K, 100% used [0x0000000085600000, 0x0000000087710000, 0x0000000087710000)
  from space 4224K,   2% used [0x0000000087710000, 0x00000000877290a8, 0x0000000087b30000)
  to   space 4224K,   0% used [0x0000000087b30000, 0x0000000087b30000, 0x0000000087f50000)
 concurrent mark-sweep generation total 137704K, used 83156K [0x000000009a2c0000, 0x00000000a293a000, 0x0000000100000000)
 Metaspace       used 111724K, capacity 118337K, committed 120492K, reserved 1155072K
  class space    used 13542K, capacity 14759K, committed 15328K, reserved 1048576K
2021-02-01T22:37:33.128+0000: 506161.284: [GC (Allocation Failure) 2021-02-01T22:37:33.128+0000: 506161.284: [ParNew
Desired survivor size 2162688 bytes, new threshold 6 (max 6)
- age   1:      25912 bytes,      25912 total
- age   2:         80 bytes,      25992 total
: 33956K->30K(38080K), 0.0070639 secs] 117113K->83187K(175784K), 0.0074003 secs] [Times: user=0.02 sys=0.00, real=0.01 secs] 
Heap after GC invocations=5233 (full 7):
 par new generation   total 38080K, used 30K [0x0000000085600000, 0x0000000087f50000, 0x000000009a2c0000)
  eden space 33856K,   0% used [0x0000000085600000, 0x0000000085600000, 0x0000000087710000)
  from space 4224K,   0% used [0x0000000087b30000, 0x0000000087b37aa0, 0x0000000087f50000)
  to   space 4224K,   0% used [0x0000000087710000, 0x0000000087710000, 0x0000000087b30000)
 concurrent mark-sweep generation total 137704K, used 83156K [0x000000009a2c0000, 0x00000000a293a000, 0x0000000100000000)
 Metaspace       used 111724K, capacity 118337K, committed 120492K, reserved 1155072K
  class space    used 13542K, capacity 14759K, committed 15328K, reserved 1048576K
}
2021-02-01T22:37:33.135+0000: 506161.291: Total time for which application threads were stopped: 0.0095174 seconds, Stopping threads took: 0.0012779 seconds
{Heap before GC invocations=5233 (full 7):
 par new generation   total 38080K, used 33886K [0x0000000085600000, 0x0000000087f50000, 0x000000009a2c0000)
  eden space 33856K, 100% used [0x0000000085600000, 0x0000000087710000, 0x0000000087710000)
  from space 4224K,   0% used [0x0000000087b30000, 0x0000000087b37aa0, 0x0000000087f50000)
  to   space 4224K,   0% used [0x0000000087710000, 0x0000000087710000, 0x0000000087b30000)
 concurrent mark-sweep generation total 137704K, used 83156K [0x000000009a2c0000, 0x00000000a293a000, 0x0000000100000000)
 Metaspace       used 111724K, capacity 118337K, committed 120492K, reserved 1155072K
  class space    used 13542K, capacity 14759K, committed 15328K, reserved 1048576K
2021-02-01T22:39:22.028+0000: 506270.184: [GC (Allocation Failure) 2021-02-01T22:39:22.028+0000: 506270.184: [ParNew
Desired survivor size 2162688 bytes, new threshold 6 (max 6)
- age   1:      25808 bytes,      25808 total
- age   2:        120 bytes,      25928 total
: 33886K->29K(38080K), 0.0057099 secs] 117043K->83186K(175784K), 0.0060317 secs] [Times: user=0.02 sys=0.00, real=0.01 secs] 
Heap after GC invocations=5234 (full 7):
 par new generation   total 38080K, used 29K [0x0000000085600000, 0x0000000087f50000, 0x000000009a2c0000)
  eden space 33856K,   0% used [0x0000000085600000, 0x0000000085600000, 0x0000000087710000)
  from space 4224K,   0% used [0x0000000087710000, 0x0000000087717680, 0x0000000087b30000)
  to   space 4224K,   0% used [0x0000000087b30000, 0x0000000087b30000, 0x0000000087f50000)
 concurrent mark-sweep generation total 137704K, used 83156K [0x000000009a2c0000, 0x00000000a293a000, 0x0000000100000000)
 Metaspace       used 111724K, capacity 118337K, committed 120492K, reserved 1155072K
  class space    used 13542K, capacity 14759K, committed 15328K, reserved 1048576K
}
2021-02-01T22:39:22.034+0000: 506270.190: Total time for which application threads were stopped: 0.0082724 seconds, Stopping threads took: 0.0016276 seconds
{Heap before GC invocations=5234 (full 7):
 par new generation   total 38080K, used 33885K [0x0000000085600000, 0x0000000087f50000, 0x000000009a2c0000)
  eden space 33856K, 100% used [0x0000000085600000, 0x0000000087710000, 0x0000000087710000)
  from space 4224K,   0% used [0x0000000087710000, 0x0000000087717680, 0x0000000087b30000)
  to   space 4224K,   0% used [0x0000000087b30000, 0x0000000087b30000, 0x0000000087f50000)
 concurrent mark-sweep generation total 137704K, used 83156K [0x000000009a2c0000, 0x00000000a293a000, 0x0000000100000000)
 Metaspace       used 111724K, capacity 118337K, committed 120492K, reserved 1155072K
  class space    used 13542K, capacity 14759K, committed 15328K, reserved 1048576K
2021-02-01T22:41:11.037+0000: 506379.193: [GC (Allocation Failure) 2021-02-01T22:41:11.037+0000: 506379.193: [ParNew
Desired survivor size 2162688 bytes, new threshold 6 (max 6)
- age   1:      25600 bytes,      25600 total
- age   2:        152 bytes,      25752 total
: 33885K->29K(38080K), 0.0061074 secs] 117042K->83186K(175784K), 0.0064489 secs] [Times: user=0.02 sys=0.00, real=0.01 secs] 
Heap after GC invocations=5235 (full 7):
 par new generation   total 38080K, used 29K [0x0000000085600000, 0x0000000087f50000, 0x000000009a2c0000)
  eden space 33856K,   0% used [0x0000000085600000, 0x0000000085600000, 0x0000000087710000)
  from space 4224K,   0% used [0x0000000087b30000, 0x0000000087b37608, 0x0000000087f50000)
  to   space 4224K,   0% used [0x0000000087710000, 0x0000000087710000, 0x0000000087b30000)
 concurrent mark-sweep generation total 137704K, used 83156K [0x000000009a2c0000, 0x00000000a293a000, 0x0000000100000000)
 Metaspace       used 111724K, capacity 118337K, committed 120492K, reserved 1155072K
  class space    used 13542K, capacity 14759K, committed 15328K, reserved 1048576K
}
2021-02-01T22:41:11.044+0000: 506379.200: Total time for which application threads were stopped: 0.0073283 seconds, Stopping threads took: 0.0000893 seconds
{Heap before GC invocations=5235 (full 7):
 par new generation   total 38080K, used 33885K [0x0000000085600000, 0x0000000087f50000, 0x000000009a2c0000)
  eden space 33856K, 100% used [0x0000000085600000, 0x0000000087710000, 0x0000000087710000)
  from space 4224K,   0% used [0x0000000087b30000, 0x0000000087b37608, 0x0000000087f50000)
  to   space 4224K,   0% used [0x0000000087710000, 0x0000000087710000, 0x0000000087b30000)
 concurrent mark-sweep generation total 137704K, used 83156K [0x000000009a2c0000, 0x00000000a293a000, 0x0000000100000000)
 Metaspace       used 111725K, capacity 118337K, committed 120492K, reserved 1155072K
  class space    used 13542K, capacity 14759K, committed 15328K, reserved 1048576K
2021-02-01T22:43:01.616+0000: 506489.772: [GC (Allocation Failure) 2021-02-01T22:43:01.616+0000: 506489.772: [ParNew
Desired survivor size 2162688 bytes, new threshold 6 (max 6)
- age   1:      29824 bytes,      29824 total
- age   2:         64 bytes,      29888 total
- age   3:         32 bytes,      29920 total
: 33885K->31K(38080K), 0.0057673 secs] 117042K->83188K(175784K), 0.0060671 secs] [Times: user=0.02 sys=0.00, real=0.01 secs] 
Heap after GC invocations=5236 (full 7):
 par new generation   total 38080K, used 31K [0x0000000085600000, 0x0000000087f50000, 0x000000009a2c0000)
  eden space 33856K,   0% used [0x0000000085600000, 0x0000000085600000, 0x0000000087710000)
  from space 4224K,   0% used [0x0000000087710000, 0x0000000087717e18, 0x0000000087b30000)
  to   space 4224K,   0% used [0x0000000087b30000, 0x0000000087b30000, 0x0000000087f50000)
 concurrent mark-sweep generation total 137704K, used 83156K [0x000000009a2c0000, 0x00000000a293a000, 0x0000000100000000)
 Metaspace       used 111725K, capacity 118337K, committed 120492K, reserved 1155072K
  class space    used 13542K, capacity 14759K, committed 15328K, reserved 1048576K
}
2021-02-01T22:43:01.622+0000: 506489.778: Total time for which application threads were stopped: 0.0069922 seconds, Stopping threads took: 0.0002439 seconds
{Heap before GC invocations=5236 (full 7):
 par new generation   total 38080K, used 33887K [0x0000000085600000, 0x0000000087f50000, 0x000000009a2c0000)
  eden space 33856K, 100% used [0x0000000085600000, 0x0000000087710000, 0x0000000087710000)
  from space 4224K,   0% used [0x0000000087710000, 0x0000000087717e18, 0x0000000087b30000)
  to   space 4224K,   0% used [0x0000000087b30000, 0x0000000087b30000, 0x0000000087f50000)
 concurrent mark-sweep generation total 137704K, used 83156K [0x000000009a2c0000, 0x00000000a293a000, 0x0000000100000000)
 Metaspace       used 111725K, capacity 118337K, committed 120492K, reserved 1155072K
  class space    used 13542K, capacity 14759K, committed 15328K, reserved 1048576K
2021-02-01T22:44:48.859+0000: 506597.015: [GC (Allocation Failure) 2021-02-01T22:44:48.859+0000: 506597.015: [ParNew
Desired survivor size 2162688 bytes, new threshold 6 (max 6)
- age   1:      95920 bytes,      95920 total
- age   2:        120 bytes,      96040 total
- age   3:         32 bytes,      96072 total
: 33887K->97K(38080K), 0.0046781 secs] 117044K->83254K(175784K), 0.0048906 secs] [Times: user=0.01 sys=0.00, real=0.01 secs] 
Heap after GC invocations=5237 (full 7):
 par new generation   total 38080K, used 97K [0x0000000085600000, 0x0000000087f50000, 0x000000009a2c0000)
  eden space 33856K,   0% used [0x0000000085600000, 0x0000000085600000, 0x0000000087710000)
  from space 4224K,   2% used [0x0000000087b30000, 0x0000000087b48610, 0x0000000087f50000)
  to   space 4224K,   0% used [0x0000000087710000, 0x0000000087710000, 0x0000000087b30000)
 concurrent mark-sweep generation total 137704K, used 83156K [0x000000009a2c0000, 0x00000000a293a000, 0x0000000100000000)
 Metaspace       used 111725K, capacity 118337K, committed 120492K, reserved 1155072K
  class space    used 13542K, capacity 14759K, committed 15328K, reserved 1048576K
}
2021-02-01T22:44:48.864+0000: 506597.020: Total time for which application threads were stopped: 0.0055015 seconds, Stopping threads took: 0.0000674 seconds
{Heap before GC invocations=5237 (full 7):
 par new generation   total 38080K, used 33953K [0x0000000085600000, 0x0000000087f50000, 0x000000009a2c0000)
  eden space 33856K, 100% used [0x0000000085600000, 0x0000000087710000, 0x0000000087710000)
  from space 4224K,   2% used [0x0000000087b30000, 0x0000000087b48610, 0x0000000087f50000)
  to   space 4224K,   0% used [0x0000000087710000, 0x0000000087710000, 0x0000000087b30000)
 concurrent mark-sweep generation total 137704K, used 83156K [0x000000009a2c0000, 0x00000000a293a000, 0x0000000100000000)
 Metaspace       used 111725K, capacity 118337K, committed 120492K, reserved 1155072K
  class space    used 13542K, capacity 14759K, committed 15328K, reserved 1048576K
2021-02-01T22:46:37.624+0000: 506705.780: [GC (Allocation Failure) 2021-02-01T22:46:37.624+0000: 506705.780: [ParNew
Desired survivor size 2162688 bytes, new threshold 6 (max 6)
- age   1:      25824 bytes,      25824 total
- age   4:         32 bytes,      25856 total
: 33953K->29K(38080K), 0.0053434 secs] 117110K->83186K(175784K), 0.0056094 secs] [Times: user=0.01 sys=0.01, real=0.01 secs] 
Heap after GC invocations=5238 (full 7):
 par new generation   total 38080K, used 29K [0x0000000085600000, 0x0000000087f50000, 0x000000009a2c0000)
  eden space 33856K,   0% used [0x0000000085600000, 0x0000000085600000, 0x0000000087710000)
  from space 4224K,   0% used [0x0000000087710000, 0x0000000087717558, 0x0000000087b30000)
  to   space 4224K,   0% used [0x0000000087b30000, 0x0000000087b30000, 0x0000000087f50000)
 concurrent mark-sweep generation total 137704K, used 83156K [0x000000009a2c0000, 0x00000000a293a000, 0x0000000100000000)
 Metaspace       used 111725K, capacity 118337K, committed 120492K, reserved 1155072K
  class space    used 13542K, capacity 14759K, committed 15328K, reserved 1048576K
}
2021-02-01T22:46:37.630+0000: 506705.786: Total time for which application threads were stopped: 0.0062587 seconds, Stopping threads took: 0.0000770 seconds
{Heap before GC invocations=5238 (full 7):
 par new generation   total 38080K, used 33885K [0x0000000085600000, 0x0000000087f50000, 0x000000009a2c0000)
  eden space 33856K, 100% used [0x0000000085600000, 0x0000000087710000, 0x0000000087710000)
  from space 4224K,   0% used [0x0000000087710000, 0x0000000087717558, 0x0000000087b30000)
  to   space 4224K,   0% used [0x0000000087b30000, 0x0000000087b30000, 0x0000000087f50000)
 concurrent mark-sweep generation total 137704K, used 83156K [0x000000009a2c0000, 0x00000000a293a000, 0x0000000100000000)
 Metaspace       used 111725K, capacity 118337K, committed 120492K, reserved 1155072K
  class space    used 13542K, capacity 14759K, committed 15328K, reserved 1048576K
2021-02-01T22:48:26.655+0000: 506814.811: [GC (Allocation Failure) 2021-02-01T22:48:26.655+0000: 506814.811: [ParNew
Desired survivor size 2162688 bytes, new threshold 6 (max 6)
- age   1:      25944 bytes,      25944 total
- age   2:        120 bytes,      26064 total
- age   5:         32 bytes,      26096 total
: 33885K->29K(38080K), 0.0054693 secs] 117042K->83186K(175784K), 0.0058168 secs] [Times: user=0.01 sys=0.01, real=0.00 secs] 
Heap after GC invocations=5239 (full 7):
 par new generation   total 38080K, used 29K [0x0000000085600000, 0x0000000087f50000, 0x000000009a2c0000)
  eden space 33856K,   0% used [0x0000000085600000, 0x0000000085600000, 0x0000000087710000)
  from space 4224K,   0% used [0x0000000087b30000, 0x0000000087b37680, 0x0000000087f50000)
  to   space 4224K,   0% used [0x0000000087710000, 0x0000000087710000, 0x0000000087b30000)
 concurrent mark-sweep generation total 137704K, used 83156K [0x000000009a2c0000, 0x00000000a293a000, 0x0000000100000000)
 Metaspace       used 111725K, capacity 118337K, committed 120492K, reserved 1155072K
  class space    used 13542K, capacity 14759K, committed 15328K, reserved 1048576K
}
2021-02-01T22:48:26.661+0000: 506814.817: Total time for which application threads were stopped: 0.0066278 seconds, Stopping threads took: 0.0000757 seconds
{Heap before GC invocations=5239 (full 7):
 par new generation   total 38080K, used 33885K [0x0000000085600000, 0x0000000087f50000, 0x000000009a2c0000)
  eden space 33856K, 100% used [0x0000000085600000, 0x0000000087710000, 0x0000000087710000)
  from space 4224K,   0% used [0x0000000087b30000, 0x0000000087b37680, 0x0000000087f50000)
  to   space 4224K,   0% used [0x0000000087710000, 0x0000000087710000, 0x0000000087b30000)
 concurrent mark-sweep generation total 137704K, used 83156K [0x000000009a2c0000, 0x00000000a293a000, 0x0000000100000000)
 Metaspace       used 111725K, capacity 118337K, committed 120492K, reserved 1155072K
  class space    used 13542K, capacity 14759K, committed 15328K, reserved 1048576K
2021-02-01T22:50:15.581+0000: 506923.737: [GC (Allocation Failure) 2021-02-01T22:50:15.582+0000: 506923.738: [ParNew
Desired survivor size 2162688 bytes, new threshold 6 (max 6)
- age   1:      25920 bytes,      25920 total
- age   2:        120 bytes,      26040 total
- age   6:         32 bytes,      26072 total
: 33885K->29K(38080K), 0.0091373 secs] 117042K->83186K(175784K), 0.0094130 secs] [Times: user=0.02 sys=0.00, real=0.01 secs] 
Heap after GC invocations=5240 (full 7):
 par new generation   total 38080K, used 29K [0x0000000085600000, 0x0000000087f50000, 0x000000009a2c0000)
  eden space 33856K,   0% used [0x0000000085600000, 0x0000000085600000, 0x0000000087710000)
  from space 4224K,   0% used [0x0000000087710000, 0x0000000087717608, 0x0000000087b30000)
  to   space 4224K,   0% used [0x0000000087b30000, 0x0000000087b30000, 0x0000000087f50000)
 concurrent mark-sweep generation total 137704K, used 83156K [0x000000009a2c0000, 0x00000000a293a000, 0x0000000100000000)
 Metaspace       used 111725K, capacity 118337K, committed 120492K, reserved 1155072K
  class space    used 13542K, capacity 14759K, committed 15328K, reserved 1048576K
}
2021-02-01T22:50:15.591+0000: 506923.747: Total time for which application threads were stopped: 0.0101084 seconds, Stopping threads took: 0.0000869 seconds
{Heap before GC invocations=5240 (full 7):
 par new generation   total 38080K, used 33885K [0x0000000085600000, 0x0000000087f50000, 0x000000009a2c0000)
  eden space 33856K, 100% used [0x0000000085600000, 0x0000000087710000, 0x0000000087710000)
  from space 4224K,   0% used [0x0000000087710000, 0x0000000087717608, 0x0000000087b30000)
  to   space 4224K,   0% used [0x0000000087b30000, 0x0000000087b30000, 0x0000000087f50000)
 concurrent mark-sweep generation total 137704K, used 83156K [0x000000009a2c0000, 0x00000000a293a000, 0x0000000100000000)
 Metaspace       used 111725K, capacity 118337K, committed 120492K, reserved 1155072K
  class space    used 13542K, capacity 14759K, committed 15328K, reserved 1048576K
2021-02-01T22:52:06.590+0000: 507034.746: [GC (Allocation Failure) 2021-02-01T22:52:06.590+0000: 507034.746: [ParNew
Desired survivor size 2162688 bytes, new threshold 6 (max 6)
- age   1:      30136 bytes,      30136 total
- age   2:         32 bytes,      30168 total
: 33885K->31K(38080K), 0.0051498 secs] 117042K->83188K(175784K), 0.0053797 secs] [Times: user=0.01 sys=0.00, real=0.00 secs] 
Heap after GC invocations=5241 (full 7):
 par new generation   total 38080K, used 31K [0x0000000085600000, 0x0000000087f50000, 0x000000009a2c0000)
  eden space 33856K,   0% used [0x0000000085600000, 0x0000000085600000, 0x0000000087710000)
  from space 4224K,   0% used [0x0000000087b30000, 0x0000000087b37e18, 0x0000000087f50000)
  to   space 4224K,   0% used [0x0000000087710000, 0x0000000087710000, 0x0000000087b30000)
 concurrent mark-sweep generation total 137704K, used 83156K [0x000000009a2c0000, 0x00000000a293a000, 0x0000000100000000)
 Metaspace       used 111725K, capacity 118337K, committed 120492K, reserved 1155072K
  class space    used 13542K, capacity 14759K, committed 15328K, reserved 1048576K
}
2021-02-01T22:52:06.596+0000: 507034.752: Total time for which application threads were stopped: 0.0060202 seconds, Stopping threads took: 0.0001084 seconds
{Heap before GC invocations=5241 (full 7):
 par new generation   total 38080K, used 33887K [0x0000000085600000, 0x0000000087f50000, 0x000000009a2c0000)
  eden space 33856K, 100% used [0x0000000085600000, 0x0000000087710000, 0x0000000087710000)
  from space 4224K,   0% used [0x0000000087b30000, 0x0000000087b37e18, 0x0000000087f50000)
  to   space 4224K,   0% used [0x0000000087710000, 0x0000000087710000, 0x0000000087b30000)
 concurrent mark-sweep generation total 137704K, used 83156K [0x000000009a2c0000, 0x00000000a293a000, 0x0000000100000000)
 Metaspace       used 111725K, capacity 118337K, committed 120492K, reserved 1155072K
  class space    used 13542K, capacity 14759K, committed 15328K, reserved 1048576K
2021-02-01T22:53:54.050+0000: 507142.206: [GC (Allocation Failure) 2021-02-01T22:53:54.050+0000: 507142.206: [ParNew
Desired survivor size 2162688 bytes, new threshold 6 (max 6)
- age   1:      63728 bytes,      63728 total
- age   2:        152 bytes,      63880 total
- age   3:         32 bytes,      63912 total
: 33887K->65K(38080K), 0.0046072 secs] 117044K->83222K(175784K), 0.0048715 secs] [Times: user=0.02 sys=0.00, real=0.00 secs] 
Heap after GC invocations=5242 (full 7):
 par new generation   total 38080K, used 65K [0x0000000085600000, 0x0000000087f50000, 0x000000009a2c0000)
  eden space 33856K,   0% used [0x0000000085600000, 0x0000000085600000, 0x0000000087710000)
  from space 4224K,   1% used [0x0000000087710000, 0x0000000087720648, 0x0000000087b30000)
  to   space 4224K,   0% used [0x0000000087b30000, 0x0000000087b30000, 0x0000000087f50000)
 concurrent mark-sweep generation total 137704K, used 83156K [0x000000009a2c0000, 0x00000000a293a000, 0x0000000100000000)
 Metaspace       used 111725K, capacity 118337K, committed 120492K, reserved 1155072K
  class space    used 13542K, capacity 14759K, committed 15328K, reserved 1048576K
}
2021-02-01T22:53:54.055+0000: 507142.211: Total time for which application threads were stopped: 0.0055781 seconds, Stopping threads took: 0.0000682 seconds
{Heap before GC invocations=5242 (full 7):
 par new generation   total 38080K, used 33921K [0x0000000085600000, 0x0000000087f50000, 0x000000009a2c0000)
  eden space 33856K, 100% used [0x0000000085600000, 0x0000000087710000, 0x0000000087710000)
  from space 4224K,   1% used [0x0000000087710000, 0x0000000087720648, 0x0000000087b30000)
  to   space 4224K,   0% used [0x0000000087b30000, 0x0000000087b30000, 0x0000000087f50000)
 concurrent mark-sweep generation total 137704K, used 83156K [0x000000009a2c0000, 0x00000000a293a000, 0x0000000100000000)
 Metaspace       used 111725K, capacity 118337K, committed 120492K, reserved 1155072K
  class space    used 13542K, capacity 14759K, committed 15328K, reserved 1048576K
2021-02-01T22:55:40.897+0000: 507249.053: [GC (Allocation Failure) 2021-02-01T22:55:40.897+0000: 507249.053: [ParNew
Desired survivor size 2162688 bytes, new threshold 6 (max 6)
- age   1:     131576 bytes,     131576 total
- age   2:        152 bytes,     131728 total
- age   4:         32 bytes,     131760 total
: 33921K->132K(38080K), 0.0047926 secs] 117078K->83289K(175784K), 0.0050951 secs] [Times: user=0.01 sys=0.00, real=0.01 secs] 
Heap after GC invocations=5243 (full 7):
 par new generation   total 38080K, used 132K [0x0000000085600000, 0x0000000087f50000, 0x000000009a2c0000)
  eden space 33856K,   0% used [0x0000000085600000, 0x0000000085600000, 0x0000000087710000)
  from space 4224K,   3% used [0x0000000087b30000, 0x0000000087b51248, 0x0000000087f50000)
  to   space 4224K,   0% used [0x0000000087710000, 0x0000000087710000, 0x0000000087b30000)
 concurrent mark-sweep generation total 137704K, used 83156K [0x000000009a2c0000, 0x00000000a293a000, 0x0000000100000000)
 Metaspace       used 111725K, capacity 118337K, committed 120492K, reserved 1155072K
  class space    used 13542K, capacity 14759K, committed 15328K, reserved 1048576K
}
2021-02-01T22:55:40.902+0000: 507249.058: Total time for which application threads were stopped: 0.0060236 seconds, Stopping threads took: 0.0001309 seconds
{Heap before GC invocations=5243 (full 7):
 par new generation   total 38080K, used 33988K [0x0000000085600000, 0x0000000087f50000, 0x000000009a2c0000)
  eden space 33856K, 100% used [0x0000000085600000, 0x0000000087710000, 0x0000000087710000)
  from space 4224K,   3% used [0x0000000087b30000, 0x0000000087b51248, 0x0000000087f50000)
  to   space 4224K,   0% used [0x0000000087710000, 0x0000000087710000, 0x0000000087b30000)
 concurrent mark-sweep generation total 137704K, used 83156K [0x000000009a2c0000, 0x00000000a293a000, 0x0000000100000000)
 Metaspace       used 111725K, capacity 118337K, committed 120492K, reserved 1155072K
  class space    used 13542K, capacity 14759K, committed 15328K, reserved 1048576K
2021-02-01T22:57:31.103+0000: 507357.753: [GC (Allocation Failure) 2021-02-01T22:57:31.103+0000: 507357.753: [ParNew
Desired survivor size 2162688 bytes, new threshold 6 (max 6)
- age   1:      24408 bytes,      24408 total
- age   2:         48 bytes,      24456 total
- age   3:         32 bytes,      24488 total
: 33988K->28K(38080K), 0.0049743 secs] 117145K->83185K(175784K), 0.0053385 secs] [Times: user=0.01 sys=0.01, real=0.01 secs] 
Heap after GC invocations=5244 (full 7):
 par new generation   total 38080K, used 28K [0x0000000085600000, 0x0000000087f50000, 0x000000009a2c0000)
  eden space 33856K,   0% used [0x0000000085600000, 0x0000000085600000, 0x0000000087710000)
  from space 4224K,   0% used [0x0000000087710000, 0x0000000087717108, 0x0000000087b30000)
  to   space 4224K,   0% used [0x0000000087b30000, 0x0000000087b30000, 0x0000000087f50000)
 concurrent mark-sweep generation total 137704K, used 83156K [0x000000009a2c0000, 0x00000000a293a000, 0x0000000100000000)
 Metaspace       used 111725K, capacity 118337K, committed 120492K, reserved 1155072K
  class space    used 13542K, capacity 14759K, committed 15328K, reserved 1048576K
}
2021-02-01T22:57:31.108+0000: 507357.758: Total time for which application threads were stopped: 0.0060895 seconds, Stopping threads took: 0.0000834 seconds
{Heap before GC invocations=5244 (full 7):
 par new generation   total 38080K, used 33884K [0x0000000085600000, 0x0000000087f50000, 0x000000009a2c0000)
  eden space 33856K, 100% used [0x0000000085600000, 0x0000000087710000, 0x0000000087710000)
  from space 4224K,   0% used [0x0000000087710000, 0x0000000087717108, 0x0000000087b30000)
  to   space 4224K,   0% used [0x0000000087b30000, 0x0000000087b30000, 0x0000000087f50000)
 concurrent mark-sweep generation total 137704K, used 83156K [0x000000009a2c0000, 0x00000000a293a000, 0x0000000100000000)
 Metaspace       used 111725K, capacity 118337K, committed 120492K, reserved 1155072K
  class space    used 13542K, capacity 14759K, committed 15328K, reserved 1048576K
2021-02-01T22:59:19.777+0000: 507466.427: [GC (Allocation Failure) 2021-02-01T22:59:19.777+0000: 507466.427: [ParNew
Desired survivor size 2162688 bytes, new threshold 6 (max 6)
- age   1:      25464 bytes,      25464 total
- age   2:        232 bytes,      25696 total
: 33884K->29K(38080K), 0.0058024 secs] 117041K->83186K(175784K), 0.0060773 secs] [Times: user=0.02 sys=0.00, real=0.00 secs] 
Heap after GC invocations=5245 (full 7):
 par new generation   total 38080K, used 29K [0x0000000085600000, 0x0000000087f50000, 0x000000009a2c0000)
  eden space 33856K,   0% used [0x0000000085600000, 0x0000000085600000, 0x0000000087710000)
  from space 4224K,   0% used [0x0000000087b30000, 0x0000000087b37608, 0x0000000087f50000)
  to   space 4224K,   0% used [0x0000000087710000, 0x0000000087710000, 0x0000000087b30000)
 concurrent mark-sweep generation total 137704K, used 83156K [0x000000009a2c0000, 0x00000000a293a000, 0x0000000100000000)
 Metaspace       used 111725K, capacity 118337K, committed 120492K, reserved 1155072K
  class space    used 13542K, capacity 14759K, committed 15328K, reserved 1048576K
}
2021-02-01T22:59:19.784+0000: 507466.433: Total time for which application threads were stopped: 0.0068317 seconds, Stopping threads took: 0.0001188 seconds
{Heap before GC invocations=5245 (full 7):
 par new generation   total 38080K, used 33885K [0x0000000085600000, 0x0000000087f50000, 0x000000009a2c0000)
  eden space 33856K, 100% used [0x0000000085600000, 0x0000000087710000, 0x0000000087710000)
  from space 4224K,   0% used [0x0000000087b30000, 0x0000000087b37608, 0x0000000087f50000)
  to   space 4224K,   0% used [0x0000000087710000, 0x0000000087710000, 0x0000000087b30000)
 concurrent mark-sweep generation total 137704K, used 83156K [0x000000009a2c0000, 0x00000000a293a000, 0x0000000100000000)
 Metaspace       used 111725K, capacity 118337K, committed 120492K, reserved 1155072K
  class space    used 13542K, capacity 14759K, committed 15328K, reserved 1048576K
2021-02-01T23:01:10.039+0000: 507576.688: [GC (Allocation Failure) 2021-02-01T23:01:10.039+0000: 507576.688: [ParNew
Desired survivor size 2162688 bytes, new threshold 6 (max 6)
- age   1:      71912 bytes,      71912 total
- age   2:         32 bytes,      71944 total
: 33885K->74K(38080K), 0.0055410 secs] 117042K->83231K(175784K), 0.0058072 secs] [Times: user=0.01 sys=0.01, real=0.00 secs] 
Heap after GC invocations=5246 (full 7):
 par new generation   total 38080K, used 74K [0x0000000085600000, 0x0000000087f50000, 0x000000009a2c0000)
  eden space 33856K,   0% used [0x0000000085600000, 0x0000000085600000, 0x0000000087710000)
  from space 4224K,   1% used [0x0000000087710000, 0x0000000087722970, 0x0000000087b30000)
  to   space 4224K,   0% used [0x0000000087b30000, 0x0000000087b30000, 0x0000000087f50000)
 concurrent mark-sweep generation total 137704K, used 83156K [0x000000009a2c0000, 0x00000000a293a000, 0x0000000100000000)
 Metaspace       used 111725K, capacity 118337K, committed 120492K, reserved 1155072K
  class space    used 13542K, capacity 14759K, committed 15328K, reserved 1048576K
}
2021-02-01T23:01:10.045+0000: 507576.694: Total time for which application threads were stopped: 0.0066626 seconds, Stopping threads took: 0.0000981 seconds
{Heap before GC invocations=5246 (full 7):
 par new generation   total 38080K, used 33930K [0x0000000085600000, 0x0000000087f50000, 0x000000009a2c0000)
  eden space 33856K, 100% used [0x0000000085600000, 0x0000000087710000, 0x0000000087710000)
  from space 4224K,   1% used [0x0000000087710000, 0x0000000087722970, 0x0000000087b30000)
  to   space 4224K,   0% used [0x0000000087b30000, 0x0000000087b30000, 0x0000000087f50000)
 concurrent mark-sweep generation total 137704K, used 83156K [0x000000009a2c0000, 0x00000000a293a000, 0x0000000100000000)
 Metaspace       used 111730K, capacity 118337K, committed 120492K, reserved 1155072K
  class space    used 13542K, capacity 14759K, committed 15328K, reserved 1048576K
2021-02-01T23:02:58.784+0000: 507685.434: [GC (Allocation Failure) 2021-02-01T23:02:58.785+0000: 507685.434: [ParNew
Desired survivor size 2162688 bytes, new threshold 6 (max 6)
- age   1:      64976 bytes,      64976 total
- age   2:        152 bytes,      65128 total
- age   3:         32 bytes,      65160 total
: 33930K->76K(38080K), 0.0060954 secs] 117087K->83233K(175784K), 0.0064543 secs] [Times: user=0.01 sys=0.00, real=0.01 secs] 
Heap after GC invocations=5247 (full 7):
 par new generation   total 38080K, used 76K [0x0000000085600000, 0x0000000087f50000, 0x000000009a2c0000)
  eden space 33856K,   0% used [0x0000000085600000, 0x0000000085600000, 0x0000000087710000)
  from space 4224K,   1% used [0x0000000087b30000, 0x0000000087b432a0, 0x0000000087f50000)
  to   space 4224K,   0% used [0x0000000087710000, 0x0000000087710000, 0x0000000087b30000)
 concurrent mark-sweep generation total 137704K, used 83156K [0x000000009a2c0000, 0x00000000a293a000, 0x0000000100000000)
 Metaspace       used 111730K, capacity 118337K, committed 120492K, reserved 1155072K
  class space    used 13542K, capacity 14759K, committed 15328K, reserved 1048576K
}
2021-02-01T23:02:58.791+0000: 507685.441: Total time for which application threads were stopped: 0.0071774 seconds, Stopping threads took: 0.0000936 seconds
{Heap before GC invocations=5247 (full 7):
 par new generation   total 38080K, used 33932K [0x0000000085600000, 0x0000000087f50000, 0x000000009a2c0000)
  eden space 33856K, 100% used [0x0000000085600000, 0x0000000087710000, 0x0000000087710000)
  from space 4224K,   1% used [0x0000000087b30000, 0x0000000087b432a0, 0x0000000087f50000)
  to   space 4224K,   0% used [0x0000000087710000, 0x0000000087710000, 0x0000000087b30000)
 concurrent mark-sweep generation total 137704K, used 83156K [0x000000009a2c0000, 0x00000000a293a000, 0x0000000100000000)
 Metaspace       used 111730K, capacity 118337K, committed 120492K, reserved 1155072K
  class space    used 13542K, capacity 14759K, committed 15328K, reserved 1048576K
2021-02-01T23:04:45.828+0000: 507792.478: [GC (Allocation Failure) 2021-02-01T23:04:45.828+0000: 507792.478: [ParNew
Desired survivor size 2162688 bytes, new threshold 6 (max 6)
- age   1:     135608 bytes,     135608 total
- age   2:       1064 bytes,     136672 total
- age   4:         32 bytes,     136704 total
: 33932K->136K(38080K), 0.0102673 secs] 117089K->83293K(175784K), 0.0106015 secs] [Times: user=0.03 sys=0.00, real=0.01 secs] 
Heap after GC invocations=5248 (full 7):
 par new generation   total 38080K, used 136K [0x0000000085600000, 0x0000000087f50000, 0x000000009a2c0000)
  eden space 33856K,   0% used [0x0000000085600000, 0x0000000085600000, 0x0000000087710000)
  from space 4224K,   3% used [0x0000000087710000, 0x00000000877320a8, 0x0000000087b30000)
  to   space 4224K,   0% used [0x0000000087b30000, 0x0000000087b30000, 0x0000000087f50000)
 concurrent mark-sweep generation total 137704K, used 83156K [0x000000009a2c0000, 0x00000000a293a000, 0x0000000100000000)
 Metaspace       used 111730K, capacity 118337K, committed 120492K, reserved 1155072K
  class space    used 13542K, capacity 14759K, committed 15328K, reserved 1048576K
}
2021-02-01T23:04:45.839+0000: 507792.489: Total time for which application threads were stopped: 0.0115461 seconds, Stopping threads took: 0.0001046 seconds
{Heap before GC invocations=5248 (full 7):
 par new generation   total 38080K, used 33992K [0x0000000085600000, 0x0000000087f50000, 0x000000009a2c0000)
  eden space 33856K, 100% used [0x0000000085600000, 0x0000000087710000, 0x0000000087710000)
  from space 4224K,   3% used [0x0000000087710000, 0x00000000877320a8, 0x0000000087b30000)
  to   space 4224K,   0% used [0x0000000087b30000, 0x0000000087b30000, 0x0000000087f50000)
 concurrent mark-sweep generation total 137704K, used 83156K [0x000000009a2c0000, 0x00000000a293a000, 0x0000000100000000)
 Metaspace       used 111730K, capacity 118337K, committed 120492K, reserved 1155072K
  class space    used 13542K, capacity 14759K, committed 15328K, reserved 1048576K
2021-02-01T23:06:34.323+0000: 507900.973: [GC (Allocation Failure) 2021-02-01T23:06:34.323+0000: 507900.973: [ParNew
Desired survivor size 2162688 bytes, new threshold 6 (max 6)
- age   1:      61296 bytes,      61296 total
- age   2:      35408 bytes,      96704 total
- age   3:        944 bytes,      97648 total
- age   5:         32 bytes,      97680 total
: 33992K->99K(38080K), 0.0029915 secs] 117149K->83256K(175784K), 0.0031265 secs] [Times: user=0.01 sys=0.01, real=0.00 secs] 
Heap after GC invocations=5249 (full 7):
 par new generation   total 38080K, used 99K [0x0000000085600000, 0x0000000087f50000, 0x000000009a2c0000)
  eden space 33856K,   0% used [0x0000000085600000, 0x0000000085600000, 0x0000000087710000)
  from space 4224K,   2% used [0x0000000087b30000, 0x0000000087b48c98, 0x0000000087f50000)
  to   space 4224K,   0% used [0x0000000087710000, 0x0000000087710000, 0x0000000087b30000)
 concurrent mark-sweep generation total 137704K, used 83156K [0x000000009a2c0000, 0x00000000a293a000, 0x0000000100000000)
 Metaspace       used 111730K, capacity 118337K, committed 120492K, reserved 1155072K
  class space    used 13542K, capacity 14759K, committed 15328K, reserved 1048576K
}
2021-02-01T23:06:34.326+0000: 507900.976: Total time for which application threads were stopped: 0.0035565 seconds, Stopping threads took: 0.0000471 seconds
{Heap before GC invocations=5249 (full 7):
 par new generation   total 38080K, used 33955K [0x0000000085600000, 0x0000000087f50000, 0x000000009a2c0000)
  eden space 33856K, 100% used [0x0000000085600000, 0x0000000087710000, 0x0000000087710000)
  from space 4224K,   2% used [0x0000000087b30000, 0x0000000087b48c98, 0x0000000087f50000)
  to   space 4224K,   0% used [0x0000000087710000, 0x0000000087710000, 0x0000000087b30000)
 concurrent mark-sweep generation total 137704K, used 83156K [0x000000009a2c0000, 0x00000000a293a000, 0x0000000100000000)
 Metaspace       used 111730K, capacity 118337K, committed 120492K, reserved 1155072K
  class space    used 13542K, capacity 14759K, committed 15328K, reserved 1048576K
2021-02-01T23:08:22.842+0000: 508009.492: [GC (Allocation Failure) 2021-02-01T23:08:22.842+0000: 508009.492: [ParNew
Desired survivor size 2162688 bytes, new threshold 6 (max 6)
- age   1:      27536 bytes,      27536 total
- age   2:      33896 bytes,      61432 total
- age   3:      35144 bytes,      96576 total
- age   4:        912 bytes,      97488 total
- age   6:         32 bytes,      97520 total
: 33955K->102K(38080K), 0.0049457 secs] 117112K->83259K(175784K), 0.0052730 secs] [Times: user=0.01 sys=0.01, real=0.01 secs] 
Heap after GC invocations=5250 (full 7):
 par new generation   total 38080K, used 102K [0x0000000085600000, 0x0000000087f50000, 0x000000009a2c0000)
  eden space 33856K,   0% used [0x0000000085600000, 0x0000000085600000, 0x0000000087710000)
  from space 4224K,   2% used [0x0000000087710000, 0x0000000087729b58, 0x0000000087b30000)
  to   space 4224K,   0% used [0x0000000087b30000, 0x0000000087b30000, 0x0000000087f50000)
 concurrent mark-sweep generation total 137704K, used 83156K [0x000000009a2c0000, 0x00000000a293a000, 0x0000000100000000)
 Metaspace       used 111730K, capacity 118337K, committed 120492K, reserved 1155072K
  class space    used 13542K, capacity 14759K, committed 15328K, reserved 1048576K
}
2021-02-01T23:08:22.847+0000: 508009.497: Total time for which application threads were stopped: 0.0061680 seconds, Stopping threads took: 0.0002287 seconds
{Heap before GC invocations=5250 (full 7):
 par new generation   total 38080K, used 33958K [0x0000000085600000, 0x0000000087f50000, 0x000000009a2c0000)
  eden space 33856K, 100% used [0x0000000085600000, 0x0000000087710000, 0x0000000087710000)
  from space 4224K,   2% used [0x0000000087710000, 0x0000000087729b58, 0x0000000087b30000)
  to   space 4224K,   0% used [0x0000000087b30000, 0x0000000087b30000, 0x0000000087f50000)
 concurrent mark-sweep generation total 137704K, used 83156K [0x000000009a2c0000, 0x00000000a293a000, 0x0000000100000000)
 Metaspace       used 111730K, capacity 118337K, committed 120492K, reserved 1155072K
  class space    used 13542K, capacity 14759K, committed 15328K, reserved 1048576K
2021-02-01T23:10:11.707+0000: 508118.357: [GC (Allocation Failure) 2021-02-01T23:10:11.708+0000: 508118.357: [ParNew
Desired survivor size 2162688 bytes, new threshold 6 (max 6)
- age   1:      27592 bytes,      27592 total
- age   2:        120 bytes,      27712 total
- age   3:      33736 bytes,      61448 total
- age   4:      34888 bytes,      96336 total
- age   5:        912 bytes,      97248 total
: 33958K->98K(38080K), 0.0049435 secs] 117115K->83255K(175784K), 0.0051922 secs] [Times: user=0.02 sys=0.00, real=0.00 secs] 
Heap after GC invocations=5251 (full 7):
 par new generation   total 38080K, used 98K [0x0000000085600000, 0x0000000087f50000, 0x000000009a2c0000)
  eden space 33856K,   0% used [0x0000000085600000, 0x0000000085600000, 0x0000000087710000)
  from space 4224K,   2% used [0x0000000087b30000, 0x0000000087b48a90, 0x0000000087f50000)
  to   space 4224K,   0% used [0x0000000087710000, 0x0000000087710000, 0x0000000087b30000)
 concurrent mark-sweep generation total 137704K, used 83156K [0x000000009a2c0000, 0x00000000a293a000, 0x0000000100000000)
 Metaspace       used 111730K, capacity 118337K, committed 120492K, reserved 1155072K
  class space    used 13542K, capacity 14759K, committed 15328K, reserved 1048576K
}
2021-02-01T23:10:11.713+0000: 508118.363: Total time for which application threads were stopped: 0.0058756 seconds, Stopping threads took: 0.0000790 seconds
{Heap before GC invocations=5251 (full 7):
 par new generation   total 38080K, used 33954K [0x0000000085600000, 0x0000000087f50000, 0x000000009a2c0000)
  eden space 33856K, 100% used [0x0000000085600000, 0x0000000087710000, 0x0000000087710000)
  from space 4224K,   2% used [0x0000000087b30000, 0x0000000087b48a90, 0x0000000087f50000)
  to   space 4224K,   0% used [0x0000000087710000, 0x0000000087710000, 0x0000000087b30000)
 concurrent mark-sweep generation total 137704K, used 83156K [0x000000009a2c0000, 0x00000000a293a000, 0x0000000100000000)
 Metaspace       used 111730K, capacity 118337K, committed 120492K, reserved 1155072K
  class space    used 13542K, capacity 14759K, committed 15328K, reserved 1048576K
2021-02-01T23:12:02.101+0000: 508228.751: [GC (Allocation Failure) 2021-02-01T23:12:02.102+0000: 508228.751: [ParNew
Desired survivor size 2162688 bytes, new threshold 6 (max 6)
- age   1:      30256 bytes,      30256 total
- age   2:         32 bytes,      30288 total
- age   5:        360 bytes,      30648 total
- age   6:        912 bytes,      31560 total
: 33954K->36K(38080K), 0.0054784 secs] 117111K->83193K(175784K), 0.0058399 secs] [Times: user=0.02 sys=0.00, real=0.01 secs] 
Heap after GC invocations=5252 (full 7):
 par new generation   total 38080K, used 36K [0x0000000085600000, 0x0000000087f50000, 0x000000009a2c0000)
  eden space 33856K,   0% used [0x0000000085600000, 0x0000000085600000, 0x0000000087710000)
  from space 4224K,   0% used [0x0000000087710000, 0x00000000877190e0, 0x0000000087b30000)
  to   space 4224K,   0% used [0x0000000087b30000, 0x0000000087b30000, 0x0000000087f50000)
 concurrent mark-sweep generation total 137704K, used 83156K [0x000000009a2c0000, 0x00000000a293a000, 0x0000000100000000)
 Metaspace       used 111730K, capacity 118337K, committed 120492K, reserved 1155072K
  class space    used 13542K, capacity 14759K, committed 15328K, reserved 1048576K
}
2021-02-01T23:12:02.107+0000: 508228.757: Total time for which application threads were stopped: 0.0069239 seconds, Stopping threads took: 0.0001120 seconds
{Heap before GC invocations=5252 (full 7):
 par new generation   total 38080K, used 33838K [0x0000000085600000, 0x0000000087f50000, 0x000000009a2c0000)
  eden space 33856K,  99% used [0x0000000085600000, 0x0000000087702af0, 0x0000000087710000)
  from space 4224K,   0% used [0x0000000087710000, 0x00000000877190e0, 0x0000000087b30000)
  to   space 4224K,   0% used [0x0000000087b30000, 0x0000000087b30000, 0x0000000087f50000)
 concurrent mark-sweep generation total 137704K, used 83156K [0x000000009a2c0000, 0x00000000a293a000, 0x0000000100000000)
 Metaspace       used 111730K, capacity 118337K, committed 120492K, reserved 1155072K
  class space    used 13542K, capacity 14759K, committed 15328K, reserved 1048576K
2021-02-01T23:13:49.005+0000: 508335.654: [GC (Allocation Failure) 2021-02-01T23:13:49.005+0000: 508335.655: [ParNew
Desired survivor size 2162688 bytes, new threshold 6 (max 6)
- age   1:      95672 bytes,      95672 total
- age   2:        152 bytes,      95824 total
- age   6:        360 bytes,      96184 total
: 33838K->99K(38080K), 0.0052442 secs] 116995K->83257K(175784K), 0.0055990 secs] [Times: user=0.01 sys=0.00, real=0.01 secs] 
Heap after GC invocations=5253 (full 7):
 par new generation   total 38080K, used 99K [0x0000000085600000, 0x0000000087f50000, 0x000000009a2c0000)
  eden space 33856K,   0% used [0x0000000085600000, 0x0000000085600000, 0x0000000087710000)
  from space 4224K,   2% used [0x0000000087b30000, 0x0000000087b48e48, 0x0000000087f50000)
  to   space 4224K,   0% used [0x0000000087710000, 0x0000000087710000, 0x0000000087b30000)
 concurrent mark-sweep generation total 137704K, used 83157K [0x000000009a2c0000, 0x00000000a293a000, 0x0000000100000000)
 Metaspace       used 111730K, capacity 118337K, committed 120492K, reserved 1155072K
  class space    used 13542K, capacity 14759K, committed 15328K, reserved 1048576K
}
2021-02-01T23:13:49.010+0000: 508335.660: Total time for which application threads were stopped: 0.0063705 seconds, Stopping threads took: 0.0000768 seconds
{Heap before GC invocations=5253 (full 7):
 par new generation   total 38080K, used 33955K [0x0000000085600000, 0x0000000087f50000, 0x000000009a2c0000)
  eden space 33856K, 100% used [0x0000000085600000, 0x0000000087710000, 0x0000000087710000)
  from space 4224K,   2% used [0x0000000087b30000, 0x0000000087b48e48, 0x0000000087f50000)
  to   space 4224K,   0% used [0x0000000087710000, 0x0000000087710000, 0x0000000087b30000)
 concurrent mark-sweep generation total 137704K, used 83157K [0x000000009a2c0000, 0x00000000a293a000, 0x0000000100000000)
 Metaspace       used 111730K, capacity 118337K, committed 120492K, reserved 1155072K
  class space    used 13542K, capacity 14759K, committed 15328K, reserved 1048576K
2021-02-01T23:15:37.701+0000: 508444.351: [GC (Allocation Failure) 2021-02-01T23:15:37.701+0000: 508444.351: [ParNew
Desired survivor size 2162688 bytes, new threshold 6 (max 6)
- age   1:      25544 bytes,      25544 total
- age   2:         32 bytes,      25576 total
- age   3:         32 bytes,      25608 total
: 33955K->27K(38080K), 0.0052895 secs] 117113K->83185K(175784K), 0.0054084 secs] [Times: user=0.00 sys=0.01, real=0.00 secs] 
Heap after GC invocations=5254 (full 7):
 par new generation   total 38080K, used 27K [0x0000000085600000, 0x0000000087f50000, 0x000000009a2c0000)
  eden space 33856K,   0% used [0x0000000085600000, 0x0000000085600000, 0x0000000087710000)
  from space 4224K,   0% used [0x0000000087710000, 0x0000000087716e58, 0x0000000087b30000)
  to   space 4224K,   0% used [0x0000000087b30000, 0x0000000087b30000, 0x0000000087f50000)
 concurrent mark-sweep generation total 137704K, used 83158K [0x000000009a2c0000, 0x00000000a293a000, 0x0000000100000000)
 Metaspace       used 111730K, capacity 118337K, committed 120492K, reserved 1155072K
  class space    used 13542K, capacity 14759K, committed 15328K, reserved 1048576K
}
2021-02-01T23:15:37.707+0000: 508444.356: Total time for which application threads were stopped: 0.0056638 seconds, Stopping threads took: 0.0000309 seconds
{Heap before GC invocations=5254 (full 7):
 par new generation   total 38080K, used 33883K [0x0000000085600000, 0x0000000087f50000, 0x000000009a2c0000)
  eden space 33856K, 100% used [0x0000000085600000, 0x0000000087710000, 0x0000000087710000)
  from space 4224K,   0% used [0x0000000087710000, 0x0000000087716e58, 0x0000000087b30000)
  to   space 4224K,   0% used [0x0000000087b30000, 0x0000000087b30000, 0x0000000087f50000)
 concurrent mark-sweep generation total 137704K, used 83158K [0x000000009a2c0000, 0x00000000a293a000, 0x0000000100000000)
 Metaspace       used 111730K, capacity 118337K, committed 120492K, reserved 1155072K
  class space    used 13542K, capacity 14759K, committed 15328K, reserved 1048576K
2021-02-02T07:21:30.267+0000: 508551.305: [GC (Allocation Failure) 2021-02-02T07:21:30.267+0000: 508551.305: [ParNew
Desired survivor size 2162688 bytes, new threshold 6 (max 6)
- age   1:      35352 bytes,      35352 total
- age   2:        120 bytes,      35472 total
- age   3:         32 bytes,      35504 total
- age   4:         32 bytes,      35536 total
: 33883K->37K(38080K), 0.0049206 secs] 117041K->83195K(175784K), 0.0051836 secs] [Times: user=0.01 sys=0.00, real=0.00 secs] 
Heap after GC invocations=5255 (full 7):
 par new generation   total 38080K, used 37K [0x0000000085600000, 0x0000000087f50000, 0x000000009a2c0000)
  eden space 33856K,   0% used [0x0000000085600000, 0x0000000085600000, 0x0000000087710000)
  from space 4224K,   0% used [0x0000000087b30000, 0x0000000087b39690, 0x0000000087f50000)
  to   space 4224K,   0% used [0x0000000087710000, 0x0000000087710000, 0x0000000087b30000)
 concurrent mark-sweep generation total 137704K, used 83158K [0x000000009a2c0000, 0x00000000a293a000, 0x0000000100000000)
 Metaspace       used 111730K, capacity 118337K, committed 120492K, reserved 1155072K
  class space    used 13542K, capacity 14759K, committed 15328K, reserved 1048576K
}
2021-02-02T07:21:30.272+0000: 508551.310: Total time for which application threads were stopped: 0.0059071 seconds, Stopping threads took: 0.0000669 seconds
{Heap before GC invocations=5255 (full 7):
 par new generation   total 38080K, used 33893K [0x0000000085600000, 0x0000000087f50000, 0x000000009a2c0000)
  eden space 33856K, 100% used [0x0000000085600000, 0x0000000087710000, 0x0000000087710000)
  from space 4224K,   0% used [0x0000000087b30000, 0x0000000087b39690, 0x0000000087f50000)
  to   space 4224K,   0% used [0x0000000087710000, 0x0000000087710000, 0x0000000087b30000)
 concurrent mark-sweep generation total 137704K, used 83158K [0x000000009a2c0000, 0x00000000a293a000, 0x0000000100000000)
 Metaspace       used 111730K, capacity 118337K, committed 120492K, reserved 1155072K
  class space    used 13542K, capacity 14759K, committed 15328K, reserved 1048576K
2021-02-02T07:23:19.887+0000: 508660.925: [GC (Allocation Failure) 2021-02-02T07:23:19.887+0000: 508660.925: [ParNew
Desired survivor size 2162688 bytes, new threshold 6 (max 6)
- age   1:      25976 bytes,      25976 total
- age   2:       9472 bytes,      35448 total
- age   5:         32 bytes,      35480 total
: 33893K->37K(38080K), 0.0062319 secs] 117051K->83195K(175784K), 0.0066202 secs] [Times: user=0.01 sys=0.01, real=0.01 secs] 
Heap after GC invocations=5256 (full 7):
 par new generation   total 38080K, used 37K [0x0000000085600000, 0x0000000087f50000, 0x000000009a2c0000)
  eden space 33856K,   0% used [0x0000000085600000, 0x0000000085600000, 0x0000000087710000)
  from space 4224K,   0% used [0x0000000087710000, 0x0000000087719690, 0x0000000087b30000)
  to   space 4224K,   0% used [0x0000000087b30000, 0x0000000087b30000, 0x0000000087f50000)
 concurrent mark-sweep generation total 137704K, used 83158K [0x000000009a2c0000, 0x00000000a293a000, 0x0000000100000000)
 Metaspace       used 111730K, capacity 118337K, committed 120492K, reserved 1155072K
  class space    used 13542K, capacity 14759K, committed 15328K, reserved 1048576K
}
2021-02-02T07:23:19.893+0000: 508660.931: Total time for which application threads were stopped: 0.0074545 seconds, Stopping threads took: 0.0001059 seconds
{Heap before GC invocations=5256 (full 7):
 par new generation   total 38080K, used 33893K [0x0000000085600000, 0x0000000087f50000, 0x000000009a2c0000)
  eden space 33856K, 100% used [0x0000000085600000, 0x0000000087710000, 0x0000000087710000)
  from space 4224K,   0% used [0x0000000087710000, 0x0000000087719690, 0x0000000087b30000)
  to   space 4224K,   0% used [0x0000000087b30000, 0x0000000087b30000, 0x0000000087f50000)
 concurrent mark-sweep generation total 137704K, used 83158K [0x000000009a2c0000, 0x00000000a293a000, 0x0000000100000000)
 Metaspace       used 111730K, capacity 118337K, committed 120492K, reserved 1155072K
  class space    used 13542K, capacity 14759K, committed 15328K, reserved 1048576K
2021-02-02T07:25:10.539+0000: 508771.577: [GC (Allocation Failure) 2021-02-02T07:25:10.539+0000: 508771.577: [ParNew
Desired survivor size 2162688 bytes, new threshold 6 (max 6)
- age   1:      29920 bytes,      29920 total
- age   2:        184 bytes,      30104 total
- age   3:       9352 bytes,      39456 total
- age   6:         32 bytes,      39488 total
: 33893K->41K(38080K), 0.0061422 secs] 117051K->83199K(175784K), 0.0064613 secs] [Times: user=0.02 sys=0.00, real=0.01 secs] 
Heap after GC invocations=5257 (full 7):
 par new generation   total 38080K, used 41K [0x0000000085600000, 0x0000000087f50000, 0x000000009a2c0000)
  eden space 33856K,   0% used [0x0000000085600000, 0x0000000085600000, 0x0000000087710000)
  from space 4224K,   0% used [0x0000000087b30000, 0x0000000087b3a638, 0x0000000087f50000)
  to   space 4224K,   0% used [0x0000000087710000, 0x0000000087710000, 0x0000000087b30000)
 concurrent mark-sweep generation total 137704K, used 83158K [0x000000009a2c0000, 0x00000000a293a000, 0x0000000100000000)
 Metaspace       used 111730K, capacity 118337K, committed 120492K, reserved 1155072K
  class space    used 13542K, capacity 14759K, committed 15328K, reserved 1048576K
}
2021-02-02T07:25:10.545+0000: 508771.583: Total time for which application threads were stopped: 0.0075573 seconds, Stopping threads took: 0.0003567 seconds
{Heap before GC invocations=5257 (full 7):
 par new generation   total 38080K, used 33876K [0x0000000085600000, 0x0000000087f50000, 0x000000009a2c0000)
  eden space 33856K,  99% used [0x0000000085600000, 0x000000008770ab20, 0x0000000087710000)
  from space 4224K,   0% used [0x0000000087b30000, 0x0000000087b3a638, 0x0000000087f50000)
  to   space 4224K,   0% used [0x0000000087710000, 0x0000000087710000, 0x0000000087b30000)
 concurrent mark-sweep generation total 137704K, used 83158K [0x000000009a2c0000, 0x00000000a293a000, 0x0000000100000000)
 Metaspace       used 111730K, capacity 118337K, committed 120492K, reserved 1155072K
  class space    used 13542K, capacity 14759K, committed 15328K, reserved 1048576K
2021-02-02T07:26:57.631+0000: 508878.669: [GC (Allocation Failure) 2021-02-02T07:26:57.631+0000: 508878.669: [ParNew
Desired survivor size 2162688 bytes, new threshold 6 (max 6)
- age   1:      63984 bytes,      63984 total
- age   4:       9352 bytes,      73336 total
: 33876K->75K(38080K), 0.0059409 secs] 117034K->83233K(175784K), 0.0063088 secs] [Times: user=0.02 sys=0.00, real=0.00 secs] 
Heap after GC invocations=5258 (full 7):
 par new generation   total 38080K, used 75K [0x0000000085600000, 0x0000000087f50000, 0x000000009a2c0000)
  eden space 33856K,   0% used [0x0000000085600000, 0x0000000085600000, 0x0000000087710000)
  from space 4224K,   1% used [0x0000000087710000, 0x0000000087722d60, 0x0000000087b30000)
  to   space 4224K,   0% used [0x0000000087b30000, 0x0000000087b30000, 0x0000000087f50000)
 concurrent mark-sweep generation total 137704K, used 83158K [0x000000009a2c0000, 0x00000000a293a000, 0x0000000100000000)
 Metaspace       used 111730K, capacity 118337K, committed 120492K, reserved 1155072K
  class space    used 13542K, capacity 14759K, committed 15328K, reserved 1048576K
}
2021-02-02T07:26:57.637+0000: 508878.675: Total time for which application threads were stopped: 0.0071213 seconds, Stopping threads took: 0.0000912 seconds
{Heap before GC invocations=5258 (full 7):
 par new generation   total 38080K, used 33931K [0x0000000085600000, 0x0000000087f50000, 0x000000009a2c0000)
  eden space 33856K, 100% used [0x0000000085600000, 0x0000000087710000, 0x0000000087710000)
  from space 4224K,   1% used [0x0000000087710000, 0x0000000087722d60, 0x0000000087b30000)
  to   space 4224K,   0% used [0x0000000087b30000, 0x0000000087b30000, 0x0000000087f50000)
 concurrent mark-sweep generation total 137704K, used 83158K [0x000000009a2c0000, 0x00000000a293a000, 0x0000000100000000)
 Metaspace       used 111730K, capacity 118337K, committed 120492K, reserved 1155072K
  class space    used 13542K, capacity 14759K, committed 15328K, reserved 1048576K
2021-02-02T07:28:45.673+0000: 508986.711: [GC (Allocation Failure) 2021-02-02T07:28:45.673+0000: 508986.711: [ParNew
Desired survivor size 2162688 bytes, new threshold 6 (max 6)
- age   1:     159320 bytes,     159320 total
- age   2:        152 bytes,     159472 total
- age   5:       9352 bytes,     168824 total
: 33931K->167K(38080K), 0.0043322 secs] 117089K->83325K(175784K), 0.0044893 secs] [Times: user=0.02 sys=0.00, real=0.00 secs] 
Heap after GC invocations=5259 (full 7):
 par new generation   total 38080K, used 167K [0x0000000085600000, 0x0000000087f50000, 0x000000009a2c0000)
  eden space 33856K,   0% used [0x0000000085600000, 0x0000000085600000, 0x0000000087710000)
  from space 4224K,   3% used [0x0000000087b30000, 0x0000000087b59eb8, 0x0000000087f50000)
  to   space 4224K,   0% used [0x0000000087710000, 0x0000000087710000, 0x0000000087b30000)
 concurrent mark-sweep generation total 137704K, used 83158K [0x000000009a2c0000, 0x00000000a293a000, 0x0000000100000000)
 Metaspace       used 111730K, capacity 118337K, committed 120492K, reserved 1155072K
  class space    used 13542K, capacity 14759K, committed 15328K, reserved 1048576K
}
2021-02-02T07:28:45.677+0000: 508986.715: Total time for which application threads were stopped: 0.0049171 seconds, Stopping threads took: 0.0000465 seconds
{Heap before GC invocations=5259 (full 7):
 par new generation   total 38080K, used 34023K [0x0000000085600000, 0x0000000087f50000, 0x000000009a2c0000)
  eden space 33856K, 100% used [0x0000000085600000, 0x0000000087710000, 0x0000000087710000)
  from space 4224K,   3% used [0x0000000087b30000, 0x0000000087b59eb8, 0x0000000087f50000)
  to   space 4224K,   0% used [0x0000000087710000, 0x0000000087710000, 0x0000000087b30000)
 concurrent mark-sweep generation total 137704K, used 83158K [0x000000009a2c0000, 0x00000000a293a000, 0x0000000100000000)
 Metaspace       used 111730K, capacity 118337K, committed 120492K, reserved 1155072K
  class space    used 13542K, capacity 14759K, committed 15328K, reserved 1048576K
2021-02-02T07:30:35.426+0000: 509096.464: [GC (Allocation Failure) 2021-02-02T07:30:35.426+0000: 509096.464: [ParNew
Desired survivor size 2162688 bytes, new threshold 6 (max 6)
- age   1:      25800 bytes,      25800 total
- age   2:         48 bytes,      25848 total
- age   3:         32 bytes,      25880 total
- age   6:       9352 bytes,      35232 total
: 34023K->38K(38080K), 0.0049681 secs] 117181K->83196K(175784K), 0.0052248 secs] [Times: user=0.01 sys=0.00, real=0.01 secs] 
Heap after GC invocations=5260 (full 7):
 par new generation   total 38080K, used 38K [0x0000000085600000, 0x0000000087f50000, 0x000000009a2c0000)
  eden space 33856K,   0% used [0x0000000085600000, 0x0000000085600000, 0x0000000087710000)
  from space 4224K,   0% used [0x0000000087710000, 0x0000000087719ac8, 0x0000000087b30000)
  to   space 4224K,   0% used [0x0000000087b30000, 0x0000000087b30000, 0x0000000087f50000)
 concurrent mark-sweep generation total 137704K, used 83158K [0x000000009a2c0000, 0x00000000a293a000, 0x0000000100000000)
 Metaspace       used 111730K, capacity 118337K, committed 120492K, reserved 1155072K
  class space    used 13542K, capacity 14759K, committed 15328K, reserved 1048576K
}
2021-02-02T07:30:35.432+0000: 509096.470: Total time for which application threads were stopped: 0.0060309 seconds, Stopping threads took: 0.0001921 seconds
{Heap before GC invocations=5260 (full 7):
 par new generation   total 38080K, used 33894K [0x0000000085600000, 0x0000000087f50000, 0x000000009a2c0000)
  eden space 33856K, 100% used [0x0000000085600000, 0x0000000087710000, 0x0000000087710000)
  from space 4224K,   0% used [0x0000000087710000, 0x0000000087719ac8, 0x0000000087b30000)
  to   space 4224K,   0% used [0x0000000087b30000, 0x0000000087b30000, 0x0000000087f50000)
 concurrent mark-sweep generation total 137704K, used 83158K [0x000000009a2c0000, 0x00000000a293a000, 0x0000000100000000)
 Metaspace       used 111730K, capacity 118337K, committed 120492K, reserved 1155072K
  class space    used 13542K, capacity 14759K, committed 15328K, reserved 1048576K
2021-02-02T07:32:24.414+0000: 509205.452: [GC (Allocation Failure) 2021-02-02T07:32:24.415+0000: 509205.452: [ParNew
Desired survivor size 2162688 bytes, new threshold 6 (max 6)
- age   1:      25624 bytes,      25624 total
- age   2:        120 bytes,      25744 total
- age   4:         32 bytes,      25776 total
: 33894K->27K(38080K), 0.0049252 secs] 117052K->83194K(175784K), 0.0052025 secs] [Times: user=0.01 sys=0.00, real=0.01 secs] 
Heap after GC invocations=5261 (full 7):
 par new generation   total 38080K, used 27K [0x0000000085600000, 0x0000000087f50000, 0x000000009a2c0000)
  eden space 33856K,   0% used [0x0000000085600000, 0x0000000085600000, 0x0000000087710000)
  from space 4224K,   0% used [0x0000000087b30000, 0x0000000087b36e70, 0x0000000087f50000)
  to   space 4224K,   0% used [0x0000000087710000, 0x0000000087710000, 0x0000000087b30000)
 concurrent mark-sweep generation total 137704K, used 83167K [0x000000009a2c0000, 0x00000000a293a000, 0x0000000100000000)
 Metaspace       used 111730K, capacity 118337K, committed 120492K, reserved 1155072K
  class space    used 13542K, capacity 14759K, committed 15328K, reserved 1048576K
}
2021-02-02T07:32:24.420+0000: 509205.458: Total time for which application threads were stopped: 0.0060054 seconds, Stopping threads took: 0.0001448 seconds
{Heap before GC invocations=5261 (full 7):
 par new generation   total 38080K, used 33883K [0x0000000085600000, 0x0000000087f50000, 0x000000009a2c0000)
  eden space 33856K, 100% used [0x0000000085600000, 0x0000000087710000, 0x0000000087710000)
  from space 4224K,   0% used [0x0000000087b30000, 0x0000000087b36e70, 0x0000000087f50000)
  to   space 4224K,   0% used [0x0000000087710000, 0x0000000087710000, 0x0000000087b30000)
 concurrent mark-sweep generation total 137704K, used 83167K [0x000000009a2c0000, 0x00000000a293a000, 0x0000000100000000)
 Metaspace       used 111730K, capacity 118337K, committed 120492K, reserved 1155072K
  class space    used 13542K, capacity 14759K, committed 15328K, reserved 1048576K
2021-02-02T07:34:15.579+0000: 509316.617: [GC (Allocation Failure) 2021-02-02T07:34:15.580+0000: 509316.618: [ParNew
Desired survivor size 2162688 bytes, new threshold 6 (max 6)
- age   1:      30176 bytes,      30176 total
- age   2:        152 bytes,      30328 total
- age   5:         32 bytes,      30360 total
: 33883K->31K(38080K), 0.0155234 secs] 117050K->83198K(175784K), 0.0161450 secs] [Times: user=0.02 sys=0.01, real=0.01 secs] 
Heap after GC invocations=5262 (full 7):
 par new generation   total 38080K, used 31K [0x0000000085600000, 0x0000000087f50000, 0x000000009a2c0000)
  eden space 33856K,   0% used [0x0000000085600000, 0x0000000085600000, 0x0000000087710000)
  from space 4224K,   0% used [0x0000000087710000, 0x0000000087717e18, 0x0000000087b30000)
  to   space 4224K,   0% used [0x0000000087b30000, 0x0000000087b30000, 0x0000000087f50000)
 concurrent mark-sweep generation total 137704K, used 83167K [0x000000009a2c0000, 0x00000000a293a000, 0x0000000100000000)
 Metaspace       used 111730K, capacity 118337K, committed 120492K, reserved 1155072K
  class space    used 13542K, capacity 14759K, committed 15328K, reserved 1048576K
}
2021-02-02T07:34:15.596+0000: 509316.634: Total time for which application threads were stopped: 0.0178083 seconds, Stopping threads took: 0.0001743 seconds
{Heap before GC invocations=5262 (full 7):
 par new generation   total 38080K, used 33887K [0x0000000085600000, 0x0000000087f50000, 0x000000009a2c0000)
  eden space 33856K, 100% used [0x0000000085600000, 0x0000000087710000, 0x0000000087710000)
  from space 4224K,   0% used [0x0000000087710000, 0x0000000087717e18, 0x0000000087b30000)
  to   space 4224K,   0% used [0x0000000087b30000, 0x0000000087b30000, 0x0000000087f50000)
 concurrent mark-sweep generation total 137704K, used 83167K [0x000000009a2c0000, 0x00000000a293a000, 0x0000000100000000)
 Metaspace       used 111730K, capacity 118337K, committed 120492K, reserved 1155072K
  class space    used 13542K, capacity 14759K, committed 15328K, reserved 1048576K
2021-02-02T07:36:03.128+0000: 509424.166: [GC (Allocation Failure) 2021-02-02T07:36:03.129+0000: 509424.167: [ParNew
Desired survivor size 2162688 bytes, new threshold 6 (max 6)
- age   1:      64232 bytes,      64232 total
- age   2:         32 bytes,      64264 total
- age   3:         32 bytes,      64296 total
- age   6:         32 bytes,      64328 total
: 33887K->68K(38080K), 0.0069615 secs] 117054K->83235K(175784K), 0.0071873 secs] [Times: user=0.02 sys=0.00, real=0.00 secs] 
Heap after GC invocations=5263 (full 7):
 par new generation   total 38080K, used 68K [0x0000000085600000, 0x0000000087f50000, 0x000000009a2c0000)
  eden space 33856K,   0% used [0x0000000085600000, 0x0000000085600000, 0x0000000087710000)
  from space 4224K,   1% used [0x0000000087b30000, 0x0000000087b410e0, 0x0000000087f50000)
  to   space 4224K,   0% used [0x0000000087710000, 0x0000000087710000, 0x0000000087b30000)
 concurrent mark-sweep generation total 137704K, used 83167K [0x000000009a2c0000, 0x00000000a293a000, 0x0000000100000000)
 Metaspace       used 111730K, capacity 118337K, committed 120492K, reserved 1155072K
  class space    used 13542K, capacity 14759K, committed 15328K, reserved 1048576K
}
2021-02-02T07:36:03.136+0000: 509424.174: Total time for which application threads were stopped: 0.0080862 seconds, Stopping threads took: 0.0002683 seconds
{Heap before GC invocations=5263 (full 7):
 par new generation   total 38080K, used 33924K [0x0000000085600000, 0x0000000087f50000, 0x000000009a2c0000)
  eden space 33856K, 100% used [0x0000000085600000, 0x0000000087710000, 0x0000000087710000)
  from space 4224K,   1% used [0x0000000087b30000, 0x0000000087b410e0, 0x0000000087f50000)
  to   space 4224K,   0% used [0x0000000087710000, 0x0000000087710000, 0x0000000087b30000)
 concurrent mark-sweep generation total 137704K, used 83167K [0x000000009a2c0000, 0x00000000a293a000, 0x0000000100000000)
 Metaspace       used 111730K, capacity 118337K, committed 120492K, reserved 1155072K
  class space    used 13542K, capacity 14759K, committed 15328K, reserved 1048576K
2021-02-02T07:37:50.218+0000: 509531.256: [GC (Allocation Failure) 2021-02-02T07:37:50.218+0000: 509531.256: [ParNew
Desired survivor size 2162688 bytes, new threshold 6 (max 6)
- age   1:     131680 bytes,     131680 total
- age   2:        120 bytes,     131800 total
: 33924K->133K(38080K), 0.0102514 secs] 117091K->83300K(175784K), 0.0106076 secs] [Times: user=0.02 sys=0.00, real=0.02 secs] 
Heap after GC invocations=5264 (full 7):
 par new generation   total 38080K, used 133K [0x0000000085600000, 0x0000000087f50000, 0x000000009a2c0000)
  eden space 33856K,   0% used [0x0000000085600000, 0x0000000085600000, 0x0000000087710000)
  from space 4224K,   3% used [0x0000000087710000, 0x0000000087731498, 0x0000000087b30000)
  to   space 4224K,   0% used [0x0000000087b30000, 0x0000000087b30000, 0x0000000087f50000)
 concurrent mark-sweep generation total 137704K, used 83167K [0x000000009a2c0000, 0x00000000a293a000, 0x0000000100000000)
 Metaspace       used 111730K, capacity 118337K, committed 120492K, reserved 1155072K
  class space    used 13542K, capacity 14759K, committed 15328K, reserved 1048576K
}
2021-02-02T07:37:50.228+0000: 509531.266: Total time for which application threads were stopped: 0.0115843 seconds, Stopping threads took: 0.0000921 seconds
{Heap before GC invocations=5264 (full 7):
 par new generation   total 38080K, used 33989K [0x0000000085600000, 0x0000000087f50000, 0x000000009a2c0000)
  eden space 33856K, 100% used [0x0000000085600000, 0x0000000087710000, 0x0000000087710000)
  from space 4224K,   3% used [0x0000000087710000, 0x0000000087731498, 0x0000000087b30000)
  to   space 4224K,   0% used [0x0000000087b30000, 0x0000000087b30000, 0x0000000087f50000)
 concurrent mark-sweep generation total 137704K, used 83167K [0x000000009a2c0000, 0x00000000a293a000, 0x0000000100000000)
 Metaspace       used 111730K, capacity 118337K, committed 120492K, reserved 1155072K
  class space    used 13542K, capacity 14759K, committed 15328K, reserved 1048576K
2021-02-02T07:39:39.133+0000: 509640.171: [GC (Allocation Failure) 2021-02-02T07:39:39.133+0000: 509640.171: [ParNew
Desired survivor size 2162688 bytes, new threshold 6 (max 6)
- age   1:      25704 bytes,      25704 total
- age   2:        184 bytes,      25888 total
: 33989K->30K(38080K), 0.0048214 secs] 117156K->83197K(175784K), 0.0050287 secs] [Times: user=0.01 sys=0.01, real=0.00 secs] 
Heap after GC invocations=5265 (full 7):
 par new generation   total 38080K, used 30K [0x0000000085600000, 0x0000000087f50000, 0x000000009a2c0000)
  eden space 33856K,   0% used [0x0000000085600000, 0x0000000085600000, 0x0000000087710000)
  from space 4224K,   0% used [0x0000000087b30000, 0x0000000087b37938, 0x0000000087f50000)
  to   space 4224K,   0% used [0x0000000087710000, 0x0000000087710000, 0x0000000087b30000)
 concurrent mark-sweep generation total 137704K, used 83167K [0x000000009a2c0000, 0x00000000a293a000, 0x0000000100000000)
 Metaspace       used 111730K, capacity 118337K, committed 120492K, reserved 1155072K
  class space    used 13542K, capacity 14759K, committed 15328K, reserved 1048576K
}
2021-02-02T07:39:39.138+0000: 509640.176: Total time for which application threads were stopped: 0.0056236 seconds, Stopping threads took: 0.0000808 seconds
{Heap before GC invocations=5265 (full 7):
 par new generation   total 38080K, used 33886K [0x0000000085600000, 0x0000000087f50000, 0x000000009a2c0000)
  eden space 33856K, 100% used [0x0000000085600000, 0x0000000087710000, 0x0000000087710000)
  from space 4224K,   0% used [0x0000000087b30000, 0x0000000087b37938, 0x0000000087f50000)
  to   space 4224K,   0% used [0x0000000087710000, 0x0000000087710000, 0x0000000087b30000)
 concurrent mark-sweep generation total 137704K, used 83167K [0x000000009a2c0000, 0x00000000a293a000, 0x0000000100000000)
 Metaspace       used 111730K, capacity 118337K, committed 120492K, reserved 1155072K
  class space    used 13542K, capacity 14759K, committed 15328K, reserved 1048576K
2021-02-02T07:41:27.817+0000: 509748.855: [GC (Allocation Failure) 2021-02-02T07:41:27.817+0000: 509748.855: [ParNew
Desired survivor size 2162688 bytes, new threshold 6 (max 6)
- age   1:      25896 bytes,      25896 total
- age   3:         64 bytes,      25960 total
: 33886K->29K(38080K), 0.0146150 secs] 117053K->83196K(175784K), 0.0150310 secs] [Times: user=0.03 sys=0.00, real=0.02 secs] 
Heap after GC invocations=5266 (full 7):
 par new generation   total 38080K, used 29K [0x0000000085600000, 0x0000000087f50000, 0x000000009a2c0000)
  eden space 33856K,   0% used [0x0000000085600000, 0x0000000085600000, 0x0000000087710000)
  from space 4224K,   0% used [0x0000000087710000, 0x0000000087717608, 0x0000000087b30000)
  to   space 4224K,   0% used [0x0000000087b30000, 0x0000000087b30000, 0x0000000087f50000)
 concurrent mark-sweep generation total 137704K, used 83167K [0x000000009a2c0000, 0x00000000a293a000, 0x0000000100000000)
 Metaspace       used 111730K, capacity 118337K, committed 120492K, reserved 1155072K
  class space    used 13542K, capacity 14759K, committed 15328K, reserved 1048576K
}
2021-02-02T07:41:27.833+0000: 509748.871: Total time for which application threads were stopped: 0.0161148 seconds, Stopping threads took: 0.0001420 seconds
{Heap before GC invocations=5266 (full 7):
 par new generation   total 38080K, used 33885K [0x0000000085600000, 0x0000000087f50000, 0x000000009a2c0000)
  eden space 33856K, 100% used [0x0000000085600000, 0x0000000087710000, 0x0000000087710000)
  from space 4224K,   0% used [0x0000000087710000, 0x0000000087717608, 0x0000000087b30000)
  to   space 4224K,   0% used [0x0000000087b30000, 0x0000000087b30000, 0x0000000087f50000)
 concurrent mark-sweep generation total 137704K, used 83167K [0x000000009a2c0000, 0x00000000a293a000, 0x0000000100000000)
 Metaspace       used 111730K, capacity 118337K, committed 120492K, reserved 1155072K
  class space    used 13542K, capacity 14759K, committed 15328K, reserved 1048576K
2021-02-02T07:43:16.818+0000: 509857.856: [GC (Allocation Failure) 2021-02-02T07:43:16.818+0000: 509857.856: [ParNew
Desired survivor size 2162688 bytes, new threshold 6 (max 6)
- age   1:      25392 bytes,      25392 total
- age   2:        120 bytes,      25512 total
- age   4:         32 bytes,      25544 total
: 33885K->27K(38080K), 0.0059021 secs] 117052K->83195K(175784K), 0.0061699 secs] [Times: user=0.01 sys=0.00, real=0.01 secs] 
Heap after GC invocations=5267 (full 7):
 par new generation   total 38080K, used 27K [0x0000000085600000, 0x0000000087f50000, 0x000000009a2c0000)
  eden space 33856K,   0% used [0x0000000085600000, 0x0000000085600000, 0x0000000087710000)
  from space 4224K,   0% used [0x0000000087b30000, 0x0000000087b36f18, 0x0000000087f50000)
  to   space 4224K,   0% used [0x0000000087710000, 0x0000000087710000, 0x0000000087b30000)
 concurrent mark-sweep generation total 137704K, used 83167K [0x000000009a2c0000, 0x00000000a293a000, 0x0000000100000000)
 Metaspace       used 111730K, capacity 118337K, committed 120492K, reserved 1155072K
  class space    used 13542K, capacity 14759K, committed 15328K, reserved 1048576K
}
2021-02-02T07:43:16.825+0000: 509857.862: Total time for which application threads were stopped: 0.0068437 seconds, Stopping threads took: 0.0000411 seconds
{Heap before GC invocations=5267 (full 7):
 par new generation   total 38080K, used 33883K [0x0000000085600000, 0x0000000087f50000, 0x000000009a2c0000)
  eden space 33856K, 100% used [0x0000000085600000, 0x0000000087710000, 0x0000000087710000)
  from space 4224K,   0% used [0x0000000087b30000, 0x0000000087b36f18, 0x0000000087f50000)
  to   space 4224K,   0% used [0x0000000087710000, 0x0000000087710000, 0x0000000087b30000)
 concurrent mark-sweep generation total 137704K, used 83167K [0x000000009a2c0000, 0x00000000a293a000, 0x0000000100000000)
 Metaspace       used 111730K, capacity 118337K, committed 120492K, reserved 1155072K
  class space    used 13542K, capacity 14759K, committed 15328K, reserved 1048576K
2021-02-02T07:45:07.679+0000: 509968.717: [GC (Allocation Failure) 2021-02-02T07:45:07.679+0000: 509968.717: [ParNew
Desired survivor size 2162688 bytes, new threshold 6 (max 6)
- age   1:      31680 bytes,      31680 total
- age   2:         32 bytes,      31712 total
- age   5:         32 bytes,      31744 total
: 33883K->35K(38080K), 0.0069908 secs] 117051K->83202K(175784K), 0.0073301 secs] [Times: user=0.01 sys=0.01, real=0.00 secs] 
Heap after GC invocations=5268 (full 7):
 par new generation   total 38080K, used 35K [0x0000000085600000, 0x0000000087f50000, 0x000000009a2c0000)
  eden space 33856K,   0% used [0x0000000085600000, 0x0000000085600000, 0x0000000087710000)
  from space 4224K,   0% used [0x0000000087710000, 0x0000000087718d18, 0x0000000087b30000)
  to   space 4224K,   0% used [0x0000000087b30000, 0x0000000087b30000, 0x0000000087f50000)
 concurrent mark-sweep generation total 137704K, used 83167K [0x000000009a2c0000, 0x00000000a293a000, 0x0000000100000000)
 Metaspace       used 111730K, capacity 118337K, committed 120492K, reserved 1155072K
  class space    used 13542K, capacity 14759K, committed 15328K, reserved 1048576K
}
2021-02-02T07:45:07.687+0000: 509968.725: Total time for which application threads were stopped: 0.0085181 seconds, Stopping threads took: 0.0001468 seconds
{Heap before GC invocations=5268 (full 7):
 par new generation   total 38080K, used 33891K [0x0000000085600000, 0x0000000087f50000, 0x000000009a2c0000)
  eden space 33856K, 100% used [0x0000000085600000, 0x0000000087710000, 0x0000000087710000)
  from space 4224K,   0% used [0x0000000087710000, 0x0000000087718d18, 0x0000000087b30000)
  to   space 4224K,   0% used [0x0000000087b30000, 0x0000000087b30000, 0x0000000087f50000)
 concurrent mark-sweep generation total 137704K, used 83167K [0x000000009a2c0000, 0x00000000a293a000, 0x0000000100000000)
 Metaspace       used 111730K, capacity 118337K, committed 120492K, reserved 1155072K
  class space    used 13542K, capacity 14759K, committed 15328K, reserved 1048576K
2021-02-02T07:46:55.711+0000: 510076.748: [GC (Allocation Failure) 2021-02-02T07:46:55.711+0000: 510076.749: [ParNew
Desired survivor size 2162688 bytes, new threshold 6 (max 6)
- age   1:      61760 bytes,      61760 total
- age   2:         32 bytes,      61792 total
- age   6:         32 bytes,      61824 total
: 33891K->64K(38080K), 0.0049467 secs] 117058K->83231K(175784K), 0.0051921 secs] [Times: user=0.02 sys=0.00, real=0.00 secs] 
Heap after GC invocations=5269 (full 7):
 par new generation   total 38080K, used 64K [0x0000000085600000, 0x0000000087f50000, 0x000000009a2c0000)
  eden space 33856K,   0% used [0x0000000085600000, 0x0000000085600000, 0x0000000087710000)
  from space 4224K,   1% used [0x0000000087b30000, 0x0000000087b40030, 0x0000000087f50000)
  to   space 4224K,   0% used [0x0000000087710000, 0x0000000087710000, 0x0000000087b30000)
 concurrent mark-sweep generation total 137704K, used 83167K [0x000000009a2c0000, 0x00000000a293a000, 0x0000000100000000)
 Metaspace       used 111730K, capacity 118337K, committed 120492K, reserved 1155072K
  class space    used 13542K, capacity 14759K, committed 15328K, reserved 1048576K
}
2021-02-02T07:46:55.716+0000: 510076.754: Total time for which application threads were stopped: 0.0059170 seconds, Stopping threads took: 0.0000677 seconds
{Heap before GC invocations=5269 (full 7):
 par new generation   total 38080K, used 33920K [0x0000000085600000, 0x0000000087f50000, 0x000000009a2c0000)
  eden space 33856K, 100% used [0x0000000085600000, 0x0000000087710000, 0x0000000087710000)
  from space 4224K,   1% used [0x0000000087b30000, 0x0000000087b40030, 0x0000000087f50000)
  to   space 4224K,   0% used [0x0000000087710000, 0x0000000087710000, 0x0000000087b30000)
 concurrent mark-sweep generation total 137704K, used 83167K [0x000000009a2c0000, 0x00000000a293a000, 0x0000000100000000)
 Metaspace       used 111730K, capacity 118337K, committed 120492K, reserved 1155072K
  class space    used 13542K, capacity 14759K, committed 15328K, reserved 1048576K
2021-02-02T07:48:44.606+0000: 510185.644: [GC (Allocation Failure) 2021-02-02T07:48:44.606+0000: 510185.644: [ParNew
Desired survivor size 2162688 bytes, new threshold 6 (max 6)
- age   1:      26368 bytes,      26368 total
- age   2:        168 bytes,      26536 total
- age   3:         32 bytes,      26568 total
: 33920K->31K(38080K), 0.0049202 secs] 117087K->83199K(175784K), 0.0051857 secs] [Times: user=0.01 sys=0.01, real=0.01 secs] 
Heap after GC invocations=5270 (full 7):
 par new generation   total 38080K, used 31K [0x0000000085600000, 0x0000000087f50000, 0x000000009a2c0000)
  eden space 33856K,   0% used [0x0000000085600000, 0x0000000085600000, 0x0000000087710000)
  from space 4224K,   0% used [0x0000000087710000, 0x0000000087717e78, 0x0000000087b30000)
  to   space 4224K,   0% used [0x0000000087b30000, 0x0000000087b30000, 0x0000000087f50000)
 concurrent mark-sweep generation total 137704K, used 83167K [0x000000009a2c0000, 0x00000000a293a000, 0x0000000100000000)
 Metaspace       used 111730K, capacity 118337K, committed 120492K, reserved 1155072K
  class space    used 13542K, capacity 14759K, committed 15328K, reserved 1048576K
}
2021-02-02T07:48:44.611+0000: 510185.649: Total time for which application threads were stopped: 0.0060305 seconds, Stopping threads took: 0.0001630 seconds
{Heap before GC invocations=5270 (full 7):
 par new generation   total 38080K, used 33887K [0x0000000085600000, 0x0000000087f50000, 0x000000009a2c0000)
  eden space 33856K, 100% used [0x0000000085600000, 0x0000000087710000, 0x0000000087710000)
  from space 4224K,   0% used [0x0000000087710000, 0x0000000087717e78, 0x0000000087b30000)
  to   space 4224K,   0% used [0x0000000087b30000, 0x0000000087b30000, 0x0000000087f50000)
 concurrent mark-sweep generation total 137704K, used 83167K [0x000000009a2c0000, 0x00000000a293a000, 0x0000000100000000)
 Metaspace       used 111730K, capacity 118337K, committed 120492K, reserved 1155072K
  class space    used 13542K, capacity 14759K, committed 15328K, reserved 1048576K
2021-02-02T07:50:33.982+0000: 510295.020: [GC (Allocation Failure) 2021-02-02T07:50:33.982+0000: 510295.020: [ParNew
Desired survivor size 2162688 bytes, new threshold 6 (max 6)
- age   1:      26048 bytes,      26048 total
: 33887K->29K(38080K), 0.0048748 secs] 117055K->83196K(175784K), 0.0050955 secs] [Times: user=0.02 sys=0.00, real=0.01 secs] 
Heap after GC invocations=5271 (full 7):
 par new generation   total 38080K, used 29K [0x0000000085600000, 0x0000000087f50000, 0x000000009a2c0000)
  eden space 33856K,   0% used [0x0000000085600000, 0x0000000085600000, 0x0000000087710000)
  from space 4224K,   0% used [0x0000000087b30000, 0x0000000087b37608, 0x0000000087f50000)
  to   space 4224K,   0% used [0x0000000087710000, 0x0000000087710000, 0x0000000087b30000)
 concurrent mark-sweep generation total 137704K, used 83167K [0x000000009a2c0000, 0x00000000a293a000, 0x0000000100000000)
 Metaspace       used 111730K, capacity 118337K, committed 120492K, reserved 1155072K
  class space    used 13542K, capacity 14759K, committed 15328K, reserved 1048576K
}
2021-02-02T07:50:33.987+0000: 510295.025: Total time for which application threads were stopped: 0.0058523 seconds, Stopping threads took: 0.0001975 seconds
{Heap before GC invocations=5271 (full 7):
 par new generation   total 38080K, used 33885K [0x0000000085600000, 0x0000000087f50000, 0x000000009a2c0000)
  eden space 33856K, 100% used [0x0000000085600000, 0x0000000087710000, 0x0000000087710000)
  from space 4224K,   0% used [0x0000000087b30000, 0x0000000087b37608, 0x0000000087f50000)
  to   space 4224K,   0% used [0x0000000087710000, 0x0000000087710000, 0x0000000087b30000)
 concurrent mark-sweep generation total 137704K, used 83167K [0x000000009a2c0000, 0x00000000a293a000, 0x0000000100000000)
 Metaspace       used 111730K, capacity 118337K, committed 120492K, reserved 1155072K
  class space    used 13542K, capacity 14759K, committed 15328K, reserved 1048576K
2021-02-02T07:52:23.197+0000: 510404.235: [GC (Allocation Failure) 2021-02-02T07:52:23.198+0000: 510404.235: [ParNew
Desired survivor size 2162688 bytes, new threshold 6 (max 6)
- age   1:      25792 bytes,      25792 total
- age   2:        152 bytes,      25944 total
: 33885K->29K(38080K), 0.0049071 secs] 117052K->83197K(175784K), 0.0051371 secs] [Times: user=0.01 sys=0.00, real=0.01 secs] 
Heap after GC invocations=5272 (full 7):
 par new generation   total 38080K, used 29K [0x0000000085600000, 0x0000000087f50000, 0x000000009a2c0000)
  eden space 33856K,   0% used [0x0000000085600000, 0x0000000085600000, 0x0000000087710000)
  from space 4224K,   0% used [0x0000000087710000, 0x0000000087717680, 0x0000000087b30000)
  to   space 4224K,   0% used [0x0000000087b30000, 0x0000000087b30000, 0x0000000087f50000)
 concurrent mark-sweep generation total 137704K, used 83167K [0x000000009a2c0000, 0x00000000a293a000, 0x0000000100000000)
 Metaspace       used 111730K, capacity 118337K, committed 120492K, reserved 1155072K
  class space    used 13542K, capacity 14759K, committed 15328K, reserved 1048576K
}
2021-02-02T07:52:23.203+0000: 510404.241: Total time for which application threads were stopped: 0.0057891 seconds, Stopping threads took: 0.0000897 seconds
{Heap before GC invocations=5272 (full 7):
 par new generation   total 38080K, used 33885K [0x0000000085600000, 0x0000000087f50000, 0x000000009a2c0000)
  eden space 33856K, 100% used [0x0000000085600000, 0x0000000087710000, 0x0000000087710000)
  from space 4224K,   0% used [0x0000000087710000, 0x0000000087717680, 0x0000000087b30000)
  to   space 4224K,   0% used [0x0000000087b30000, 0x0000000087b30000, 0x0000000087f50000)
 concurrent mark-sweep generation total 137704K, used 83167K [0x000000009a2c0000, 0x00000000a293a000, 0x0000000100000000)
 Metaspace       used 111730K, capacity 118337K, committed 120492K, reserved 1155072K
  class space    used 13542K, capacity 14759K, committed 15328K, reserved 1048576K
2021-02-02T07:54:14.281+0000: 510515.319: [GC (Allocation Failure) 2021-02-02T07:54:14.281+0000: 510515.319: [ParNew
Desired survivor size 2162688 bytes, new threshold 6 (max 6)
- age   1:      30424 bytes,      30424 total
- age   2:        120 bytes,      30544 total
- age   3:         32 bytes,      30576 total
: 33885K->33K(38080K), 0.0030995 secs] 117053K->83200K(175784K), 0.0032425 secs] [Times: user=0.01 sys=0.00, real=0.00 secs] 
Heap after GC invocations=5273 (full 7):
 par new generation   total 38080K, used 33K [0x0000000085600000, 0x0000000087f50000, 0x000000009a2c0000)
  eden space 33856K,   0% used [0x0000000085600000, 0x0000000085600000, 0x0000000087710000)
  from space 4224K,   0% used [0x0000000087b30000, 0x0000000087b38628, 0x0000000087f50000)
  to   space 4224K,   0% used [0x0000000087710000, 0x0000000087710000, 0x0000000087b30000)
 concurrent mark-sweep generation total 137704K, used 83167K [0x000000009a2c0000, 0x00000000a293a000, 0x0000000100000000)
 Metaspace       used 111730K, capacity 118337K, committed 120492K, reserved 1155072K
  class space    used 13542K, capacity 14759K, committed 15328K, reserved 1048576K
}
2021-02-02T07:54:14.284+0000: 510515.322: Total time for which application threads were stopped: 0.0036758 seconds, Stopping threads took: 0.0000692 seconds
2021-02-02T07:55:47.159+0000: 510607.332: Total time for which application threads were stopped: 0.0001714 seconds, Stopping threads took: 0.0000356 seconds
{Heap before GC invocations=5273 (full 7):
 par new generation   total 38080K, used 33889K [0x0000000085600000, 0x0000000087f50000, 0x000000009a2c0000)
  eden space 33856K, 100% used [0x0000000085600000, 0x0000000087710000, 0x0000000087710000)
  from space 4224K,   0% used [0x0000000087b30000, 0x0000000087b38628, 0x0000000087f50000)
  to   space 4224K,   0% used [0x0000000087710000, 0x0000000087710000, 0x0000000087b30000)
 concurrent mark-sweep generation total 137704K, used 83167K [0x000000009a2c0000, 0x00000000a293a000, 0x0000000100000000)
 Metaspace       used 111731K, capacity 118337K, committed 120492K, reserved 1155072K
  class space    used 13542K, capacity 14759K, committed 15328K, reserved 1048576K
2021-02-02T07:56:02.827+0000: 510623.000: [GC (Allocation Failure) 2021-02-02T07:56:02.827+0000: 510623.000: [ParNew
Desired survivor size 2162688 bytes, new threshold 6 (max 6)
- age   1:      64152 bytes,      64152 total
- age   2:         32 bytes,      64184 total
: 33889K->65K(38080K), 0.0025999 secs] 117056K->83232K(175784K), 0.0026937 secs] [Times: user=0.01 sys=0.00, real=0.00 secs] 
Heap after GC invocations=5274 (full 7):
 par new generation   total 38080K, used 65K [0x0000000085600000, 0x0000000087f50000, 0x000000009a2c0000)
  eden space 33856K,   0% used [0x0000000085600000, 0x0000000085600000, 0x0000000087710000)
  from space 4224K,   1% used [0x0000000087710000, 0x00000000877205d0, 0x0000000087b30000)
  to   space 4224K,   0% used [0x0000000087b30000, 0x0000000087b30000, 0x0000000087f50000)
 concurrent mark-sweep generation total 137704K, used 83167K [0x000000009a2c0000, 0x00000000a293a000, 0x0000000100000000)
 Metaspace       used 111731K, capacity 118337K, committed 120492K, reserved 1155072K
  class space    used 13542K, capacity 14759K, committed 15328K, reserved 1048576K
}
2021-02-02T07:56:02.830+0000: 510623.003: Total time for which application threads were stopped: 0.0029460 seconds, Stopping threads took: 0.0000310 seconds
{Heap before GC invocations=5274 (full 7):
 par new generation   total 38080K, used 33921K [0x0000000085600000, 0x0000000087f50000, 0x000000009a2c0000)
  eden space 33856K, 100% used [0x0000000085600000, 0x0000000087710000, 0x0000000087710000)
  from space 4224K,   1% used [0x0000000087710000, 0x00000000877205d0, 0x0000000087b30000)
  to   space 4224K,   0% used [0x0000000087b30000, 0x0000000087b30000, 0x0000000087f50000)
 concurrent mark-sweep generation total 137704K, used 83167K [0x000000009a2c0000, 0x00000000a293a000, 0x0000000100000000)
 Metaspace       used 111731K, capacity 118337K, committed 120492K, reserved 1155072K
  class space    used 13542K, capacity 14759K, committed 15328K, reserved 1048576K
2021-02-02T07:57:49.885+0000: 510730.058: [GC (Allocation Failure) 2021-02-02T07:57:49.885+0000: 510730.058: [ParNew
Desired survivor size 2162688 bytes, new threshold 6 (max 6)
- age   1:     131448 bytes,     131448 total
- age   2:        152 bytes,     131600 total
: 33921K->132K(38080K), 0.0018715 secs] 117088K->83299K(175784K), 0.0019575 secs] [Times: user=0.00 sys=0.00, real=0.00 secs] 
Heap after GC invocations=5275 (full 7):
 par new generation   total 38080K, used 132K [0x0000000085600000, 0x0000000087f50000, 0x000000009a2c0000)
  eden space 33856K,   0% used [0x0000000085600000, 0x0000000085600000, 0x0000000087710000)
  from space 4224K,   3% used [0x0000000087b30000, 0x0000000087b51228, 0x0000000087f50000)
  to   space 4224K,   0% used [0x0000000087710000, 0x0000000087710000, 0x0000000087b30000)
 concurrent mark-sweep generation total 137704K, used 83167K [0x000000009a2c0000, 0x00000000a293a000, 0x0000000100000000)
 Metaspace       used 111731K, capacity 118337K, committed 120492K, reserved 1155072K
  class space    used 13542K, capacity 14759K, committed 15328K, reserved 1048576K
}
2021-02-02T07:57:49.887+0000: 510730.060: Total time for which application threads were stopped: 0.0022330 seconds, Stopping threads took: 0.0000535 seconds
{Heap before GC invocations=5275 (full 7):
 par new generation   total 38080K, used 33988K [0x0000000085600000, 0x0000000087f50000, 0x000000009a2c0000)
  eden space 33856K, 100% used [0x0000000085600000, 0x0000000087710000, 0x0000000087710000)
  from space 4224K,   3% used [0x0000000087b30000, 0x0000000087b51228, 0x0000000087f50000)
  to   space 4224K,   0% used [0x0000000087710000, 0x0000000087710000, 0x0000000087b30000)
 concurrent mark-sweep generation total 137704K, used 83167K [0x000000009a2c0000, 0x00000000a293a000, 0x0000000100000000)
 Metaspace       used 111731K, capacity 118337K, committed 120492K, reserved 1155072K
  class space    used 13542K, capacity 14759K, committed 15328K, reserved 1048576K
2021-02-02T07:59:38.626+0000: 510838.799: [GC (Allocation Failure) 2021-02-02T07:59:38.626+0000: 510838.799: [ParNew
Desired survivor size 2162688 bytes, new threshold 6 (max 6)
- age   1:      25832 bytes,      25832 total
- age   2:        120 bytes,      25952 total
: 33988K->30K(38080K), 0.0049296 secs] 117155K->83197K(175784K), 0.0052108 secs] [Times: user=0.01 sys=0.00, real=0.00 secs] 
Heap after GC invocations=5276 (full 7):
 par new generation   total 38080K, used 30K [0x0000000085600000, 0x0000000087f50000, 0x000000009a2c0000)
  eden space 33856K,   0% used [0x0000000085600000, 0x0000000085600000, 0x0000000087710000)
  from space 4224K,   0% used [0x0000000087710000, 0x0000000087717940, 0x0000000087b30000)
  to   space 4224K,   0% used [0x0000000087b30000, 0x0000000087b30000, 0x0000000087f50000)
 concurrent mark-sweep generation total 137704K, used 83167K [0x000000009a2c0000, 0x00000000a293a000, 0x0000000100000000)
 Metaspace       used 111731K, capacity 118337K, committed 120492K, reserved 1155072K
  class space    used 13542K, capacity 14759K, committed 15328K, reserved 1048576K
}
2021-02-02T07:59:38.631+0000: 510838.804: Total time for which application threads were stopped: 0.0059037 seconds, Stopping threads took: 0.0000759 seconds
{Heap before GC invocations=5276 (full 7):
 par new generation   total 38080K, used 33886K [0x0000000085600000, 0x0000000087f50000, 0x000000009a2c0000)
  eden space 33856K, 100% used [0x0000000085600000, 0x0000000087710000, 0x0000000087710000)
  from space 4224K,   0% used [0x0000000087710000, 0x0000000087717940, 0x0000000087b30000)
  to   space 4224K,   0% used [0x0000000087b30000, 0x0000000087b30000, 0x0000000087f50000)
 concurrent mark-sweep generation total 137704K, used 83167K [0x000000009a2c0000, 0x00000000a293a000, 0x0000000100000000)
 Metaspace       used 111731K, capacity 118337K, committed 120492K, reserved 1155072K
  class space    used 13542K, capacity 14759K, committed 15328K, reserved 1048576K
2021-02-02T08:01:27.545+0000: 510947.718: [GC (Allocation Failure) 2021-02-02T08:01:27.545+0000: 510947.718: [ParNew
Desired survivor size 2162688 bytes, new threshold 6 (max 6)
- age   1:      23656 bytes,      23656 total
: 33886K->25K(38080K), 0.0046727 secs] 117053K->83193K(175784K), 0.0049164 secs] [Times: user=0.02 sys=0.00, real=0.00 secs] 
Heap after GC invocations=5277 (full 7):
 par new generation   total 38080K, used 25K [0x0000000085600000, 0x0000000087f50000, 0x000000009a2c0000)
  eden space 33856K,   0% used [0x0000000085600000, 0x0000000085600000, 0x0000000087710000)
  from space 4224K,   0% used [0x0000000087b30000, 0x0000000087b36708, 0x0000000087f50000)
  to   space 4224K,   0% used [0x0000000087710000, 0x0000000087710000, 0x0000000087b30000)
 concurrent mark-sweep generation total 137704K, used 83167K [0x000000009a2c0000, 0x00000000a293a000, 0x0000000100000000)
 Metaspace       used 111731K, capacity 118337K, committed 120492K, reserved 1155072K
  class space    used 13542K, capacity 14759K, committed 15328K, reserved 1048576K
}
2021-02-02T08:01:27.550+0000: 510947.723: Total time for which application threads were stopped: 0.0055626 seconds, Stopping threads took: 0.0000985 seconds
{Heap before GC invocations=5277 (full 7):
 par new generation   total 38080K, used 33881K [0x0000000085600000, 0x0000000087f50000, 0x000000009a2c0000)
  eden space 33856K, 100% used [0x0000000085600000, 0x0000000087710000, 0x0000000087710000)
  from space 4224K,   0% used [0x0000000087b30000, 0x0000000087b36708, 0x0000000087f50000)
  to   space 4224K,   0% used [0x0000000087710000, 0x0000000087710000, 0x0000000087b30000)
 concurrent mark-sweep generation total 137704K, used 83167K [0x000000009a2c0000, 0x00000000a293a000, 0x0000000100000000)
 Metaspace       used 111731K, capacity 118337K, committed 120492K, reserved 1155072K
  class space    used 13542K, capacity 14759K, committed 15328K, reserved 1048576K
2021-02-02T08:03:16.613+0000: 511056.786: [GC (Allocation Failure) 2021-02-02T08:03:16.613+0000: 511056.787: [ParNew
Desired survivor size 2162688 bytes, new threshold 6 (max 6)
- age   1:      74416 bytes,      74416 total
- age   2:        120 bytes,      74536 total
: 33881K->78K(38080K), 0.0061967 secs] 117049K->83245K(175784K), 0.0066227 secs] [Times: user=0.02 sys=0.00, real=0.00 secs] 
Heap after GC invocations=5278 (full 7):
 par new generation   total 38080K, used 78K [0x0000000085600000, 0x0000000087f50000, 0x000000009a2c0000)
  eden space 33856K,   0% used [0x0000000085600000, 0x0000000085600000, 0x0000000087710000)
  from space 4224K,   1% used [0x0000000087710000, 0x00000000877238a8, 0x0000000087b30000)
  to   space 4224K,   0% used [0x0000000087b30000, 0x0000000087b30000, 0x0000000087f50000)
 concurrent mark-sweep generation total 137704K, used 83167K [0x000000009a2c0000, 0x00000000a293a000, 0x0000000100000000)
 Metaspace       used 111731K, capacity 118337K, committed 120492K, reserved 1155072K
  class space    used 13542K, capacity 14759K, committed 15328K, reserved 1048576K
}
2021-02-02T08:03:16.620+0000: 511056.793: Total time for which application threads were stopped: 0.0087967 seconds, Stopping threads took: 0.0000758 seconds
{Heap before GC invocations=5278 (full 7):
 par new generation   total 38080K, used 33934K [0x0000000085600000, 0x0000000087f50000, 0x000000009a2c0000)
  eden space 33856K, 100% used [0x0000000085600000, 0x0000000087710000, 0x0000000087710000)
  from space 4224K,   1% used [0x0000000087710000, 0x00000000877238a8, 0x0000000087b30000)
  to   space 4224K,   0% used [0x0000000087b30000, 0x0000000087b30000, 0x0000000087f50000)
 concurrent mark-sweep generation total 137704K, used 83167K [0x000000009a2c0000, 0x00000000a293a000, 0x0000000100000000)
 Metaspace       used 111731K, capacity 118337K, committed 120492K, reserved 1155072K
  class space    used 13542K, capacity 14759K, committed 15328K, reserved 1048576K
2021-02-02T08:05:05.610+0000: 511165.783: [GC (Allocation Failure) 2021-02-02T08:05:05.610+0000: 511165.783: [ParNew
Desired survivor size 2162688 bytes, new threshold 6 (max 6)
- age   1:      63904 bytes,      63904 total
- age   2:         64 bytes,      63968 total
: 33934K->70K(38080K), 0.0046181 secs] 117101K->83238K(175784K), 0.0048656 secs] [Times: user=0.02 sys=0.00, real=0.01 secs] 
Heap after GC invocations=5279 (full 7):
 par new generation   total 38080K, used 70K [0x0000000085600000, 0x0000000087f50000, 0x000000009a2c0000)
  eden space 33856K,   0% used [0x0000000085600000, 0x0000000085600000, 0x0000000087710000)
  from space 4224K,   1% used [0x0000000087b30000, 0x0000000087b41be0, 0x0000000087f50000)
  to   space 4224K,   0% used [0x0000000087710000, 0x0000000087710000, 0x0000000087b30000)
 concurrent mark-sweep generation total 137704K, used 83167K [0x000000009a2c0000, 0x00000000a293a000, 0x0000000100000000)
 Metaspace       used 111731K, capacity 118337K, committed 120492K, reserved 1155072K
  class space    used 13542K, capacity 14759K, committed 15328K, reserved 1048576K
}
2021-02-02T08:05:05.615+0000: 511165.788: Total time for which application threads were stopped: 0.0055596 seconds, Stopping threads took: 0.0000692 seconds
{Heap before GC invocations=5279 (full 7):
 par new generation   total 38080K, used 33926K [0x0000000085600000, 0x0000000087f50000, 0x000000009a2c0000)
  eden space 33856K, 100% used [0x0000000085600000, 0x0000000087710000, 0x0000000087710000)
  from space 4224K,   1% used [0x0000000087b30000, 0x0000000087b41be0, 0x0000000087f50000)
  to   space 4224K,   0% used [0x0000000087710000, 0x0000000087710000, 0x0000000087b30000)
 concurrent mark-sweep generation total 137704K, used 83167K [0x000000009a2c0000, 0x00000000a293a000, 0x0000000100000000)
 Metaspace       used 111731K, capacity 118337K, committed 120492K, reserved 1155072K
  class space    used 13542K, capacity 14759K, committed 15328K, reserved 1048576K
2021-02-02T08:06:52.678+0000: 511272.851: [GC (Allocation Failure) 2021-02-02T08:06:52.678+0000: 511272.852: [ParNew
Desired survivor size 2162688 bytes, new threshold 6 (max 6)
- age   1:      97440 bytes,      97440 total
- age   2:        120 bytes,      97560 total
: 33926K->100K(38080K), 0.0046828 secs] 117094K->83268K(175784K), 0.0049280 secs] [Times: user=0.02 sys=0.00, real=0.00 secs] 
Heap after GC invocations=5280 (full 7):
 par new generation   total 38080K, used 100K [0x0000000085600000, 0x0000000087f50000, 0x000000009a2c0000)
  eden space 33856K,   0% used [0x0000000085600000, 0x0000000085600000, 0x0000000087710000)
  from space 4224K,   2% used [0x0000000087710000, 0x00000000877293a0, 0x0000000087b30000)
  to   space 4224K,   0% used [0x0000000087b30000, 0x0000000087b30000, 0x0000000087f50000)
 concurrent mark-sweep generation total 137704K, used 83167K [0x000000009a2c0000, 0x00000000a293a000, 0x0000000100000000)
 Metaspace       used 111731K, capacity 118337K, committed 120492K, reserved 1155072K
  class space    used 13542K, capacity 14759K, committed 15328K, reserved 1048576K
}
2021-02-02T08:06:52.683+0000: 511272.856: Total time for which application threads were stopped: 0.0056150 seconds, Stopping threads took: 0.0001020 seconds
{Heap before GC invocations=5280 (full 7):
 par new generation   total 38080K, used 33956K [0x0000000085600000, 0x0000000087f50000, 0x000000009a2c0000)
  eden space 33856K, 100% used [0x0000000085600000, 0x0000000087710000, 0x0000000087710000)
  from space 4224K,   2% used [0x0000000087710000, 0x00000000877293a0, 0x0000000087b30000)
  to   space 4224K,   0% used [0x0000000087b30000, 0x0000000087b30000, 0x0000000087f50000)
 concurrent mark-sweep generation total 137704K, used 83167K [0x000000009a2c0000, 0x00000000a293a000, 0x0000000100000000)
 Metaspace       used 111731K, capacity 118337K, committed 120492K, reserved 1155072K
  class space    used 13542K, capacity 14759K, committed 15328K, reserved 1048576K
2021-02-02T08:08:41.024+0000: 511381.197: [GC (Allocation Failure) 2021-02-02T08:08:41.024+0000: 511381.197: [ParNew
Desired survivor size 2162688 bytes, new threshold 6 (max 6)
- age   1:      63072 bytes,      63072 total
- age   2:        120 bytes,      63192 total
: 33956K->64K(38080K), 0.0074577 secs] 117124K->83232K(175784K), 0.0076760 secs] [Times: user=0.02 sys=0.00, real=0.01 secs] 
Heap after GC invocations=5281 (full 7):
 par new generation   total 38080K, used 64K [0x0000000085600000, 0x0000000087f50000, 0x000000009a2c0000)
  eden space 33856K,   0% used [0x0000000085600000, 0x0000000085600000, 0x0000000087710000)
  from space 4224K,   1% used [0x0000000087b30000, 0x0000000087b40350, 0x0000000087f50000)
  to   space 4224K,   0% used [0x0000000087710000, 0x0000000087710000, 0x0000000087b30000)
 concurrent mark-sweep generation total 137704K, used 83167K [0x000000009a2c0000, 0x00000000a293a000, 0x0000000100000000)
 Metaspace       used 111731K, capacity 118337K, committed 120492K, reserved 1155072K
  class space    used 13542K, capacity 14759K, committed 15328K, reserved 1048576K
}
2021-02-02T08:08:41.032+0000: 511381.205: Total time for which application threads were stopped: 0.0084039 seconds, Stopping threads took: 0.0001101 seconds
{Heap before GC invocations=5281 (full 7):
 par new generation   total 38080K, used 33920K [0x0000000085600000, 0x0000000087f50000, 0x000000009a2c0000)
  eden space 33856K, 100% used [0x0000000085600000, 0x0000000087710000, 0x0000000087710000)
  from space 4224K,   1% used [0x0000000087b30000, 0x0000000087b40350, 0x0000000087f50000)
  to   space 4224K,   0% used [0x0000000087710000, 0x0000000087710000, 0x0000000087b30000)
 concurrent mark-sweep generation total 137704K, used 83167K [0x000000009a2c0000, 0x00000000a293a000, 0x0000000100000000)
 Metaspace       used 111731K, capacity 118337K, committed 120492K, reserved 1155072K
  class space    used 13542K, capacity 14759K, committed 15328K, reserved 1048576K
2021-02-02T08:10:29.399+0000: 511489.572: [GC (Allocation Failure) 2021-02-02T08:10:29.400+0000: 511489.573: [ParNew
Desired survivor size 2162688 bytes, new threshold 6 (max 6)
- age   1:      61056 bytes,      61056 total
- age   2:      35432 bytes,      96488 total
: 33920K->97K(38080K), 0.0047844 secs] 117088K->83264K(175784K), 0.0051714 secs] [Times: user=0.02 sys=0.00, real=0.01 secs] 
Heap after GC invocations=5282 (full 7):
 par new generation   total 38080K, used 97K [0x0000000085600000, 0x0000000087f50000, 0x000000009a2c0000)
  eden space 33856K,   0% used [0x0000000085600000, 0x0000000085600000, 0x0000000087710000)
  from space 4224K,   2% used [0x0000000087710000, 0x0000000087728570, 0x0000000087b30000)
  to   space 4224K,   0% used [0x0000000087b30000, 0x0000000087b30000, 0x0000000087f50000)
 concurrent mark-sweep generation total 137704K, used 83167K [0x000000009a2c0000, 0x00000000a293a000, 0x0000000100000000)
 Metaspace       used 111731K, capacity 118337K, committed 120492K, reserved 1155072K
  class space    used 13542K, capacity 14759K, committed 15328K, reserved 1048576K
}
2021-02-02T08:10:29.405+0000: 511489.578: Total time for which application threads were stopped: 0.0059409 seconds, Stopping threads took: 0.0000870 seconds
{Heap before GC invocations=5282 (full 7):
 par new generation   total 38080K, used 33953K [0x0000000085600000, 0x0000000087f50000, 0x000000009a2c0000)
  eden space 33856K, 100% used [0x0000000085600000, 0x0000000087710000, 0x0000000087710000)
  from space 4224K,   2% used [0x0000000087710000, 0x0000000087728570, 0x0000000087b30000)
  to   space 4224K,   0% used [0x0000000087b30000, 0x0000000087b30000, 0x0000000087f50000)
 concurrent mark-sweep generation total 137704K, used 83167K [0x000000009a2c0000, 0x00000000a293a000, 0x0000000100000000)
 Metaspace       used 111731K, capacity 118337K, committed 120492K, reserved 1155072K
  class space    used 13542K, capacity 14759K, committed 15328K, reserved 1048576K
2021-02-02T08:12:17.945+0000: 511598.118: [GC (Allocation Failure) 2021-02-02T08:12:17.945+0000: 511598.118: [ParNew
Desired survivor size 2162688 bytes, new threshold 6 (max 6)
- age   1:      26784 bytes,      26784 total
- age   2:      33896 bytes,      60680 total
- age   3:      35176 bytes,      95856 total
: 33953K->99K(38080K), 0.0046783 secs] 117120K->83266K(175784K), 0.0048824 secs] [Times: user=0.01 sys=0.00, real=0.00 secs] 
Heap after GC invocations=5283 (full 7):
 par new generation   total 38080K, used 99K [0x0000000085600000, 0x0000000087f50000, 0x000000009a2c0000)
  eden space 33856K,   0% used [0x0000000085600000, 0x0000000085600000, 0x0000000087710000)
  from space 4224K,   2% used [0x0000000087b30000, 0x0000000087b48e20, 0x0000000087f50000)
  to   space 4224K,   0% used [0x0000000087710000, 0x0000000087710000, 0x0000000087b30000)
 concurrent mark-sweep generation total 137704K, used 83167K [0x000000009a2c0000, 0x00000000a293a000, 0x0000000100000000)
 Metaspace       used 111731K, capacity 118337K, committed 120492K, reserved 1155072K
  class space    used 13542K, capacity 14759K, committed 15328K, reserved 1048576K
}
2021-02-02T08:12:17.950+0000: 511598.123: Total time for which application threads were stopped: 0.0055391 seconds, Stopping threads took: 0.0000667 seconds
{Heap before GC invocations=5283 (full 7):
 par new generation   total 38080K, used 33955K [0x0000000085600000, 0x0000000087f50000, 0x000000009a2c0000)
  eden space 33856K, 100% used [0x0000000085600000, 0x0000000087710000, 0x0000000087710000)
  from space 4224K,   2% used [0x0000000087b30000, 0x0000000087b48e20, 0x0000000087f50000)
  to   space 4224K,   0% used [0x0000000087710000, 0x0000000087710000, 0x0000000087b30000)
 concurrent mark-sweep generation total 137704K, used 83167K [0x000000009a2c0000, 0x00000000a293a000, 0x0000000100000000)
 Metaspace       used 111731K, capacity 118337K, committed 120492K, reserved 1155072K
  class space    used 13542K, capacity 14759K, committed 15328K, reserved 1048576K
2021-02-02T08:14:08.202+0000: 511708.375: [GC (Allocation Failure) 2021-02-02T08:14:08.202+0000: 511708.375: [ParNew
Desired survivor size 2162688 bytes, new threshold 6 (max 6)
- age   1:      33480 bytes,      33480 total
- age   2:         32 bytes,      33512 total
- age   3:      33736 bytes,      67248 total
- age   4:      34888 bytes,     102136 total
: 33955K->102K(38080K), 0.0047181 secs] 117122K->83269K(175784K), 0.0049935 secs] [Times: user=0.02 sys=0.00, real=0.01 secs] 
Heap after GC invocations=5284 (full 7):
 par new generation   total 38080K, used 102K [0x0000000085600000, 0x0000000087f50000, 0x000000009a2c0000)
  eden space 33856K,   0% used [0x0000000085600000, 0x0000000085600000, 0x0000000087710000)
  from space 4224K,   2% used [0x0000000087710000, 0x0000000087729908, 0x0000000087b30000)
  to   space 4224K,   0% used [0x0000000087b30000, 0x0000000087b30000, 0x0000000087f50000)
 concurrent mark-sweep generation total 137704K, used 83167K [0x000000009a2c0000, 0x00000000a293a000, 0x0000000100000000)
 Metaspace       used 111731K, capacity 118337K, committed 120492K, reserved 1155072K
  class space    used 13542K, capacity 14759K, committed 15328K, reserved 1048576K
}
2021-02-02T08:14:08.207+0000: 511708.380: Total time for which application threads were stopped: 0.0057016 seconds, Stopping threads took: 0.0000681 seconds
{Heap before GC invocations=5284 (full 7):
 par new generation   total 38080K, used 33958K [0x0000000085600000, 0x0000000087f50000, 0x000000009a2c0000)
  eden space 33856K, 100% used [0x0000000085600000, 0x0000000087710000, 0x0000000087710000)
  from space 4224K,   2% used [0x0000000087710000, 0x0000000087729908, 0x0000000087b30000)
  to   space 4224K,   0% used [0x0000000087b30000, 0x0000000087b30000, 0x0000000087f50000)
 concurrent mark-sweep generation total 137704K, used 83167K [0x000000009a2c0000, 0x00000000a293a000, 0x0000000100000000)
 Metaspace       used 111731K, capacity 118337K, committed 120492K, reserved 1155072K
  class space    used 13542K, capacity 14759K, committed 15328K, reserved 1048576K
2021-02-02T08:15:55.151+0000: 511815.324: [GC (Allocation Failure) 2021-02-02T08:15:55.151+0000: 511815.325: [ParNew
Desired survivor size 2162688 bytes, new threshold 6 (max 6)
- age   1:      96024 bytes,      96024 total
- age   2:         32 bytes,      96056 total
- age   5:        360 bytes,      96416 total
: 33958K->98K(38080K), 0.0047974 secs] 117125K->83266K(175784K), 0.0050345 secs] [Times: user=0.01 sys=0.00, real=0.01 secs] 
Heap after GC invocations=5285 (full 7):
 par new generation   total 38080K, used 98K [0x0000000085600000, 0x0000000087f50000, 0x000000009a2c0000)
  eden space 33856K,   0% used [0x0000000085600000, 0x0000000085600000, 0x0000000087710000)
  from space 4224K,   2% used [0x0000000087b30000, 0x0000000087b48b20, 0x0000000087f50000)
  to   space 4224K,   0% used [0x0000000087710000, 0x0000000087710000, 0x0000000087b30000)
 concurrent mark-sweep generation total 137704K, used 83167K [0x000000009a2c0000, 0x00000000a293a000, 0x0000000100000000)
 Metaspace       used 111731K, capacity 118337K, committed 120492K, reserved 1155072K
  class space    used 13542K, capacity 14759K, committed 15328K, reserved 1048576K
}
2021-02-02T08:15:55.157+0000: 511815.330: Total time for which application threads were stopped: 0.0056572 seconds, Stopping threads took: 0.0000666 seconds
{Heap before GC invocations=5285 (full 7):
 par new generation   total 38080K, used 33954K [0x0000000085600000, 0x0000000087f50000, 0x000000009a2c0000)
  eden space 33856K, 100% used [0x0000000085600000, 0x0000000087710000, 0x0000000087710000)
  from space 4224K,   2% used [0x0000000087b30000, 0x0000000087b48b20, 0x0000000087f50000)
  to   space 4224K,   0% used [0x0000000087710000, 0x0000000087710000, 0x0000000087b30000)
 concurrent mark-sweep generation total 137704K, used 83167K [0x000000009a2c0000, 0x00000000a293a000, 0x0000000100000000)
 Metaspace       used 111731K, capacity 118337K, committed 120492K, reserved 1155072K
  class space    used 13542K, capacity 14759K, committed 15328K, reserved 1048576K
2021-02-02T08:17:43.689+0000: 511923.862: [GC (Allocation Failure) 2021-02-02T08:17:43.689+0000: 511923.862: [ParNew
Desired survivor size 2162688 bytes, new threshold 6 (max 6)
- age   1:      25624 bytes,      25624 total
- age   2:        296 bytes,      25920 total
- age   3:         32 bytes,      25952 total
- age   6:        360 bytes,      26312 total
: 33954K->30K(38080K), 0.0048506 secs] 117122K->83198K(175784K), 0.0051195 secs] [Times: user=0.02 sys=0.00, real=0.01 secs] 
Heap after GC invocations=5286 (full 7):
 par new generation   total 38080K, used 30K [0x0000000085600000, 0x0000000087f50000, 0x000000009a2c0000)
  eden space 33856K,   0% used [0x0000000085600000, 0x0000000085600000, 0x0000000087710000)
  from space 4224K,   0% used [0x0000000087710000, 0x0000000087717b58, 0x0000000087b30000)
  to   space 4224K,   0% used [0x0000000087b30000, 0x0000000087b30000, 0x0000000087f50000)
 concurrent mark-sweep generation total 137704K, used 83167K [0x000000009a2c0000, 0x00000000a293a000, 0x0000000100000000)
 Metaspace       used 111731K, capacity 118337K, committed 120492K, reserved 1155072K
  class space    used 13542K, capacity 14759K, committed 15328K, reserved 1048576K
}
2021-02-02T08:17:43.694+0000: 511923.867: Total time for which application threads were stopped: 0.0059596 seconds, Stopping threads took: 0.0002130 seconds
{Heap before GC invocations=5286 (full 7):
 par new generation   total 38080K, used 33886K [0x0000000085600000, 0x0000000087f50000, 0x000000009a2c0000)
  eden space 33856K, 100% used [0x0000000085600000, 0x0000000087710000, 0x0000000087710000)
  from space 4224K,   0% used [0x0000000087710000, 0x0000000087717b58, 0x0000000087b30000)
  to   space 4224K,   0% used [0x0000000087b30000, 0x0000000087b30000, 0x0000000087f50000)
 concurrent mark-sweep generation total 137704K, used 83167K [0x000000009a2c0000, 0x00000000a293a000, 0x0000000100000000)
 Metaspace       used 111731K, capacity 118337K, committed 120492K, reserved 1155072K
  class space    used 13542K, capacity 14759K, committed 15328K, reserved 1048576K
2021-02-02T08:19:32.354+0000: 512032.527: [GC (Allocation Failure) 2021-02-02T08:19:32.354+0000: 512032.527: [ParNew
Desired survivor size 2162688 bytes, new threshold 6 (max 6)
- age   1:      26032 bytes,      26032 total
- age   3:        128 bytes,      26160 total
- age   4:         32 bytes,      26192 total
: 33886K->27K(38080K), 0.0064888 secs] 117054K->83195K(175784K), 0.0067191 secs] [Times: user=0.02 sys=0.00, real=0.00 secs] 
Heap after GC invocations=5287 (full 7):
 par new generation   total 38080K, used 27K [0x0000000085600000, 0x0000000087f50000, 0x000000009a2c0000)
  eden space 33856K,   0% used [0x0000000085600000, 0x0000000085600000, 0x0000000087710000)
  from space 4224K,   0% used [0x0000000087b30000, 0x0000000087b36df8, 0x0000000087f50000)
  to   space 4224K,   0% used [0x0000000087710000, 0x0000000087710000, 0x0000000087b30000)
 concurrent mark-sweep generation total 137704K, used 83167K [0x000000009a2c0000, 0x00000000a293a000, 0x0000000100000000)
 Metaspace       used 111731K, capacity 118337K, committed 120492K, reserved 1155072K
  class space    used 13542K, capacity 14759K, committed 15328K, reserved 1048576K
}
2021-02-02T08:19:32.361+0000: 512032.534: Total time for which application threads were stopped: 0.0073120 seconds, Stopping threads took: 0.0000679 seconds
{Heap before GC invocations=5287 (full 7):
 par new generation   total 38080K, used 33883K [0x0000000085600000, 0x0000000087f50000, 0x000000009a2c0000)
  eden space 33856K, 100% used [0x0000000085600000, 0x0000000087710000, 0x0000000087710000)
  from space 4224K,   0% used [0x0000000087b30000, 0x0000000087b36df8, 0x0000000087f50000)
  to   space 4224K,   0% used [0x0000000087710000, 0x0000000087710000, 0x0000000087b30000)
 concurrent mark-sweep generation total 137704K, used 83167K [0x000000009a2c0000, 0x00000000a293a000, 0x0000000100000000)
 Metaspace       used 111731K, capacity 118337K, committed 120492K, reserved 1155072K
  class space    used 13542K, capacity 14759K, committed 15328K, reserved 1048576K
2021-02-02T08:21:21.080+0000: 512141.253: [GC (Allocation Failure) 2021-02-02T08:21:21.080+0000: 512141.253: [ParNew
Desired survivor size 2162688 bytes, new threshold 6 (max 6)
- age   1:      25784 bytes,      25784 total
- age   2:        120 bytes,      25904 total
- age   4:        128 bytes,      26032 total
: 33883K->27K(38080K), 0.0152196 secs] 117051K->83195K(175784K), 0.0156330 secs] [Times: user=0.02 sys=0.00, real=0.02 secs] 
Heap after GC invocations=5288 (full 7):
 par new generation   total 38080K, used 27K [0x0000000085600000, 0x0000000087f50000, 0x000000009a2c0000)
  eden space 33856K,   0% used [0x0000000085600000, 0x0000000085600000, 0x0000000087710000)
  from space 4224K,   0% used [0x0000000087710000, 0x0000000087716f98, 0x0000000087b30000)
  to   space 4224K,   0% used [0x0000000087b30000, 0x0000000087b30000, 0x0000000087f50000)
 concurrent mark-sweep generation total 137704K, used 83167K [0x000000009a2c0000, 0x00000000a293a000, 0x0000000100000000)
 Metaspace       used 111731K, capacity 118337K, committed 120492K, reserved 1155072K
  class space    used 13542K, capacity 14759K, committed 15328K, reserved 1048576K
}
2021-02-02T08:21:21.096+0000: 512141.269: Total time for which application threads were stopped: 0.0169123 seconds, Stopping threads took: 0.0001174 seconds
{Heap before GC invocations=5288 (full 7):
 par new generation   total 38080K, used 33883K [0x0000000085600000, 0x0000000087f50000, 0x000000009a2c0000)
  eden space 33856K, 100% used [0x0000000085600000, 0x0000000087710000, 0x0000000087710000)
  from space 4224K,   0% used [0x0000000087710000, 0x0000000087716f98, 0x0000000087b30000)
  to   space 4224K,   0% used [0x0000000087b30000, 0x0000000087b30000, 0x0000000087f50000)
 concurrent mark-sweep generation total 137704K, used 83167K [0x000000009a2c0000, 0x00000000a293a000, 0x0000000100000000)
 Metaspace       used 111731K, capacity 118337K, committed 120492K, reserved 1155072K
  class space    used 13542K, capacity 14759K, committed 15328K, reserved 1048576K
2021-02-02T08:23:11.994+0000: 512252.167: [GC (Allocation Failure) 2021-02-02T08:23:11.995+0000: 512252.168: [ParNew
Desired survivor size 2162688 bytes, new threshold 6 (max 6)
- age   1:      30160 bytes,      30160 total
- age   2:        184 bytes,      30344 total
- age   5:        128 bytes,      30472 total
: 33883K->31K(38080K), 0.0045488 secs] 117051K->83199K(175784K), 0.0048157 secs] [Times: user=0.01 sys=0.01, real=0.00 secs] 
Heap after GC invocations=5289 (full 7):
 par new generation   total 38080K, used 31K [0x0000000085600000, 0x0000000087f50000, 0x000000009a2c0000)
  eden space 33856K,   0% used [0x0000000085600000, 0x0000000085600000, 0x0000000087710000)
  from space 4224K,   0% used [0x0000000087b30000, 0x0000000087b37e18, 0x0000000087f50000)
  to   space 4224K,   0% used [0x0000000087710000, 0x0000000087710000, 0x0000000087b30000)
 concurrent mark-sweep generation total 137704K, used 83167K [0x000000009a2c0000, 0x00000000a293a000, 0x0000000100000000)
 Metaspace       used 111731K, capacity 118337K, committed 120492K, reserved 1155072K
  class space    used 13542K, capacity 14759K, committed 15328K, reserved 1048576K
}
2021-02-02T08:23:11.999+0000: 512252.172: Total time for which application threads were stopped: 0.0065245 seconds, Stopping threads took: 0.0010988 seconds
{Heap before GC invocations=5289 (full 7):
 par new generation   total 38080K, used 33887K [0x0000000085600000, 0x0000000087f50000, 0x000000009a2c0000)
  eden space 33856K, 100% used [0x0000000085600000, 0x0000000087710000, 0x0000000087710000)
  from space 4224K,   0% used [0x0000000087b30000, 0x0000000087b37e18, 0x0000000087f50000)
  to   space 4224K,   0% used [0x0000000087710000, 0x0000000087710000, 0x0000000087b30000)
 concurrent mark-sweep generation total 137704K, used 83167K [0x000000009a2c0000, 0x00000000a293a000, 0x0000000100000000)
 Metaspace       used 111731K, capacity 118337K, committed 120492K, reserved 1155072K
  class space    used 13542K, capacity 14759K, committed 15328K, reserved 1048576K
2021-02-02T08:24:59.304+0000: 512359.477: [GC (Allocation Failure) 2021-02-02T08:24:59.304+0000: 512359.477: [ParNew
Desired survivor size 2162688 bytes, new threshold 6 (max 6)
- age   1:      63992 bytes,      63992 total
- age   6:        128 bytes,      64120 total
: 33887K->65K(38080K), 0.0045320 secs] 117055K->83233K(175784K), 0.0047805 secs] [Times: user=0.02 sys=0.00, real=0.00 secs] 
Heap after GC invocations=5290 (full 7):
 par new generation   total 38080K, used 65K [0x0000000085600000, 0x0000000087f50000, 0x000000009a2c0000)
  eden space 33856K,   0% used [0x0000000085600000, 0x0000000085600000, 0x0000000087710000)
  from space 4224K,   1% used [0x0000000087710000, 0x00000000877207b0, 0x0000000087b30000)
  to   space 4224K,   0% used [0x0000000087b30000, 0x0000000087b30000, 0x0000000087f50000)
 concurrent mark-sweep generation total 137704K, used 83167K [0x000000009a2c0000, 0x00000000a293a000, 0x0000000100000000)
 Metaspace       used 111731K, capacity 118337K, committed 120492K, reserved 1155072K
  class space    used 13542K, capacity 14759K, committed 15328K, reserved 1048576K
}
2021-02-02T08:24:59.309+0000: 512359.482: Total time for which application threads were stopped: 0.0053784 seconds, Stopping threads took: 0.0000662 seconds
{Heap before GC invocations=5290 (full 7):
 par new generation   total 38080K, used 33921K [0x0000000085600000, 0x0000000087f50000, 0x000000009a2c0000)
  eden space 33856K, 100% used [0x0000000085600000, 0x0000000087710000, 0x0000000087710000)
  from space 4224K,   1% used [0x0000000087710000, 0x00000000877207b0, 0x0000000087b30000)
  to   space 4224K,   0% used [0x0000000087b30000, 0x0000000087b30000, 0x0000000087f50000)
 concurrent mark-sweep generation total 137704K, used 83167K [0x000000009a2c0000, 0x00000000a293a000, 0x0000000100000000)
 Metaspace       used 111731K, capacity 118337K, committed 120492K, reserved 1155072K
  class space    used 13542K, capacity 14759K, committed 15328K, reserved 1048576K
2021-02-02T08:26:46.616+0000: 512466.789: [GC (Allocation Failure) 2021-02-02T08:26:46.616+0000: 512466.789: [ParNew
Desired survivor size 2162688 bytes, new threshold 6 (max 6)
- age   1:     125800 bytes,     125800 total
- age   2:        184 bytes,     125984 total
: 33921K->126K(38080K), 0.0048936 secs] 117089K->83294K(175784K), 0.0052148 secs] [Times: user=0.01 sys=0.01, real=0.00 secs] 
Heap after GC invocations=5291 (full 7):
 par new generation   total 38080K, used 126K [0x0000000085600000, 0x0000000087f50000, 0x000000009a2c0000)
  eden space 33856K,   0% used [0x0000000085600000, 0x0000000085600000, 0x0000000087710000)
  from space 4224K,   2% used [0x0000000087b30000, 0x0000000087b4f918, 0x0000000087f50000)
  to   space 4224K,   0% used [0x0000000087710000, 0x0000000087710000, 0x0000000087b30000)
 concurrent mark-sweep generation total 137704K, used 83167K [0x000000009a2c0000, 0x00000000a293a000, 0x0000000100000000)
 Metaspace       used 111731K, capacity 118337K, committed 120492K, reserved 1155072K
  class space    used 13542K, capacity 14759K, committed 15328K, reserved 1048576K
}
2021-02-02T08:26:46.622+0000: 512466.795: Total time for which application threads were stopped: 0.0061530 seconds, Stopping threads took: 0.0000962 seconds
{Heap before GC invocations=5291 (full 7):
 par new generation   total 38080K, used 33982K [0x0000000085600000, 0x0000000087f50000, 0x000000009a2c0000)
  eden space 33856K, 100% used [0x0000000085600000, 0x0000000087710000, 0x0000000087710000)
  from space 4224K,   2% used [0x0000000087b30000, 0x0000000087b4f918, 0x0000000087f50000)
  to   space 4224K,   0% used [0x0000000087710000, 0x0000000087710000, 0x0000000087b30000)
 concurrent mark-sweep generation total 137704K, used 83167K [0x000000009a2c0000, 0x00000000a293a000, 0x0000000100000000)
 Metaspace       used 111731K, capacity 118337K, committed 120492K, reserved 1155072K
  class space    used 13542K, capacity 14759K, committed 15328K, reserved 1048576K
2021-02-02T08:28:36.735+0000: 512576.908: [GC (Allocation Failure) 2021-02-02T08:28:36.735+0000: 512576.908: [ParNew
Desired survivor size 2162688 bytes, new threshold 6 (max 6)
- age   1:      25712 bytes,      25712 total
- age   3:         32 bytes,      25744 total
: 33982K->29K(38080K), 0.0049121 secs] 117150K->83197K(175784K), 0.0051447 secs] [Times: user=0.01 sys=0.01, real=0.00 secs] 
Heap after GC invocations=5292 (full 7):
 par new generation   total 38080K, used 29K [0x0000000085600000, 0x0000000087f50000, 0x000000009a2c0000)
  eden space 33856K,   0% used [0x0000000085600000, 0x0000000085600000, 0x0000000087710000)
  from space 4224K,   0% used [0x0000000087710000, 0x0000000087717608, 0x0000000087b30000)
  to   space 4224K,   0% used [0x0000000087b30000, 0x0000000087b30000, 0x0000000087f50000)
 concurrent mark-sweep generation total 137704K, used 83167K [0x000000009a2c0000, 0x00000000a293a000, 0x0000000100000000)
 Metaspace       used 111731K, capacity 118337K, committed 120492K, reserved 1155072K
  class space    used 13542K, capacity 14759K, committed 15328K, reserved 1048576K
}
2021-02-02T08:28:36.740+0000: 512576.913: Total time for which application threads were stopped: 0.0057662 seconds, Stopping threads took: 0.0000683 seconds
{Heap before GC invocations=5292 (full 7):
 par new generation   total 38080K, used 33885K [0x0000000085600000, 0x0000000087f50000, 0x000000009a2c0000)
  eden space 33856K, 100% used [0x0000000085600000, 0x0000000087710000, 0x0000000087710000)
  from space 4224K,   0% used [0x0000000087710000, 0x0000000087717608, 0x0000000087b30000)
  to   space 4224K,   0% used [0x0000000087b30000, 0x0000000087b30000, 0x0000000087f50000)
 concurrent mark-sweep generation total 137704K, used 83167K [0x000000009a2c0000, 0x00000000a293a000, 0x0000000100000000)
 Metaspace       used 111731K, capacity 118337K, committed 120492K, reserved 1155072K
  class space    used 13542K, capacity 14759K, committed 15328K, reserved 1048576K
2021-02-02T08:30:25.320+0000: 512685.493: [GC (Allocation Failure) 2021-02-02T08:30:25.320+0000: 512685.493: [ParNew
Desired survivor size 2162688 bytes, new threshold 6 (max 6)
- age   1:      25776 bytes,      25776 total
- age   2:        120 bytes,      25896 total
- age   4:         32 bytes,      25928 total
: 33885K->29K(38080K), 0.0058335 secs] 117053K->83197K(175784K), 0.0073116 secs] [Times: user=0.01 sys=0.00, real=0.01 secs] 
Heap after GC invocations=5293 (full 7):
 par new generation   total 38080K, used 29K [0x0000000085600000, 0x0000000087f50000, 0x000000009a2c0000)
  eden space 33856K,   0% used [0x0000000085600000, 0x0000000085600000, 0x0000000087710000)
  from space 4224K,   0% used [0x0000000087b30000, 0x0000000087b37680, 0x0000000087f50000)
  to   space 4224K,   0% used [0x0000000087710000, 0x0000000087710000, 0x0000000087b30000)
 concurrent mark-sweep generation total 137704K, used 83167K [0x000000009a2c0000, 0x00000000a293a000, 0x0000000100000000)
 Metaspace       used 111731K, capacity 118337K, committed 120492K, reserved 1155072K
  class space    used 13542K, capacity 14759K, committed 15328K, reserved 1048576K
}
2021-02-02T08:30:25.327+0000: 512685.501: Total time for which application threads were stopped: 0.0082378 seconds, Stopping threads took: 0.0000655 seconds
{Heap before GC invocations=5293 (full 7):
 par new generation   total 38080K, used 33885K [0x0000000085600000, 0x0000000087f50000, 0x000000009a2c0000)
  eden space 33856K, 100% used [0x0000000085600000, 0x0000000087710000, 0x0000000087710000)
  from space 4224K,   0% used [0x0000000087b30000, 0x0000000087b37680, 0x0000000087f50000)
  to   space 4224K,   0% used [0x0000000087710000, 0x0000000087710000, 0x0000000087b30000)
 concurrent mark-sweep generation total 137704K, used 83167K [0x000000009a2c0000, 0x00000000a293a000, 0x0000000100000000)
 Metaspace       used 111731K, capacity 118337K, committed 120492K, reserved 1155072K
  class space    used 13542K, capacity 14759K, committed 15328K, reserved 1048576K
2021-02-02T08:32:16.648+0000: 512796.821: [GC (Allocation Failure) 2021-02-02T08:32:16.648+0000: 512796.821: [ParNew
Desired survivor size 2162688 bytes, new threshold 6 (max 6)
- age   1:      32040 bytes,      32040 total
- age   2:        152 bytes,      32192 total
: 33885K->37K(38080K), 0.0055453 secs] 117053K->83205K(175784K), 0.0058926 secs] [Times: user=0.02 sys=0.00, real=0.01 secs] 
Heap after GC invocations=5294 (full 7):
 par new generation   total 38080K, used 37K [0x0000000085600000, 0x0000000087f50000, 0x000000009a2c0000)
  eden space 33856K,   0% used [0x0000000085600000, 0x0000000085600000, 0x0000000087710000)
  from space 4224K,   0% used [0x0000000087710000, 0x0000000087719648, 0x0000000087b30000)
  to   space 4224K,   0% used [0x0000000087b30000, 0x0000000087b30000, 0x0000000087f50000)
 concurrent mark-sweep generation total 137704K, used 83167K [0x000000009a2c0000, 0x00000000a293a000, 0x0000000100000000)
 Metaspace       used 111731K, capacity 118337K, committed 120492K, reserved 1155072K
  class space    used 13542K, capacity 14759K, committed 15328K, reserved 1048576K
}
2021-02-02T08:32:16.654+0000: 512796.827: Total time for which application threads were stopped: 0.0068273 seconds, Stopping threads took: 0.0001437 seconds
{Heap before GC invocations=5294 (full 7):
 par new generation   total 38080K, used 33893K [0x0000000085600000, 0x0000000087f50000, 0x000000009a2c0000)
  eden space 33856K, 100% used [0x0000000085600000, 0x0000000087710000, 0x0000000087710000)
  from space 4224K,   0% used [0x0000000087710000, 0x0000000087719648, 0x0000000087b30000)
  to   space 4224K,   0% used [0x0000000087b30000, 0x0000000087b30000, 0x0000000087f50000)
 concurrent mark-sweep generation total 137704K, used 83167K [0x000000009a2c0000, 0x00000000a293a000, 0x0000000100000000)
 Metaspace       used 111731K, capacity 118337K, committed 120492K, reserved 1155072K
  class space    used 13542K, capacity 14759K, committed 15328K, reserved 1048576K
2021-02-02T08:34:04.521+0000: 512904.694: [GC (Allocation Failure) 2021-02-02T08:34:04.521+0000: 512904.694: [ParNew
Desired survivor size 2162688 bytes, new threshold 6 (max 6)
- age   1:      30240 bytes,      30240 total
- age   2:         32 bytes,      30272 total
: 33893K->34K(38080K), 0.0090840 secs] 117061K->83202K(175784K), 0.0093834 secs] [Times: user=0.02 sys=0.00, real=0.01 secs] 
Heap after GC invocations=5295 (full 7):
 par new generation   total 38080K, used 34K [0x0000000085600000, 0x0000000087f50000, 0x000000009a2c0000)
  eden space 33856K,   0% used [0x0000000085600000, 0x0000000085600000, 0x0000000087710000)
  from space 4224K,   0% used [0x0000000087b30000, 0x0000000087b38898, 0x0000000087f50000)
  to   space 4224K,   0% used [0x0000000087710000, 0x0000000087710000, 0x0000000087b30000)
 concurrent mark-sweep generation total 137704K, used 83167K [0x000000009a2c0000, 0x00000000a293a000, 0x0000000100000000)
 Metaspace       used 111731K, capacity 118337K, committed 120492K, reserved 1155072K
  class space    used 13542K, capacity 14759K, committed 15328K, reserved 1048576K
}
2021-02-02T08:34:04.531+0000: 512904.704: Total time for which application threads were stopped: 0.0103621 seconds, Stopping threads took: 0.0001371 seconds
{Heap before GC invocations=5295 (full 7):
 par new generation   total 38080K, used 33890K [0x0000000085600000, 0x0000000087f50000, 0x000000009a2c0000)
  eden space 33856K, 100% used [0x0000000085600000, 0x0000000087710000, 0x0000000087710000)
  from space 4224K,   0% used [0x0000000087b30000, 0x0000000087b38898, 0x0000000087f50000)
  to   space 4224K,   0% used [0x0000000087710000, 0x0000000087710000, 0x0000000087b30000)
 concurrent mark-sweep generation total 137704K, used 83167K [0x000000009a2c0000, 0x00000000a293a000, 0x0000000100000000)
 Metaspace       used 111731K, capacity 118337K, committed 120492K, reserved 1155072K
  class space    used 13542K, capacity 14759K, committed 15328K, reserved 1048576K
2021-02-02T08:35:51.606+0000: 513011.779: [GC (Allocation Failure) 2021-02-02T08:35:51.606+0000: 513011.779: [ParNew
Desired survivor size 2162688 bytes, new threshold 6 (max 6)
- age   1:     131312 bytes,     131312 total
- age   2:        152 bytes,     131464 total
: 33890K->132K(38080K), 0.0106178 secs] 117058K->83300K(175784K), 0.0108710 secs] [Times: user=0.03 sys=0.00, real=0.01 secs] 
Heap after GC invocations=5296 (full 7):
 par new generation   total 38080K, used 132K [0x0000000085600000, 0x0000000087f50000, 0x000000009a2c0000)
  eden space 33856K,   0% used [0x0000000085600000, 0x0000000085600000, 0x0000000087710000)
  from space 4224K,   3% used [0x0000000087710000, 0x0000000087731348, 0x0000000087b30000)
  to   space 4224K,   0% used [0x0000000087b30000, 0x0000000087b30000, 0x0000000087f50000)
 concurrent mark-sweep generation total 137704K, used 83167K [0x000000009a2c0000, 0x00000000a293a000, 0x0000000100000000)
 Metaspace       used 111731K, capacity 118337K, committed 120492K, reserved 1155072K
  class space    used 13542K, capacity 14759K, committed 15328K, reserved 1048576K
}
2021-02-02T08:35:51.617+0000: 513011.790: Total time for which application threads were stopped: 0.0114905 seconds, Stopping threads took: 0.0000705 seconds
{Heap before GC invocations=5296 (full 7):
 par new generation   total 38080K, used 33988K [0x0000000085600000, 0x0000000087f50000, 0x000000009a2c0000)
  eden space 33856K, 100% used [0x0000000085600000, 0x0000000087710000, 0x0000000087710000)
  from space 4224K,   3% used [0x0000000087710000, 0x0000000087731348, 0x0000000087b30000)
  to   space 4224K,   0% used [0x0000000087b30000, 0x0000000087b30000, 0x0000000087f50000)
 concurrent mark-sweep generation total 137704K, used 83167K [0x000000009a2c0000, 0x00000000a293a000, 0x0000000100000000)
 Metaspace       used 111737K, capacity 118337K, committed 120492K, reserved 1155072K
  class space    used 13542K, capacity 14759K, committed 15328K, reserved 1048576K
2021-02-02T08:37:40.343+0000: 513120.516: [GC (Allocation Failure) 2021-02-02T08:37:40.343+0000: 513120.516: [ParNew
Desired survivor size 2162688 bytes, new threshold 6 (max 6)
- age   1:      27024 bytes,      27024 total
- age   2:        200 bytes,      27224 total
: 33988K->30K(38080K), 0.0049376 secs] 117156K->83198K(175784K), 0.0051839 secs] [Times: user=0.02 sys=0.00, real=0.01 secs] 
Heap after GC invocations=5297 (full 7):
 par new generation   total 38080K, used 30K [0x0000000085600000, 0x0000000087f50000, 0x000000009a2c0000)
  eden space 33856K,   0% used [0x0000000085600000, 0x0000000085600000, 0x0000000087710000)
  from space 4224K,   0% used [0x0000000087b30000, 0x0000000087b37920, 0x0000000087f50000)
  to   space 4224K,   0% used [0x0000000087710000, 0x0000000087710000, 0x0000000087b30000)
 concurrent mark-sweep generation total 137704K, used 83167K [0x000000009a2c0000, 0x00000000a293a000, 0x0000000100000000)
 Metaspace       used 111737K, capacity 118337K, committed 120492K, reserved 1155072K
  class space    used 13542K, capacity 14759K, committed 15328K, reserved 1048576K
}
2021-02-02T08:37:40.348+0000: 513120.521: Total time for which application threads were stopped: 0.0059884 seconds, Stopping threads took: 0.0002523 seconds
{Heap before GC invocations=5297 (full 7):
 par new generation   total 38080K, used 33886K [0x0000000085600000, 0x0000000087f50000, 0x000000009a2c0000)
  eden space 33856K, 100% used [0x0000000085600000, 0x0000000087710000, 0x0000000087710000)
  from space 4224K,   0% used [0x0000000087b30000, 0x0000000087b37920, 0x0000000087f50000)
  to   space 4224K,   0% used [0x0000000087710000, 0x0000000087710000, 0x0000000087b30000)
 concurrent mark-sweep generation total 137704K, used 83167K [0x000000009a2c0000, 0x00000000a293a000, 0x0000000100000000)
 Metaspace       used 111738K, capacity 118337K, committed 120492K, reserved 1155072K
  class space    used 13542K, capacity 14759K, committed 15328K, reserved 1048576K
2021-02-02T08:39:29.123+0000: 513229.296: [GC (Allocation Failure) 2021-02-02T08:39:29.123+0000: 513229.296: [ParNew
Desired survivor size 2162688 bytes, new threshold 6 (max 6)
- age   1:      26896 bytes,      26896 total
- age   2:        720 bytes,      27616 total
- age   3:         32 bytes,      27648 total
: 33886K->31K(38080K), 0.0049456 secs] 117054K->83199K(175784K), 0.0051792 secs] [Times: user=0.02 sys=0.00, real=0.01 secs] 
Heap after GC invocations=5298 (full 7):
 par new generation   total 38080K, used 31K [0x0000000085600000, 0x0000000087f50000, 0x000000009a2c0000)
  eden space 33856K,   0% used [0x0000000085600000, 0x0000000085600000, 0x0000000087710000)
  from space 4224K,   0% used [0x0000000087710000, 0x0000000087717e18, 0x0000000087b30000)
  to   space 4224K,   0% used [0x0000000087b30000, 0x0000000087b30000, 0x0000000087f50000)
 concurrent mark-sweep generation total 137704K, used 83167K [0x000000009a2c0000, 0x00000000a293a000, 0x0000000100000000)
 Metaspace       used 111738K, capacity 118337K, committed 120492K, reserved 1155072K
  class space    used 13542K, capacity 14759K, committed 15328K, reserved 1048576K
}
2021-02-02T08:39:29.128+0000: 513229.301: Total time for which application threads were stopped: 0.0060525 seconds, Stopping threads took: 0.0001641 seconds
{Heap before GC invocations=5298 (full 7):
 par new generation   total 38080K, used 33887K [0x0000000085600000, 0x0000000087f50000, 0x000000009a2c0000)
  eden space 33856K, 100% used [0x0000000085600000, 0x0000000087710000, 0x0000000087710000)
  from space 4224K,   0% used [0x0000000087710000, 0x0000000087717e18, 0x0000000087b30000)
  to   space 4224K,   0% used [0x0000000087b30000, 0x0000000087b30000, 0x0000000087f50000)
 concurrent mark-sweep generation total 137704K, used 83167K [0x000000009a2c0000, 0x00000000a293a000, 0x0000000100000000)
 Metaspace       used 111738K, capacity 118337K, committed 120492K, reserved 1155072K
  class space    used 13542K, capacity 14759K, committed 15328K, reserved 1048576K
2021-02-02T08:41:17.934+0000: 513338.107: [GC (Allocation Failure) 2021-02-02T08:41:17.934+0000: 513338.107: [ParNew
Desired survivor size 2162688 bytes, new threshold 6 (max 6)
- age   1:      25056 bytes,      25056 total
- age   2:        152 bytes,      25208 total
- age   3:        720 bytes,      25928 total
- age   4:         32 bytes,      25960 total
: 33887K->29K(38080K), 0.0110802 secs] 117055K->83197K(175784K), 0.0113177 secs] [Times: user=0.03 sys=0.00, real=0.01 secs] 
Heap after GC invocations=5299 (full 7):
 par new generation   total 38080K, used 29K [0x0000000085600000, 0x0000000087f50000, 0x000000009a2c0000)
  eden space 33856K,   0% used [0x0000000085600000, 0x0000000085600000, 0x0000000087710000)
  from space 4224K,   0% used [0x0000000087b30000, 0x0000000087b37728, 0x0000000087f50000)
  to   space 4224K,   0% used [0x0000000087710000, 0x0000000087710000, 0x0000000087b30000)
 concurrent mark-sweep generation total 137704K, used 83167K [0x000000009a2c0000, 0x00000000a293a000, 0x0000000100000000)
 Metaspace       used 111738K, capacity 118337K, committed 120492K, reserved 1155072K
  class space    used 13542K, capacity 14759K, committed 15328K, reserved 1048576K
}
2021-02-02T08:41:17.945+0000: 513338.118: Total time for which application threads were stopped: 0.0121570 seconds, Stopping threads took: 0.0001779 seconds
{Heap before GC invocations=5299 (full 7):
 par new generation   total 38080K, used 33885K [0x0000000085600000, 0x0000000087f50000, 0x000000009a2c0000)
  eden space 33856K, 100% used [0x0000000085600000, 0x0000000087710000, 0x0000000087710000)
  from space 4224K,   0% used [0x0000000087b30000, 0x0000000087b37728, 0x0000000087f50000)
  to   space 4224K,   0% used [0x0000000087710000, 0x0000000087710000, 0x0000000087b30000)
 concurrent mark-sweep generation total 137704K, used 83167K [0x000000009a2c0000, 0x00000000a293a000, 0x0000000100000000)
 Metaspace       used 111738K, capacity 118337K, committed 120492K, reserved 1155072K
  class space    used 13542K, capacity 14759K, committed 15328K, reserved 1048576K
2021-02-02T08:43:08.666+0000: 513448.839: [GC (Allocation Failure) 2021-02-02T08:43:08.666+0000: 513448.839: [ParNew
Desired survivor size 2162688 bytes, new threshold 6 (max 6)
- age   1:      31464 bytes,      31464 total
- age   2:         64 bytes,      31528 total
- age   3:         32 bytes,      31560 total
- age   4:        720 bytes,      32280 total
- age   5:         32 bytes,      32312 total
: 33885K->35K(38080K), 0.0066990 secs] 117053K->83203K(175784K), 0.0070030 secs] [Times: user=0.02 sys=0.00, real=0.01 secs] 
Heap after GC invocations=5300 (full 7):
 par new generation   total 38080K, used 35K [0x0000000085600000, 0x0000000087f50000, 0x000000009a2c0000)
  eden space 33856K,   0% used [0x0000000085600000, 0x0000000085600000, 0x0000000087710000)
  from space 4224K,   0% used [0x0000000087710000, 0x0000000087718df8, 0x0000000087b30000)
  to   space 4224K,   0% used [0x0000000087b30000, 0x0000000087b30000, 0x0000000087f50000)
 concurrent mark-sweep generation total 137704K, used 83167K [0x000000009a2c0000, 0x00000000a293a000, 0x0000000100000000)
 Metaspace       used 111738K, capacity 118337K, committed 120492K, reserved 1155072K
  class space    used 13542K, capacity 14759K, committed 15328K, reserved 1048576K
}
2021-02-02T08:43:08.673+0000: 513448.846: Total time for which application threads were stopped: 0.0078237 seconds, Stopping threads took: 0.0001512 seconds
{Heap before GC invocations=5300 (full 7):
 par new generation   total 38080K, used 33891K [0x0000000085600000, 0x0000000087f50000, 0x000000009a2c0000)
  eden space 33856K, 100% used [0x0000000085600000, 0x0000000087710000, 0x0000000087710000)
  from space 4224K,   0% used [0x0000000087710000, 0x0000000087718df8, 0x0000000087b30000)
  to   space 4224K,   0% used [0x0000000087b30000, 0x0000000087b30000, 0x0000000087f50000)
 concurrent mark-sweep generation total 137704K, used 83167K [0x000000009a2c0000, 0x00000000a293a000, 0x0000000100000000)
 Metaspace       used 111738K, capacity 118337K, committed 120492K, reserved 1155072K
  class space    used 13542K, capacity 14759K, committed 15328K, reserved 1048576K
2021-02-02T08:44:55.689+0000: 513555.862: [GC (Allocation Failure) 2021-02-02T08:44:55.689+0000: 513555.862: [ParNew
Desired survivor size 2162688 bytes, new threshold 6 (max 6)
- age   1:      95904 bytes,      95904 total
- age   5:        720 bytes,      96624 total
- age   6:         32 bytes,      96656 total
: 33891K->97K(38080K), 0.0046745 secs] 117059K->83265K(175784K), 0.0049144 secs] [Times: user=0.02 sys=0.00, real=0.01 secs] 
Heap after GC invocations=5301 (full 7):
 par new generation   total 38080K, used 97K [0x0000000085600000, 0x0000000087f50000, 0x000000009a2c0000)
  eden space 33856K,   0% used [0x0000000085600000, 0x0000000085600000, 0x0000000087710000)
  from space 4224K,   2% used [0x0000000087b30000, 0x0000000087b485d8, 0x0000000087f50000)
  to   space 4224K,   0% used [0x0000000087710000, 0x0000000087710000, 0x0000000087b30000)
 concurrent mark-sweep generation total 137704K, used 83167K [0x000000009a2c0000, 0x00000000a293a000, 0x0000000100000000)
 Metaspace       used 111738K, capacity 118337K, committed 120492K, reserved 1155072K
  class space    used 13542K, capacity 14759K, committed 15328K, reserved 1048576K
}
2021-02-02T08:44:55.694+0000: 513555.867: Total time for which application threads were stopped: 0.0057360 seconds, Stopping threads took: 0.0001189 seconds
{Heap before GC invocations=5301 (full 7):
 par new generation   total 38080K, used 33953K [0x0000000085600000, 0x0000000087f50000, 0x000000009a2c0000)
  eden space 33856K, 100% used [0x0000000085600000, 0x0000000087710000, 0x0000000087710000)
  from space 4224K,   2% used [0x0000000087b30000, 0x0000000087b485d8, 0x0000000087f50000)
  to   space 4224K,   0% used [0x0000000087710000, 0x0000000087710000, 0x0000000087b30000)
 concurrent mark-sweep generation total 137704K, used 83167K [0x000000009a2c0000, 0x00000000a293a000, 0x0000000100000000)
 Metaspace       used 111738K, capacity 118337K, committed 120492K, reserved 1155072K
  class space    used 13542K, capacity 14759K, committed 15328K, reserved 1048576K
2021-02-02T08:46:44.418+0000: 513664.591: [GC (Allocation Failure) 2021-02-02T08:46:44.418+0000: 513664.591: [ParNew
Desired survivor size 2162688 bytes, new threshold 6 (max 6)
- age   1:      25984 bytes,      25984 total
- age   2:        120 bytes,      26104 total
- age   6:        720 bytes,      26824 total
: 33953K->30K(38080K), 0.0053342 secs] 117121K->83198K(175784K), 0.0056291 secs] [Times: user=0.02 sys=0.00, real=0.00 secs] 
Heap after GC invocations=5302 (full 7):
 par new generation   total 38080K, used 30K [0x0000000085600000, 0x0000000087f50000, 0x000000009a2c0000)
  eden space 33856K,   0% used [0x0000000085600000, 0x0000000085600000, 0x0000000087710000)
  from space 4224K,   0% used [0x0000000087710000, 0x0000000087717a60, 0x0000000087b30000)
  to   space 4224K,   0% used [0x0000000087b30000, 0x0000000087b30000, 0x0000000087f50000)
 concurrent mark-sweep generation total 137704K, used 83167K [0x000000009a2c0000, 0x00000000a293a000, 0x0000000100000000)
 Metaspace       used 111738K, capacity 118337K, committed 120492K, reserved 1155072K
  class space    used 13542K, capacity 14759K, committed 15328K, reserved 1048576K
}
2021-02-02T08:46:44.423+0000: 513664.597: Total time for which application threads were stopped: 0.0064113 seconds, Stopping threads took: 0.0001050 seconds
{Heap before GC invocations=5302 (full 7):
 par new generation   total 38080K, used 33886K [0x0000000085600000, 0x0000000087f50000, 0x000000009a2c0000)
  eden space 33856K, 100% used [0x0000000085600000, 0x0000000087710000, 0x0000000087710000)
  from space 4224K,   0% used [0x0000000087710000, 0x0000000087717a60, 0x0000000087b30000)
  to   space 4224K,   0% used [0x0000000087b30000, 0x0000000087b30000, 0x0000000087f50000)
 concurrent mark-sweep generation total 137704K, used 83167K [0x000000009a2c0000, 0x00000000a293a000, 0x0000000100000000)
 Metaspace       used 111738K, capacity 118337K, committed 120492K, reserved 1155072K
  class space    used 13542K, capacity 14759K, committed 15328K, reserved 1048576K
2021-02-02T08:48:33.332+0000: 513773.505: [GC (Allocation Failure) 2021-02-02T08:48:33.332+0000: 513773.505: [ParNew
Desired survivor size 2162688 bytes, new threshold 6 (max 6)
- age   1:      26000 bytes,      26000 total
- age   2:         32 bytes,      26032 total
: 33886K->29K(38080K), 0.0052180 secs] 117054K->83198K(175784K), 0.0054721 secs] [Times: user=0.02 sys=0.00, real=0.00 secs] 
Heap after GC invocations=5303 (full 7):
 par new generation   total 38080K, used 29K [0x0000000085600000, 0x0000000087f50000, 0x000000009a2c0000)
  eden space 33856K,   0% used [0x0000000085600000, 0x0000000085600000, 0x0000000087710000)
  from space 4224K,   0% used [0x0000000087b30000, 0x0000000087b37608, 0x0000000087f50000)
  to   space 4224K,   0% used [0x0000000087710000, 0x0000000087710000, 0x0000000087b30000)
 concurrent mark-sweep generation total 137704K, used 83168K [0x000000009a2c0000, 0x00000000a293a000, 0x0000000100000000)
 Metaspace       used 111738K, capacity 118337K, committed 120492K, reserved 1155072K
  class space    used 13542K, capacity 14759K, committed 15328K, reserved 1048576K
}
2021-02-02T08:48:33.338+0000: 513773.511: Total time for which application threads were stopped: 0.0062314 seconds, Stopping threads took: 0.0001533 seconds
{Heap before GC invocations=5303 (full 7):
 par new generation   total 38080K, used 33885K [0x0000000085600000, 0x0000000087f50000, 0x000000009a2c0000)
  eden space 33856K, 100% used [0x0000000085600000, 0x0000000087710000, 0x0000000087710000)
  from space 4224K,   0% used [0x0000000087b30000, 0x0000000087b37608, 0x0000000087f50000)
  to   space 4224K,   0% used [0x0000000087710000, 0x0000000087710000, 0x0000000087b30000)
 concurrent mark-sweep generation total 137704K, used 83168K [0x000000009a2c0000, 0x00000000a293a000, 0x0000000100000000)
 Metaspace       used 111738K, capacity 118337K, committed 120492K, reserved 1155072K
  class space    used 13542K, capacity 14759K, committed 15328K, reserved 1048576K
2021-02-02T08:50:22.174+0000: 513882.347: [GC (Allocation Failure) 2021-02-02T08:50:22.174+0000: 513882.347: [ParNew
Desired survivor size 2162688 bytes, new threshold 6 (max 6)
- age   1:      26416 bytes,      26416 total
- age   2:        120 bytes,      26536 total
: 33885K->29K(38080K), 0.0055320 secs] 117054K->83198K(175784K), 0.0059244 secs] [Times: user=0.01 sys=0.00, real=0.00 secs] 
Heap after GC invocations=5304 (full 7):
 par new generation   total 38080K, used 29K [0x0000000085600000, 0x0000000087f50000, 0x000000009a2c0000)
  eden space 33856K,   0% used [0x0000000085600000, 0x0000000085600000, 0x0000000087710000)
  from space 4224K,   0% used [0x0000000087710000, 0x0000000087717680, 0x0000000087b30000)
  to   space 4224K,   0% used [0x0000000087b30000, 0x0000000087b30000, 0x0000000087f50000)
 concurrent mark-sweep generation total 137704K, used 83168K [0x000000009a2c0000, 0x00000000a293a000, 0x0000000100000000)
 Metaspace       used 111738K, capacity 118337K, committed 120492K, reserved 1155072K
  class space    used 13542K, capacity 14759K, committed 15328K, reserved 1048576K
}
2021-02-02T08:50:22.180+0000: 513882.353: Total time for which application threads were stopped: 0.0065062 seconds, Stopping threads took: 0.0000653 seconds
{Heap before GC invocations=5304 (full 7):
 par new generation   total 38080K, used 33885K [0x0000000085600000, 0x0000000087f50000, 0x000000009a2c0000)
  eden space 33856K, 100% used [0x0000000085600000, 0x0000000087710000, 0x0000000087710000)
  from space 4224K,   0% used [0x0000000087710000, 0x0000000087717680, 0x0000000087b30000)
  to   space 4224K,   0% used [0x0000000087b30000, 0x0000000087b30000, 0x0000000087f50000)
 concurrent mark-sweep generation total 137704K, used 83168K [0x000000009a2c0000, 0x00000000a293a000, 0x0000000100000000)
 Metaspace       used 111738K, capacity 118337K, committed 120492K, reserved 1155072K
  class space    used 13542K, capacity 14759K, committed 15328K, reserved 1048576K
2021-02-02T08:52:13.220+0000: 513993.393: [GC (Allocation Failure) 2021-02-02T08:52:13.220+0000: 513993.393: [ParNew
Desired survivor size 2162688 bytes, new threshold 6 (max 6)
- age   1:      30072 bytes,      30072 total
- age   2:        184 bytes,      30256 total
: 33885K->31K(38080K), 0.0048240 secs] 117054K->83200K(175784K), 0.0050603 secs] [Times: user=0.02 sys=0.00, real=0.01 secs] 
Heap after GC invocations=5305 (full 7):
 par new generation   total 38080K, used 31K [0x0000000085600000, 0x0000000087f50000, 0x000000009a2c0000)
  eden space 33856K,   0% used [0x0000000085600000, 0x0000000085600000, 0x0000000087710000)
  from space 4224K,   0% used [0x0000000087b30000, 0x0000000087b37e18, 0x0000000087f50000)
  to   space 4224K,   0% used [0x0000000087710000, 0x0000000087710000, 0x0000000087b30000)
 concurrent mark-sweep generation total 137704K, used 83168K [0x000000009a2c0000, 0x00000000a293a000, 0x0000000100000000)
 Metaspace       used 111738K, capacity 118337K, committed 120492K, reserved 1155072K
  class space    used 13542K, capacity 14759K, committed 15328K, reserved 1048576K
}
2021-02-02T08:52:13.225+0000: 513993.398: Total time for which application threads were stopped: 0.0057224 seconds, Stopping threads took: 0.0000584 seconds
{Heap before GC invocations=5305 (full 7):
 par new generation   total 38080K, used 33887K [0x0000000085600000, 0x0000000087f50000, 0x000000009a2c0000)
  eden space 33856K, 100% used [0x0000000085600000, 0x0000000087710000, 0x0000000087710000)
  from space 4224K,   0% used [0x0000000087b30000, 0x0000000087b37e18, 0x0000000087f50000)
  to   space 4224K,   0% used [0x0000000087710000, 0x0000000087710000, 0x0000000087b30000)
 concurrent mark-sweep generation total 137704K, used 83168K [0x000000009a2c0000, 0x00000000a293a000, 0x0000000100000000)
 Metaspace       used 111738K, capacity 118337K, committed 120492K, reserved 1155072K
  class space    used 13542K, capacity 14759K, committed 15328K, reserved 1048576K
2021-02-02T08:54:00.695+0000: 514100.868: [GC (Allocation Failure) 2021-02-02T08:54:00.695+0000: 514100.868: [ParNew
Desired survivor size 2162688 bytes, new threshold 6 (max 6)
- age   1:      30048 bytes,      30048 total
- age   2:         32 bytes,      30080 total
- age   3:         32 bytes,      30112 total
: 33887K->35K(38080K), 0.0057084 secs] 117056K->83204K(175784K), 0.0060100 secs] [Times: user=0.01 sys=0.00, real=0.00 secs] 
Heap after GC invocations=5306 (full 7):
 par new generation   total 38080K, used 35K [0x0000000085600000, 0x0000000087f50000, 0x000000009a2c0000)
  eden space 33856K,   0% used [0x0000000085600000, 0x0000000085600000, 0x0000000087710000)
  from space 4224K,   0% used [0x0000000087710000, 0x0000000087718e08, 0x0000000087b30000)
  to   space 4224K,   0% used [0x0000000087b30000, 0x0000000087b30000, 0x0000000087f50000)
 concurrent mark-sweep generation total 137704K, used 83168K [0x000000009a2c0000, 0x00000000a293a000, 0x0000000100000000)
 Metaspace       used 111738K, capacity 118337K, committed 120492K, reserved 1155072K
  class space    used 13542K, capacity 14759K, committed 15328K, reserved 1048576K
}
2021-02-02T08:54:00.701+0000: 514100.874: Total time for which application threads were stopped: 0.0069521 seconds, Stopping threads took: 0.0000884 seconds
{Heap before GC invocations=5306 (full 7):
 par new generation   total 38080K, used 33891K [0x0000000085600000, 0x0000000087f50000, 0x000000009a2c0000)
  eden space 33856K, 100% used [0x0000000085600000, 0x0000000087710000, 0x0000000087710000)
  from space 4224K,   0% used [0x0000000087710000, 0x0000000087718e08, 0x0000000087b30000)
  to   space 4224K,   0% used [0x0000000087b30000, 0x0000000087b30000, 0x0000000087f50000)
 concurrent mark-sweep generation total 137704K, used 83168K [0x000000009a2c0000, 0x00000000a293a000, 0x0000000100000000)
 Metaspace       used 111739K, capacity 118337K, committed 120492K, reserved 1155072K
  class space    used 13542K, capacity 14759K, committed 15328K, reserved 1048576K
2021-02-02T08:55:47.637+0000: 514207.811: [GC (Allocation Failure) 2021-02-02T08:55:47.638+0000: 514207.811: [ParNew
Desired survivor size 2162688 bytes, new threshold 6 (max 6)
- age   1:     163344 bytes,     163344 total
- age   2:        152 bytes,     163496 total
- age   4:         32 bytes,     163528 total
: 33891K->163K(38080K), 0.0046160 secs] 117060K->83331K(175784K), 0.0048948 secs] [Times: user=0.02 sys=0.00, real=0.00 secs] 
Heap after GC invocations=5307 (full 7):
 par new generation   total 38080K, used 163K [0x0000000085600000, 0x0000000087f50000, 0x000000009a2c0000)
  eden space 33856K,   0% used [0x0000000085600000, 0x0000000085600000, 0x0000000087710000)
  from space 4224K,   3% used [0x0000000087b30000, 0x0000000087b58cd8, 0x0000000087f50000)
  to   space 4224K,   0% used [0x0000000087710000, 0x0000000087710000, 0x0000000087b30000)
 concurrent mark-sweep generation total 137704K, used 83168K [0x000000009a2c0000, 0x00000000a293a000, 0x0000000100000000)
 Metaspace       used 111739K, capacity 118337K, committed 120492K, reserved 1155072K
  class space    used 13542K, capacity 14759K, committed 15328K, reserved 1048576K
}
2021-02-02T08:55:47.643+0000: 514207.816: Total time for which application threads were stopped: 0.0055340 seconds, Stopping threads took: 0.0000688 seconds
{Heap before GC invocations=5307 (full 7):
 par new generation   total 38080K, used 34019K [0x0000000085600000, 0x0000000087f50000, 0x000000009a2c0000)
  eden space 33856K, 100% used [0x0000000085600000, 0x0000000087710000, 0x0000000087710000)
  from space 4224K,   3% used [0x0000000087b30000, 0x0000000087b58cd8, 0x0000000087f50000)
  to   space 4224K,   0% used [0x0000000087710000, 0x0000000087710000, 0x0000000087b30000)
 concurrent mark-sweep generation total 137704K, used 83168K [0x000000009a2c0000, 0x00000000a293a000, 0x0000000100000000)
 Metaspace       used 111739K, capacity 118337K, committed 120492K, reserved 1155072K
  class space    used 13542K, capacity 14759K, committed 15328K, reserved 1048576K
2021-02-02T08:57:37.530+0000: 514317.703: [GC (Allocation Failure) 2021-02-02T08:57:37.530+0000: 514317.703: [ParNew
Desired survivor size 2162688 bytes, new threshold 6 (max 6)
- age   1:      25632 bytes,      25632 total
- age   2:         48 bytes,      25680 total
: 34019K->30K(38080K), 0.0046157 secs] 117187K->83198K(175784K), 0.0048647 secs] [Times: user=0.02 sys=0.00, real=0.01 secs] 
Heap after GC invocations=5308 (full 7):
 par new generation   total 38080K, used 30K [0x0000000085600000, 0x0000000087f50000, 0x000000009a2c0000)
  eden space 33856K,   0% used [0x0000000085600000, 0x0000000085600000, 0x0000000087710000)
  from space 4224K,   0% used [0x0000000087710000, 0x00000000877178f8, 0x0000000087b30000)
  to   space 4224K,   0% used [0x0000000087b30000, 0x0000000087b30000, 0x0000000087f50000)
 concurrent mark-sweep generation total 137704K, used 83168K [0x000000009a2c0000, 0x00000000a293a000, 0x0000000100000000)
 Metaspace       used 111739K, capacity 118337K, committed 120492K, reserved 1155072K
  class space    used 13542K, capacity 14759K, committed 15328K, reserved 1048576K
}
2021-02-02T08:57:37.535+0000: 514317.708: Total time for which application threads were stopped: 0.0056827 seconds, Stopping threads took: 0.0002759 seconds
{Heap before GC invocations=5308 (full 7):
 par new generation   total 38080K, used 33886K [0x0000000085600000, 0x0000000087f50000, 0x000000009a2c0000)
  eden space 33856K, 100% used [0x0000000085600000, 0x0000000087710000, 0x0000000087710000)
  from space 4224K,   0% used [0x0000000087710000, 0x00000000877178f8, 0x0000000087b30000)
  to   space 4224K,   0% used [0x0000000087b30000, 0x0000000087b30000, 0x0000000087f50000)
 concurrent mark-sweep generation total 137704K, used 83168K [0x000000009a2c0000, 0x00000000a293a000, 0x0000000100000000)
 Metaspace       used 111739K, capacity 118337K, committed 120492K, reserved 1155072K
  class space    used 13542K, capacity 14759K, committed 15328K, reserved 1048576K
2021-02-02T08:59:26.206+0000: 514426.379: [GC (Allocation Failure) 2021-02-02T08:59:26.207+0000: 514426.380: [ParNew
Desired survivor size 2162688 bytes, new threshold 6 (max 6)
- age   1:      25984 bytes,      25984 total
- age   2:        152 bytes,      26136 total
: 33886K->29K(38080K), 0.0092611 secs] 117054K->83198K(175784K), 0.0095419 secs] [Times: user=0.02 sys=0.00, real=0.01 secs] 
Heap after GC invocations=5309 (full 7):
 par new generation   total 38080K, used 29K [0x0000000085600000, 0x0000000087f50000, 0x000000009a2c0000)
  eden space 33856K,   0% used [0x0000000085600000, 0x0000000085600000, 0x0000000087710000)
  from space 4224K,   0% used [0x0000000087b30000, 0x0000000087b37680, 0x0000000087f50000)
  to   space 4224K,   0% used [0x0000000087710000, 0x0000000087710000, 0x0000000087b30000)
 concurrent mark-sweep generation total 137704K, used 83168K [0x000000009a2c0000, 0x00000000a293a000, 0x0000000100000000)
 Metaspace       used 111739K, capacity 118337K, committed 120492K, reserved 1155072K
  class space    used 13542K, capacity 14759K, committed 15328K, reserved 1048576K
}
2021-02-02T08:59:26.216+0000: 514426.389: Total time for which application threads were stopped: 0.0104205 seconds, Stopping threads took: 0.0000828 seconds
{Heap before GC invocations=5309 (full 7):
 par new generation   total 38080K, used 33885K [0x0000000085600000, 0x0000000087f50000, 0x000000009a2c0000)
  eden space 33856K, 100% used [0x0000000085600000, 0x0000000087710000, 0x0000000087710000)
  from space 4224K,   0% used [0x0000000087b30000, 0x0000000087b37680, 0x0000000087f50000)
  to   space 4224K,   0% used [0x0000000087710000, 0x0000000087710000, 0x0000000087b30000)
 concurrent mark-sweep generation total 137704K, used 83168K [0x000000009a2c0000, 0x00000000a293a000, 0x0000000100000000)
 Metaspace       used 111739K, capacity 118337K, committed 120492K, reserved 1155072K
  class space    used 13542K, capacity 14759K, committed 15328K, reserved 1048576K
2021-02-02T09:01:16.678+0000: 514536.851: [GC (Allocation Failure) 2021-02-02T09:01:16.678+0000: 514536.851: [ParNew
Desired survivor size 2162688 bytes, new threshold 6 (max 6)
- age   1:     105656 bytes,     105656 total
- age   2:        152 bytes,     105808 total
: 33885K->105K(38080K), 0.0054752 secs] 117054K->83273K(175784K), 0.0057351 secs] [Times: user=0.02 sys=0.00, real=0.00 secs] 
Heap after GC invocations=5310 (full 7):
 par new generation   total 38080K, used 105K [0x0000000085600000, 0x0000000087f50000, 0x000000009a2c0000)
  eden space 33856K,   0% used [0x0000000085600000, 0x0000000085600000, 0x0000000087710000)
  from space 4224K,   2% used [0x0000000087710000, 0x000000008772a480, 0x0000000087b30000)
  to   space 4224K,   0% used [0x0000000087b30000, 0x0000000087b30000, 0x0000000087f50000)
 concurrent mark-sweep generation total 137704K, used 83168K [0x000000009a2c0000, 0x00000000a293a000, 0x0000000100000000)
 Metaspace       used 111739K, capacity 118337K, committed 120492K, reserved 1155072K
  class space    used 13542K, capacity 14759K, committed 15328K, reserved 1048576K
}
2021-02-02T09:01:16.684+0000: 514536.857: Total time for which application threads were stopped: 0.0064288 seconds, Stopping threads took: 0.0000557 seconds
{Heap before GC invocations=5310 (full 7):
 par new generation   total 38080K, used 33961K [0x0000000085600000, 0x0000000087f50000, 0x000000009a2c0000)
  eden space 33856K, 100% used [0x0000000085600000, 0x0000000087710000, 0x0000000087710000)
  from space 4224K,   2% used [0x0000000087710000, 0x000000008772a480, 0x0000000087b30000)
  to   space 4224K,   0% used [0x0000000087b30000, 0x0000000087b30000, 0x0000000087f50000)
 concurrent mark-sweep generation total 137704K, used 83168K [0x000000009a2c0000, 0x00000000a293a000, 0x0000000100000000)
 Metaspace       used 111739K, capacity 118337K, committed 120492K, reserved 1155072K
  class space    used 13542K, capacity 14759K, committed 15328K, reserved 1048576K
2021-02-02T09:03:05.753+0000: 514645.926: [GC (Allocation Failure) 2021-02-02T09:03:05.753+0000: 514645.927: [ParNew
Desired survivor size 2162688 bytes, new threshold 6 (max 6)
- age   1:      63896 bytes,      63896 total
- age   2:         32 bytes,      63928 total
: 33961K->81K(38080K), 0.0047412 secs] 117129K->83249K(175784K), 0.0052564 secs] [Times: user=0.02 sys=0.00, real=0.00 secs] 
Heap after GC invocations=5311 (full 7):
 par new generation   total 38080K, used 81K [0x0000000085600000, 0x0000000087f50000, 0x000000009a2c0000)
  eden space 33856K,   0% used [0x0000000085600000, 0x0000000085600000, 0x0000000087710000)
  from space 4224K,   1% used [0x0000000087b30000, 0x0000000087b44400, 0x0000000087f50000)
  to   space 4224K,   0% used [0x0000000087710000, 0x0000000087710000, 0x0000000087b30000)
 concurrent mark-sweep generation total 137704K, used 83168K [0x000000009a2c0000, 0x00000000a293a000, 0x0000000100000000)
 Metaspace       used 111739K, capacity 118337K, committed 120492K, reserved 1155072K
  class space    used 13542K, capacity 14759K, committed 15328K, reserved 1048576K
}
2021-02-02T09:03:05.759+0000: 514645.932: Total time for which application threads were stopped: 0.0061242 seconds, Stopping threads took: 0.0000773 seconds
{Heap before GC invocations=5311 (full 7):
 par new generation   total 38080K, used 33932K [0x0000000085600000, 0x0000000087f50000, 0x000000009a2c0000)
  eden space 33856K,  99% used [0x0000000085600000, 0x000000008770ee70, 0x0000000087710000)
  from space 4224K,   1% used [0x0000000087b30000, 0x0000000087b44400, 0x0000000087f50000)
  to   space 4224K,   0% used [0x0000000087710000, 0x0000000087710000, 0x0000000087b30000)
 concurrent mark-sweep generation total 137704K, used 83168K [0x000000009a2c0000, 0x00000000a293a000, 0x0000000100000000)
 Metaspace       used 111739K, capacity 118337K, committed 120492K, reserved 1155072K
  class space    used 13542K, capacity 14759K, committed 15328K, reserved 1048576K
2021-02-02T09:04:53.102+0000: 514753.275: [GC (Allocation Failure) 2021-02-02T09:04:53.102+0000: 514753.275: [ParNew
Desired survivor size 2162688 bytes, new threshold 6 (max 6)
- age   1:      97600 bytes,      97600 total
- age   2:        120 bytes,      97720 total
: 33932K->97K(38080K), 0.0075837 secs] 117101K->83266K(175784K), 0.0080505 secs] [Times: user=0.03 sys=0.00, real=0.01 secs] 
Heap after GC invocations=5312 (full 7):
 par new generation   total 38080K, used 97K [0x0000000085600000, 0x0000000087f50000, 0x000000009a2c0000)
  eden space 33856K,   0% used [0x0000000085600000, 0x0000000085600000, 0x0000000087710000)
  from space 4224K,   2% used [0x0000000087710000, 0x0000000087728640, 0x0000000087b30000)
  to   space 4224K,   0% used [0x0000000087b30000, 0x0000000087b30000, 0x0000000087f50000)
 concurrent mark-sweep generation total 137704K, used 83168K [0x000000009a2c0000, 0x00000000a293a000, 0x0000000100000000)
 Metaspace       used 111739K, capacity 118337K, committed 120492K, reserved 1155072K
  class space    used 13542K, capacity 14759K, committed 15328K, reserved 1048576K
}
2021-02-02T09:04:53.110+0000: 514753.283: Total time for which application threads were stopped: 0.0089507 seconds, Stopping threads took: 0.0000860 seconds
{Heap before GC invocations=5312 (full 7):
 par new generation   total 38080K, used 33953K [0x0000000085600000, 0x0000000087f50000, 0x000000009a2c0000)
  eden space 33856K, 100% used [0x0000000085600000, 0x0000000087710000, 0x0000000087710000)
  from space 4224K,   2% used [0x0000000087710000, 0x0000000087728640, 0x0000000087b30000)
  to   space 4224K,   0% used [0x0000000087b30000, 0x0000000087b30000, 0x0000000087f50000)
 concurrent mark-sweep generation total 137704K, used 83168K [0x000000009a2c0000, 0x00000000a293a000, 0x0000000100000000)
 Metaspace       used 111739K, capacity 118337K, committed 120492K, reserved 1155072K
  class space    used 13542K, capacity 14759K, committed 15328K, reserved 1048576K
2021-02-02T09:06:41.959+0000: 514862.132: [GC (Allocation Failure) 2021-02-02T09:06:41.959+0000: 514862.132: [ParNew
Desired survivor size 2162688 bytes, new threshold 6 (max 6)
- age   1:      26056 bytes,      26056 total
- age   2:        152 bytes,      26208 total
: 33953K->30K(38080K), 0.0039302 secs] 117122K->83199K(175784K), 0.0041696 secs] [Times: user=0.01 sys=0.00, real=0.00 secs] 
Heap after GC invocations=5313 (full 7):
 par new generation   total 38080K, used 30K [0x0000000085600000, 0x0000000087f50000, 0x000000009a2c0000)
  eden space 33856K,   0% used [0x0000000085600000, 0x0000000085600000, 0x0000000087710000)
  from space 4224K,   0% used [0x0000000087b30000, 0x0000000087b37ae0, 0x0000000087f50000)
  to   space 4224K,   0% used [0x0000000087710000, 0x0000000087710000, 0x0000000087b30000)
 concurrent mark-sweep generation total 137704K, used 83168K [0x000000009a2c0000, 0x00000000a293a000, 0x0000000100000000)
 Metaspace       used 111739K, capacity 118337K, committed 120492K, reserved 1155072K
  class space    used 13542K, capacity 14759K, committed 15328K, reserved 1048576K
}
2021-02-02T09:06:41.964+0000: 514862.137: Total time for which application threads were stopped: 0.0048279 seconds, Stopping threads took: 0.0001336 seconds
{Heap before GC invocations=5313 (full 7):
 par new generation   total 38080K, used 33886K [0x0000000085600000, 0x0000000087f50000, 0x000000009a2c0000)
  eden space 33856K, 100% used [0x0000000085600000, 0x0000000087710000, 0x0000000087710000)
  from space 4224K,   0% used [0x0000000087b30000, 0x0000000087b37ae0, 0x0000000087f50000)
  to   space 4224K,   0% used [0x0000000087710000, 0x0000000087710000, 0x0000000087b30000)
 concurrent mark-sweep generation total 137704K, used 83168K [0x000000009a2c0000, 0x00000000a293a000, 0x0000000100000000)
 Metaspace       used 111739K, capacity 118337K, committed 120492K, reserved 1155072K
  class space    used 13542K, capacity 14759K, committed 15328K, reserved 1048576K
2021-02-02T09:08:30.796+0000: 514970.969: [GC (Allocation Failure) 2021-02-02T09:08:30.796+0000: 514970.969: [ParNew
Desired survivor size 2162688 bytes, new threshold 6 (max 6)
- age   1:      63304 bytes,      63304 total
- age   3:         32 bytes,      63336 total
: 33886K->67K(38080K), 0.0071510 secs] 117055K->83236K(175784K), 0.0074212 secs] [Times: user=0.02 sys=0.00, real=0.00 secs] 
Heap after GC invocations=5314 (full 7):
 par new generation   total 38080K, used 67K [0x0000000085600000, 0x0000000087f50000, 0x000000009a2c0000)
  eden space 33856K,   0% used [0x0000000085600000, 0x0000000085600000, 0x0000000087710000)
  from space 4224K,   1% used [0x0000000087710000, 0x0000000087720fc8, 0x0000000087b30000)
  to   space 4224K,   0% used [0x0000000087b30000, 0x0000000087b30000, 0x0000000087f50000)
 concurrent mark-sweep generation total 137704K, used 83168K [0x000000009a2c0000, 0x00000000a293a000, 0x0000000100000000)
 Metaspace       used 111739K, capacity 118337K, committed 120492K, reserved 1155072K
  class space    used 13542K, capacity 14759K, committed 15328K, reserved 1048576K
}
2021-02-02T09:08:30.804+0000: 514970.977: Total time for which application threads were stopped: 0.0088364 seconds, Stopping threads took: 0.0003307 seconds
{Heap before GC invocations=5314 (full 7):
 par new generation   total 38080K, used 33923K [0x0000000085600000, 0x0000000087f50000, 0x000000009a2c0000)
  eden space 33856K, 100% used [0x0000000085600000, 0x0000000087710000, 0x0000000087710000)
  from space 4224K,   1% used [0x0000000087710000, 0x0000000087720fc8, 0x0000000087b30000)
  to   space 4224K,   0% used [0x0000000087b30000, 0x0000000087b30000, 0x0000000087f50000)
 concurrent mark-sweep generation total 137704K, used 83168K [0x000000009a2c0000, 0x00000000a293a000, 0x0000000100000000)
 Metaspace       used 111739K, capacity 118337K, committed 120492K, reserved 1155072K
  class space    used 13542K, capacity 14759K, committed 15328K, reserved 1048576K
2021-02-02T09:10:19.239+0000: 515079.412: [GC (Allocation Failure) 2021-02-02T09:10:19.239+0000: 515079.412: [ParNew
Desired survivor size 2162688 bytes, new threshold 6 (max 6)
- age   1:      61256 bytes,      61256 total
- age   2:      35520 bytes,      96776 total
- age   4:         32 bytes,      96808 total
: 33923K->97K(38080K), 0.0050195 secs] 117092K->83266K(175784K), 0.0052646 secs] [Times: user=0.01 sys=0.00, real=0.01 secs] 
Heap after GC invocations=5315 (full 7):
 par new generation   total 38080K, used 97K [0x0000000085600000, 0x0000000087f50000, 0x000000009a2c0000)
  eden space 33856K,   0% used [0x0000000085600000, 0x0000000085600000, 0x0000000087710000)
  from space 4224K,   2% used [0x0000000087b30000, 0x0000000087b48718, 0x0000000087f50000)
  to   space 4224K,   0% used [0x0000000087710000, 0x0000000087710000, 0x0000000087b30000)
 concurrent mark-sweep generation total 137704K, used 83168K [0x000000009a2c0000, 0x00000000a293a000, 0x0000000100000000)
 Metaspace       used 111739K, capacity 118337K, committed 120492K, reserved 1155072K
  class space    used 13542K, capacity 14759K, committed 15328K, reserved 1048576K
}
2021-02-02T09:10:19.244+0000: 515079.417: Total time for which application threads were stopped: 0.0058590 seconds, Stopping threads took: 0.0000784 seconds
{Heap before GC invocations=5315 (full 7):
 par new generation   total 38080K, used 33953K [0x0000000085600000, 0x0000000087f50000, 0x000000009a2c0000)
  eden space 33856K, 100% used [0x0000000085600000, 0x0000000087710000, 0x0000000087710000)
  from space 4224K,   2% used [0x0000000087b30000, 0x0000000087b48718, 0x0000000087f50000)
  to   space 4224K,   0% used [0x0000000087710000, 0x0000000087710000, 0x0000000087b30000)
 concurrent mark-sweep generation total 137704K, used 83168K [0x000000009a2c0000, 0x00000000a293a000, 0x0000000100000000)
 Metaspace       used 111739K, capacity 118337K, committed 120492K, reserved 1155072K
  class space    used 13542K, capacity 14759K, committed 15328K, reserved 1048576K
2021-02-02T09:12:08.780+0000: 515188.953: [GC (Allocation Failure) 2021-02-02T09:12:08.780+0000: 515188.953: [ParNew
Desired survivor size 2162688 bytes, new threshold 6 (max 6)
- age   1:      31768 bytes,      31768 total
- age   2:      33960 bytes,      65728 total
- age   3:      35144 bytes,     100872 total
- age   5:         32 bytes,     100904 total
: 33953K->103K(38080K), 0.0044444 secs] 117122K->83272K(175784K), 0.0046638 secs] [Times: user=0.02 sys=0.00, real=0.01 secs] 
Heap after GC invocations=5316 (full 7):
 par new generation   total 38080K, used 103K [0x0000000085600000, 0x0000000087f50000, 0x000000009a2c0000)
  eden space 33856K,   0% used [0x0000000085600000, 0x0000000085600000, 0x0000000087710000)
  from space 4224K,   2% used [0x0000000087710000, 0x0000000087729ee0, 0x0000000087b30000)
  to   space 4224K,   0% used [0x0000000087b30000, 0x0000000087b30000, 0x0000000087f50000)
 concurrent mark-sweep generation total 137704K, used 83168K [0x000000009a2c0000, 0x00000000a293a000, 0x0000000100000000)
 Metaspace       used 111739K, capacity 118337K, committed 120492K, reserved 1155072K
  class space    used 13542K, capacity 14759K, committed 15328K, reserved 1048576K
}
2021-02-02T09:12:08.785+0000: 515188.958: Total time for which application threads were stopped: 0.0054282 seconds, Stopping threads took: 0.0000745 seconds
{Heap before GC invocations=5316 (full 7):
 par new generation   total 38080K, used 33959K [0x0000000085600000, 0x0000000087f50000, 0x000000009a2c0000)
  eden space 33856K, 100% used [0x0000000085600000, 0x0000000087710000, 0x0000000087710000)
  from space 4224K,   2% used [0x0000000087710000, 0x0000000087729ee0, 0x0000000087b30000)
  to   space 4224K,   0% used [0x0000000087b30000, 0x0000000087b30000, 0x0000000087f50000)
 concurrent mark-sweep generation total 137704K, used 83168K [0x000000009a2c0000, 0x00000000a293a000, 0x0000000100000000)
 Metaspace       used 111739K, capacity 118337K, committed 120492K, reserved 1155072K
  class space    used 13542K, capacity 14759K, committed 15328K, reserved 1048576K
2021-02-02T09:13:55.682+0000: 515295.855: [GC (Allocation Failure) 2021-02-02T09:13:55.683+0000: 515295.856: [ParNew
Desired survivor size 2162688 bytes, new threshold 6 (max 6)
- age   1:      98128 bytes,      98128 total
- age   3:      33768 bytes,     131896 total
- age   4:      34976 bytes,     166872 total
- age   6:         32 bytes,     166904 total
: 33959K->169K(38080K), 0.0046096 secs] 117128K->83337K(175784K), 0.0048813 secs] [Times: user=0.01 sys=0.00, real=0.01 secs] 
Heap after GC invocations=5317 (full 7):
 par new generation   total 38080K, used 169K [0x0000000085600000, 0x0000000087f50000, 0x000000009a2c0000)
  eden space 33856K,   0% used [0x0000000085600000, 0x0000000085600000, 0x0000000087710000)
  from space 4224K,   4% used [0x0000000087b30000, 0x0000000087b5a428, 0x0000000087f50000)
  to   space 4224K,   0% used [0x0000000087710000, 0x0000000087710000, 0x0000000087b30000)
 concurrent mark-sweep generation total 137704K, used 83168K [0x000000009a2c0000, 0x00000000a293a000, 0x0000000100000000)
 Metaspace       used 111739K, capacity 118337K, committed 120492K, reserved 1155072K
  class space    used 13542K, capacity 14759K, committed 15328K, reserved 1048576K
}
2021-02-02T09:13:55.687+0000: 515295.861: Total time for which application threads were stopped: 0.0057644 seconds, Stopping threads took: 0.0001973 seconds
{Heap before GC invocations=5317 (full 7):
 par new generation   total 38080K, used 34025K [0x0000000085600000, 0x0000000087f50000, 0x000000009a2c0000)
  eden space 33856K, 100% used [0x0000000085600000, 0x0000000087710000, 0x0000000087710000)
  from space 4224K,   4% used [0x0000000087b30000, 0x0000000087b5a428, 0x0000000087f50000)
  to   space 4224K,   0% used [0x0000000087710000, 0x0000000087710000, 0x0000000087b30000)
 concurrent mark-sweep generation total 137704K, used 83168K [0x000000009a2c0000, 0x00000000a293a000, 0x0000000100000000)
 Metaspace       used 111739K, capacity 118337K, committed 120492K, reserved 1155072K
  class space    used 13542K, capacity 14759K, committed 15328K, reserved 1048576K
2021-02-02T09:15:44.184+0000: 515404.357: [GC (Allocation Failure) 2021-02-02T09:15:44.184+0000: 515404.358: [ParNew
Desired survivor size 2162688 bytes, new threshold 6 (max 6)
- age   1:      25920 bytes,      25920 total
- age   2:        120 bytes,      26040 total
- age   5:        360 bytes,      26400 total
: 34025K->34K(38080K), 0.0045694 secs] 117193K->83203K(175784K), 0.0048116 secs] [Times: user=0.01 sys=0.00, real=0.00 secs] 
Heap after GC invocations=5318 (full 7):
 par new generation   total 38080K, used 34K [0x0000000085600000, 0x0000000087f50000, 0x000000009a2c0000)
  eden space 33856K,   0% used [0x0000000085600000, 0x0000000085600000, 0x0000000087710000)
  from space 4224K,   0% used [0x0000000087710000, 0x0000000087718bf8, 0x0000000087b30000)
  to   space 4224K,   0% used [0x0000000087b30000, 0x0000000087b30000, 0x0000000087f50000)
 concurrent mark-sweep generation total 137704K, used 83168K [0x000000009a2c0000, 0x00000000a293a000, 0x0000000100000000)
 Metaspace       used 111739K, capacity 118337K, committed 120492K, reserved 1155072K
  class space    used 13542K, capacity 14759K, committed 15328K, reserved 1048576K
}
2021-02-02T09:15:44.189+0000: 515404.362: Total time for which application threads were stopped: 0.0054190 seconds, Stopping threads took: 0.0000657 seconds
{Heap before GC invocations=5318 (full 7):
 par new generation   total 38080K, used 33890K [0x0000000085600000, 0x0000000087f50000, 0x000000009a2c0000)
  eden space 33856K, 100% used [0x0000000085600000, 0x0000000087710000, 0x0000000087710000)
  from space 4224K,   0% used [0x0000000087710000, 0x0000000087718bf8, 0x0000000087b30000)
  to   space 4224K,   0% used [0x0000000087b30000, 0x0000000087b30000, 0x0000000087f50000)
 concurrent mark-sweep generation total 137704K, used 83168K [0x000000009a2c0000, 0x00000000a293a000, 0x0000000100000000)
 Metaspace       used 111739K, capacity 118337K, committed 120492K, reserved 1155072K
  class space    used 13542K, capacity 14759K, committed 15328K, reserved 1048576K
2021-02-02T09:17:32.794+0000: 515512.967: [GC (Allocation Failure) 2021-02-02T09:17:32.794+0000: 515512.967: [ParNew
Desired survivor size 2162688 bytes, new threshold 6 (max 6)
- age   1:      25800 bytes,      25800 total
- age   6:        360 bytes,      26160 total
: 33890K->29K(38080K), 0.0047765 secs] 117059K->83198K(175784K), 0.0050492 secs] [Times: user=0.02 sys=0.00, real=0.00 secs] 
Heap after GC invocations=5319 (full 7):
 par new generation   total 38080K, used 29K [0x0000000085600000, 0x0000000087f50000, 0x000000009a2c0000)
  eden space 33856K,   0% used [0x0000000085600000, 0x0000000085600000, 0x0000000087710000)
  from space 4224K,   0% used [0x0000000087b30000, 0x0000000087b37608, 0x0000000087f50000)
  to   space 4224K,   0% used [0x0000000087710000, 0x0000000087710000, 0x0000000087b30000)
 concurrent mark-sweep generation total 137704K, used 83168K [0x000000009a2c0000, 0x00000000a293a000, 0x0000000100000000)
 Metaspace       used 111739K, capacity 118337K, committed 120492K, reserved 1155072K
  class space    used 13542K, capacity 14759K, committed 15328K, reserved 1048576K
}
2021-02-02T09:17:32.799+0000: 515512.972: Total time for which application threads were stopped: 0.0058447 seconds, Stopping threads took: 0.0001942 seconds
{Heap before GC invocations=5319 (full 7):
 par new generation   total 38080K, used 33885K [0x0000000085600000, 0x0000000087f50000, 0x000000009a2c0000)
  eden space 33856K, 100% used [0x0000000085600000, 0x0000000087710000, 0x0000000087710000)
  from space 4224K,   0% used [0x0000000087b30000, 0x0000000087b37608, 0x0000000087f50000)
  to   space 4224K,   0% used [0x0000000087710000, 0x0000000087710000, 0x0000000087b30000)
 concurrent mark-sweep generation total 137704K, used 83168K [0x000000009a2c0000, 0x00000000a293a000, 0x0000000100000000)
 Metaspace       used 111739K, capacity 118337K, committed 120492K, reserved 1155072K
  class space    used 13542K, capacity 14759K, committed 15328K, reserved 1048576K
2021-02-02T09:19:21.424+0000: 515621.597: [GC (Allocation Failure) 2021-02-02T09:19:21.424+0000: 515621.597: [ParNew
Desired survivor size 2162688 bytes, new threshold 6 (max 6)
- age   1:      25744 bytes,      25744 total
- age   2:        152 bytes,      25896 total
: 33885K->27K(38080K), 0.0047051 secs] 117054K->83196K(175784K), 0.0049393 secs] [Times: user=0.02 sys=0.00, real=0.01 secs] 
Heap after GC invocations=5320 (full 7):
 par new generation   total 38080K, used 27K [0x0000000085600000, 0x0000000087f50000, 0x000000009a2c0000)
  eden space 33856K,   0% used [0x0000000085600000, 0x0000000085600000, 0x0000000087710000)
  from space 4224K,   0% used [0x0000000087710000, 0x0000000087716e70, 0x0000000087b30000)
  to   space 4224K,   0% used [0x0000000087b30000, 0x0000000087b30000, 0x0000000087f50000)
 concurrent mark-sweep generation total 137704K, used 83168K [0x000000009a2c0000, 0x00000000a293a000, 0x0000000100000000)
 Metaspace       used 111739K, capacity 118337K, committed 120492K, reserved 1155072K
  class space    used 13542K, capacity 14759K, committed 15328K, reserved 1048576K
}
2021-02-02T09:19:21.429+0000: 515621.602: Total time for which application threads were stopped: 0.0055343 seconds, Stopping threads took: 0.0000667 seconds
{Heap before GC invocations=5320 (full 7):
 par new generation   total 38080K, used 33883K [0x0000000085600000, 0x0000000087f50000, 0x000000009a2c0000)
  eden space 33856K, 100% used [0x0000000085600000, 0x0000000087710000, 0x0000000087710000)
  from space 4224K,   0% used [0x0000000087710000, 0x0000000087716e70, 0x0000000087b30000)
  to   space 4224K,   0% used [0x0000000087b30000, 0x0000000087b30000, 0x0000000087f50000)
 concurrent mark-sweep generation total 137704K, used 83168K [0x000000009a2c0000, 0x00000000a293a000, 0x0000000100000000)
 Metaspace       used 111739K, capacity 118337K, committed 120492K, reserved 1155072K
  class space    used 13542K, capacity 14759K, committed 15328K, reserved 1048576K
2021-02-02T09:21:12.180+0000: 515732.353: [GC (Allocation Failure) 2021-02-02T09:21:12.180+0000: 515732.353: [ParNew
Desired survivor size 2162688 bytes, new threshold 6 (max 6)
- age   1:      29864 bytes,      29864 total
- age   2:        152 bytes,      30016 total
- age   3:         32 bytes,      30048 total
: 33883K->31K(38080K), 0.0055052 secs] 117052K->83200K(175784K), 0.0058414 secs] [Times: user=0.02 sys=0.00, real=0.01 secs] 
Heap after GC invocations=5321 (full 7):
 par new generation   total 38080K, used 31K [0x0000000085600000, 0x0000000087f50000, 0x000000009a2c0000)
  eden space 33856K,   0% used [0x0000000085600000, 0x0000000085600000, 0x0000000087710000)
  from space 4224K,   0% used [0x0000000087b30000, 0x0000000087b37e18, 0x0000000087f50000)
  to   space 4224K,   0% used [0x0000000087710000, 0x0000000087710000, 0x0000000087b30000)
 concurrent mark-sweep generation total 137704K, used 83168K [0x000000009a2c0000, 0x00000000a293a000, 0x0000000100000000)
 Metaspace       used 111739K, capacity 118337K, committed 120492K, reserved 1155072K
  class space    used 13542K, capacity 14759K, committed 15328K, reserved 1048576K
}
2021-02-02T09:21:12.186+0000: 515732.359: Total time for which application threads were stopped: 0.0064360 seconds, Stopping threads took: 0.0000640 seconds
{Heap before GC invocations=5321 (full 7):
 par new generation   total 38080K, used 33887K [0x0000000085600000, 0x0000000087f50000, 0x000000009a2c0000)
  eden space 33856K, 100% used [0x0000000085600000, 0x0000000087710000, 0x0000000087710000)
  from space 4224K,   0% used [0x0000000087b30000, 0x0000000087b37e18, 0x0000000087f50000)
  to   space 4224K,   0% used [0x0000000087710000, 0x0000000087710000, 0x0000000087b30000)
 concurrent mark-sweep generation total 137704K, used 83168K [0x000000009a2c0000, 0x00000000a293a000, 0x0000000100000000)
 Metaspace       used 111739K, capacity 118337K, committed 120492K, reserved 1155072K
  class space    used 13542K, capacity 14759K, committed 15328K, reserved 1048576K
2021-02-02T09:22:59.523+0000: 515839.697: [GC (Allocation Failure) 2021-02-02T09:22:59.524+0000: 515839.697: [ParNew
Desired survivor size 2162688 bytes, new threshold 6 (max 6)
- age   1:      64424 bytes,      64424 total
: 33887K->67K(38080K), 0.0051432 secs] 117056K->83236K(175784K), 0.0056229 secs] [Times: user=0.02 sys=0.00, real=0.01 secs] 
Heap after GC invocations=5322 (full 7):
 par new generation   total 38080K, used 67K [0x0000000085600000, 0x0000000087f50000, 0x000000009a2c0000)
  eden space 33856K,   0% used [0x0000000085600000, 0x0000000085600000, 0x0000000087710000)
  from space 4224K,   1% used [0x0000000087710000, 0x0000000087720eb0, 0x0000000087b30000)
  to   space 4224K,   0% used [0x0000000087b30000, 0x0000000087b30000, 0x0000000087f50000)
 concurrent mark-sweep generation total 137704K, used 83168K [0x000000009a2c0000, 0x00000000a293a000, 0x0000000100000000)
 Metaspace       used 111739K, capacity 118337K, committed 120492K, reserved 1155072K
  class space    used 13542K, capacity 14759K, committed 15328K, reserved 1048576K
}
2021-02-02T09:22:59.529+0000: 515839.702: Total time for which application threads were stopped: 0.0068297 seconds, Stopping threads took: 0.0002913 seconds
{Heap before GC invocations=5322 (full 7):
 par new generation   total 38080K, used 33894K [0x0000000085600000, 0x0000000087f50000, 0x000000009a2c0000)
  eden space 33856K,  99% used [0x0000000085600000, 0x0000000087708b10, 0x0000000087710000)
  from space 4224K,   1% used [0x0000000087710000, 0x0000000087720eb0, 0x0000000087b30000)
  to   space 4224K,   0% used [0x0000000087b30000, 0x0000000087b30000, 0x0000000087f50000)
 concurrent mark-sweep generation total 137704K, used 83168K [0x000000009a2c0000, 0x00000000a293a000, 0x0000000100000000)
 Metaspace       used 111739K, capacity 118337K, committed 120492K, reserved 1155072K
  class space    used 13542K, capacity 14759K, committed 15328K, reserved 1048576K
2021-02-02T09:24:46.329+0000: 515946.502: [GC (Allocation Failure) 2021-02-02T09:24:46.329+0000: 515946.502: [ParNew
Desired survivor size 2162688 bytes, new threshold 6 (max 6)
- age   1:      92424 bytes,      92424 total
- age   2:        184 bytes,      92608 total
: 33894K->96K(38080K), 0.0264667 secs] 117063K->83265K(175784K), 0.0267289 secs] [Times: user=0.05 sys=0.00, real=0.03 secs] 
Heap after GC invocations=5323 (full 7):
 par new generation   total 38080K, used 96K [0x0000000085600000, 0x0000000087f50000, 0x000000009a2c0000)
  eden space 33856K,   0% used [0x0000000085600000, 0x0000000085600000, 0x0000000087710000)
  from space 4224K,   2% used [0x0000000087b30000, 0x0000000087b48018, 0x0000000087f50000)
  to   space 4224K,   0% used [0x0000000087710000, 0x0000000087710000, 0x0000000087b30000)
 concurrent mark-sweep generation total 137704K, used 83168K [0x000000009a2c0000, 0x00000000a293a000, 0x0000000100000000)
 Metaspace       used 111739K, capacity 118337K, committed 120492K, reserved 1155072K
  class space    used 13542K, capacity 14759K, committed 15328K, reserved 1048576K
}
2021-02-02T09:24:46.356+0000: 515946.529: Total time for which application threads were stopped: 0.0275559 seconds, Stopping threads took: 0.0000823 seconds
{Heap before GC invocations=5323 (full 7):
 par new generation   total 38080K, used 33952K [0x0000000085600000, 0x0000000087f50000, 0x000000009a2c0000)
  eden space 33856K, 100% used [0x0000000085600000, 0x0000000087710000, 0x0000000087710000)
  from space 4224K,   2% used [0x0000000087b30000, 0x0000000087b48018, 0x0000000087f50000)
  to   space 4224K,   0% used [0x0000000087710000, 0x0000000087710000, 0x0000000087b30000)
 concurrent mark-sweep generation total 137704K, used 83168K [0x000000009a2c0000, 0x00000000a293a000, 0x0000000100000000)
 Metaspace       used 111739K, capacity 118337K, committed 120492K, reserved 1155072K
  class space    used 13542K, capacity 14759K, committed 15328K, reserved 1048576K
2021-02-02T09:26:36.442+0000: 516056.615: [GC (Allocation Failure) 2021-02-02T09:26:36.442+0000: 516056.615: [ParNew
Desired survivor size 2162688 bytes, new threshold 6 (max 6)
- age   1:      25656 bytes,      25656 total
- age   2:         48 bytes,      25704 total
- age   3:         32 bytes,      25736 total
: 33952K->27K(38080K), 0.0101108 secs] 117121K->83196K(175784K), 0.0105802 secs] [Times: user=0.02 sys=0.00, real=0.02 secs] 
Heap after GC invocations=5324 (full 7):
 par new generation   total 38080K, used 27K [0x0000000085600000, 0x0000000087f50000, 0x000000009a2c0000)
  eden space 33856K,   0% used [0x0000000085600000, 0x0000000085600000, 0x0000000087710000)
  from space 4224K,   0% used [0x0000000087710000, 0x0000000087716df8, 0x0000000087b30000)
  to   space 4224K,   0% used [0x0000000087b30000, 0x0000000087b30000, 0x0000000087f50000)
 concurrent mark-sweep generation total 137704K, used 83168K [0x000000009a2c0000, 0x00000000a293a000, 0x0000000100000000)
 Metaspace       used 111739K, capacity 118337K, committed 120492K, reserved 1155072K
  class space    used 13542K, capacity 14759K, committed 15328K, reserved 1048576K
}
2021-02-02T09:26:36.453+0000: 516056.626: Total time for which application threads were stopped: 0.0122825 seconds, Stopping threads took: 0.0003930 seconds
{Heap before GC invocations=5324 (full 7):
 par new generation   total 38080K, used 33883K [0x0000000085600000, 0x0000000087f50000, 0x000000009a2c0000)
  eden space 33856K, 100% used [0x0000000085600000, 0x0000000087710000, 0x0000000087710000)
  from space 4224K,   0% used [0x0000000087710000, 0x0000000087716df8, 0x0000000087b30000)
  to   space 4224K,   0% used [0x0000000087b30000, 0x0000000087b30000, 0x0000000087f50000)
 concurrent mark-sweep generation total 137704K, used 83168K [0x000000009a2c0000, 0x00000000a293a000, 0x0000000100000000)
 Metaspace       used 111739K, capacity 118337K, committed 120492K, reserved 1155072K
  class space    used 13542K, capacity 14759K, committed 15328K, reserved 1048576K
2021-02-02T09:28:25.255+0000: 516165.428: [GC (Allocation Failure) 2021-02-02T09:28:25.255+0000: 516165.428: [ParNew
Desired survivor size 2162688 bytes, new threshold 6 (max 6)
- age   1:      25984 bytes,      25984 total
- age   2:        152 bytes,      26136 total
: 33883K->29K(38080K), 0.0053773 secs] 117052K->83198K(175784K), 0.0056954 secs] [Times: user=0.01 sys=0.00, real=0.00 secs] 
Heap after GC invocations=5325 (full 7):
 par new generation   total 38080K, used 29K [0x0000000085600000, 0x0000000087f50000, 0x000000009a2c0000)
  eden space 33856K,   0% used [0x0000000085600000, 0x0000000085600000, 0x0000000087710000)
  from space 4224K,   0% used [0x0000000087b30000, 0x0000000087b37680, 0x0000000087f50000)
  to   space 4224K,   0% used [0x0000000087710000, 0x0000000087710000, 0x0000000087b30000)
 concurrent mark-sweep generation total 137704K, used 83168K [0x000000009a2c0000, 0x00000000a293a000, 0x0000000100000000)
 Metaspace       used 111739K, capacity 118337K, committed 120492K, reserved 1155072K
  class space    used 13542K, capacity 14759K, committed 15328K, reserved 1048576K
}
2021-02-02T09:28:25.261+0000: 516165.434: Total time for which application threads were stopped: 0.0064812 seconds, Stopping threads took: 0.0000698 seconds
{Heap before GC invocations=5325 (full 7):
 par new generation   total 38080K, used 33885K [0x0000000085600000, 0x0000000087f50000, 0x000000009a2c0000)
  eden space 33856K, 100% used [0x0000000085600000, 0x0000000087710000, 0x0000000087710000)
  from space 4224K,   0% used [0x0000000087b30000, 0x0000000087b37680, 0x0000000087f50000)
  to   space 4224K,   0% used [0x0000000087710000, 0x0000000087710000, 0x0000000087b30000)
 concurrent mark-sweep generation total 137704K, used 83168K [0x000000009a2c0000, 0x00000000a293a000, 0x0000000100000000)
 Metaspace       used 111739K, capacity 118337K, committed 120492K, reserved 1155072K
  class space    used 13542K, capacity 14759K, committed 15328K, reserved 1048576K
2021-02-02T09:30:16.431+0000: 516276.604: [GC (Allocation Failure) 2021-02-02T09:30:16.431+0000: 516276.604: [ParNew
Desired survivor size 2162688 bytes, new threshold 6 (max 6)
- age   1:      29736 bytes,      29736 total
- age   2:        152 bytes,      29888 total
- age   3:         32 bytes,      29920 total
: 33885K->31K(38080K), 0.0049842 secs] 117054K->83200K(175784K), 0.0054121 secs] [Times: user=0.02 sys=0.00, real=0.01 secs] 
Heap after GC invocations=5326 (full 7):
 par new generation   total 38080K, used 31K [0x0000000085600000, 0x0000000087f50000, 0x000000009a2c0000)
  eden space 33856K,   0% used [0x0000000085600000, 0x0000000085600000, 0x0000000087710000)
  from space 4224K,   0% used [0x0000000087710000, 0x0000000087717e18, 0x0000000087b30000)
  to   space 4224K,   0% used [0x0000000087b30000, 0x0000000087b30000, 0x0000000087f50000)
 concurrent mark-sweep generation total 137704K, used 83168K [0x000000009a2c0000, 0x00000000a293a000, 0x0000000100000000)
 Metaspace       used 111739K, capacity 118337K, committed 120492K, reserved 1155072K
  class space    used 13542K, capacity 14759K, committed 15328K, reserved 1048576K
}
2021-02-02T09:30:16.437+0000: 516276.610: Total time for which application threads were stopped: 0.0067589 seconds, Stopping threads took: 0.0001674 seconds
{Heap before GC invocations=5326 (full 7):
 par new generation   total 38080K, used 33887K [0x0000000085600000, 0x0000000087f50000, 0x000000009a2c0000)
  eden space 33856K, 100% used [0x0000000085600000, 0x0000000087710000, 0x0000000087710000)
  from space 4224K,   0% used [0x0000000087710000, 0x0000000087717e18, 0x0000000087b30000)
  to   space 4224K,   0% used [0x0000000087b30000, 0x0000000087b30000, 0x0000000087f50000)
 concurrent mark-sweep generation total 137704K, used 83168K [0x000000009a2c0000, 0x00000000a293a000, 0x0000000100000000)
 Metaspace       used 111739K, capacity 118337K, committed 120492K, reserved 1155072K
  class space    used 13542K, capacity 14759K, committed 15328K, reserved 1048576K
2021-02-02T09:32:03.840+0000: 516384.013: [GC (Allocation Failure) 2021-02-02T09:32:03.840+0000: 516384.013: [ParNew
Desired survivor size 2162688 bytes, new threshold 6 (max 6)
- age   1:      64024 bytes,      64024 total
- age   2:         32 bytes,      64056 total
- age   4:         32 bytes,      64088 total
: 33887K->65K(38080K), 0.0087787 secs] 117056K->83234K(175784K), 0.0091076 secs] [Times: user=0.01 sys=0.00, real=0.01 secs] 
Heap after GC invocations=5327 (full 7):
 par new generation   total 38080K, used 65K [0x0000000085600000, 0x0000000087f50000, 0x000000009a2c0000)
  eden space 33856K,   0% used [0x0000000085600000, 0x0000000085600000, 0x0000000087710000)
  from space 4224K,   1% used [0x0000000087b30000, 0x0000000087b40660, 0x0000000087f50000)
  to   space 4224K,   0% used [0x0000000087710000, 0x0000000087710000, 0x0000000087b30000)
 concurrent mark-sweep generation total 137704K, used 83168K [0x000000009a2c0000, 0x00000000a293a000, 0x0000000100000000)
 Metaspace       used 111739K, capacity 118337K, committed 120492K, reserved 1155072K
  class space    used 13542K, capacity 14759K, committed 15328K, reserved 1048576K
}
2021-02-02T09:32:03.849+0000: 516384.022: Total time for which application threads were stopped: 0.0100663 seconds, Stopping threads took: 0.0001365 seconds
{Heap before GC invocations=5327 (full 7):
 par new generation   total 38080K, used 33921K [0x0000000085600000, 0x0000000087f50000, 0x000000009a2c0000)
  eden space 33856K, 100% used [0x0000000085600000, 0x0000000087710000, 0x0000000087710000)
  from space 4224K,   1% used [0x0000000087b30000, 0x0000000087b40660, 0x0000000087f50000)
  to   space 4224K,   0% used [0x0000000087710000, 0x0000000087710000, 0x0000000087b30000)
 concurrent mark-sweep generation total 137704K, used 83168K [0x000000009a2c0000, 0x00000000a293a000, 0x0000000100000000)
 Metaspace       used 111739K, capacity 118337K, committed 120492K, reserved 1155072K
  class space    used 13542K, capacity 14759K, committed 15328K, reserved 1048576K
2021-02-02T09:33:51.083+0000: 516491.256: [GC (Allocation Failure) 2021-02-02T09:33:51.084+0000: 516491.257: [ParNew
Desired survivor size 2162688 bytes, new threshold 6 (max 6)
- age   1:      97944 bytes,      97944 total
- age   2:        120 bytes,      98064 total
- age   5:         32 bytes,      98096 total
: 33921K->102K(38080K), 0.0094383 secs] 117090K->83271K(175784K), 0.0099267 secs] [Times: user=0.02 sys=0.00, real=0.02 secs] 
Heap after GC invocations=5328 (full 7):
 par new generation   total 38080K, used 102K [0x0000000085600000, 0x0000000087f50000, 0x000000009a2c0000)
  eden space 33856K,   0% used [0x0000000085600000, 0x0000000085600000, 0x0000000087710000)
  from space 4224K,   2% used [0x0000000087710000, 0x00000000877298c8, 0x0000000087b30000)
  to   space 4224K,   0% used [0x0000000087b30000, 0x0000000087b30000, 0x0000000087f50000)
 concurrent mark-sweep generation total 137704K, used 83168K [0x000000009a2c0000, 0x00000000a293a000, 0x0000000100000000)
 Metaspace       used 111739K, capacity 118337K, committed 120492K, reserved 1155072K
  class space    used 13542K, capacity 14759K, committed 15328K, reserved 1048576K
}
2021-02-02T09:33:51.093+0000: 516491.266: Total time for which application threads were stopped: 0.0113363 seconds, Stopping threads took: 0.0001857 seconds
{Heap before GC invocations=5328 (full 7):
 par new generation   total 38080K, used 33958K [0x0000000085600000, 0x0000000087f50000, 0x000000009a2c0000)
  eden space 33856K, 100% used [0x0000000085600000, 0x0000000087710000, 0x0000000087710000)
  from space 4224K,   2% used [0x0000000087710000, 0x00000000877298c8, 0x0000000087b30000)
  to   space 4224K,   0% used [0x0000000087b30000, 0x0000000087b30000, 0x0000000087f50000)
 concurrent mark-sweep generation total 137704K, used 83168K [0x000000009a2c0000, 0x00000000a293a000, 0x0000000100000000)
 Metaspace       used 111739K, capacity 118337K, committed 120492K, reserved 1155072K
  class space    used 13542K, capacity 14759K, committed 15328K, reserved 1048576K
2021-02-02T09:35:39.681+0000: 516599.854: [GC (Allocation Failure) 2021-02-02T09:35:39.681+0000: 516599.854: [ParNew
Desired survivor size 2162688 bytes, new threshold 6 (max 6)
- age   1:      25648 bytes,      25648 total
- age   2:        152 bytes,      25800 total
- age   6:         32 bytes,      25832 total
: 33958K->30K(38080K), 0.0048991 secs] 117127K->83199K(175784K), 0.0051464 secs] [Times: user=0.02 sys=0.00, real=0.01 secs] 
Heap after GC invocations=5329 (full 7):
 par new generation   total 38080K, used 30K [0x0000000085600000, 0x0000000087f50000, 0x000000009a2c0000)
  eden space 33856K,   0% used [0x0000000085600000, 0x0000000085600000, 0x0000000087710000)
  from space 4224K,   0% used [0x0000000087b30000, 0x0000000087b37940, 0x0000000087f50000)
  to   space 4224K,   0% used [0x0000000087710000, 0x0000000087710000, 0x0000000087b30000)
 concurrent mark-sweep generation total 137704K, used 83168K [0x000000009a2c0000, 0x00000000a293a000, 0x0000000100000000)
 Metaspace       used 111739K, capacity 118337K, committed 120492K, reserved 1155072K
  class space    used 13542K, capacity 14759K, committed 15328K, reserved 1048576K
}
2021-02-02T09:35:39.686+0000: 516599.859: Total time for which application threads were stopped: 0.0058421 seconds, Stopping threads took: 0.0001584 seconds
{Heap before GC invocations=5329 (full 7):
 par new generation   total 38080K, used 33886K [0x0000000085600000, 0x0000000087f50000, 0x000000009a2c0000)
  eden space 33856K, 100% used [0x0000000085600000, 0x0000000087710000, 0x0000000087710000)
  from space 4224K,   0% used [0x0000000087b30000, 0x0000000087b37940, 0x0000000087f50000)
  to   space 4224K,   0% used [0x0000000087710000, 0x0000000087710000, 0x0000000087b30000)
 concurrent mark-sweep generation total 137704K, used 83168K [0x000000009a2c0000, 0x00000000a293a000, 0x0000000100000000)
 Metaspace       used 111739K, capacity 118337K, committed 120492K, reserved 1155072K
  class space    used 13542K, capacity 14759K, committed 15328K, reserved 1048576K
2021-02-02T09:37:28.380+0000: 516708.553: [GC (Allocation Failure) 2021-02-02T09:37:28.380+0000: 516708.553: [ParNew
Desired survivor size 2162688 bytes, new threshold 6 (max 6)
- age   1:      24080 bytes,      24080 total
: 33886K->25K(38080K), 0.0048299 secs] 117055K->83194K(175784K), 0.0050504 secs] [Times: user=0.01 sys=0.00, real=0.01 secs] 
Heap after GC invocations=5330 (full 7):
 par new generation   total 38080K, used 25K [0x0000000085600000, 0x0000000087f50000, 0x000000009a2c0000)
  eden space 33856K,   0% used [0x0000000085600000, 0x0000000085600000, 0x0000000087710000)
  from space 4224K,   0% used [0x0000000087710000, 0x0000000087716708, 0x0000000087b30000)
  to   space 4224K,   0% used [0x0000000087b30000, 0x0000000087b30000, 0x0000000087f50000)
 concurrent mark-sweep generation total 137704K, used 83169K [0x000000009a2c0000, 0x00000000a293a000, 0x0000000100000000)
 Metaspace       used 111739K, capacity 118337K, committed 120492K, reserved 1155072K
  class space    used 13542K, capacity 14759K, committed 15328K, reserved 1048576K
}
2021-02-02T09:37:28.385+0000: 516708.558: Total time for which application threads were stopped: 0.0057093 seconds, Stopping threads took: 0.0000667 seconds
{Heap before GC invocations=5330 (full 7):
 par new generation   total 38080K, used 33881K [0x0000000085600000, 0x0000000087f50000, 0x000000009a2c0000)
  eden space 33856K, 100% used [0x0000000085600000, 0x0000000087710000, 0x0000000087710000)
  from space 4224K,   0% used [0x0000000087710000, 0x0000000087716708, 0x0000000087b30000)
  to   space 4224K,   0% used [0x0000000087b30000, 0x0000000087b30000, 0x0000000087f50000)
 concurrent mark-sweep generation total 137704K, used 83169K [0x000000009a2c0000, 0x00000000a293a000, 0x0000000100000000)
 Metaspace       used 111739K, capacity 118337K, committed 120492K, reserved 1155072K
  class space    used 13542K, capacity 14759K, committed 15328K, reserved 1048576K
2021-02-02T09:39:17.156+0000: 516817.329: [GC (Allocation Failure) 2021-02-02T09:39:17.156+0000: 516817.329: [ParNew
Desired survivor size 2162688 bytes, new threshold 6 (max 6)
- age   1:      27744 bytes,      27744 total
- age   2:        120 bytes,      27864 total
: 33881K->29K(38080K), 0.0050364 secs] 117050K->83198K(175784K), 0.0053106 secs] [Times: user=0.02 sys=0.00, real=0.00 secs] 
Heap after GC invocations=5331 (full 7):
 par new generation   total 38080K, used 29K [0x0000000085600000, 0x0000000087f50000, 0x000000009a2c0000)
  eden space 33856K,   0% used [0x0000000085600000, 0x0000000085600000, 0x0000000087710000)
  from space 4224K,   0% used [0x0000000087b30000, 0x0000000087b37730, 0x0000000087f50000)
  to   space 4224K,   0% used [0x0000000087710000, 0x0000000087710000, 0x0000000087b30000)
 concurrent mark-sweep generation total 137704K, used 83169K [0x000000009a2c0000, 0x00000000a293a000, 0x0000000100000000)
 Metaspace       used 111739K, capacity 118337K, committed 120492K, reserved 1155072K
  class space    used 13542K, capacity 14759K, committed 15328K, reserved 1048576K
}
2021-02-02T09:39:17.161+0000: 516817.334: Total time for which application threads were stopped: 0.0061999 seconds, Stopping threads took: 0.0002705 seconds
{Heap before GC invocations=5331 (full 7):
 par new generation   total 38080K, used 33885K [0x0000000085600000, 0x0000000087f50000, 0x000000009a2c0000)
  eden space 33856K, 100% used [0x0000000085600000, 0x0000000087710000, 0x0000000087710000)
  from space 4224K,   0% used [0x0000000087b30000, 0x0000000087b37730, 0x0000000087f50000)
  to   space 4224K,   0% used [0x0000000087710000, 0x0000000087710000, 0x0000000087b30000)
 concurrent mark-sweep generation total 137704K, used 83169K [0x000000009a2c0000, 0x00000000a293a000, 0x0000000100000000)
 Metaspace       used 111739K, capacity 118337K, committed 120492K, reserved 1155072K
  class space    used 13542K, capacity 14759K, committed 15328K, reserved 1048576K
2021-02-02T09:41:07.831+0000: 516928.004: [GC (Allocation Failure) 2021-02-02T09:41:07.831+0000: 516928.005: [ParNew
Desired survivor size 2162688 bytes, new threshold 6 (max 6)
- age   1:      29752 bytes,      29752 total
- age   2:         64 bytes,      29816 total
: 33885K->31K(38080K), 0.0048493 secs] 117054K->83200K(175784K), 0.0050596 secs] [Times: user=0.01 sys=0.01, real=0.01 secs] 
Heap after GC invocations=5332 (full 7):
 par new generation   total 38080K, used 31K [0x0000000085600000, 0x0000000087f50000, 0x000000009a2c0000)
  eden space 33856K,   0% used [0x0000000085600000, 0x0000000085600000, 0x0000000087710000)
  from space 4224K,   0% used [0x0000000087710000, 0x0000000087717e18, 0x0000000087b30000)
  to   space 4224K,   0% used [0x0000000087b30000, 0x0000000087b30000, 0x0000000087f50000)
 concurrent mark-sweep generation total 137704K, used 83169K [0x000000009a2c0000, 0x00000000a293a000, 0x0000000100000000)
 Metaspace       used 111739K, capacity 118337K, committed 120492K, reserved 1155072K
  class space    used 13542K, capacity 14759K, committed 15328K, reserved 1048576K
}
2021-02-02T09:41:07.837+0000: 516928.010: Total time for which application threads were stopped: 0.0057444 seconds, Stopping threads took: 0.0000824 seconds
{Heap before GC invocations=5332 (full 7):
 par new generation   total 38080K, used 33887K [0x0000000085600000, 0x0000000087f50000, 0x000000009a2c0000)
  eden space 33856K, 100% used [0x0000000085600000, 0x0000000087710000, 0x0000000087710000)
  from space 4224K,   0% used [0x0000000087710000, 0x0000000087717e18, 0x0000000087b30000)
  to   space 4224K,   0% used [0x0000000087b30000, 0x0000000087b30000, 0x0000000087f50000)
 concurrent mark-sweep generation total 137704K, used 83169K [0x000000009a2c0000, 0x00000000a293a000, 0x0000000100000000)
 Metaspace       used 111739K, capacity 118337K, committed 120492K, reserved 1155072K
  class space    used 13542K, capacity 14759K, committed 15328K, reserved 1048576K
2021-02-02T09:42:54.466+0000: 517034.639: [GC (Allocation Failure) 2021-02-02T09:42:54.466+0000: 517034.639: [ParNew
Desired survivor size 2162688 bytes, new threshold 6 (max 6)
- age   1:      97552 bytes,      97552 total
- age   2:        152 bytes,      97704 total
- age   3:         32 bytes,      97736 total
: 33887K->101K(38080K), 0.0048011 secs] 117056K->83270K(175784K), 0.0050555 secs] [Times: user=0.01 sys=0.00, real=0.00 secs] 
Heap after GC invocations=5333 (full 7):
 par new generation   total 38080K, used 101K [0x0000000085600000, 0x0000000087f50000, 0x000000009a2c0000)
  eden space 33856K,   0% used [0x0000000085600000, 0x0000000085600000, 0x0000000087710000)
  from space 4224K,   2% used [0x0000000087b30000, 0x0000000087b49440, 0x0000000087f50000)
  to   space 4224K,   0% used [0x0000000087710000, 0x0000000087710000, 0x0000000087b30000)
 concurrent mark-sweep generation total 137704K, used 83169K [0x000000009a2c0000, 0x00000000a293a000, 0x0000000100000000)
 Metaspace       used 111739K, capacity 118337K, committed 120492K, reserved 1155072K
  class space    used 13542K, capacity 14759K, committed 15328K, reserved 1048576K
}
2021-02-02T09:42:54.471+0000: 517034.644: Total time for which application threads were stopped: 0.0058331 seconds, Stopping threads took: 0.0000804 seconds
{Heap before GC invocations=5333 (full 7):
 par new generation   total 38080K, used 33957K [0x0000000085600000, 0x0000000087f50000, 0x000000009a2c0000)
  eden space 33856K, 100% used [0x0000000085600000, 0x0000000087710000, 0x0000000087710000)
  from space 4224K,   2% used [0x0000000087b30000, 0x0000000087b49440, 0x0000000087f50000)
  to   space 4224K,   0% used [0x0000000087710000, 0x0000000087710000, 0x0000000087b30000)
 concurrent mark-sweep generation total 137704K, used 83169K [0x000000009a2c0000, 0x00000000a293a000, 0x0000000100000000)
 Metaspace       used 111739K, capacity 118337K, committed 120492K, reserved 1155072K
  class space    used 13542K, capacity 14759K, committed 15328K, reserved 1048576K
2021-02-02T09:44:43.173+0000: 517143.346: [GC (Allocation Failure) 2021-02-02T09:44:43.173+0000: 517143.346: [ParNew
Desired survivor size 2162688 bytes, new threshold 6 (max 6)
- age   1:      26568 bytes,      26568 total
- age   2:        168 bytes,      26736 total
- age   3:         32 bytes,      26768 total
: 33957K->31K(38080K), 0.0054110 secs] 117126K->83200K(175784K), 0.0057281 secs] [Times: user=0.02 sys=0.00, real=0.00 secs] 
Heap after GC invocations=5334 (full 7):
 par new generation   total 38080K, used 31K [0x0000000085600000, 0x0000000087f50000, 0x000000009a2c0000)
  eden space 33856K,   0% used [0x0000000085600000, 0x0000000085600000, 0x0000000087710000)
  from space 4224K,   0% used [0x0000000087710000, 0x0000000087717f68, 0x0000000087b30000)
  to   space 4224K,   0% used [0x0000000087b30000, 0x0000000087b30000, 0x0000000087f50000)
 concurrent mark-sweep generation total 137704K, used 83169K [0x000000009a2c0000, 0x00000000a293a000, 0x0000000100000000)
 Metaspace       used 111739K, capacity 118337K, committed 120492K, reserved 1155072K
  class space    used 13542K, capacity 14759K, committed 15328K, reserved 1048576K
}
2021-02-02T09:44:43.179+0000: 517143.352: Total time for which application threads were stopped: 0.0067644 seconds, Stopping threads took: 0.0002739 seconds
{Heap before GC invocations=5334 (full 7):
 par new generation   total 38080K, used 33887K [0x0000000085600000, 0x0000000087f50000, 0x000000009a2c0000)
  eden space 33856K, 100% used [0x0000000085600000, 0x0000000087710000, 0x0000000087710000)
  from space 4224K,   0% used [0x0000000087710000, 0x0000000087717f68, 0x0000000087b30000)
  to   space 4224K,   0% used [0x0000000087b30000, 0x0000000087b30000, 0x0000000087f50000)
 concurrent mark-sweep generation total 137704K, used 83169K [0x000000009a2c0000, 0x00000000a293a000, 0x0000000100000000)
 Metaspace       used 111739K, capacity 118337K, committed 120492K, reserved 1155072K
  class space    used 13542K, capacity 14759K, committed 15328K, reserved 1048576K
2021-02-02T09:46:31.913+0000: 517252.086: [GC (Allocation Failure) 2021-02-02T09:46:31.913+0000: 517252.087: [ParNew
Desired survivor size 2162688 bytes, new threshold 6 (max 6)
- age   1:      26456 bytes,      26456 total
: 33887K->29K(38080K), 0.0048915 secs] 117056K->83198K(175784K), 0.0051604 secs] [Times: user=0.01 sys=0.00, real=0.00 secs] 
Heap after GC invocations=5335 (full 7):
 par new generation   total 38080K, used 29K [0x0000000085600000, 0x0000000087f50000, 0x000000009a2c0000)
  eden space 33856K,   0% used [0x0000000085600000, 0x0000000085600000, 0x0000000087710000)
  from space 4224K,   0% used [0x0000000087b30000, 0x0000000087b37608, 0x0000000087f50000)
  to   space 4224K,   0% used [0x0000000087710000, 0x0000000087710000, 0x0000000087b30000)
 concurrent mark-sweep generation total 137704K, used 83169K [0x000000009a2c0000, 0x00000000a293a000, 0x0000000100000000)
 Metaspace       used 111739K, capacity 118337K, committed 120492K, reserved 1155072K
  class space    used 13542K, capacity 14759K, committed 15328K, reserved 1048576K
}
2021-02-02T09:46:31.919+0000: 517252.092: Total time for which application threads were stopped: 0.0057479 seconds, Stopping threads took: 0.0000645 seconds
2021-02-02T09:48:16.933+0000: 517357.106: Total time for which application threads were stopped: 0.0003758 seconds, Stopping threads took: 0.0000685 seconds
{Heap before GC invocations=5335 (full 7):
 par new generation   total 38080K, used 33885K [0x0000000085600000, 0x0000000087f50000, 0x000000009a2c0000)
  eden space 33856K, 100% used [0x0000000085600000, 0x0000000087710000, 0x0000000087710000)
  from space 4224K,   0% used [0x0000000087b30000, 0x0000000087b37608, 0x0000000087f50000)
  to   space 4224K,   0% used [0x0000000087710000, 0x0000000087710000, 0x0000000087b30000)
 concurrent mark-sweep generation total 137704K, used 83169K [0x000000009a2c0000, 0x00000000a293a000, 0x0000000100000000)
 Metaspace       used 111739K, capacity 118337K, committed 120492K, reserved 1155072K
  class space    used 13542K, capacity 14759K, committed 15328K, reserved 1048576K
2021-02-02T09:48:20.669+0000: 517360.843: [GC (Allocation Failure) 2021-02-02T09:48:20.670+0000: 517360.843: [ParNew
Desired survivor size 2162688 bytes, new threshold 6 (max 6)
- age   1:      26560 bytes,      26560 total
- age   2:        152 bytes,      26712 total
: 33885K->29K(38080K), 0.0049174 secs] 117054K->83198K(175784K), 0.0051976 secs] [Times: user=0.01 sys=0.00, real=0.01 secs] 
Heap after GC invocations=5336 (full 7):
 par new generation   total 38080K, used 29K [0x0000000085600000, 0x0000000087f50000, 0x000000009a2c0000)
  eden space 33856K,   0% used [0x0000000085600000, 0x0000000085600000, 0x0000000087710000)
  from space 4224K,   0% used [0x0000000087710000, 0x0000000087717680, 0x0000000087b30000)
  to   space 4224K,   0% used [0x0000000087b30000, 0x0000000087b30000, 0x0000000087f50000)
 concurrent mark-sweep generation total 137704K, used 83169K [0x000000009a2c0000, 0x00000000a293a000, 0x0000000100000000)
 Metaspace       used 111739K, capacity 118337K, committed 120492K, reserved 1155072K
  class space    used 13542K, capacity 14759K, committed 15328K, reserved 1048576K
}
2021-02-02T09:48:20.675+0000: 517360.848: Total time for which application threads were stopped: 0.0070566 seconds, Stopping threads took: 0.0012461 seconds
2021-02-02T09:49:17.683+0000: 517417.856: Total time for which application threads were stopped: 0.0003766 seconds, Stopping threads took: 0.0000701 seconds
{Heap before GC invocations=5336 (full 7):
 par new generation   total 38080K, used 33885K [0x0000000085600000, 0x0000000087f50000, 0x000000009a2c0000)
  eden space 33856K, 100% used [0x0000000085600000, 0x0000000087710000, 0x0000000087710000)
  from space 4224K,   0% used [0x0000000087710000, 0x0000000087717680, 0x0000000087b30000)
  to   space 4224K,   0% used [0x0000000087b30000, 0x0000000087b30000, 0x0000000087f50000)
 concurrent mark-sweep generation total 137704K, used 83169K [0x000000009a2c0000, 0x00000000a293a000, 0x0000000100000000)
 Metaspace       used 111739K, capacity 118337K, committed 120492K, reserved 1155072K
  class space    used 13542K, capacity 14759K, committed 15328K, reserved 1048576K
2021-02-02T09:50:11.610+0000: 517471.783: [GC (Allocation Failure) 2021-02-02T09:50:11.610+0000: 517471.783: [ParNew
Desired survivor size 2162688 bytes, new threshold 6 (max 6)
- age   1:      29816 bytes,      29816 total
- age   2:        184 bytes,      30000 total
- age   3:         32 bytes,      30032 total
: 33885K->31K(38080K), 0.0109956 secs] 117054K->83200K(175784K), 0.0113069 secs] [Times: user=0.02 sys=0.00, real=0.01 secs] 
Heap after GC invocations=5337 (full 7):
 par new generation   total 38080K, used 31K [0x0000000085600000, 0x0000000087f50000, 0x000000009a2c0000)
  eden space 33856K,   0% used [0x0000000085600000, 0x0000000085600000, 0x0000000087710000)
  from space 4224K,   0% used [0x0000000087b30000, 0x0000000087b37f40, 0x0000000087f50000)
  to   space 4224K,   0% used [0x0000000087710000, 0x0000000087710000, 0x0000000087b30000)
 concurrent mark-sweep generation total 137704K, used 83169K [0x000000009a2c0000, 0x00000000a293a000, 0x0000000100000000)
 Metaspace       used 111739K, capacity 118337K, committed 120492K, reserved 1155072K
  class space    used 13542K, capacity 14759K, committed 15328K, reserved 1048576K
}
2021-02-02T09:50:11.621+0000: 517471.794: Total time for which application threads were stopped: 0.0122371 seconds, Stopping threads took: 0.0002861 seconds
{Heap before GC invocations=5337 (full 7):
 par new generation   total 38080K, used 33887K [0x0000000085600000, 0x0000000087f50000, 0x000000009a2c0000)
  eden space 33856K, 100% used [0x0000000085600000, 0x0000000087710000, 0x0000000087710000)
  from space 4224K,   0% used [0x0000000087b30000, 0x0000000087b37f40, 0x0000000087f50000)
  to   space 4224K,   0% used [0x0000000087710000, 0x0000000087710000, 0x0000000087b30000)
 concurrent mark-sweep generation total 137704K, used 83169K [0x000000009a2c0000, 0x00000000a293a000, 0x0000000100000000)
 Metaspace       used 111739K, capacity 118337K, committed 120492K, reserved 1155072K
  class space    used 13542K, capacity 14759K, committed 15328K, reserved 1048576K
2021-02-02T09:51:58.971+0000: 517579.144: [GC (Allocation Failure) 2021-02-02T09:51:58.971+0000: 517579.144: [ParNew
Desired survivor size 2162688 bytes, new threshold 6 (max 6)
- age   1:      63792 bytes,      63792 total
: 33887K->65K(38080K), 0.0062268 secs] 117056K->83234K(175784K), 0.0065031 secs] [Times: user=0.02 sys=0.00, real=0.01 secs] 
Heap after GC invocations=5338 (full 7):
 par new generation   total 38080K, used 65K [0x0000000085600000, 0x0000000087f50000, 0x000000009a2c0000)
  eden space 33856K,   0% used [0x0000000085600000, 0x0000000085600000, 0x0000000087710000)
  from space 4224K,   1% used [0x0000000087710000, 0x00000000877205a0, 0x0000000087b30000)
  to   space 4224K,   0% used [0x0000000087b30000, 0x0000000087b30000, 0x0000000087f50000)
 concurrent mark-sweep generation total 137704K, used 83169K [0x000000009a2c0000, 0x00000000a293a000, 0x0000000100000000)
 Metaspace       used 111739K, capacity 118337K, committed 120492K, reserved 1155072K
  class space    used 13542K, capacity 14759K, committed 15328K, reserved 1048576K
}
2021-02-02T09:51:58.977+0000: 517579.151: Total time for which application threads were stopped: 0.0071572 seconds, Stopping threads took: 0.0000652 seconds
{Heap before GC invocations=5338 (full 7):
 par new generation   total 38080K, used 33921K [0x0000000085600000, 0x0000000087f50000, 0x000000009a2c0000)
  eden space 33856K, 100% used [0x0000000085600000, 0x0000000087710000, 0x0000000087710000)
  from space 4224K,   1% used [0x0000000087710000, 0x00000000877205a0, 0x0000000087b30000)
  to   space 4224K,   0% used [0x0000000087b30000, 0x0000000087b30000, 0x0000000087f50000)
 concurrent mark-sweep generation total 137704K, used 83169K [0x000000009a2c0000, 0x00000000a293a000, 0x0000000100000000)
 Metaspace       used 111739K, capacity 118337K, committed 120492K, reserved 1155072K
  class space    used 13542K, capacity 14759K, committed 15328K, reserved 1048576K
2021-02-02T09:53:46.818+0000: 517686.991: [GC (Allocation Failure) 2021-02-02T09:53:46.818+0000: 517686.991: [ParNew
Desired survivor size 2162688 bytes, new threshold 6 (max 6)
- age   1:     163224 bytes,     163224 total
- age   2:        184 bytes,     163408 total
: 33921K->166K(38080K), 0.0116289 secs] 117090K->83335K(175784K), 0.0121253 secs] [Times: user=0.03 sys=0.00, real=0.01 secs] 
Heap after GC invocations=5339 (full 7):
 par new generation   total 38080K, used 166K [0x0000000085600000, 0x0000000087f50000, 0x000000009a2c0000)
  eden space 33856K,   0% used [0x0000000085600000, 0x0000000085600000, 0x0000000087710000)
  from space 4224K,   3% used [0x0000000087b30000, 0x0000000087b59838, 0x0000000087f50000)
  to   space 4224K,   0% used [0x0000000087710000, 0x0000000087710000, 0x0000000087b30000)
 concurrent mark-sweep generation total 137704K, used 83169K [0x000000009a2c0000, 0x00000000a293a000, 0x0000000100000000)
 Metaspace       used 111739K, capacity 118337K, committed 120492K, reserved 1155072K
  class space    used 13542K, capacity 14759K, committed 15328K, reserved 1048576K
}
2021-02-02T09:53:46.831+0000: 517687.004: Total time for which application threads were stopped: 0.0140761 seconds, Stopping threads took: 0.0001934 seconds
{Heap before GC invocations=5339 (full 7):
 par new generation   total 38080K, used 34022K [0x0000000085600000, 0x0000000087f50000, 0x000000009a2c0000)
  eden space 33856K, 100% used [0x0000000085600000, 0x0000000087710000, 0x0000000087710000)
  from space 4224K,   3% used [0x0000000087b30000, 0x0000000087b59838, 0x0000000087f50000)
  to   space 4224K,   0% used [0x0000000087710000, 0x0000000087710000, 0x0000000087b30000)
 concurrent mark-sweep generation total 137704K, used 83169K [0x000000009a2c0000, 0x00000000a293a000, 0x0000000100000000)
 Metaspace       used 111739K, capacity 118337K, committed 120492K, reserved 1155072K
  class space    used 13542K, capacity 14759K, committed 15328K, reserved 1048576K
2021-02-02T09:55:37.000+0000: 517797.173: [GC (Allocation Failure) 2021-02-02T09:55:37.000+0000: 517797.173: [ParNew
Desired survivor size 2162688 bytes, new threshold 6 (max 6)
- age   1:      26744 bytes,      26744 total
- age   3:         64 bytes,      26808 total
: 34022K->32K(38080K), 0.0051201 secs] 117191K->83201K(175784K), 0.0053860 secs] [Times: user=0.02 sys=0.00, real=0.01 secs] 
Heap after GC invocations=5340 (full 7):
 par new generation   total 38080K, used 32K [0x0000000085600000, 0x0000000087f50000, 0x000000009a2c0000)
  eden space 33856K,   0% used [0x0000000085600000, 0x0000000085600000, 0x0000000087710000)
  from space 4224K,   0% used [0x0000000087710000, 0x0000000087718288, 0x0000000087b30000)
  to   space 4224K,   0% used [0x0000000087b30000, 0x0000000087b30000, 0x0000000087f50000)
 concurrent mark-sweep generation total 137704K, used 83169K [0x000000009a2c0000, 0x00000000a293a000, 0x0000000100000000)
 Metaspace       used 111739K, capacity 118337K, committed 120492K, reserved 1155072K
  class space    used 13542K, capacity 14759K, committed 15328K, reserved 1048576K
}
2021-02-02T09:55:37.006+0000: 517797.179: Total time for which application threads were stopped: 0.0063514 seconds, Stopping threads took: 0.0003473 seconds
{Heap before GC invocations=5340 (full 7):
 par new generation   total 38080K, used 33888K [0x0000000085600000, 0x0000000087f50000, 0x000000009a2c0000)
  eden space 33856K, 100% used [0x0000000085600000, 0x0000000087710000, 0x0000000087710000)
  from space 4224K,   0% used [0x0000000087710000, 0x0000000087718288, 0x0000000087b30000)
  to   space 4224K,   0% used [0x0000000087b30000, 0x0000000087b30000, 0x0000000087f50000)
 concurrent mark-sweep generation total 137704K, used 83169K [0x000000009a2c0000, 0x00000000a293a000, 0x0000000100000000)
 Metaspace       used 111739K, capacity 118337K, committed 120492K, reserved 1155072K
  class space    used 13542K, capacity 14759K, committed 15328K, reserved 1048576K
2021-02-02T09:57:26.177+0000: 517906.350: [GC (Allocation Failure) 2021-02-02T09:57:26.177+0000: 517906.350: [ParNew
Desired survivor size 2162688 bytes, new threshold 6 (max 6)
- age   1:      25944 bytes,      25944 total
- age   2:        120 bytes,      26064 total
: 33888K->29K(38080K), 0.0049999 secs] 117057K->83198K(175784K), 0.0052699 secs] [Times: user=0.02 sys=0.00, real=0.00 secs] 
Heap after GC invocations=5341 (full 7):
 par new generation   total 38080K, used 29K [0x0000000085600000, 0x0000000087f50000, 0x000000009a2c0000)
  eden space 33856K,   0% used [0x0000000085600000, 0x0000000085600000, 0x0000000087710000)
  from space 4224K,   0% used [0x0000000087b30000, 0x0000000087b37680, 0x0000000087f50000)
  to   space 4224K,   0% used [0x0000000087710000, 0x0000000087710000, 0x0000000087b30000)
 concurrent mark-sweep generation total 137704K, used 83169K [0x000000009a2c0000, 0x00000000a293a000, 0x0000000100000000)
 Metaspace       used 111739K, capacity 118337K, committed 120492K, reserved 1155072K
  class space    used 13542K, capacity 14759K, committed 15328K, reserved 1048576K
}
2021-02-02T09:57:26.182+0000: 517906.355: Total time for which application threads were stopped: 0.0060684 seconds, Stopping threads took: 0.0001688 seconds
{Heap before GC invocations=5341 (full 7):
 par new generation   total 38080K, used 33883K [0x0000000085600000, 0x0000000087f50000, 0x000000009a2c0000)
  eden space 33856K,  99% used [0x0000000085600000, 0x000000008770f688, 0x0000000087710000)
  from space 4224K,   0% used [0x0000000087b30000, 0x0000000087b37680, 0x0000000087f50000)
  to   space 4224K,   0% used [0x0000000087710000, 0x0000000087710000, 0x0000000087b30000)
 concurrent mark-sweep generation total 137704K, used 83169K [0x000000009a2c0000, 0x00000000a293a000, 0x0000000100000000)
 Metaspace       used 111739K, capacity 118337K, committed 120492K, reserved 1155072K
  class space    used 13542K, capacity 14759K, committed 15328K, reserved 1048576K
2021-02-02T09:59:16.763+0000: 518016.936: [GC (Allocation Failure) 2021-02-02T09:59:16.764+0000: 518016.937: [ParNew
Desired survivor size 2162688 bytes, new threshold 6 (max 6)
- age   1:      65392 bytes,      65392 total
- age   2:        184 bytes,      65576 total
: 33883K->68K(38080K), 0.0076723 secs] 117052K->83237K(175784K), 0.0082456 secs] [Times: user=0.01 sys=0.00, real=0.01 secs] 
Heap after GC invocations=5342 (full 7):
 par new generation   total 38080K, used 68K [0x0000000085600000, 0x0000000087f50000, 0x000000009a2c0000)
  eden space 33856K,   0% used [0x0000000085600000, 0x0000000085600000, 0x0000000087710000)
  from space 4224K,   1% used [0x0000000087710000, 0x0000000087721158, 0x0000000087b30000)
  to   space 4224K,   0% used [0x0000000087b30000, 0x0000000087b30000, 0x0000000087f50000)
 concurrent mark-sweep generation total 137704K, used 83169K [0x000000009a2c0000, 0x00000000a293a000, 0x0000000100000000)
 Metaspace       used 111739K, capacity 118337K, committed 120492K, reserved 1155072K
  class space    used 13542K, capacity 14759K, committed 15328K, reserved 1048576K
}
2021-02-02T09:59:16.772+0000: 518016.945: Total time for which application threads were stopped: 0.0093666 seconds, Stopping threads took: 0.0002761 seconds
{Heap before GC invocations=5342 (full 7):
 par new generation   total 38080K, used 33924K [0x0000000085600000, 0x0000000087f50000, 0x000000009a2c0000)
  eden space 33856K, 100% used [0x0000000085600000, 0x0000000087710000, 0x0000000087710000)
  from space 4224K,   1% used [0x0000000087710000, 0x0000000087721158, 0x0000000087b30000)
  to   space 4224K,   0% used [0x0000000087b30000, 0x0000000087b30000, 0x0000000087f50000)
 concurrent mark-sweep generation total 137704K, used 83169K [0x000000009a2c0000, 0x00000000a293a000, 0x0000000100000000)
 Metaspace       used 111739K, capacity 118337K, committed 120492K, reserved 1155072K
  class space    used 13542K, capacity 14759K, committed 15328K, reserved 1048576K
2021-02-02T10:01:04.523+0000: 518124.696: [GC (Allocation Failure) 2021-02-02T10:01:04.523+0000: 518124.696: [ParNew
Desired survivor size 2162688 bytes, new threshold 6 (max 6)
- age   1:      63816 bytes,      63816 total
- age   2:         32 bytes,      63848 total
- age   3:         32 bytes,      63880 total
: 33924K->74K(38080K), 0.0160042 secs] 117093K->83243K(175784K), 0.0164250 secs] [Times: user=0.04 sys=0.00, real=0.02 secs] 
Heap after GC invocations=5343 (full 7):
 par new generation   total 38080K, used 74K [0x0000000085600000, 0x0000000087f50000, 0x000000009a2c0000)
  eden space 33856K,   0% used [0x0000000085600000, 0x0000000085600000, 0x0000000087710000)
  from space 4224K,   1% used [0x0000000087b30000, 0x0000000087b42b48, 0x0000000087f50000)
  to   space 4224K,   0% used [0x0000000087710000, 0x0000000087710000, 0x0000000087b30000)
 concurrent mark-sweep generation total 137704K, used 83169K [0x000000009a2c0000, 0x00000000a293a000, 0x0000000100000000)
 Metaspace       used 111739K, capacity 118337K, committed 120492K, reserved 1155072K
  class space    used 13542K, capacity 14759K, committed 15328K, reserved 1048576K
}
2021-02-02T10:01:04.540+0000: 518124.713: Total time for which application threads were stopped: 0.0172275 seconds, Stopping threads took: 0.0001174 seconds
{Heap before GC invocations=5343 (full 7):
 par new generation   total 38080K, used 33930K [0x0000000085600000, 0x0000000087f50000, 0x000000009a2c0000)
  eden space 33856K, 100% used [0x0000000085600000, 0x0000000087710000, 0x0000000087710000)
  from space 4224K,   1% used [0x0000000087b30000, 0x0000000087b42b48, 0x0000000087f50000)
  to   space 4224K,   0% used [0x0000000087710000, 0x0000000087710000, 0x0000000087b30000)
 concurrent mark-sweep generation total 137704K, used 83169K [0x000000009a2c0000, 0x00000000a293a000, 0x0000000100000000)
 Metaspace       used 111739K, capacity 118337K, committed 120492K, reserved 1155072K
  class space    used 13542K, capacity 14759K, committed 15328K, reserved 1048576K
2021-02-02T10:02:51.559+0000: 518231.732: [GC (Allocation Failure) 2021-02-02T10:02:51.559+0000: 518231.733: [ParNew
Desired survivor size 2162688 bytes, new threshold 6 (max 6)
- age   1:     131616 bytes,     131616 total
- age   2:        120 bytes,     131736 total
: 33930K->130K(38080K), 0.0045937 secs] 117099K->83299K(175784K), 0.0048130 secs] [Times: user=0.01 sys=0.01, real=0.01 secs] 
Heap after GC invocations=5344 (full 7):
 par new generation   total 38080K, used 130K [0x0000000085600000, 0x0000000087f50000, 0x000000009a2c0000)
  eden space 33856K,   0% used [0x0000000085600000, 0x0000000085600000, 0x0000000087710000)
  from space 4224K,   3% used [0x0000000087710000, 0x0000000087730868, 0x0000000087b30000)
  to   space 4224K,   0% used [0x0000000087b30000, 0x0000000087b30000, 0x0000000087f50000)
 concurrent mark-sweep generation total 137704K, used 83169K [0x000000009a2c0000, 0x00000000a293a000, 0x0000000100000000)
 Metaspace       used 111739K, capacity 118337K, committed 120492K, reserved 1155072K
  class space    used 13542K, capacity 14759K, committed 15328K, reserved 1048576K
}
2021-02-02T10:02:51.564+0000: 518231.737: Total time for which application threads were stopped: 0.0054236 seconds, Stopping threads took: 0.0000646 seconds
{Heap before GC invocations=5344 (full 7):
 par new generation   total 38080K, used 33986K [0x0000000085600000, 0x0000000087f50000, 0x000000009a2c0000)
  eden space 33856K, 100% used [0x0000000085600000, 0x0000000087710000, 0x0000000087710000)
  from space 4224K,   3% used [0x0000000087710000, 0x0000000087730868, 0x0000000087b30000)
  to   space 4224K,   0% used [0x0000000087b30000, 0x0000000087b30000, 0x0000000087f50000)
 concurrent mark-sweep generation total 137704K, used 83169K [0x000000009a2c0000, 0x00000000a293a000, 0x0000000100000000)
 Metaspace       used 111739K, capacity 118337K, committed 120492K, reserved 1155072K
  class space    used 13542K, capacity 14759K, committed 15328K, reserved 1048576K
2021-02-02T10:04:40.286+0000: 518340.459: [GC (Allocation Failure) 2021-02-02T10:04:40.287+0000: 518340.460: [ParNew
Desired survivor size 2162688 bytes, new threshold 6 (max 6)
- age   1:      25848 bytes,      25848 total
- age   2:        232 bytes,      26080 total
: 33986K->30K(38080K), 0.0041972 secs] 117155K->83199K(175784K), 0.0044089 secs] [Times: user=0.01 sys=0.00, real=0.00 secs] 
Heap after GC invocations=5345 (full 7):
 par new generation   total 38080K, used 30K [0x0000000085600000, 0x0000000087f50000, 0x000000009a2c0000)
  eden space 33856K,   0% used [0x0000000085600000, 0x0000000085600000, 0x0000000087710000)
  from space 4224K,   0% used [0x0000000087b30000, 0x0000000087b379c0, 0x0000000087f50000)
  to   space 4224K,   0% used [0x0000000087710000, 0x0000000087710000, 0x0000000087b30000)
 concurrent mark-sweep generation total 137704K, used 83169K [0x000000009a2c0000, 0x00000000a293a000, 0x0000000100000000)
 Metaspace       used 111739K, capacity 118337K, committed 120492K, reserved 1155072K
  class space    used 13542K, capacity 14759K, committed 15328K, reserved 1048576K
}
2021-02-02T10:04:40.291+0000: 518340.464: Total time for which application threads were stopped: 0.0051764 seconds, Stopping threads took: 0.0002440 seconds
{Heap before GC invocations=5345 (full 7):
 par new generation   total 38080K, used 33886K [0x0000000085600000, 0x0000000087f50000, 0x000000009a2c0000)
  eden space 33856K, 100% used [0x0000000085600000, 0x0000000087710000, 0x0000000087710000)
  from space 4224K,   0% used [0x0000000087b30000, 0x0000000087b379c0, 0x0000000087f50000)
  to   space 4224K,   0% used [0x0000000087710000, 0x0000000087710000, 0x0000000087b30000)
 concurrent mark-sweep generation total 137704K, used 83169K [0x000000009a2c0000, 0x00000000a293a000, 0x0000000100000000)
 Metaspace       used 111739K, capacity 118337K, committed 120492K, reserved 1155072K
  class space    used 13542K, capacity 14759K, committed 15328K, reserved 1048576K
2021-02-02T10:06:29.001+0000: 518449.174: [GC (Allocation Failure) 2021-02-02T10:06:29.001+0000: 518449.174: [ParNew
Desired survivor size 2162688 bytes, new threshold 6 (max 6)
- age   1:      26064 bytes,      26064 total
: 33886K->29K(38080K), 0.0046240 secs] 117055K->83198K(175784K), 0.0048380 secs] [Times: user=0.01 sys=0.00, real=0.01 secs] 
Heap after GC invocations=5346 (full 7):
 par new generation   total 38080K, used 29K [0x0000000085600000, 0x0000000087f50000, 0x000000009a2c0000)
  eden space 33856K,   0% used [0x0000000085600000, 0x0000000085600000, 0x0000000087710000)
  from space 4224K,   0% used [0x0000000087710000, 0x0000000087717608, 0x0000000087b30000)
  to   space 4224K,   0% used [0x0000000087b30000, 0x0000000087b30000, 0x0000000087f50000)
 concurrent mark-sweep generation total 137704K, used 83169K [0x000000009a2c0000, 0x00000000a293a000, 0x0000000100000000)
 Metaspace       used 111739K, capacity 118337K, committed 120492K, reserved 1155072K
  class space    used 13542K, capacity 14759K, committed 15328K, reserved 1048576K
}
2021-02-02T10:06:29.006+0000: 518449.179: Total time for which application threads were stopped: 0.0054646 seconds, Stopping threads took: 0.0000814 seconds
2021-02-02T10:08:04.019+0000: 518544.192: Total time for which application threads were stopped: 0.0004676 seconds, Stopping threads took: 0.0000716 seconds
{Heap before GC invocations=5346 (full 7):
 par new generation   total 38080K, used 33870K [0x0000000085600000, 0x0000000087f50000, 0x000000009a2c0000)
  eden space 33856K,  99% used [0x0000000085600000, 0x000000008770c5c8, 0x0000000087710000)
  from space 4224K,   0% used [0x0000000087710000, 0x0000000087717608, 0x0000000087b30000)
  to   space 4224K,   0% used [0x0000000087b30000, 0x0000000087b30000, 0x0000000087f50000)
 concurrent mark-sweep generation total 137704K, used 83169K [0x000000009a2c0000, 0x00000000a293a000, 0x0000000100000000)
 Metaspace       used 111739K, capacity 118337K, committed 120492K, reserved 1155072K
  class space    used 13542K, capacity 14759K, committed 15328K, reserved 1048576K
2021-02-02T10:08:16.773+0000: 518556.947: [GC (Allocation Failure) 2021-02-02T10:08:16.774+0000: 518556.947: [ParNew
Desired survivor size 2162688 bytes, new threshold 6 (max 6)
- age   1:     114104 bytes,     114104 total
- age   2:        152 bytes,     114256 total
: 33870K->113K(38080K), 0.0046486 secs] 117039K->83282K(175784K), 0.0049139 secs] [Times: user=0.01 sys=0.00, real=0.00 secs] 
Heap after GC invocations=5347 (full 7):
 par new generation   total 38080K, used 113K [0x0000000085600000, 0x0000000087f50000, 0x000000009a2c0000)
  eden space 33856K,   0% used [0x0000000085600000, 0x0000000085600000, 0x0000000087710000)
  from space 4224K,   2% used [0x0000000087b30000, 0x0000000087b4c6b0, 0x0000000087f50000)
  to   space 4224K,   0% used [0x0000000087710000, 0x0000000087710000, 0x0000000087b30000)
 concurrent mark-sweep generation total 137704K, used 83169K [0x000000009a2c0000, 0x00000000a293a000, 0x0000000100000000)
 Metaspace       used 111739K, capacity 118337K, committed 120492K, reserved 1155072K
  class space    used 13542K, capacity 14759K, committed 15328K, reserved 1048576K
}
2021-02-02T10:08:16.779+0000: 518556.952: Total time for which application threads were stopped: 0.0055945 seconds, Stopping threads took: 0.0000682 seconds
2021-02-02T10:09:16.787+0000: 518616.960: Total time for which application threads were stopped: 0.0004029 seconds, Stopping threads took: 0.0000682 seconds
{Heap before GC invocations=5347 (full 7):
 par new generation   total 38080K, used 33969K [0x0000000085600000, 0x0000000087f50000, 0x000000009a2c0000)
  eden space 33856K, 100% used [0x0000000085600000, 0x0000000087710000, 0x0000000087710000)
  from space 4224K,   2% used [0x0000000087b30000, 0x0000000087b4c6b0, 0x0000000087f50000)
  to   space 4224K,   0% used [0x0000000087710000, 0x0000000087710000, 0x0000000087b30000)
 concurrent mark-sweep generation total 137704K, used 83169K [0x000000009a2c0000, 0x00000000a293a000, 0x0000000100000000)
 Metaspace       used 111739K, capacity 118337K, committed 120492K, reserved 1155072K
  class space    used 13542K, capacity 14759K, committed 15328K, reserved 1048576K
2021-02-02T10:10:05.414+0000: 518665.587: [GC (Allocation Failure) 2021-02-02T10:10:05.414+0000: 518665.587: [ParNew
Desired survivor size 2162688 bytes, new threshold 6 (max 6)
- age   1:      99488 bytes,      99488 total
- age   2:      35464 bytes,     134952 total
- age   3:         32 bytes,     134984 total
: 33969K->138K(38080K), 0.0052728 secs] 117138K->83307K(175784K), 0.0054875 secs] [Times: user=0.02 sys=0.00, real=0.00 secs] 
Heap after GC invocations=5348 (full 7):
 par new generation   total 38080K, used 138K [0x0000000085600000, 0x0000000087f50000, 0x000000009a2c0000)
  eden space 33856K,   0% used [0x0000000085600000, 0x0000000085600000, 0x0000000087710000)
  from space 4224K,   3% used [0x0000000087710000, 0x0000000087732818, 0x0000000087b30000)
  to   space 4224K,   0% used [0x0000000087b30000, 0x0000000087b30000, 0x0000000087f50000)
 concurrent mark-sweep generation total 137704K, used 83169K [0x000000009a2c0000, 0x00000000a293a000, 0x0000000100000000)
 Metaspace       used 111739K, capacity 118337K, committed 120492K, reserved 1155072K
  class space    used 13542K, capacity 14759K, committed 15328K, reserved 1048576K
}
2021-02-02T10:10:05.420+0000: 518665.593: Total time for which application threads were stopped: 0.0061479 seconds, Stopping threads took: 0.0000668 seconds
{Heap before GC invocations=5348 (full 7):
 par new generation   total 38080K, used 33994K [0x0000000085600000, 0x0000000087f50000, 0x000000009a2c0000)
  eden space 33856K, 100% used [0x0000000085600000, 0x0000000087710000, 0x0000000087710000)
  from space 4224K,   3% used [0x0000000087710000, 0x0000000087732818, 0x0000000087b30000)
  to   space 4224K,   0% used [0x0000000087b30000, 0x0000000087b30000, 0x0000000087f50000)
 concurrent mark-sweep generation total 137704K, used 83169K [0x000000009a2c0000, 0x00000000a293a000, 0x0000000100000000)
 Metaspace       used 111739K, capacity 118337K, committed 120492K, reserved 1155072K
  class space    used 13542K, capacity 14759K, committed 15328K, reserved 1048576K
2021-02-02T10:11:51.972+0000: 518772.145: [GC (Allocation Failure) 2021-02-02T10:11:51.972+0000: 518772.145: [ParNew
Desired survivor size 2162688 bytes, new threshold 6 (max 6)
- age   1:     133192 bytes,     133192 total
- age   2:      33896 bytes,     167088 total
- age   3:      35232 bytes,     202320 total
- age   4:         32 bytes,     202352 total
: 33994K->204K(38080K), 0.0045355 secs] 117163K->83373K(175784K), 0.0047853 secs] [Times: user=0.01 sys=0.00, real=0.00 secs] 
Heap after GC invocations=5349 (full 7):
 par new generation   total 38080K, used 204K [0x0000000085600000, 0x0000000087f50000, 0x000000009a2c0000)
  eden space 33856K,   0% used [0x0000000085600000, 0x0000000085600000, 0x0000000087710000)
  from space 4224K,   4% used [0x0000000087b30000, 0x0000000087b63140, 0x0000000087f50000)
  to   space 4224K,   0% used [0x0000000087710000, 0x0000000087710000, 0x0000000087b30000)
 concurrent mark-sweep generation total 137704K, used 83169K [0x000000009a2c0000, 0x00000000a293a000, 0x0000000100000000)
 Metaspace       used 111739K, capacity 118337K, committed 120492K, reserved 1155072K
  class space    used 13542K, capacity 14759K, committed 15328K, reserved 1048576K
}
2021-02-02T10:11:51.977+0000: 518772.150: Total time for which application threads were stopped: 0.0054909 seconds, Stopping threads took: 0.0000687 seconds
{Heap before GC invocations=5349 (full 7):
 par new generation   total 38080K, used 34060K [0x0000000085600000, 0x0000000087f50000, 0x000000009a2c0000)
  eden space 33856K, 100% used [0x0000000085600000, 0x0000000087710000, 0x0000000087710000)
  from space 4224K,   4% used [0x0000000087b30000, 0x0000000087b63140, 0x0000000087f50000)
  to   space 4224K,   0% used [0x0000000087710000, 0x0000000087710000, 0x0000000087b30000)
 concurrent mark-sweep generation total 137704K, used 83169K [0x000000009a2c0000, 0x00000000a293a000, 0x0000000100000000)
 Metaspace       used 111739K, capacity 118337K, committed 120492K, reserved 1155072K
  class space    used 13542K, capacity 14759K, committed 15328K, reserved 1048576K
2021-02-02T10:13:39.957+0000: 518880.130: [GC (Allocation Failure) 2021-02-02T10:13:39.957+0000: 518880.130: [ParNew
Desired survivor size 2162688 bytes, new threshold 6 (max 6)
- age   1:      27544 bytes,      27544 total
- age   2:        168 bytes,      27712 total
- age   3:      33736 bytes,      61448 total
- age   4:      34976 bytes,      96424 total
- age   5:         32 bytes,      96456 total
: 34060K->101K(38080K), 0.0072177 secs] 117229K->83270K(175784K), 0.0074688 secs] [Times: user=0.02 sys=0.00, real=0.01 secs] 
Heap after GC invocations=5350 (full 7):
 par new generation   total 38080K, used 101K [0x0000000085600000, 0x0000000087f50000, 0x000000009a2c0000)
  eden space 33856K,   0% used [0x0000000085600000, 0x0000000085600000, 0x0000000087710000)
  from space 4224K,   2% used [0x0000000087710000, 0x0000000087729798, 0x0000000087b30000)
  to   space 4224K,   0% used [0x0000000087b30000, 0x0000000087b30000, 0x0000000087f50000)
 concurrent mark-sweep generation total 137704K, used 83169K [0x000000009a2c0000, 0x00000000a293a000, 0x0000000100000000)
 Metaspace       used 111739K, capacity 118337K, committed 120492K, reserved 1155072K
  class space    used 13542K, capacity 14759K, committed 15328K, reserved 1048576K
}
2021-02-02T10:13:39.965+0000: 518880.138: Total time for which application threads were stopped: 0.0082188 seconds, Stopping threads took: 0.0000767 seconds
{Heap before GC invocations=5350 (full 7):
 par new generation   total 38080K, used 33957K [0x0000000085600000, 0x0000000087f50000, 0x000000009a2c0000)
  eden space 33856K, 100% used [0x0000000085600000, 0x0000000087710000, 0x0000000087710000)
  from space 4224K,   2% used [0x0000000087710000, 0x0000000087729798, 0x0000000087b30000)
  to   space 4224K,   0% used [0x0000000087b30000, 0x0000000087b30000, 0x0000000087f50000)
 concurrent mark-sweep generation total 137704K, used 83169K [0x000000009a2c0000, 0x00000000a293a000, 0x0000000100000000)
 Metaspace       used 111739K, capacity 118337K, committed 120492K, reserved 1155072K
  class space    used 13542K, capacity 14759K, committed 15328K, reserved 1048576K
2021-02-02T10:15:28.312+0000: 518988.485: [GC (Allocation Failure) 2021-02-02T10:15:28.312+0000: 518988.485: [ParNew
Desired survivor size 2162688 bytes, new threshold 6 (max 6)
- age   1:      25808 bytes,      25808 total
- age   4:      33736 bytes,      59544 total
- age   5:      34784 bytes,      94328 total
- age   6:         32 bytes,      94360 total
: 33957K->93K(38080K), 0.0051746 secs] 117126K->83262K(175784K), 0.0054623 secs] [Times: user=0.02 sys=0.00, real=0.00 secs] 
Heap after GC invocations=5351 (full 7):
 par new generation   total 38080K, used 93K [0x0000000085600000, 0x0000000087f50000, 0x000000009a2c0000)
  eden space 33856K,   0% used [0x0000000085600000, 0x0000000085600000, 0x0000000087710000)
  from space 4224K,   2% used [0x0000000087b30000, 0x0000000087b47650, 0x0000000087f50000)
  to   space 4224K,   0% used [0x0000000087710000, 0x0000000087710000, 0x0000000087b30000)
 concurrent mark-sweep generation total 137704K, used 83169K [0x000000009a2c0000, 0x00000000a293a000, 0x0000000100000000)
 Metaspace       used 111739K, capacity 118337K, committed 120492K, reserved 1155072K
  class space    used 13542K, capacity 14759K, committed 15328K, reserved 1048576K
}
2021-02-02T10:15:28.318+0000: 518988.491: Total time for which application threads were stopped: 0.0063635 seconds, Stopping threads took: 0.0001816 seconds
{Heap before GC invocations=5351 (full 7):
 par new generation   total 38080K, used 33936K [0x0000000085600000, 0x0000000087f50000, 0x000000009a2c0000)
  eden space 33856K,  99% used [0x0000000085600000, 0x000000008770cb38, 0x0000000087710000)
  from space 4224K,   2% used [0x0000000087b30000, 0x0000000087b47650, 0x0000000087f50000)
  to   space 4224K,   0% used [0x0000000087710000, 0x0000000087710000, 0x0000000087b30000)
 concurrent mark-sweep generation total 137704K, used 83169K [0x000000009a2c0000, 0x00000000a293a000, 0x0000000100000000)
 Metaspace       used 111739K, capacity 118337K, committed 120492K, reserved 1155072K
  class space    used 13542K, capacity 14759K, committed 15328K, reserved 1048576K
2021-02-02T10:17:16.793+0000: 519096.966: [GC (Allocation Failure) 2021-02-02T10:17:16.793+0000: 519096.966: [ParNew
Desired survivor size 2162688 bytes, new threshold 6 (max 6)
- age   1:      74816 bytes,      74816 total
- age   2:        152 bytes,      74968 total
- age   6:        360 bytes,      75328 total
: 33936K->76K(38080K), 0.0078013 secs] 117105K->83245K(175784K), 0.0080453 secs] [Times: user=0.02 sys=0.00, real=0.00 secs] 
Heap after GC invocations=5352 (full 7):
 par new generation   total 38080K, used 76K [0x0000000085600000, 0x0000000087f50000, 0x000000009a2c0000)
  eden space 33856K,   0% used [0x0000000085600000, 0x0000000085600000, 0x0000000087710000)
  from space 4224K,   1% used [0x0000000087710000, 0x0000000087723140, 0x0000000087b30000)
  to   space 4224K,   0% used [0x0000000087b30000, 0x0000000087b30000, 0x0000000087f50000)
 concurrent mark-sweep generation total 137704K, used 83169K [0x000000009a2c0000, 0x00000000a293a000, 0x0000000100000000)
 Metaspace       used 111739K, capacity 118337K, committed 120492K, reserved 1155072K
  class space    used 13542K, capacity 14759K, committed 15328K, reserved 1048576K
}
2021-02-02T10:17:16.801+0000: 519096.974: Total time for which application threads were stopped: 0.0088323 seconds, Stopping threads took: 0.0001544 seconds
2021-02-02T10:18:16.809+0000: 519156.982: Total time for which application threads were stopped: 0.0003898 seconds, Stopping threads took: 0.0000682 seconds
{Heap before GC invocations=5352 (full 7):
 par new generation   total 38080K, used 33932K [0x0000000085600000, 0x0000000087f50000, 0x000000009a2c0000)
  eden space 33856K, 100% used [0x0000000085600000, 0x0000000087710000, 0x0000000087710000)
  from space 4224K,   1% used [0x0000000087710000, 0x0000000087723140, 0x0000000087b30000)
  to   space 4224K,   0% used [0x0000000087b30000, 0x0000000087b30000, 0x0000000087f50000)
 concurrent mark-sweep generation total 137704K, used 83169K [0x000000009a2c0000, 0x00000000a293a000, 0x0000000100000000)
 Metaspace       used 111739K, capacity 118337K, committed 120492K, reserved 1155072K
  class space    used 13542K, capacity 14759K, committed 15328K, reserved 1048576K
2021-02-02T10:19:07.143+0000: 519207.316: [GC (Allocation Failure) 2021-02-02T10:19:07.144+0000: 519207.317: [ParNew
Desired survivor size 2162688 bytes, new threshold 6 (max 6)
- age   1:      30256 bytes,      30256 total
- age   2:         32 bytes,      30288 total
: 33932K->48K(38080K), 0.0090221 secs] 117101K->83218K(175784K), 0.0094261 secs] [Times: user=0.03 sys=0.00, real=0.02 secs] 
Heap after GC invocations=5353 (full 7):
 par new generation   total 38080K, used 48K [0x0000000085600000, 0x0000000087f50000, 0x000000009a2c0000)
  eden space 33856K,   0% used [0x0000000085600000, 0x0000000085600000, 0x0000000087710000)
  from space 4224K,   1% used [0x0000000087b30000, 0x0000000087b3c3d8, 0x0000000087f50000)
  to   space 4224K,   0% used [0x0000000087710000, 0x0000000087710000, 0x0000000087b30000)
 concurrent mark-sweep generation total 137704K, used 83169K [0x000000009a2c0000, 0x00000000a293a000, 0x0000000100000000)
 Metaspace       used 111739K, capacity 118337K, committed 120492K, reserved 1155072K
  class space    used 13542K, capacity 14759K, committed 15328K, reserved 1048576K
}
2021-02-02T10:19:07.153+0000: 519207.326: Total time for which application threads were stopped: 0.0104413 seconds, Stopping threads took: 0.0001987 seconds
{Heap before GC invocations=5353 (full 7):
 par new generation   total 38080K, used 33904K [0x0000000085600000, 0x0000000087f50000, 0x000000009a2c0000)
  eden space 33856K, 100% used [0x0000000085600000, 0x0000000087710000, 0x0000000087710000)
  from space 4224K,   1% used [0x0000000087b30000, 0x0000000087b3c3d8, 0x0000000087f50000)
  to   space 4224K,   0% used [0x0000000087710000, 0x0000000087710000, 0x0000000087b30000)
 concurrent mark-sweep generation total 137704K, used 83169K [0x000000009a2c0000, 0x00000000a293a000, 0x0000000100000000)
 Metaspace       used 111739K, capacity 118337K, committed 120492K, reserved 1155072K
  class space    used 13542K, capacity 14759K, committed 15328K, reserved 1048576K
2021-02-02T10:20:54.954+0000: 519315.127: [GC (Allocation Failure) 2021-02-02T10:20:54.954+0000: 519315.127: [ParNew
Desired survivor size 2162688 bytes, new threshold 6 (max 6)
- age   1:      98312 bytes,      98312 total
- age   2:        120 bytes,      98432 total
: 33904K->99K(38080K), 0.0062905 secs] 117074K->83269K(175784K), 0.0065058 secs] [Times: user=0.01 sys=0.01, real=0.00 secs] 
Heap after GC invocations=5354 (full 7):
 par new generation   total 38080K, used 99K [0x0000000085600000, 0x0000000087f50000, 0x000000009a2c0000)
  eden space 33856K,   0% used [0x0000000085600000, 0x0000000085600000, 0x0000000087710000)
  from space 4224K,   2% used [0x0000000087710000, 0x0000000087728f50, 0x0000000087b30000)
  to   space 4224K,   0% used [0x0000000087b30000, 0x0000000087b30000, 0x0000000087f50000)
 concurrent mark-sweep generation total 137704K, used 83169K [0x000000009a2c0000, 0x00000000a293a000, 0x0000000100000000)
 Metaspace       used 111739K, capacity 118337K, committed 120492K, reserved 1155072K
  class space    used 13542K, capacity 14759K, committed 15328K, reserved 1048576K
}
2021-02-02T10:20:54.960+0000: 519315.133: Total time for which application threads were stopped: 0.0072866 seconds, Stopping threads took: 0.0001934 seconds
{Heap before GC invocations=5354 (full 7):
 par new generation   total 38080K, used 33955K [0x0000000085600000, 0x0000000087f50000, 0x000000009a2c0000)
  eden space 33856K, 100% used [0x0000000085600000, 0x0000000087710000, 0x0000000087710000)
  from space 4224K,   2% used [0x0000000087710000, 0x0000000087728f50, 0x0000000087b30000)
  to   space 4224K,   0% used [0x0000000087b30000, 0x0000000087b30000, 0x0000000087f50000)
 concurrent mark-sweep generation total 137704K, used 83169K [0x000000009a2c0000, 0x00000000a293a000, 0x0000000100000000)
 Metaspace       used 111739K, capacity 118337K, committed 120492K, reserved 1155072K
  class space    used 13542K, capacity 14759K, committed 15328K, reserved 1048576K
2021-02-02T10:22:43.319+0000: 519423.493: [GC (Allocation Failure) 2021-02-02T10:22:43.320+0000: 519423.493: [ParNew
Desired survivor size 2162688 bytes, new threshold 6 (max 6)
- age   1:      26552 bytes,      26552 total
- age   2:        152 bytes,      26704 total
: 33955K->32K(38080K), 0.0051682 secs] 117125K->83202K(175784K), 0.0056744 secs] [Times: user=0.02 sys=0.01, real=0.01 secs] 
Heap after GC invocations=5355 (full 7):
 par new generation   total 38080K, used 32K [0x0000000085600000, 0x0000000087f50000, 0x000000009a2c0000)
  eden space 33856K,   0% used [0x0000000085600000, 0x0000000085600000, 0x0000000087710000)
  from space 4224K,   0% used [0x0000000087b30000, 0x0000000087b383f0, 0x0000000087f50000)
  to   space 4224K,   0% used [0x0000000087710000, 0x0000000087710000, 0x0000000087b30000)
 concurrent mark-sweep generation total 137704K, used 83169K [0x000000009a2c0000, 0x00000000a293a000, 0x0000000100000000)
 Metaspace       used 111739K, capacity 118337K, committed 120492K, reserved 1155072K
  class space    used 13542K, capacity 14759K, committed 15328K, reserved 1048576K
}
2021-02-02T10:22:43.325+0000: 519423.498: Total time for which application threads were stopped: 0.0077749 seconds, Stopping threads took: 0.0014326 seconds
2021-02-02T10:24:17.339+0000: 519517.512: Total time for which application threads were stopped: 0.0003682 seconds, Stopping threads took: 0.0000653 seconds
{Heap before GC invocations=5355 (full 7):
 par new generation   total 38080K, used 33888K [0x0000000085600000, 0x0000000087f50000, 0x000000009a2c0000)
  eden space 33856K, 100% used [0x0000000085600000, 0x0000000087710000, 0x0000000087710000)
  from space 4224K,   0% used [0x0000000087b30000, 0x0000000087b383f0, 0x0000000087f50000)
  to   space 4224K,   0% used [0x0000000087710000, 0x0000000087710000, 0x0000000087b30000)
 concurrent mark-sweep generation total 137704K, used 83169K [0x000000009a2c0000, 0x00000000a293a000, 0x0000000100000000)
 Metaspace       used 111739K, capacity 118337K, committed 120492K, reserved 1155072K
  class space    used 13542K, capacity 14759K, committed 15328K, reserved 1048576K
2021-02-02T10:24:32.214+0000: 519532.387: [GC (Allocation Failure) 2021-02-02T10:24:32.214+0000: 519532.387: [ParNew
Desired survivor size 2162688 bytes, new threshold 6 (max 6)
- age   1:      25680 bytes,      25680 total
- age   2:         32 bytes,      25712 total
- age   3:         32 bytes,      25744 total
: 33888K->29K(38080K), 0.0046917 secs] 117058K->83198K(175784K), 0.0048988 secs] [Times: user=0.02 sys=0.00, real=0.00 secs] 
Heap after GC invocations=5356 (full 7):
 par new generation   total 38080K, used 29K [0x0000000085600000, 0x0000000087f50000, 0x000000009a2c0000)
  eden space 33856K,   0% used [0x0000000085600000, 0x0000000085600000, 0x0000000087710000)
  from space 4224K,   0% used [0x0000000087710000, 0x0000000087717608, 0x0000000087b30000)
  to   space 4224K,   0% used [0x0000000087b30000, 0x0000000087b30000, 0x0000000087f50000)
 concurrent mark-sweep generation total 137704K, used 83169K [0x000000009a2c0000, 0x00000000a293a000, 0x0000000100000000)
 Metaspace       used 111739K, capacity 118337K, committed 120492K, reserved 1155072K
  class space    used 13542K, capacity 14759K, committed 15328K, reserved 1048576K
}
2021-02-02T10:24:32.219+0000: 519532.392: Total time for which application threads were stopped: 0.0054614 seconds, Stopping threads took: 0.0000643 seconds
{Heap before GC invocations=5356 (full 7):
 par new generation   total 38080K, used 33885K [0x0000000085600000, 0x0000000087f50000, 0x000000009a2c0000)
  eden space 33856K, 100% used [0x0000000085600000, 0x0000000087710000, 0x0000000087710000)
  from space 4224K,   0% used [0x0000000087710000, 0x0000000087717608, 0x0000000087b30000)
  to   space 4224K,   0% used [0x0000000087b30000, 0x0000000087b30000, 0x0000000087f50000)
 concurrent mark-sweep generation total 137704K, used 83169K [0x000000009a2c0000, 0x00000000a293a000, 0x0000000100000000)
 Metaspace       used 111739K, capacity 118337K, committed 120492K, reserved 1155072K
  class space    used 13542K, capacity 14759K, committed 15328K, reserved 1048576K
2021-02-02T10:26:21.082+0000: 519641.255: [GC (Allocation Failure) 2021-02-02T10:26:21.082+0000: 519641.256: [ParNew
Desired survivor size 2162688 bytes, new threshold 6 (max 6)
- age   1:      26808 bytes,      26808 total
- age   2:        120 bytes,      26928 total
: 33885K->29K(38080K), 0.0045349 secs] 117054K->83199K(175784K), 0.0047981 secs] [Times: user=0.02 sys=0.00, real=0.01 secs] 
Heap after GC invocations=5357 (full 7):
 par new generation   total 38080K, used 29K [0x0000000085600000, 0x0000000087f50000, 0x000000009a2c0000)
  eden space 33856K,   0% used [0x0000000085600000, 0x0000000085600000, 0x0000000087710000)
  from space 4224K,   0% used [0x0000000087b30000, 0x0000000087b37790, 0x0000000087f50000)
  to   space 4224K,   0% used [0x0000000087710000, 0x0000000087710000, 0x0000000087b30000)
 concurrent mark-sweep generation total 137704K, used 83169K [0x000000009a2c0000, 0x00000000a293a000, 0x0000000100000000)
 Metaspace       used 111739K, capacity 118337K, committed 120492K, reserved 1155072K
  class space    used 13542K, capacity 14759K, committed 15328K, reserved 1048576K
}
2021-02-02T10:26:21.087+0000: 519641.260: Total time for which application threads were stopped: 0.0055627 seconds, Stopping threads took: 0.0000791 seconds
2021-02-02T10:27:17.095+0000: 519697.269: Total time for which application threads were stopped: 0.0004245 seconds, Stopping threads took: 0.0000794 seconds
{Heap before GC invocations=5357 (full 7):
 par new generation   total 38080K, used 33885K [0x0000000085600000, 0x0000000087f50000, 0x000000009a2c0000)
  eden space 33856K, 100% used [0x0000000085600000, 0x0000000087710000, 0x0000000087710000)
  from space 4224K,   0% used [0x0000000087b30000, 0x0000000087b37790, 0x0000000087f50000)
  to   space 4224K,   0% used [0x0000000087710000, 0x0000000087710000, 0x0000000087b30000)
 concurrent mark-sweep generation total 137704K, used 83169K [0x000000009a2c0000, 0x00000000a293a000, 0x0000000100000000)
 Metaspace       used 111739K, capacity 118337K, committed 120492K, reserved 1155072K
  class space    used 13542K, capacity 14759K, committed 15328K, reserved 1048576K
2021-02-02T10:28:11.759+0000: 519751.932: [GC (Allocation Failure) 2021-02-02T10:28:11.759+0000: 519751.932: [ParNew
Desired survivor size 2162688 bytes, new threshold 6 (max 6)
- age   1:      29488 bytes,      29488 total
- age   2:       1072 bytes,      30560 total
: 33885K->31K(38080K), 0.0048625 secs] 117055K->83200K(175784K), 0.0050692 secs] [Times: user=0.01 sys=0.00, real=0.01 secs] 
Heap after GC invocations=5358 (full 7):
 par new generation   total 38080K, used 31K [0x0000000085600000, 0x0000000087f50000, 0x000000009a2c0000)
  eden space 33856K,   0% used [0x0000000085600000, 0x0000000085600000, 0x0000000087710000)
  from space 4224K,   0% used [0x0000000087710000, 0x0000000087717e18, 0x0000000087b30000)
  to   space 4224K,   0% used [0x0000000087b30000, 0x0000000087b30000, 0x0000000087f50000)
 concurrent mark-sweep generation total 137704K, used 83169K [0x000000009a2c0000, 0x00000000a293a000, 0x0000000100000000)
 Metaspace       used 111739K, capacity 118337K, committed 120492K, reserved 1155072K
  class space    used 13542K, capacity 14759K, committed 15328K, reserved 1048576K
}
2021-02-02T10:28:11.765+0000: 519751.938: Total time for which application threads were stopped: 0.0060852 seconds, Stopping threads took: 0.0004287 seconds
{Heap before GC invocations=5358 (full 7):
 par new generation   total 38080K, used 33887K [0x0000000085600000, 0x0000000087f50000, 0x000000009a2c0000)
  eden space 33856K, 100% used [0x0000000085600000, 0x0000000087710000, 0x0000000087710000)
  from space 4224K,   0% used [0x0000000087710000, 0x0000000087717e18, 0x0000000087b30000)
  to   space 4224K,   0% used [0x0000000087b30000, 0x0000000087b30000, 0x0000000087f50000)
 concurrent mark-sweep generation total 137704K, used 83169K [0x000000009a2c0000, 0x00000000a293a000, 0x0000000100000000)
 Metaspace       used 111739K, capacity 118337K, committed 120492K, reserved 1155072K
  class space    used 13542K, capacity 14759K, committed 15328K, reserved 1048576K
2021-02-02T10:29:58.729+0000: 519858.902: [GC (Allocation Failure) 2021-02-02T10:29:58.729+0000: 519858.903: [ParNew
Desired survivor size 2162688 bytes, new threshold 6 (max 6)
- age   1:      61792 bytes,      61792 total
- age   2:         80 bytes,      61872 total
- age   3:        920 bytes,      62792 total
: 33887K->66K(38080K), 0.0052198 secs] 117056K->83236K(175784K), 0.0055729 secs] [Times: user=0.02 sys=0.00, real=0.01 secs] 
Heap after GC invocations=5359 (full 7):
 par new generation   total 38080K, used 66K [0x0000000085600000, 0x0000000087f50000, 0x000000009a2c0000)
  eden space 33856K,   0% used [0x0000000085600000, 0x0000000085600000, 0x0000000087710000)
  from space 4224K,   1% used [0x0000000087b30000, 0x0000000087b40a60, 0x0000000087f50000)
  to   space 4224K,   0% used [0x0000000087710000, 0x0000000087710000, 0x0000000087b30000)
 concurrent mark-sweep generation total 137704K, used 83169K [0x000000009a2c0000, 0x00000000a293a000, 0x0000000100000000)
 Metaspace       used 111739K, capacity 118337K, committed 120492K, reserved 1155072K
  class space    used 13542K, capacity 14759K, committed 15328K, reserved 1048576K
}
2021-02-02T10:29:58.735+0000: 519858.908: Total time for which application threads were stopped: 0.0062854 seconds, Stopping threads took: 0.0000752 seconds
{Heap before GC invocations=5359 (full 7):
 par new generation   total 38080K, used 33922K [0x0000000085600000, 0x0000000087f50000, 0x000000009a2c0000)
  eden space 33856K, 100% used [0x0000000085600000, 0x0000000087710000, 0x0000000087710000)
  from space 4224K,   1% used [0x0000000087b30000, 0x0000000087b40a60, 0x0000000087f50000)
  to   space 4224K,   0% used [0x0000000087710000, 0x0000000087710000, 0x0000000087b30000)
 concurrent mark-sweep generation total 137704K, used 83169K [0x000000009a2c0000, 0x00000000a293a000, 0x0000000100000000)
 Metaspace       used 111739K, capacity 118337K, committed 120492K, reserved 1155072K
  class space    used 13542K, capacity 14759K, committed 15328K, reserved 1048576K
2021-02-02T10:31:46.398+0000: 519966.571: [GC (Allocation Failure) 2021-02-02T10:31:46.398+0000: 519966.571: [ParNew
Desired survivor size 2162688 bytes, new threshold 6 (max 6)
- age   1:     127856 bytes,     127856 total
- age   2:        152 bytes,     128008 total
- age   3:         80 bytes,     128088 total
- age   4:        888 bytes,     128976 total
: 33922K->128K(38080K), 0.0085880 secs] 117092K->83298K(175784K), 0.0088373 secs] [Times: user=0.01 sys=0.00, real=0.01 secs] 
Heap after GC invocations=5360 (full 7):
 par new generation   total 38080K, used 128K [0x0000000085600000, 0x0000000087f50000, 0x000000009a2c0000)
  eden space 33856K,   0% used [0x0000000085600000, 0x0000000085600000, 0x0000000087710000)
  from space 4224K,   3% used [0x0000000087710000, 0x0000000087730308, 0x0000000087b30000)
  to   space 4224K,   0% used [0x0000000087b30000, 0x0000000087b30000, 0x0000000087f50000)
 concurrent mark-sweep generation total 137704K, used 83169K [0x000000009a2c0000, 0x00000000a293a000, 0x0000000100000000)
 Metaspace       used 111739K, capacity 118337K, committed 120492K, reserved 1155072K
  class space    used 13542K, capacity 14759K, committed 15328K, reserved 1048576K
}
2021-02-02T10:31:46.407+0000: 519966.580: Total time for which application threads were stopped: 0.0096213 seconds, Stopping threads took: 0.0000762 seconds
{Heap before GC invocations=5360 (full 7):
 par new generation   total 38080K, used 33984K [0x0000000085600000, 0x0000000087f50000, 0x000000009a2c0000)
  eden space 33856K, 100% used [0x0000000085600000, 0x0000000087710000, 0x0000000087710000)
  from space 4224K,   3% used [0x0000000087710000, 0x0000000087730308, 0x0000000087b30000)
  to   space 4224K,   0% used [0x0000000087b30000, 0x0000000087b30000, 0x0000000087f50000)
 concurrent mark-sweep generation total 137704K, used 83169K [0x000000009a2c0000, 0x00000000a293a000, 0x0000000100000000)
 Metaspace       used 111739K, capacity 118337K, committed 120492K, reserved 1155072K
  class space    used 13542K, capacity 14759K, committed 15328K, reserved 1048576K
2021-02-02T10:33:36.662+0000: 520076.835: [GC (Allocation Failure) 2021-02-02T10:33:36.662+0000: 520076.835: [ParNew
Desired survivor size 2162688 bytes, new threshold 6 (max 6)
- age   1:      26648 bytes,      26648 total
- age   2:         48 bytes,      26696 total
- age   4:         80 bytes,      26776 total
- age   5:        888 bytes,      27664 total
: 33984K->29K(38080K), 0.0046822 secs] 117154K->83199K(175784K), 0.0049313 secs] [Times: user=0.02 sys=0.00, real=0.01 secs] 
Heap after GC invocations=5361 (full 7):
 par new generation   total 38080K, used 29K [0x0000000085600000, 0x0000000087f50000, 0x000000009a2c0000)
  eden space 33856K,   0% used [0x0000000085600000, 0x0000000085600000, 0x0000000087710000)
  from space 4224K,   0% used [0x0000000087b30000, 0x0000000087b377c0, 0x0000000087f50000)
  to   space 4224K,   0% used [0x0000000087710000, 0x0000000087710000, 0x0000000087b30000)
 concurrent mark-sweep generation total 137704K, used 83169K [0x000000009a2c0000, 0x00000000a293a000, 0x0000000100000000)
 Metaspace       used 111739K, capacity 118337K, committed 120492K, reserved 1155072K
  class space    used 13542K, capacity 14759K, committed 15328K, reserved 1048576K
}
2021-02-02T10:33:36.667+0000: 520076.840: Total time for which application threads were stopped: 0.0056388 seconds, Stopping threads took: 0.0001822 seconds
{Heap before GC invocations=5361 (full 7):
 par new generation   total 38080K, used 33885K [0x0000000085600000, 0x0000000087f50000, 0x000000009a2c0000)
  eden space 33856K, 100% used [0x0000000085600000, 0x0000000087710000, 0x0000000087710000)
  from space 4224K,   0% used [0x0000000087b30000, 0x0000000087b377c0, 0x0000000087f50000)
  to   space 4224K,   0% used [0x0000000087710000, 0x0000000087710000, 0x0000000087b30000)
 concurrent mark-sweep generation total 137704K, used 83169K [0x000000009a2c0000, 0x00000000a293a000, 0x0000000100000000)
 Metaspace       used 111739K, capacity 118337K, committed 120492K, reserved 1155072K
  class space    used 13542K, capacity 14759K, committed 15328K, reserved 1048576K
2021-02-02T10:35:25.365+0000: 520185.538: [GC (Allocation Failure) 2021-02-02T10:35:25.365+0000: 520185.538: [ParNew
Desired survivor size 2162688 bytes, new threshold 6 (max 6)
- age   1:      25992 bytes,      25992 total
- age   2:        184 bytes,      26176 total
- age   5:         80 bytes,      26256 total
- age   6:        888 bytes,      27144 total
: 33885K->29K(38080K), 0.0028749 secs] 117055K->83199K(175784K), 0.0029837 secs] [Times: user=0.01 sys=0.00, real=0.00 secs] 
Heap after GC invocations=5362 (full 7):
 par new generation   total 38080K, used 29K [0x0000000085600000, 0x0000000087f50000, 0x000000009a2c0000)
  eden space 33856K,   0% used [0x0000000085600000, 0x0000000085600000, 0x0000000087710000)
  from space 4224K,   0% used [0x0000000087710000, 0x0000000087717680, 0x0000000087b30000)
  to   space 4224K,   0% used [0x0000000087b30000, 0x0000000087b30000, 0x0000000087f50000)
 concurrent mark-sweep generation total 137704K, used 83169K [0x000000009a2c0000, 0x00000000a293a000, 0x0000000100000000)
 Metaspace       used 111739K, capacity 118337K, committed 120492K, reserved 1155072K
  class space    used 13542K, capacity 14759K, committed 15328K, reserved 1048576K
}
2021-02-02T10:35:25.368+0000: 520185.541: Total time for which application threads were stopped: 0.0033113 seconds, Stopping threads took: 0.0000325 seconds
{Heap before GC invocations=5362 (full 7):
 par new generation   total 38080K, used 33885K [0x0000000085600000, 0x0000000087f50000, 0x000000009a2c0000)
  eden space 33856K, 100% used [0x0000000085600000, 0x0000000087710000, 0x0000000087710000)
  from space 4224K,   0% used [0x0000000087710000, 0x0000000087717680, 0x0000000087b30000)
  to   space 4224K,   0% used [0x0000000087b30000, 0x0000000087b30000, 0x0000000087f50000)
 concurrent mark-sweep generation total 137704K, used 83169K [0x000000009a2c0000, 0x00000000a293a000, 0x0000000100000000)
 Metaspace       used 111739K, capacity 118337K, committed 120492K, reserved 1155072K
  class space    used 13542K, capacity 14759K, committed 15328K, reserved 1048576K
2021-02-02T10:37:16.785+0000: 520296.958: [GC (Allocation Failure) 2021-02-02T10:37:16.785+0000: 520296.958: [ParNew
Desired survivor size 2162688 bytes, new threshold 6 (max 6)
- age   1:      30168 bytes,      30168 total
- age   2:        120 bytes,      30288 total
- age   3:         32 bytes,      30320 total
- age   6:         80 bytes,      30400 total
: 33885K->31K(38080K), 0.0055422 secs] 117055K->83202K(175784K), 0.0059825 secs] [Times: user=0.01 sys=0.00, real=0.00 secs] 
Heap after GC invocations=5363 (full 7):
 par new generation   total 38080K, used 31K [0x0000000085600000, 0x0000000087f50000, 0x000000009a2c0000)
  eden space 33856K,   0% used [0x0000000085600000, 0x0000000085600000, 0x0000000087710000)
  from space 4224K,   0% used [0x0000000087b30000, 0x0000000087b37f08, 0x0000000087f50000)
  to   space 4224K,   0% used [0x0000000087710000, 0x0000000087710000, 0x0000000087b30000)
 concurrent mark-sweep generation total 137704K, used 83170K [0x000000009a2c0000, 0x00000000a293a000, 0x0000000100000000)
 Metaspace       used 111739K, capacity 118337K, committed 120492K, reserved 1155072K
  class space    used 13542K, capacity 14759K, committed 15328K, reserved 1048576K
}
2021-02-02T10:37:16.791+0000: 520296.964: Total time for which application threads were stopped: 0.0068037 seconds, Stopping threads took: 0.0000790 seconds
{Heap before GC invocations=5363 (full 7):
 par new generation   total 38080K, used 33887K [0x0000000085600000, 0x0000000087f50000, 0x000000009a2c0000)
  eden space 33856K, 100% used [0x0000000085600000, 0x0000000087710000, 0x0000000087710000)
  from space 4224K,   0% used [0x0000000087b30000, 0x0000000087b37f08, 0x0000000087f50000)
  to   space 4224K,   0% used [0x0000000087710000, 0x0000000087710000, 0x0000000087b30000)
 concurrent mark-sweep generation total 137704K, used 83170K [0x000000009a2c0000, 0x00000000a293a000, 0x0000000100000000)
 Metaspace       used 111739K, capacity 118337K, committed 120492K, reserved 1155072K
  class space    used 13542K, capacity 14759K, committed 15328K, reserved 1048576K
2021-02-02T10:39:04.369+0000: 520404.542: [GC (Allocation Failure) 2021-02-02T10:39:04.369+0000: 520404.542: [ParNew
Desired survivor size 2162688 bytes, new threshold 6 (max 6)
- age   1:      64128 bytes,      64128 total
- age   2:         64 bytes,      64192 total
: 33887K->68K(38080K), 0.0045290 secs] 117058K->83239K(175784K), 0.0047595 secs] [Times: user=0.02 sys=0.00, real=0.01 secs] 
Heap after GC invocations=5364 (full 7):
 par new generation   total 38080K, used 68K [0x0000000085600000, 0x0000000087f50000, 0x000000009a2c0000)
  eden space 33856K,   0% used [0x0000000085600000, 0x0000000085600000, 0x0000000087710000)
  from space 4224K,   1% used [0x0000000087710000, 0x00000000877212e8, 0x0000000087b30000)
  to   space 4224K,   0% used [0x0000000087b30000, 0x0000000087b30000, 0x0000000087f50000)
 concurrent mark-sweep generation total 137704K, used 83170K [0x000000009a2c0000, 0x00000000a293a000, 0x0000000100000000)
 Metaspace       used 111739K, capacity 118337K, committed 120492K, reserved 1155072K
  class space    used 13542K, capacity 14759K, committed 15328K, reserved 1048576K
}
2021-02-02T10:39:04.374+0000: 520404.547: Total time for which application threads were stopped: 0.0053649 seconds, Stopping threads took: 0.0000657 seconds
{Heap before GC invocations=5364 (full 7):
 par new generation   total 38080K, used 33924K [0x0000000085600000, 0x0000000087f50000, 0x000000009a2c0000)
  eden space 33856K, 100% used [0x0000000085600000, 0x0000000087710000, 0x0000000087710000)
  from space 4224K,   1% used [0x0000000087710000, 0x00000000877212e8, 0x0000000087b30000)
  to   space 4224K,   0% used [0x0000000087b30000, 0x0000000087b30000, 0x0000000087f50000)
 concurrent mark-sweep generation total 137704K, used 83170K [0x000000009a2c0000, 0x00000000a293a000, 0x0000000100000000)
 Metaspace       used 111739K, capacity 118337K, committed 120492K, reserved 1155072K
  class space    used 13542K, capacity 14759K, committed 15328K, reserved 1048576K
2021-02-02T10:40:51.452+0000: 520511.625: [GC (Allocation Failure) 2021-02-02T10:40:51.452+0000: 520511.626: [ParNew
Desired survivor size 2162688 bytes, new threshold 6 (max 6)
- age   1:     132128 bytes,     132128 total
- age   2:        120 bytes,     132248 total
- age   3:         32 bytes,     132280 total
: 33924K->132K(38080K), 0.0076959 secs] 117095K->83303K(175784K), 0.0080164 secs] [Times: user=0.02 sys=0.00, real=0.00 secs] 
Heap after GC invocations=5365 (full 7):
 par new generation   total 38080K, used 132K [0x0000000085600000, 0x0000000087f50000, 0x000000009a2c0000)
  eden space 33856K,   0% used [0x0000000085600000, 0x0000000085600000, 0x0000000087710000)
  from space 4224K,   3% used [0x0000000087b30000, 0x0000000087b51318, 0x0000000087f50000)
  to   space 4224K,   0% used [0x0000000087710000, 0x0000000087710000, 0x0000000087b30000)
 concurrent mark-sweep generation total 137704K, used 83170K [0x000000009a2c0000, 0x00000000a293a000, 0x0000000100000000)
 Metaspace       used 111739K, capacity 118337K, committed 120492K, reserved 1155072K
  class space    used 13542K, capacity 14759K, committed 15328K, reserved 1048576K
}
2021-02-02T10:40:51.460+0000: 520511.634: Total time for which application threads were stopped: 0.0092672 seconds, Stopping threads took: 0.0004074 seconds
{Heap before GC invocations=5365 (full 7):
 par new generation   total 38080K, used 33988K [0x0000000085600000, 0x0000000087f50000, 0x000000009a2c0000)
  eden space 33856K, 100% used [0x0000000085600000, 0x0000000087710000, 0x0000000087710000)
  from space 4224K,   3% used [0x0000000087b30000, 0x0000000087b51318, 0x0000000087f50000)
  to   space 4224K,   0% used [0x0000000087710000, 0x0000000087710000, 0x0000000087b30000)
 concurrent mark-sweep generation total 137704K, used 83170K [0x000000009a2c0000, 0x00000000a293a000, 0x0000000100000000)
 Metaspace       used 111739K, capacity 118337K, committed 120492K, reserved 1155072K
  class space    used 13542K, capacity 14759K, committed 15328K, reserved 1048576K
2021-02-02T10:42:40.122+0000: 520620.295: [GC (Allocation Failure) 2021-02-02T10:42:40.122+0000: 520620.296: [ParNew
Desired survivor size 2162688 bytes, new threshold 6 (max 6)
- age   1:      26520 bytes,      26520 total
- age   2:        184 bytes,      26704 total
: 33988K->30K(38080K), 0.0046498 secs] 117159K->83201K(175784K), 0.0048922 secs] [Times: user=0.02 sys=0.00, real=0.01 secs] 
Heap after GC invocations=5366 (full 7):
 par new generation   total 38080K, used 30K [0x0000000085600000, 0x0000000087f50000, 0x000000009a2c0000)
  eden space 33856K,   0% used [0x0000000085600000, 0x0000000085600000, 0x0000000087710000)
  from space 4224K,   0% used [0x0000000087710000, 0x0000000087717b80, 0x0000000087b30000)
  to   space 4224K,   0% used [0x0000000087b30000, 0x0000000087b30000, 0x0000000087f50000)
 concurrent mark-sweep generation total 137704K, used 83170K [0x000000009a2c0000, 0x00000000a293a000, 0x0000000100000000)
 Metaspace       used 111739K, capacity 118337K, committed 120492K, reserved 1155072K
  class space    used 13542K, capacity 14759K, committed 15328K, reserved 1048576K
}
2021-02-02T10:42:40.127+0000: 520620.300: Total time for which application threads were stopped: 0.0055182 seconds, Stopping threads took: 0.0000760 seconds
{Heap before GC invocations=5366 (full 7):
 par new generation   total 38080K, used 33886K [0x0000000085600000, 0x0000000087f50000, 0x000000009a2c0000)
  eden space 33856K, 100% used [0x0000000085600000, 0x0000000087710000, 0x0000000087710000)
  from space 4224K,   0% used [0x0000000087710000, 0x0000000087717b80, 0x0000000087b30000)
  to   space 4224K,   0% used [0x0000000087b30000, 0x0000000087b30000, 0x0000000087f50000)
 concurrent mark-sweep generation total 137704K, used 83170K [0x000000009a2c0000, 0x00000000a293a000, 0x0000000100000000)
 Metaspace       used 111739K, capacity 118337K, committed 120492K, reserved 1155072K
  class space    used 13542K, capacity 14759K, committed 15328K, reserved 1048576K
2021-02-02T10:44:28.865+0000: 520729.038: [GC (Allocation Failure) 2021-02-02T10:44:28.866+0000: 520729.039: [ParNew
Desired survivor size 2162688 bytes, new threshold 6 (max 6)
- age   1:      25752 bytes,      25752 total
- age   3:         32 bytes,      25784 total
: 33886K->29K(38080K), 0.0090655 secs] 117057K->83200K(175784K), 0.0094785 secs] [Times: user=0.02 sys=0.00, real=0.01 secs] 
Heap after GC invocations=5367 (full 7):
 par new generation   total 38080K, used 29K [0x0000000085600000, 0x0000000087f50000, 0x000000009a2c0000)
  eden space 33856K,   0% used [0x0000000085600000, 0x0000000085600000, 0x0000000087710000)
  from space 4224K,   0% used [0x0000000087b30000, 0x0000000087b37730, 0x0000000087f50000)
  to   space 4224K,   0% used [0x0000000087710000, 0x0000000087710000, 0x0000000087b30000)
 concurrent mark-sweep generation total 137704K, used 83170K [0x000000009a2c0000, 0x00000000a293a000, 0x0000000100000000)
 Metaspace       used 111739K, capacity 118337K, committed 120492K, reserved 1155072K
  class space    used 13542K, capacity 14759K, committed 15328K, reserved 1048576K
}
2021-02-02T10:44:28.875+0000: 520729.048: Total time for which application threads were stopped: 0.0108771 seconds, Stopping threads took: 0.0003321 seconds
2021-02-02T12:44:31.327+0000: 520838.941: Total time for which application threads were stopped: 0.0002390 seconds, Stopping threads took: 0.0000402 seconds
{Heap before GC invocations=5367 (full 7):
 par new generation   total 38080K, used 33885K [0x0000000085600000, 0x0000000087f50000, 0x000000009a2c0000)
  eden space 33856K, 100% used [0x0000000085600000, 0x0000000087710000, 0x0000000087710000)
  from space 4224K,   0% used [0x0000000087b30000, 0x0000000087b37730, 0x0000000087f50000)
  to   space 4224K,   0% used [0x0000000087710000, 0x0000000087710000, 0x0000000087b30000)
 concurrent mark-sweep generation total 137704K, used 83170K [0x000000009a2c0000, 0x00000000a293a000, 0x0000000100000000)
 Metaspace       used 111740K, capacity 118337K, committed 120492K, reserved 1155072K
  class space    used 13542K, capacity 14759K, committed 15328K, reserved 1048576K
2021-02-02T12:44:32.791+0000: 520840.405: [GC (Allocation Failure) 2021-02-02T12:44:32.791+0000: 520840.405: [ParNew
Desired survivor size 2162688 bytes, new threshold 6 (max 6)
- age   1:      25896 bytes,      25896 total
- age   2:        152 bytes,      26048 total
- age   4:         32 bytes,      26080 total
: 33885K->27K(38080K), 0.0037453 secs] 117056K->83197K(175784K), 0.0038632 secs] [Times: user=0.01 sys=0.00, real=0.00 secs] 
Heap after GC invocations=5368 (full 7):
 par new generation   total 38080K, used 27K [0x0000000085600000, 0x0000000087f50000, 0x000000009a2c0000)
  eden space 33856K,   0% used [0x0000000085600000, 0x0000000085600000, 0x0000000087710000)
  from space 4224K,   0% used [0x0000000087710000, 0x0000000087716e70, 0x0000000087b30000)
  to   space 4224K,   0% used [0x0000000087b30000, 0x0000000087b30000, 0x0000000087f50000)
 concurrent mark-sweep generation total 137704K, used 83170K [0x000000009a2c0000, 0x00000000a293a000, 0x0000000100000000)
 Metaspace       used 111740K, capacity 118337K, committed 120492K, reserved 1155072K
  class space    used 13542K, capacity 14759K, committed 15328K, reserved 1048576K
}
2021-02-02T12:44:32.795+0000: 520840.409: Total time for which application threads were stopped: 0.0042092 seconds, Stopping threads took: 0.0000645 seconds
{Heap before GC invocations=5368 (full 7):
 par new generation   total 38080K, used 33883K [0x0000000085600000, 0x0000000087f50000, 0x000000009a2c0000)
  eden space 33856K, 100% used [0x0000000085600000, 0x0000000087710000, 0x0000000087710000)
  from space 4224K,   0% used [0x0000000087710000, 0x0000000087716e70, 0x0000000087b30000)
  to   space 4224K,   0% used [0x0000000087b30000, 0x0000000087b30000, 0x0000000087f50000)
 concurrent mark-sweep generation total 137704K, used 83170K [0x000000009a2c0000, 0x00000000a293a000, 0x0000000100000000)
 Metaspace       used 111740K, capacity 118337K, committed 120492K, reserved 1155072K
  class space    used 13542K, capacity 14759K, committed 15328K, reserved 1048576K
2021-02-02T12:46:23.522+0000: 520951.136: [GC (Allocation Failure) 2021-02-02T12:46:23.522+0000: 520951.136: [ParNew
Desired survivor size 2162688 bytes, new threshold 6 (max 6)
- age   1:      29656 bytes,      29656 total
- age   2:        152 bytes,      29808 total
- age   3:         32 bytes,      29840 total
- age   5:         32 bytes,      29872 total
: 33883K->33K(38080K), 0.0053926 secs] 117053K->83204K(175784K), 0.0057273 secs] [Times: user=0.02 sys=0.00, real=0.01 secs] 
Heap after GC invocations=5369 (full 7):
 par new generation   total 38080K, used 33K [0x0000000085600000, 0x0000000087f50000, 0x000000009a2c0000)
  eden space 33856K,   0% used [0x0000000085600000, 0x0000000085600000, 0x0000000087710000)
  from space 4224K,   0% used [0x0000000087b30000, 0x0000000087b386a0, 0x0000000087f50000)
  to   space 4224K,   0% used [0x0000000087710000, 0x0000000087710000, 0x0000000087b30000)
 concurrent mark-sweep generation total 137704K, used 83170K [0x000000009a2c0000, 0x00000000a293a000, 0x0000000100000000)
 Metaspace       used 111740K, capacity 118337K, committed 120492K, reserved 1155072K
  class space    used 13542K, capacity 14759K, committed 15328K, reserved 1048576K
}
2021-02-02T12:46:23.528+0000: 520951.142: Total time for which application threads were stopped: 0.0065132 seconds, Stopping threads took: 0.0000784 seconds
{Heap before GC invocations=5369 (full 7):
 par new generation   total 38080K, used 33889K [0x0000000085600000, 0x0000000087f50000, 0x000000009a2c0000)
  eden space 33856K, 100% used [0x0000000085600000, 0x0000000087710000, 0x0000000087710000)
  from space 4224K,   0% used [0x0000000087b30000, 0x0000000087b386a0, 0x0000000087f50000)
  to   space 4224K,   0% used [0x0000000087710000, 0x0000000087710000, 0x0000000087b30000)
 concurrent mark-sweep generation total 137704K, used 83170K [0x000000009a2c0000, 0x00000000a293a000, 0x0000000100000000)
 Metaspace       used 111740K, capacity 118337K, committed 120492K, reserved 1155072K
  class space    used 13542K, capacity 14759K, committed 15328K, reserved 1048576K
2021-02-02T12:48:10.554+0000: 521058.168: [GC (Allocation Failure) 2021-02-02T12:48:10.554+0000: 521058.168: [ParNew
Desired survivor size 2162688 bytes, new threshold 6 (max 6)
- age   1:      95840 bytes,      95840 total
- age   2:        120 bytes,      95960 total
- age   6:         32 bytes,      95992 total
: 33889K->98K(38080K), 0.0057169 secs] 117060K->83268K(175784K), 0.0059768 secs] [Times: user=0.02 sys=0.00, real=0.00 secs] 
Heap after GC invocations=5370 (full 7):
 par new generation   total 38080K, used 98K [0x0000000085600000, 0x0000000087f50000, 0x000000009a2c0000)
  eden space 33856K,   0% used [0x0000000085600000, 0x0000000085600000, 0x0000000087710000)
  from space 4224K,   2% used [0x0000000087710000, 0x0000000087728868, 0x0000000087b30000)
  to   space 4224K,   0% used [0x0000000087b30000, 0x0000000087b30000, 0x0000000087f50000)
 concurrent mark-sweep generation total 137704K, used 83170K [0x000000009a2c0000, 0x00000000a293a000, 0x0000000100000000)
 Metaspace       used 111740K, capacity 118337K, committed 120492K, reserved 1155072K
  class space    used 13542K, capacity 14759K, committed 15328K, reserved 1048576K
}
2021-02-02T12:48:10.560+0000: 521058.174: Total time for which application threads were stopped: 0.0067999 seconds, Stopping threads took: 0.0000795 seconds
{Heap before GC invocations=5370 (full 7):
 par new generation   total 38080K, used 33939K [0x0000000085600000, 0x0000000087f50000, 0x000000009a2c0000)
  eden space 33856K,  99% used [0x0000000085600000, 0x000000008770c650, 0x0000000087710000)
  from space 4224K,   2% used [0x0000000087710000, 0x0000000087728868, 0x0000000087b30000)
  to   space 4224K,   0% used [0x0000000087b30000, 0x0000000087b30000, 0x0000000087f50000)
 concurrent mark-sweep generation total 137704K, used 83170K [0x000000009a2c0000, 0x00000000a293a000, 0x0000000100000000)
 Metaspace       used 111740K, capacity 118337K, committed 120492K, reserved 1155072K
  class space    used 13542K, capacity 14759K, committed 15328K, reserved 1048576K
2021-02-02T12:49:58.978+0000: 521166.592: [GC (Allocation Failure) 2021-02-02T12:49:58.978+0000: 521166.592: [ParNew
Desired survivor size 2162688 bytes, new threshold 6 (max 6)
- age   1:     128080 bytes,     128080 total
- age   2:        120 bytes,     128200 total
: 33939K->125K(38080K), 0.0044534 secs] 117110K->83296K(175784K), 0.0045728 secs] [Times: user=0.01 sys=0.00, real=0.00 secs] 
Heap after GC invocations=5371 (full 7):
 par new generation   total 38080K, used 125K [0x0000000085600000, 0x0000000087f50000, 0x000000009a2c0000)
  eden space 33856K,   0% used [0x0000000085600000, 0x0000000085600000, 0x0000000087710000)
  from space 4224K,   2% used [0x0000000087b30000, 0x0000000087b4f7c8, 0x0000000087f50000)
  to   space 4224K,   0% used [0x0000000087710000, 0x0000000087710000, 0x0000000087b30000)
 concurrent mark-sweep generation total 137704K, used 83170K [0x000000009a2c0000, 0x00000000a293a000, 0x0000000100000000)
 Metaspace       used 111740K, capacity 118337K, committed 120492K, reserved 1155072K
  class space    used 13542K, capacity 14759K, committed 15328K, reserved 1048576K
}
2021-02-02T12:49:58.983+0000: 521166.597: Total time for which application threads were stopped: 0.0048289 seconds, Stopping threads took: 0.0000271 seconds
{Heap before GC invocations=5371 (full 7):
 par new generation   total 38080K, used 33981K [0x0000000085600000, 0x0000000087f50000, 0x000000009a2c0000)
  eden space 33856K, 100% used [0x0000000085600000, 0x0000000087710000, 0x0000000087710000)
  from space 4224K,   2% used [0x0000000087b30000, 0x0000000087b4f7c8, 0x0000000087f50000)
  to   space 4224K,   0% used [0x0000000087710000, 0x0000000087710000, 0x0000000087b30000)
 concurrent mark-sweep generation total 137704K, used 83170K [0x000000009a2c0000, 0x00000000a293a000, 0x0000000100000000)
 Metaspace       used 111740K, capacity 118337K, committed 120492K, reserved 1155072K
  class space    used 13542K, capacity 14759K, committed 15328K, reserved 1048576K
2021-02-02T12:51:49.316+0000: 521276.930: [GC (Allocation Failure) 2021-02-02T12:51:49.316+0000: 521276.930: [ParNew
Desired survivor size 2162688 bytes, new threshold 6 (max 6)
- age   1:      25880 bytes,      25880 total
- age   2:        168 bytes,      26048 total
: 33981K->29K(38080K), 0.0046641 secs] 117152K->83199K(175784K), 0.0049190 secs] [Times: user=0.02 sys=0.00, real=0.00 secs] 
Heap after GC invocations=5372 (full 7):
 par new generation   total 38080K, used 29K [0x0000000085600000, 0x0000000087f50000, 0x000000009a2c0000)
  eden space 33856K,   0% used [0x0000000085600000, 0x0000000085600000, 0x0000000087710000)
  from space 4224K,   0% used [0x0000000087710000, 0x0000000087717608, 0x0000000087b30000)
  to   space 4224K,   0% used [0x0000000087b30000, 0x0000000087b30000, 0x0000000087f50000)
 concurrent mark-sweep generation total 137704K, used 83170K [0x000000009a2c0000, 0x00000000a293a000, 0x0000000100000000)
 Metaspace       used 111740K, capacity 118337K, committed 120492K, reserved 1155072K
  class space    used 13542K, capacity 14759K, committed 15328K, reserved 1048576K
}
2021-02-02T12:51:49.321+0000: 521276.935: Total time for which application threads were stopped: 0.0055690 seconds, Stopping threads took: 0.0000651 seconds
{Heap before GC invocations=5372 (full 7):
 par new generation   total 38080K, used 33885K [0x0000000085600000, 0x0000000087f50000, 0x000000009a2c0000)
  eden space 33856K, 100% used [0x0000000085600000, 0x0000000087710000, 0x0000000087710000)
  from space 4224K,   0% used [0x0000000087710000, 0x0000000087717608, 0x0000000087b30000)
  to   space 4224K,   0% used [0x0000000087b30000, 0x0000000087b30000, 0x0000000087f50000)
 concurrent mark-sweep generation total 137704K, used 83170K [0x000000009a2c0000, 0x00000000a293a000, 0x0000000100000000)
 Metaspace       used 111740K, capacity 118337K, committed 120492K, reserved 1155072K
  class space    used 13542K, capacity 14759K, committed 15328K, reserved 1048576K
2021-02-02T12:53:38.238+0000: 521385.852: [GC (Allocation Failure) 2021-02-02T12:53:38.238+0000: 521385.852: [ParNew
Desired survivor size 2162688 bytes, new threshold 6 (max 6)
- age   1:      25968 bytes,      25968 total
- age   2:         32 bytes,      26000 total
: 33885K->29K(38080K), 0.0057140 secs] 117055K->83199K(175784K), 0.0060122 secs] [Times: user=0.02 sys=0.00, real=0.01 secs] 
Heap after GC invocations=5373 (full 7):
 par new generation   total 38080K, used 29K [0x0000000085600000, 0x0000000087f50000, 0x000000009a2c0000)
  eden space 33856K,   0% used [0x0000000085600000, 0x0000000085600000, 0x0000000087710000)
  from space 4224K,   0% used [0x0000000087b30000, 0x0000000087b37608, 0x0000000087f50000)
  to   space 4224K,   0% used [0x0000000087710000, 0x0000000087710000, 0x0000000087b30000)
 concurrent mark-sweep generation total 137704K, used 83170K [0x000000009a2c0000, 0x00000000a293a000, 0x0000000100000000)
 Metaspace       used 111740K, capacity 118337K, committed 120492K, reserved 1155072K
  class space    used 13542K, capacity 14759K, committed 15328K, reserved 1048576K
}
2021-02-02T12:53:38.244+0000: 521385.858: Total time for which application threads were stopped: 0.0066835 seconds, Stopping threads took: 0.0000769 seconds
{Heap before GC invocations=5373 (full 7):
 par new generation   total 38080K, used 33885K [0x0000000085600000, 0x0000000087f50000, 0x000000009a2c0000)
  eden space 33856K, 100% used [0x0000000085600000, 0x0000000087710000, 0x0000000087710000)
  from space 4224K,   0% used [0x0000000087b30000, 0x0000000087b37608, 0x0000000087f50000)
  to   space 4224K,   0% used [0x0000000087710000, 0x0000000087710000, 0x0000000087b30000)
 concurrent mark-sweep generation total 137704K, used 83170K [0x000000009a2c0000, 0x00000000a293a000, 0x0000000100000000)
 Metaspace       used 111740K, capacity 118337K, committed 120492K, reserved 1155072K
  class space    used 13542K, capacity 14759K, committed 15328K, reserved 1048576K
2021-02-02T12:55:29.453+0000: 521497.067: [GC (Allocation Failure) 2021-02-02T12:55:29.453+0000: 521497.067: [ParNew
Desired survivor size 2162688 bytes, new threshold 6 (max 6)
- age   1:      29880 bytes,      29880 total
- age   2:        120 bytes,      30000 total
- age   3:         32 bytes,      30032 total
: 33885K->33K(38080K), 0.0044924 secs] 117055K->83204K(175784K), 0.0046950 secs] [Times: user=0.02 sys=0.00, real=0.00 secs] 
Heap after GC invocations=5374 (full 7):
 par new generation   total 38080K, used 33K [0x0000000085600000, 0x0000000087f50000, 0x000000009a2c0000)
  eden space 33856K,   0% used [0x0000000085600000, 0x0000000085600000, 0x0000000087710000)
  from space 4224K,   0% used [0x0000000087710000, 0x00000000877186a0, 0x0000000087b30000)
  to   space 4224K,   0% used [0x0000000087b30000, 0x0000000087b30000, 0x0000000087f50000)
 concurrent mark-sweep generation total 137704K, used 83170K [0x000000009a2c0000, 0x00000000a293a000, 0x0000000100000000)
 Metaspace       used 111740K, capacity 118337K, committed 120492K, reserved 1155072K
  class space    used 13542K, capacity 14759K, committed 15328K, reserved 1048576K
}
2021-02-02T12:55:29.457+0000: 521497.071: Total time for which application threads were stopped: 0.0059004 seconds, Stopping threads took: 0.0002450 seconds
{Heap before GC invocations=5374 (full 7):
 par new generation   total 38080K, used 33889K [0x0000000085600000, 0x0000000087f50000, 0x000000009a2c0000)
  eden space 33856K, 100% used [0x0000000085600000, 0x0000000087710000, 0x0000000087710000)
  from space 4224K,   0% used [0x0000000087710000, 0x00000000877186a0, 0x0000000087b30000)
  to   space 4224K,   0% used [0x0000000087b30000, 0x0000000087b30000, 0x0000000087f50000)
 concurrent mark-sweep generation total 137704K, used 83170K [0x000000009a2c0000, 0x00000000a293a000, 0x0000000100000000)
 Metaspace       used 111740K, capacity 118337K, committed 120492K, reserved 1155072K
  class space    used 13542K, capacity 14759K, committed 15328K, reserved 1048576K
2021-02-02T12:57:16.791+0000: 521604.405: [GC (Allocation Failure) 2021-02-02T12:57:16.791+0000: 521604.405: [ParNew
Desired survivor size 2162688 bytes, new threshold 6 (max 6)
- age   1:      64432 bytes,      64432 total
- age   2:        152 bytes,      64584 total
: 33889K->67K(38080K), 0.0052252 secs] 117060K->83238K(175784K), 0.0055477 secs] [Times: user=0.02 sys=0.00, real=0.00 secs] 
Heap after GC invocations=5375 (full 7):
 par new generation   total 38080K, used 67K [0x0000000085600000, 0x0000000087f50000, 0x000000009a2c0000)
  eden space 33856K,   0% used [0x0000000085600000, 0x0000000085600000, 0x0000000087710000)
  from space 4224K,   1% used [0x0000000087b30000, 0x0000000087b40eb0, 0x0000000087f50000)
  to   space 4224K,   0% used [0x0000000087710000, 0x0000000087710000, 0x0000000087b30000)
 concurrent mark-sweep generation total 137704K, used 83170K [0x000000009a2c0000, 0x00000000a293a000, 0x0000000100000000)
 Metaspace       used 111740K, capacity 118337K, committed 120492K, reserved 1155072K
  class space    used 13542K, capacity 14759K, committed 15328K, reserved 1048576K
}
2021-02-02T12:57:16.797+0000: 521604.411: Total time for which application threads were stopped: 0.0067471 seconds, Stopping threads took: 0.0002064 seconds
{Heap before GC invocations=5375 (full 7):
 par new generation   total 38080K, used 33923K [0x0000000085600000, 0x0000000087f50000, 0x000000009a2c0000)
  eden space 33856K, 100% used [0x0000000085600000, 0x0000000087710000, 0x0000000087710000)
  from space 4224K,   1% used [0x0000000087b30000, 0x0000000087b40eb0, 0x0000000087f50000)
  to   space 4224K,   0% used [0x0000000087710000, 0x0000000087710000, 0x0000000087b30000)
 concurrent mark-sweep generation total 137704K, used 83170K [0x000000009a2c0000, 0x00000000a293a000, 0x0000000100000000)
 Metaspace       used 111740K, capacity 118337K, committed 120492K, reserved 1155072K
  class space    used 13542K, capacity 14759K, committed 15328K, reserved 1048576K
2021-02-02T12:59:03.953+0000: 521711.567: [GC (Allocation Failure) 2021-02-02T12:59:03.953+0000: 521711.567: [ParNew
Desired survivor size 2162688 bytes, new threshold 6 (max 6)
- age   1:     131560 bytes,     131560 total
: 33923K->133K(38080K), 0.0045231 secs] 117094K->83303K(175784K), 0.0047315 secs] [Times: user=0.02 sys=0.00, real=0.00 secs] 
Heap after GC invocations=5376 (full 7):
 par new generation   total 38080K, used 133K [0x0000000085600000, 0x0000000087f50000, 0x000000009a2c0000)
  eden space 33856K,   0% used [0x0000000085600000, 0x0000000085600000, 0x0000000087710000)
  from space 4224K,   3% used [0x0000000087710000, 0x00000000877314e0, 0x0000000087b30000)
  to   space 4224K,   0% used [0x0000000087b30000, 0x0000000087b30000, 0x0000000087f50000)
 concurrent mark-sweep generation total 137704K, used 83170K [0x000000009a2c0000, 0x00000000a293a000, 0x0000000100000000)
 Metaspace       used 111740K, capacity 118337K, committed 120492K, reserved 1155072K
  class space    used 13542K, capacity 14759K, committed 15328K, reserved 1048576K
}
2021-02-02T12:59:03.958+0000: 521711.572: Total time for which application threads were stopped: 0.0053543 seconds, Stopping threads took: 0.0000890 seconds
{Heap before GC invocations=5376 (full 7):
 par new generation   total 38080K, used 33989K [0x0000000085600000, 0x0000000087f50000, 0x000000009a2c0000)
  eden space 33856K, 100% used [0x0000000085600000, 0x0000000087710000, 0x0000000087710000)
  from space 4224K,   3% used [0x0000000087710000, 0x00000000877314e0, 0x0000000087b30000)
  to   space 4224K,   0% used [0x0000000087b30000, 0x0000000087b30000, 0x0000000087f50000)
 concurrent mark-sweep generation total 137704K, used 83170K [0x000000009a2c0000, 0x00000000a293a000, 0x0000000100000000)
 Metaspace       used 111740K, capacity 118337K, committed 120492K, reserved 1155072K
  class space    used 13542K, capacity 14759K, committed 15328K, reserved 1048576K
2021-02-02T13:00:52.623+0000: 521820.237: [GC (Allocation Failure) 2021-02-02T13:00:52.624+0000: 521820.238: [ParNew
Desired survivor size 2162688 bytes, new threshold 6 (max 6)
- age   1:      25632 bytes,      25632 total
- age   2:        152 bytes,      25784 total
: 33989K->30K(38080K), 0.0055216 secs] 117159K->83200K(175784K), 0.0058048 secs] [Times: user=0.02 sys=0.00, real=0.00 secs] 
Heap after GC invocations=5377 (full 7):
 par new generation   total 38080K, used 30K [0x0000000085600000, 0x0000000087f50000, 0x000000009a2c0000)
  eden space 33856K,   0% used [0x0000000085600000, 0x0000000085600000, 0x0000000087710000)
  from space 4224K,   0% used [0x0000000087b30000, 0x0000000087b37950, 0x0000000087f50000)
  to   space 4224K,   0% used [0x0000000087710000, 0x0000000087710000, 0x0000000087b30000)
 concurrent mark-sweep generation total 137704K, used 83170K [0x000000009a2c0000, 0x00000000a293a000, 0x0000000100000000)
 Metaspace       used 111740K, capacity 118337K, committed 120492K, reserved 1155072K
  class space    used 13542K, capacity 14759K, committed 15328K, reserved 1048576K
}
2021-02-02T13:00:52.629+0000: 521820.243: Total time for which application threads were stopped: 0.0065226 seconds, Stopping threads took: 0.0000741 seconds
{Heap before GC invocations=5377 (full 7):
 par new generation   total 38080K, used 33886K [0x0000000085600000, 0x0000000087f50000, 0x000000009a2c0000)
  eden space 33856K, 100% used [0x0000000085600000, 0x0000000087710000, 0x0000000087710000)
  from space 4224K,   0% used [0x0000000087b30000, 0x0000000087b37950, 0x0000000087f50000)
  to   space 4224K,   0% used [0x0000000087710000, 0x0000000087710000, 0x0000000087b30000)
 concurrent mark-sweep generation total 137704K, used 83170K [0x000000009a2c0000, 0x00000000a293a000, 0x0000000100000000)
 Metaspace       used 111740K, capacity 118337K, committed 120492K, reserved 1155072K
  class space    used 13542K, capacity 14759K, committed 15328K, reserved 1048576K
2021-02-02T13:02:41.391+0000: 521929.005: [GC (Allocation Failure) 2021-02-02T13:02:41.391+0000: 521929.005: [ParNew
Desired survivor size 2162688 bytes, new threshold 6 (max 6)
- age   1:      23976 bytes,      23976 total
- age   2:        120 bytes,      24096 total
: 33886K->27K(38080K), 0.0098077 secs] 117056K->83198K(175784K), 0.0102279 secs] [Times: user=0.02 sys=0.01, real=0.00 secs] 
Heap after GC invocations=5378 (full 7):
 par new generation   total 38080K, used 27K [0x0000000085600000, 0x0000000087f50000, 0x000000009a2c0000)
  eden space 33856K,   0% used [0x0000000085600000, 0x0000000085600000, 0x0000000087710000)
  from space 4224K,   0% used [0x0000000087710000, 0x0000000087716f18, 0x0000000087b30000)
  to   space 4224K,   0% used [0x0000000087b30000, 0x0000000087b30000, 0x0000000087f50000)
 concurrent mark-sweep generation total 137704K, used 83170K [0x000000009a2c0000, 0x00000000a293a000, 0x0000000100000000)
 Metaspace       used 111740K, capacity 118337K, committed 120492K, reserved 1155072K
  class space    used 13542K, capacity 14759K, committed 15328K, reserved 1048576K
}
2021-02-02T13:02:41.402+0000: 521929.015: Total time for which application threads were stopped: 0.0125261 seconds, Stopping threads took: 0.0013622 seconds
{Heap before GC invocations=5378 (full 7):
 par new generation   total 38080K, used 33879K [0x0000000085600000, 0x0000000087f50000, 0x000000009a2c0000)
  eden space 33856K,  99% used [0x0000000085600000, 0x000000008770efb8, 0x0000000087710000)
  from space 4224K,   0% used [0x0000000087710000, 0x0000000087716f18, 0x0000000087b30000)
  to   space 4224K,   0% used [0x0000000087b30000, 0x0000000087b30000, 0x0000000087f50000)
 concurrent mark-sweep generation total 137704K, used 83170K [0x000000009a2c0000, 0x00000000a293a000, 0x0000000100000000)
 Metaspace       used 111740K, capacity 118337K, committed 120492K, reserved 1155072K
  class space    used 13542K, capacity 14759K, committed 15328K, reserved 1048576K
2021-02-02T13:04:30.356+0000: 522037.970: [GC (Allocation Failure) 2021-02-02T13:04:30.356+0000: 522037.970: [ParNew
Desired survivor size 2162688 bytes, new threshold 6 (max 6)
- age   1:      74952 bytes,      74952 total
- age   2:        120 bytes,      75072 total
: 33879K->74K(38080K), 0.0032842 secs] 117050K->83244K(175784K), 0.0034041 secs] [Times: user=0.00 sys=0.00, real=0.00 secs] 
Heap after GC invocations=5379 (full 7):
 par new generation   total 38080K, used 74K [0x0000000085600000, 0x0000000087f50000, 0x000000009a2c0000)
  eden space 33856K,   0% used [0x0000000085600000, 0x0000000085600000, 0x0000000087710000)
  from space 4224K,   1% used [0x0000000087b30000, 0x0000000087b42a18, 0x0000000087f50000)
  to   space 4224K,   0% used [0x0000000087710000, 0x0000000087710000, 0x0000000087b30000)
 concurrent mark-sweep generation total 137704K, used 83170K [0x000000009a2c0000, 0x00000000a293a000, 0x0000000100000000)
 Metaspace       used 111740K, capacity 118337K, committed 120492K, reserved 1155072K
  class space    used 13542K, capacity 14759K, committed 15328K, reserved 1048576K
}
2021-02-02T13:04:30.359+0000: 522037.973: Total time for which application threads were stopped: 0.0037383 seconds, Stopping threads took: 0.0000491 seconds
{Heap before GC invocations=5379 (full 7):
 par new generation   total 38080K, used 33930K [0x0000000085600000, 0x0000000087f50000, 0x000000009a2c0000)
  eden space 33856K, 100% used [0x0000000085600000, 0x0000000087710000, 0x0000000087710000)
  from space 4224K,   1% used [0x0000000087b30000, 0x0000000087b42a18, 0x0000000087f50000)
  to   space 4224K,   0% used [0x0000000087710000, 0x0000000087710000, 0x0000000087b30000)
 concurrent mark-sweep generation total 137704K, used 83170K [0x000000009a2c0000, 0x00000000a293a000, 0x0000000100000000)
 Metaspace       used 111740K, capacity 118337K, committed 120492K, reserved 1155072K
  class space    used 13542K, capacity 14759K, committed 15328K, reserved 1048576K
2021-02-02T13:06:18.969+0000: 522146.583: [GC (Allocation Failure) 2021-02-02T13:06:18.970+0000: 522146.584: [ParNew
Desired survivor size 2162688 bytes, new threshold 6 (max 6)
- age   1:     101016 bytes,     101016 total
- age   2:        216 bytes,     101232 total
: 33930K->110K(38080K), 0.0150410 secs] 117100K->83280K(175784K), 0.0153553 secs] [Times: user=0.03 sys=0.00, real=0.02 secs] 
Heap after GC invocations=5380 (full 7):
 par new generation   total 38080K, used 110K [0x0000000085600000, 0x0000000087f50000, 0x000000009a2c0000)
  eden space 33856K,   0% used [0x0000000085600000, 0x0000000085600000, 0x0000000087710000)
  from space 4224K,   2% used [0x0000000087710000, 0x000000008772ba38, 0x0000000087b30000)
  to   space 4224K,   0% used [0x0000000087b30000, 0x0000000087b30000, 0x0000000087f50000)
 concurrent mark-sweep generation total 137704K, used 83170K [0x000000009a2c0000, 0x00000000a293a000, 0x0000000100000000)
 Metaspace       used 111740K, capacity 118337K, committed 120492K, reserved 1155072K
  class space    used 13542K, capacity 14759K, committed 15328K, reserved 1048576K
}
2021-02-02T13:06:18.985+0000: 522146.599: Total time for which application threads were stopped: 0.0164070 seconds, Stopping threads took: 0.0001696 seconds
{Heap before GC invocations=5380 (full 7):
 par new generation   total 38080K, used 33966K [0x0000000085600000, 0x0000000087f50000, 0x000000009a2c0000)
  eden space 33856K, 100% used [0x0000000085600000, 0x0000000087710000, 0x0000000087710000)
  from space 4224K,   2% used [0x0000000087710000, 0x000000008772ba38, 0x0000000087b30000)
  to   space 4224K,   0% used [0x0000000087b30000, 0x0000000087b30000, 0x0000000087f50000)
 concurrent mark-sweep generation total 137704K, used 83170K [0x000000009a2c0000, 0x00000000a293a000, 0x0000000100000000)
 Metaspace       used 111740K, capacity 118337K, committed 120492K, reserved 1155072K
  class space    used 13542K, capacity 14759K, committed 15328K, reserved 1048576K
2021-02-02T13:08:05.579+0000: 522253.193: [GC (Allocation Failure) 2021-02-02T13:08:05.579+0000: 522253.193: [ParNew
Desired survivor size 2162688 bytes, new threshold 6 (max 6)
- age   1:      99488 bytes,      99488 total
- age   2:      35528 bytes,     135016 total
- age   3:         32 bytes,     135048 total
: 33966K->136K(38080K), 0.0092260 secs] 117136K->83306K(175784K), 0.0095892 secs] [Times: user=0.02 sys=0.00, real=0.01 secs] 
Heap after GC invocations=5381 (full 7):
 par new generation   total 38080K, used 136K [0x0000000085600000, 0x0000000087f50000, 0x000000009a2c0000)
  eden space 33856K,   0% used [0x0000000085600000, 0x0000000085600000, 0x0000000087710000)
  from space 4224K,   3% used [0x0000000087b30000, 0x0000000087b52058, 0x0000000087f50000)
  to   space 4224K,   0% used [0x0000000087710000, 0x0000000087710000, 0x0000000087b30000)
 concurrent mark-sweep generation total 137704K, used 83170K [0x000000009a2c0000, 0x00000000a293a000, 0x0000000100000000)
 Metaspace       used 111740K, capacity 118337K, committed 120492K, reserved 1155072K
  class space    used 13542K, capacity 14759K, committed 15328K, reserved 1048576K
}
2021-02-02T13:08:05.589+0000: 522253.203: Total time for which application threads were stopped: 0.0104686 seconds, Stopping threads took: 0.0000898 seconds
{Heap before GC invocations=5381 (full 7):
 par new generation   total 38080K, used 33992K [0x0000000085600000, 0x0000000087f50000, 0x000000009a2c0000)
  eden space 33856K, 100% used [0x0000000085600000, 0x0000000087710000, 0x0000000087710000)
  from space 4224K,   3% used [0x0000000087b30000, 0x0000000087b52058, 0x0000000087f50000)
  to   space 4224K,   0% used [0x0000000087710000, 0x0000000087710000, 0x0000000087b30000)
 concurrent mark-sweep generation total 137704K, used 83170K [0x000000009a2c0000, 0x00000000a293a000, 0x0000000100000000)
 Metaspace       used 111740K, capacity 118337K, committed 120492K, reserved 1155072K
  class space    used 13542K, capacity 14759K, committed 15328K, reserved 1048576K
2021-02-02T13:09:53.678+0000: 522361.292: [GC (Allocation Failure) 2021-02-02T13:09:53.678+0000: 522361.292: [ParNew
Desired survivor size 2162688 bytes, new threshold 6 (max 6)
- age   1:      61656 bytes,      61656 total
- age   2:        120 bytes,      61776 total
- age   3:      35232 bytes,      97008 total
- age   4:         32 bytes,      97040 total
: 33992K->98K(38080K), 0.0052372 secs] 117162K->83268K(175784K), 0.0055304 secs] [Times: user=0.01 sys=0.00, real=0.01 secs] 
Heap after GC invocations=5382 (full 7):
 par new generation   total 38080K, used 98K [0x0000000085600000, 0x0000000087f50000, 0x000000009a2c0000)
  eden space 33856K,   0% used [0x0000000085600000, 0x0000000085600000, 0x0000000087710000)
  from space 4224K,   2% used [0x0000000087710000, 0x00000000877289f0, 0x0000000087b30000)
  to   space 4224K,   0% used [0x0000000087b30000, 0x0000000087b30000, 0x0000000087f50000)
 concurrent mark-sweep generation total 137704K, used 83170K [0x000000009a2c0000, 0x00000000a293a000, 0x0000000100000000)
 Metaspace       used 111740K, capacity 118337K, committed 120492K, reserved 1155072K
  class space    used 13542K, capacity 14759K, committed 15328K, reserved 1048576K
}
2021-02-02T13:09:53.684+0000: 522361.298: Total time for which application threads were stopped: 0.0062083 seconds, Stopping threads took: 0.0000810 seconds
2021-02-02T13:11:30.697+0000: 522458.311: Total time for which application threads were stopped: 0.0006703 seconds, Stopping threads took: 0.0000931 seconds
{Heap before GC invocations=5382 (full 7):
 par new generation   total 38080K, used 33954K [0x0000000085600000, 0x0000000087f50000, 0x000000009a2c0000)
  eden space 33856K, 100% used [0x0000000085600000, 0x0000000087710000, 0x0000000087710000)
  from space 4224K,   2% used [0x0000000087710000, 0x00000000877289f0, 0x0000000087b30000)
  to   space 4224K,   0% used [0x0000000087b30000, 0x0000000087b30000, 0x0000000087f50000)
 concurrent mark-sweep generation total 137704K, used 83170K [0x000000009a2c0000, 0x00000000a293a000, 0x0000000100000000)
 Metaspace       used 111740K, capacity 118337K, committed 120492K, reserved 1155072K
  class space    used 13542K, capacity 14759K, committed 15328K, reserved 1048576K
2021-02-02T13:11:41.937+0000: 522469.551: [GC (Allocation Failure) 2021-02-02T13:11:41.938+0000: 522469.552: [ParNew
Desired survivor size 2162688 bytes, new threshold 6 (max 6)
- age   1:      28640 bytes,      28640 total
- age   2:      33856 bytes,      62496 total
- age   4:      35016 bytes,      97512 total
- age   5:         32 bytes,      97544 total
: 33954K->98K(38080K), 0.0045965 secs] 117124K->83269K(175784K), 0.0048695 secs] [Times: user=0.02 sys=0.00, real=0.00 secs] 
Heap after GC invocations=5383 (full 7):
 par new generation   total 38080K, used 98K [0x0000000085600000, 0x0000000087f50000, 0x000000009a2c0000)
  eden space 33856K,   0% used [0x0000000085600000, 0x0000000085600000, 0x0000000087710000)
  from space 4224K,   2% used [0x0000000087b30000, 0x0000000087b48b00, 0x0000000087f50000)
  to   space 4224K,   0% used [0x0000000087710000, 0x0000000087710000, 0x0000000087b30000)
 concurrent mark-sweep generation total 137704K, used 83170K [0x000000009a2c0000, 0x00000000a293a000, 0x0000000100000000)
 Metaspace       used 111740K, capacity 118337K, committed 120492K, reserved 1155072K
  class space    used 13542K, capacity 14759K, committed 15328K, reserved 1048576K
}
2021-02-02T13:11:41.943+0000: 522469.557: Total time for which application threads were stopped: 0.0055357 seconds, Stopping threads took: 0.0000625 seconds
{Heap before GC invocations=5383 (full 7):
 par new generation   total 38080K, used 33946K [0x0000000085600000, 0x0000000087f50000, 0x000000009a2c0000)
  eden space 33856K,  99% used [0x0000000085600000, 0x000000008770e0c8, 0x0000000087710000)
  from space 4224K,   2% used [0x0000000087b30000, 0x0000000087b48b00, 0x0000000087f50000)
  to   space 4224K,   0% used [0x0000000087710000, 0x0000000087710000, 0x0000000087b30000)
 concurrent mark-sweep generation total 137704K, used 83170K [0x000000009a2c0000, 0x00000000a293a000, 0x0000000100000000)
 Metaspace       used 111740K, capacity 118337K, committed 120492K, reserved 1155072K
  class space    used 13542K, capacity 14759K, committed 15328K, reserved 1048576K
2021-02-02T13:13:30.367+0000: 522577.981: [GC (Allocation Failure) 2021-02-02T13:13:30.367+0000: 522577.981: [ParNew
Desired survivor size 2162688 bytes, new threshold 6 (max 6)
- age   1:      74712 bytes,      74712 total
- age   2:       1128 bytes,      75840 total
- age   3:      33736 bytes,     109576 total
- age   5:      34784 bytes,     144360 total
- age   6:         32 bytes,     144392 total
: 33946K->148K(38080K), 0.0049760 secs] 117117K->83319K(175784K), 0.0052466 secs] [Times: user=0.02 sys=0.00, real=0.01 secs] 
Heap after GC invocations=5384 (full 7):
 par new generation   total 38080K, used 148K [0x0000000085600000, 0x0000000087f50000, 0x000000009a2c0000)
  eden space 33856K,   0% used [0x0000000085600000, 0x0000000085600000, 0x0000000087710000)
  from space 4224K,   3% used [0x0000000087710000, 0x00000000877352b0, 0x0000000087b30000)
  to   space 4224K,   0% used [0x0000000087b30000, 0x0000000087b30000, 0x0000000087f50000)
 concurrent mark-sweep generation total 137704K, used 83170K [0x000000009a2c0000, 0x00000000a293a000, 0x0000000100000000)
 Metaspace       used 111740K, capacity 118337K, committed 120492K, reserved 1155072K
  class space    used 13542K, capacity 14759K, committed 15328K, reserved 1048576K
}
2021-02-02T13:13:30.373+0000: 522577.987: Total time for which application threads were stopped: 0.0062844 seconds, Stopping threads took: 0.0001007 seconds
{Heap before GC invocations=5384 (full 7):
 par new generation   total 38080K, used 34004K [0x0000000085600000, 0x0000000087f50000, 0x000000009a2c0000)
  eden space 33856K, 100% used [0x0000000085600000, 0x0000000087710000, 0x0000000087710000)
  from space 4224K,   3% used [0x0000000087710000, 0x00000000877352b0, 0x0000000087b30000)
  to   space 4224K,   0% used [0x0000000087b30000, 0x0000000087b30000, 0x0000000087f50000)
 concurrent mark-sweep generation total 137704K, used 83170K [0x000000009a2c0000, 0x00000000a293a000, 0x0000000100000000)
 Metaspace       used 111740K, capacity 118337K, committed 120492K, reserved 1155072K
  class space    used 13542K, capacity 14759K, committed 15328K, reserved 1048576K
2021-02-02T13:15:20.637+0000: 522688.251: [GC (Allocation Failure) 2021-02-02T13:15:20.637+0000: 522688.251: [ParNew
Desired survivor size 2162688 bytes, new threshold 6 (max 6)
- age   1:      30032 bytes,      30032 total
- age   2:        152 bytes,      30184 total
- age   3:       1128 bytes,      31312 total
- age   6:        360 bytes,      31672 total
: 34004K->44K(38080K), 0.0029277 secs] 117175K->83215K(175784K), 0.0030353 secs] [Times: user=0.01 sys=0.00, real=0.00 secs] 
Heap after GC invocations=5385 (full 7):
 par new generation   total 38080K, used 44K [0x0000000085600000, 0x0000000087f50000, 0x000000009a2c0000)
  eden space 33856K,   0% used [0x0000000085600000, 0x0000000085600000, 0x0000000087710000)
  from space 4224K,   1% used [0x0000000087b30000, 0x0000000087b3b2f8, 0x0000000087f50000)
  to   space 4224K,   0% used [0x0000000087710000, 0x0000000087710000, 0x0000000087b30000)
 concurrent mark-sweep generation total 137704K, used 83170K [0x000000009a2c0000, 0x00000000a293a000, 0x0000000100000000)
 Metaspace       used 111740K, capacity 118337K, committed 120492K, reserved 1155072K
  class space    used 13542K, capacity 14759K, committed 15328K, reserved 1048576K
}
2021-02-02T13:15:20.640+0000: 522688.254: Total time for which application threads were stopped: 0.0033392 seconds, Stopping threads took: 0.0000587 seconds
{Heap before GC invocations=5385 (full 7):
 par new generation   total 38080K, used 33900K [0x0000000085600000, 0x0000000087f50000, 0x000000009a2c0000)
  eden space 33856K, 100% used [0x0000000085600000, 0x0000000087710000, 0x0000000087710000)
  from space 4224K,   1% used [0x0000000087b30000, 0x0000000087b3b2f8, 0x0000000087f50000)
  to   space 4224K,   0% used [0x0000000087710000, 0x0000000087710000, 0x0000000087b30000)
 concurrent mark-sweep generation total 137704K, used 83170K [0x000000009a2c0000, 0x00000000a293a000, 0x0000000100000000)
 Metaspace       used 111740K, capacity 118337K, committed 120492K, reserved 1155072K
  class space    used 13542K, capacity 14759K, committed 15328K, reserved 1048576K
2021-02-02T13:17:08.806+0000: 522796.420: [GC (Allocation Failure) 2021-02-02T13:17:08.806+0000: 522796.420: [ParNew
Desired survivor size 2162688 bytes, new threshold 6 (max 6)
- age   1:      97680 bytes,      97680 total
- age   4:       1128 bytes,      98808 total
: 33900K->100K(38080K), 0.0056571 secs] 117071K->83271K(175784K), 0.0059574 secs] [Times: user=0.02 sys=0.00, real=0.01 secs] 
Heap after GC invocations=5386 (full 7):
 par new generation   total 38080K, used 100K [0x0000000085600000, 0x0000000087f50000, 0x000000009a2c0000)
  eden space 33856K,   0% used [0x0000000085600000, 0x0000000085600000, 0x0000000087710000)
  from space 4224K,   2% used [0x0000000087710000, 0x0000000087729328, 0x0000000087b30000)
  to   space 4224K,   0% used [0x0000000087b30000, 0x0000000087b30000, 0x0000000087f50000)
 concurrent mark-sweep generation total 137704K, used 83170K [0x000000009a2c0000, 0x00000000a293a000, 0x0000000100000000)
 Metaspace       used 111740K, capacity 118337K, committed 120492K, reserved 1155072K
  class space    used 13542K, capacity 14759K, committed 15328K, reserved 1048576K
}
2021-02-02T13:17:08.812+0000: 522796.426: Total time for which application threads were stopped: 0.0068798 seconds, Stopping threads took: 0.0001084 seconds
{Heap before GC invocations=5386 (full 7):
 par new generation   total 38080K, used 33956K [0x0000000085600000, 0x0000000087f50000, 0x000000009a2c0000)
  eden space 33856K, 100% used [0x0000000085600000, 0x0000000087710000, 0x0000000087710000)
  from space 4224K,   2% used [0x0000000087710000, 0x0000000087729328, 0x0000000087b30000)
  to   space 4224K,   0% used [0x0000000087b30000, 0x0000000087b30000, 0x0000000087f50000)
 concurrent mark-sweep generation total 137704K, used 83170K [0x000000009a2c0000, 0x00000000a293a000, 0x0000000100000000)
 Metaspace       used 111740K, capacity 118337K, committed 120492K, reserved 1155072K
  class space    used 13542K, capacity 14759K, committed 15328K, reserved 1048576K
2021-02-02T13:18:57.876+0000: 522904.750: [GC (Allocation Failure) 2021-02-02T13:18:57.876+0000: 522904.750: [ParNew
Desired survivor size 2162688 bytes, new threshold 6 (max 6)
- age   1:      25512 bytes,      25512 total
- age   2:        248 bytes,      25760 total
- age   5:       1128 bytes,      26888 total
: 33956K->34K(38080K), 0.0107865 secs] 117127K->83205K(175784K), 0.0110388 secs] [Times: user=0.02 sys=0.01, real=0.01 secs] 
Heap after GC invocations=5387 (full 7):
 par new generation   total 38080K, used 34K [0x0000000085600000, 0x0000000087f50000, 0x000000009a2c0000)
  eden space 33856K,   0% used [0x0000000085600000, 0x0000000085600000, 0x0000000087710000)
  from space 4224K,   0% used [0x0000000087b30000, 0x0000000087b389e0, 0x0000000087f50000)
  to   space 4224K,   0% used [0x0000000087710000, 0x0000000087710000, 0x0000000087b30000)
 concurrent mark-sweep generation total 137704K, used 83170K [0x000000009a2c0000, 0x00000000a293a000, 0x0000000100000000)
 Metaspace       used 111740K, capacity 118337K, committed 120492K, reserved 1155072K
  class space    used 13542K, capacity 14759K, committed 15328K, reserved 1048576K
}
2021-02-02T13:18:57.887+0000: 522904.761: Total time for which application threads were stopped: 0.0118489 seconds, Stopping threads took: 0.0001510 seconds
{Heap before GC invocations=5387 (full 7):
 par new generation   total 38080K, used 33890K [0x0000000085600000, 0x0000000087f50000, 0x000000009a2c0000)
  eden space 33856K, 100% used [0x0000000085600000, 0x0000000087710000, 0x0000000087710000)
  from space 4224K,   0% used [0x0000000087b30000, 0x0000000087b389e0, 0x0000000087f50000)
  to   space 4224K,   0% used [0x0000000087710000, 0x0000000087710000, 0x0000000087b30000)
 concurrent mark-sweep generation total 137704K, used 83170K [0x000000009a2c0000, 0x00000000a293a000, 0x0000000100000000)
 Metaspace       used 111740K, capacity 118337K, committed 120492K, reserved 1155072K
  class space    used 13542K, capacity 14759K, committed 15328K, reserved 1048576K
2021-02-02T13:20:46.862+0000: 523013.736: [GC (Allocation Failure) 2021-02-02T13:20:46.862+0000: 523013.736: [ParNew
Desired survivor size 2162688 bytes, new threshold 6 (max 6)
- age   1:      25792 bytes,      25792 total
- age   2:        120 bytes,      25912 total
- age   3:         80 bytes,      25992 total
- age   6:       1128 bytes,      27120 total
: 33890K->27K(38080K), 0.0057396 secs] 117061K->83198K(175784K), 0.0058502 secs] [Times: user=0.00 sys=0.00, real=0.01 secs] 
Heap after GC invocations=5388 (full 7):
 par new generation   total 38080K, used 27K [0x0000000085600000, 0x0000000087f50000, 0x000000009a2c0000)
  eden space 33856K,   0% used [0x0000000085600000, 0x0000000085600000, 0x0000000087710000)
  from space 4224K,   0% used [0x0000000087710000, 0x0000000087716df8, 0x0000000087b30000)
  to   space 4224K,   0% used [0x0000000087b30000, 0x0000000087b30000, 0x0000000087f50000)
 concurrent mark-sweep generation total 137704K, used 83170K [0x000000009a2c0000, 0x00000000a293a000, 0x0000000100000000)
 Metaspace       used 111740K, capacity 118337K, committed 120492K, reserved 1155072K
  class space    used 13542K, capacity 14759K, committed 15328K, reserved 1048576K
}
2021-02-02T13:20:46.868+0000: 523013.741: Total time for which application threads were stopped: 0.0061578 seconds, Stopping threads took: 0.0000432 seconds
{Heap before GC invocations=5388 (full 7):
 par new generation   total 38080K, used 33883K [0x0000000085600000, 0x0000000087f50000, 0x000000009a2c0000)
  eden space 33856K, 100% used [0x0000000085600000, 0x0000000087710000, 0x0000000087710000)
  from space 4224K,   0% used [0x0000000087710000, 0x0000000087716df8, 0x0000000087b30000)
  to   space 4224K,   0% used [0x0000000087b30000, 0x0000000087b30000, 0x0000000087f50000)
 concurrent mark-sweep generation total 137704K, used 83170K [0x000000009a2c0000, 0x00000000a293a000, 0x0000000100000000)
 Metaspace       used 111740K, capacity 118337K, committed 120492K, reserved 1155072K
  class space    used 13542K, capacity 14759K, committed 15328K, reserved 1048576K
2021-02-02T13:22:35.882+0000: 523122.756: [GC (Allocation Failure) 2021-02-02T13:22:35.882+0000: 523122.756: [ParNew
Desired survivor size 2162688 bytes, new threshold 6 (max 6)
- age   1:      25952 bytes,      25952 total
- age   4:         80 bytes,      26032 total
: 33883K->29K(38080K), 0.0054121 secs] 117054K->83201K(175784K), 0.0056890 secs] [Times: user=0.02 sys=0.00, real=0.01 secs] 
Heap after GC invocations=5389 (full 7):
 par new generation   total 38080K, used 29K [0x0000000085600000, 0x0000000087f50000, 0x000000009a2c0000)
  eden space 33856K,   0% used [0x0000000085600000, 0x0000000085600000, 0x0000000087710000)
  from space 4224K,   0% used [0x0000000087b30000, 0x0000000087b37608, 0x0000000087f50000)
  to   space 4224K,   0% used [0x0000000087710000, 0x0000000087710000, 0x0000000087b30000)
 concurrent mark-sweep generation total 137704K, used 83171K [0x000000009a2c0000, 0x00000000a293a000, 0x0000000100000000)
 Metaspace       used 111740K, capacity 118337K, committed 120492K, reserved 1155072K
  class space    used 13542K, capacity 14759K, committed 15328K, reserved 1048576K
}
2021-02-02T13:22:35.888+0000: 523122.762: Total time for which application threads were stopped: 0.0063187 seconds, Stopping threads took: 0.0000689 seconds
{Heap before GC invocations=5389 (full 7):
 par new generation   total 38080K, used 33885K [0x0000000085600000, 0x0000000087f50000, 0x000000009a2c0000)
  eden space 33856K, 100% used [0x0000000085600000, 0x0000000087710000, 0x0000000087710000)
  from space 4224K,   0% used [0x0000000087b30000, 0x0000000087b37608, 0x0000000087f50000)
  to   space 4224K,   0% used [0x0000000087710000, 0x0000000087710000, 0x0000000087b30000)
 concurrent mark-sweep generation total 137704K, used 83171K [0x000000009a2c0000, 0x00000000a293a000, 0x0000000100000000)
 Metaspace       used 111740K, capacity 118337K, committed 120492K, reserved 1155072K
  class space    used 13542K, capacity 14759K, committed 15328K, reserved 1048576K
2021-02-02T13:24:26.626+0000: 523233.499: [GC (Allocation Failure) 2021-02-02T13:24:26.626+0000: 523233.500: [ParNew
Desired survivor size 2162688 bytes, new threshold 6 (max 6)
- age   1:      29520 bytes,      29520 total
- age   2:        120 bytes,      29640 total
- age   5:         48 bytes,      29688 total
: 33885K->31K(38080K), 0.0064608 secs] 117057K->83203K(175784K), 0.0067163 secs] [Times: user=0.02 sys=0.00, real=0.01 secs] 
Heap after GC invocations=5390 (full 7):
 par new generation   total 38080K, used 31K [0x0000000085600000, 0x0000000087f50000, 0x000000009a2c0000)
  eden space 33856K,   0% used [0x0000000085600000, 0x0000000085600000, 0x0000000087710000)
  from space 4224K,   0% used [0x0000000087710000, 0x0000000087717e90, 0x0000000087b30000)
  to   space 4224K,   0% used [0x0000000087b30000, 0x0000000087b30000, 0x0000000087f50000)
 concurrent mark-sweep generation total 137704K, used 83171K [0x000000009a2c0000, 0x00000000a293a000, 0x0000000100000000)
 Metaspace       used 111740K, capacity 118337K, committed 120492K, reserved 1155072K
  class space    used 13542K, capacity 14759K, committed 15328K, reserved 1048576K
}
2021-02-02T13:24:26.632+0000: 523233.506: Total time for which application threads were stopped: 0.0074300 seconds, Stopping threads took: 0.0001044 seconds
{Heap before GC invocations=5390 (full 7):
 par new generation   total 38080K, used 33887K [0x0000000085600000, 0x0000000087f50000, 0x000000009a2c0000)
  eden space 33856K, 100% used [0x0000000085600000, 0x0000000087710000, 0x0000000087710000)
  from space 4224K,   0% used [0x0000000087710000, 0x0000000087717e90, 0x0000000087b30000)
  to   space 4224K,   0% used [0x0000000087b30000, 0x0000000087b30000, 0x0000000087f50000)
 concurrent mark-sweep generation total 137704K, used 83171K [0x000000009a2c0000, 0x00000000a293a000, 0x0000000100000000)
 Metaspace       used 111740K, capacity 118337K, committed 120492K, reserved 1155072K
  class space    used 13542K, capacity 14759K, committed 15328K, reserved 1048576K
2021-02-02T13:26:13.685+0000: 523340.559: [GC (Allocation Failure) 2021-02-02T13:26:13.685+0000: 523340.559: [ParNew
Desired survivor size 2162688 bytes, new threshold 6 (max 6)
- age   1:      63808 bytes,      63808 total
- age   2:        184 bytes,      63992 total
- age   6:         48 bytes,      64040 total
: 33887K->65K(38080K), 0.0091654 secs] 117059K->83236K(175784K), 0.0094588 secs] [Times: user=0.03 sys=0.00, real=0.01 secs] 
Heap after GC invocations=5391 (full 7):
 par new generation   total 38080K, used 65K [0x0000000085600000, 0x0000000087f50000, 0x000000009a2c0000)
  eden space 33856K,   0% used [0x0000000085600000, 0x0000000085600000, 0x0000000087710000)
  from space 4224K,   1% used [0x0000000087b30000, 0x0000000087b40420, 0x0000000087f50000)
  to   space 4224K,   0% used [0x0000000087710000, 0x0000000087710000, 0x0000000087b30000)
 concurrent mark-sweep generation total 137704K, used 83171K [0x000000009a2c0000, 0x00000000a293a000, 0x0000000100000000)
 Metaspace       used 111740K, capacity 118337K, committed 120492K, reserved 1155072K
  class space    used 13542K, capacity 14759K, committed 15328K, reserved 1048576K
}
2021-02-02T13:26:13.695+0000: 523340.569: Total time for which application threads were stopped: 0.0102866 seconds, Stopping threads took: 0.0000786 seconds
{Heap before GC invocations=5391 (full 7):
 par new generation   total 38080K, used 33921K [0x0000000085600000, 0x0000000087f50000, 0x000000009a2c0000)
  eden space 33856K, 100% used [0x0000000085600000, 0x0000000087710000, 0x0000000087710000)
  from space 4224K,   1% used [0x0000000087b30000, 0x0000000087b40420, 0x0000000087f50000)
  to   space 4224K,   0% used [0x0000000087710000, 0x0000000087710000, 0x0000000087b30000)
 concurrent mark-sweep generation total 137704K, used 83171K [0x000000009a2c0000, 0x00000000a293a000, 0x0000000100000000)
 Metaspace       used 111740K, capacity 118337K, committed 120492K, reserved 1155072K
  class space    used 13542K, capacity 14759K, committed 15328K, reserved 1048576K
2021-02-02T13:28:01.062+0000: 523447.936: [GC (Allocation Failure) 2021-02-02T13:28:01.062+0000: 523447.936: [ParNew
Desired survivor size 2162688 bytes, new threshold 6 (max 6)
- age   1:     159496 bytes,     159496 total
- age   3:         32 bytes,     159528 total
: 33921K->158K(38080K), 0.0085349 secs] 117092K->83330K(175784K), 0.0091292 secs] [Times: user=0.02 sys=0.00, real=0.02 secs] 
Heap after GC invocations=5392 (full 7):
 par new generation   total 38080K, used 158K [0x0000000085600000, 0x0000000087f50000, 0x000000009a2c0000)
  eden space 33856K,   0% used [0x0000000085600000, 0x0000000085600000, 0x0000000087710000)
  from space 4224K,   3% used [0x0000000087710000, 0x00000000877379e8, 0x0000000087b30000)
  to   space 4224K,   0% used [0x0000000087b30000, 0x0000000087b30000, 0x0000000087f50000)
 concurrent mark-sweep generation total 137704K, used 83171K [0x000000009a2c0000, 0x00000000a293a000, 0x0000000100000000)
 Metaspace       used 111740K, capacity 118337K, committed 120492K, reserved 1155072K
  class space    used 13542K, capacity 14759K, committed 15328K, reserved 1048576K
}
2021-02-02T13:28:01.071+0000: 523447.945: Total time for which application threads were stopped: 0.0099532 seconds, Stopping threads took: 0.0000844 seconds
2021-02-02T13:29:32.084+0000: 523538.958: Total time for which application threads were stopped: 0.0007625 seconds, Stopping threads took: 0.0001686 seconds
{Heap before GC invocations=5392 (full 7):
 par new generation   total 38080K, used 34014K [0x0000000085600000, 0x0000000087f50000, 0x000000009a2c0000)
  eden space 33856K, 100% used [0x0000000085600000, 0x0000000087710000, 0x0000000087710000)
  from space 4224K,   3% used [0x0000000087710000, 0x00000000877379e8, 0x0000000087b30000)
  to   space 4224K,   0% used [0x0000000087b30000, 0x0000000087b30000, 0x0000000087f50000)
 concurrent mark-sweep generation total 137704K, used 83171K [0x000000009a2c0000, 0x00000000a293a000, 0x0000000100000000)
 Metaspace       used 111740K, capacity 118337K, committed 120492K, reserved 1155072K
  class space    used 13542K, capacity 14759K, committed 15328K, reserved 1048576K
2021-02-02T13:29:51.411+0000: 523558.285: [GC (Allocation Failure) 2021-02-02T13:29:51.411+0000: 523558.285: [ParNew
Desired survivor size 2162688 bytes, new threshold 6 (max 6)
- age   1:      25448 bytes,      25448 total
- age   2:        152 bytes,      25600 total
- age   4:         32 bytes,      25632 total
: 34014K->27K(38080K), 0.0154596 secs] 117186K->83199K(175784K), 0.0158009 secs] [Times: user=0.03 sys=0.00, real=0.01 secs] 
Heap after GC invocations=5393 (full 7):
 par new generation   total 38080K, used 27K [0x0000000085600000, 0x0000000087f50000, 0x000000009a2c0000)
  eden space 33856K,   0% used [0x0000000085600000, 0x0000000085600000, 0x0000000087710000)
  from space 4224K,   0% used [0x0000000087b30000, 0x0000000087b36df8, 0x0000000087f50000)
  to   space 4224K,   0% used [0x0000000087710000, 0x0000000087710000, 0x0000000087b30000)
 concurrent mark-sweep generation total 137704K, used 83171K [0x000000009a2c0000, 0x00000000a293a000, 0x0000000100000000)
 Metaspace       used 111740K, capacity 118337K, committed 120492K, reserved 1155072K
  class space    used 13542K, capacity 14759K, committed 15328K, reserved 1048576K
}
2021-02-02T13:29:51.427+0000: 523558.301: Total time for which application threads were stopped: 0.0168188 seconds, Stopping threads took: 0.0001833 seconds
2021-02-02T13:31:31.441+0000: 523658.315: Total time for which application threads were stopped: 0.0004611 seconds, Stopping threads took: 0.0000806 seconds
{Heap before GC invocations=5393 (full 7):
 par new generation   total 38080K, used 33883K [0x0000000085600000, 0x0000000087f50000, 0x000000009a2c0000)
  eden space 33856K, 100% used [0x0000000085600000, 0x0000000087710000, 0x0000000087710000)
  from space 4224K,   0% used [0x0000000087b30000, 0x0000000087b36df8, 0x0000000087f50000)
  to   space 4224K,   0% used [0x0000000087710000, 0x0000000087710000, 0x0000000087b30000)
 concurrent mark-sweep generation total 137704K, used 83171K [0x000000009a2c0000, 0x00000000a293a000, 0x0000000100000000)
 Metaspace       used 111740K, capacity 118337K, committed 120492K, reserved 1155072K
  class space    used 13542K, capacity 14759K, committed 15328K, reserved 1048576K
2021-02-02T13:31:40.043+0000: 523666.917: [GC (Allocation Failure) 2021-02-02T13:31:40.043+0000: 523666.917: [ParNew
Desired survivor size 2162688 bytes, new threshold 6 (max 6)
- age   1:      25664 bytes,      25664 total
- age   5:         32 bytes,      25696 total
: 33883K->29K(38080K), 0.0051480 secs] 117055K->83201K(175784K), 0.0053874 secs] [Times: user=0.01 sys=0.00, real=0.00 secs] 
Heap after GC invocations=5394 (full 7):
 par new generation   total 38080K, used 29K [0x0000000085600000, 0x0000000087f50000, 0x000000009a2c0000)
  eden space 33856K,   0% used [0x0000000085600000, 0x0000000085600000, 0x0000000087710000)
  from space 4224K,   0% used [0x0000000087710000, 0x0000000087717608, 0x0000000087b30000)
  to   space 4224K,   0% used [0x0000000087b30000, 0x0000000087b30000, 0x0000000087f50000)
 concurrent mark-sweep generation total 137704K, used 83171K [0x000000009a2c0000, 0x00000000a293a000, 0x0000000100000000)
 Metaspace       used 111740K, capacity 118337K, committed 120492K, reserved 1155072K
  class space    used 13542K, capacity 14759K, committed 15328K, reserved 1048576K
}
2021-02-02T13:31:40.049+0000: 523666.923: Total time for which application threads were stopped: 0.0059627 seconds, Stopping threads took: 0.0000647 seconds
{Heap before GC invocations=5394 (full 7):
 par new generation   total 38080K, used 33885K [0x0000000085600000, 0x0000000087f50000, 0x000000009a2c0000)
  eden space 33856K, 100% used [0x0000000085600000, 0x0000000087710000, 0x0000000087710000)
  from space 4224K,   0% used [0x0000000087710000, 0x0000000087717608, 0x0000000087b30000)
  to   space 4224K,   0% used [0x0000000087b30000, 0x0000000087b30000, 0x0000000087f50000)
 concurrent mark-sweep generation total 137704K, used 83171K [0x000000009a2c0000, 0x00000000a293a000, 0x0000000100000000)
 Metaspace       used 111740K, capacity 118337K, committed 120492K, reserved 1155072K
  class space    used 13542K, capacity 14759K, committed 15328K, reserved 1048576K
2021-02-02T13:33:31.133+0000: 523778.007: [GC (Allocation Failure) 2021-02-02T13:33:31.133+0000: 523778.007: [ParNew
Desired survivor size 2162688 bytes, new threshold 6 (max 6)
- age   1:      51352 bytes,      51352 total
- age   2:        152 bytes,      51504 total
- age   6:         32 bytes,      51536 total
: 33885K->54K(38080K), 0.0057310 secs] 117057K->83226K(175784K), 0.0059775 secs] [Times: user=0.02 sys=0.00, real=0.00 secs] 
Heap after GC invocations=5395 (full 7):
 par new generation   total 38080K, used 54K [0x0000000085600000, 0x0000000087f50000, 0x000000009a2c0000)
  eden space 33856K,   0% used [0x0000000085600000, 0x0000000085600000, 0x0000000087710000)
  from space 4224K,   1% used [0x0000000087b30000, 0x0000000087b3d880, 0x0000000087f50000)
  to   space 4224K,   0% used [0x0000000087710000, 0x0000000087710000, 0x0000000087b30000)
 concurrent mark-sweep generation total 137704K, used 83171K [0x000000009a2c0000, 0x00000000a293a000, 0x0000000100000000)
 Metaspace       used 111740K, capacity 118337K, committed 120492K, reserved 1155072K
  class space    used 13542K, capacity 14759K, committed 15328K, reserved 1048576K
}
2021-02-02T13:33:31.139+0000: 523778.013: Total time for which application threads were stopped: 0.0067042 seconds, Stopping threads took: 0.0001264 seconds
{Heap before GC invocations=5395 (full 7):
 par new generation   total 38080K, used 33910K [0x0000000085600000, 0x0000000087f50000, 0x000000009a2c0000)
  eden space 33856K, 100% used [0x0000000085600000, 0x0000000087710000, 0x0000000087710000)
  from space 4224K,   1% used [0x0000000087b30000, 0x0000000087b3d880, 0x0000000087f50000)
  to   space 4224K,   0% used [0x0000000087710000, 0x0000000087710000, 0x0000000087b30000)
 concurrent mark-sweep generation total 137704K, used 83171K [0x000000009a2c0000, 0x00000000a293a000, 0x0000000100000000)
 Metaspace       used 111740K, capacity 118337K, committed 120492K, reserved 1155072K
  class space    used 13542K, capacity 14759K, committed 15328K, reserved 1048576K
2021-02-02T13:35:18.854+0000: 523885.728: [GC (Allocation Failure) 2021-02-02T13:35:18.854+0000: 523885.728: [ParNew
Desired survivor size 2162688 bytes, new threshold 6 (max 6)
- age   1:      63928 bytes,      63928 total
- age   2:        152 bytes,      64080 total
- age   3:         32 bytes,      64112 total
: 33910K->69K(38080K), 0.0146814 secs] 117082K->83241K(175784K), 0.0149759 secs] [Times: user=0.02 sys=0.00, real=0.01 secs] 
Heap after GC invocations=5396 (full 7):
 par new generation   total 38080K, used 69K [0x0000000085600000, 0x0000000087f50000, 0x000000009a2c0000)
  eden space 33856K,   0% used [0x0000000085600000, 0x0000000085600000, 0x0000000087710000)
  from space 4224K,   1% used [0x0000000087710000, 0x0000000087721508, 0x0000000087b30000)
  to   space 4224K,   0% used [0x0000000087b30000, 0x0000000087b30000, 0x0000000087f50000)
 concurrent mark-sweep generation total 137704K, used 83171K [0x000000009a2c0000, 0x00000000a293a000, 0x0000000100000000)
 Metaspace       used 111740K, capacity 118337K, committed 120492K, reserved 1155072K
  class space    used 13542K, capacity 14759K, committed 15328K, reserved 1048576K
}
2021-02-02T13:35:18.869+0000: 523885.743: Total time for which application threads were stopped: 0.0159775 seconds, Stopping threads took: 0.0001909 seconds
{Heap before GC invocations=5396 (full 7):
 par new generation   total 38080K, used 33925K [0x0000000085600000, 0x0000000087f50000, 0x000000009a2c0000)
  eden space 33856K, 100% used [0x0000000085600000, 0x0000000087710000, 0x0000000087710000)
  from space 4224K,   1% used [0x0000000087710000, 0x0000000087721508, 0x0000000087b30000)
  to   space 4224K,   0% used [0x0000000087b30000, 0x0000000087b30000, 0x0000000087f50000)
 concurrent mark-sweep generation total 137704K, used 83171K [0x000000009a2c0000, 0x00000000a293a000, 0x0000000100000000)
 Metaspace       used 111740K, capacity 118337K, committed 120492K, reserved 1155072K
  class space    used 13542K, capacity 14759K, committed 15328K, reserved 1048576K
2021-02-02T13:37:05.921+0000: 523992.795: [GC (Allocation Failure) 2021-02-02T13:37:05.921+0000: 523992.795: [ParNew
Desired survivor size 2162688 bytes, new threshold 6 (max 6)
- age   1:      97840 bytes,      97840 total
- age   2:         32 bytes,      97872 total
: 33925K->105K(38080K), 0.0075469 secs] 117097K->83277K(175784K), 0.0079036 secs] [Times: user=0.02 sys=0.00, real=0.01 secs] 
Heap after GC invocations=5397 (full 7):
 par new generation   total 38080K, used 105K [0x0000000085600000, 0x0000000087f50000, 0x000000009a2c0000)
  eden space 33856K,   0% used [0x0000000085600000, 0x0000000085600000, 0x0000000087710000)
  from space 4224K,   2% used [0x0000000087b30000, 0x0000000087b4a538, 0x0000000087f50000)
  to   space 4224K,   0% used [0x0000000087710000, 0x0000000087710000, 0x0000000087b30000)
 concurrent mark-sweep generation total 137704K, used 83171K [0x000000009a2c0000, 0x00000000a293a000, 0x0000000100000000)
 Metaspace       used 111740K, capacity 118337K, committed 120492K, reserved 1155072K
  class space    used 13542K, capacity 14759K, committed 15328K, reserved 1048576K
}
2021-02-02T13:37:05.929+0000: 523992.803: Total time for which application threads were stopped: 0.0088070 seconds, Stopping threads took: 0.0000959 seconds
{Heap before GC invocations=5397 (full 7):
 par new generation   total 38080K, used 33961K [0x0000000085600000, 0x0000000087f50000, 0x000000009a2c0000)
  eden space 33856K, 100% used [0x0000000085600000, 0x0000000087710000, 0x0000000087710000)
  from space 4224K,   2% used [0x0000000087b30000, 0x0000000087b4a538, 0x0000000087f50000)
  to   space 4224K,   0% used [0x0000000087710000, 0x0000000087710000, 0x0000000087b30000)
 concurrent mark-sweep generation total 137704K, used 83171K [0x000000009a2c0000, 0x00000000a293a000, 0x0000000100000000)
 Metaspace       used 111740K, capacity 118337K, committed 120492K, reserved 1155072K
  class space    used 13542K, capacity 14759K, committed 15328K, reserved 1048576K
2021-02-02T13:38:54.603+0000: 524101.477: [GC (Allocation Failure) 2021-02-02T13:38:54.604+0000: 524101.477: [ParNew
Desired survivor size 2162688 bytes, new threshold 6 (max 6)
- age   1:      25520 bytes,      25520 total
- age   2:        200 bytes,      25720 total
- age   3:         32 bytes,      25752 total
: 33961K->27K(38080K), 0.0056852 secs] 117133K->83199K(175784K), 0.0059885 secs] [Times: user=0.02 sys=0.00, real=0.00 secs] 
Heap after GC invocations=5398 (full 7):
 par new generation   total 38080K, used 27K [0x0000000085600000, 0x0000000087f50000, 0x000000009a2c0000)
  eden space 33856K,   0% used [0x0000000085600000, 0x0000000085600000, 0x0000000087710000)
  from space 4224K,   0% used [0x0000000087710000, 0x0000000087716e70, 0x0000000087b30000)
  to   space 4224K,   0% used [0x0000000087b30000, 0x0000000087b30000, 0x0000000087f50000)
 concurrent mark-sweep generation total 137704K, used 83171K [0x000000009a2c0000, 0x00000000a293a000, 0x0000000100000000)
 Metaspace       used 111740K, capacity 118337K, committed 120492K, reserved 1155072K
  class space    used 13542K, capacity 14759K, committed 15328K, reserved 1048576K
}
2021-02-02T13:38:54.610+0000: 524101.484: Total time for which application threads were stopped: 0.0067443 seconds, Stopping threads took: 0.0000900 seconds
{Heap before GC invocations=5398 (full 7):
 par new generation   total 38080K, used 33883K [0x0000000085600000, 0x0000000087f50000, 0x000000009a2c0000)
  eden space 33856K, 100% used [0x0000000085600000, 0x0000000087710000, 0x0000000087710000)
  from space 4224K,   0% used [0x0000000087710000, 0x0000000087716e70, 0x0000000087b30000)
  to   space 4224K,   0% used [0x0000000087b30000, 0x0000000087b30000, 0x0000000087f50000)
 concurrent mark-sweep generation total 137704K, used 83171K [0x000000009a2c0000, 0x00000000a293a000, 0x0000000100000000)
 Metaspace       used 111740K, capacity 118337K, committed 120492K, reserved 1155072K
  class space    used 13542K, capacity 14759K, committed 15328K, reserved 1048576K
2021-02-02T13:40:43.263+0000: 524210.137: [GC (Allocation Failure) 2021-02-02T13:40:43.264+0000: 524210.137: [ParNew
Desired survivor size 2162688 bytes, new threshold 6 (max 6)
- age   1:      25944 bytes,      25944 total
- age   2:        120 bytes,      26064 total
- age   4:         32 bytes,      26096 total
: 33883K->29K(38080K), 0.0046047 secs] 117055K->83201K(175784K), 0.0048978 secs] [Times: user=0.01 sys=0.00, real=0.00 secs] 
Heap after GC invocations=5399 (full 7):
 par new generation   total 38080K, used 29K [0x0000000085600000, 0x0000000087f50000, 0x000000009a2c0000)
  eden space 33856K,   0% used [0x0000000085600000, 0x0000000085600000, 0x0000000087710000)
  from space 4224K,   0% used [0x0000000087b30000, 0x0000000087b37608, 0x0000000087f50000)
  to   space 4224K,   0% used [0x0000000087710000, 0x0000000087710000, 0x0000000087b30000)
 concurrent mark-sweep generation total 137704K, used 83171K [0x000000009a2c0000, 0x00000000a293a000, 0x0000000100000000)
 Metaspace       used 111740K, capacity 118337K, committed 120492K, reserved 1155072K
  class space    used 13542K, capacity 14759K, committed 15328K, reserved 1048576K
}
2021-02-02T13:40:43.269+0000: 524210.142: Total time for which application threads were stopped: 0.0055424 seconds, Stopping threads took: 0.0000681 seconds
{Heap before GC invocations=5399 (full 7):
 par new generation   total 38080K, used 33885K [0x0000000085600000, 0x0000000087f50000, 0x000000009a2c0000)
  eden space 33856K, 100% used [0x0000000085600000, 0x0000000087710000, 0x0000000087710000)
  from space 4224K,   0% used [0x0000000087b30000, 0x0000000087b37608, 0x0000000087f50000)
  to   space 4224K,   0% used [0x0000000087710000, 0x0000000087710000, 0x0000000087b30000)
 concurrent mark-sweep generation total 137704K, used 83171K [0x000000009a2c0000, 0x00000000a293a000, 0x0000000100000000)
 Metaspace       used 111740K, capacity 118337K, committed 120492K, reserved 1155072K
  class space    used 13542K, capacity 14759K, committed 15328K, reserved 1048576K
2021-02-02T13:42:31.967+0000: 524318.841: [GC (Allocation Failure) 2021-02-02T13:42:31.967+0000: 524318.841: [ParNew
Desired survivor size 2162688 bytes, new threshold 6 (max 6)
- age   1:      25336 bytes,      25336 total
- age   2:         32 bytes,      25368 total
- age   5:         32 bytes,      25400 total
: 33885K->25K(38080K), 0.0040994 secs] 117057K->83197K(175784K), 0.0042012 secs] [Times: user=0.00 sys=0.00, real=0.01 secs] 
Heap after GC invocations=5400 (full 7):
 par new generation   total 38080K, used 25K [0x0000000085600000, 0x0000000087f50000, 0x000000009a2c0000)
  eden space 33856K,   0% used [0x0000000085600000, 0x0000000085600000, 0x0000000087710000)
  from space 4224K,   0% used [0x0000000087710000, 0x0000000087716708, 0x0000000087b30000)
  to   space 4224K,   0% used [0x0000000087b30000, 0x0000000087b30000, 0x0000000087f50000)
 concurrent mark-sweep generation total 137704K, used 83171K [0x000000009a2c0000, 0x00000000a293a000, 0x0000000100000000)
 Metaspace       used 111740K, capacity 118337K, committed 120492K, reserved 1155072K
  class space    used 13542K, capacity 14759K, committed 15328K, reserved 1048576K
}
2021-02-02T13:42:31.971+0000: 524318.845: Total time for which application threads were stopped: 0.0044530 seconds, Stopping threads took: 0.0000327 seconds
{Heap before GC invocations=5400 (full 7):
 par new generation   total 38080K, used 33881K [0x0000000085600000, 0x0000000087f50000, 0x000000009a2c0000)
  eden space 33856K, 100% used [0x0000000085600000, 0x0000000087710000, 0x0000000087710000)
  from space 4224K,   0% used [0x0000000087710000, 0x0000000087716708, 0x0000000087b30000)
  to   space 4224K,   0% used [0x0000000087b30000, 0x0000000087b30000, 0x0000000087f50000)
 concurrent mark-sweep generation total 137704K, used 83171K [0x000000009a2c0000, 0x00000000a293a000, 0x0000000100000000)
 Metaspace       used 111740K, capacity 118337K, committed 120492K, reserved 1155072K
  class space    used 13542K, capacity 14759K, committed 15328K, reserved 1048576K
2021-02-02T13:44:22.502+0000: 524429.376: [GC (Allocation Failure) 2021-02-02T13:44:22.502+0000: 524429.376: [ParNew
Desired survivor size 2162688 bytes, new threshold 6 (max 6)
- age   1:      30368 bytes,      30368 total
- age   2:        152 bytes,      30520 total
- age   6:         32 bytes,      30552 total
: 33881K->31K(38080K), 0.0045611 secs] 117053K->83203K(175784K), 0.0048563 secs] [Times: user=0.01 sys=0.00, real=0.01 secs] 
Heap after GC invocations=5401 (full 7):
 par new generation   total 38080K, used 31K [0x0000000085600000, 0x0000000087f50000, 0x000000009a2c0000)
  eden space 33856K,   0% used [0x0000000085600000, 0x0000000085600000, 0x0000000087710000)
  from space 4224K,   0% used [0x0000000087b30000, 0x0000000087b37e18, 0x0000000087f50000)
  to   space 4224K,   0% used [0x0000000087710000, 0x0000000087710000, 0x0000000087b30000)
 concurrent mark-sweep generation total 137704K, used 83171K [0x000000009a2c0000, 0x00000000a293a000, 0x0000000100000000)
 Metaspace       used 111740K, capacity 118337K, committed 120492K, reserved 1155072K
  class space    used 13542K, capacity 14759K, committed 15328K, reserved 1048576K
}
2021-02-02T13:44:22.507+0000: 524429.381: Total time for which application threads were stopped: 0.0055588 seconds, Stopping threads took: 0.0000724 seconds
{Heap before GC invocations=5401 (full 7):
 par new generation   total 38080K, used 33887K [0x0000000085600000, 0x0000000087f50000, 0x000000009a2c0000)
  eden space 33856K, 100% used [0x0000000085600000, 0x0000000087710000, 0x0000000087710000)
  from space 4224K,   0% used [0x0000000087b30000, 0x0000000087b37e18, 0x0000000087f50000)
  to   space 4224K,   0% used [0x0000000087710000, 0x0000000087710000, 0x0000000087b30000)
 concurrent mark-sweep generation total 137704K, used 83171K [0x000000009a2c0000, 0x00000000a293a000, 0x0000000100000000)
 Metaspace       used 111740K, capacity 118337K, committed 120492K, reserved 1155072K
  class space    used 13542K, capacity 14759K, committed 15328K, reserved 1048576K
2021-02-02T13:46:09.976+0000: 524536.850: [GC (Allocation Failure) 2021-02-02T13:46:09.976+0000: 524536.850: [ParNew
Desired survivor size 2162688 bytes, new threshold 6 (max 6)
- age   1:      97864 bytes,      97864 total
- age   2:         64 bytes,      97928 total
: 33887K->101K(38080K), 0.0053574 secs] 117059K->83273K(175784K), 0.0056498 secs] [Times: user=0.02 sys=0.00, real=0.00 secs] 
Heap after GC invocations=5402 (full 7):
 par new generation   total 38080K, used 101K [0x0000000085600000, 0x0000000087f50000, 0x000000009a2c0000)
  eden space 33856K,   0% used [0x0000000085600000, 0x0000000085600000, 0x0000000087710000)
  from space 4224K,   2% used [0x0000000087710000, 0x00000000877295e8, 0x0000000087b30000)
  to   space 4224K,   0% used [0x0000000087b30000, 0x0000000087b30000, 0x0000000087f50000)
 concurrent mark-sweep generation total 137704K, used 83171K [0x000000009a2c0000, 0x00000000a293a000, 0x0000000100000000)
 Metaspace       used 111740K, capacity 118337K, committed 120492K, reserved 1155072K
  class space    used 13542K, capacity 14759K, committed 15328K, reserved 1048576K
}
2021-02-02T13:46:09.982+0000: 524536.856: Total time for which application threads were stopped: 0.0064533 seconds, Stopping threads took: 0.0000790 seconds
{Heap before GC invocations=5402 (full 7):
 par new generation   total 38080K, used 33957K [0x0000000085600000, 0x0000000087f50000, 0x000000009a2c0000)
  eden space 33856K, 100% used [0x0000000085600000, 0x0000000087710000, 0x0000000087710000)
  from space 4224K,   2% used [0x0000000087710000, 0x00000000877295e8, 0x0000000087b30000)
  to   space 4224K,   0% used [0x0000000087b30000, 0x0000000087b30000, 0x0000000087f50000)
 concurrent mark-sweep generation total 137704K, used 83171K [0x000000009a2c0000, 0x00000000a293a000, 0x0000000100000000)
 Metaspace       used 111740K, capacity 118337K, committed 120492K, reserved 1155072K
  class space    used 13542K, capacity 14759K, committed 15328K, reserved 1048576K
2021-02-02T13:47:58.619+0000: 524645.493: [GC (Allocation Failure) 2021-02-02T13:47:58.619+0000: 524645.493: [ParNew
Desired survivor size 2162688 bytes, new threshold 6 (max 6)
- age   1:      26424 bytes,      26424 total
- age   2:        152 bytes,      26576 total
: 33957K->30K(38080K), 0.0052164 secs] 117129K->83202K(175784K), 0.0054919 secs] [Times: user=0.01 sys=0.00, real=0.01 secs] 
Heap after GC invocations=5403 (full 7):
 par new generation   total 38080K, used 30K [0x0000000085600000, 0x0000000087f50000, 0x000000009a2c0000)
  eden space 33856K,   0% used [0x0000000085600000, 0x0000000085600000, 0x0000000087710000)
  from space 4224K,   0% used [0x0000000087b30000, 0x0000000087b37958, 0x0000000087f50000)
  to   space 4224K,   0% used [0x0000000087710000, 0x0000000087710000, 0x0000000087b30000)
 concurrent mark-sweep generation total 137704K, used 83171K [0x000000009a2c0000, 0x00000000a293a000, 0x0000000100000000)
 Metaspace       used 111740K, capacity 118337K, committed 120492K, reserved 1155072K
  class space    used 13542K, capacity 14759K, committed 15328K, reserved 1048576K
}
2021-02-02T13:47:58.625+0000: 524645.498: Total time for which application threads were stopped: 0.0061715 seconds, Stopping threads took: 0.0000766 seconds
{Heap before GC invocations=5403 (full 7):
 par new generation   total 38080K, used 33886K [0x0000000085600000, 0x0000000087f50000, 0x000000009a2c0000)
  eden space 33856K, 100% used [0x0000000085600000, 0x0000000087710000, 0x0000000087710000)
  from space 4224K,   0% used [0x0000000087b30000, 0x0000000087b37958, 0x0000000087f50000)
  to   space 4224K,   0% used [0x0000000087710000, 0x0000000087710000, 0x0000000087b30000)
 concurrent mark-sweep generation total 137704K, used 83171K [0x000000009a2c0000, 0x00000000a293a000, 0x0000000100000000)
 Metaspace       used 111740K, capacity 118337K, committed 120492K, reserved 1155072K
  class space    used 13542K, capacity 14759K, committed 15328K, reserved 1048576K
2021-02-02T13:49:47.505+0000: 524754.379: [GC (Allocation Failure) 2021-02-02T13:49:47.505+0000: 524754.379: [ParNew
Desired survivor size 2162688 bytes, new threshold 6 (max 6)
- age   1:      26304 bytes,      26304 total
- age   2:        120 bytes,      26424 total
: 33886K->29K(38080K), 0.0065309 secs] 117058K->83201K(175784K), 0.0067543 secs] [Times: user=0.02 sys=0.00, real=0.01 secs] 
Heap after GC invocations=5404 (full 7):
 par new generation   total 38080K, used 29K [0x0000000085600000, 0x0000000087f50000, 0x000000009a2c0000)
  eden space 33856K,   0% used [0x0000000085600000, 0x0000000085600000, 0x0000000087710000)
  from space 4224K,   0% used [0x0000000087710000, 0x0000000087717608, 0x0000000087b30000)
  to   space 4224K,   0% used [0x0000000087b30000, 0x0000000087b30000, 0x0000000087f50000)
 concurrent mark-sweep generation total 137704K, used 83171K [0x000000009a2c0000, 0x00000000a293a000, 0x0000000100000000)
 Metaspace       used 111740K, capacity 118337K, committed 120492K, reserved 1155072K
  class space    used 13542K, capacity 14759K, committed 15328K, reserved 1048576K
}
2021-02-02T13:49:47.512+0000: 524754.386: Total time for which application threads were stopped: 0.0075218 seconds, Stopping threads took: 0.0002232 seconds
{Heap before GC invocations=5404 (full 7):
 par new generation   total 38080K, used 33885K [0x0000000085600000, 0x0000000087f50000, 0x000000009a2c0000)
  eden space 33856K, 100% used [0x0000000085600000, 0x0000000087710000, 0x0000000087710000)
  from space 4224K,   0% used [0x0000000087710000, 0x0000000087717608, 0x0000000087b30000)
  to   space 4224K,   0% used [0x0000000087b30000, 0x0000000087b30000, 0x0000000087f50000)
 concurrent mark-sweep generation total 137704K, used 83171K [0x000000009a2c0000, 0x00000000a293a000, 0x0000000100000000)
 Metaspace       used 111740K, capacity 118337K, committed 120492K, reserved 1155072K
  class space    used 13542K, capacity 14759K, committed 15328K, reserved 1048576K
2021-02-02T13:51:36.474+0000: 524863.348: [GC (Allocation Failure) 2021-02-02T13:51:36.474+0000: 524863.348: [ParNew
Desired survivor size 2162688 bytes, new threshold 6 (max 6)
- age   1:      25672 bytes,      25672 total
: 33885K->27K(38080K), 0.0131971 secs] 117057K->83199K(175784K), 0.0134744 secs] [Times: user=0.03 sys=0.00, real=0.01 secs] 
Heap after GC invocations=5405 (full 7):
 par new generation   total 38080K, used 27K [0x0000000085600000, 0x0000000087f50000, 0x000000009a2c0000)
  eden space 33856K,   0% used [0x0000000085600000, 0x0000000085600000, 0x0000000087710000)
  from space 4224K,   0% used [0x0000000087b30000, 0x0000000087b36df8, 0x0000000087f50000)
  to   space 4224K,   0% used [0x0000000087710000, 0x0000000087710000, 0x0000000087b30000)
 concurrent mark-sweep generation total 137704K, used 83171K [0x000000009a2c0000, 0x00000000a293a000, 0x0000000100000000)
 Metaspace       used 111740K, capacity 118337K, committed 120492K, reserved 1155072K
  class space    used 13542K, capacity 14759K, committed 15328K, reserved 1048576K
}
2021-02-02T13:51:36.488+0000: 524863.362: Total time for which application threads were stopped: 0.0143406 seconds, Stopping threads took: 0.0001805 seconds
{Heap before GC invocations=5405 (full 7):
 par new generation   total 38080K, used 33883K [0x0000000085600000, 0x0000000087f50000, 0x000000009a2c0000)
  eden space 33856K, 100% used [0x0000000085600000, 0x0000000087710000, 0x0000000087710000)
  from space 4224K,   0% used [0x0000000087b30000, 0x0000000087b36df8, 0x0000000087f50000)
  to   space 4224K,   0% used [0x0000000087710000, 0x0000000087710000, 0x0000000087b30000)
 concurrent mark-sweep generation total 137704K, used 83171K [0x000000009a2c0000, 0x00000000a293a000, 0x0000000100000000)
 Metaspace       used 111740K, capacity 118337K, committed 120492K, reserved 1155072K
  class space    used 13542K, capacity 14759K, committed 15328K, reserved 1048576K
2021-02-02T13:53:27.672+0000: 524974.546: [GC (Allocation Failure) 2021-02-02T13:53:27.672+0000: 524974.546: [ParNew
Desired survivor size 2162688 bytes, new threshold 6 (max 6)
- age   1:      30864 bytes,      30864 total
- age   2:        120 bytes,      30984 total
: 33883K->31K(38080K), 0.0054734 secs] 117055K->83203K(175784K), 0.0057537 secs] [Times: user=0.02 sys=0.00, real=0.00 secs] 
Heap after GC invocations=5406 (full 7):
 par new generation   total 38080K, used 31K [0x0000000085600000, 0x0000000087f50000, 0x000000009a2c0000)
  eden space 33856K,   0% used [0x0000000085600000, 0x0000000085600000, 0x0000000087710000)
  from space 4224K,   0% used [0x0000000087710000, 0x0000000087717e90, 0x0000000087b30000)
  to   space 4224K,   0% used [0x0000000087b30000, 0x0000000087b30000, 0x0000000087f50000)
 concurrent mark-sweep generation total 137704K, used 83171K [0x000000009a2c0000, 0x00000000a293a000, 0x0000000100000000)
 Metaspace       used 111740K, capacity 118337K, committed 120492K, reserved 1155072K
  class space    used 13542K, capacity 14759K, committed 15328K, reserved 1048576K
}
2021-02-02T13:53:27.678+0000: 524974.552: Total time for which application threads were stopped: 0.0067500 seconds, Stopping threads took: 0.0002709 seconds
{Heap before GC invocations=5406 (full 7):
 par new generation   total 38080K, used 33887K [0x0000000085600000, 0x0000000087f50000, 0x000000009a2c0000)
  eden space 33856K, 100% used [0x0000000085600000, 0x0000000087710000, 0x0000000087710000)
  from space 4224K,   0% used [0x0000000087710000, 0x0000000087717e90, 0x0000000087b30000)
  to   space 4224K,   0% used [0x0000000087b30000, 0x0000000087b30000, 0x0000000087f50000)
 concurrent mark-sweep generation total 137704K, used 83171K [0x000000009a2c0000, 0x00000000a293a000, 0x0000000100000000)
 Metaspace       used 111740K, capacity 118337K, committed 120492K, reserved 1155072K
  class space    used 13542K, capacity 14759K, committed 15328K, reserved 1048576K
2021-02-02T13:55:15.330+0000: 525082.204: [GC (Allocation Failure) 2021-02-02T13:55:15.331+0000: 525082.204: [ParNew
Desired survivor size 2162688 bytes, new threshold 6 (max 6)
- age   1:      63552 bytes,      63552 total
- age   2:        184 bytes,      63736 total
: 33887K->66K(38080K), 0.0059021 secs] 117059K->83238K(175784K), 0.0062198 secs] [Times: user=0.02 sys=0.00, real=0.01 secs] 
Heap after GC invocations=5407 (full 7):
 par new generation   total 38080K, used 66K [0x0000000085600000, 0x0000000087f50000, 0x000000009a2c0000)
  eden space 33856K,   0% used [0x0000000085600000, 0x0000000085600000, 0x0000000087710000)
  from space 4224K,   1% used [0x0000000087b30000, 0x0000000087b40960, 0x0000000087f50000)
  to   space 4224K,   0% used [0x0000000087710000, 0x0000000087710000, 0x0000000087b30000)
 concurrent mark-sweep generation total 137704K, used 83171K [0x000000009a2c0000, 0x00000000a293a000, 0x0000000100000000)
 Metaspace       used 111740K, capacity 118337K, committed 120492K, reserved 1155072K
  class space    used 13542K, capacity 14759K, committed 15328K, reserved 1048576K
}
2021-02-02T13:55:15.337+0000: 525082.211: Total time for which application threads were stopped: 0.0073152 seconds, Stopping threads took: 0.0003125 seconds
{Heap before GC invocations=5407 (full 7):
 par new generation   total 38080K, used 33922K [0x0000000085600000, 0x0000000087f50000, 0x000000009a2c0000)
  eden space 33856K, 100% used [0x0000000085600000, 0x0000000087710000, 0x0000000087710000)
  from space 4224K,   1% used [0x0000000087b30000, 0x0000000087b40960, 0x0000000087f50000)
  to   space 4224K,   0% used [0x0000000087710000, 0x0000000087710000, 0x0000000087b30000)
 concurrent mark-sweep generation total 137704K, used 83171K [0x000000009a2c0000, 0x00000000a293a000, 0x0000000100000000)
 Metaspace       used 111740K, capacity 118337K, committed 120492K, reserved 1155072K
  class space    used 13542K, capacity 14759K, committed 15328K, reserved 1048576K
2021-02-02T13:57:02.153+0000: 525189.027: [GC (Allocation Failure) 2021-02-02T13:57:02.153+0000: 525189.027: [ParNew
Desired survivor size 2162688 bytes, new threshold 6 (max 6)
- age   1:     129728 bytes,     129728 total
: 33922K->130K(38080K), 0.0048171 secs] 117094K->83302K(175784K), 0.0051215 secs] [Times: user=0.01 sys=0.01, real=0.00 secs] 
Heap after GC invocations=5408 (full 7):
 par new generation   total 38080K, used 130K [0x0000000085600000, 0x0000000087f50000, 0x000000009a2c0000)
  eden space 33856K,   0% used [0x0000000085600000, 0x0000000085600000, 0x0000000087710000)
  from space 4224K,   3% used [0x0000000087710000, 0x0000000087730af0, 0x0000000087b30000)
  to   space 4224K,   0% used [0x0000000087b30000, 0x0000000087b30000, 0x0000000087f50000)
 concurrent mark-sweep generation total 137704K, used 83171K [0x000000009a2c0000, 0x00000000a293a000, 0x0000000100000000)
 Metaspace       used 111740K, capacity 118337K, committed 120492K, reserved 1155072K
  class space    used 13542K, capacity 14759K, committed 15328K, reserved 1048576K
}
2021-02-02T13:57:02.158+0000: 525189.032: Total time for which application threads were stopped: 0.0057417 seconds, Stopping threads took: 0.0000665 seconds
{Heap before GC invocations=5408 (full 7):
 par new generation   total 38080K, used 33986K [0x0000000085600000, 0x0000000087f50000, 0x000000009a2c0000)
  eden space 33856K, 100% used [0x0000000085600000, 0x0000000087710000, 0x0000000087710000)
  from space 4224K,   3% used [0x0000000087710000, 0x0000000087730af0, 0x0000000087b30000)
  to   space 4224K,   0% used [0x0000000087b30000, 0x0000000087b30000, 0x0000000087f50000)
 concurrent mark-sweep generation total 137704K, used 83171K [0x000000009a2c0000, 0x00000000a293a000, 0x0000000100000000)
 Metaspace       used 111740K, capacity 118337K, committed 120492K, reserved 1155072K
  class space    used 13542K, capacity 14759K, committed 15328K, reserved 1048576K
2021-02-02T13:58:52.388+0000: 525299.262: [GC (Allocation Failure) 2021-02-02T13:58:52.389+0000: 525299.262: [ParNew
Desired survivor size 2162688 bytes, new threshold 6 (max 6)
- age   1:      25696 bytes,      25696 total
- age   2:        168 bytes,      25864 total
: 33986K->30K(38080K), 0.0059524 secs] 117158K->83202K(175784K), 0.0062346 secs] [Times: user=0.02 sys=0.00, real=0.01 secs] 
Heap after GC invocations=5409 (full 7):
 par new generation   total 38080K, used 30K [0x0000000085600000, 0x0000000087f50000, 0x000000009a2c0000)
  eden space 33856K,   0% used [0x0000000085600000, 0x0000000085600000, 0x0000000087710000)
  from space 4224K,   0% used [0x0000000087b30000, 0x0000000087b37980, 0x0000000087f50000)
  to   space 4224K,   0% used [0x0000000087710000, 0x0000000087710000, 0x0000000087b30000)
 concurrent mark-sweep generation total 137704K, used 83171K [0x000000009a2c0000, 0x00000000a293a000, 0x0000000100000000)
 Metaspace       used 111740K, capacity 118337K, committed 120492K, reserved 1155072K
  class space    used 13542K, capacity 14759K, committed 15328K, reserved 1048576K
}
2021-02-02T13:58:52.395+0000: 525299.269: Total time for which application threads were stopped: 0.0070337 seconds, Stopping threads took: 0.0000880 seconds
{Heap before GC invocations=5409 (full 7):
 par new generation   total 38080K, used 33886K [0x0000000085600000, 0x0000000087f50000, 0x000000009a2c0000)
  eden space 33856K, 100% used [0x0000000085600000, 0x0000000087710000, 0x0000000087710000)
  from space 4224K,   0% used [0x0000000087b30000, 0x0000000087b37980, 0x0000000087f50000)
  to   space 4224K,   0% used [0x0000000087710000, 0x0000000087710000, 0x0000000087b30000)
 concurrent mark-sweep generation total 137704K, used 83171K [0x000000009a2c0000, 0x00000000a293a000, 0x0000000100000000)
 Metaspace       used 111740K, capacity 118337K, committed 120492K, reserved 1155072K
  class space    used 13542K, capacity 14759K, committed 15328K, reserved 1048576K
2021-02-02T14:00:41.140+0000: 525408.014: [GC (Allocation Failure) 2021-02-02T14:00:41.141+0000: 525408.014: [ParNew
Desired survivor size 2162688 bytes, new threshold 6 (max 6)
- age   1:      25960 bytes,      25960 total
: 33886K->29K(38080K), 0.0104722 secs] 117058K->83201K(175784K), 0.0107867 secs] [Times: user=0.02 sys=0.00, real=0.02 secs] 
Heap after GC invocations=5410 (full 7):
 par new generation   total 38080K, used 29K [0x0000000085600000, 0x0000000087f50000, 0x000000009a2c0000)
  eden space 33856K,   0% used [0x0000000085600000, 0x0000000085600000, 0x0000000087710000)
  from space 4224K,   0% used [0x0000000087710000, 0x0000000087717608, 0x0000000087b30000)
  to   space 4224K,   0% used [0x0000000087b30000, 0x0000000087b30000, 0x0000000087f50000)
 concurrent mark-sweep generation total 137704K, used 83171K [0x000000009a2c0000, 0x00000000a293a000, 0x0000000100000000)
 Metaspace       used 111740K, capacity 118337K, committed 120492K, reserved 1155072K
  class space    used 13542K, capacity 14759K, committed 15328K, reserved 1048576K
}
2021-02-02T14:00:41.151+0000: 525408.025: Total time for which application threads were stopped: 0.0116586 seconds, Stopping threads took: 0.0001372 seconds
{Heap before GC invocations=5410 (full 7):
 par new generation   total 38080K, used 33885K [0x0000000085600000, 0x0000000087f50000, 0x000000009a2c0000)
  eden space 33856K, 100% used [0x0000000085600000, 0x0000000087710000, 0x0000000087710000)
  from space 4224K,   0% used [0x0000000087710000, 0x0000000087717608, 0x0000000087b30000)
  to   space 4224K,   0% used [0x0000000087b30000, 0x0000000087b30000, 0x0000000087f50000)
 concurrent mark-sweep generation total 137704K, used 83171K [0x000000009a2c0000, 0x00000000a293a000, 0x0000000100000000)
 Metaspace       used 111740K, capacity 118337K, committed 120492K, reserved 1155072K
  class space    used 13542K, capacity 14759K, committed 15328K, reserved 1048576K
2021-02-02T14:02:32.358+0000: 525519.232: [GC (Allocation Failure) 2021-02-02T14:02:32.359+0000: 525519.233: [ParNew
Desired survivor size 2162688 bytes, new threshold 6 (max 6)
- age   1:      32144 bytes,      32144 total
- age   2:        152 bytes,      32296 total
: 33885K->35K(38080K), 0.0234782 secs] 117057K->83207K(175784K), 0.0237589 secs] [Times: user=0.03 sys=0.00, real=0.02 secs] 
Heap after GC invocations=5411 (full 7):
 par new generation   total 38080K, used 35K [0x0000000085600000, 0x0000000087f50000, 0x000000009a2c0000)
  eden space 33856K,   0% used [0x0000000085600000, 0x0000000085600000, 0x0000000087710000)
  from space 4224K,   0% used [0x0000000087b30000, 0x0000000087b38fa0, 0x0000000087f50000)
  to   space 4224K,   0% used [0x0000000087710000, 0x0000000087710000, 0x0000000087b30000)
 concurrent mark-sweep generation total 137704K, used 83171K [0x000000009a2c0000, 0x00000000a293a000, 0x0000000100000000)
 Metaspace       used 111740K, capacity 118337K, committed 120492K, reserved 1155072K
  class space    used 13542K, capacity 14759K, committed 15328K, reserved 1048576K
}
2021-02-02T14:02:32.382+0000: 525519.256: Total time for which application threads were stopped: 0.0246284 seconds, Stopping threads took: 0.0000794 seconds
{Heap before GC invocations=5411 (full 7):
 par new generation   total 38080K, used 33891K [0x0000000085600000, 0x0000000087f50000, 0x000000009a2c0000)
  eden space 33856K, 100% used [0x0000000085600000, 0x0000000087710000, 0x0000000087710000)
  from space 4224K,   0% used [0x0000000087b30000, 0x0000000087b38fa0, 0x0000000087f50000)
  to   space 4224K,   0% used [0x0000000087710000, 0x0000000087710000, 0x0000000087b30000)
 concurrent mark-sweep generation total 137704K, used 83171K [0x000000009a2c0000, 0x00000000a293a000, 0x0000000100000000)
 Metaspace       used 111740K, capacity 118337K, committed 120492K, reserved 1155072K
  class space    used 13542K, capacity 14759K, committed 15328K, reserved 1048576K
2021-02-02T14:04:19.802+0000: 525626.676: [GC (Allocation Failure) 2021-02-02T14:04:19.803+0000: 525626.676: [ParNew
Desired survivor size 2162688 bytes, new threshold 6 (max 6)
- age   1:      30168 bytes,      30168 total
- age   2:        184 bytes,      30352 total
- age   3:         32 bytes,      30384 total
: 33891K->33K(38080K), 0.0066810 secs] 117063K->83205K(175784K), 0.0068573 secs] [Times: user=0.01 sys=0.00, real=0.01 secs] 
Heap after GC invocations=5412 (full 7):
 par new generation   total 38080K, used 33K [0x0000000085600000, 0x0000000087f50000, 0x000000009a2c0000)
  eden space 33856K,   0% used [0x0000000085600000, 0x0000000085600000, 0x0000000087710000)
  from space 4224K,   0% used [0x0000000087710000, 0x00000000877187d8, 0x0000000087b30000)
  to   space 4224K,   0% used [0x0000000087b30000, 0x0000000087b30000, 0x0000000087f50000)
 concurrent mark-sweep generation total 137704K, used 83171K [0x000000009a2c0000, 0x00000000a293a000, 0x0000000100000000)
 Metaspace       used 111740K, capacity 118337K, committed 120492K, reserved 1155072K
  class space    used 13542K, capacity 14759K, committed 15328K, reserved 1048576K
}
2021-02-02T14:04:19.809+0000: 525626.683: Total time for which application threads were stopped: 0.0072220 seconds, Stopping threads took: 0.0000583 seconds
{Heap before GC invocations=5412 (full 7):
 par new generation   total 38080K, used 33889K [0x0000000085600000, 0x0000000087f50000, 0x000000009a2c0000)
  eden space 33856K, 100% used [0x0000000085600000, 0x0000000087710000, 0x0000000087710000)
  from space 4224K,   0% used [0x0000000087710000, 0x00000000877187d8, 0x0000000087b30000)
  to   space 4224K,   0% used [0x0000000087b30000, 0x0000000087b30000, 0x0000000087f50000)
 concurrent mark-sweep generation total 137704K, used 83171K [0x000000009a2c0000, 0x00000000a293a000, 0x0000000100000000)
 Metaspace       used 111740K, capacity 118337K, committed 120492K, reserved 1155072K
  class space    used 13542K, capacity 14759K, committed 15328K, reserved 1048576K
2021-02-02T14:06:06.748+0000: 525733.622: [GC (Allocation Failure) 2021-02-02T14:06:06.748+0000: 525733.622: [ParNew
Desired survivor size 2162688 bytes, new threshold 6 (max 6)
- age   1:     134640 bytes,     134640 total
- age   2:         32 bytes,     134672 total
: 33889K->134K(38080K), 0.0073787 secs] 117061K->83306K(175784K), 0.0077601 secs] [Times: user=0.02 sys=0.00, real=0.01 secs] 
Heap after GC invocations=5413 (full 7):
 par new generation   total 38080K, used 134K [0x0000000085600000, 0x0000000087f50000, 0x000000009a2c0000)
  eden space 33856K,   0% used [0x0000000085600000, 0x0000000085600000, 0x0000000087710000)
  from space 4224K,   3% used [0x0000000087b30000, 0x0000000087b51bd8, 0x0000000087f50000)
  to   space 4224K,   0% used [0x0000000087710000, 0x0000000087710000, 0x0000000087b30000)
 concurrent mark-sweep generation total 137704K, used 83171K [0x000000009a2c0000, 0x00000000a293a000, 0x0000000100000000)
 Metaspace       used 111740K, capacity 118337K, committed 120492K, reserved 1155072K
  class space    used 13542K, capacity 14759K, committed 15328K, reserved 1048576K
}
2021-02-02T14:06:06.756+0000: 525733.630: Total time for which application threads were stopped: 0.0087164 seconds, Stopping threads took: 0.0000823 seconds
{Heap before GC invocations=5413 (full 7):
 par new generation   total 38080K, used 33990K [0x0000000085600000, 0x0000000087f50000, 0x000000009a2c0000)
  eden space 33856K, 100% used [0x0000000085600000, 0x0000000087710000, 0x0000000087710000)
  from space 4224K,   3% used [0x0000000087b30000, 0x0000000087b51bd8, 0x0000000087f50000)
  to   space 4224K,   0% used [0x0000000087710000, 0x0000000087710000, 0x0000000087b30000)
 concurrent mark-sweep generation total 137704K, used 83171K [0x000000009a2c0000, 0x00000000a293a000, 0x0000000100000000)
 Metaspace       used 111740K, capacity 118337K, committed 120492K, reserved 1155072K
  class space    used 13542K, capacity 14759K, committed 15328K, reserved 1048576K
2021-02-02T14:07:55.311+0000: 525842.185: [GC (Allocation Failure) 2021-02-02T14:07:55.312+0000: 525842.186: [ParNew
Desired survivor size 2162688 bytes, new threshold 6 (max 6)
- age   1:      27800 bytes,      27800 total
- age   2:      35384 bytes,      63184 total
- age   3:         32 bytes,      63216 total
: 33990K->68K(38080K), 0.0073839 secs] 117162K->83240K(175784K), 0.0077807 secs] [Times: user=0.02 sys=0.00, real=0.00 secs] 
Heap after GC invocations=5414 (full 7):
 par new generation   total 38080K, used 68K [0x0000000085600000, 0x0000000087f50000, 0x000000009a2c0000)
  eden space 33856K,   0% used [0x0000000085600000, 0x0000000085600000, 0x0000000087710000)
  from space 4224K,   1% used [0x0000000087710000, 0x00000000877211d8, 0x0000000087b30000)
  to   space 4224K,   0% used [0x0000000087b30000, 0x0000000087b30000, 0x0000000087f50000)
 concurrent mark-sweep generation total 137704K, used 83171K [0x000000009a2c0000, 0x00000000a293a000, 0x0000000100000000)
 Metaspace       used 111740K, capacity 118337K, committed 120492K, reserved 1155072K
  class space    used 13542K, capacity 14759K, committed 15328K, reserved 1048576K
}
2021-02-02T14:07:55.319+0000: 525842.193: Total time for which application threads were stopped: 0.0085968 seconds, Stopping threads took: 0.0000872 seconds
{Heap before GC invocations=5414 (full 7):
 par new generation   total 38080K, used 33924K [0x0000000085600000, 0x0000000087f50000, 0x000000009a2c0000)
  eden space 33856K, 100% used [0x0000000085600000, 0x0000000087710000, 0x0000000087710000)
  from space 4224K,   1% used [0x0000000087710000, 0x00000000877211d8, 0x0000000087b30000)
  to   space 4224K,   0% used [0x0000000087b30000, 0x0000000087b30000, 0x0000000087f50000)
 concurrent mark-sweep generation total 137704K, used 83171K [0x000000009a2c0000, 0x00000000a293a000, 0x0000000100000000)
 Metaspace       used 111740K, capacity 118337K, committed 120492K, reserved 1155072K
  class space    used 13542K, capacity 14759K, committed 15328K, reserved 1048576K
2021-02-02T14:09:44.163+0000: 525951.037: [GC (Allocation Failure) 2021-02-02T14:09:44.163+0000: 525951.037: [ParNew
Desired survivor size 2162688 bytes, new threshold 6 (max 6)
- age   1:      61216 bytes,      61216 total
- age   2:        464 bytes,      61680 total
- age   3:      34960 bytes,      96640 total
- age   4:         32 bytes,      96672 total
: 33924K->97K(38080K), 0.0072029 secs] 117096K->83269K(175784K), 0.0076152 secs] [Times: user=0.01 sys=0.01, real=0.01 secs] 
Heap after GC invocations=5415 (full 7):
 par new generation   total 38080K, used 97K [0x0000000085600000, 0x0000000087f50000, 0x000000009a2c0000)
  eden space 33856K,   0% used [0x0000000085600000, 0x0000000085600000, 0x0000000087710000)
  from space 4224K,   2% used [0x0000000087b30000, 0x0000000087b48790, 0x0000000087f50000)
  to   space 4224K,   0% used [0x0000000087710000, 0x0000000087710000, 0x0000000087b30000)
 concurrent mark-sweep generation total 137704K, used 83171K [0x000000009a2c0000, 0x00000000a293a000, 0x0000000100000000)
 Metaspace       used 111740K, capacity 118337K, committed 120492K, reserved 1155072K
  class space    used 13542K, capacity 14759K, committed 15328K, reserved 1048576K
}
2021-02-02T14:09:44.171+0000: 525951.044: Total time for which application threads were stopped: 0.0088217 seconds, Stopping threads took: 0.0003200 seconds
{Heap before GC invocations=5415 (full 7):
 par new generation   total 38080K, used 33953K [0x0000000085600000, 0x0000000087f50000, 0x000000009a2c0000)
  eden space 33856K, 100% used [0x0000000085600000, 0x0000000087710000, 0x0000000087710000)
  from space 4224K,   2% used [0x0000000087b30000, 0x0000000087b48790, 0x0000000087f50000)
  to   space 4224K,   0% used [0x0000000087710000, 0x0000000087710000, 0x0000000087b30000)
 concurrent mark-sweep generation total 137704K, used 83171K [0x000000009a2c0000, 0x00000000a293a000, 0x0000000100000000)
 Metaspace       used 111740K, capacity 118337K, committed 120492K, reserved 1155072K
  class space    used 13542K, capacity 14759K, committed 15328K, reserved 1048576K
2021-02-02T14:11:33.167+0000: 526060.040: [GC (Allocation Failure) 2021-02-02T14:11:33.167+0000: 526060.041: [ParNew
Desired survivor size 2162688 bytes, new threshold 6 (max 6)
- age   1:      27680 bytes,      27680 total
- age   2:      33736 bytes,      61416 total
- age   3:        344 bytes,      61760 total
- age   4:      34704 bytes,      96464 total
- age   5:         32 bytes,      96496 total
: 33953K->99K(38080K), 0.0060669 secs] 117125K->83271K(175784K), 0.0064910 secs] [Times: user=0.02 sys=0.00, real=0.01 secs] 
Heap after GC invocations=5416 (full 7):
 par new generation   total 38080K, used 99K [0x0000000085600000, 0x0000000087f50000, 0x000000009a2c0000)
  eden space 33856K,   0% used [0x0000000085600000, 0x0000000085600000, 0x0000000087710000)
  from space 4224K,   2% used [0x0000000087710000, 0x0000000087728e50, 0x0000000087b30000)
  to   space 4224K,   0% used [0x0000000087b30000, 0x0000000087b30000, 0x0000000087f50000)
 concurrent mark-sweep generation total 137704K, used 83171K [0x000000009a2c0000, 0x00000000a293a000, 0x0000000100000000)
 Metaspace       used 111740K, capacity 118337K, committed 120492K, reserved 1155072K
  class space    used 13542K, capacity 14759K, committed 15328K, reserved 1048576K
}
2021-02-02T14:11:33.173+0000: 526060.047: Total time for which application threads were stopped: 0.0074141 seconds, Stopping threads took: 0.0000891 seconds
{Heap before GC invocations=5416 (full 7):
 par new generation   total 38080K, used 33955K [0x0000000085600000, 0x0000000087f50000, 0x000000009a2c0000)
  eden space 33856K, 100% used [0x0000000085600000, 0x0000000087710000, 0x0000000087710000)
  from space 4224K,   2% used [0x0000000087710000, 0x0000000087728e50, 0x0000000087b30000)
  to   space 4224K,   0% used [0x0000000087b30000, 0x0000000087b30000, 0x0000000087f50000)
 concurrent mark-sweep generation total 137704K, used 83171K [0x000000009a2c0000, 0x00000000a293a000, 0x0000000100000000)
 Metaspace       used 111740K, capacity 118337K, committed 120492K, reserved 1155072K
  class space    used 13542K, capacity 14759K, committed 15328K, reserved 1048576K
2021-02-02T14:13:23.971+0000: 526170.845: [GC (Allocation Failure) 2021-02-02T14:13:23.971+0000: 526170.845: [ParNew
Desired survivor size 2162688 bytes, new threshold 6 (max 6)
- age   1:      31688 bytes,      31688 total
- age   2:        152 bytes,      31840 total
- age   3:      33736 bytes,      65576 total
- age   4:        344 bytes,      65920 total
- age   5:      34472 bytes,     100392 total
- age   6:         32 bytes,     100424 total
: 33955K->104K(38080K), 0.0055924 secs] 117127K->83276K(175784K), 0.0059820 secs] [Times: user=0.02 sys=0.00, real=0.01 secs] 
Heap after GC invocations=5417 (full 7):
 par new generation   total 38080K, used 104K [0x0000000085600000, 0x0000000087f50000, 0x000000009a2c0000)
  eden space 33856K,   0% used [0x0000000085600000, 0x0000000085600000, 0x0000000087710000)
  from space 4224K,   2% used [0x0000000087b30000, 0x0000000087b4a118, 0x0000000087f50000)
  to   space 4224K,   0% used [0x0000000087710000, 0x0000000087710000, 0x0000000087b30000)
 concurrent mark-sweep generation total 137704K, used 83171K [0x000000009a2c0000, 0x00000000a293a000, 0x0000000100000000)
 Metaspace       used 111740K, capacity 118337K, committed 120492K, reserved 1155072K
  class space    used 13542K, capacity 14759K, committed 15328K, reserved 1048576K
}
2021-02-02T14:13:23.977+0000: 526170.851: Total time for which application threads were stopped: 0.0069331 seconds, Stopping threads took: 0.0001126 seconds
{Heap before GC invocations=5417 (full 7):
 par new generation   total 38080K, used 33960K [0x0000000085600000, 0x0000000087f50000, 0x000000009a2c0000)
  eden space 33856K, 100% used [0x0000000085600000, 0x0000000087710000, 0x0000000087710000)
  from space 4224K,   2% used [0x0000000087b30000, 0x0000000087b4a118, 0x0000000087f50000)
  to   space 4224K,   0% used [0x0000000087710000, 0x0000000087710000, 0x0000000087b30000)
 concurrent mark-sweep generation total 137704K, used 83171K [0x000000009a2c0000, 0x00000000a293a000, 0x0000000100000000)
 Metaspace       used 111740K, capacity 118337K, committed 120492K, reserved 1155072K
  class space    used 13542K, capacity 14759K, committed 15328K, reserved 1048576K
2021-02-02T14:15:11.235+0000: 526278.109: [GC (Allocation Failure) 2021-02-02T14:15:11.235+0000: 526278.109: [ParNew
Desired survivor size 2162688 bytes, new threshold 6 (max 6)
- age   1:      95864 bytes,      95864 total
- age   2:        120 bytes,      95984 total
- age   5:         32 bytes,      96016 total
- age   6:        360 bytes,      96376 total
: 33960K->98K(38080K), 0.0057237 secs] 117132K->83270K(175784K), 0.0062201 secs] [Times: user=0.02 sys=0.00, real=0.00 secs] 
Heap after GC invocations=5418 (full 7):
 par new generation   total 38080K, used 98K [0x0000000085600000, 0x0000000087f50000, 0x000000009a2c0000)
  eden space 33856K,   0% used [0x0000000085600000, 0x0000000085600000, 0x0000000087710000)
  from space 4224K,   2% used [0x0000000087710000, 0x0000000087728b20, 0x0000000087b30000)
  to   space 4224K,   0% used [0x0000000087b30000, 0x0000000087b30000, 0x0000000087f50000)
 concurrent mark-sweep generation total 137704K, used 83171K [0x000000009a2c0000, 0x00000000a293a000, 0x0000000100000000)
 Metaspace       used 111740K, capacity 118337K, committed 120492K, reserved 1155072K
  class space    used 13542K, capacity 14759K, committed 15328K, reserved 1048576K
}
2021-02-02T14:15:11.241+0000: 526278.115: Total time for which application threads were stopped: 0.0072918 seconds, Stopping threads took: 0.0002155 seconds
{Heap before GC invocations=5418 (full 7):
 par new generation   total 38080K, used 33948K [0x0000000085600000, 0x0000000087f50000, 0x000000009a2c0000)
  eden space 33856K,  99% used [0x0000000085600000, 0x000000008770e890, 0x0000000087710000)
  from space 4224K,   2% used [0x0000000087710000, 0x0000000087728b20, 0x0000000087b30000)
  to   space 4224K,   0% used [0x0000000087b30000, 0x0000000087b30000, 0x0000000087f50000)
 concurrent mark-sweep generation total 137704K, used 83171K [0x000000009a2c0000, 0x00000000a293a000, 0x0000000100000000)
 Metaspace       used 111740K, capacity 118337K, committed 120492K, reserved 1155072K
  class space    used 13542K, capacity 14759K, committed 15328K, reserved 1048576K
2021-02-02T14:16:59.810+0000: 526386.684: [GC (Allocation Failure) 2021-02-02T14:16:59.810+0000: 526386.684: [ParNew
Desired survivor size 2162688 bytes, new threshold 6 (max 6)
- age   1:     127960 bytes,     127960 total
- age   2:        120 bytes,     128080 total
- age   6:         32 bytes,     128112 total
: 33948K->129K(38080K), 0.0177940 secs] 117120K->83302K(175784K), 0.0181954 secs] [Times: user=0.03 sys=0.00, real=0.02 secs] 
Heap after GC invocations=5419 (full 7):
 par new generation   total 38080K, used 129K [0x0000000085600000, 0x0000000087f50000, 0x000000009a2c0000)
  eden space 33856K,   0% used [0x0000000085600000, 0x0000000085600000, 0x0000000087710000)
  from space 4224K,   3% used [0x0000000087b30000, 0x0000000087b50720, 0x0000000087f50000)
  to   space 4224K,   0% used [0x0000000087710000, 0x0000000087710000, 0x0000000087b30000)
 concurrent mark-sweep generation total 137704K, used 83172K [0x000000009a2c0000, 0x00000000a293a000, 0x0000000100000000)
 Metaspace       used 111740K, capacity 118337K, committed 120492K, reserved 1155072K
  class space    used 13542K, capacity 14759K, committed 15328K, reserved 1048576K
}
2021-02-02T14:16:59.829+0000: 526386.702: Total time for which application threads were stopped: 0.0191412 seconds, Stopping threads took: 0.0000908 seconds
{Heap before GC invocations=5419 (full 7):
 par new generation   total 38080K, used 33985K [0x0000000085600000, 0x0000000087f50000, 0x000000009a2c0000)
  eden space 33856K, 100% used [0x0000000085600000, 0x0000000087710000, 0x0000000087710000)
  from space 4224K,   3% used [0x0000000087b30000, 0x0000000087b50720, 0x0000000087f50000)
  to   space 4224K,   0% used [0x0000000087710000, 0x0000000087710000, 0x0000000087b30000)
 concurrent mark-sweep generation total 137704K, used 83172K [0x000000009a2c0000, 0x00000000a293a000, 0x0000000100000000)
 Metaspace       used 111740K, capacity 118337K, committed 120492K, reserved 1155072K
  class space    used 13542K, capacity 14759K, committed 15328K, reserved 1048576K
2021-02-02T14:18:50.238+0000: 526497.112: [GC (Allocation Failure) 2021-02-02T14:18:50.238+0000: 526497.112: [ParNew
Desired survivor size 2162688 bytes, new threshold 6 (max 6)
- age   1:      25816 bytes,      25816 total
- age   2:        120 bytes,      25936 total
: 33985K->27K(38080K), 0.0052655 secs] 117158K->83200K(175784K), 0.0055956 secs] [Times: user=0.01 sys=0.00, real=0.01 secs] 
Heap after GC invocations=5420 (full 7):
 par new generation   total 38080K, used 27K [0x0000000085600000, 0x0000000087f50000, 0x000000009a2c0000)
  eden space 33856K,   0% used [0x0000000085600000, 0x0000000085600000, 0x0000000087710000)
  from space 4224K,   0% used [0x0000000087710000, 0x0000000087716f20, 0x0000000087b30000)
  to   space 4224K,   0% used [0x0000000087b30000, 0x0000000087b30000, 0x0000000087f50000)
 concurrent mark-sweep generation total 137704K, used 83172K [0x000000009a2c0000, 0x00000000a293a000, 0x0000000100000000)
 Metaspace       used 111740K, capacity 118337K, committed 120492K, reserved 1155072K
  class space    used 13542K, capacity 14759K, committed 15328K, reserved 1048576K
}
2021-02-02T14:18:50.244+0000: 526497.118: Total time for which application threads were stopped: 0.0063296 seconds, Stopping threads took: 0.0000750 seconds
{Heap before GC invocations=5420 (full 7):
 par new generation   total 38080K, used 33883K [0x0000000085600000, 0x0000000087f50000, 0x000000009a2c0000)
  eden space 33856K, 100% used [0x0000000085600000, 0x0000000087710000, 0x0000000087710000)
  from space 4224K,   0% used [0x0000000087710000, 0x0000000087716f20, 0x0000000087b30000)
  to   space 4224K,   0% used [0x0000000087b30000, 0x0000000087b30000, 0x0000000087f50000)
 concurrent mark-sweep generation total 137704K, used 83172K [0x000000009a2c0000, 0x00000000a293a000, 0x0000000100000000)
 Metaspace       used 111740K, capacity 118337K, committed 120492K, reserved 1155072K
  class space    used 13542K, capacity 14759K, committed 15328K, reserved 1048576K
2021-02-02T14:20:39.249+0000: 526606.123: [GC (Allocation Failure) 2021-02-02T14:20:39.249+0000: 526606.123: [ParNew
Desired survivor size 2162688 bytes, new threshold 6 (max 6)
- age   1:      25584 bytes,      25584 total
- age   2:         32 bytes,      25616 total
: 33883K->29K(38080K), 0.0061530 secs] 117056K->83201K(175784K), 0.0065128 secs] [Times: user=0.01 sys=0.00, real=0.01 secs] 
Heap after GC invocations=5421 (full 7):
 par new generation   total 38080K, used 29K [0x0000000085600000, 0x0000000087f50000, 0x000000009a2c0000)
  eden space 33856K,   0% used [0x0000000085600000, 0x0000000085600000, 0x0000000087710000)
  from space 4224K,   0% used [0x0000000087b30000, 0x0000000087b37608, 0x0000000087f50000)
  to   space 4224K,   0% used [0x0000000087710000, 0x0000000087710000, 0x0000000087b30000)
 concurrent mark-sweep generation total 137704K, used 83172K [0x000000009a2c0000, 0x00000000a293a000, 0x0000000100000000)
 Metaspace       used 111740K, capacity 118337K, committed 120492K, reserved 1155072K
  class space    used 13542K, capacity 14759K, committed 15328K, reserved 1048576K
}
2021-02-02T14:20:39.256+0000: 526606.130: Total time for which application threads were stopped: 0.0074808 seconds, Stopping threads took: 0.0000884 seconds
{Heap before GC invocations=5421 (full 7):
 par new generation   total 38080K, used 33885K [0x0000000085600000, 0x0000000087f50000, 0x000000009a2c0000)
  eden space 33856K, 100% used [0x0000000085600000, 0x0000000087710000, 0x0000000087710000)
  from space 4224K,   0% used [0x0000000087b30000, 0x0000000087b37608, 0x0000000087f50000)
  to   space 4224K,   0% used [0x0000000087710000, 0x0000000087710000, 0x0000000087b30000)
 concurrent mark-sweep generation total 137704K, used 83172K [0x000000009a2c0000, 0x00000000a293a000, 0x0000000100000000)
 Metaspace       used 111740K, capacity 118337K, committed 120492K, reserved 1155072K
  class space    used 13542K, capacity 14759K, committed 15328K, reserved 1048576K
2021-02-02T14:22:31.138+0000: 526718.012: [GC (Allocation Failure) 2021-02-02T14:22:31.139+0000: 526718.012: [ParNew
Desired survivor size 2162688 bytes, new threshold 6 (max 6)
- age   1:      30144 bytes,      30144 total
- age   2:        120 bytes,      30264 total
- age   3:         32 bytes,      30296 total
: 33885K->31K(38080K), 0.0317955 secs] 117057K->83203K(175784K), 0.0321890 secs] [Times: user=0.03 sys=0.00, real=0.03 secs] 
Heap after GC invocations=5422 (full 7):
 par new generation   total 38080K, used 31K [0x0000000085600000, 0x0000000087f50000, 0x000000009a2c0000)
  eden space 33856K,   0% used [0x0000000085600000, 0x0000000085600000, 0x0000000087710000)
  from space 4224K,   0% used [0x0000000087710000, 0x0000000087717e90, 0x0000000087b30000)
  to   space 4224K,   0% used [0x0000000087b30000, 0x0000000087b30000, 0x0000000087f50000)
 concurrent mark-sweep generation total 137704K, used 83172K [0x000000009a2c0000, 0x00000000a293a000, 0x0000000100000000)
 Metaspace       used 111740K, capacity 118337K, committed 120492K, reserved 1155072K
  class space    used 13542K, capacity 14759K, committed 15328K, reserved 1048576K
}
2021-02-02T14:22:31.171+0000: 526718.045: Total time for which application threads were stopped: 0.0331609 seconds, Stopping threads took: 0.0001649 seconds
{Heap before GC invocations=5422 (full 7):
 par new generation   total 38080K, used 33887K [0x0000000085600000, 0x0000000087f50000, 0x000000009a2c0000)
  eden space 33856K, 100% used [0x0000000085600000, 0x0000000087710000, 0x0000000087710000)
  from space 4224K,   0% used [0x0000000087710000, 0x0000000087717e90, 0x0000000087b30000)
  to   space 4224K,   0% used [0x0000000087b30000, 0x0000000087b30000, 0x0000000087f50000)
 concurrent mark-sweep generation total 137704K, used 83172K [0x000000009a2c0000, 0x00000000a293a000, 0x0000000100000000)
 Metaspace       used 111740K, capacity 118337K, committed 120492K, reserved 1155072K
  class space    used 13542K, capacity 14759K, committed 15328K, reserved 1048576K
2021-02-02T14:24:18.642+0000: 526825.516: [GC (Allocation Failure) 2021-02-02T14:24:18.642+0000: 526825.516: [ParNew
Desired survivor size 2162688 bytes, new threshold 6 (max 6)
- age   1:      63984 bytes,      63984 total
- age   2:        152 bytes,      64136 total
: 33887K->68K(38080K), 0.0040474 secs] 117059K->83241K(175784K), 0.0042515 secs] [Times: user=0.01 sys=0.00, real=0.01 secs] 
Heap after GC invocations=5423 (full 7):
 par new generation   total 38080K, used 68K [0x0000000085600000, 0x0000000087f50000, 0x000000009a2c0000)
  eden space 33856K,   0% used [0x0000000085600000, 0x0000000085600000, 0x0000000087710000)
  from space 4224K,   1% used [0x0000000087b30000, 0x0000000087b413d0, 0x0000000087f50000)
  to   space 4224K,   0% used [0x0000000087710000, 0x0000000087710000, 0x0000000087b30000)
 concurrent mark-sweep generation total 137704K, used 83172K [0x000000009a2c0000, 0x00000000a293a000, 0x0000000100000000)
 Metaspace       used 111740K, capacity 118337K, committed 120492K, reserved 1155072K
  class space    used 13542K, capacity 14759K, committed 15328K, reserved 1048576K
}
2021-02-02T14:24:18.646+0000: 526825.520: Total time for which application threads were stopped: 0.0048889 seconds, Stopping threads took: 0.0001702 seconds
{Heap before GC invocations=5423 (full 7):
 par new generation   total 38080K, used 33924K [0x0000000085600000, 0x0000000087f50000, 0x000000009a2c0000)
  eden space 33856K, 100% used [0x0000000085600000, 0x0000000087710000, 0x0000000087710000)
  from space 4224K,   1% used [0x0000000087b30000, 0x0000000087b413d0, 0x0000000087f50000)
  to   space 4224K,   0% used [0x0000000087710000, 0x0000000087710000, 0x0000000087b30000)
 concurrent mark-sweep generation total 137704K, used 83172K [0x000000009a2c0000, 0x00000000a293a000, 0x0000000100000000)
 Metaspace       used 111740K, capacity 118337K, committed 120492K, reserved 1155072K
  class space    used 13542K, capacity 14759K, committed 15328K, reserved 1048576K
2021-02-02T14:26:06.064+0000: 526932.938: [GC (Allocation Failure) 2021-02-02T14:26:06.065+0000: 526932.938: [ParNew
Desired survivor size 2162688 bytes, new threshold 6 (max 6)
- age   1:      98272 bytes,      98272 total
: 33924K->99K(38080K), 0.0109446 secs] 117097K->83272K(175784K), 0.0113146 secs] [Times: user=0.02 sys=0.00, real=0.01 secs] 
Heap after GC invocations=5424 (full 7):
 par new generation   total 38080K, used 99K [0x0000000085600000, 0x0000000087f50000, 0x000000009a2c0000)
  eden space 33856K,   0% used [0x0000000085600000, 0x0000000085600000, 0x0000000087710000)
  from space 4224K,   2% used [0x0000000087710000, 0x0000000087728f38, 0x0000000087b30000)
  to   space 4224K,   0% used [0x0000000087b30000, 0x0000000087b30000, 0x0000000087f50000)
 concurrent mark-sweep generation total 137704K, used 83172K [0x000000009a2c0000, 0x00000000a293a000, 0x0000000100000000)
 Metaspace       used 111740K, capacity 118337K, committed 120492K, reserved 1155072K
  class space    used 13542K, capacity 14759K, committed 15328K, reserved 1048576K
}
2021-02-02T14:26:06.076+0000: 526932.950: Total time for which application threads were stopped: 0.0123240 seconds, Stopping threads took: 0.0000926 seconds
{Heap before GC invocations=5424 (full 7):
 par new generation   total 38080K, used 33955K [0x0000000085600000, 0x0000000087f50000, 0x000000009a2c0000)
  eden space 33856K, 100% used [0x0000000085600000, 0x0000000087710000, 0x0000000087710000)
  from space 4224K,   2% used [0x0000000087710000, 0x0000000087728f38, 0x0000000087b30000)
  to   space 4224K,   0% used [0x0000000087b30000, 0x0000000087b30000, 0x0000000087f50000)
 concurrent mark-sweep generation total 137704K, used 83172K [0x000000009a2c0000, 0x00000000a293a000, 0x0000000100000000)
 Metaspace       used 111740K, capacity 118337K, committed 120492K, reserved 1155072K
  class space    used 13542K, capacity 14759K, committed 15328K, reserved 1048576K
2021-02-02T14:27:55.009+0000: 527041.883: [GC (Allocation Failure) 2021-02-02T14:27:55.009+0000: 527041.883: [ParNew
Desired survivor size 2162688 bytes, new threshold 6 (max 6)
- age   1:      25584 bytes,      25584 total
- age   2:        168 bytes,      25752 total
: 33955K->33K(38080K), 0.0108105 secs] 117128K->83205K(175784K), 0.0112048 secs] [Times: user=0.02 sys=0.00, real=0.01 secs] 
Heap after GC invocations=5425 (full 7):
 par new generation   total 38080K, used 33K [0x0000000085600000, 0x0000000087f50000, 0x000000009a2c0000)
  eden space 33856K,   0% used [0x0000000085600000, 0x0000000085600000, 0x0000000087710000)
  from space 4224K,   0% used [0x0000000087b30000, 0x0000000087b38468, 0x0000000087f50000)
  to   space 4224K,   0% used [0x0000000087710000, 0x0000000087710000, 0x0000000087b30000)
 concurrent mark-sweep generation total 137704K, used 83172K [0x000000009a2c0000, 0x00000000a293a000, 0x0000000100000000)
 Metaspace       used 111740K, capacity 118337K, committed 120492K, reserved 1155072K
  class space    used 13542K, capacity 14759K, committed 15328K, reserved 1048576K
}
2021-02-02T14:27:55.020+0000: 527041.894: Total time for which application threads were stopped: 0.0121369 seconds, Stopping threads took: 0.0001479 seconds
{Heap before GC invocations=5425 (full 7):
 par new generation   total 38080K, used 33889K [0x0000000085600000, 0x0000000087f50000, 0x000000009a2c0000)
  eden space 33856K, 100% used [0x0000000085600000, 0x0000000087710000, 0x0000000087710000)
  from space 4224K,   0% used [0x0000000087b30000, 0x0000000087b38468, 0x0000000087f50000)
  to   space 4224K,   0% used [0x0000000087710000, 0x0000000087710000, 0x0000000087b30000)
 concurrent mark-sweep generation total 137704K, used 83172K [0x000000009a2c0000, 0x00000000a293a000, 0x0000000100000000)
 Metaspace       used 111740K, capacity 118337K, committed 120492K, reserved 1155072K
  class space    used 13542K, capacity 14759K, committed 15328K, reserved 1048576K
2021-02-02T14:29:44.006+0000: 527150.880: [GC (Allocation Failure) 2021-02-02T14:29:44.007+0000: 527150.880: [ParNew
Desired survivor size 2162688 bytes, new threshold 6 (max 6)
- age   1:      25840 bytes,      25840 total
- age   2:        152 bytes,      25992 total
: 33889K->29K(38080K), 0.0056787 secs] 117061K->83201K(175784K), 0.0060221 secs] [Times: user=0.01 sys=0.01, real=0.01 secs] 
Heap after GC invocations=5426 (full 7):
 par new generation   total 38080K, used 29K [0x0000000085600000, 0x0000000087f50000, 0x000000009a2c0000)
  eden space 33856K,   0% used [0x0000000085600000, 0x0000000085600000, 0x0000000087710000)
  from space 4224K,   0% used [0x0000000087710000, 0x0000000087717608, 0x0000000087b30000)
  to   space 4224K,   0% used [0x0000000087b30000, 0x0000000087b30000, 0x0000000087f50000)
 concurrent mark-sweep generation total 137704K, used 83172K [0x000000009a2c0000, 0x00000000a293a000, 0x0000000100000000)
 Metaspace       used 111740K, capacity 118337K, committed 120492K, reserved 1155072K
  class space    used 13542K, capacity 14759K, committed 15328K, reserved 1048576K
}
2021-02-02T14:29:44.013+0000: 527150.887: Total time for which application threads were stopped: 0.0068009 seconds, Stopping threads took: 0.0000958 seconds
{Heap before GC invocations=5426 (full 7):
 par new generation   total 38080K, used 33885K [0x0000000085600000, 0x0000000087f50000, 0x000000009a2c0000)
  eden space 33856K, 100% used [0x0000000085600000, 0x0000000087710000, 0x0000000087710000)
  from space 4224K,   0% used [0x0000000087710000, 0x0000000087717608, 0x0000000087b30000)
  to   space 4224K,   0% used [0x0000000087b30000, 0x0000000087b30000, 0x0000000087f50000)
 concurrent mark-sweep generation total 137704K, used 83172K [0x000000009a2c0000, 0x00000000a293a000, 0x0000000100000000)
 Metaspace       used 111740K, capacity 118337K, committed 120492K, reserved 1155072K
  class space    used 13542K, capacity 14759K, committed 15328K, reserved 1048576K
2021-02-02T14:31:33.100+0000: 527259.974: [GC (Allocation Failure) 2021-02-02T14:31:33.101+0000: 527259.975: [ParNew
Desired survivor size 2162688 bytes, new threshold 6 (max 6)
- age   1:      26136 bytes,      26136 total
- age   2:         32 bytes,      26168 total
: 33885K->27K(38080K), 0.0102731 secs] 117057K->83199K(175784K), 0.0105798 secs] [Times: user=0.03 sys=0.00, real=0.02 secs] 
Heap after GC invocations=5427 (full 7):
 par new generation   total 38080K, used 27K [0x0000000085600000, 0x0000000087f50000, 0x000000009a2c0000)
  eden space 33856K,   0% used [0x0000000085600000, 0x0000000085600000, 0x0000000087710000)
  from space 4224K,   0% used [0x0000000087b30000, 0x0000000087b36df8, 0x0000000087f50000)
  to   space 4224K,   0% used [0x0000000087710000, 0x0000000087710000, 0x0000000087b30000)
 concurrent mark-sweep generation total 137704K, used 83172K [0x000000009a2c0000, 0x00000000a293a000, 0x0000000100000000)
 Metaspace       used 111740K, capacity 118337K, committed 120492K, reserved 1155072K
  class space    used 13542K, capacity 14759K, committed 15328K, reserved 1048576K
}
2021-02-02T14:31:33.111+0000: 527259.985: Total time for which application threads were stopped: 0.0114769 seconds, Stopping threads took: 0.0000941 seconds
{Heap before GC invocations=5427 (full 7):
 par new generation   total 38080K, used 33883K [0x0000000085600000, 0x0000000087f50000, 0x000000009a2c0000)
  eden space 33856K, 100% used [0x0000000085600000, 0x0000000087710000, 0x0000000087710000)
  from space 4224K,   0% used [0x0000000087b30000, 0x0000000087b36df8, 0x0000000087f50000)
  to   space 4224K,   0% used [0x0000000087710000, 0x0000000087710000, 0x0000000087b30000)
 concurrent mark-sweep generation total 137704K, used 83172K [0x000000009a2c0000, 0x00000000a293a000, 0x0000000100000000)
 Metaspace       used 111740K, capacity 118337K, committed 120492K, reserved 1155072K
  class space    used 13542K, capacity 14759K, committed 15328K, reserved 1048576K
2021-02-02T14:33:22.803+0000: 527369.677: [GC (Allocation Failure) 2021-02-02T14:33:22.803+0000: 527369.677: [ParNew
Desired survivor size 2162688 bytes, new threshold 6 (max 6)
- age   1:      31512 bytes,      31512 total
- age   2:        184 bytes,      31696 total
- age   3:         32 bytes,      31728 total
: 33883K->34K(38080K), 0.0089857 secs] 117055K->83206K(175784K), 0.0092966 secs] [Times: user=0.03 sys=0.00, real=0.01 secs] 
Heap after GC invocations=5428 (full 7):
 par new generation   total 38080K, used 34K [0x0000000085600000, 0x0000000087f50000, 0x000000009a2c0000)
  eden space 33856K,   0% used [0x0000000085600000, 0x0000000085600000, 0x0000000087710000)
  from space 4224K,   0% used [0x0000000087710000, 0x0000000087718880, 0x0000000087b30000)
  to   space 4224K,   0% used [0x0000000087b30000, 0x0000000087b30000, 0x0000000087f50000)
 concurrent mark-sweep generation total 137704K, used 83172K [0x000000009a2c0000, 0x00000000a293a000, 0x0000000100000000)
 Metaspace       used 111740K, capacity 118337K, committed 120492K, reserved 1155072K
  class space    used 13542K, capacity 14759K, committed 15328K, reserved 1048576K
}
2021-02-02T14:33:22.813+0000: 527369.687: Total time for which application threads were stopped: 0.0100509 seconds, Stopping threads took: 0.0001121 seconds
{Heap before GC invocations=5428 (full 7):
 par new generation   total 38080K, used 33890K [0x0000000085600000, 0x0000000087f50000, 0x000000009a2c0000)
  eden space 33856K, 100% used [0x0000000085600000, 0x0000000087710000, 0x0000000087710000)
  from space 4224K,   0% used [0x0000000087710000, 0x0000000087718880, 0x0000000087b30000)
  to   space 4224K,   0% used [0x0000000087b30000, 0x0000000087b30000, 0x0000000087f50000)
 concurrent mark-sweep generation total 137704K, used 83172K [0x000000009a2c0000, 0x00000000a293a000, 0x0000000100000000)
 Metaspace       used 111740K, capacity 118337K, committed 120492K, reserved 1155072K
  class space    used 13542K, capacity 14759K, committed 15328K, reserved 1048576K
2021-02-02T14:35:09.941+0000: 527476.815: [GC (Allocation Failure) 2021-02-02T14:35:09.942+0000: 527476.815: [ParNew
Desired survivor size 2162688 bytes, new threshold 6 (max 6)
- age   1:      95920 bytes,      95920 total
- age   2:       1776 bytes,      97696 total
: 33890K->101K(38080K), 0.0095699 secs] 117062K->83273K(175784K), 0.0099065 secs] [Times: user=0.02 sys=0.00, real=0.02 secs] 
Heap after GC invocations=5429 (full 7):
 par new generation   total 38080K, used 101K [0x0000000085600000, 0x0000000087f50000, 0x000000009a2c0000)
  eden space 33856K,   0% used [0x0000000085600000, 0x0000000085600000, 0x0000000087710000)
  from space 4224K,   2% used [0x0000000087b30000, 0x0000000087b49658, 0x0000000087f50000)
  to   space 4224K,   0% used [0x0000000087710000, 0x0000000087710000, 0x0000000087b30000)
 concurrent mark-sweep generation total 137704K, used 83172K [0x000000009a2c0000, 0x00000000a293a000, 0x0000000100000000)
 Metaspace       used 111740K, capacity 118337K, committed 120492K, reserved 1155072K
  class space    used 13542K, capacity 14759K, committed 15328K, reserved 1048576K
}
2021-02-02T14:35:09.951+0000: 527476.825: Total time for which application threads were stopped: 0.0107524 seconds, Stopping threads took: 0.0000905 seconds
{Heap before GC invocations=5429 (full 7):
 par new generation   total 38080K, used 33957K [0x0000000085600000, 0x0000000087f50000, 0x000000009a2c0000)
  eden space 33856K, 100% used [0x0000000085600000, 0x0000000087710000, 0x0000000087710000)
  from space 4224K,   2% used [0x0000000087b30000, 0x0000000087b49658, 0x0000000087f50000)
  to   space 4224K,   0% used [0x0000000087710000, 0x0000000087710000, 0x0000000087b30000)
 concurrent mark-sweep generation total 137704K, used 83172K [0x000000009a2c0000, 0x00000000a293a000, 0x0000000100000000)
 Metaspace       used 111740K, capacity 118337K, committed 120492K, reserved 1155072K
  class space    used 13542K, capacity 14759K, committed 15328K, reserved 1048576K
2021-02-02T14:36:58.652+0000: 527585.526: [GC (Allocation Failure) 2021-02-02T14:36:58.652+0000: 527585.526: [ParNew
Desired survivor size 2162688 bytes, new threshold 6 (max 6)
- age   1:      25976 bytes,      25976 total
- age   2:        120 bytes,      26096 total
- age   3:         32 bytes,      26128 total
: 33957K->30K(38080K), 0.0041999 secs] 117129K->83202K(175784K), 0.0044664 secs] [Times: user=0.01 sys=0.00, real=0.00 secs] 
Heap after GC invocations=5430 (full 7):
 par new generation   total 38080K, used 30K [0x0000000085600000, 0x0000000087f50000, 0x000000009a2c0000)
  eden space 33856K,   0% used [0x0000000085600000, 0x0000000085600000, 0x0000000087710000)
  from space 4224K,   0% used [0x0000000087710000, 0x00000000877179d0, 0x0000000087b30000)
  to   space 4224K,   0% used [0x0000000087b30000, 0x0000000087b30000, 0x0000000087f50000)
 concurrent mark-sweep generation total 137704K, used 83172K [0x000000009a2c0000, 0x00000000a293a000, 0x0000000100000000)
 Metaspace       used 111740K, capacity 118337K, committed 120492K, reserved 1155072K
  class space    used 13542K, capacity 14759K, committed 15328K, reserved 1048576K
}
2021-02-02T14:36:58.657+0000: 527585.531: Total time for which application threads were stopped: 0.0054126 seconds, Stopping threads took: 0.0003956 seconds
{Heap before GC invocations=5430 (full 7):
 par new generation   total 38080K, used 33886K [0x0000000085600000, 0x0000000087f50000, 0x000000009a2c0000)
  eden space 33856K, 100% used [0x0000000085600000, 0x0000000087710000, 0x0000000087710000)
  from space 4224K,   0% used [0x0000000087710000, 0x00000000877179d0, 0x0000000087b30000)
  to   space 4224K,   0% used [0x0000000087b30000, 0x0000000087b30000, 0x0000000087f50000)
 concurrent mark-sweep generation total 137704K, used 83172K [0x000000009a2c0000, 0x00000000a293a000, 0x0000000100000000)
 Metaspace       used 111740K, capacity 118337K, committed 120492K, reserved 1155072K
  class space    used 13542K, capacity 14759K, committed 15328K, reserved 1048576K
2021-02-02T14:38:47.616+0000: 527694.489: [GC (Allocation Failure) 2021-02-02T14:38:47.616+0000: 527694.490: [ParNew
Desired survivor size 2162688 bytes, new threshold 6 (max 6)
- age   1:      25712 bytes,      25712 total
- age   2:        120 bytes,      25832 total
: 33886K->29K(38080K), 0.0085195 secs] 117058K->83202K(175784K), 0.0088369 secs] [Times: user=0.03 sys=0.00, real=0.01 secs] 
Heap after GC invocations=5431 (full 7):
 par new generation   total 38080K, used 29K [0x0000000085600000, 0x0000000087f50000, 0x000000009a2c0000)
  eden space 33856K,   0% used [0x0000000085600000, 0x0000000085600000, 0x0000000087710000)
  from space 4224K,   0% used [0x0000000087b30000, 0x0000000087b37730, 0x0000000087f50000)
  to   space 4224K,   0% used [0x0000000087710000, 0x0000000087710000, 0x0000000087b30000)
 concurrent mark-sweep generation total 137704K, used 83172K [0x000000009a2c0000, 0x00000000a293a000, 0x0000000100000000)
 Metaspace       used 111740K, capacity 118337K, committed 120492K, reserved 1155072K
  class space    used 13542K, capacity 14759K, committed 15328K, reserved 1048576K
}
2021-02-02T14:38:47.625+0000: 527694.499: Total time for which application threads were stopped: 0.0096077 seconds, Stopping threads took: 0.0000875 seconds
{Heap before GC invocations=5431 (full 7):
 par new generation   total 38080K, used 33885K [0x0000000085600000, 0x0000000087f50000, 0x000000009a2c0000)
  eden space 33856K, 100% used [0x0000000085600000, 0x0000000087710000, 0x0000000087710000)
  from space 4224K,   0% used [0x0000000087b30000, 0x0000000087b37730, 0x0000000087f50000)
  to   space 4224K,   0% used [0x0000000087710000, 0x0000000087710000, 0x0000000087b30000)
 concurrent mark-sweep generation total 137704K, used 83172K [0x000000009a2c0000, 0x00000000a293a000, 0x0000000100000000)
 Metaspace       used 111740K, capacity 118337K, committed 120492K, reserved 1155072K
  class space    used 13542K, capacity 14759K, committed 15328K, reserved 1048576K
2021-02-02T14:40:36.683+0000: 527803.557: [GC (Allocation Failure) 2021-02-02T14:40:36.684+0000: 527803.557: [ParNew
Desired survivor size 2162688 bytes, new threshold 6 (max 6)
- age   1:      25736 bytes,      25736 total
- age   2:         32 bytes,      25768 total
: 33885K->29K(38080K), 0.0056560 secs] 117058K->83201K(175784K), 0.0059906 secs] [Times: user=0.02 sys=0.00, real=0.00 secs] 
Heap after GC invocations=5432 (full 7):
 par new generation   total 38080K, used 29K [0x0000000085600000, 0x0000000087f50000, 0x000000009a2c0000)
  eden space 33856K,   0% used [0x0000000085600000, 0x0000000085600000, 0x0000000087710000)
  from space 4224K,   0% used [0x0000000087710000, 0x0000000087717608, 0x0000000087b30000)
  to   space 4224K,   0% used [0x0000000087b30000, 0x0000000087b30000, 0x0000000087f50000)
 concurrent mark-sweep generation total 137704K, used 83172K [0x000000009a2c0000, 0x00000000a293a000, 0x0000000100000000)
 Metaspace       used 111740K, capacity 118337K, committed 120492K, reserved 1155072K
  class space    used 13542K, capacity 14759K, committed 15328K, reserved 1048576K
}
2021-02-02T14:40:36.690+0000: 527803.563: Total time for which application threads were stopped: 0.0067401 seconds, Stopping threads took: 0.0000755 seconds
{Heap before GC invocations=5432 (full 7):
 par new generation   total 38080K, used 33885K [0x0000000085600000, 0x0000000087f50000, 0x000000009a2c0000)
  eden space 33856K, 100% used [0x0000000085600000, 0x0000000087710000, 0x0000000087710000)
  from space 4224K,   0% used [0x0000000087710000, 0x0000000087717608, 0x0000000087b30000)
  to   space 4224K,   0% used [0x0000000087b30000, 0x0000000087b30000, 0x0000000087f50000)
 concurrent mark-sweep generation total 137704K, used 83172K [0x000000009a2c0000, 0x00000000a293a000, 0x0000000100000000)
 Metaspace       used 111740K, capacity 118337K, committed 120492K, reserved 1155072K
  class space    used 13542K, capacity 14759K, committed 15328K, reserved 1048576K
2021-02-02T14:42:27.701+0000: 527914.575: [GC (Allocation Failure) 2021-02-02T14:42:27.701+0000: 527914.575: [ParNew
Desired survivor size 2162688 bytes, new threshold 6 (max 6)
- age   1:      30168 bytes,      30168 total
- age   2:        152 bytes,      30320 total
: 33885K->31K(38080K), 0.0069334 secs] 117057K->83203K(175784K), 0.0073528 secs] [Times: user=0.02 sys=0.00, real=0.01 secs] 
Heap after GC invocations=5433 (full 7):
 par new generation   total 38080K, used 31K [0x0000000085600000, 0x0000000087f50000, 0x000000009a2c0000)
  eden space 33856K,   0% used [0x0000000085600000, 0x0000000085600000, 0x0000000087710000)
  from space 4224K,   0% used [0x0000000087b30000, 0x0000000087b37e90, 0x0000000087f50000)
  to   space 4224K,   0% used [0x0000000087710000, 0x0000000087710000, 0x0000000087b30000)
 concurrent mark-sweep generation total 137704K, used 83172K [0x000000009a2c0000, 0x00000000a293a000, 0x0000000100000000)
 Metaspace       used 111740K, capacity 118337K, committed 120492K, reserved 1155072K
  class space    used 13542K, capacity 14759K, committed 15328K, reserved 1048576K
}
2021-02-02T14:42:27.708+0000: 527914.582: Total time for which application threads were stopped: 0.0084931 seconds, Stopping threads took: 0.0001468 seconds
{Heap before GC invocations=5433 (full 7):
 par new generation   total 38080K, used 33887K [0x0000000085600000, 0x0000000087f50000, 0x000000009a2c0000)
  eden space 33856K, 100% used [0x0000000085600000, 0x0000000087710000, 0x0000000087710000)
  from space 4224K,   0% used [0x0000000087b30000, 0x0000000087b37e90, 0x0000000087f50000)
  to   space 4224K,   0% used [0x0000000087710000, 0x0000000087710000, 0x0000000087b30000)
 concurrent mark-sweep generation total 137704K, used 83172K [0x000000009a2c0000, 0x00000000a293a000, 0x0000000100000000)
 Metaspace       used 111740K, capacity 118337K, committed 120492K, reserved 1155072K
  class space    used 13542K, capacity 14759K, committed 15328K, reserved 1048576K
2021-02-02T14:44:15.219+0000: 528022.093: [GC (Allocation Failure) 2021-02-02T14:44:15.219+0000: 528022.093: [ParNew
Desired survivor size 2162688 bytes, new threshold 6 (max 6)
- age   1:      63928 bytes,      63928 total
- age   2:        184 bytes,      64112 total
- age   3:         32 bytes,      64144 total
: 33887K->64K(38080K), 0.0059319 secs] 117059K->83236K(175784K), 0.0064201 secs] [Times: user=0.01 sys=0.00, real=0.01 secs] 
Heap after GC invocations=5434 (full 7):
 par new generation   total 38080K, used 64K [0x0000000085600000, 0x0000000087f50000, 0x000000009a2c0000)
  eden space 33856K,   0% used [0x0000000085600000, 0x0000000085600000, 0x0000000087710000)
  from space 4224K,   1% used [0x0000000087710000, 0x0000000087720270, 0x0000000087b30000)
  to   space 4224K,   0% used [0x0000000087b30000, 0x0000000087b30000, 0x0000000087f50000)
 concurrent mark-sweep generation total 137704K, used 83172K [0x000000009a2c0000, 0x00000000a293a000, 0x0000000100000000)
 Metaspace       used 111740K, capacity 118337K, committed 120492K, reserved 1155072K
  class space    used 13542K, capacity 14759K, committed 15328K, reserved 1048576K
}
2021-02-02T14:44:15.225+0000: 528022.099: Total time for which application threads were stopped: 0.0075267 seconds, Stopping threads took: 0.0000916 seconds
{Heap before GC invocations=5434 (full 7):
 par new generation   total 38080K, used 33920K [0x0000000085600000, 0x0000000087f50000, 0x000000009a2c0000)
  eden space 33856K, 100% used [0x0000000085600000, 0x0000000087710000, 0x0000000087710000)
  from space 4224K,   1% used [0x0000000087710000, 0x0000000087720270, 0x0000000087b30000)
  to   space 4224K,   0% used [0x0000000087b30000, 0x0000000087b30000, 0x0000000087f50000)
 concurrent mark-sweep generation total 137704K, used 83172K [0x000000009a2c0000, 0x00000000a293a000, 0x0000000100000000)
 Metaspace       used 111740K, capacity 118337K, committed 120492K, reserved 1155072K
  class space    used 13542K, capacity 14759K, committed 15328K, reserved 1048576K
2021-02-02T14:46:02.398+0000: 528129.272: [GC (Allocation Failure) 2021-02-02T14:46:02.398+0000: 528129.272: [ParNew
Desired survivor size 2162688 bytes, new threshold 6 (max 6)
- age   1:     129768 bytes,     129768 total
- age   3:         32 bytes,     129800 total
- age   4:         32 bytes,     129832 total
: 33920K->133K(38080K), 0.0079419 secs] 117092K->83305K(175784K), 0.0083377 secs] [Times: user=0.02 sys=0.00, real=0.01 secs] 
Heap after GC invocations=5435 (full 7):
 par new generation   total 38080K, used 133K [0x0000000085600000, 0x0000000087f50000, 0x000000009a2c0000)
  eden space 33856K,   0% used [0x0000000085600000, 0x0000000085600000, 0x0000000087710000)
  from space 4224K,   3% used [0x0000000087b30000, 0x0000000087b51518, 0x0000000087f50000)
  to   space 4224K,   0% used [0x0000000087710000, 0x0000000087710000, 0x0000000087b30000)
 concurrent mark-sweep generation total 137704K, used 83172K [0x000000009a2c0000, 0x00000000a293a000, 0x0000000100000000)
 Metaspace       used 111740K, capacity 118337K, committed 120492K, reserved 1155072K
  class space    used 13542K, capacity 14759K, committed 15328K, reserved 1048576K
}
2021-02-02T14:46:02.406+0000: 528129.280: Total time for which application threads were stopped: 0.0094339 seconds, Stopping threads took: 0.0002316 seconds
{Heap before GC invocations=5435 (full 7):
 par new generation   total 38080K, used 33989K [0x0000000085600000, 0x0000000087f50000, 0x000000009a2c0000)
  eden space 33856K, 100% used [0x0000000085600000, 0x0000000087710000, 0x0000000087710000)
  from space 4224K,   3% used [0x0000000087b30000, 0x0000000087b51518, 0x0000000087f50000)
  to   space 4224K,   0% used [0x0000000087710000, 0x0000000087710000, 0x0000000087b30000)
 concurrent mark-sweep generation total 137704K, used 83172K [0x000000009a2c0000, 0x00000000a293a000, 0x0000000100000000)
 Metaspace       used 111740K, capacity 118337K, committed 120492K, reserved 1155072K
  class space    used 13542K, capacity 14759K, committed 15328K, reserved 1048576K
2021-02-02T14:47:52.723+0000: 528239.597: [GC (Allocation Failure) 2021-02-02T14:47:52.724+0000: 528239.598: [ParNew
Desired survivor size 2162688 bytes, new threshold 6 (max 6)
- age   1:      25920 bytes,      25920 total
- age   2:        168 bytes,      26088 total
- age   4:         32 bytes,      26120 total
: 33989K->30K(38080K), 0.0059737 secs] 117161K->83202K(175784K), 0.0062927 secs] [Times: user=0.02 sys=0.00, real=0.00 secs] 
Heap after GC invocations=5436 (full 7):
 par new generation   total 38080K, used 30K [0x0000000085600000, 0x0000000087f50000, 0x000000009a2c0000)
  eden space 33856K,   0% used [0x0000000085600000, 0x0000000085600000, 0x0000000087710000)
  from space 4224K,   0% used [0x0000000087710000, 0x0000000087717898, 0x0000000087b30000)
  to   space 4224K,   0% used [0x0000000087b30000, 0x0000000087b30000, 0x0000000087f50000)
 concurrent mark-sweep generation total 137704K, used 83172K [0x000000009a2c0000, 0x00000000a293a000, 0x0000000100000000)
 Metaspace       used 111740K, capacity 118337K, committed 120492K, reserved 1155072K
  class space    used 13542K, capacity 14759K, committed 15328K, reserved 1048576K
}
2021-02-02T14:47:52.730+0000: 528239.604: Total time for which application threads were stopped: 0.0069363 seconds, Stopping threads took: 0.0000897 seconds
{Heap before GC invocations=5436 (full 7):
 par new generation   total 38080K, used 33886K [0x0000000085600000, 0x0000000087f50000, 0x000000009a2c0000)
  eden space 33856K, 100% used [0x0000000085600000, 0x0000000087710000, 0x0000000087710000)
  from space 4224K,   0% used [0x0000000087710000, 0x0000000087717898, 0x0000000087b30000)
  to   space 4224K,   0% used [0x0000000087b30000, 0x0000000087b30000, 0x0000000087f50000)
 concurrent mark-sweep generation total 137704K, used 83172K [0x000000009a2c0000, 0x00000000a293a000, 0x0000000100000000)
 Metaspace       used 111740K, capacity 118337K, committed 120492K, reserved 1155072K
  class space    used 13542K, capacity 14759K, committed 15328K, reserved 1048576K
2021-02-02T14:49:41.858+0000: 528348.732: [GC (Allocation Failure) 2021-02-02T14:49:41.858+0000: 528348.732: [ParNew
Desired survivor size 2162688 bytes, new threshold 6 (max 6)
- age   1:      25664 bytes,      25664 total
- age   5:         32 bytes,      25696 total
: 33886K->29K(38080K), 0.0110988 secs] 117058K->83201K(175784K), 0.0114525 secs] [Times: user=0.03 sys=0.00, real=0.01 secs] 
Heap after GC invocations=5437 (full 7):
 par new generation   total 38080K, used 29K [0x0000000085600000, 0x0000000087f50000, 0x000000009a2c0000)
  eden space 33856K,   0% used [0x0000000085600000, 0x0000000085600000, 0x0000000087710000)
  from space 4224K,   0% used [0x0000000087b30000, 0x0000000087b37608, 0x0000000087f50000)
  to   space 4224K,   0% used [0x0000000087710000, 0x0000000087710000, 0x0000000087b30000)
 concurrent mark-sweep generation total 137704K, used 83172K [0x000000009a2c0000, 0x00000000a293a000, 0x0000000100000000)
 Metaspace       used 111740K, capacity 118337K, committed 120492K, reserved 1155072K
  class space    used 13542K, capacity 14759K, committed 15328K, reserved 1048576K
}
2021-02-02T14:49:41.869+0000: 528348.743: Total time for which application threads were stopped: 0.0122780 seconds, Stopping threads took: 0.0000908 seconds
{Heap before GC invocations=5437 (full 7):
 par new generation   total 38080K, used 33885K [0x0000000085600000, 0x0000000087f50000, 0x000000009a2c0000)
  eden space 33856K, 100% used [0x0000000085600000, 0x0000000087710000, 0x0000000087710000)
  from space 4224K,   0% used [0x0000000087b30000, 0x0000000087b37608, 0x0000000087f50000)
  to   space 4224K,   0% used [0x0000000087710000, 0x0000000087710000, 0x0000000087b30000)
 concurrent mark-sweep generation total 137704K, used 83172K [0x000000009a2c0000, 0x00000000a293a000, 0x0000000100000000)
 Metaspace       used 111740K, capacity 118337K, committed 120492K, reserved 1155072K
  class space    used 13542K, capacity 14759K, committed 15328K, reserved 1048576K
2021-02-02T14:51:31.250+0000: 528458.124: [GC (Allocation Failure) 2021-02-02T14:51:31.250+0000: 528458.124: [ParNew
Desired survivor size 2162688 bytes, new threshold 6 (max 6)
- age   1:      75128 bytes,      75128 total
- age   2:        152 bytes,      75280 total
- age   6:         32 bytes,      75312 total
: 33885K->77K(38080K), 0.0058917 secs] 117057K->83249K(175784K), 0.0061967 secs] [Times: user=0.02 sys=0.00, real=0.01 secs] 
Heap after GC invocations=5438 (full 7):
 par new generation   total 38080K, used 77K [0x0000000085600000, 0x0000000087f50000, 0x000000009a2c0000)
  eden space 33856K,   0% used [0x0000000085600000, 0x0000000085600000, 0x0000000087710000)
  from space 4224K,   1% used [0x0000000087710000, 0x00000000877234d8, 0x0000000087b30000)
  to   space 4224K,   0% used [0x0000000087b30000, 0x0000000087b30000, 0x0000000087f50000)
 concurrent mark-sweep generation total 137704K, used 83172K [0x000000009a2c0000, 0x00000000a293a000, 0x0000000100000000)
 Metaspace       used 111740K, capacity 118337K, committed 120492K, reserved 1155072K
  class space    used 13542K, capacity 14759K, committed 15328K, reserved 1048576K
}
2021-02-02T14:51:31.257+0000: 528458.131: Total time for which application threads were stopped: 0.0071334 seconds, Stopping threads took: 0.0000969 seconds
{Heap before GC invocations=5438 (full 7):
 par new generation   total 38080K, used 33933K [0x0000000085600000, 0x0000000087f50000, 0x000000009a2c0000)
  eden space 33856K, 100% used [0x0000000085600000, 0x0000000087710000, 0x0000000087710000)
  from space 4224K,   1% used [0x0000000087710000, 0x00000000877234d8, 0x0000000087b30000)
  to   space 4224K,   0% used [0x0000000087b30000, 0x0000000087b30000, 0x0000000087f50000)
 concurrent mark-sweep generation total 137704K, used 83172K [0x000000009a2c0000, 0x00000000a293a000, 0x0000000100000000)
 Metaspace       used 111740K, capacity 118337K, committed 120492K, reserved 1155072K
  class space    used 13542K, capacity 14759K, committed 15328K, reserved 1048576K
2021-02-02T14:53:20.535+0000: 528567.409: [GC (Allocation Failure) 2021-02-02T14:53:20.536+0000: 528567.409: [ParNew
Desired survivor size 2162688 bytes, new threshold 6 (max 6)
- age   1:      29792 bytes,      29792 total
- age   2:        152 bytes,      29944 total
- age   3:         32 bytes,      29976 total
: 33933K->39K(38080K), 0.0089578 secs] 117105K->83211K(175784K), 0.0092366 secs] [Times: user=0.02 sys=0.00, real=0.01 secs] 
Heap after GC invocations=5439 (full 7):
 par new generation   total 38080K, used 39K [0x0000000085600000, 0x0000000087f50000, 0x000000009a2c0000)
  eden space 33856K,   0% used [0x0000000085600000, 0x0000000085600000, 0x0000000087710000)
  from space 4224K,   0% used [0x0000000087b30000, 0x0000000087b39e10, 0x0000000087f50000)
  to   space 4224K,   0% used [0x0000000087710000, 0x0000000087710000, 0x0000000087b30000)
 concurrent mark-sweep generation total 137704K, used 83172K [0x000000009a2c0000, 0x00000000a293a000, 0x0000000100000000)
 Metaspace       used 111740K, capacity 118337K, committed 120492K, reserved 1155072K
  class space    used 13542K, capacity 14759K, committed 15328K, reserved 1048576K
}
2021-02-02T14:53:20.545+0000: 528567.419: Total time for which application threads were stopped: 0.0101523 seconds, Stopping threads took: 0.0003248 seconds
{Heap before GC invocations=5439 (full 7):
 par new generation   total 38080K, used 33895K [0x0000000085600000, 0x0000000087f50000, 0x000000009a2c0000)
  eden space 33856K, 100% used [0x0000000085600000, 0x0000000087710000, 0x0000000087710000)
  from space 4224K,   0% used [0x0000000087b30000, 0x0000000087b39e10, 0x0000000087f50000)
  to   space 4224K,   0% used [0x0000000087710000, 0x0000000087710000, 0x0000000087b30000)
 concurrent mark-sweep generation total 137704K, used 83172K [0x000000009a2c0000, 0x00000000a293a000, 0x0000000100000000)
 Metaspace       used 111740K, capacity 118337K, committed 120492K, reserved 1155072K
  class space    used 13542K, capacity 14759K, committed 15328K, reserved 1048576K
2021-02-02T14:55:07.746+0000: 528674.620: [GC (Allocation Failure) 2021-02-02T14:55:07.747+0000: 528674.621: [ParNew
Desired survivor size 2162688 bytes, new threshold 6 (max 6)
- age   1:      97880 bytes,      97880 total
: 33895K->103K(38080K), 0.0060555 secs] 117067K->83275K(175784K), 0.0064691 secs] [Times: user=0.02 sys=0.00, real=0.01 secs] 
Heap after GC invocations=5440 (full 7):
 par new generation   total 38080K, used 103K [0x0000000085600000, 0x0000000087f50000, 0x000000009a2c0000)
  eden space 33856K,   0% used [0x0000000085600000, 0x0000000085600000, 0x0000000087710000)
  from space 4224K,   2% used [0x0000000087710000, 0x0000000087729c08, 0x0000000087b30000)
  to   space 4224K,   0% used [0x0000000087b30000, 0x0000000087b30000, 0x0000000087f50000)
 concurrent mark-sweep generation total 137704K, used 83172K [0x000000009a2c0000, 0x00000000a293a000, 0x0000000100000000)
 Metaspace       used 111740K, capacity 118337K, committed 120492K, reserved 1155072K
  class space    used 13542K, capacity 14759K, committed 15328K, reserved 1048576K
}
2021-02-02T14:55:07.753+0000: 528674.627: Total time for which application threads were stopped: 0.0074673 seconds, Stopping threads took: 0.0000897 seconds
{Heap before GC invocations=5440 (full 7):
 par new generation   total 38080K, used 33959K [0x0000000085600000, 0x0000000087f50000, 0x000000009a2c0000)
  eden space 33856K, 100% used [0x0000000085600000, 0x0000000087710000, 0x0000000087710000)
  from space 4224K,   2% used [0x0000000087710000, 0x0000000087729c08, 0x0000000087b30000)
  to   space 4224K,   0% used [0x0000000087b30000, 0x0000000087b30000, 0x0000000087f50000)
 concurrent mark-sweep generation total 137704K, used 83172K [0x000000009a2c0000, 0x00000000a293a000, 0x0000000100000000)
 Metaspace       used 111740K, capacity 118337K, committed 120492K, reserved 1155072K
  class space    used 13542K, capacity 14759K, committed 15328K, reserved 1048576K
2021-02-02T14:56:56.377+0000: 528783.251: [GC (Allocation Failure) 2021-02-02T14:56:56.378+0000: 528783.251: [ParNew
Desired survivor size 2162688 bytes, new threshold 6 (max 6)
- age   1:      25712 bytes,      25712 total
- age   2:        184 bytes,      25896 total
: 33959K->30K(38080K), 0.0055876 secs] 117131K->83202K(175784K), 0.0058805 secs] [Times: user=0.01 sys=0.00, real=0.01 secs] 
Heap after GC invocations=5441 (full 7):
 par new generation   total 38080K, used 30K [0x0000000085600000, 0x0000000087f50000, 0x000000009a2c0000)
  eden space 33856K,   0% used [0x0000000085600000, 0x0000000085600000, 0x0000000087710000)
  from space 4224K,   0% used [0x0000000087b30000, 0x0000000087b378d0, 0x0000000087f50000)
  to   space 4224K,   0% used [0x0000000087710000, 0x0000000087710000, 0x0000000087b30000)
 concurrent mark-sweep generation total 137704K, used 83172K [0x000000009a2c0000, 0x00000000a293a000, 0x0000000100000000)
 Metaspace       used 111740K, capacity 118337K, committed 120492K, reserved 1155072K
  class space    used 13542K, capacity 14759K, committed 15328K, reserved 1048576K
}
2021-02-02T14:56:56.383+0000: 528783.257: Total time for which application threads were stopped: 0.0076550 seconds, Stopping threads took: 0.0011815 seconds
{Heap before GC invocations=5441 (full 7):
 par new generation   total 38080K, used 33886K [0x0000000085600000, 0x0000000087f50000, 0x000000009a2c0000)
  eden space 33856K, 100% used [0x0000000085600000, 0x0000000087710000, 0x0000000087710000)
  from space 4224K,   0% used [0x0000000087b30000, 0x0000000087b378d0, 0x0000000087f50000)
  to   space 4224K,   0% used [0x0000000087710000, 0x0000000087710000, 0x0000000087b30000)
 concurrent mark-sweep generation total 137704K, used 83172K [0x000000009a2c0000, 0x00000000a293a000, 0x0000000100000000)
 Metaspace       used 111740K, capacity 118337K, committed 120492K, reserved 1155072K
  class space    used 13542K, capacity 14759K, committed 15328K, reserved 1048576K
2021-02-02T14:58:45.130+0000: 528892.004: [GC (Allocation Failure) 2021-02-02T14:58:45.130+0000: 528892.004: [ParNew
Desired survivor size 2162688 bytes, new threshold 6 (max 6)
- age   1:      25896 bytes,      25896 total
- age   2:        120 bytes,      26016 total
- age   3:         32 bytes,      26048 total
: 33886K->29K(38080K), 0.0201617 secs] 117058K->83201K(175784K), 0.0208353 secs] [Times: user=0.03 sys=0.00, real=0.03 secs] 
Heap after GC invocations=5442 (full 7):
 par new generation   total 38080K, used 29K [0x0000000085600000, 0x0000000087f50000, 0x000000009a2c0000)
  eden space 33856K,   0% used [0x0000000085600000, 0x0000000085600000, 0x0000000087710000)
  from space 4224K,   0% used [0x0000000087710000, 0x0000000087717608, 0x0000000087b30000)
  to   space 4224K,   0% used [0x0000000087b30000, 0x0000000087b30000, 0x0000000087f50000)
 concurrent mark-sweep generation total 137704K, used 83172K [0x000000009a2c0000, 0x00000000a293a000, 0x0000000100000000)
 Metaspace       used 111740K, capacity 118337K, committed 120492K, reserved 1155072K
  class space    used 13542K, capacity 14759K, committed 15328K, reserved 1048576K
}
2021-02-02T14:58:45.151+0000: 528892.025: Total time for which application threads were stopped: 0.0226289 seconds, Stopping threads took: 0.0002620 seconds
{Heap before GC invocations=5442 (full 7):
 par new generation   total 38080K, used 33885K [0x0000000085600000, 0x0000000087f50000, 0x000000009a2c0000)
  eden space 33856K, 100% used [0x0000000085600000, 0x0000000087710000, 0x0000000087710000)
  from space 4224K,   0% used [0x0000000087710000, 0x0000000087717608, 0x0000000087b30000)
  to   space 4224K,   0% used [0x0000000087b30000, 0x0000000087b30000, 0x0000000087f50000)
 concurrent mark-sweep generation total 137704K, used 83172K [0x000000009a2c0000, 0x00000000a293a000, 0x0000000100000000)
 Metaspace       used 111740K, capacity 118337K, committed 120492K, reserved 1155072K
  class space    used 13542K, capacity 14759K, committed 15328K, reserved 1048576K
2021-02-02T15:00:33.754+0000: 529000.628: [GC (Allocation Failure) 2021-02-02T15:00:33.754+0000: 529000.628: [ParNew
Desired survivor size 2162688 bytes, new threshold 6 (max 6)
- age   1:      25840 bytes,      25840 total
- age   2:         32 bytes,      25872 total
: 33885K->27K(38080K), 0.0051292 secs] 117057K->83199K(175784K), 0.0052774 secs] [Times: user=0.01 sys=0.00, real=0.00 secs] 
Heap after GC invocations=5443 (full 7):
 par new generation   total 38080K, used 27K [0x0000000085600000, 0x0000000087f50000, 0x000000009a2c0000)
  eden space 33856K,   0% used [0x0000000085600000, 0x0000000085600000, 0x0000000087710000)
  from space 4224K,   0% used [0x0000000087b30000, 0x0000000087b36df8, 0x0000000087f50000)
  to   space 4224K,   0% used [0x0000000087710000, 0x0000000087710000, 0x0000000087b30000)
 concurrent mark-sweep generation total 137704K, used 83172K [0x000000009a2c0000, 0x00000000a293a000, 0x0000000100000000)
 Metaspace       used 111740K, capacity 118337K, committed 120492K, reserved 1155072K
  class space    used 13542K, capacity 14759K, committed 15328K, reserved 1048576K
}
2021-02-02T15:00:33.759+0000: 529000.633: Total time for which application threads were stopped: 0.0056653 seconds, Stopping threads took: 0.0000397 seconds
{Heap before GC invocations=5443 (full 7):
 par new generation   total 38080K, used 33883K [0x0000000085600000, 0x0000000087f50000, 0x000000009a2c0000)
  eden space 33856K, 100% used [0x0000000085600000, 0x0000000087710000, 0x0000000087710000)
  from space 4224K,   0% used [0x0000000087b30000, 0x0000000087b36df8, 0x0000000087f50000)
  to   space 4224K,   0% used [0x0000000087710000, 0x0000000087710000, 0x0000000087b30000)
 concurrent mark-sweep generation total 137704K, used 83172K [0x000000009a2c0000, 0x00000000a293a000, 0x0000000100000000)
 Metaspace       used 111740K, capacity 118337K, committed 120492K, reserved 1155072K
  class space    used 13542K, capacity 14759K, committed 15328K, reserved 1048576K
2021-02-02T15:02:24.508+0000: 529111.382: [GC (Allocation Failure) 2021-02-02T15:02:24.508+0000: 529111.382: [ParNew
Desired survivor size 2162688 bytes, new threshold 6 (max 6)
- age   1:      30608 bytes,      30608 total
- age   2:        184 bytes,      30792 total
: 33883K->33K(38080K), 0.0099352 secs] 117055K->83206K(175784K), 0.0103709 secs] [Times: user=0.02 sys=0.00, real=0.01 secs] 
Heap after GC invocations=5444 (full 7):
 par new generation   total 38080K, used 33K [0x0000000085600000, 0x0000000087f50000, 0x000000009a2c0000)
  eden space 33856K,   0% used [0x0000000085600000, 0x0000000085600000, 0x0000000087710000)
  from space 4224K,   0% used [0x0000000087710000, 0x00000000877186a0, 0x0000000087b30000)
  to   space 4224K,   0% used [0x0000000087b30000, 0x0000000087b30000, 0x0000000087f50000)
 concurrent mark-sweep generation total 137704K, used 83172K [0x000000009a2c0000, 0x00000000a293a000, 0x0000000100000000)
 Metaspace       used 111740K, capacity 118337K, committed 120492K, reserved 1155072K
  class space    used 13542K, capacity 14759K, committed 15328K, reserved 1048576K
}
2021-02-02T15:02:24.519+0000: 529111.393: Total time for which application threads were stopped: 0.0112952 seconds, Stopping threads took: 0.0000789 seconds
{Heap before GC invocations=5444 (full 7):
 par new generation   total 38080K, used 33889K [0x0000000085600000, 0x0000000087f50000, 0x000000009a2c0000)
  eden space 33856K,  99% used [0x0000000085600000, 0x000000008770ffd0, 0x0000000087710000)
  from space 4224K,   0% used [0x0000000087710000, 0x00000000877186a0, 0x0000000087b30000)
  to   space 4224K,   0% used [0x0000000087b30000, 0x0000000087b30000, 0x0000000087f50000)
 concurrent mark-sweep generation total 137704K, used 83172K [0x000000009a2c0000, 0x00000000a293a000, 0x0000000100000000)
 Metaspace       used 111740K, capacity 118337K, committed 120492K, reserved 1155072K
  class space    used 13542K, capacity 14759K, committed 15328K, reserved 1048576K
2021-02-02T15:04:11.772+0000: 529218.646: [GC (Allocation Failure) 2021-02-02T15:04:11.772+0000: 529218.646: [ParNew
Desired survivor size 2162688 bytes, new threshold 6 (max 6)
- age   1:      95696 bytes,      95696 total
- age   2:        152 bytes,      95848 total
- age   3:         32 bytes,      95880 total
: 33889K->94K(38080K), 0.0059115 secs] 117061K->83266K(175784K), 0.0062761 secs] [Times: user=0.02 sys=0.00, real=0.00 secs] 
Heap after GC invocations=5445 (full 7):
 par new generation   total 38080K, used 94K [0x0000000085600000, 0x0000000087f50000, 0x000000009a2c0000)
  eden space 33856K,   0% used [0x0000000085600000, 0x0000000085600000, 0x0000000087710000)
  from space 4224K,   2% used [0x0000000087b30000, 0x0000000087b47a68, 0x0000000087f50000)
  to   space 4224K,   0% used [0x0000000087710000, 0x0000000087710000, 0x0000000087b30000)
 concurrent mark-sweep generation total 137704K, used 83172K [0x000000009a2c0000, 0x00000000a293a000, 0x0000000100000000)
 Metaspace       used 111740K, capacity 118337K, committed 120492K, reserved 1155072K
  class space    used 13542K, capacity 14759K, committed 15328K, reserved 1048576K
}
2021-02-02T15:04:11.779+0000: 529218.653: Total time for which application threads were stopped: 0.0073048 seconds, Stopping threads took: 0.0001104 seconds
{Heap before GC invocations=5445 (full 7):
 par new generation   total 38080K, used 33950K [0x0000000085600000, 0x0000000087f50000, 0x000000009a2c0000)
  eden space 33856K, 100% used [0x0000000085600000, 0x0000000087710000, 0x0000000087710000)
  from space 4224K,   2% used [0x0000000087b30000, 0x0000000087b47a68, 0x0000000087f50000)
  to   space 4224K,   0% used [0x0000000087710000, 0x0000000087710000, 0x0000000087b30000)
 concurrent mark-sweep generation total 137704K, used 83172K [0x000000009a2c0000, 0x00000000a293a000, 0x0000000100000000)
 Metaspace       used 111740K, capacity 118337K, committed 120492K, reserved 1155072K
  class space    used 13542K, capacity 14759K, committed 15328K, reserved 1048576K
2021-02-02T15:05:58.925+0000: 529325.799: [GC (Allocation Failure) 2021-02-02T15:05:58.925+0000: 529325.799: [ParNew
Desired survivor size 2162688 bytes, new threshold 6 (max 6)
- age   1:     130536 bytes,     130536 total
- age   2:        120 bytes,     130656 total
- age   3:         32 bytes,     130688 total
- age   4:         32 bytes,     130720 total
: 33950K->132K(38080K), 0.0063018 secs] 117122K->83304K(175784K), 0.0067410 secs] [Times: user=0.02 sys=0.00, real=0.01 secs] 
Heap after GC invocations=5446 (full 7):
 par new generation   total 38080K, used 132K [0x0000000085600000, 0x0000000087f50000, 0x000000009a2c0000)
  eden space 33856K,   0% used [0x0000000085600000, 0x0000000085600000, 0x0000000087710000)
  from space 4224K,   3% used [0x0000000087710000, 0x0000000087731260, 0x0000000087b30000)
  to   space 4224K,   0% used [0x0000000087b30000, 0x0000000087b30000, 0x0000000087f50000)
 concurrent mark-sweep generation total 137704K, used 83172K [0x000000009a2c0000, 0x00000000a293a000, 0x0000000100000000)
 Metaspace       used 111740K, capacity 118337K, committed 120492K, reserved 1155072K
  class space    used 13542K, capacity 14759K, committed 15328K, reserved 1048576K
}
2021-02-02T15:05:58.932+0000: 529325.806: Total time for which application threads were stopped: 0.0076914 seconds, Stopping threads took: 0.0000972 seconds
{Heap before GC invocations=5446 (full 7):
 par new generation   total 38080K, used 33957K [0x0000000085600000, 0x0000000087f50000, 0x000000009a2c0000)
  eden space 33856K,  99% used [0x0000000085600000, 0x0000000087708280, 0x0000000087710000)
  from space 4224K,   3% used [0x0000000087710000, 0x0000000087731260, 0x0000000087b30000)
  to   space 4224K,   0% used [0x0000000087b30000, 0x0000000087b30000, 0x0000000087f50000)
 concurrent mark-sweep generation total 137704K, used 83172K [0x000000009a2c0000, 0x00000000a293a000, 0x0000000100000000)
 Metaspace       used 111740K, capacity 118337K, committed 120492K, reserved 1155072K
  class space    used 13542K, capacity 14759K, committed 15328K, reserved 1048576K
2021-02-02T15:07:47.382+0000: 529434.256: [GC (Allocation Failure) 2021-02-02T15:07:47.383+0000: 529434.257: [ParNew
Desired survivor size 2162688 bytes, new threshold 6 (max 6)
- age   1:      27392 bytes,      27392 total
- age   2:      35336 bytes,      62728 total
- age   5:         32 bytes,      62760 total
: 33957K->64K(38080K), 0.0061723 secs] 117129K->83237K(175784K), 0.0065463 secs] [Times: user=0.02 sys=0.00, real=0.01 secs] 
Heap after GC invocations=5447 (full 7):
 par new generation   total 38080K, used 64K [0x0000000085600000, 0x0000000087f50000, 0x000000009a2c0000)
  eden space 33856K,   0% used [0x0000000085600000, 0x0000000085600000, 0x0000000087710000)
  from space 4224K,   1% used [0x0000000087b30000, 0x0000000087b403b0, 0x0000000087f50000)
  to   space 4224K,   0% used [0x0000000087710000, 0x0000000087710000, 0x0000000087b30000)
 concurrent mark-sweep generation total 137704K, used 83172K [0x000000009a2c0000, 0x00000000a293a000, 0x0000000100000000)
 Metaspace       used 111740K, capacity 118337K, committed 120492K, reserved 1155072K
  class space    used 13542K, capacity 14759K, committed 15328K, reserved 1048576K
}
2021-02-02T15:07:47.389+0000: 529434.263: Total time for which application threads were stopped: 0.0075868 seconds, Stopping threads took: 0.0002880 seconds
{Heap before GC invocations=5447 (full 7):
 par new generation   total 38080K, used 33901K [0x0000000085600000, 0x0000000087f50000, 0x000000009a2c0000)
  eden space 33856K,  99% used [0x0000000085600000, 0x000000008770b348, 0x0000000087710000)
  from space 4224K,   1% used [0x0000000087b30000, 0x0000000087b403b0, 0x0000000087f50000)
  to   space 4224K,   0% used [0x0000000087710000, 0x0000000087710000, 0x0000000087b30000)
 concurrent mark-sweep generation total 137704K, used 83172K [0x000000009a2c0000, 0x00000000a293a000, 0x0000000100000000)
 Metaspace       used 111740K, capacity 118337K, committed 120492K, reserved 1155072K
  class space    used 13542K, capacity 14759K, committed 15328K, reserved 1048576K
2021-02-02T15:09:35.865+0000: 529542.739: [GC (Allocation Failure) 2021-02-02T15:09:35.866+0000: 529542.739: [ParNew
Desired survivor size 2162688 bytes, new threshold 6 (max 6)
- age   1:      61280 bytes,      61280 total
- age   2:        344 bytes,      61624 total
- age   3:      34960 bytes,      96584 total
- age   6:         32 bytes,      96616 total
: 33901K->98K(38080K), 0.0065189 secs] 117074K->83271K(175784K), 0.0069162 secs] [Times: user=0.02 sys=0.00, real=0.01 secs] 
Heap after GC invocations=5448 (full 7):
 par new generation   total 38080K, used 98K [0x0000000085600000, 0x0000000087f50000, 0x000000009a2c0000)
  eden space 33856K,   0% used [0x0000000085600000, 0x0000000085600000, 0x0000000087710000)
  from space 4224K,   2% used [0x0000000087710000, 0x0000000087728af0, 0x0000000087b30000)
  to   space 4224K,   0% used [0x0000000087b30000, 0x0000000087b30000, 0x0000000087f50000)
 concurrent mark-sweep generation total 137704K, used 83172K [0x000000009a2c0000, 0x00000000a293a000, 0x0000000100000000)
 Metaspace       used 111740K, capacity 118337K, committed 120492K, reserved 1155072K
  class space    used 13542K, capacity 14759K, committed 15328K, reserved 1048576K
}
2021-02-02T15:09:35.872+0000: 529542.746: Total time for which application threads were stopped: 0.0079853 seconds, Stopping threads took: 0.0002635 seconds
{Heap before GC invocations=5448 (full 7):
 par new generation   total 38080K, used 33954K [0x0000000085600000, 0x0000000087f50000, 0x000000009a2c0000)
  eden space 33856K, 100% used [0x0000000085600000, 0x0000000087710000, 0x0000000087710000)
  from space 4224K,   2% used [0x0000000087710000, 0x0000000087728af0, 0x0000000087b30000)
  to   space 4224K,   0% used [0x0000000087b30000, 0x0000000087b30000, 0x0000000087f50000)
 concurrent mark-sweep generation total 137704K, used 83172K [0x000000009a2c0000, 0x00000000a293a000, 0x0000000100000000)
 Metaspace       used 111740K, capacity 118337K, committed 120492K, reserved 1155072K
  class space    used 13542K, capacity 14759K, committed 15328K, reserved 1048576K
2021-02-02T15:11:26.437+0000: 529653.311: [GC (Allocation Failure) 2021-02-02T15:11:26.438+0000: 529653.311: [ParNew
Desired survivor size 2162688 bytes, new threshold 6 (max 6)
- age   1:      31656 bytes,      31656 total
- age   2:      33856 bytes,      65512 total
- age   3:        312 bytes,      65824 total
- age   4:      34704 bytes,     100528 total
: 33954K->101K(38080K), 0.0259767 secs] 117127K->83274K(175784K), 0.0264090 secs] [Times: user=0.04 sys=0.00, real=0.03 secs] 
Heap after GC invocations=5449 (full 7):
 par new generation   total 38080K, used 101K [0x0000000085600000, 0x0000000087f50000, 0x000000009a2c0000)
  eden space 33856K,   0% used [0x0000000085600000, 0x0000000085600000, 0x0000000087710000)
  from space 4224K,   2% used [0x0000000087b30000, 0x0000000087b496d8, 0x0000000087f50000)
  to   space 4224K,   0% used [0x0000000087710000, 0x0000000087710000, 0x0000000087b30000)
 concurrent mark-sweep generation total 137704K, used 83172K [0x000000009a2c0000, 0x00000000a293a000, 0x0000000100000000)
 Metaspace       used 111740K, capacity 118337K, committed 120492K, reserved 1155072K
  class space    used 13542K, capacity 14759K, committed 15328K, reserved 1048576K
}
2021-02-02T15:11:26.464+0000: 529653.338: Total time for which application threads were stopped: 0.0276102 seconds, Stopping threads took: 0.0002132 seconds
{Heap before GC invocations=5449 (full 7):
 par new generation   total 38080K, used 33957K [0x0000000085600000, 0x0000000087f50000, 0x000000009a2c0000)
  eden space 33856K, 100% used [0x0000000085600000, 0x0000000087710000, 0x0000000087710000)
  from space 4224K,   2% used [0x0000000087b30000, 0x0000000087b496d8, 0x0000000087f50000)
  to   space 4224K,   0% used [0x0000000087710000, 0x0000000087710000, 0x0000000087b30000)
 concurrent mark-sweep generation total 137704K, used 83172K [0x000000009a2c0000, 0x00000000a293a000, 0x0000000100000000)
 Metaspace       used 111740K, capacity 118337K, committed 120492K, reserved 1155072K
  class space    used 13542K, capacity 14759K, committed 15328K, reserved 1048576K
2021-02-02T15:13:13.517+0000: 529760.391: [GC (Allocation Failure) 2021-02-02T15:13:13.518+0000: 529760.391: [ParNew
Desired survivor size 2162688 bytes, new threshold 6 (max 6)
- age   1:      65504 bytes,      65504 total
- age   2:        224 bytes,      65728 total
- age   3:      33736 bytes,      99464 total
- age   4:        312 bytes,      99776 total
- age   5:      34536 bytes,     134312 total
: 33957K->139K(38080K), 0.0113247 secs] 117130K->83311K(175784K), 0.0116825 secs] [Times: user=0.03 sys=0.00, real=0.01 secs] 
Heap after GC invocations=5450 (full 7):
 par new generation   total 38080K, used 139K [0x0000000085600000, 0x0000000087f50000, 0x000000009a2c0000)
  eden space 33856K,   0% used [0x0000000085600000, 0x0000000085600000, 0x0000000087710000)
  from space 4224K,   3% used [0x0000000087710000, 0x0000000087732d20, 0x0000000087b30000)
  to   space 4224K,   0% used [0x0000000087b30000, 0x0000000087b30000, 0x0000000087f50000)
 concurrent mark-sweep generation total 137704K, used 83172K [0x000000009a2c0000, 0x00000000a293a000, 0x0000000100000000)
 Metaspace       used 111740K, capacity 118337K, committed 120492K, reserved 1155072K
  class space    used 13542K, capacity 14759K, committed 15328K, reserved 1048576K
}
2021-02-02T15:13:13.529+0000: 529760.403: Total time for which application threads were stopped: 0.0128404 seconds, Stopping threads took: 0.0003051 seconds
{Heap before GC invocations=5450 (full 7):
 par new generation   total 38080K, used 33995K [0x0000000085600000, 0x0000000087f50000, 0x000000009a2c0000)
  eden space 33856K, 100% used [0x0000000085600000, 0x0000000087710000, 0x0000000087710000)
  from space 4224K,   3% used [0x0000000087710000, 0x0000000087732d20, 0x0000000087b30000)
  to   space 4224K,   0% used [0x0000000087b30000, 0x0000000087b30000, 0x0000000087f50000)
 concurrent mark-sweep generation total 137704K, used 83172K [0x000000009a2c0000, 0x00000000a293a000, 0x0000000100000000)
 Metaspace       used 111740K, capacity 118337K, committed 120492K, reserved 1155072K
  class space    used 13542K, capacity 14759K, committed 15328K, reserved 1048576K
2021-02-02T15:15:01.264+0000: 529868.138: [GC (Allocation Failure) 2021-02-02T15:15:01.265+0000: 529868.139: [ParNew
Desired survivor size 2162688 bytes, new threshold 6 (max 6)
- age   1:     159408 bytes,     159408 total
- age   3:         32 bytes,     159440 total
- age   6:        360 bytes,     159800 total
: 33995K->160K(38080K), 0.0106812 secs] 117167K->83332K(175784K), 0.0109640 secs] [Times: user=0.02 sys=0.00, real=0.01 secs] 
Heap after GC invocations=5451 (full 7):
 par new generation   total 38080K, used 160K [0x0000000085600000, 0x0000000087f50000, 0x000000009a2c0000)
  eden space 33856K,   0% used [0x0000000085600000, 0x0000000085600000, 0x0000000087710000)
  from space 4224K,   3% used [0x0000000087b30000, 0x0000000087b58088, 0x0000000087f50000)
  to   space 4224K,   0% used [0x0000000087710000, 0x0000000087710000, 0x0000000087b30000)
 concurrent mark-sweep generation total 137704K, used 83172K [0x000000009a2c0000, 0x00000000a293a000, 0x0000000100000000)
 Metaspace       used 111740K, capacity 118337K, committed 120492K, reserved 1155072K
  class space    used 13542K, capacity 14759K, committed 15328K, reserved 1048576K
}
2021-02-02T15:15:01.276+0000: 529868.149: Total time for which application threads were stopped: 0.0117069 seconds, Stopping threads took: 0.0000837 seconds
{Heap before GC invocations=5451 (full 7):
 par new generation   total 38080K, used 34016K [0x0000000085600000, 0x0000000087f50000, 0x000000009a2c0000)
  eden space 33856K, 100% used [0x0000000085600000, 0x0000000087710000, 0x0000000087710000)
  from space 4224K,   3% used [0x0000000087b30000, 0x0000000087b58088, 0x0000000087f50000)
  to   space 4224K,   0% used [0x0000000087710000, 0x0000000087710000, 0x0000000087b30000)
 concurrent mark-sweep generation total 137704K, used 83172K [0x000000009a2c0000, 0x00000000a293a000, 0x0000000100000000)
 Metaspace       used 111740K, capacity 118337K, committed 120492K, reserved 1155072K
  class space    used 13542K, capacity 14759K, committed 15328K, reserved 1048576K
2021-02-02T15:16:51.294+0000: 529978.168: [GC (Allocation Failure) 2021-02-02T15:16:51.295+0000: 529978.168: [ParNew
Desired survivor size 2162688 bytes, new threshold 6 (max 6)
- age   1:      25432 bytes,      25432 total
- age   2:        168 bytes,      25600 total
- age   4:         32 bytes,      25632 total
: 34016K->29K(38080K), 0.0020735 secs] 117188K->83202K(175784K), 0.0021845 secs] [Times: user=0.01 sys=0.00, real=0.00 secs] 
Heap after GC invocations=5452 (full 7):
 par new generation   total 38080K, used 29K [0x0000000085600000, 0x0000000087f50000, 0x000000009a2c0000)
  eden space 33856K,   0% used [0x0000000085600000, 0x0000000085600000, 0x0000000087710000)
  from space 4224K,   0% used [0x0000000087710000, 0x00000000877177f8, 0x0000000087b30000)
  to   space 4224K,   0% used [0x0000000087b30000, 0x0000000087b30000, 0x0000000087f50000)
 concurrent mark-sweep generation total 137704K, used 83172K [0x000000009a2c0000, 0x00000000a293a000, 0x0000000100000000)
 Metaspace       used 111740K, capacity 118337K, committed 120492K, reserved 1155072K
  class space    used 13542K, capacity 14759K, committed 15328K, reserved 1048576K
}
2021-02-02T15:16:51.297+0000: 529978.171: Total time for which application threads were stopped: 0.0024077 seconds, Stopping threads took: 0.0000272 seconds
{Heap before GC invocations=5452 (full 7):
 par new generation   total 38080K, used 33885K [0x0000000085600000, 0x0000000087f50000, 0x000000009a2c0000)
  eden space 33856K, 100% used [0x0000000085600000, 0x0000000087710000, 0x0000000087710000)
  from space 4224K,   0% used [0x0000000087710000, 0x00000000877177f8, 0x0000000087b30000)
  to   space 4224K,   0% used [0x0000000087b30000, 0x0000000087b30000, 0x0000000087f50000)
 concurrent mark-sweep generation total 137704K, used 83172K [0x000000009a2c0000, 0x00000000a293a000, 0x0000000100000000)
 Metaspace       used 111740K, capacity 118337K, committed 120492K, reserved 1155072K
  class space    used 13542K, capacity 14759K, committed 15328K, reserved 1048576K
2021-02-02T15:18:40.136+0000: 530087.010: [GC (Allocation Failure) 2021-02-02T15:18:40.136+0000: 530087.010: [ParNew
Desired survivor size 2162688 bytes, new threshold 6 (max 6)
- age   1:      26000 bytes,      26000 total
- age   5:         32 bytes,      26032 total
: 33885K->29K(38080K), 0.0048632 secs] 117058K->83202K(175784K), 0.0051045 secs] [Times: user=0.01 sys=0.00, real=0.00 secs] 
Heap after GC invocations=5453 (full 7):
 par new generation   total 38080K, used 29K [0x0000000085600000, 0x0000000087f50000, 0x000000009a2c0000)
  eden space 33856K,   0% used [0x0000000085600000, 0x0000000085600000, 0x0000000087710000)
  from space 4224K,   0% used [0x0000000087b30000, 0x0000000087b37608, 0x0000000087f50000)
  to   space 4224K,   0% used [0x0000000087710000, 0x0000000087710000, 0x0000000087b30000)
 concurrent mark-sweep generation total 137704K, used 83172K [0x000000009a2c0000, 0x00000000a293a000, 0x0000000100000000)
 Metaspace       used 111740K, capacity 118337K, committed 120492K, reserved 1155072K
  class space    used 13542K, capacity 14759K, committed 15328K, reserved 1048576K
}
2021-02-02T15:18:40.141+0000: 530087.015: Total time for which application threads were stopped: 0.0057927 seconds, Stopping threads took: 0.0000803 seconds
{Heap before GC invocations=5453 (full 7):
 par new generation   total 38080K, used 33885K [0x0000000085600000, 0x0000000087f50000, 0x000000009a2c0000)
  eden space 33856K, 100% used [0x0000000085600000, 0x0000000087710000, 0x0000000087710000)
  from space 4224K,   0% used [0x0000000087b30000, 0x0000000087b37608, 0x0000000087f50000)
  to   space 4224K,   0% used [0x0000000087710000, 0x0000000087710000, 0x0000000087b30000)
 concurrent mark-sweep generation total 137704K, used 83172K [0x000000009a2c0000, 0x00000000a293a000, 0x0000000100000000)
 Metaspace       used 111740K, capacity 118337K, committed 120492K, reserved 1155072K
  class space    used 13542K, capacity 14759K, committed 15328K, reserved 1048576K
2021-02-02T15:20:31.288+0000: 530198.162: [GC (Allocation Failure) 2021-02-02T15:20:31.289+0000: 530198.162: [ParNew
Desired survivor size 2162688 bytes, new threshold 6 (max 6)
- age   1:      51320 bytes,      51320 total
- age   2:        120 bytes,      51440 total
- age   6:         32 bytes,      51472 total
: 33885K->53K(38080K), 0.0053583 secs] 117058K->83226K(175784K), 0.0057404 secs] [Times: user=0.02 sys=0.00, real=0.01 secs] 
Heap after GC invocations=5454 (full 7):
 par new generation   total 38080K, used 53K [0x0000000085600000, 0x0000000087f50000, 0x000000009a2c0000)
  eden space 33856K,   0% used [0x0000000085600000, 0x0000000085600000, 0x0000000087710000)
  from space 4224K,   1% used [0x0000000087710000, 0x000000008771d740, 0x0000000087b30000)
  to   space 4224K,   0% used [0x0000000087b30000, 0x0000000087b30000, 0x0000000087f50000)
 concurrent mark-sweep generation total 137704K, used 83172K [0x000000009a2c0000, 0x00000000a293a000, 0x0000000100000000)
 Metaspace       used 111740K, capacity 118337K, committed 120492K, reserved 1155072K
  class space    used 13542K, capacity 14759K, committed 15328K, reserved 1048576K
}
2021-02-02T15:20:31.294+0000: 530198.168: Total time for which application threads were stopped: 0.0068381 seconds, Stopping threads took: 0.0002114 seconds
{Heap before GC invocations=5454 (full 7):
 par new generation   total 38080K, used 33909K [0x0000000085600000, 0x0000000087f50000, 0x000000009a2c0000)
  eden space 33856K, 100% used [0x0000000085600000, 0x0000000087710000, 0x0000000087710000)
  from space 4224K,   1% used [0x0000000087710000, 0x000000008771d740, 0x0000000087b30000)
  to   space 4224K,   0% used [0x0000000087b30000, 0x0000000087b30000, 0x0000000087f50000)
 concurrent mark-sweep generation total 137704K, used 83172K [0x000000009a2c0000, 0x00000000a293a000, 0x0000000100000000)
 Metaspace       used 111740K, capacity 118337K, committed 120492K, reserved 1155072K
  class space    used 13542K, capacity 14759K, committed 15328K, reserved 1048576K
2021-02-02T15:22:18.704+0000: 530305.578: [GC (Allocation Failure) 2021-02-02T15:22:18.704+0000: 530305.578: [ParNew
Desired survivor size 2162688 bytes, new threshold 6 (max 6)
- age   1:      63712 bytes,      63712 total
- age   2:        184 bytes,      63896 total
: 33909K->75K(38080K), 0.0062738 secs] 117082K->83248K(175784K), 0.0067663 secs] [Times: user=0.02 sys=0.00, real=0.01 secs] 
Heap after GC invocations=5455 (full 7):
 par new generation   total 38080K, used 75K [0x0000000085600000, 0x0000000087f50000, 0x000000009a2c0000)
  eden space 33856K,   0% used [0x0000000085600000, 0x0000000085600000, 0x0000000087710000)
  from space 4224K,   1% used [0x0000000087b30000, 0x0000000087b42f88, 0x0000000087f50000)
  to   space 4224K,   0% used [0x0000000087710000, 0x0000000087710000, 0x0000000087b30000)
 concurrent mark-sweep generation total 137704K, used 83172K [0x000000009a2c0000, 0x00000000a293a000, 0x0000000100000000)
 Metaspace       used 111740K, capacity 118337K, committed 120492K, reserved 1155072K
  class space    used 13542K, capacity 14759K, committed 15328K, reserved 1048576K
}
2021-02-02T15:22:18.711+0000: 530305.585: Total time for which application threads were stopped: 0.0077674 seconds, Stopping threads took: 0.0000779 seconds
{Heap before GC invocations=5455 (full 7):
 par new generation   total 38080K, used 33931K [0x0000000085600000, 0x0000000087f50000, 0x000000009a2c0000)
  eden space 33856K, 100% used [0x0000000085600000, 0x0000000087710000, 0x0000000087710000)
  from space 4224K,   1% used [0x0000000087b30000, 0x0000000087b42f88, 0x0000000087f50000)
  to   space 4224K,   0% used [0x0000000087710000, 0x0000000087710000, 0x0000000087b30000)
 concurrent mark-sweep generation total 137704K, used 83172K [0x000000009a2c0000, 0x00000000a293a000, 0x0000000100000000)
 Metaspace       used 111740K, capacity 118337K, committed 120492K, reserved 1155072K
  class space    used 13542K, capacity 14759K, committed 15328K, reserved 1048576K
2021-02-02T15:24:05.930+0000: 530412.804: [GC (Allocation Failure) 2021-02-02T15:24:05.931+0000: 530412.804: [ParNew
Desired survivor size 2162688 bytes, new threshold 6 (max 6)
- age   1:      98240 bytes,      98240 total
- age   3:         32 bytes,      98272 total
: 33931K->103K(38080K), 0.0058830 secs] 117104K->83275K(175784K), 0.0062469 secs] [Times: user=0.01 sys=0.01, real=0.01 secs] 
Heap after GC invocations=5456 (full 7):
 par new generation   total 38080K, used 103K [0x0000000085600000, 0x0000000087f50000, 0x000000009a2c0000)
  eden space 33856K,   0% used [0x0000000085600000, 0x0000000085600000, 0x0000000087710000)
  from space 4224K,   2% used [0x0000000087710000, 0x0000000087729c18, 0x0000000087b30000)
  to   space 4224K,   0% used [0x0000000087b30000, 0x0000000087b30000, 0x0000000087f50000)
 concurrent mark-sweep generation total 137704K, used 83172K [0x000000009a2c0000, 0x00000000a293a000, 0x0000000100000000)
 Metaspace       used 111740K, capacity 118337K, committed 120492K, reserved 1155072K
  class space    used 13542K, capacity 14759K, committed 15328K, reserved 1048576K
}
2021-02-02T15:24:05.937+0000: 530412.811: Total time for which application threads were stopped: 0.0072458 seconds, Stopping threads took: 0.0001003 seconds
{Heap before GC invocations=5456 (full 7):
 par new generation   total 38080K, used 33959K [0x0000000085600000, 0x0000000087f50000, 0x000000009a2c0000)
  eden space 33856K, 100% used [0x0000000085600000, 0x0000000087710000, 0x0000000087710000)
  from space 4224K,   2% used [0x0000000087710000, 0x0000000087729c18, 0x0000000087b30000)
  to   space 4224K,   0% used [0x0000000087b30000, 0x0000000087b30000, 0x0000000087f50000)
 concurrent mark-sweep generation total 137704K, used 83172K [0x000000009a2c0000, 0x00000000a293a000, 0x0000000100000000)
 Metaspace       used 111740K, capacity 118337K, committed 120492K, reserved 1155072K
  class space    used 13542K, capacity 14759K, committed 15328K, reserved 1048576K
2021-02-02T15:25:54.640+0000: 530521.514: [GC (Allocation Failure) 2021-02-02T15:25:54.640+0000: 530521.514: [ParNew
Desired survivor size 2162688 bytes, new threshold 6 (max 6)
- age   1:      25480 bytes,      25480 total
- age   2:        152 bytes,      25632 total
- age   4:         32 bytes,      25664 total
: 33959K->30K(38080K), 0.0088724 secs] 117131K->83203K(175784K), 0.0091687 secs] [Times: user=0.02 sys=0.01, real=0.01 secs] 
Heap after GC invocations=5457 (full 7):
 par new generation   total 38080K, used 30K [0x0000000085600000, 0x0000000087f50000, 0x000000009a2c0000)
  eden space 33856K,   0% used [0x0000000085600000, 0x0000000085600000, 0x0000000087710000)
  from space 4224K,   0% used [0x0000000087b30000, 0x0000000087b37a18, 0x0000000087f50000)
  to   space 4224K,   0% used [0x0000000087710000, 0x0000000087710000, 0x0000000087b30000)
 concurrent mark-sweep generation total 137704K, used 83172K [0x000000009a2c0000, 0x00000000a293a000, 0x0000000100000000)
 Metaspace       used 111740K, capacity 118337K, committed 120492K, reserved 1155072K
  class space    used 13542K, capacity 14759K, committed 15328K, reserved 1048576K
}
2021-02-02T15:25:54.649+0000: 530521.523: Total time for which application threads were stopped: 0.0100091 seconds, Stopping threads took: 0.0001993 seconds
{Heap before GC invocations=5457 (full 7):
 par new generation   total 38080K, used 33886K [0x0000000085600000, 0x0000000087f50000, 0x000000009a2c0000)
  eden space 33856K, 100% used [0x0000000085600000, 0x0000000087710000, 0x0000000087710000)
  from space 4224K,   0% used [0x0000000087b30000, 0x0000000087b37a18, 0x0000000087f50000)
  to   space 4224K,   0% used [0x0000000087710000, 0x0000000087710000, 0x0000000087b30000)
 concurrent mark-sweep generation total 137704K, used 83172K [0x000000009a2c0000, 0x00000000a293a000, 0x0000000100000000)
 Metaspace       used 111740K, capacity 118337K, committed 120492K, reserved 1155072K
  class space    used 13542K, capacity 14759K, committed 15328K, reserved 1048576K
2021-02-02T15:27:43.406+0000: 530630.280: [GC (Allocation Failure) 2021-02-02T15:27:43.406+0000: 530630.280: [ParNew
Desired survivor size 2162688 bytes, new threshold 6 (max 6)
- age   1:      25848 bytes,      25848 total
- age   2:        120 bytes,      25968 total
- age   3:         32 bytes,      26000 total
- age   5:         32 bytes,      26032 total
: 33886K->31K(38080K), 0.0059091 secs] 117059K->83204K(175784K), 0.0061986 secs] [Times: user=0.02 sys=0.00, real=0.01 secs] 
Heap after GC invocations=5458 (full 7):
 par new generation   total 38080K, used 31K [0x0000000085600000, 0x0000000087f50000, 0x000000009a2c0000)
  eden space 33856K,   0% used [0x0000000085600000, 0x0000000085600000, 0x0000000087710000)
  from space 4224K,   0% used [0x0000000087710000, 0x0000000087717e18, 0x0000000087b30000)
  to   space 4224K,   0% used [0x0000000087b30000, 0x0000000087b30000, 0x0000000087f50000)
 concurrent mark-sweep generation total 137704K, used 83172K [0x000000009a2c0000, 0x00000000a293a000, 0x0000000100000000)
 Metaspace       used 111740K, capacity 118337K, committed 120492K, reserved 1155072K
  class space    used 13542K, capacity 14759K, committed 15328K, reserved 1048576K
}
2021-02-02T15:27:43.412+0000: 530630.286: Total time for which application threads were stopped: 0.0068015 seconds, Stopping threads took: 0.0000768 seconds
{Heap before GC invocations=5458 (full 7):
 par new generation   total 38080K, used 33887K [0x0000000085600000, 0x0000000087f50000, 0x000000009a2c0000)
  eden space 33856K, 100% used [0x0000000085600000, 0x0000000087710000, 0x0000000087710000)
  from space 4224K,   0% used [0x0000000087710000, 0x0000000087717e18, 0x0000000087b30000)
  to   space 4224K,   0% used [0x0000000087b30000, 0x0000000087b30000, 0x0000000087f50000)
 concurrent mark-sweep generation total 137704K, used 83172K [0x000000009a2c0000, 0x00000000a293a000, 0x0000000100000000)
 Metaspace       used 111740K, capacity 118337K, committed 120492K, reserved 1155072K
  class space    used 13542K, capacity 14759K, committed 15328K, reserved 1048576K
2021-02-02T15:29:32.276+0000: 530739.150: [GC (Allocation Failure) 2021-02-02T15:29:32.276+0000: 530739.150: [ParNew
Desired survivor size 2162688 bytes, new threshold 6 (max 6)
- age   1:      25496 bytes,      25496 total
: 33887K->27K(38080K), 0.0029789 secs] 117060K->83200K(175784K), 0.0030821 secs] [Times: user=0.00 sys=0.01, real=0.00 secs] 
Heap after GC invocations=5459 (full 7):
 par new generation   total 38080K, used 27K [0x0000000085600000, 0x0000000087f50000, 0x000000009a2c0000)
  eden space 33856K,   0% used [0x0000000085600000, 0x0000000085600000, 0x0000000087710000)
  from space 4224K,   0% used [0x0000000087b30000, 0x0000000087b36f18, 0x0000000087f50000)
  to   space 4224K,   0% used [0x0000000087710000, 0x0000000087710000, 0x0000000087b30000)
 concurrent mark-sweep generation total 137704K, used 83172K [0x000000009a2c0000, 0x00000000a293a000, 0x0000000100000000)
 Metaspace       used 111740K, capacity 118337K, committed 120492K, reserved 1155072K
  class space    used 13542K, capacity 14759K, committed 15328K, reserved 1048576K
}
2021-02-02T15:29:32.279+0000: 530739.153: Total time for which application threads were stopped: 0.0033210 seconds, Stopping threads took: 0.0000256 seconds
{Heap before GC invocations=5459 (full 7):
 par new generation   total 38080K, used 33883K [0x0000000085600000, 0x0000000087f50000, 0x000000009a2c0000)
  eden space 33856K, 100% used [0x0000000085600000, 0x0000000087710000, 0x0000000087710000)
  from space 4224K,   0% used [0x0000000087b30000, 0x0000000087b36f18, 0x0000000087f50000)
  to   space 4224K,   0% used [0x0000000087710000, 0x0000000087710000, 0x0000000087b30000)
 concurrent mark-sweep generation total 137704K, used 83172K [0x000000009a2c0000, 0x00000000a293a000, 0x0000000100000000)
 Metaspace       used 111740K, capacity 118337K, committed 120492K, reserved 1155072K
  class space    used 13542K, capacity 14759K, committed 15328K, reserved 1048576K
2021-02-02T15:31:22.951+0000: 530849.825: [GC (Allocation Failure) 2021-02-02T15:31:22.952+0000: 530849.825: [ParNew
Desired survivor size 2162688 bytes, new threshold 6 (max 6)
- age   1:      29608 bytes,      29608 total
- age   2:        216 bytes,      29824 total
: 33883K->31K(38080K), 0.0051944 secs] 117056K->83204K(175784K), 0.0054962 secs] [Times: user=0.02 sys=0.00, real=0.00 secs] 
Heap after GC invocations=5460 (full 7):
 par new generation   total 38080K, used 31K [0x0000000085600000, 0x0000000087f50000, 0x000000009a2c0000)
  eden space 33856K,   0% used [0x0000000085600000, 0x0000000085600000, 0x0000000087710000)
  from space 4224K,   0% used [0x0000000087710000, 0x0000000087717e18, 0x0000000087b30000)
  to   space 4224K,   0% used [0x0000000087b30000, 0x0000000087b30000, 0x0000000087f50000)
 concurrent mark-sweep generation total 137704K, used 83172K [0x000000009a2c0000, 0x00000000a293a000, 0x0000000100000000)
 Metaspace       used 111740K, capacity 118337K, committed 120492K, reserved 1155072K
  class space    used 13542K, capacity 14759K, committed 15328K, reserved 1048576K
}
2021-02-02T15:31:22.957+0000: 530849.831: Total time for which application threads were stopped: 0.0064702 seconds, Stopping threads took: 0.0003136 seconds
{Heap before GC invocations=5460 (full 7):
 par new generation   total 38080K, used 33887K [0x0000000085600000, 0x0000000087f50000, 0x000000009a2c0000)
  eden space 33856K, 100% used [0x0000000085600000, 0x0000000087710000, 0x0000000087710000)
  from space 4224K,   0% used [0x0000000087710000, 0x0000000087717e18, 0x0000000087b30000)
  to   space 4224K,   0% used [0x0000000087b30000, 0x0000000087b30000, 0x0000000087f50000)
 concurrent mark-sweep generation total 137704K, used 83172K [0x000000009a2c0000, 0x00000000a293a000, 0x0000000100000000)
 Metaspace       used 111740K, capacity 118337K, committed 120492K, reserved 1155072K
  class space    used 13542K, capacity 14759K, committed 15328K, reserved 1048576K
2021-02-02T15:33:09.750+0000: 530956.624: [GC (Allocation Failure) 2021-02-02T15:33:09.750+0000: 530956.624: [ParNew
Desired survivor size 2162688 bytes, new threshold 6 (max 6)
- age   1:      97608 bytes,      97608 total
- age   3:         64 bytes,      97672 total
: 33887K->100K(38080K), 0.0060658 secs] 117060K->83273K(175784K), 0.0064087 secs] [Times: user=0.02 sys=0.00, real=0.01 secs] 
Heap after GC invocations=5461 (full 7):
 par new generation   total 38080K, used 100K [0x0000000085600000, 0x0000000087f50000, 0x000000009a2c0000)
  eden space 33856K,   0% used [0x0000000085600000, 0x0000000085600000, 0x0000000087710000)
  from space 4224K,   2% used [0x0000000087b30000, 0x0000000087b49118, 0x0000000087f50000)
  to   space 4224K,   0% used [0x0000000087710000, 0x0000000087710000, 0x0000000087b30000)
 concurrent mark-sweep generation total 137704K, used 83172K [0x000000009a2c0000, 0x00000000a293a000, 0x0000000100000000)
 Metaspace       used 111740K, capacity 118337K, committed 120492K, reserved 1155072K
  class space    used 13542K, capacity 14759K, committed 15328K, reserved 1048576K
}
2021-02-02T15:33:09.757+0000: 530956.631: Total time for which application threads were stopped: 0.0072565 seconds, Stopping threads took: 0.0000772 seconds
{Heap before GC invocations=5461 (full 7):
 par new generation   total 38080K, used 33956K [0x0000000085600000, 0x0000000087f50000, 0x000000009a2c0000)
  eden space 33856K, 100% used [0x0000000085600000, 0x0000000087710000, 0x0000000087710000)
  from space 4224K,   2% used [0x0000000087b30000, 0x0000000087b49118, 0x0000000087f50000)
  to   space 4224K,   0% used [0x0000000087710000, 0x0000000087710000, 0x0000000087b30000)
 concurrent mark-sweep generation total 137704K, used 83172K [0x000000009a2c0000, 0x00000000a293a000, 0x0000000100000000)
 Metaspace       used 111740K, capacity 118337K, committed 120492K, reserved 1155072K
  class space    used 13542K, capacity 14759K, committed 15328K, reserved 1048576K
2021-02-02T15:34:58.330+0000: 531065.204: [GC (Allocation Failure) 2021-02-02T15:34:58.330+0000: 531065.204: [ParNew
Desired survivor size 2162688 bytes, new threshold 6 (max 6)
- age   1:      25848 bytes,      25848 total
- age   2:        168 bytes,      26016 total
- age   4:         32 bytes,      26048 total
: 33956K->29K(38080K), 0.0033146 secs] 117129K->83202K(175784K), 0.0034434 secs] [Times: user=0.01 sys=0.00, real=0.01 secs] 
Heap after GC invocations=5462 (full 7):
 par new generation   total 38080K, used 29K [0x0000000085600000, 0x0000000087f50000, 0x000000009a2c0000)
  eden space 33856K,   0% used [0x0000000085600000, 0x0000000085600000, 0x0000000087710000)
  from space 4224K,   0% used [0x0000000087710000, 0x00000000877177b8, 0x0000000087b30000)
  to   space 4224K,   0% used [0x0000000087b30000, 0x0000000087b30000, 0x0000000087f50000)
 concurrent mark-sweep generation total 137704K, used 83172K [0x000000009a2c0000, 0x00000000a293a000, 0x0000000100000000)
 Metaspace       used 111740K, capacity 118337K, committed 120492K, reserved 1155072K
  class space    used 13542K, capacity 14759K, committed 15328K, reserved 1048576K
}
2021-02-02T15:34:58.333+0000: 531065.207: Total time for which application threads were stopped: 0.0037699 seconds, Stopping threads took: 0.0000541 seconds
{Heap before GC invocations=5462 (full 7):
 par new generation   total 38080K, used 33872K [0x0000000085600000, 0x0000000087f50000, 0x000000009a2c0000)
  eden space 33856K,  99% used [0x0000000085600000, 0x000000008770cbd0, 0x0000000087710000)
  from space 4224K,   0% used [0x0000000087710000, 0x00000000877177b8, 0x0000000087b30000)
  to   space 4224K,   0% used [0x0000000087b30000, 0x0000000087b30000, 0x0000000087f50000)
 concurrent mark-sweep generation total 137704K, used 83172K [0x000000009a2c0000, 0x00000000a293a000, 0x0000000100000000)
 Metaspace       used 111740K, capacity 118337K, committed 120492K, reserved 1155072K
  class space    used 13542K, capacity 14759K, committed 15328K, reserved 1048576K
2021-02-02T15:36:47.110+0000: 531173.984: [GC (Allocation Failure) 2021-02-02T15:36:47.110+0000: 531173.984: [ParNew
Desired survivor size 2162688 bytes, new threshold 6 (max 6)
- age   1:      25472 bytes,      25472 total
- age   2:        152 bytes,      25624 total
- age   5:         32 bytes,      25656 total
: 33872K->27K(38080K), 0.0087748 secs] 117045K->83200K(175784K), 0.0091207 secs] [Times: user=0.02 sys=0.00, real=0.01 secs] 
Heap after GC invocations=5463 (full 7):
 par new generation   total 38080K, used 27K [0x0000000085600000, 0x0000000087f50000, 0x000000009a2c0000)
  eden space 33856K,   0% used [0x0000000085600000, 0x0000000085600000, 0x0000000087710000)
  from space 4224K,   0% used [0x0000000087b30000, 0x0000000087b36df8, 0x0000000087f50000)
  to   space 4224K,   0% used [0x0000000087710000, 0x0000000087710000, 0x0000000087b30000)
 concurrent mark-sweep generation total 137704K, used 83172K [0x000000009a2c0000, 0x00000000a293a000, 0x0000000100000000)
 Metaspace       used 111740K, capacity 118337K, committed 120492K, reserved 1155072K
  class space    used 13542K, capacity 14759K, committed 15328K, reserved 1048576K
}
2021-02-02T15:36:47.119+0000: 531173.993: Total time for which application threads were stopped: 0.0100101 seconds, Stopping threads took: 0.0001227 seconds
{Heap before GC invocations=5463 (full 7):
 par new generation   total 38080K, used 33883K [0x0000000085600000, 0x0000000087f50000, 0x000000009a2c0000)
  eden space 33856K, 100% used [0x0000000085600000, 0x0000000087710000, 0x0000000087710000)
  from space 4224K,   0% used [0x0000000087b30000, 0x0000000087b36df8, 0x0000000087f50000)
  to   space 4224K,   0% used [0x0000000087710000, 0x0000000087710000, 0x0000000087b30000)
 concurrent mark-sweep generation total 137704K, used 83172K [0x000000009a2c0000, 0x00000000a293a000, 0x0000000100000000)
 Metaspace       used 111740K, capacity 118337K, committed 120492K, reserved 1155072K
  class space    used 13542K, capacity 14759K, committed 15328K, reserved 1048576K
2021-02-02T15:38:35.973+0000: 531282.846: [GC (Allocation Failure) 2021-02-02T15:38:35.973+0000: 531282.847: [ParNew
Desired survivor size 2162688 bytes, new threshold 6 (max 6)
- age   1:      25768 bytes,      25768 total
- age   3:         32 bytes,      25800 total
- age   6:         32 bytes,      25832 total
: 33883K->27K(38080K), 0.0077847 secs] 117056K->83200K(175784K), 0.0080866 secs] [Times: user=0.02 sys=0.00, real=0.00 secs] 
Heap after GC invocations=5464 (full 7):
 par new generation   total 38080K, used 27K [0x0000000085600000, 0x0000000087f50000, 0x000000009a2c0000)
  eden space 33856K,   0% used [0x0000000085600000, 0x0000000085600000, 0x0000000087710000)
  from space 4224K,   0% used [0x0000000087710000, 0x0000000087716f20, 0x0000000087b30000)
  to   space 4224K,   0% used [0x0000000087b30000, 0x0000000087b30000, 0x0000000087f50000)
 concurrent mark-sweep generation total 137704K, used 83172K [0x000000009a2c0000, 0x00000000a293a000, 0x0000000100000000)
 Metaspace       used 111740K, capacity 118337K, committed 120492K, reserved 1155072K
  class space    used 13542K, capacity 14759K, committed 15328K, reserved 1048576K
}
2021-02-02T15:38:35.981+0000: 531282.855: Total time for which application threads were stopped: 0.0088764 seconds, Stopping threads took: 0.0000734 seconds
{Heap before GC invocations=5464 (full 7):
 par new generation   total 38080K, used 33883K [0x0000000085600000, 0x0000000087f50000, 0x000000009a2c0000)
  eden space 33856K, 100% used [0x0000000085600000, 0x0000000087710000, 0x0000000087710000)
  from space 4224K,   0% used [0x0000000087710000, 0x0000000087716f20, 0x0000000087b30000)
  to   space 4224K,   0% used [0x0000000087b30000, 0x0000000087b30000, 0x0000000087f50000)
 concurrent mark-sweep generation total 137704K, used 83172K [0x000000009a2c0000, 0x00000000a293a000, 0x0000000100000000)
 Metaspace       used 111740K, capacity 118337K, committed 120492K, reserved 1155072K
  class space    used 13542K, capacity 14759K, committed 15328K, reserved 1048576K
2021-02-02T15:40:26.709+0000: 531393.582: [GC (Allocation Failure) 2021-02-02T15:40:26.709+0000: 531393.583: [ParNew
Desired survivor size 2162688 bytes, new threshold 6 (max 6)
- age   1:      29712 bytes,      29712 total
- age   2:        120 bytes,      29832 total
- age   4:         32 bytes,      29864 total
: 33883K->33K(38080K), 0.0056938 secs] 117056K->83206K(175784K), 0.0060314 secs] [Times: user=0.01 sys=0.01, real=0.01 secs] 
Heap after GC invocations=5465 (full 7):
 par new generation   total 38080K, used 33K [0x0000000085600000, 0x0000000087f50000, 0x000000009a2c0000)
  eden space 33856K,   0% used [0x0000000085600000, 0x0000000085600000, 0x0000000087710000)
  from space 4224K,   0% used [0x0000000087b30000, 0x0000000087b386a0, 0x0000000087f50000)
  to   space 4224K,   0% used [0x0000000087710000, 0x0000000087710000, 0x0000000087b30000)
 concurrent mark-sweep generation total 137704K, used 83172K [0x000000009a2c0000, 0x00000000a293a000, 0x0000000100000000)
 Metaspace       used 111740K, capacity 118337K, committed 120492K, reserved 1155072K
  class space    used 13542K, capacity 14759K, committed 15328K, reserved 1048576K
}
2021-02-02T15:40:26.715+0000: 531393.589: Total time for which application threads were stopped: 0.0069512 seconds, Stopping threads took: 0.0001600 seconds
{Heap before GC invocations=5465 (full 7):
 par new generation   total 38080K, used 33889K [0x0000000085600000, 0x0000000087f50000, 0x000000009a2c0000)
  eden space 33856K, 100% used [0x0000000085600000, 0x0000000087710000, 0x0000000087710000)
  from space 4224K,   0% used [0x0000000087b30000, 0x0000000087b386a0, 0x0000000087f50000)
  to   space 4224K,   0% used [0x0000000087710000, 0x0000000087710000, 0x0000000087b30000)
 concurrent mark-sweep generation total 137704K, used 83172K [0x000000009a2c0000, 0x00000000a293a000, 0x0000000100000000)
 Metaspace       used 111740K, capacity 118337K, committed 120492K, reserved 1155072K
  class space    used 13542K, capacity 14759K, committed 15328K, reserved 1048576K
2021-02-02T15:42:13.662+0000: 531500.536: [GC (Allocation Failure) 2021-02-02T15:42:13.662+0000: 531500.536: [ParNew
Desired survivor size 2162688 bytes, new threshold 6 (max 6)
- age   1:      63976 bytes,      63976 total
- age   2:        152 bytes,      64128 total
- age   5:         32 bytes,      64160 total
: 33889K->67K(38080K), 0.0055977 secs] 117062K->83239K(175784K), 0.0059050 secs] [Times: user=0.02 sys=0.00, real=0.01 secs] 
Heap after GC invocations=5466 (full 7):
 par new generation   total 38080K, used 67K [0x0000000085600000, 0x0000000087f50000, 0x000000009a2c0000)
  eden space 33856K,   0% used [0x0000000085600000, 0x0000000085600000, 0x0000000087710000)
  from space 4224K,   1% used [0x0000000087710000, 0x0000000087720c80, 0x0000000087b30000)
  to   space 4224K,   0% used [0x0000000087b30000, 0x0000000087b30000, 0x0000000087f50000)
 concurrent mark-sweep generation total 137704K, used 83172K [0x000000009a2c0000, 0x00000000a293a000, 0x0000000100000000)
 Metaspace       used 111740K, capacity 118337K, committed 120492K, reserved 1155072K
  class space    used 13542K, capacity 14759K, committed 15328K, reserved 1048576K
}
2021-02-02T15:42:13.668+0000: 531500.542: Total time for which application threads were stopped: 0.0068351 seconds, Stopping threads took: 0.0001953 seconds
{Heap before GC invocations=5466 (full 7):
 par new generation   total 38080K, used 33912K [0x0000000085600000, 0x0000000087f50000, 0x000000009a2c0000)
  eden space 33856K,  99% used [0x0000000085600000, 0x000000008770d628, 0x0000000087710000)
  from space 4224K,   1% used [0x0000000087710000, 0x0000000087720c80, 0x0000000087b30000)
  to   space 4224K,   0% used [0x0000000087b30000, 0x0000000087b30000, 0x0000000087f50000)
 concurrent mark-sweep generation total 137704K, used 83172K [0x000000009a2c0000, 0x00000000a293a000, 0x0000000100000000)
 Metaspace       used 111740K, capacity 118337K, committed 120492K, reserved 1155072K
  class space    used 13542K, capacity 14759K, committed 15328K, reserved 1048576K
2021-02-02T15:44:00.516+0000: 531607.390: [GC (Allocation Failure) 2021-02-02T15:44:00.516+0000: 531607.390: [ParNew
Desired survivor size 2162688 bytes, new threshold 6 (max 6)
- age   1:     159312 bytes,     159312 total
- age   6:         32 bytes,     159344 total
: 33912K->161K(38080K), 0.0155476 secs] 117085K->83333K(175784K), 0.0161812 secs] [Times: user=0.02 sys=0.01, real=0.02 secs] 
Heap after GC invocations=5467 (full 7):
 par new generation   total 38080K, used 161K [0x0000000085600000, 0x0000000087f50000, 0x000000009a2c0000)
  eden space 33856K,   0% used [0x0000000085600000, 0x0000000085600000, 0x0000000087710000)
  from space 4224K,   3% used [0x0000000087b30000, 0x0000000087b58478, 0x0000000087f50000)
  to   space 4224K,   0% used [0x0000000087710000, 0x0000000087710000, 0x0000000087b30000)
 concurrent mark-sweep generation total 137704K, used 83172K [0x000000009a2c0000, 0x00000000a293a000, 0x0000000100000000)
 Metaspace       used 111740K, capacity 118337K, committed 120492K, reserved 1155072K
  class space    used 13542K, capacity 14759K, committed 15328K, reserved 1048576K
}
2021-02-02T15:44:00.532+0000: 531607.406: Total time for which application threads were stopped: 0.0171342 seconds, Stopping threads took: 0.0001349 seconds
{Heap before GC invocations=5467 (full 7):
 par new generation   total 38080K, used 34017K [0x0000000085600000, 0x0000000087f50000, 0x000000009a2c0000)
  eden space 33856K, 100% used [0x0000000085600000, 0x0000000087710000, 0x0000000087710000)
  from space 4224K,   3% used [0x0000000087b30000, 0x0000000087b58478, 0x0000000087f50000)
  to   space 4224K,   0% used [0x0000000087710000, 0x0000000087710000, 0x0000000087b30000)
 concurrent mark-sweep generation total 137704K, used 83172K [0x000000009a2c0000, 0x00000000a293a000, 0x0000000100000000)
 Metaspace       used 111740K, capacity 118337K, committed 120492K, reserved 1155072K
  class space    used 13542K, capacity 14759K, committed 15328K, reserved 1048576K
2021-02-02T15:45:50.760+0000: 531717.634: [GC (Allocation Failure) 2021-02-02T15:45:50.760+0000: 531717.634: [ParNew
Desired survivor size 2162688 bytes, new threshold 6 (max 6)
- age   1:      25912 bytes,      25912 total
- age   2:        120 bytes,      26032 total
: 34017K->29K(38080K), 0.0056323 secs] 117189K->83202K(175784K), 0.0059672 secs] [Times: user=0.02 sys=0.00, real=0.01 secs] 
Heap after GC invocations=5468 (full 7):
 par new generation   total 38080K, used 29K [0x0000000085600000, 0x0000000087f50000, 0x000000009a2c0000)
  eden space 33856K,   0% used [0x0000000085600000, 0x0000000085600000, 0x0000000087710000)
  from space 4224K,   0% used [0x0000000087710000, 0x0000000087717608, 0x0000000087b30000)
  to   space 4224K,   0% used [0x0000000087b30000, 0x0000000087b30000, 0x0000000087f50000)
 concurrent mark-sweep generation total 137704K, used 83172K [0x000000009a2c0000, 0x00000000a293a000, 0x0000000100000000)
 Metaspace       used 111740K, capacity 118337K, committed 120492K, reserved 1155072K
  class space    used 13542K, capacity 14759K, committed 15328K, reserved 1048576K
}
2021-02-02T15:45:50.766+0000: 531717.640: Total time for which application threads were stopped: 0.0067732 seconds, Stopping threads took: 0.0001301 seconds
{Heap before GC invocations=5468 (full 7):
 par new generation   total 38080K, used 33885K [0x0000000085600000, 0x0000000087f50000, 0x000000009a2c0000)
  eden space 33856K, 100% used [0x0000000085600000, 0x0000000087710000, 0x0000000087710000)
  from space 4224K,   0% used [0x0000000087710000, 0x0000000087717608, 0x0000000087b30000)
  to   space 4224K,   0% used [0x0000000087b30000, 0x0000000087b30000, 0x0000000087f50000)
 concurrent mark-sweep generation total 137704K, used 83172K [0x000000009a2c0000, 0x00000000a293a000, 0x0000000100000000)
 Metaspace       used 111740K, capacity 118337K, committed 120492K, reserved 1155072K
  class space    used 13542K, capacity 14759K, committed 15328K, reserved 1048576K
2021-02-02T15:47:39.780+0000: 531826.654: [GC (Allocation Failure) 2021-02-02T15:47:39.780+0000: 531826.654: [ParNew
Desired survivor size 2162688 bytes, new threshold 6 (max 6)
- age   1:      26000 bytes,      26000 total
- age   2:         32 bytes,      26032 total
: 33885K->29K(38080K), 0.0084499 secs] 117058K->83202K(175784K), 0.0088826 secs] [Times: user=0.02 sys=0.00, real=0.01 secs] 
Heap after GC invocations=5469 (full 7):
 par new generation   total 38080K, used 29K [0x0000000085600000, 0x0000000087f50000, 0x000000009a2c0000)
  eden space 33856K,   0% used [0x0000000085600000, 0x0000000085600000, 0x0000000087710000)
  from space 4224K,   0% used [0x0000000087b30000, 0x0000000087b37608, 0x0000000087f50000)
  to   space 4224K,   0% used [0x0000000087710000, 0x0000000087710000, 0x0000000087b30000)
 concurrent mark-sweep generation total 137704K, used 83172K [0x000000009a2c0000, 0x00000000a293a000, 0x0000000100000000)
 Metaspace       used 111740K, capacity 118337K, committed 120492K, reserved 1155072K
  class space    used 13542K, capacity 14759K, committed 15328K, reserved 1048576K
}
2021-02-02T15:47:39.789+0000: 531826.663: Total time for which application threads were stopped: 0.0098419 seconds, Stopping threads took: 0.0002283 seconds
{Heap before GC invocations=5469 (full 7):
 par new generation   total 38080K, used 33885K [0x0000000085600000, 0x0000000087f50000, 0x000000009a2c0000)
  eden space 33856K, 100% used [0x0000000085600000, 0x0000000087710000, 0x0000000087710000)
  from space 4224K,   0% used [0x0000000087b30000, 0x0000000087b37608, 0x0000000087f50000)
  to   space 4224K,   0% used [0x0000000087710000, 0x0000000087710000, 0x0000000087b30000)
 concurrent mark-sweep generation total 137704K, used 83172K [0x000000009a2c0000, 0x00000000a293a000, 0x0000000100000000)
 Metaspace       used 111740K, capacity 118337K, committed 120492K, reserved 1155072K
  class space    used 13542K, capacity 14759K, committed 15328K, reserved 1048576K
2021-02-02T15:49:31.014+0000: 531937.888: [GC (Allocation Failure) 2021-02-02T15:49:31.014+0000: 531937.888: [ParNew
Desired survivor size 2162688 bytes, new threshold 6 (max 6)
- age   1:      30752 bytes,      30752 total
- age   2:        120 bytes,      30872 total
- age   3:         32 bytes,      30904 total
: 33885K->33K(38080K), 0.0056973 secs] 117058K->83206K(175784K), 0.0060345 secs] [Times: user=0.02 sys=0.00, real=0.00 secs] 
Heap after GC invocations=5470 (full 7):
 par new generation   total 38080K, used 33K [0x0000000085600000, 0x0000000087f50000, 0x000000009a2c0000)
  eden space 33856K,   0% used [0x0000000085600000, 0x0000000085600000, 0x0000000087710000)
  from space 4224K,   0% used [0x0000000087710000, 0x00000000877186a0, 0x0000000087b30000)
  to   space 4224K,   0% used [0x0000000087b30000, 0x0000000087b30000, 0x0000000087f50000)
 concurrent mark-sweep generation total 137704K, used 83172K [0x000000009a2c0000, 0x00000000a293a000, 0x0000000100000000)
 Metaspace       used 111740K, capacity 118337K, committed 120492K, reserved 1155072K
  class space    used 13542K, capacity 14759K, committed 15328K, reserved 1048576K
}
2021-02-02T15:49:31.020+0000: 531937.894: Total time for which application threads were stopped: 0.0072606 seconds, Stopping threads took: 0.0003754 seconds
{Heap before GC invocations=5470 (full 7):
 par new generation   total 38080K, used 33889K [0x0000000085600000, 0x0000000087f50000, 0x000000009a2c0000)
  eden space 33856K, 100% used [0x0000000085600000, 0x0000000087710000, 0x0000000087710000)
  from space 4224K,   0% used [0x0000000087710000, 0x00000000877186a0, 0x0000000087b30000)
  to   space 4224K,   0% used [0x0000000087b30000, 0x0000000087b30000, 0x0000000087f50000)
 concurrent mark-sweep generation total 137704K, used 83172K [0x000000009a2c0000, 0x00000000a293a000, 0x0000000100000000)
 Metaspace       used 111740K, capacity 118337K, committed 120492K, reserved 1155072K
  class space    used 13542K, capacity 14759K, committed 15328K, reserved 1048576K
2021-02-02T15:51:18.810+0000: 532045.684: [GC (Allocation Failure) 2021-02-02T15:51:18.810+0000: 532045.684: [ParNew
Desired survivor size 2162688 bytes, new threshold 6 (max 6)
- age   1:      64384 bytes,      64384 total
- age   2:        152 bytes,      64536 total
- age   4:         32 bytes,      64568 total
: 33889K->66K(38080K), 0.0060375 secs] 117062K->83239K(175784K), 0.0064042 secs] [Times: user=0.02 sys=0.00, real=0.01 secs] 
Heap after GC invocations=5471 (full 7):
 par new generation   total 38080K, used 66K [0x0000000085600000, 0x0000000087f50000, 0x000000009a2c0000)
  eden space 33856K,   0% used [0x0000000085600000, 0x0000000085600000, 0x0000000087710000)
  from space 4224K,   1% used [0x0000000087b30000, 0x0000000087b40960, 0x0000000087f50000)
  to   space 4224K,   0% used [0x0000000087710000, 0x0000000087710000, 0x0000000087b30000)
 concurrent mark-sweep generation total 137704K, used 83172K [0x000000009a2c0000, 0x00000000a293a000, 0x0000000100000000)
 Metaspace       used 111740K, capacity 118337K, committed 120492K, reserved 1155072K
  class space    used 13542K, capacity 14759K, committed 15328K, reserved 1048576K
}
2021-02-02T15:51:18.817+0000: 532045.691: Total time for which application threads were stopped: 0.0079451 seconds, Stopping threads took: 0.0007766 seconds
{Heap before GC invocations=5471 (full 7):
 par new generation   total 38080K, used 33922K [0x0000000085600000, 0x0000000087f50000, 0x000000009a2c0000)
  eden space 33856K, 100% used [0x0000000085600000, 0x0000000087710000, 0x0000000087710000)
  from space 4224K,   1% used [0x0000000087b30000, 0x0000000087b40960, 0x0000000087f50000)
  to   space 4224K,   0% used [0x0000000087710000, 0x0000000087710000, 0x0000000087b30000)
 concurrent mark-sweep generation total 137704K, used 83172K [0x000000009a2c0000, 0x00000000a293a000, 0x0000000100000000)
 Metaspace       used 111740K, capacity 118337K, committed 120492K, reserved 1155072K
  class space    used 13542K, capacity 14759K, committed 15328K, reserved 1048576K
2021-02-02T15:53:05.880+0000: 532152.753: [GC (Allocation Failure) 2021-02-02T15:53:05.880+0000: 532152.754: [ParNew
Desired survivor size 2162688 bytes, new threshold 6 (max 6)
- age   1:     131720 bytes,     131720 total
- age   2:         32 bytes,     131752 total
: 33922K->130K(38080K), 0.0085912 secs] 117095K->83303K(175784K), 0.0088688 secs] [Times: user=0.02 sys=0.00, real=0.01 secs] 
Heap after GC invocations=5472 (full 7):
 par new generation   total 38080K, used 130K [0x0000000085600000, 0x0000000087f50000, 0x000000009a2c0000)
  eden space 33856K,   0% used [0x0000000085600000, 0x0000000085600000, 0x0000000087710000)
  from space 4224K,   3% used [0x0000000087710000, 0x0000000087730b38, 0x0000000087b30000)
  to   space 4224K,   0% used [0x0000000087b30000, 0x0000000087b30000, 0x0000000087f50000)
 concurrent mark-sweep generation total 137704K, used 83172K [0x000000009a2c0000, 0x00000000a293a000, 0x0000000100000000)
 Metaspace       used 111740K, capacity 118337K, committed 120492K, reserved 1155072K
  class space    used 13542K, capacity 14759K, committed 15328K, reserved 1048576K
}
2021-02-02T15:53:05.889+0000: 532152.763: Total time for which application threads were stopped: 0.0095773 seconds, Stopping threads took: 0.0000815 seconds
{Heap before GC invocations=5472 (full 7):
 par new generation   total 38080K, used 33986K [0x0000000085600000, 0x0000000087f50000, 0x000000009a2c0000)
  eden space 33856K, 100% used [0x0000000085600000, 0x0000000087710000, 0x0000000087710000)
  from space 4224K,   3% used [0x0000000087710000, 0x0000000087730b38, 0x0000000087b30000)
  to   space 4224K,   0% used [0x0000000087b30000, 0x0000000087b30000, 0x0000000087f50000)
 concurrent mark-sweep generation total 137704K, used 83172K [0x000000009a2c0000, 0x00000000a293a000, 0x0000000100000000)
 Metaspace       used 111740K, capacity 118337K, committed 120492K, reserved 1155072K
  class space    used 13542K, capacity 14759K, committed 15328K, reserved 1048576K
2021-02-02T15:54:54.550+0000: 532261.424: [GC (Allocation Failure) 2021-02-02T15:54:54.550+0000: 532261.424: [ParNew
Desired survivor size 2162688 bytes, new threshold 6 (max 6)
- age   1:      25936 bytes,      25936 total
- age   2:        168 bytes,      26104 total
- age   3:         32 bytes,      26136 total
: 33986K->30K(38080K), 0.0055506 secs] 117159K->83203K(175784K), 0.0057278 secs] [Times: user=0.01 sys=0.00, real=0.01 secs] 
Heap after GC invocations=5473 (full 7):
 par new generation   total 38080K, used 30K [0x0000000085600000, 0x0000000087f50000, 0x000000009a2c0000)
  eden space 33856K,   0% used [0x0000000085600000, 0x0000000085600000, 0x0000000087710000)
  from space 4224K,   0% used [0x0000000087b30000, 0x0000000087b37b38, 0x0000000087f50000)
  to   space 4224K,   0% used [0x0000000087710000, 0x0000000087710000, 0x0000000087b30000)
 concurrent mark-sweep generation total 137704K, used 83172K [0x000000009a2c0000, 0x00000000a293a000, 0x0000000100000000)
 Metaspace       used 111740K, capacity 118337K, committed 120492K, reserved 1155072K
  class space    used 13542K, capacity 14759K, committed 15328K, reserved 1048576K
}
2021-02-02T15:54:54.556+0000: 532261.430: Total time for which application threads were stopped: 0.0061657 seconds, Stopping threads took: 0.0000736 seconds
{Heap before GC invocations=5473 (full 7):
 par new generation   total 38080K, used 33886K [0x0000000085600000, 0x0000000087f50000, 0x000000009a2c0000)
  eden space 33856K, 100% used [0x0000000085600000, 0x0000000087710000, 0x0000000087710000)
  from space 4224K,   0% used [0x0000000087b30000, 0x0000000087b37b38, 0x0000000087f50000)
  to   space 4224K,   0% used [0x0000000087710000, 0x0000000087710000, 0x0000000087b30000)
 concurrent mark-sweep generation total 137704K, used 83172K [0x000000009a2c0000, 0x00000000a293a000, 0x0000000100000000)
 Metaspace       used 111740K, capacity 118337K, committed 120492K, reserved 1155072K
  class space    used 13542K, capacity 14759K, committed 15328K, reserved 1048576K
2021-02-02T15:56:43.334+0000: 532370.208: [GC (Allocation Failure) 2021-02-02T15:56:43.335+0000: 532370.209: [ParNew
Desired survivor size 2162688 bytes, new threshold 6 (max 6)
- age   1:      26664 bytes,      26664 total
- age   2:        152 bytes,      26816 total
- age   4:         32 bytes,      26848 total
: 33886K->29K(38080K), 0.0112173 secs] 117059K->83202K(175784K), 0.0115304 secs] [Times: user=0.02 sys=0.01, real=0.01 secs] 
Heap after GC invocations=5474 (full 7):
 par new generation   total 38080K, used 29K [0x0000000085600000, 0x0000000087f50000, 0x000000009a2c0000)
  eden space 33856K,   0% used [0x0000000085600000, 0x0000000085600000, 0x0000000087710000)
  from space 4224K,   0% used [0x0000000087710000, 0x00000000877177e8, 0x0000000087b30000)
  to   space 4224K,   0% used [0x0000000087b30000, 0x0000000087b30000, 0x0000000087f50000)
 concurrent mark-sweep generation total 137704K, used 83172K [0x000000009a2c0000, 0x00000000a293a000, 0x0000000100000000)
 Metaspace       used 111740K, capacity 118337K, committed 120492K, reserved 1155072K
  class space    used 13542K, capacity 14759K, committed 15328K, reserved 1048576K
}
2021-02-02T15:56:43.346+0000: 532370.220: Total time for which application threads were stopped: 0.0124829 seconds, Stopping threads took: 0.0000901 seconds
{Heap before GC invocations=5474 (full 7):
 par new generation   total 38080K, used 33885K [0x0000000085600000, 0x0000000087f50000, 0x000000009a2c0000)
  eden space 33856K, 100% used [0x0000000085600000, 0x0000000087710000, 0x0000000087710000)
  from space 4224K,   0% used [0x0000000087710000, 0x00000000877177e8, 0x0000000087b30000)
  to   space 4224K,   0% used [0x0000000087b30000, 0x0000000087b30000, 0x0000000087f50000)
 concurrent mark-sweep generation total 137704K, used 83172K [0x000000009a2c0000, 0x00000000a293a000, 0x0000000100000000)
 Metaspace       used 111740K, capacity 118337K, committed 120492K, reserved 1155072K
  class space    used 13542K, capacity 14759K, committed 15328K, reserved 1048576K
2021-02-02T15:58:31.994+0000: 532478.868: [GC (Allocation Failure) 2021-02-02T15:58:31.994+0000: 532478.868: [ParNew
Desired survivor size 2162688 bytes, new threshold 6 (max 6)
- age   1:      25536 bytes,      25536 total
- age   2:       1624 bytes,      27160 total
- age   3:         32 bytes,      27192 total
- age   5:         32 bytes,      27224 total
: 33885K->31K(38080K), 0.0193016 secs] 117058K->83204K(175784K), 0.0199500 secs] [Times: user=0.03 sys=0.00, real=0.02 secs] 
Heap after GC invocations=5475 (full 7):
 par new generation   total 38080K, used 31K [0x0000000085600000, 0x0000000087f50000, 0x000000009a2c0000)
  eden space 33856K,   0% used [0x0000000085600000, 0x0000000085600000, 0x0000000087710000)
  from space 4224K,   0% used [0x0000000087b30000, 0x0000000087b37d58, 0x0000000087f50000)
  to   space 4224K,   0% used [0x0000000087710000, 0x0000000087710000, 0x0000000087b30000)
 concurrent mark-sweep generation total 137704K, used 83172K [0x000000009a2c0000, 0x00000000a293a000, 0x0000000100000000)
 Metaspace       used 111740K, capacity 118337K, committed 120492K, reserved 1155072K
  class space    used 13542K, capacity 14759K, committed 15328K, reserved 1048576K
}
2021-02-02T15:58:32.014+0000: 532478.888: Total time for which application threads were stopped: 0.0213751 seconds, Stopping threads took: 0.0002332 seconds
{Heap before GC invocations=5475 (full 7):
 par new generation   total 38080K, used 33887K [0x0000000085600000, 0x0000000087f50000, 0x000000009a2c0000)
  eden space 33856K, 100% used [0x0000000085600000, 0x0000000087710000, 0x0000000087710000)
  from space 4224K,   0% used [0x0000000087b30000, 0x0000000087b37d58, 0x0000000087f50000)
  to   space 4224K,   0% used [0x0000000087710000, 0x0000000087710000, 0x0000000087b30000)
 concurrent mark-sweep generation total 137704K, used 83172K [0x000000009a2c0000, 0x00000000a293a000, 0x0000000100000000)
 Metaspace       used 111740K, capacity 118337K, committed 120492K, reserved 1155072K
  class space    used 13542K, capacity 14759K, committed 15328K, reserved 1048576K
2021-02-02T16:00:22.881+0000: 532589.755: [GC (Allocation Failure) 2021-02-02T16:00:22.881+0000: 532589.755: [ParNew
Desired survivor size 2162688 bytes, new threshold 6 (max 6)
- age   1:      30104 bytes,      30104 total
- age   2:        152 bytes,      30256 total
- age   4:         32 bytes,      30288 total
- age   6:         32 bytes,      30320 total
: 33887K->33K(38080K), 0.0046983 secs] 117060K->83206K(175784K), 0.0050184 secs] [Times: user=0.01 sys=0.00, real=0.01 secs] 
Heap after GC invocations=5476 (full 7):
 par new generation   total 38080K, used 33K [0x0000000085600000, 0x0000000087f50000, 0x000000009a2c0000)
  eden space 33856K,   0% used [0x0000000085600000, 0x0000000085600000, 0x0000000087710000)
  from space 4224K,   0% used [0x0000000087710000, 0x0000000087718628, 0x0000000087b30000)
  to   space 4224K,   0% used [0x0000000087b30000, 0x0000000087b30000, 0x0000000087f50000)
 concurrent mark-sweep generation total 137704K, used 83172K [0x000000009a2c0000, 0x00000000a293a000, 0x0000000100000000)
 Metaspace       used 111740K, capacity 118337K, committed 120492K, reserved 1155072K
  class space    used 13542K, capacity 14759K, committed 15328K, reserved 1048576K
}
2021-02-02T16:00:22.886+0000: 532589.760: Total time for which application threads were stopped: 0.0057564 seconds, Stopping threads took: 0.0000666 seconds
{Heap before GC invocations=5476 (full 7):
 par new generation   total 38080K, used 33854K [0x0000000085600000, 0x0000000087f50000, 0x000000009a2c0000)
  eden space 33856K,  99% used [0x0000000085600000, 0x00000000877072e0, 0x0000000087710000)
  from space 4224K,   0% used [0x0000000087710000, 0x0000000087718628, 0x0000000087b30000)
  to   space 4224K,   0% used [0x0000000087b30000, 0x0000000087b30000, 0x0000000087f50000)
 concurrent mark-sweep generation total 137704K, used 83172K [0x000000009a2c0000, 0x00000000a293a000, 0x0000000100000000)
 Metaspace       used 111740K, capacity 118337K, committed 120492K, reserved 1155072K
  class space    used 13542K, capacity 14759K, committed 15328K, reserved 1048576K
2021-02-02T16:02:10.085+0000: 532696.959: [GC (Allocation Failure) 2021-02-02T16:02:10.085+0000: 532696.959: [ParNew
Desired survivor size 2162688 bytes, new threshold 6 (max 6)
- age   1:      64040 bytes,      64040 total
- age   5:         32 bytes,      64072 total
: 33854K->64K(38080K), 0.0070210 secs] 117027K->83237K(175784K), 0.0074233 secs] [Times: user=0.01 sys=0.01, real=0.01 secs] 
Heap after GC invocations=5477 (full 7):
 par new generation   total 38080K, used 64K [0x0000000085600000, 0x0000000087f50000, 0x000000009a2c0000)
  eden space 33856K,   0% used [0x0000000085600000, 0x0000000085600000, 0x0000000087710000)
  from space 4224K,   1% used [0x0000000087b30000, 0x0000000087b40138, 0x0000000087f50000)
  to   space 4224K,   0% used [0x0000000087710000, 0x0000000087710000, 0x0000000087b30000)
 concurrent mark-sweep generation total 137704K, used 83172K [0x000000009a2c0000, 0x00000000a293a000, 0x0000000100000000)
 Metaspace       used 111740K, capacity 118337K, committed 120492K, reserved 1155072K
  class space    used 13542K, capacity 14759K, committed 15328K, reserved 1048576K
}
2021-02-02T16:02:10.092+0000: 532696.966: Total time for which application threads were stopped: 0.0083273 seconds, Stopping threads took: 0.0001795 seconds
{Heap before GC invocations=5477 (full 7):
 par new generation   total 38080K, used 33920K [0x0000000085600000, 0x0000000087f50000, 0x000000009a2c0000)
  eden space 33856K, 100% used [0x0000000085600000, 0x0000000087710000, 0x0000000087710000)
  from space 4224K,   1% used [0x0000000087b30000, 0x0000000087b40138, 0x0000000087f50000)
  to   space 4224K,   0% used [0x0000000087710000, 0x0000000087710000, 0x0000000087b30000)
 concurrent mark-sweep generation total 137704K, used 83172K [0x000000009a2c0000, 0x00000000a293a000, 0x0000000100000000)
 Metaspace       used 111740K, capacity 118337K, committed 120492K, reserved 1155072K
  class space    used 13542K, capacity 14759K, committed 15328K, reserved 1048576K
2021-02-02T16:03:58.931+0000: 532805.804: [GC (Allocation Failure) 2021-02-02T16:03:58.931+0000: 532805.804: [ParNew
Desired survivor size 2162688 bytes, new threshold 6 (max 6)
- age   1:      25576 bytes,      25576 total
- age   2:        120 bytes,      25696 total
- age   6:         32 bytes,      25728 total
: 33920K->27K(38080K), 0.0029434 secs] 117093K->83199K(175784K), 0.0030509 secs] [Times: user=0.00 sys=0.00, real=0.01 secs] 
Heap after GC invocations=5478 (full 7):
 par new generation   total 38080K, used 27K [0x0000000085600000, 0x0000000087f50000, 0x000000009a2c0000)
  eden space 33856K,   0% used [0x0000000085600000, 0x0000000085600000, 0x0000000087710000)
  from space 4224K,   0% used [0x0000000087710000, 0x0000000087716c30, 0x0000000087b30000)
  to   space 4224K,   0% used [0x0000000087b30000, 0x0000000087b30000, 0x0000000087f50000)
 concurrent mark-sweep generation total 137704K, used 83172K [0x000000009a2c0000, 0x00000000a293a000, 0x0000000100000000)
 Metaspace       used 111740K, capacity 118337K, committed 120492K, reserved 1155072K
  class space    used 13542K, capacity 14759K, committed 15328K, reserved 1048576K
}
2021-02-02T16:03:58.934+0000: 532805.807: Total time for which application threads were stopped: 0.0033230 seconds, Stopping threads took: 0.0000836 seconds
{Heap before GC invocations=5478 (full 7):
 par new generation   total 38080K, used 33883K [0x0000000085600000, 0x0000000087f50000, 0x000000009a2c0000)
  eden space 33856K, 100% used [0x0000000085600000, 0x0000000087710000, 0x0000000087710000)
  from space 4224K,   0% used [0x0000000087710000, 0x0000000087716c30, 0x0000000087b30000)
  to   space 4224K,   0% used [0x0000000087b30000, 0x0000000087b30000, 0x0000000087f50000)
 concurrent mark-sweep generation total 137704K, used 83172K [0x000000009a2c0000, 0x00000000a293a000, 0x0000000100000000)
 Metaspace       used 111740K, capacity 118337K, committed 120492K, reserved 1155072K
  class space    used 13542K, capacity 14759K, committed 15328K, reserved 1048576K
2021-02-02T16:05:47.687+0000: 532914.561: [GC (Allocation Failure) 2021-02-02T16:05:47.687+0000: 532914.561: [ParNew
Desired survivor size 2162688 bytes, new threshold 6 (max 6)
- age   1:     196952 bytes,     196952 total
- age   2:        120 bytes,     197072 total
: 33883K->196K(38080K), 0.0046421 secs] 117055K->83369K(175784K), 0.0049676 secs] [Times: user=0.01 sys=0.00, real=0.01 secs] 
Heap after GC invocations=5479 (full 7):
 par new generation   total 38080K, used 196K [0x0000000085600000, 0x0000000087f50000, 0x000000009a2c0000)
  eden space 33856K,   0% used [0x0000000085600000, 0x0000000085600000, 0x0000000087710000)
  from space 4224K,   4% used [0x0000000087b30000, 0x0000000087b61318, 0x0000000087f50000)
  to   space 4224K,   0% used [0x0000000087710000, 0x0000000087710000, 0x0000000087b30000)
 concurrent mark-sweep generation total 137704K, used 83172K [0x000000009a2c0000, 0x00000000a293a000, 0x0000000100000000)
 Metaspace       used 111740K, capacity 118337K, committed 120492K, reserved 1155072K
  class space    used 13542K, capacity 14759K, committed 15328K, reserved 1048576K
}
2021-02-02T16:05:47.692+0000: 532914.566: Total time for which application threads were stopped: 0.0057552 seconds, Stopping threads took: 0.0000697 seconds
2021-02-02T16:05:48.693+0000: 532915.567: Total time for which application threads were stopped: 0.0007466 seconds, Stopping threads took: 0.0000843 seconds
{Heap before GC invocations=5479 (full 7):
 par new generation   total 38080K, used 34052K [0x0000000085600000, 0x0000000087f50000, 0x000000009a2c0000)
  eden space 33856K, 100% used [0x0000000085600000, 0x0000000087710000, 0x0000000087710000)
  from space 4224K,   4% used [0x0000000087b30000, 0x0000000087b61318, 0x0000000087f50000)
  to   space 4224K,   0% used [0x0000000087710000, 0x0000000087710000, 0x0000000087b30000)
 concurrent mark-sweep generation total 137704K, used 83172K [0x000000009a2c0000, 0x00000000a293a000, 0x0000000100000000)
 Metaspace       used 111740K, capacity 118337K, committed 120492K, reserved 1155072K
  class space    used 13542K, capacity 14759K, committed 15328K, reserved 1048576K
2021-02-02T16:07:36.816+0000: 533023.690: [GC (Allocation Failure) 2021-02-02T16:07:36.816+0000: 533023.690: [ParNew
Desired survivor size 2162688 bytes, new threshold 6 (max 6)
- age   1:      29336 bytes,      29336 total
- age   2:      34312 bytes,      63648 total
: 34052K->65K(38080K), 0.0076993 secs] 117225K->83238K(175784K), 0.0079700 secs] [Times: user=0.02 sys=0.01, real=0.01 secs] 
Heap after GC invocations=5480 (full 7):
 par new generation   total 38080K, used 65K [0x0000000085600000, 0x0000000087f50000, 0x000000009a2c0000)
  eden space 33856K,   0% used [0x0000000085600000, 0x0000000085600000, 0x0000000087710000)
  from space 4224K,   1% used [0x0000000087710000, 0x0000000087720578, 0x0000000087b30000)
  to   space 4224K,   0% used [0x0000000087b30000, 0x0000000087b30000, 0x0000000087f50000)
 concurrent mark-sweep generation total 137704K, used 83172K [0x000000009a2c0000, 0x00000000a293a000, 0x0000000100000000)
 Metaspace       used 111740K, capacity 118337K, committed 120492K, reserved 1155072K
  class space    used 13542K, capacity 14759K, committed 15328K, reserved 1048576K
}
2021-02-02T16:07:36.825+0000: 533023.698: Total time for which application threads were stopped: 0.0086724 seconds, Stopping threads took: 0.0000650 seconds
{Heap before GC invocations=5480 (full 7):
 par new generation   total 38080K, used 33921K [0x0000000085600000, 0x0000000087f50000, 0x000000009a2c0000)
  eden space 33856K, 100% used [0x0000000085600000, 0x0000000087710000, 0x0000000087710000)
  from space 4224K,   1% used [0x0000000087710000, 0x0000000087720578, 0x0000000087b30000)
  to   space 4224K,   0% used [0x0000000087b30000, 0x0000000087b30000, 0x0000000087f50000)
 concurrent mark-sweep generation total 137704K, used 83172K [0x000000009a2c0000, 0x00000000a293a000, 0x0000000100000000)
 Metaspace       used 111740K, capacity 118337K, committed 120492K, reserved 1155072K
  class space    used 13542K, capacity 14759K, committed 15328K, reserved 1048576K
2021-02-02T16:09:27.555+0000: 533134.429: [GC (Allocation Failure) 2021-02-02T16:09:27.555+0000: 533134.429: [ParNew
Desired survivor size 2162688 bytes, new threshold 6 (max 6)
- age   1:      65008 bytes,      65008 total
- age   2:       1256 bytes,      66264 total
- age   3:      34168 bytes,     100432 total
: 33921K->102K(38080K), 0.0059550 secs] 117094K->83275K(175784K), 0.0062478 secs] [Times: user=0.01 sys=0.00, real=0.00 secs] 
Heap after GC invocations=5481 (full 7):
 par new generation   total 38080K, used 102K [0x0000000085600000, 0x0000000087f50000, 0x000000009a2c0000)
  eden space 33856K,   0% used [0x0000000085600000, 0x0000000085600000, 0x0000000087710000)
  from space 4224K,   2% used [0x0000000087b30000, 0x0000000087b498d0, 0x0000000087f50000)
  to   space 4224K,   0% used [0x0000000087710000, 0x0000000087710000, 0x0000000087b30000)
 concurrent mark-sweep generation total 137704K, used 83172K [0x000000009a2c0000, 0x00000000a293a000, 0x0000000100000000)
 Metaspace       used 111740K, capacity 118337K, committed 120492K, reserved 1155072K
  class space    used 13542K, capacity 14759K, committed 15328K, reserved 1048576K
}
2021-02-02T16:09:27.562+0000: 533134.436: Total time for which application threads were stopped: 0.0070241 seconds, Stopping threads took: 0.0001531 seconds
{Heap before GC invocations=5481 (full 7):
 par new generation   total 38080K, used 33958K [0x0000000085600000, 0x0000000087f50000, 0x000000009a2c0000)
  eden space 33856K, 100% used [0x0000000085600000, 0x0000000087710000, 0x0000000087710000)
  from space 4224K,   2% used [0x0000000087b30000, 0x0000000087b498d0, 0x0000000087f50000)
  to   space 4224K,   0% used [0x0000000087710000, 0x0000000087710000, 0x0000000087b30000)
 concurrent mark-sweep generation total 137704K, used 83172K [0x000000009a2c0000, 0x00000000a293a000, 0x0000000100000000)
 Metaspace       used 111740K, capacity 118337K, committed 120492K, reserved 1155072K
  class space    used 13542K, capacity 14759K, committed 15328K, reserved 1048576K
2021-02-02T16:11:14.669+0000: 533241.543: [GC (Allocation Failure) 2021-02-02T16:11:14.669+0000: 533241.543: [ParNew
Desired survivor size 2162688 bytes, new threshold 6 (max 6)
- age   1:      65640 bytes,      65640 total
- age   2:      33888 bytes,      99528 total
- age   3:        968 bytes,     100496 total
- age   4:      34168 bytes,     134664 total
: 33958K->136K(38080K), 0.0035389 secs] 117131K->83309K(175784K), 0.0036755 secs] [Times: user=0.01 sys=0.00, real=0.01 secs] 
Heap after GC invocations=5482 (full 7):
 par new generation   total 38080K, used 136K [0x0000000085600000, 0x0000000087f50000, 0x000000009a2c0000)
  eden space 33856K,   0% used [0x0000000085600000, 0x0000000085600000, 0x0000000087710000)
  from space 4224K,   3% used [0x0000000087710000, 0x0000000087732088, 0x0000000087b30000)
  to   space 4224K,   0% used [0x0000000087b30000, 0x0000000087b30000, 0x0000000087f50000)
 concurrent mark-sweep generation total 137704K, used 83172K [0x000000009a2c0000, 0x00000000a293a000, 0x0000000100000000)
 Metaspace       used 111740K, capacity 118337K, committed 120492K, reserved 1155072K
  class space    used 13542K, capacity 14759K, committed 15328K, reserved 1048576K
}
2021-02-02T16:11:14.673+0000: 533241.547: Total time for which application threads were stopped: 0.0040480 seconds, Stopping threads took: 0.0000499 seconds
{Heap before GC invocations=5482 (full 7):
 par new generation   total 38080K, used 33992K [0x0000000085600000, 0x0000000087f50000, 0x000000009a2c0000)
  eden space 33856K, 100% used [0x0000000085600000, 0x0000000087710000, 0x0000000087710000)
  from space 4224K,   3% used [0x0000000087710000, 0x0000000087732088, 0x0000000087b30000)
  to   space 4224K,   0% used [0x0000000087b30000, 0x0000000087b30000, 0x0000000087f50000)
 concurrent mark-sweep generation total 137704K, used 83172K [0x000000009a2c0000, 0x00000000a293a000, 0x0000000100000000)
 Metaspace       used 111740K, capacity 118337K, committed 120492K, reserved 1155072K
  class space    used 13542K, capacity 14759K, committed 15328K, reserved 1048576K
2021-02-02T16:13:01.595+0000: 533348.469: [GC (Allocation Failure) 2021-02-02T16:13:01.596+0000: 533348.470: [ParNew
Desired survivor size 2162688 bytes, new threshold 6 (max 6)
- age   1:     165216 bytes,     165216 total
- age   2:         40 bytes,     165256 total
- age   3:      33736 bytes,     198992 total
- age   4:        712 bytes,     199704 total
- age   5:      34168 bytes,     233872 total
: 33992K->234K(38080K), 0.0095198 secs] 117165K->83407K(175784K), 0.0099143 secs] [Times: user=0.02 sys=0.00, real=0.01 secs] 
Heap after GC invocations=5483 (full 7):
 par new generation   total 38080K, used 234K [0x0000000085600000, 0x0000000087f50000, 0x000000009a2c0000)
  eden space 33856K,   0% used [0x0000000085600000, 0x0000000085600000, 0x0000000087710000)
  from space 4224K,   5% used [0x0000000087b30000, 0x0000000087b6ab48, 0x0000000087f50000)
  to   space 4224K,   0% used [0x0000000087710000, 0x0000000087710000, 0x0000000087b30000)
 concurrent mark-sweep generation total 137704K, used 83172K [0x000000009a2c0000, 0x00000000a293a000, 0x0000000100000000)
 Metaspace       used 111740K, capacity 118337K, committed 120492K, reserved 1155072K
  class space    used 13542K, capacity 14759K, committed 15328K, reserved 1048576K
}
2021-02-02T16:13:01.606+0000: 533348.479: Total time for which application threads were stopped: 0.0109219 seconds, Stopping threads took: 0.0001921 seconds
{Heap before GC invocations=5483 (full 7):
 par new generation   total 38080K, used 34090K [0x0000000085600000, 0x0000000087f50000, 0x000000009a2c0000)
  eden space 33856K, 100% used [0x0000000085600000, 0x0000000087710000, 0x0000000087710000)
  from space 4224K,   5% used [0x0000000087b30000, 0x0000000087b6ab48, 0x0000000087f50000)
  to   space 4224K,   0% used [0x0000000087710000, 0x0000000087710000, 0x0000000087b30000)
 concurrent mark-sweep generation total 137704K, used 83172K [0x000000009a2c0000, 0x00000000a293a000, 0x0000000100000000)
 Metaspace       used 111740K, capacity 118337K, committed 120492K, reserved 1155072K
  class space    used 13542K, capacity 14759K, committed 15328K, reserved 1048576K
2021-02-02T16:14:51.384+0000: 533458.258: [GC (Allocation Failure) 2021-02-02T16:14:51.384+0000: 533458.258: [ParNew
Desired survivor size 2162688 bytes, new threshold 6 (max 6)
- age   1:      25440 bytes,      25440 total
- age   2:        120 bytes,      25560 total
- age   5:        296 bytes,      25856 total
- age   6:         96 bytes,      25952 total
: 34090K->32K(38080K), 0.0155548 secs] 117263K->83204K(175784K), 0.0158998 secs] [Times: user=0.03 sys=0.00, real=0.01 secs] 
Heap after GC invocations=5484 (full 7):
 par new generation   total 38080K, used 32K [0x0000000085600000, 0x0000000087f50000, 0x000000009a2c0000)
  eden space 33856K,   0% used [0x0000000085600000, 0x0000000085600000, 0x0000000087710000)
  from space 4224K,   0% used [0x0000000087710000, 0x0000000087718040, 0x0000000087b30000)
  to   space 4224K,   0% used [0x0000000087b30000, 0x0000000087b30000, 0x0000000087f50000)
 concurrent mark-sweep generation total 137704K, used 83172K [0x000000009a2c0000, 0x00000000a293a000, 0x0000000100000000)
 Metaspace       used 111740K, capacity 118337K, committed 120492K, reserved 1155072K
  class space    used 13542K, capacity 14759K, committed 15328K, reserved 1048576K
}
2021-02-02T16:14:51.400+0000: 533458.274: Total time for which application threads were stopped: 0.0167986 seconds, Stopping threads took: 0.0001013 seconds
{Heap before GC invocations=5484 (full 7):
 par new generation   total 38080K, used 33888K [0x0000000085600000, 0x0000000087f50000, 0x000000009a2c0000)
  eden space 33856K, 100% used [0x0000000085600000, 0x0000000087710000, 0x0000000087710000)
  from space 4224K,   0% used [0x0000000087710000, 0x0000000087718040, 0x0000000087b30000)
  to   space 4224K,   0% used [0x0000000087b30000, 0x0000000087b30000, 0x0000000087f50000)
 concurrent mark-sweep generation total 137704K, used 83172K [0x000000009a2c0000, 0x00000000a293a000, 0x0000000100000000)
 Metaspace       used 111740K, capacity 118337K, committed 120492K, reserved 1155072K
  class space    used 13542K, capacity 14759K, committed 15328K, reserved 1048576K
2021-02-02T16:16:40.022+0000: 533566.896: [GC (Allocation Failure) 2021-02-02T16:16:40.022+0000: 533566.896: [ParNew
Desired survivor size 2162688 bytes, new threshold 6 (max 6)
- age   1:      25768 bytes,      25768 total
- age   6:        296 bytes,      26064 total
: 33888K->29K(38080K), 0.0057311 secs] 117060K->83202K(175784K), 0.0060594 secs] [Times: user=0.01 sys=0.01, real=0.01 secs] 
Heap after GC invocations=5485 (full 7):
 par new generation   total 38080K, used 29K [0x0000000085600000, 0x0000000087f50000, 0x000000009a2c0000)
  eden space 33856K,   0% used [0x0000000085600000, 0x0000000085600000, 0x0000000087710000)
  from space 4224K,   0% used [0x0000000087b30000, 0x0000000087b37608, 0x0000000087f50000)
  to   space 4224K,   0% used [0x0000000087710000, 0x0000000087710000, 0x0000000087b30000)
 concurrent mark-sweep generation total 137704K, used 83172K [0x000000009a2c0000, 0x00000000a293a000, 0x0000000100000000)
 Metaspace       used 111740K, capacity 118337K, committed 120492K, reserved 1155072K
  class space    used 13542K, capacity 14759K, committed 15328K, reserved 1048576K
}
2021-02-02T16:16:40.028+0000: 533566.902: Total time for which application threads were stopped: 0.0067751 seconds, Stopping threads took: 0.0000786 seconds
{Heap before GC invocations=5485 (full 7):
 par new generation   total 38080K, used 33885K [0x0000000085600000, 0x0000000087f50000, 0x000000009a2c0000)
  eden space 33856K, 100% used [0x0000000085600000, 0x0000000087710000, 0x0000000087710000)
  from space 4224K,   0% used [0x0000000087b30000, 0x0000000087b37608, 0x0000000087f50000)
  to   space 4224K,   0% used [0x0000000087710000, 0x0000000087710000, 0x0000000087b30000)
 concurrent mark-sweep generation total 137704K, used 83172K [0x000000009a2c0000, 0x00000000a293a000, 0x0000000100000000)
 Metaspace       used 111740K, capacity 118337K, committed 120492K, reserved 1155072K
  class space    used 13542K, capacity 14759K, committed 15328K, reserved 1048576K
2021-02-02T16:18:31.268+0000: 533678.142: [GC (Allocation Failure) 2021-02-02T16:18:31.269+0000: 533678.142: [ParNew
Desired survivor size 2162688 bytes, new threshold 6 (max 6)
- age   1:      30088 bytes,      30088 total
- age   2:        120 bytes,      30208 total
: 33885K->31K(38080K), 0.0064355 secs] 117058K->83204K(175784K), 0.0068063 secs] [Times: user=0.02 sys=0.00, real=0.01 secs] 
Heap after GC invocations=5486 (full 7):
 par new generation   total 38080K, used 31K [0x0000000085600000, 0x0000000087f50000, 0x000000009a2c0000)
  eden space 33856K,   0% used [0x0000000085600000, 0x0000000085600000, 0x0000000087710000)
  from space 4224K,   0% used [0x0000000087710000, 0x0000000087717e90, 0x0000000087b30000)
  to   space 4224K,   0% used [0x0000000087b30000, 0x0000000087b30000, 0x0000000087f50000)
 concurrent mark-sweep generation total 137704K, used 83173K [0x000000009a2c0000, 0x00000000a293a000, 0x0000000100000000)
 Metaspace       used 111740K, capacity 118337K, committed 120492K, reserved 1155072K
  class space    used 13542K, capacity 14759K, committed 15328K, reserved 1048576K
}
2021-02-02T16:18:31.275+0000: 533678.149: Total time for which application threads were stopped: 0.0078471 seconds, Stopping threads took: 0.0001690 seconds
{Heap before GC invocations=5486 (full 7):
 par new generation   total 38080K, used 33887K [0x0000000085600000, 0x0000000087f50000, 0x000000009a2c0000)
  eden space 33856K, 100% used [0x0000000085600000, 0x0000000087710000, 0x0000000087710000)
  from space 4224K,   0% used [0x0000000087710000, 0x0000000087717e90, 0x0000000087b30000)
  to   space 4224K,   0% used [0x0000000087b30000, 0x0000000087b30000, 0x0000000087f50000)
 concurrent mark-sweep generation total 137704K, used 83173K [0x000000009a2c0000, 0x00000000a293a000, 0x0000000100000000)
 Metaspace       used 111740K, capacity 118337K, committed 120492K, reserved 1155072K
  class space    used 13542K, capacity 14759K, committed 15328K, reserved 1048576K
2021-02-02T16:20:18.938+0000: 533785.812: [GC (Allocation Failure) 2021-02-02T16:20:18.939+0000: 533785.813: [ParNew
Desired survivor size 2162688 bytes, new threshold 6 (max 6)
- age   1:      63896 bytes,      63896 total
- age   2:        152 bytes,      64048 total
: 33887K->68K(38080K), 0.0054562 secs] 117060K->83241K(175784K), 0.0058241 secs] [Times: user=0.02 sys=0.00, real=0.01 secs] 
Heap after GC invocations=5487 (full 7):
 par new generation   total 38080K, used 68K [0x0000000085600000, 0x0000000087f50000, 0x000000009a2c0000)
  eden space 33856K,   0% used [0x0000000085600000, 0x0000000085600000, 0x0000000087710000)
  from space 4224K,   1% used [0x0000000087b30000, 0x0000000087b410f0, 0x0000000087f50000)
  to   space 4224K,   0% used [0x0000000087710000, 0x0000000087710000, 0x0000000087b30000)
 concurrent mark-sweep generation total 137704K, used 83173K [0x000000009a2c0000, 0x00000000a293a000, 0x0000000100000000)
 Metaspace       used 111740K, capacity 118337K, committed 120492K, reserved 1155072K
  class space    used 13542K, capacity 14759K, committed 15328K, reserved 1048576K
}
2021-02-02T16:20:18.944+0000: 533785.818: Total time for which application threads were stopped: 0.0068243 seconds, Stopping threads took: 0.0002186 seconds
{Heap before GC invocations=5487 (full 7):
 par new generation   total 38080K, used 33924K [0x0000000085600000, 0x0000000087f50000, 0x000000009a2c0000)
  eden space 33856K, 100% used [0x0000000085600000, 0x0000000087710000, 0x0000000087710000)
  from space 4224K,   1% used [0x0000000087b30000, 0x0000000087b410f0, 0x0000000087f50000)
  to   space 4224K,   0% used [0x0000000087710000, 0x0000000087710000, 0x0000000087b30000)
 concurrent mark-sweep generation total 137704K, used 83173K [0x000000009a2c0000, 0x00000000a293a000, 0x0000000100000000)
 Metaspace       used 111740K, capacity 118337K, committed 120492K, reserved 1155072K
  class space    used 13542K, capacity 14759K, committed 15328K, reserved 1048576K
2021-02-02T16:22:05.900+0000: 533892.774: [GC (Allocation Failure) 2021-02-02T16:22:05.900+0000: 533892.774: [ParNew
Desired survivor size 2162688 bytes, new threshold 6 (max 6)
- age   1:     132072 bytes,     132072 total
- age   2:         64 bytes,     132136 total
: 33924K->132K(38080K), 0.0081670 secs] 117097K->83305K(175784K), 0.0084998 secs] [Times: user=0.02 sys=0.00, real=0.01 secs] 
Heap after GC invocations=5488 (full 7):
 par new generation   total 38080K, used 132K [0x0000000085600000, 0x0000000087f50000, 0x000000009a2c0000)
  eden space 33856K,   0% used [0x0000000085600000, 0x0000000085600000, 0x0000000087710000)
  from space 4224K,   3% used [0x0000000087710000, 0x0000000087731150, 0x0000000087b30000)
  to   space 4224K,   0% used [0x0000000087b30000, 0x0000000087b30000, 0x0000000087f50000)
 concurrent mark-sweep generation total 137704K, used 83173K [0x000000009a2c0000, 0x00000000a293a000, 0x0000000100000000)
 Metaspace       used 111740K, capacity 118337K, committed 120492K, reserved 1155072K
  class space    used 13542K, capacity 14759K, committed 15328K, reserved 1048576K
}
2021-02-02T16:22:05.908+0000: 533892.782: Total time for which application threads were stopped: 0.0096066 seconds, Stopping threads took: 0.0002285 seconds
{Heap before GC invocations=5488 (full 7):
 par new generation   total 38080K, used 33988K [0x0000000085600000, 0x0000000087f50000, 0x000000009a2c0000)
  eden space 33856K, 100% used [0x0000000085600000, 0x0000000087710000, 0x0000000087710000)
  from space 4224K,   3% used [0x0000000087710000, 0x0000000087731150, 0x0000000087b30000)
  to   space 4224K,   0% used [0x0000000087b30000, 0x0000000087b30000, 0x0000000087f50000)
 concurrent mark-sweep generation total 137704K, used 83173K [0x000000009a2c0000, 0x00000000a293a000, 0x0000000100000000)
 Metaspace       used 111740K, capacity 118337K, committed 120492K, reserved 1155072K
  class space    used 13542K, capacity 14759K, committed 15328K, reserved 1048576K
2021-02-02T16:23:54.562+0000: 534001.436: [GC (Allocation Failure) 2021-02-02T16:23:54.562+0000: 534001.436: [ParNew
Desired survivor size 2162688 bytes, new threshold 6 (max 6)
- age   1:      25968 bytes,      25968 total
- age   2:        168 bytes,      26136 total
: 33988K->30K(38080K), 0.0065450 secs] 117161K->83203K(175784K), 0.0069699 secs] [Times: user=0.02 sys=0.00, real=0.01 secs] 
Heap after GC invocations=5489 (full 7):
 par new generation   total 38080K, used 30K [0x0000000085600000, 0x0000000087f50000, 0x000000009a2c0000)
  eden space 33856K,   0% used [0x0000000085600000, 0x0000000085600000, 0x0000000087710000)
  from space 4224K,   0% used [0x0000000087b30000, 0x0000000087b37a70, 0x0000000087f50000)
  to   space 4224K,   0% used [0x0000000087710000, 0x0000000087710000, 0x0000000087b30000)
 concurrent mark-sweep generation total 137704K, used 83173K [0x000000009a2c0000, 0x00000000a293a000, 0x0000000100000000)
 Metaspace       used 111740K, capacity 118337K, committed 120492K, reserved 1155072K
  class space    used 13542K, capacity 14759K, committed 15328K, reserved 1048576K
}
2021-02-02T16:23:54.569+0000: 534001.443: Total time for which application threads were stopped: 0.0077968 seconds, Stopping threads took: 0.0000890 seconds
{Heap before GC invocations=5489 (full 7):
 par new generation   total 38080K, used 33882K [0x0000000085600000, 0x0000000087f50000, 0x000000009a2c0000)
  eden space 33856K,  99% used [0x0000000085600000, 0x000000008770f068, 0x0000000087710000)
  from space 4224K,   0% used [0x0000000087b30000, 0x0000000087b37a70, 0x0000000087f50000)
  to   space 4224K,   0% used [0x0000000087710000, 0x0000000087710000, 0x0000000087b30000)
 concurrent mark-sweep generation total 137704K, used 83173K [0x000000009a2c0000, 0x00000000a293a000, 0x0000000100000000)
 Metaspace       used 111740K, capacity 118337K, committed 120492K, reserved 1155072K
  class space    used 13542K, capacity 14759K, committed 15328K, reserved 1048576K
2021-02-02T16:25:43.226+0000: 534110.100: [GC (Allocation Failure) 2021-02-02T16:25:43.226+0000: 534110.100: [ParNew
Desired survivor size 2162688 bytes, new threshold 6 (max 6)
- age   1:      24040 bytes,      24040 total
- age   2:        512 bytes,      24552 total
: 33882K->28K(38080K), 0.0118731 secs] 117055K->83201K(175784K), 0.0123360 secs] [Times: user=0.02 sys=0.00, real=0.01 secs] 
Heap after GC invocations=5490 (full 7):
 par new generation   total 38080K, used 28K [0x0000000085600000, 0x0000000087f50000, 0x000000009a2c0000)
  eden space 33856K,   0% used [0x0000000085600000, 0x0000000085600000, 0x0000000087710000)
  from space 4224K,   0% used [0x0000000087710000, 0x0000000087717040, 0x0000000087b30000)
  to   space 4224K,   0% used [0x0000000087b30000, 0x0000000087b30000, 0x0000000087f50000)
 concurrent mark-sweep generation total 137704K, used 83173K [0x000000009a2c0000, 0x00000000a293a000, 0x0000000100000000)
 Metaspace       used 111740K, capacity 118337K, committed 120492K, reserved 1155072K
  class space    used 13542K, capacity 14759K, committed 15328K, reserved 1048576K
}
2021-02-02T16:25:43.239+0000: 534110.113: Total time for which application threads were stopped: 0.0133515 seconds, Stopping threads took: 0.0001035 seconds
{Heap before GC invocations=5490 (full 7):
 par new generation   total 38080K, used 33853K [0x0000000085600000, 0x0000000087f50000, 0x000000009a2c0000)
  eden space 33856K,  99% used [0x0000000085600000, 0x00000000877083f8, 0x0000000087710000)
  from space 4224K,   0% used [0x0000000087710000, 0x0000000087717040, 0x0000000087b30000)
  to   space 4224K,   0% used [0x0000000087b30000, 0x0000000087b30000, 0x0000000087f50000)
 concurrent mark-sweep generation total 137704K, used 83173K [0x000000009a2c0000, 0x00000000a293a000, 0x0000000100000000)
 Metaspace       used 111740K, capacity 118337K, committed 120492K, reserved 1155072K
  class space    used 13542K, capacity 14759K, committed 15328K, reserved 1048576K
2021-02-02T16:27:31.842+0000: 534218.716: [GC (Allocation Failure) 2021-02-02T16:27:31.842+0000: 534218.716: [ParNew
Desired survivor size 2162688 bytes, new threshold 6 (max 6)
- age   1:      27392 bytes,      27392 total
- age   2:        120 bytes,      27512 total
- age   3:        392 bytes,      27904 total
: 33853K->29K(38080K), 0.0055981 secs] 117026K->83203K(175784K), 0.0059202 secs] [Times: user=0.02 sys=0.00, real=0.01 secs] 
Heap after GC invocations=5491 (full 7):
 par new generation   total 38080K, used 29K [0x0000000085600000, 0x0000000087f50000, 0x000000009a2c0000)
  eden space 33856K,   0% used [0x0000000085600000, 0x0000000085600000, 0x0000000087710000)
  from space 4224K,   0% used [0x0000000087b30000, 0x0000000087b377a8, 0x0000000087f50000)
  to   space 4224K,   0% used [0x0000000087710000, 0x0000000087710000, 0x0000000087b30000)
 concurrent mark-sweep generation total 137704K, used 83173K [0x000000009a2c0000, 0x00000000a293a000, 0x0000000100000000)
 Metaspace       used 111740K, capacity 118337K, committed 120492K, reserved 1155072K
  class space    used 13542K, capacity 14759K, committed 15328K, reserved 1048576K
}
2021-02-02T16:27:31.848+0000: 534218.722: Total time for which application threads were stopped: 0.0070315 seconds, Stopping threads took: 0.0003940 seconds
{Heap before GC invocations=5491 (full 7):
 par new generation   total 38080K, used 33885K [0x0000000085600000, 0x0000000087f50000, 0x000000009a2c0000)
  eden space 33856K, 100% used [0x0000000085600000, 0x0000000087710000, 0x0000000087710000)
  from space 4224K,   0% used [0x0000000087b30000, 0x0000000087b377a8, 0x0000000087f50000)
  to   space 4224K,   0% used [0x0000000087710000, 0x0000000087710000, 0x0000000087b30000)
 concurrent mark-sweep generation total 137704K, used 83173K [0x000000009a2c0000, 0x00000000a293a000, 0x0000000100000000)
 Metaspace       used 111740K, capacity 118337K, committed 120492K, reserved 1155072K
  class space    used 13542K, capacity 14759K, committed 15328K, reserved 1048576K
2021-02-02T16:29:21.991+0000: 534328.864: [GC (Allocation Failure) 2021-02-02T16:29:21.991+0000: 534328.865: [ParNew
Desired survivor size 2162688 bytes, new threshold 6 (max 6)
- age   1:      29688 bytes,      29688 total
- age   2:        152 bytes,      29840 total
- age   4:        392 bytes,      30232 total
: 33885K->33K(38080K), 0.0019347 secs] 117059K->83206K(175784K), 0.0020318 secs] [Times: user=0.01 sys=0.00, real=0.01 secs] 
Heap after GC invocations=5492 (full 7):
 par new generation   total 38080K, used 33K [0x0000000085600000, 0x0000000087f50000, 0x000000009a2c0000)
  eden space 33856K,   0% used [0x0000000085600000, 0x0000000085600000, 0x0000000087710000)
  from space 4224K,   0% used [0x0000000087710000, 0x0000000087718628, 0x0000000087b30000)
  to   space 4224K,   0% used [0x0000000087b30000, 0x0000000087b30000, 0x0000000087f50000)
 concurrent mark-sweep generation total 137704K, used 83173K [0x000000009a2c0000, 0x00000000a293a000, 0x0000000100000000)
 Metaspace       used 111740K, capacity 118337K, committed 120492K, reserved 1155072K
  class space    used 13542K, capacity 14759K, committed 15328K, reserved 1048576K
}
2021-02-02T16:29:21.993+0000: 534328.867: Total time for which application threads were stopped: 0.0022797 seconds, Stopping threads took: 0.0000390 seconds
{Heap before GC invocations=5492 (full 7):
 par new generation   total 38080K, used 33889K [0x0000000085600000, 0x0000000087f50000, 0x000000009a2c0000)
  eden space 33856K, 100% used [0x0000000085600000, 0x0000000087710000, 0x0000000087710000)
  from space 4224K,   0% used [0x0000000087710000, 0x0000000087718628, 0x0000000087b30000)
  to   space 4224K,   0% used [0x0000000087b30000, 0x0000000087b30000, 0x0000000087f50000)
 concurrent mark-sweep generation total 137704K, used 83173K [0x000000009a2c0000, 0x00000000a293a000, 0x0000000100000000)
 Metaspace       used 111740K, capacity 118337K, committed 120492K, reserved 1155072K
  class space    used 13542K, capacity 14759K, committed 15328K, reserved 1048576K
2021-02-02T16:31:08.727+0000: 534435.601: [GC (Allocation Failure) 2021-02-02T16:31:08.728+0000: 534435.602: [ParNew
Desired survivor size 2162688 bytes, new threshold 6 (max 6)
- age   1:      97896 bytes,      97896 total
- age   5:        360 bytes,      98256 total
: 33889K->98K(38080K), 0.0052208 secs] 117062K->83272K(175784K), 0.0056152 secs] [Times: user=0.02 sys=0.00, real=0.01 secs] 
Heap after GC invocations=5493 (full 7):
 par new generation   total 38080K, used 98K [0x0000000085600000, 0x0000000087f50000, 0x000000009a2c0000)
  eden space 33856K,   0% used [0x0000000085600000, 0x0000000085600000, 0x0000000087710000)
  from space 4224K,   2% used [0x0000000087b30000, 0x0000000087b48b48, 0x0000000087f50000)
  to   space 4224K,   0% used [0x0000000087710000, 0x0000000087710000, 0x0000000087b30000)
 concurrent mark-sweep generation total 137704K, used 83173K [0x000000009a2c0000, 0x00000000a293a000, 0x0000000100000000)
 Metaspace       used 111740K, capacity 118337K, committed 120492K, reserved 1155072K
  class space    used 13542K, capacity 14759K, committed 15328K, reserved 1048576K
}
2021-02-02T16:31:08.733+0000: 534435.607: Total time for which application threads were stopped: 0.0066986 seconds, Stopping threads took: 0.0001109 seconds
{Heap before GC invocations=5493 (full 7):
 par new generation   total 38080K, used 33954K [0x0000000085600000, 0x0000000087f50000, 0x000000009a2c0000)
  eden space 33856K, 100% used [0x0000000085600000, 0x0000000087710000, 0x0000000087710000)
  from space 4224K,   2% used [0x0000000087b30000, 0x0000000087b48b48, 0x0000000087f50000)
  to   space 4224K,   0% used [0x0000000087710000, 0x0000000087710000, 0x0000000087b30000)
 concurrent mark-sweep generation total 137704K, used 83173K [0x000000009a2c0000, 0x00000000a293a000, 0x0000000100000000)
 Metaspace       used 111740K, capacity 118337K, committed 120492K, reserved 1155072K
  class space    used 13542K, capacity 14759K, committed 15328K, reserved 1048576K
2021-02-02T16:32:57.157+0000: 534544.031: [GC (Allocation Failure) 2021-02-02T16:32:57.157+0000: 534544.031: [ParNew
Desired survivor size 2162688 bytes, new threshold 6 (max 6)
- age   1:      25832 bytes,      25832 total
- age   2:        152 bytes,      25984 total
- age   6:        360 bytes,      26344 total
: 33954K->30K(38080K), 0.0078894 secs] 117128K->83203K(175784K), 0.0082061 secs] [Times: user=0.02 sys=0.00, real=0.01 secs] 
Heap after GC invocations=5494 (full 7):
 par new generation   total 38080K, used 30K [0x0000000085600000, 0x0000000087f50000, 0x000000009a2c0000)
  eden space 33856K,   0% used [0x0000000085600000, 0x0000000085600000, 0x0000000087710000)
  from space 4224K,   0% used [0x0000000087710000, 0x00000000877178d0, 0x0000000087b30000)
  to   space 4224K,   0% used [0x0000000087b30000, 0x0000000087b30000, 0x0000000087f50000)
 concurrent mark-sweep generation total 137704K, used 83173K [0x000000009a2c0000, 0x00000000a293a000, 0x0000000100000000)
 Metaspace       used 111740K, capacity 118337K, committed 120492K, reserved 1155072K
  class space    used 13542K, capacity 14759K, committed 15328K, reserved 1048576K
}
2021-02-02T16:32:57.165+0000: 534544.039: Total time for which application threads were stopped: 0.0089610 seconds, Stopping threads took: 0.0000888 seconds
{Heap before GC invocations=5494 (full 7):
 par new generation   total 38080K, used 33886K [0x0000000085600000, 0x0000000087f50000, 0x000000009a2c0000)
  eden space 33856K, 100% used [0x0000000085600000, 0x0000000087710000, 0x0000000087710000)
  from space 4224K,   0% used [0x0000000087710000, 0x00000000877178d0, 0x0000000087b30000)
  to   space 4224K,   0% used [0x0000000087b30000, 0x0000000087b30000, 0x0000000087f50000)
 concurrent mark-sweep generation total 137704K, used 83173K [0x000000009a2c0000, 0x00000000a293a000, 0x0000000100000000)
 Metaspace       used 111740K, capacity 118337K, committed 120492K, reserved 1155072K
  class space    used 13542K, capacity 14759K, committed 15328K, reserved 1048576K
2021-02-02T16:34:46.013+0000: 534652.887: [GC (Allocation Failure) 2021-02-02T16:34:46.013+0000: 534652.887: [ParNew
Desired survivor size 2162688 bytes, new threshold 6 (max 6)
- age   1:      26032 bytes,      26032 total
- age   2:        120 bytes,      26152 total
- age   3:         32 bytes,      26184 total
: 33886K->29K(38080K), 0.0055218 secs] 117059K->83203K(175784K), 0.0058456 secs] [Times: user=0.02 sys=0.00, real=0.00 secs] 
Heap after GC invocations=5495 (full 7):
 par new generation   total 38080K, used 29K [0x0000000085600000, 0x0000000087f50000, 0x000000009a2c0000)
  eden space 33856K,   0% used [0x0000000085600000, 0x0000000085600000, 0x0000000087710000)
  from space 4224K,   0% used [0x0000000087b30000, 0x0000000087b37608, 0x0000000087f50000)
  to   space 4224K,   0% used [0x0000000087710000, 0x0000000087710000, 0x0000000087b30000)
 concurrent mark-sweep generation total 137704K, used 83173K [0x000000009a2c0000, 0x00000000a293a000, 0x0000000100000000)
 Metaspace       used 111740K, capacity 118337K, committed 120492K, reserved 1155072K
  class space    used 13542K, capacity 14759K, committed 15328K, reserved 1048576K
}
2021-02-02T16:34:46.019+0000: 534652.893: Total time for which application threads were stopped: 0.0067995 seconds, Stopping threads took: 0.0002873 seconds
{Heap before GC invocations=5495 (full 7):
 par new generation   total 38080K, used 33885K [0x0000000085600000, 0x0000000087f50000, 0x000000009a2c0000)
  eden space 33856K, 100% used [0x0000000085600000, 0x0000000087710000, 0x0000000087710000)
  from space 4224K,   0% used [0x0000000087b30000, 0x0000000087b37608, 0x0000000087f50000)
  to   space 4224K,   0% used [0x0000000087710000, 0x0000000087710000, 0x0000000087b30000)
 concurrent mark-sweep generation total 137704K, used 83173K [0x000000009a2c0000, 0x00000000a293a000, 0x0000000100000000)
 Metaspace       used 111740K, capacity 118337K, committed 120492K, reserved 1155072K
  class space    used 13542K, capacity 14759K, committed 15328K, reserved 1048576K
2021-02-02T16:36:34.954+0000: 534761.828: [GC (Allocation Failure) 2021-02-02T16:36:34.954+0000: 534761.828: [ParNew
Desired survivor size 2162688 bytes, new threshold 6 (max 6)
- age   1:      25752 bytes,      25752 total
- age   2:         32 bytes,      25784 total
: 33885K->27K(38080K), 0.0059030 secs] 117059K->83201K(175784K), 0.0062468 secs] [Times: user=0.01 sys=0.01, real=0.00 secs] 
Heap after GC invocations=5496 (full 7):
 par new generation   total 38080K, used 27K [0x0000000085600000, 0x0000000087f50000, 0x000000009a2c0000)
  eden space 33856K,   0% used [0x0000000085600000, 0x0000000085600000, 0x0000000087710000)
  from space 4224K,   0% used [0x0000000087710000, 0x0000000087716df8, 0x0000000087b30000)
  to   space 4224K,   0% used [0x0000000087b30000, 0x0000000087b30000, 0x0000000087f50000)
 concurrent mark-sweep generation total 137704K, used 83173K [0x000000009a2c0000, 0x00000000a293a000, 0x0000000100000000)
 Metaspace       used 111740K, capacity 118337K, committed 120492K, reserved 1155072K
  class space    used 13542K, capacity 14759K, committed 15328K, reserved 1048576K
}
2021-02-02T16:36:34.960+0000: 534761.834: Total time for which application threads were stopped: 0.0069951 seconds, Stopping threads took: 0.0000773 seconds
{Heap before GC invocations=5496 (full 7):
 par new generation   total 38080K, used 33883K [0x0000000085600000, 0x0000000087f50000, 0x000000009a2c0000)
  eden space 33856K, 100% used [0x0000000085600000, 0x0000000087710000, 0x0000000087710000)
  from space 4224K,   0% used [0x0000000087710000, 0x0000000087716df8, 0x0000000087b30000)
  to   space 4224K,   0% used [0x0000000087b30000, 0x0000000087b30000, 0x0000000087f50000)
 concurrent mark-sweep generation total 137704K, used 83173K [0x000000009a2c0000, 0x00000000a293a000, 0x0000000100000000)
 Metaspace       used 111740K, capacity 118337K, committed 120492K, reserved 1155072K
  class space    used 13542K, capacity 14759K, committed 15328K, reserved 1048576K
2021-02-02T17:02:32.222+0000: 534875.236: [GC (Allocation Failure) 2021-02-02T17:02:32.222+0000: 534875.236: [ParNew
Desired survivor size 2162688 bytes, new threshold 6 (max 6)
- age   1:      29944 bytes,      29944 total
- age   2:        152 bytes,      30096 total
- age   3:         32 bytes,      30128 total
: 33883K->35K(38080K), 0.0117390 secs] 117057K->83209K(175784K), 0.0121990 secs] [Times: user=0.03 sys=0.00, real=0.02 secs] 
Heap after GC invocations=5497 (full 7):
 par new generation   total 38080K, used 35K [0x0000000085600000, 0x0000000087f50000, 0x000000009a2c0000)
  eden space 33856K,   0% used [0x0000000085600000, 0x0000000085600000, 0x0000000087710000)
  from space 4224K,   0% used [0x0000000087b30000, 0x0000000087b38eb0, 0x0000000087f50000)
  to   space 4224K,   0% used [0x0000000087710000, 0x0000000087710000, 0x0000000087b30000)
 concurrent mark-sweep generation total 137704K, used 83173K [0x000000009a2c0000, 0x00000000a293a000, 0x0000000100000000)
 Metaspace       used 111740K, capacity 118337K, committed 120492K, reserved 1155072K
  class space    used 13542K, capacity 14759K, committed 15328K, reserved 1048576K
}
2021-02-02T17:02:32.235+0000: 534875.248: Total time for which application threads were stopped: 0.0130701 seconds, Stopping threads took: 0.0001028 seconds
{Heap before GC invocations=5497 (full 7):
 par new generation   total 38080K, used 33891K [0x0000000085600000, 0x0000000087f50000, 0x000000009a2c0000)
  eden space 33856K, 100% used [0x0000000085600000, 0x0000000087710000, 0x0000000087710000)
  from space 4224K,   0% used [0x0000000087b30000, 0x0000000087b38eb0, 0x0000000087f50000)
  to   space 4224K,   0% used [0x0000000087710000, 0x0000000087710000, 0x0000000087b30000)
 concurrent mark-sweep generation total 137704K, used 83173K [0x000000009a2c0000, 0x00000000a293a000, 0x0000000100000000)
 Metaspace       used 111740K, capacity 118337K, committed 120492K, reserved 1155072K
  class space    used 13542K, capacity 14759K, committed 15328K, reserved 1048576K
2021-02-02T17:04:19.391+0000: 534982.405: [GC (Allocation Failure) 2021-02-02T17:04:19.391+0000: 534982.405: [ParNew
Desired survivor size 2162688 bytes, new threshold 6 (max 6)
- age   1:      63664 bytes,      63664 total
- age   2:         32 bytes,      63696 total
- age   3:         32 bytes,      63728 total
- age   4:         32 bytes,      63760 total
: 33891K->65K(38080K), 0.0047110 secs] 117065K->83239K(175784K), 0.0050400 secs] [Times: user=0.01 sys=0.00, real=0.00 secs] 
Heap after GC invocations=5498 (full 7):
 par new generation   total 38080K, used 65K [0x0000000085600000, 0x0000000087f50000, 0x000000009a2c0000)
  eden space 33856K,   0% used [0x0000000085600000, 0x0000000085600000, 0x0000000087710000)
  from space 4224K,   1% used [0x0000000087710000, 0x00000000877205d0, 0x0000000087b30000)
  to   space 4224K,   0% used [0x0000000087b30000, 0x0000000087b30000, 0x0000000087f50000)
 concurrent mark-sweep generation total 137704K, used 83173K [0x000000009a2c0000, 0x00000000a293a000, 0x0000000100000000)
 Metaspace       used 111740K, capacity 118337K, committed 120492K, reserved 1155072K
  class space    used 13542K, capacity 14759K, committed 15328K, reserved 1048576K
}
2021-02-02T17:04:19.397+0000: 534982.410: Total time for which application threads were stopped: 0.0057898 seconds, Stopping threads took: 0.0000666 seconds
{Heap before GC invocations=5498 (full 7):
 par new generation   total 38080K, used 33921K [0x0000000085600000, 0x0000000087f50000, 0x000000009a2c0000)
  eden space 33856K, 100% used [0x0000000085600000, 0x0000000087710000, 0x0000000087710000)
  from space 4224K,   1% used [0x0000000087710000, 0x00000000877205d0, 0x0000000087b30000)
  to   space 4224K,   0% used [0x0000000087b30000, 0x0000000087b30000, 0x0000000087f50000)
 concurrent mark-sweep generation total 137704K, used 83173K [0x000000009a2c0000, 0x00000000a293a000, 0x0000000100000000)
 Metaspace       used 111740K, capacity 118337K, committed 120492K, reserved 1155072K
  class space    used 13542K, capacity 14759K, committed 15328K, reserved 1048576K
2021-02-02T17:06:06.136+0000: 535089.149: [GC (Allocation Failure) 2021-02-02T17:06:06.136+0000: 535089.150: [ParNew
Desired survivor size 2162688 bytes, new threshold 6 (max 6)
- age   1:     129328 bytes,     129328 total
- age   2:        120 bytes,     129448 total
- age   4:         32 bytes,     129480 total
- age   5:         32 bytes,     129512 total
: 33921K->130K(38080K), 0.0116914 secs] 117095K->83304K(175784K), 0.0120402 secs] [Times: user=0.02 sys=0.01, real=0.01 secs] 
Heap after GC invocations=5499 (full 7):
 par new generation   total 38080K, used 130K [0x0000000085600000, 0x0000000087f50000, 0x000000009a2c0000)
  eden space 33856K,   0% used [0x0000000085600000, 0x0000000085600000, 0x0000000087710000)
  from space 4224K,   3% used [0x0000000087b30000, 0x0000000087b50a30, 0x0000000087f50000)
  to   space 4224K,   0% used [0x0000000087710000, 0x0000000087710000, 0x0000000087b30000)
 concurrent mark-sweep generation total 137704K, used 83173K [0x000000009a2c0000, 0x00000000a293a000, 0x0000000100000000)
 Metaspace       used 111740K, capacity 118337K, committed 120492K, reserved 1155072K
  class space    used 13542K, capacity 14759K, committed 15328K, reserved 1048576K
}
2021-02-02T17:06:06.148+0000: 535089.162: Total time for which application threads were stopped: 0.0134542 seconds, Stopping threads took: 0.0006722 seconds
{Heap before GC invocations=5499 (full 7):
 par new generation   total 38080K, used 33986K [0x0000000085600000, 0x0000000087f50000, 0x000000009a2c0000)
  eden space 33856K, 100% used [0x0000000085600000, 0x0000000087710000, 0x0000000087710000)
  from space 4224K,   3% used [0x0000000087b30000, 0x0000000087b50a30, 0x0000000087f50000)
  to   space 4224K,   0% used [0x0000000087710000, 0x0000000087710000, 0x0000000087b30000)
 concurrent mark-sweep generation total 137704K, used 83173K [0x000000009a2c0000, 0x00000000a293a000, 0x0000000100000000)
 Metaspace       used 111740K, capacity 118337K, committed 120492K, reserved 1155072K
  class space    used 13542K, capacity 14759K, committed 15328K, reserved 1048576K
2021-02-02T17:07:56.120+0000: 535199.133: [GC (Allocation Failure) 2021-02-02T17:07:56.120+0000: 535199.133: [ParNew
Desired survivor size 2162688 bytes, new threshold 6 (max 6)
- age   1:      25768 bytes,      25768 total
- age   2:         48 bytes,      25816 total
- age   5:         32 bytes,      25848 total
: 33986K->30K(38080K), 0.0055360 secs] 117160K->83203K(175784K), 0.0058435 secs] [Times: user=0.02 sys=0.00, real=0.01 secs] 
Heap after GC invocations=5500 (full 7):
 par new generation   total 38080K, used 30K [0x0000000085600000, 0x0000000087f50000, 0x000000009a2c0000)
  eden space 33856K,   0% used [0x0000000085600000, 0x0000000085600000, 0x0000000087710000)
  from space 4224K,   0% used [0x0000000087710000, 0x00000000877178a0, 0x0000000087b30000)
  to   space 4224K,   0% used [0x0000000087b30000, 0x0000000087b30000, 0x0000000087f50000)
 concurrent mark-sweep generation total 137704K, used 83173K [0x000000009a2c0000, 0x00000000a293a000, 0x0000000100000000)
 Metaspace       used 111740K, capacity 118337K, committed 120492K, reserved 1155072K
  class space    used 13542K, capacity 14759K, committed 15328K, reserved 1048576K
}
2021-02-02T17:07:56.126+0000: 535199.139: Total time for which application threads were stopped: 0.0101380 seconds, Stopping threads took: 0.0034797 seconds
{Heap before GC invocations=5500 (full 7):
 par new generation   total 38080K, used 33886K [0x0000000085600000, 0x0000000087f50000, 0x000000009a2c0000)
  eden space 33856K, 100% used [0x0000000085600000, 0x0000000087710000, 0x0000000087710000)
  from space 4224K,   0% used [0x0000000087710000, 0x00000000877178a0, 0x0000000087b30000)
  to   space 4224K,   0% used [0x0000000087b30000, 0x0000000087b30000, 0x0000000087f50000)
 concurrent mark-sweep generation total 137704K, used 83173K [0x000000009a2c0000, 0x00000000a293a000, 0x0000000100000000)
 Metaspace       used 111740K, capacity 118337K, committed 120492K, reserved 1155072K
  class space    used 13542K, capacity 14759K, committed 15328K, reserved 1048576K
2021-02-02T17:09:44.768+0000: 535307.781: [GC (Allocation Failure) 2021-02-02T17:09:44.768+0000: 535307.781: [ParNew
Desired survivor size 2162688 bytes, new threshold 6 (max 6)
- age   1:      26024 bytes,      26024 total
- age   2:        120 bytes,      26144 total
- age   6:         32 bytes,      26176 total
: 33886K->29K(38080K), 0.0047896 secs] 117059K->83203K(175784K), 0.0050955 secs] [Times: user=0.01 sys=0.00, real=0.01 secs] 
Heap after GC invocations=5501 (full 7):
 par new generation   total 38080K, used 29K [0x0000000085600000, 0x0000000087f50000, 0x000000009a2c0000)
  eden space 33856K,   0% used [0x0000000085600000, 0x0000000085600000, 0x0000000087710000)
  from space 4224K,   0% used [0x0000000087b30000, 0x0000000087b37680, 0x0000000087f50000)
  to   space 4224K,   0% used [0x0000000087710000, 0x0000000087710000, 0x0000000087b30000)
 concurrent mark-sweep generation total 137704K, used 83173K [0x000000009a2c0000, 0x00000000a293a000, 0x0000000100000000)
 Metaspace       used 111740K, capacity 118337K, committed 120492K, reserved 1155072K
  class space    used 13542K, capacity 14759K, committed 15328K, reserved 1048576K
}
2021-02-02T17:09:44.773+0000: 535307.787: Total time for which application threads were stopped: 0.0057469 seconds, Stopping threads took: 0.0000684 seconds
{Heap before GC invocations=5501 (full 7):
 par new generation   total 38080K, used 33885K [0x0000000085600000, 0x0000000087f50000, 0x000000009a2c0000)
  eden space 33856K, 100% used [0x0000000085600000, 0x0000000087710000, 0x0000000087710000)
  from space 4224K,   0% used [0x0000000087b30000, 0x0000000087b37680, 0x0000000087f50000)
  to   space 4224K,   0% used [0x0000000087710000, 0x0000000087710000, 0x0000000087b30000)
 concurrent mark-sweep generation total 137704K, used 83173K [0x000000009a2c0000, 0x00000000a293a000, 0x0000000100000000)
 Metaspace       used 111740K, capacity 118337K, committed 120492K, reserved 1155072K
  class space    used 13542K, capacity 14759K, committed 15328K, reserved 1048576K
2021-02-02T17:11:35.285+0000: 535418.298: [GC (Allocation Failure) 2021-02-02T17:11:35.285+0000: 535418.298: [ParNew
Desired survivor size 2162688 bytes, new threshold 6 (max 6)
- age   1:      95560 bytes,      95560 total
- age   2:        152 bytes,      95712 total
: 33885K->98K(38080K), 0.0095247 secs] 117059K->83272K(175784K), 0.0098147 secs] [Times: user=0.02 sys=0.00, real=0.01 secs] 
Heap after GC invocations=5502 (full 7):
 par new generation   total 38080K, used 98K [0x0000000085600000, 0x0000000087f50000, 0x000000009a2c0000)
  eden space 33856K,   0% used [0x0000000085600000, 0x0000000085600000, 0x0000000087710000)
  from space 4224K,   2% used [0x0000000087710000, 0x0000000087728ba0, 0x0000000087b30000)
  to   space 4224K,   0% used [0x0000000087b30000, 0x0000000087b30000, 0x0000000087f50000)
 concurrent mark-sweep generation total 137704K, used 83173K [0x000000009a2c0000, 0x00000000a293a000, 0x0000000100000000)
 Metaspace       used 111740K, capacity 118337K, committed 120492K, reserved 1155072K
  class space    used 13542K, capacity 14759K, committed 15328K, reserved 1048576K
}
2021-02-02T17:11:35.295+0000: 535418.308: Total time for which application threads were stopped: 0.0107923 seconds, Stopping threads took: 0.0000988 seconds
{Heap before GC invocations=5502 (full 7):
 par new generation   total 38080K, used 33954K [0x0000000085600000, 0x0000000087f50000, 0x000000009a2c0000)
  eden space 33856K, 100% used [0x0000000085600000, 0x0000000087710000, 0x0000000087710000)
  from space 4224K,   2% used [0x0000000087710000, 0x0000000087728ba0, 0x0000000087b30000)
  to   space 4224K,   0% used [0x0000000087b30000, 0x0000000087b30000, 0x0000000087f50000)
 concurrent mark-sweep generation total 137704K, used 83173K [0x000000009a2c0000, 0x00000000a293a000, 0x0000000100000000)
 Metaspace       used 111740K, capacity 118337K, committed 120492K, reserved 1155072K
  class space    used 13542K, capacity 14759K, committed 15328K, reserved 1048576K
2021-02-02T17:49:03.893+0000: 535529.843: [GC (Allocation Failure) 2021-02-02T17:49:03.893+0000: 535529.843: [ParNew
Desired survivor size 2162688 bytes, new threshold 6 (max 6)
- age   1:      30128 bytes,      30128 total
- age   2:         32 bytes,      30160 total
: 33954K->40K(38080K), 0.0054041 secs] 117128K->83213K(175784K), 0.0055706 secs] [Times: user=0.01 sys=0.00, real=0.01 secs] 
Heap after GC invocations=5503 (full 7):
 par new generation   total 38080K, used 40K [0x0000000085600000, 0x0000000087f50000, 0x000000009a2c0000)
  eden space 33856K,   0% used [0x0000000085600000, 0x0000000085600000, 0x0000000087710000)
  from space 4224K,   0% used [0x0000000087b30000, 0x0000000087b3a090, 0x0000000087f50000)
  to   space 4224K,   0% used [0x0000000087710000, 0x0000000087710000, 0x0000000087b30000)
 concurrent mark-sweep generation total 137704K, used 83173K [0x000000009a2c0000, 0x00000000a293a000, 0x0000000100000000)
 Metaspace       used 111740K, capacity 118337K, committed 120492K, reserved 1155072K
  class space    used 13542K, capacity 14759K, committed 15328K, reserved 1048576K
}
2021-02-02T17:49:03.899+0000: 535529.848: Total time for which application threads were stopped: 0.0058817 seconds, Stopping threads took: 0.0000344 seconds
{Heap before GC invocations=5503 (full 7):
 par new generation   total 38080K, used 33896K [0x0000000085600000, 0x0000000087f50000, 0x000000009a2c0000)
  eden space 33856K, 100% used [0x0000000085600000, 0x0000000087710000, 0x0000000087710000)
  from space 4224K,   0% used [0x0000000087b30000, 0x0000000087b3a090, 0x0000000087f50000)
  to   space 4224K,   0% used [0x0000000087710000, 0x0000000087710000, 0x0000000087b30000)
 concurrent mark-sweep generation total 137704K, used 83173K [0x000000009a2c0000, 0x00000000a293a000, 0x0000000100000000)
 Metaspace       used 111740K, capacity 118337K, committed 120492K, reserved 1155072K
  class space    used 13542K, capacity 14759K, committed 15328K, reserved 1048576K
2021-02-02T17:50:52.187+0000: 535638.137: [GC (Allocation Failure) 2021-02-02T17:50:52.187+0000: 535638.137: [ParNew
Desired survivor size 2162688 bytes, new threshold 6 (max 6)
- age   1:      64072 bytes,      64072 total
- age   2:        120 bytes,      64192 total
: 33896K->69K(38080K), 0.0116931 secs] 117069K->83242K(175784K), 0.0121239 secs] [Times: user=0.02 sys=0.00, real=0.02 secs] 
Heap after GC invocations=5504 (full 7):
 par new generation   total 38080K, used 69K [0x0000000085600000, 0x0000000087f50000, 0x000000009a2c0000)
  eden space 33856K,   0% used [0x0000000085600000, 0x0000000085600000, 0x0000000087710000)
  from space 4224K,   1% used [0x0000000087710000, 0x0000000087721548, 0x0000000087b30000)
  to   space 4224K,   0% used [0x0000000087b30000, 0x0000000087b30000, 0x0000000087f50000)
 concurrent mark-sweep generation total 137704K, used 83173K [0x000000009a2c0000, 0x00000000a293a000, 0x0000000100000000)
 Metaspace       used 111740K, capacity 118337K, committed 120492K, reserved 1155072K
  class space    used 13542K, capacity 14759K, committed 15328K, reserved 1048576K
}
2021-02-02T17:50:52.199+0000: 535638.149: Total time for which application threads were stopped: 0.0129910 seconds, Stopping threads took: 0.0001414 seconds
{Heap before GC invocations=5504 (full 7):
 par new generation   total 38080K, used 33925K [0x0000000085600000, 0x0000000087f50000, 0x000000009a2c0000)
  eden space 33856K, 100% used [0x0000000085600000, 0x0000000087710000, 0x0000000087710000)
  from space 4224K,   1% used [0x0000000087710000, 0x0000000087721548, 0x0000000087b30000)
  to   space 4224K,   0% used [0x0000000087b30000, 0x0000000087b30000, 0x0000000087f50000)
 concurrent mark-sweep generation total 137704K, used 83173K [0x000000009a2c0000, 0x00000000a293a000, 0x0000000100000000)
 Metaspace       used 111740K, capacity 118337K, committed 120492K, reserved 1155072K
  class space    used 13542K, capacity 14759K, committed 15328K, reserved 1048576K
2021-02-02T17:52:40.978+0000: 535746.927: [GC (Allocation Failure) 2021-02-02T17:52:40.978+0000: 535746.927: [ParNew
Desired survivor size 2162688 bytes, new threshold 6 (max 6)
- age   1:     161264 bytes,     161264 total
- age   2:         32 bytes,     161296 total
: 33925K->161K(38080K), 0.0043295 secs] 117098K->83335K(175784K), 0.0044901 secs] [Times: user=0.01 sys=0.00, real=0.00 secs] 
Heap after GC invocations=5505 (full 7):
 par new generation   total 38080K, used 161K [0x0000000085600000, 0x0000000087f50000, 0x000000009a2c0000)
  eden space 33856K,   0% used [0x0000000085600000, 0x0000000085600000, 0x0000000087710000)
  from space 4224K,   3% used [0x0000000087b30000, 0x0000000087b587b8, 0x0000000087f50000)
  to   space 4224K,   0% used [0x0000000087710000, 0x0000000087710000, 0x0000000087b30000)
 concurrent mark-sweep generation total 137704K, used 83173K [0x000000009a2c0000, 0x00000000a293a000, 0x0000000100000000)
 Metaspace       used 111740K, capacity 118337K, committed 120492K, reserved 1155072K
  class space    used 13542K, capacity 14759K, committed 15328K, reserved 1048576K
}
2021-02-02T17:52:40.982+0000: 535746.932: Total time for which application threads were stopped: 0.0048309 seconds, Stopping threads took: 0.0000398 seconds
{Heap before GC invocations=5505 (full 7):
 par new generation   total 38080K, used 34017K [0x0000000085600000, 0x0000000087f50000, 0x000000009a2c0000)
  eden space 33856K, 100% used [0x0000000085600000, 0x0000000087710000, 0x0000000087710000)
  from space 4224K,   3% used [0x0000000087b30000, 0x0000000087b587b8, 0x0000000087f50000)
  to   space 4224K,   0% used [0x0000000087710000, 0x0000000087710000, 0x0000000087b30000)
 concurrent mark-sweep generation total 137704K, used 83173K [0x000000009a2c0000, 0x00000000a293a000, 0x0000000100000000)
 Metaspace       used 111740K, capacity 118337K, committed 120492K, reserved 1155072K
  class space    used 13542K, capacity 14759K, committed 15328K, reserved 1048576K
2021-02-02T17:54:31.037+0000: 535856.987: [GC (Allocation Failure) 2021-02-02T17:54:31.037+0000: 535856.987: [ParNew
Desired survivor size 2162688 bytes, new threshold 6 (max 6)
- age   1:      25880 bytes,      25880 total
- age   2:        120 bytes,      26000 total
- age   3:         32 bytes,      26032 total
: 34017K->27K(38080K), 0.0058495 secs] 117191K->83201K(175784K), 0.0061034 secs] [Times: user=0.02 sys=0.00, real=0.00 secs] 
Heap after GC invocations=5506 (full 7):
 par new generation   total 38080K, used 27K [0x0000000085600000, 0x0000000087f50000, 0x000000009a2c0000)
  eden space 33856K,   0% used [0x0000000085600000, 0x0000000085600000, 0x0000000087710000)
  from space 4224K,   0% used [0x0000000087710000, 0x0000000087716fb0, 0x0000000087b30000)
  to   space 4224K,   0% used [0x0000000087b30000, 0x0000000087b30000, 0x0000000087f50000)
 concurrent mark-sweep generation total 137704K, used 83173K [0x000000009a2c0000, 0x00000000a293a000, 0x0000000100000000)
 Metaspace       used 111740K, capacity 118337K, committed 120492K, reserved 1155072K
  class space    used 13542K, capacity 14759K, committed 15328K, reserved 1048576K
}
2021-02-02T17:54:31.043+0000: 535856.993: Total time for which application threads were stopped: 0.0067554 seconds, Stopping threads took: 0.0000896 seconds
{Heap before GC invocations=5506 (full 7):
 par new generation   total 38080K, used 33883K [0x0000000085600000, 0x0000000087f50000, 0x000000009a2c0000)
  eden space 33856K, 100% used [0x0000000085600000, 0x0000000087710000, 0x0000000087710000)
  from space 4224K,   0% used [0x0000000087710000, 0x0000000087716fb0, 0x0000000087b30000)
  to   space 4224K,   0% used [0x0000000087b30000, 0x0000000087b30000, 0x0000000087f50000)
 concurrent mark-sweep generation total 137704K, used 83173K [0x000000009a2c0000, 0x00000000a293a000, 0x0000000100000000)
 Metaspace       used 111740K, capacity 118337K, committed 120492K, reserved 1155072K
  class space    used 13542K, capacity 14759K, committed 15328K, reserved 1048576K
2021-02-02T17:56:20.619+0000: 535966.569: [GC (Allocation Failure) 2021-02-02T17:56:20.619+0000: 535966.569: [ParNew
Desired survivor size 2162688 bytes, new threshold 6 (max 6)
- age   1:      25912 bytes,      25912 total
- age   2:        120 bytes,      26032 total
: 33883K->31K(38080K), 0.0061900 secs] 117057K->83205K(175784K), 0.0065204 secs] [Times: user=0.02 sys=0.01, real=0.00 secs] 
Heap after GC invocations=5507 (full 7):
 par new generation   total 38080K, used 31K [0x0000000085600000, 0x0000000087f50000, 0x000000009a2c0000)
  eden space 33856K,   0% used [0x0000000085600000, 0x0000000085600000, 0x0000000087710000)
  from space 4224K,   0% used [0x0000000087b30000, 0x0000000087b37e18, 0x0000000087f50000)
  to   space 4224K,   0% used [0x0000000087710000, 0x0000000087710000, 0x0000000087b30000)
 concurrent mark-sweep generation total 137704K, used 83173K [0x000000009a2c0000, 0x00000000a293a000, 0x0000000100000000)
 Metaspace       used 111740K, capacity 118337K, committed 120492K, reserved 1155072K
  class space    used 13542K, capacity 14759K, committed 15328K, reserved 1048576K
}
2021-02-02T17:56:20.626+0000: 535966.575: Total time for which application threads were stopped: 0.0073737 seconds, Stopping threads took: 0.0001777 seconds
{Heap before GC invocations=5507 (full 7):
 par new generation   total 38080K, used 33887K [0x0000000085600000, 0x0000000087f50000, 0x000000009a2c0000)
  eden space 33856K, 100% used [0x0000000085600000, 0x0000000087710000, 0x0000000087710000)
  from space 4224K,   0% used [0x0000000087b30000, 0x0000000087b37e18, 0x0000000087f50000)
  to   space 4224K,   0% used [0x0000000087710000, 0x0000000087710000, 0x0000000087b30000)
 concurrent mark-sweep generation total 137704K, used 83173K [0x000000009a2c0000, 0x00000000a293a000, 0x0000000100000000)
 Metaspace       used 111740K, capacity 118337K, committed 120492K, reserved 1155072K
  class space    used 13542K, capacity 14759K, committed 15328K, reserved 1048576K
2021-02-02T17:58:11.925+0000: 536077.875: [GC (Allocation Failure) 2021-02-02T17:58:11.925+0000: 536077.875: [ParNew
Desired survivor size 2162688 bytes, new threshold 6 (max 6)
- age   1:      30688 bytes,      30688 total
- age   2:         64 bytes,      30752 total
: 33887K->33K(38080K), 0.0099066 secs] 117061K->83207K(175784K), 0.0102019 secs] [Times: user=0.02 sys=0.00, real=0.02 secs] 
Heap after GC invocations=5508 (full 7):
 par new generation   total 38080K, used 33K [0x0000000085600000, 0x0000000087f50000, 0x000000009a2c0000)
  eden space 33856K,   0% used [0x0000000085600000, 0x0000000085600000, 0x0000000087710000)
  from space 4224K,   0% used [0x0000000087710000, 0x0000000087718628, 0x0000000087b30000)
  to   space 4224K,   0% used [0x0000000087b30000, 0x0000000087b30000, 0x0000000087f50000)
 concurrent mark-sweep generation total 137704K, used 83173K [0x000000009a2c0000, 0x00000000a293a000, 0x0000000100000000)
 Metaspace       used 111740K, capacity 118337K, committed 120492K, reserved 1155072K
  class space    used 13542K, capacity 14759K, committed 15328K, reserved 1048576K
}
2021-02-02T17:58:11.936+0000: 536077.885: Total time for which application threads were stopped: 0.0110935 seconds, Stopping threads took: 0.0001845 seconds
{Heap before GC invocations=5508 (full 7):
 par new generation   total 38080K, used 33889K [0x0000000085600000, 0x0000000087f50000, 0x000000009a2c0000)
  eden space 33856K, 100% used [0x0000000085600000, 0x0000000087710000, 0x0000000087710000)
  from space 4224K,   0% used [0x0000000087710000, 0x0000000087718628, 0x0000000087b30000)
  to   space 4224K,   0% used [0x0000000087b30000, 0x0000000087b30000, 0x0000000087f50000)
 concurrent mark-sweep generation total 137704K, used 83173K [0x000000009a2c0000, 0x00000000a293a000, 0x0000000100000000)
 Metaspace       used 111740K, capacity 118337K, committed 120492K, reserved 1155072K
  class space    used 13542K, capacity 14759K, committed 15328K, reserved 1048576K
2021-02-02T17:59:59.371+0000: 536185.321: [GC (Allocation Failure) 2021-02-02T17:59:59.371+0000: 536185.321: [ParNew
Desired survivor size 2162688 bytes, new threshold 6 (max 6)
- age   1:      63600 bytes,      63600 total
- age   2:        152 bytes,      63752 total
- age   3:         64 bytes,      63816 total
: 33889K->63K(38080K), 0.0040038 secs] 117063K->83237K(175784K), 0.0041323 secs] [Times: user=0.00 sys=0.00, real=0.01 secs] 
Heap after GC invocations=5509 (full 7):
 par new generation   total 38080K, used 63K [0x0000000085600000, 0x0000000087f50000, 0x000000009a2c0000)
  eden space 33856K,   0% used [0x0000000085600000, 0x0000000085600000, 0x0000000087710000)
  from space 4224K,   1% used [0x0000000087b30000, 0x0000000087b3feb8, 0x0000000087f50000)
  to   space 4224K,   0% used [0x0000000087710000, 0x0000000087710000, 0x0000000087b30000)
 concurrent mark-sweep generation total 137704K, used 83173K [0x000000009a2c0000, 0x00000000a293a000, 0x0000000100000000)
 Metaspace       used 111740K, capacity 118337K, committed 120492K, reserved 1155072K
  class space    used 13542K, capacity 14759K, committed 15328K, reserved 1048576K
}
2021-02-02T17:59:59.376+0000: 536185.325: Total time for which application threads were stopped: 0.0046743 seconds, Stopping threads took: 0.0000490 seconds
{Heap before GC invocations=5509 (full 7):
 par new generation   total 38080K, used 33919K [0x0000000085600000, 0x0000000087f50000, 0x000000009a2c0000)
  eden space 33856K, 100% used [0x0000000085600000, 0x0000000087710000, 0x0000000087710000)
  from space 4224K,   1% used [0x0000000087b30000, 0x0000000087b3feb8, 0x0000000087f50000)
  to   space 4224K,   0% used [0x0000000087710000, 0x0000000087710000, 0x0000000087b30000)
 concurrent mark-sweep generation total 137704K, used 83173K [0x000000009a2c0000, 0x00000000a293a000, 0x0000000100000000)
 Metaspace       used 111740K, capacity 118337K, committed 120492K, reserved 1155072K
  class space    used 13542K, capacity 14759K, committed 15328K, reserved 1048576K
2021-02-02T18:01:46.737+0000: 536292.687: [GC (Allocation Failure) 2021-02-02T18:01:46.737+0000: 536292.687: [ParNew
Desired survivor size 2162688 bytes, new threshold 6 (max 6)
- age   1:      97536 bytes,      97536 total
- age   2:        120 bytes,      97656 total
- age   4:         32 bytes,      97688 total
: 33919K->99K(38080K), 0.0080709 secs] 117093K->83272K(175784K), 0.0083833 secs] [Times: user=0.02 sys=0.00, real=0.00 secs] 
Heap after GC invocations=5510 (full 7):
 par new generation   total 38080K, used 99K [0x0000000085600000, 0x0000000087f50000, 0x000000009a2c0000)
  eden space 33856K,   0% used [0x0000000085600000, 0x0000000085600000, 0x0000000087710000)
  from space 4224K,   2% used [0x0000000087710000, 0x0000000087728cc8, 0x0000000087b30000)
  to   space 4224K,   0% used [0x0000000087b30000, 0x0000000087b30000, 0x0000000087f50000)
 concurrent mark-sweep generation total 137704K, used 83173K [0x000000009a2c0000, 0x00000000a293a000, 0x0000000100000000)
 Metaspace       used 111740K, capacity 118337K, committed 120492K, reserved 1155072K
  class space    used 13542K, capacity 14759K, committed 15328K, reserved 1048576K
}
2021-02-02T18:01:46.746+0000: 536292.695: Total time for which application threads were stopped: 0.0090581 seconds, Stopping threads took: 0.0000677 seconds
{Heap before GC invocations=5510 (full 7):
 par new generation   total 38080K, used 33955K [0x0000000085600000, 0x0000000087f50000, 0x000000009a2c0000)
  eden space 33856K, 100% used [0x0000000085600000, 0x0000000087710000, 0x0000000087710000)
  from space 4224K,   2% used [0x0000000087710000, 0x0000000087728cc8, 0x0000000087b30000)
  to   space 4224K,   0% used [0x0000000087b30000, 0x0000000087b30000, 0x0000000087f50000)
 concurrent mark-sweep generation total 137704K, used 83173K [0x000000009a2c0000, 0x00000000a293a000, 0x0000000100000000)
 Metaspace       used 111740K, capacity 118337K, committed 120492K, reserved 1155072K
  class space    used 13542K, capacity 14759K, committed 15328K, reserved 1048576K
2021-02-02T18:03:35.709+0000: 536401.659: [GC (Allocation Failure) 2021-02-02T18:03:35.709+0000: 536401.659: [ParNew
Desired survivor size 2162688 bytes, new threshold 6 (max 6)
- age   1:      26008 bytes,      26008 total
- age   2:         80 bytes,      26088 total
- age   5:         32 bytes,      26120 total
: 33955K->29K(38080K), 0.0062877 secs] 117128K->83203K(175784K), 0.0066699 secs] [Times: user=0.02 sys=0.00, real=0.01 secs] 
Heap after GC invocations=5511 (full 7):
 par new generation   total 38080K, used 29K [0x0000000085600000, 0x0000000087f50000, 0x000000009a2c0000)
  eden space 33856K,   0% used [0x0000000085600000, 0x0000000085600000, 0x0000000087710000)
  from space 4224K,   0% used [0x0000000087b30000, 0x0000000087b376f8, 0x0000000087f50000)
  to   space 4224K,   0% used [0x0000000087710000, 0x0000000087710000, 0x0000000087b30000)
 concurrent mark-sweep generation total 137704K, used 83173K [0x000000009a2c0000, 0x00000000a293a000, 0x0000000100000000)
 Metaspace       used 111740K, capacity 118337K, committed 120492K, reserved 1155072K
  class space    used 13542K, capacity 14759K, committed 15328K, reserved 1048576K
}
2021-02-02T18:03:35.716+0000: 536401.666: Total time for which application threads were stopped: 0.0081595 seconds, Stopping threads took: 0.0007676 seconds
{Heap before GC invocations=5511 (full 7):
 par new generation   total 38080K, used 33885K [0x0000000085600000, 0x0000000087f50000, 0x000000009a2c0000)
  eden space 33856K, 100% used [0x0000000085600000, 0x0000000087710000, 0x0000000087710000)
  from space 4224K,   0% used [0x0000000087b30000, 0x0000000087b376f8, 0x0000000087f50000)
  to   space 4224K,   0% used [0x0000000087710000, 0x0000000087710000, 0x0000000087b30000)
 concurrent mark-sweep generation total 137704K, used 83173K [0x000000009a2c0000, 0x00000000a293a000, 0x0000000100000000)
 Metaspace       used 111740K, capacity 118337K, committed 120492K, reserved 1155072K
  class space    used 13542K, capacity 14759K, committed 15328K, reserved 1048576K
2021-02-02T18:05:24.674+0000: 536510.624: [GC (Allocation Failure) 2021-02-02T18:05:24.675+0000: 536510.624: [ParNew
Desired survivor size 2162688 bytes, new threshold 6 (max 6)
- age   1:      25600 bytes,      25600 total
- age   2:        120 bytes,      25720 total
- age   6:         32 bytes,      25752 total
: 33885K->29K(38080K), 0.0053885 secs] 117059K->83203K(175784K), 0.0057294 secs] [Times: user=0.01 sys=0.00, real=0.01 secs] 
Heap after GC invocations=5512 (full 7):
 par new generation   total 38080K, used 29K [0x0000000085600000, 0x0000000087f50000, 0x000000009a2c0000)
  eden space 33856K,   0% used [0x0000000085600000, 0x0000000085600000, 0x0000000087710000)
  from space 4224K,   0% used [0x0000000087710000, 0x0000000087717680, 0x0000000087b30000)
  to   space 4224K,   0% used [0x0000000087b30000, 0x0000000087b30000, 0x0000000087f50000)
 concurrent mark-sweep generation total 137704K, used 83173K [0x000000009a2c0000, 0x00000000a293a000, 0x0000000100000000)
 Metaspace       used 111740K, capacity 118337K, committed 120492K, reserved 1155072K
  class space    used 13542K, capacity 14759K, committed 15328K, reserved 1048576K
}
2021-02-02T18:05:24.680+0000: 536510.630: Total time for which application threads were stopped: 0.0065931 seconds, Stopping threads took: 0.0002185 seconds
{Heap before GC invocations=5512 (full 7):
 par new generation   total 38080K, used 33885K [0x0000000085600000, 0x0000000087f50000, 0x000000009a2c0000)
  eden space 33856K, 100% used [0x0000000085600000, 0x0000000087710000, 0x0000000087710000)
  from space 4224K,   0% used [0x0000000087710000, 0x0000000087717680, 0x0000000087b30000)
  to   space 4224K,   0% used [0x0000000087b30000, 0x0000000087b30000, 0x0000000087f50000)
 concurrent mark-sweep generation total 137704K, used 83173K [0x000000009a2c0000, 0x00000000a293a000, 0x0000000100000000)
 Metaspace       used 111740K, capacity 118337K, committed 120492K, reserved 1155072K
  class space    used 13542K, capacity 14759K, committed 15328K, reserved 1048576K
2021-02-02T18:07:13.623+0000: 536619.573: [GC (Allocation Failure) 2021-02-02T18:07:13.623+0000: 536619.573: [ParNew
Desired survivor size 2162688 bytes, new threshold 6 (max 6)
- age   1:      62736 bytes,      62736 total
- age   2:        120 bytes,      62856 total
: 33885K->64K(38080K), 0.0137872 secs] 117059K->83237K(175784K), 0.0141297 secs] [Times: user=0.03 sys=0.00, real=0.02 secs] 
Heap after GC invocations=5513 (full 7):
 par new generation   total 38080K, used 64K [0x0000000085600000, 0x0000000087f50000, 0x000000009a2c0000)
  eden space 33856K,   0% used [0x0000000085600000, 0x0000000085600000, 0x0000000087710000)
  from space 4224K,   1% used [0x0000000087b30000, 0x0000000087b400c8, 0x0000000087f50000)
  to   space 4224K,   0% used [0x0000000087710000, 0x0000000087710000, 0x0000000087b30000)
 concurrent mark-sweep generation total 137704K, used 83173K [0x000000009a2c0000, 0x00000000a293a000, 0x0000000100000000)
 Metaspace       used 111740K, capacity 118337K, committed 120492K, reserved 1155072K
  class space    used 13542K, capacity 14759K, committed 15328K, reserved 1048576K
}
2021-02-02T18:07:13.637+0000: 536619.587: Total time for which application threads were stopped: 0.0148094 seconds, Stopping threads took: 0.0000777 seconds
{Heap before GC invocations=5513 (full 7):
 par new generation   total 38080K, used 33920K [0x0000000085600000, 0x0000000087f50000, 0x000000009a2c0000)
  eden space 33856K, 100% used [0x0000000085600000, 0x0000000087710000, 0x0000000087710000)
  from space 4224K,   1% used [0x0000000087b30000, 0x0000000087b400c8, 0x0000000087f50000)
  to   space 4224K,   0% used [0x0000000087710000, 0x0000000087710000, 0x0000000087b30000)
 concurrent mark-sweep generation total 137704K, used 83173K [0x000000009a2c0000, 0x00000000a293a000, 0x0000000100000000)
 Metaspace       used 111740K, capacity 118337K, committed 120492K, reserved 1155072K
  class space    used 13542K, capacity 14759K, committed 15328K, reserved 1048576K
2021-02-02T18:09:03.038+0000: 536728.988: [GC (Allocation Failure) 2021-02-02T18:09:03.038+0000: 536728.988: [ParNew
Desired survivor size 2162688 bytes, new threshold 6 (max 6)
- age   1:      65544 bytes,      65544 total
- age   2:      35424 bytes,     100968 total
: 33920K->101K(38080K), 0.0089890 secs] 117093K->83274K(175784K), 0.0092792 secs] [Times: user=0.02 sys=0.00, real=0.01 secs] 
Heap after GC invocations=5514 (full 7):
 par new generation   total 38080K, used 101K [0x0000000085600000, 0x0000000087f50000, 0x000000009a2c0000)
  eden space 33856K,   0% used [0x0000000085600000, 0x0000000085600000, 0x0000000087710000)
  from space 4224K,   2% used [0x0000000087710000, 0x00000000877294e0, 0x0000000087b30000)
  to   space 4224K,   0% used [0x0000000087b30000, 0x0000000087b30000, 0x0000000087f50000)
 concurrent mark-sweep generation total 137704K, used 83173K [0x000000009a2c0000, 0x00000000a293a000, 0x0000000100000000)
 Metaspace       used 111740K, capacity 118337K, committed 120492K, reserved 1155072K
  class space    used 13542K, capacity 14759K, committed 15328K, reserved 1048576K
}
2021-02-02T18:09:03.048+0000: 536728.997: Total time for which application threads were stopped: 0.0101203 seconds, Stopping threads took: 0.0000782 seconds
{Heap before GC invocations=5514 (full 7):
 par new generation   total 38080K, used 33957K [0x0000000085600000, 0x0000000087f50000, 0x000000009a2c0000)
  eden space 33856K, 100% used [0x0000000085600000, 0x0000000087710000, 0x0000000087710000)
  from space 4224K,   2% used [0x0000000087710000, 0x00000000877294e0, 0x0000000087b30000)
  to   space 4224K,   0% used [0x0000000087b30000, 0x0000000087b30000, 0x0000000087f50000)
 concurrent mark-sweep generation total 137704K, used 83173K [0x000000009a2c0000, 0x00000000a293a000, 0x0000000100000000)
 Metaspace       used 111740K, capacity 118337K, committed 120492K, reserved 1155072K
  class space    used 13542K, capacity 14759K, committed 15328K, reserved 1048576K
2021-02-02T18:10:49.934+0000: 536835.883: [GC (Allocation Failure) 2021-02-02T18:10:49.934+0000: 536835.884: [ParNew
Desired survivor size 2162688 bytes, new threshold 6 (max 6)
- age   1:      99288 bytes,      99288 total
- age   2:      33888 bytes,     133176 total
- age   3:      35104 bytes,     168280 total
: 33957K->170K(38080K), 0.0161034 secs] 117130K->83343K(175784K), 0.0164925 secs] [Times: user=0.03 sys=0.00, real=0.02 secs] 
Heap after GC invocations=5515 (full 7):
 par new generation   total 38080K, used 170K [0x0000000085600000, 0x0000000087f50000, 0x000000009a2c0000)
  eden space 33856K,   0% used [0x0000000085600000, 0x0000000085600000, 0x0000000087710000)
  from space 4224K,   4% used [0x0000000087b30000, 0x0000000087b5a960, 0x0000000087f50000)
  to   space 4224K,   0% used [0x0000000087710000, 0x0000000087710000, 0x0000000087b30000)
 concurrent mark-sweep generation total 137704K, used 83173K [0x000000009a2c0000, 0x00000000a293a000, 0x0000000100000000)
 Metaspace       used 111740K, capacity 118337K, committed 120492K, reserved 1155072K
  class space    used 13542K, capacity 14759K, committed 15328K, reserved 1048576K
}
2021-02-02T18:10:49.951+0000: 536835.900: Total time for which application threads were stopped: 0.0174836 seconds, Stopping threads took: 0.0002348 seconds
{Heap before GC invocations=5515 (full 7):
 par new generation   total 38080K, used 34026K [0x0000000085600000, 0x0000000087f50000, 0x000000009a2c0000)
  eden space 33856K, 100% used [0x0000000085600000, 0x0000000087710000, 0x0000000087710000)
  from space 4224K,   4% used [0x0000000087b30000, 0x0000000087b5a960, 0x0000000087f50000)
  to   space 4224K,   0% used [0x0000000087710000, 0x0000000087710000, 0x0000000087b30000)
 concurrent mark-sweep generation total 137704K, used 83173K [0x000000009a2c0000, 0x00000000a293a000, 0x0000000100000000)
 Metaspace       used 111740K, capacity 118337K, committed 120492K, reserved 1155072K
  class space    used 13542K, capacity 14759K, committed 15328K, reserved 1048576K
2021-02-02T18:12:38.292+0000: 536944.242: [GC (Allocation Failure) 2021-02-02T18:12:38.292+0000: 536944.242: [ParNew
Desired survivor size 2162688 bytes, new threshold 6 (max 6)
- age   1:      27592 bytes,      27592 total
- age   2:         88 bytes,      27680 total
- age   3:      33768 bytes,      61448 total
- age   4:      34848 bytes,      96296 total
: 34026K->102K(38080K), 0.0057515 secs] 117199K->83276K(175784K), 0.0061185 secs] [Times: user=0.02 sys=0.00, real=0.01 secs] 
Heap after GC invocations=5516 (full 7):
 par new generation   total 38080K, used 102K [0x0000000085600000, 0x0000000087f50000, 0x000000009a2c0000)
  eden space 33856K,   0% used [0x0000000085600000, 0x0000000085600000, 0x0000000087710000)
  from space 4224K,   2% used [0x0000000087710000, 0x0000000087729bd0, 0x0000000087b30000)
  to   space 4224K,   0% used [0x0000000087b30000, 0x0000000087b30000, 0x0000000087f50000)
 concurrent mark-sweep generation total 137704K, used 83173K [0x000000009a2c0000, 0x00000000a293a000, 0x0000000100000000)
 Metaspace       used 111740K, capacity 118337K, committed 120492K, reserved 1155072K
  class space    used 13542K, capacity 14759K, committed 15328K, reserved 1048576K
}
2021-02-02T18:12:38.298+0000: 536944.248: Total time for which application threads were stopped: 0.0070647 seconds, Stopping threads took: 0.0002093 seconds
{Heap before GC invocations=5516 (full 7):
 par new generation   total 38080K, used 33958K [0x0000000085600000, 0x0000000087f50000, 0x000000009a2c0000)
  eden space 33856K, 100% used [0x0000000085600000, 0x0000000087710000, 0x0000000087710000)
  from space 4224K,   2% used [0x0000000087710000, 0x0000000087729bd0, 0x0000000087b30000)
  to   space 4224K,   0% used [0x0000000087b30000, 0x0000000087b30000, 0x0000000087f50000)
 concurrent mark-sweep generation total 137704K, used 83173K [0x000000009a2c0000, 0x00000000a293a000, 0x0000000100000000)
 Metaspace       used 111740K, capacity 118337K, committed 120492K, reserved 1155072K
  class space    used 13542K, capacity 14759K, committed 15328K, reserved 1048576K
2021-02-02T18:14:26.753+0000: 537052.703: [GC (Allocation Failure) 2021-02-02T18:14:26.753+0000: 537052.703: [ParNew
Desired survivor size 2162688 bytes, new threshold 6 (max 6)
- age   1:      25624 bytes,      25624 total
- age   2:        120 bytes,      25744 total
- age   4:         32 bytes,      25776 total
- age   5:        360 bytes,      26136 total
: 33958K->27K(38080K), 0.0079448 secs] 117132K->83201K(175784K), 0.0082866 secs] [Times: user=0.02 sys=0.00, real=0.01 secs] 
Heap after GC invocations=5517 (full 7):
 par new generation   total 38080K, used 27K [0x0000000085600000, 0x0000000087f50000, 0x000000009a2c0000)
  eden space 33856K,   0% used [0x0000000085600000, 0x0000000085600000, 0x0000000087710000)
  from space 4224K,   0% used [0x0000000087b30000, 0x0000000087b36e70, 0x0000000087f50000)
  to   space 4224K,   0% used [0x0000000087710000, 0x0000000087710000, 0x0000000087b30000)
 concurrent mark-sweep generation total 137704K, used 83173K [0x000000009a2c0000, 0x00000000a293a000, 0x0000000100000000)
 Metaspace       used 111740K, capacity 118337K, committed 120492K, reserved 1155072K
  class space    used 13542K, capacity 14759K, committed 15328K, reserved 1048576K
}
2021-02-02T18:14:26.761+0000: 537052.711: Total time for which application threads were stopped: 0.0089809 seconds, Stopping threads took: 0.0000667 seconds
{Heap before GC invocations=5517 (full 7):
 par new generation   total 38080K, used 33883K [0x0000000085600000, 0x0000000087f50000, 0x000000009a2c0000)
  eden space 33856K, 100% used [0x0000000085600000, 0x0000000087710000, 0x0000000087710000)
  from space 4224K,   0% used [0x0000000087b30000, 0x0000000087b36e70, 0x0000000087f50000)
  to   space 4224K,   0% used [0x0000000087710000, 0x0000000087710000, 0x0000000087b30000)
 concurrent mark-sweep generation total 137704K, used 83173K [0x000000009a2c0000, 0x00000000a293a000, 0x0000000100000000)
 Metaspace       used 111740K, capacity 118337K, committed 120492K, reserved 1155072K
  class space    used 13542K, capacity 14759K, committed 15328K, reserved 1048576K
2021-02-02T18:16:15.306+0000: 537161.255: [GC (Allocation Failure) 2021-02-02T18:16:15.306+0000: 537161.256: [ParNew
Desired survivor size 2162688 bytes, new threshold 6 (max 6)
- age   1:      25936 bytes,      25936 total
- age   2:        120 bytes,      26056 total
- age   6:        360 bytes,      26416 total
: 33883K->29K(38080K), 0.0053421 secs] 117057K->83203K(175784K), 0.0056532 secs] [Times: user=0.02 sys=0.00, real=0.01 secs] 
Heap after GC invocations=5518 (full 7):
 par new generation   total 38080K, used 29K [0x0000000085600000, 0x0000000087f50000, 0x000000009a2c0000)
  eden space 33856K,   0% used [0x0000000085600000, 0x0000000085600000, 0x0000000087710000)
  from space 4224K,   0% used [0x0000000087710000, 0x0000000087717608, 0x0000000087b30000)
  to   space 4224K,   0% used [0x0000000087b30000, 0x0000000087b30000, 0x0000000087f50000)
 concurrent mark-sweep generation total 137704K, used 83173K [0x000000009a2c0000, 0x00000000a293a000, 0x0000000100000000)
 Metaspace       used 111740K, capacity 118337K, committed 120492K, reserved 1155072K
  class space    used 13542K, capacity 14759K, committed 15328K, reserved 1048576K
}
2021-02-02T18:16:15.312+0000: 537161.261: Total time for which application threads were stopped: 0.0065445 seconds, Stopping threads took: 0.0000746 seconds
{Heap before GC invocations=5518 (full 7):
 par new generation   total 38080K, used 33812K [0x0000000085600000, 0x0000000087f50000, 0x000000009a2c0000)
  eden space 33856K,  99% used [0x0000000085600000, 0x00000000876fdce0, 0x0000000087710000)
  from space 4224K,   0% used [0x0000000087710000, 0x0000000087717608, 0x0000000087b30000)
  to   space 4224K,   0% used [0x0000000087b30000, 0x0000000087b30000, 0x0000000087f50000)
 concurrent mark-sweep generation total 137704K, used 83173K [0x000000009a2c0000, 0x00000000a293a000, 0x0000000100000000)
 Metaspace       used 111740K, capacity 118337K, committed 120492K, reserved 1155072K
  class space    used 13542K, capacity 14759K, committed 15328K, reserved 1048576K
2021-02-02T18:18:05.917+0000: 537271.866: [GC (Allocation Failure) 2021-02-02T18:18:05.917+0000: 537271.866: [ParNew
Desired survivor size 2162688 bytes, new threshold 6 (max 6)
- age   1:      30224 bytes,      30224 total
- age   2:         96 bytes,      30320 total
: 33812K->31K(38080K), 0.0026302 secs] 116986K->83205K(175784K), 0.0027642 secs] [Times: user=0.00 sys=0.00, real=0.00 secs] 
Heap after GC invocations=5519 (full 7):
 par new generation   total 38080K, used 31K [0x0000000085600000, 0x0000000087f50000, 0x000000009a2c0000)
  eden space 33856K,   0% used [0x0000000085600000, 0x0000000085600000, 0x0000000087710000)
  from space 4224K,   0% used [0x0000000087b30000, 0x0000000087b37e18, 0x0000000087f50000)
  to   space 4224K,   0% used [0x0000000087710000, 0x0000000087710000, 0x0000000087b30000)
 concurrent mark-sweep generation total 137704K, used 83173K [0x000000009a2c0000, 0x00000000a293a000, 0x0000000100000000)
 Metaspace       used 111740K, capacity 118337K, committed 120492K, reserved 1155072K
  class space    used 13542K, capacity 14759K, committed 15328K, reserved 1048576K
}
2021-02-02T18:18:05.919+0000: 537271.869: Total time for which application threads were stopped: 0.0030506 seconds, Stopping threads took: 0.0000328 seconds
{Heap before GC invocations=5519 (full 7):
 par new generation   total 38080K, used 33887K [0x0000000085600000, 0x0000000087f50000, 0x000000009a2c0000)
  eden space 33856K, 100% used [0x0000000085600000, 0x0000000087710000, 0x0000000087710000)
  from space 4224K,   0% used [0x0000000087b30000, 0x0000000087b37e18, 0x0000000087f50000)
  to   space 4224K,   0% used [0x0000000087710000, 0x0000000087710000, 0x0000000087b30000)
 concurrent mark-sweep generation total 137704K, used 83173K [0x000000009a2c0000, 0x00000000a293a000, 0x0000000100000000)
 Metaspace       used 111740K, capacity 118337K, committed 120492K, reserved 1155072K
  class space    used 13542K, capacity 14759K, committed 15328K, reserved 1048576K
2021-02-02T18:19:53.299+0000: 537379.248: [GC (Allocation Failure) 2021-02-02T18:19:53.299+0000: 537379.248: [ParNew
Desired survivor size 2162688 bytes, new threshold 6 (max 6)
- age   1:      62016 bytes,      62016 total
- age   2:        120 bytes,      62136 total
- age   3:         64 bytes,      62200 total
: 33887K->62K(38080K), 0.0055343 secs] 117061K->83236K(175784K), 0.0058658 secs] [Times: user=0.01 sys=0.00, real=0.00 secs] 
Heap after GC invocations=5520 (full 7):
 par new generation   total 38080K, used 62K [0x0000000085600000, 0x0000000087f50000, 0x000000009a2c0000)
  eden space 33856K,   0% used [0x0000000085600000, 0x0000000085600000, 0x0000000087710000)
  from space 4224K,   1% used [0x0000000087710000, 0x000000008771f908, 0x0000000087b30000)
  to   space 4224K,   0% used [0x0000000087b30000, 0x0000000087b30000, 0x0000000087f50000)
 concurrent mark-sweep generation total 137704K, used 83173K [0x000000009a2c0000, 0x00000000a293a000, 0x0000000100000000)
 Metaspace       used 111740K, capacity 118337K, committed 120492K, reserved 1155072K
  class space    used 13542K, capacity 14759K, committed 15328K, reserved 1048576K
}
2021-02-02T18:19:53.305+0000: 537379.254: Total time for which application threads were stopped: 0.0067421 seconds, Stopping threads took: 0.0001067 seconds
{Heap before GC invocations=5520 (full 7):
 par new generation   total 38080K, used 33918K [0x0000000085600000, 0x0000000087f50000, 0x000000009a2c0000)
  eden space 33856K, 100% used [0x0000000085600000, 0x0000000087710000, 0x0000000087710000)
  from space 4224K,   1% used [0x0000000087710000, 0x000000008771f908, 0x0000000087b30000)
  to   space 4224K,   0% used [0x0000000087b30000, 0x0000000087b30000, 0x0000000087f50000)
 concurrent mark-sweep generation total 137704K, used 83173K [0x000000009a2c0000, 0x00000000a293a000, 0x0000000100000000)
 Metaspace       used 111740K, capacity 118337K, committed 120492K, reserved 1155072K
  class space    used 13542K, capacity 14759K, committed 15328K, reserved 1048576K
2021-02-02T18:21:41.604+0000: 537487.553: [GC (Allocation Failure) 2021-02-02T18:21:41.604+0000: 537487.554: [ParNew
Desired survivor size 2162688 bytes, new threshold 6 (max 6)
- age   1:     161560 bytes,     161560 total
- age   4:         64 bytes,     161624 total
: 33918K->162K(38080K), 0.0057859 secs] 117092K->83336K(175784K), 0.0061881 secs] [Times: user=0.01 sys=0.00, real=0.01 secs] 
Heap after GC invocations=5521 (full 7):
 par new generation   total 38080K, used 162K [0x0000000085600000, 0x0000000087f50000, 0x000000009a2c0000)
  eden space 33856K,   0% used [0x0000000085600000, 0x0000000085600000, 0x0000000087710000)
  from space 4224K,   3% used [0x0000000087b30000, 0x0000000087b58a78, 0x0000000087f50000)
  to   space 4224K,   0% used [0x0000000087710000, 0x0000000087710000, 0x0000000087b30000)
 concurrent mark-sweep generation total 137704K, used 83173K [0x000000009a2c0000, 0x00000000a293a000, 0x0000000100000000)
 Metaspace       used 111740K, capacity 118337K, committed 120492K, reserved 1155072K
  class space    used 13542K, capacity 14759K, committed 15328K, reserved 1048576K
}
2021-02-02T18:21:41.610+0000: 537487.560: Total time for which application threads were stopped: 0.0073465 seconds, Stopping threads took: 0.0001593 seconds
{Heap before GC invocations=5521 (full 7):
 par new generation   total 38080K, used 34018K [0x0000000085600000, 0x0000000087f50000, 0x000000009a2c0000)
  eden space 33856K, 100% used [0x0000000085600000, 0x0000000087710000, 0x0000000087710000)
  from space 4224K,   3% used [0x0000000087b30000, 0x0000000087b58a78, 0x0000000087f50000)
  to   space 4224K,   0% used [0x0000000087710000, 0x0000000087710000, 0x0000000087b30000)
 concurrent mark-sweep generation total 137704K, used 83173K [0x000000009a2c0000, 0x00000000a293a000, 0x0000000100000000)
 Metaspace       used 111740K, capacity 118337K, committed 120492K, reserved 1155072K
  class space    used 13542K, capacity 14759K, committed 15328K, reserved 1048576K
2021-02-02T18:23:32.254+0000: 537597.486: [GC (Allocation Failure) 2021-02-02T18:23:32.254+0000: 537597.486: [ParNew
Desired survivor size 2162688 bytes, new threshold 6 (max 6)
- age   1:      26360 bytes,      26360 total
- age   2:        120 bytes,      26480 total
- age   5:         32 bytes,      26512 total
: 34018K->27K(38080K), 0.0061104 secs] 117192K->83201K(175784K), 0.0064501 secs] [Times: user=0.01 sys=0.00, real=0.00 secs] 
Heap after GC invocations=5522 (full 7):
 par new generation   total 38080K, used 27K [0x0000000085600000, 0x0000000087f50000, 0x000000009a2c0000)
  eden space 33856K,   0% used [0x0000000085600000, 0x0000000085600000, 0x0000000087710000)
  from space 4224K,   0% used [0x0000000087710000, 0x0000000087716ff8, 0x0000000087b30000)
  to   space 4224K,   0% used [0x0000000087b30000, 0x0000000087b30000, 0x0000000087f50000)
 concurrent mark-sweep generation total 137704K, used 83173K [0x000000009a2c0000, 0x00000000a293a000, 0x0000000100000000)
 Metaspace       used 111740K, capacity 118337K, committed 120492K, reserved 1155072K
  class space    used 13542K, capacity 14759K, committed 15328K, reserved 1048576K
}
2021-02-02T18:23:32.261+0000: 537597.493: Total time for which application threads were stopped: 0.0073796 seconds, Stopping threads took: 0.0001564 seconds
{Heap before GC invocations=5522 (full 7):
 par new generation   total 38080K, used 33883K [0x0000000085600000, 0x0000000087f50000, 0x000000009a2c0000)
  eden space 33856K, 100% used [0x0000000085600000, 0x0000000087710000, 0x0000000087710000)
  from space 4224K,   0% used [0x0000000087710000, 0x0000000087716ff8, 0x0000000087b30000)
  to   space 4224K,   0% used [0x0000000087b30000, 0x0000000087b30000, 0x0000000087f50000)
 concurrent mark-sweep generation total 137704K, used 83173K [0x000000009a2c0000, 0x00000000a293a000, 0x0000000100000000)
 Metaspace       used 111740K, capacity 118337K, committed 120492K, reserved 1155072K
  class space    used 13542K, capacity 14759K, committed 15328K, reserved 1048576K
2021-02-02T18:25:21.360+0000: 537706.592: [GC (Allocation Failure) 2021-02-02T18:25:21.360+0000: 537706.592: [ParNew
Desired survivor size 2162688 bytes, new threshold 6 (max 6)
- age   1:      26336 bytes,      26336 total
- age   2:        120 bytes,      26456 total
: 33883K->29K(38080K), 0.0100614 secs] 117057K->83203K(175784K), 0.0105129 secs] [Times: user=0.03 sys=0.00, real=0.01 secs] 
Heap after GC invocations=5523 (full 7):
 par new generation   total 38080K, used 29K [0x0000000085600000, 0x0000000087f50000, 0x000000009a2c0000)
  eden space 33856K,   0% used [0x0000000085600000, 0x0000000085600000, 0x0000000087710000)
  from space 4224K,   0% used [0x0000000087b30000, 0x0000000087b37608, 0x0000000087f50000)
  to   space 4224K,   0% used [0x0000000087710000, 0x0000000087710000, 0x0000000087b30000)
 concurrent mark-sweep generation total 137704K, used 83173K [0x000000009a2c0000, 0x00000000a293a000, 0x0000000100000000)
 Metaspace       used 111740K, capacity 118337K, committed 120492K, reserved 1155072K
  class space    used 13542K, capacity 14759K, committed 15328K, reserved 1048576K
}
2021-02-02T18:25:21.371+0000: 537706.603: Total time for which application threads were stopped: 0.0117372 seconds, Stopping threads took: 0.0002918 seconds
2021-02-02T18:26:13.378+0000: 537758.610: Total time for which application threads were stopped: 0.0004371 seconds, Stopping threads took: 0.0000813 seconds
{Heap before GC invocations=5523 (full 7):
 par new generation   total 38080K, used 33885K [0x0000000085600000, 0x0000000087f50000, 0x000000009a2c0000)
  eden space 33856K, 100% used [0x0000000085600000, 0x0000000087710000, 0x0000000087710000)
  from space 4224K,   0% used [0x0000000087b30000, 0x0000000087b37608, 0x0000000087f50000)
  to   space 4224K,   0% used [0x0000000087710000, 0x0000000087710000, 0x0000000087b30000)
 concurrent mark-sweep generation total 137704K, used 83173K [0x000000009a2c0000, 0x00000000a293a000, 0x0000000100000000)
 Metaspace       used 111740K, capacity 118337K, committed 120492K, reserved 1155072K
  class space    used 13542K, capacity 14759K, committed 15328K, reserved 1048576K
2021-02-02T18:27:12.765+0000: 537817.997: [GC (Allocation Failure) 2021-02-02T18:27:12.765+0000: 537817.998: [ParNew
Desired survivor size 2162688 bytes, new threshold 6 (max 6)
- age   1:      30168 bytes,      30168 total
- age   2:         32 bytes,      30200 total
: 33885K->33K(38080K), 0.0075700 secs] 117059K->83207K(175784K), 0.0077718 secs] [Times: user=0.02 sys=0.01, real=0.01 secs] 
Heap after GC invocations=5524 (full 7):
 par new generation   total 38080K, used 33K [0x0000000085600000, 0x0000000087f50000, 0x000000009a2c0000)
  eden space 33856K,   0% used [0x0000000085600000, 0x0000000085600000, 0x0000000087710000)
  from space 4224K,   0% used [0x0000000087710000, 0x0000000087718628, 0x0000000087b30000)
  to   space 4224K,   0% used [0x0000000087b30000, 0x0000000087b30000, 0x0000000087f50000)
 concurrent mark-sweep generation total 137704K, used 83173K [0x000000009a2c0000, 0x00000000a293a000, 0x0000000100000000)
 Metaspace       used 111740K, capacity 118337K, committed 120492K, reserved 1155072K
  class space    used 13542K, capacity 14759K, committed 15328K, reserved 1048576K
}
2021-02-02T18:27:12.773+0000: 537818.005: Total time for which application threads were stopped: 0.0082895 seconds, Stopping threads took: 0.0000917 seconds
{Heap before GC invocations=5524 (full 7):
 par new generation   total 38080K, used 33889K [0x0000000085600000, 0x0000000087f50000, 0x000000009a2c0000)
  eden space 33856K, 100% used [0x0000000085600000, 0x0000000087710000, 0x0000000087710000)
  from space 4224K,   0% used [0x0000000087710000, 0x0000000087718628, 0x0000000087b30000)
  to   space 4224K,   0% used [0x0000000087b30000, 0x0000000087b30000, 0x0000000087f50000)
 concurrent mark-sweep generation total 137704K, used 83173K [0x000000009a2c0000, 0x00000000a293a000, 0x0000000100000000)
 Metaspace       used 111740K, capacity 118337K, committed 120492K, reserved 1155072K
  class space    used 13542K, capacity 14759K, committed 15328K, reserved 1048576K
2021-02-02T18:29:00.555+0000: 537925.787: [GC (Allocation Failure) 2021-02-02T18:29:00.555+0000: 537925.787: [ParNew
Desired survivor size 2162688 bytes, new threshold 6 (max 6)
- age   1:      63800 bytes,      63800 total
- age   2:        184 bytes,      63984 total
- age   3:         32 bytes,      64016 total
: 33889K->66K(38080K), 0.0077070 secs] 117063K->83240K(175784K), 0.0080891 secs] [Times: user=0.03 sys=0.00, real=0.00 secs] 
Heap after GC invocations=5525 (full 7):
 par new generation   total 38080K, used 66K [0x0000000085600000, 0x0000000087f50000, 0x000000009a2c0000)
  eden space 33856K,   0% used [0x0000000085600000, 0x0000000085600000, 0x0000000087710000)
  from space 4224K,   1% used [0x0000000087b30000, 0x0000000087b40828, 0x0000000087f50000)
  to   space 4224K,   0% used [0x0000000087710000, 0x0000000087710000, 0x0000000087b30000)
 concurrent mark-sweep generation total 137704K, used 83173K [0x000000009a2c0000, 0x00000000a293a000, 0x0000000100000000)
 Metaspace       used 111740K, capacity 118337K, committed 120492K, reserved 1155072K
  class space    used 13542K, capacity 14759K, committed 15328K, reserved 1048576K
}
2021-02-02T18:29:00.563+0000: 537925.795: Total time for which application threads were stopped: 0.0089542 seconds, Stopping threads took: 0.0001056 seconds
{Heap before GC invocations=5525 (full 7):
 par new generation   total 38080K, used 33922K [0x0000000085600000, 0x0000000087f50000, 0x000000009a2c0000)
  eden space 33856K, 100% used [0x0000000085600000, 0x0000000087710000, 0x0000000087710000)
  from space 4224K,   1% used [0x0000000087b30000, 0x0000000087b40828, 0x0000000087f50000)
  to   space 4224K,   0% used [0x0000000087710000, 0x0000000087710000, 0x0000000087b30000)
 concurrent mark-sweep generation total 137704K, used 83173K [0x000000009a2c0000, 0x00000000a293a000, 0x0000000100000000)
 Metaspace       used 111740K, capacity 118337K, committed 120492K, reserved 1155072K
  class space    used 13542K, capacity 14759K, committed 15328K, reserved 1048576K
2021-02-02T18:30:48.200+0000: 538033.432: [GC (Allocation Failure) 2021-02-02T18:30:48.201+0000: 538033.433: [ParNew
Desired survivor size 2162688 bytes, new threshold 6 (max 6)
- age   1:      98296 bytes,      98296 total
- age   2:        120 bytes,      98416 total
- age   3:         32 bytes,      98448 total
- age   4:         32 bytes,      98480 total
: 33922K->102K(38080K), 0.0072011 secs] 117096K->83276K(175784K), 0.0083095 secs] [Times: user=0.01 sys=0.01, real=0.01 secs] 
Heap after GC invocations=5526 (full 7):
 par new generation   total 38080K, used 102K [0x0000000085600000, 0x0000000087f50000, 0x000000009a2c0000)
  eden space 33856K,   0% used [0x0000000085600000, 0x0000000085600000, 0x0000000087710000)
  from space 4224K,   2% used [0x0000000087710000, 0x0000000087729968, 0x0000000087b30000)
  to   space 4224K,   0% used [0x0000000087b30000, 0x0000000087b30000, 0x0000000087f50000)
 concurrent mark-sweep generation total 137704K, used 83173K [0x000000009a2c0000, 0x00000000a293a000, 0x0000000100000000)
 Metaspace       used 111740K, capacity 118337K, committed 120492K, reserved 1155072K
  class space    used 13542K, capacity 14759K, committed 15328K, reserved 1048576K
}
2021-02-02T18:30:48.208+0000: 538033.440: Total time for which application threads were stopped: 0.0093389 seconds, Stopping threads took: 0.0001596 seconds
{Heap before GC invocations=5526 (full 7):
 par new generation   total 38080K, used 33958K [0x0000000085600000, 0x0000000087f50000, 0x000000009a2c0000)
  eden space 33856K, 100% used [0x0000000085600000, 0x0000000087710000, 0x0000000087710000)
  from space 4224K,   2% used [0x0000000087710000, 0x0000000087729968, 0x0000000087b30000)
  to   space 4224K,   0% used [0x0000000087b30000, 0x0000000087b30000, 0x0000000087f50000)
 concurrent mark-sweep generation total 137704K, used 83173K [0x000000009a2c0000, 0x00000000a293a000, 0x0000000100000000)
 Metaspace       used 111740K, capacity 118337K, committed 120492K, reserved 1155072K
  class space    used 13542K, capacity 14759K, committed 15328K, reserved 1048576K
2021-02-02T18:32:37.038+0000: 538142.270: [GC (Allocation Failure) 2021-02-02T18:32:37.038+0000: 538142.270: [ParNew
Desired survivor size 2162688 bytes, new threshold 6 (max 6)
- age   1:      26000 bytes,      26000 total
- age   2:         48 bytes,      26048 total
- age   5:         32 bytes,      26080 total
: 33958K->30K(38080K), 0.0084656 secs] 117132K->83204K(175784K), 0.0088037 secs] [Times: user=0.02 sys=0.00, real=0.01 secs] 
Heap after GC invocations=5527 (full 7):
 par new generation   total 38080K, used 30K [0x0000000085600000, 0x0000000087f50000, 0x000000009a2c0000)
  eden space 33856K,   0% used [0x0000000085600000, 0x0000000085600000, 0x0000000087710000)
  from space 4224K,   0% used [0x0000000087b30000, 0x0000000087b37ae0, 0x0000000087f50000)
  to   space 4224K,   0% used [0x0000000087710000, 0x0000000087710000, 0x0000000087b30000)
 concurrent mark-sweep generation total 137704K, used 83173K [0x000000009a2c0000, 0x00000000a293a000, 0x0000000100000000)
 Metaspace       used 111740K, capacity 118337K, committed 120492K, reserved 1155072K
  class space    used 13542K, capacity 14759K, committed 15328K, reserved 1048576K
}
2021-02-02T18:32:37.047+0000: 538142.279: Total time for which application threads were stopped: 0.0095320 seconds, Stopping threads took: 0.0000770 seconds
{Heap before GC invocations=5527 (full 7):
 par new generation   total 38080K, used 33886K [0x0000000085600000, 0x0000000087f50000, 0x000000009a2c0000)
  eden space 33856K, 100% used [0x0000000085600000, 0x0000000087710000, 0x0000000087710000)
  from space 4224K,   0% used [0x0000000087b30000, 0x0000000087b37ae0, 0x0000000087f50000)
  to   space 4224K,   0% used [0x0000000087710000, 0x0000000087710000, 0x0000000087b30000)
 concurrent mark-sweep generation total 137704K, used 83173K [0x000000009a2c0000, 0x00000000a293a000, 0x0000000100000000)
 Metaspace       used 111740K, capacity 118337K, committed 120492K, reserved 1155072K
  class space    used 13542K, capacity 14759K, committed 15328K, reserved 1048576K
2021-02-02T18:34:26.007+0000: 538251.240: [GC (Allocation Failure) 2021-02-02T18:34:26.008+0000: 538251.240: [ParNew
Desired survivor size 2162688 bytes, new threshold 6 (max 6)
- age   1:      25768 bytes,      25768 total
- age   2:        120 bytes,      25888 total
: 33886K->29K(38080K), 0.0049494 secs] 117060K->83203K(175784K), 0.0052757 secs] [Times: user=0.01 sys=0.00, real=0.01 secs] 
Heap after GC invocations=5528 (full 7):
 par new generation   total 38080K, used 29K [0x0000000085600000, 0x0000000087f50000, 0x000000009a2c0000)
  eden space 33856K,   0% used [0x0000000085600000, 0x0000000085600000, 0x0000000087710000)
  from space 4224K,   0% used [0x0000000087710000, 0x0000000087717680, 0x0000000087b30000)
  to   space 4224K,   0% used [0x0000000087b30000, 0x0000000087b30000, 0x0000000087f50000)
 concurrent mark-sweep generation total 137704K, used 83173K [0x000000009a2c0000, 0x00000000a293a000, 0x0000000100000000)
 Metaspace       used 111740K, capacity 118337K, committed 120492K, reserved 1155072K
  class space    used 13542K, capacity 14759K, committed 15328K, reserved 1048576K
}
2021-02-02T18:34:26.013+0000: 538251.245: Total time for which application threads were stopped: 0.0059768 seconds, Stopping threads took: 0.0000927 seconds
{Heap before GC invocations=5528 (full 7):
 par new generation   total 38080K, used 33885K [0x0000000085600000, 0x0000000087f50000, 0x000000009a2c0000)
  eden space 33856K, 100% used [0x0000000085600000, 0x0000000087710000, 0x0000000087710000)
  from space 4224K,   0% used [0x0000000087710000, 0x0000000087717680, 0x0000000087b30000)
  to   space 4224K,   0% used [0x0000000087b30000, 0x0000000087b30000, 0x0000000087f50000)
 concurrent mark-sweep generation total 137704K, used 83173K [0x000000009a2c0000, 0x00000000a293a000, 0x0000000100000000)
 Metaspace       used 111740K, capacity 118337K, committed 120492K, reserved 1155072K
  class space    used 13542K, capacity 14759K, committed 15328K, reserved 1048576K
2021-02-02T18:36:15.013+0000: 538360.245: [GC (Allocation Failure) 2021-02-02T18:36:15.013+0000: 538360.245: [ParNew
Desired survivor size 2162688 bytes, new threshold 6 (max 6)
- age   1:      25168 bytes,      25168 total
- age   2:        152 bytes,      25320 total
: 33885K->30K(38080K), 0.0108506 secs] 117059K->83204K(175784K), 0.0111484 secs] [Times: user=0.02 sys=0.01, real=0.00 secs] 
Heap after GC invocations=5529 (full 7):
 par new generation   total 38080K, used 30K [0x0000000085600000, 0x0000000087f50000, 0x000000009a2c0000)
  eden space 33856K,   0% used [0x0000000085600000, 0x0000000085600000, 0x0000000087710000)
  from space 4224K,   0% used [0x0000000087b30000, 0x0000000087b37850, 0x0000000087f50000)
  to   space 4224K,   0% used [0x0000000087710000, 0x0000000087710000, 0x0000000087b30000)
 concurrent mark-sweep generation total 137704K, used 83173K [0x000000009a2c0000, 0x00000000a293a000, 0x0000000100000000)
 Metaspace       used 111740K, capacity 118337K, committed 120492K, reserved 1155072K
  class space    used 13542K, capacity 14759K, committed 15328K, reserved 1048576K
}
2021-02-02T18:36:15.024+0000: 538360.256: Total time for which application threads were stopped: 0.0118325 seconds, Stopping threads took: 0.0000665 seconds
{Heap before GC invocations=5529 (full 7):
 par new generation   total 38080K, used 33886K [0x0000000085600000, 0x0000000087f50000, 0x000000009a2c0000)
  eden space 33856K, 100% used [0x0000000085600000, 0x0000000087710000, 0x0000000087710000)
  from space 4224K,   0% used [0x0000000087b30000, 0x0000000087b37850, 0x0000000087f50000)
  to   space 4224K,   0% used [0x0000000087710000, 0x0000000087710000, 0x0000000087b30000)
 concurrent mark-sweep generation total 137704K, used 83173K [0x000000009a2c0000, 0x00000000a293a000, 0x0000000100000000)
 Metaspace       used 111740K, capacity 118337K, committed 120492K, reserved 1155072K
  class space    used 13542K, capacity 14759K, committed 15328K, reserved 1048576K
2021-02-02T18:38:06.093+0000: 538471.325: [GC (Allocation Failure) 2021-02-02T18:38:06.093+0000: 538471.325: [ParNew
Desired survivor size 2162688 bytes, new threshold 6 (max 6)
- age   1:      32424 bytes,      32424 total
- age   2:        216 bytes,      32640 total
- age   3:         32 bytes,      32672 total
: 33886K->33K(38080K), 0.0029103 secs] 117060K->83207K(175784K), 0.0030364 secs] [Times: user=0.01 sys=0.00, real=0.01 secs] 
Heap after GC invocations=5530 (full 7):
 par new generation   total 38080K, used 33K [0x0000000085600000, 0x0000000087f50000, 0x000000009a2c0000)
  eden space 33856K,   0% used [0x0000000085600000, 0x0000000085600000, 0x0000000087710000)
  from space 4224K,   0% used [0x0000000087710000, 0x0000000087718580, 0x0000000087b30000)
  to   space 4224K,   0% used [0x0000000087b30000, 0x0000000087b30000, 0x0000000087f50000)
 concurrent mark-sweep generation total 137704K, used 83173K [0x000000009a2c0000, 0x00000000a293a000, 0x0000000100000000)
 Metaspace       used 111740K, capacity 118337K, committed 120492K, reserved 1155072K
  class space    used 13542K, capacity 14759K, committed 15328K, reserved 1048576K
}
2021-02-02T18:38:06.096+0000: 538471.328: Total time for which application threads were stopped: 0.0033415 seconds, Stopping threads took: 0.0000299 seconds
{Heap before GC invocations=5530 (full 7):
 par new generation   total 38080K, used 33889K [0x0000000085600000, 0x0000000087f50000, 0x000000009a2c0000)
  eden space 33856K, 100% used [0x0000000085600000, 0x0000000087710000, 0x0000000087710000)
  from space 4224K,   0% used [0x0000000087710000, 0x0000000087718580, 0x0000000087b30000)
  to   space 4224K,   0% used [0x0000000087b30000, 0x0000000087b30000, 0x0000000087f50000)
 concurrent mark-sweep generation total 137704K, used 83173K [0x000000009a2c0000, 0x00000000a293a000, 0x0000000100000000)
 Metaspace       used 111740K, capacity 118337K, committed 120492K, reserved 1155072K
  class space    used 13542K, capacity 14759K, committed 15328K, reserved 1048576K
2021-02-02T18:39:53.608+0000: 538578.840: [GC (Allocation Failure) 2021-02-02T18:39:53.608+0000: 538578.840: [ParNew
Desired survivor size 2162688 bytes, new threshold 6 (max 6)
- age   1:      62152 bytes,      62152 total
- age   2:        120 bytes,      62272 total
- age   3:         32 bytes,      62304 total
- age   4:         32 bytes,      62336 total
: 33889K->63K(38080K), 0.0095966 secs] 117063K->83237K(175784K), 0.0099435 secs] [Times: user=0.02 sys=0.01, real=0.01 secs] 
Heap after GC invocations=5531 (full 7):
 par new generation   total 38080K, used 63K [0x0000000085600000, 0x0000000087f50000, 0x000000009a2c0000)
  eden space 33856K,   0% used [0x0000000085600000, 0x0000000085600000, 0x0000000087710000)
  from space 4224K,   1% used [0x0000000087b30000, 0x0000000087b3fe80, 0x0000000087f50000)
  to   space 4224K,   0% used [0x0000000087710000, 0x0000000087710000, 0x0000000087b30000)
 concurrent mark-sweep generation total 137704K, used 83173K [0x000000009a2c0000, 0x00000000a293a000, 0x0000000100000000)
 Metaspace       used 111740K, capacity 118337K, committed 120492K, reserved 1155072K
  class space    used 13542K, capacity 14759K, committed 15328K, reserved 1048576K
}
2021-02-02T18:39:53.618+0000: 538578.850: Total time for which application threads were stopped: 0.0106710 seconds, Stopping threads took: 0.0000683 seconds
{Heap before GC invocations=5531 (full 7):
 par new generation   total 38080K, used 33919K [0x0000000085600000, 0x0000000087f50000, 0x000000009a2c0000)
  eden space 33856K, 100% used [0x0000000085600000, 0x0000000087710000, 0x0000000087710000)
  from space 4224K,   1% used [0x0000000087b30000, 0x0000000087b3fe80, 0x0000000087f50000)
  to   space 4224K,   0% used [0x0000000087710000, 0x0000000087710000, 0x0000000087b30000)
 concurrent mark-sweep generation total 137704K, used 83173K [0x000000009a2c0000, 0x00000000a293a000, 0x0000000100000000)
 Metaspace       used 111740K, capacity 118337K, committed 120492K, reserved 1155072K
  class space    used 13542K, capacity 14759K, committed 15328K, reserved 1048576K
2021-02-02T18:41:42.559+0000: 538687.791: [GC (Allocation Failure) 2021-02-02T18:41:42.560+0000: 538687.792: [ParNew
Desired survivor size 2162688 bytes, new threshold 6 (max 6)
- age   1:      93360 bytes,      93360 total
- age   4:         32 bytes,      93392 total
- age   5:         32 bytes,      93424 total
: 33919K->94K(38080K), 0.0035416 secs] 117093K->83268K(175784K), 0.0038896 secs] [Times: user=0.01 sys=0.00, real=0.00 secs] 
Heap after GC invocations=5532 (full 7):
 par new generation   total 38080K, used 94K [0x0000000085600000, 0x0000000087f50000, 0x000000009a2c0000)
  eden space 33856K,   0% used [0x0000000085600000, 0x0000000085600000, 0x0000000087710000)
  from space 4224K,   2% used [0x0000000087710000, 0x0000000087727ba8, 0x0000000087b30000)
  to   space 4224K,   0% used [0x0000000087b30000, 0x0000000087b30000, 0x0000000087f50000)
 concurrent mark-sweep generation total 137704K, used 83173K [0x000000009a2c0000, 0x00000000a293a000, 0x0000000100000000)
 Metaspace       used 111740K, capacity 118337K, committed 120492K, reserved 1155072K
  class space    used 13542K, capacity 14759K, committed 15328K, reserved 1048576K
}
2021-02-02T18:41:42.563+0000: 538687.795: Total time for which application threads were stopped: 0.0052566 seconds, Stopping threads took: 0.0010154 seconds
{Heap before GC invocations=5532 (full 7):
 par new generation   total 38080K, used 33950K [0x0000000085600000, 0x0000000087f50000, 0x000000009a2c0000)
  eden space 33856K, 100% used [0x0000000085600000, 0x0000000087710000, 0x0000000087710000)
  from space 4224K,   2% used [0x0000000087710000, 0x0000000087727ba8, 0x0000000087b30000)
  to   space 4224K,   0% used [0x0000000087b30000, 0x0000000087b30000, 0x0000000087f50000)
 concurrent mark-sweep generation total 137704K, used 83173K [0x000000009a2c0000, 0x00000000a293a000, 0x0000000100000000)
 Metaspace       used 111740K, capacity 118337K, committed 120492K, reserved 1155072K
  class space    used 13542K, capacity 14759K, committed 15328K, reserved 1048576K
2021-02-02T18:43:32.980+0000: 538798.212: [GC (Allocation Failure) 2021-02-02T18:43:32.980+0000: 538798.212: [ParNew
Desired survivor size 2162688 bytes, new threshold 6 (max 6)
- age   1:      25688 bytes,      25688 total
- age   2:        120 bytes,      25808 total
- age   5:         32 bytes,      25840 total
: 33950K->29K(38080K), 0.0050210 secs] 117124K->83203K(175784K), 0.0053872 secs] [Times: user=0.01 sys=0.01, real=0.01 secs] 
Heap after GC invocations=5533 (full 7):
 par new generation   total 38080K, used 29K [0x0000000085600000, 0x0000000087f50000, 0x000000009a2c0000)
  eden space 33856K,   0% used [0x0000000085600000, 0x0000000085600000, 0x0000000087710000)
  from space 4224K,   0% used [0x0000000087b30000, 0x0000000087b37680, 0x0000000087f50000)
  to   space 4224K,   0% used [0x0000000087710000, 0x0000000087710000, 0x0000000087b30000)
 concurrent mark-sweep generation total 137704K, used 83173K [0x000000009a2c0000, 0x00000000a293a000, 0x0000000100000000)
 Metaspace       used 111740K, capacity 118337K, committed 120492K, reserved 1155072K
  class space    used 13542K, capacity 14759K, committed 15328K, reserved 1048576K
}
2021-02-02T18:43:32.985+0000: 538798.218: Total time for which application threads were stopped: 0.0063450 seconds, Stopping threads took: 0.0001930 seconds
{Heap before GC invocations=5533 (full 7):
 par new generation   total 38080K, used 33885K [0x0000000085600000, 0x0000000087f50000, 0x000000009a2c0000)
  eden space 33856K, 100% used [0x0000000085600000, 0x0000000087710000, 0x0000000087710000)
  from space 4224K,   0% used [0x0000000087b30000, 0x0000000087b37680, 0x0000000087f50000)
  to   space 4224K,   0% used [0x0000000087710000, 0x0000000087710000, 0x0000000087b30000)
 concurrent mark-sweep generation total 137704K, used 83173K [0x000000009a2c0000, 0x00000000a293a000, 0x0000000100000000)
 Metaspace       used 111740K, capacity 118337K, committed 120492K, reserved 1155072K
  class space    used 13542K, capacity 14759K, committed 15328K, reserved 1048576K
2021-02-02T18:45:22.196+0000: 538907.428: [GC (Allocation Failure) 2021-02-02T18:45:22.196+0000: 538907.428: [ParNew
Desired survivor size 2162688 bytes, new threshold 6 (max 6)
- age   1:      26024 bytes,      26024 total
- age   2:        120 bytes,      26144 total
: 33885K->27K(38080K), 0.0092384 secs] 117059K->83201K(175784K), 0.0095066 secs] [Times: user=0.02 sys=0.00, real=0.01 secs] 
Heap after GC invocations=5534 (full 7):
 par new generation   total 38080K, used 27K [0x0000000085600000, 0x0000000087f50000, 0x000000009a2c0000)
  eden space 33856K,   0% used [0x0000000085600000, 0x0000000085600000, 0x0000000087710000)
  from space 4224K,   0% used [0x0000000087710000, 0x0000000087716df8, 0x0000000087b30000)
  to   space 4224K,   0% used [0x0000000087b30000, 0x0000000087b30000, 0x0000000087f50000)
 concurrent mark-sweep generation total 137704K, used 83173K [0x000000009a2c0000, 0x00000000a293a000, 0x0000000100000000)
 Metaspace       used 111740K, capacity 118337K, committed 120492K, reserved 1155072K
  class space    used 13542K, capacity 14759K, committed 15328K, reserved 1048576K
}
2021-02-02T18:45:22.205+0000: 538907.437: Total time for which application threads were stopped: 0.0102607 seconds, Stopping threads took: 0.0000683 seconds
{Heap before GC invocations=5534 (full 7):
 par new generation   total 38080K, used 33883K [0x0000000085600000, 0x0000000087f50000, 0x000000009a2c0000)
  eden space 33856K, 100% used [0x0000000085600000, 0x0000000087710000, 0x0000000087710000)
  from space 4224K,   0% used [0x0000000087710000, 0x0000000087716df8, 0x0000000087b30000)
  to   space 4224K,   0% used [0x0000000087b30000, 0x0000000087b30000, 0x0000000087f50000)
 concurrent mark-sweep generation total 137704K, used 83173K [0x000000009a2c0000, 0x00000000a293a000, 0x0000000100000000)
 Metaspace       used 111740K, capacity 118337K, committed 120492K, reserved 1155072K
  class space    used 13542K, capacity 14759K, committed 15328K, reserved 1048576K
2021-02-02T18:47:13.156+0000: 539018.388: [GC (Allocation Failure) 2021-02-02T18:47:13.156+0000: 539018.389: [ParNew
Desired survivor size 2162688 bytes, new threshold 6 (max 6)
- age   1:      97408 bytes,      97408 total
- age   2:         32 bytes,      97440 total
: 33883K->99K(38080K), 0.0079010 secs] 117057K->83273K(175784K), 0.0081724 secs] [Times: user=0.01 sys=0.01, real=0.00 secs] 
Heap after GC invocations=5535 (full 7):
 par new generation   total 38080K, used 99K [0x0000000085600000, 0x0000000087f50000, 0x000000009a2c0000)
  eden space 33856K,   0% used [0x0000000085600000, 0x0000000085600000, 0x0000000087710000)
  from space 4224K,   2% used [0x0000000087b30000, 0x0000000087b48de8, 0x0000000087f50000)
  to   space 4224K,   0% used [0x0000000087710000, 0x0000000087710000, 0x0000000087b30000)
 concurrent mark-sweep generation total 137704K, used 83173K [0x000000009a2c0000, 0x00000000a293a000, 0x0000000100000000)
 Metaspace       used 111740K, capacity 118337K, committed 120492K, reserved 1155072K
  class space    used 13542K, capacity 14759K, committed 15328K, reserved 1048576K
}
2021-02-02T18:47:13.165+0000: 539018.397: Total time for which application threads were stopped: 0.0090291 seconds, Stopping threads took: 0.0001053 seconds
{Heap before GC invocations=5535 (full 7):
 par new generation   total 38080K, used 33955K [0x0000000085600000, 0x0000000087f50000, 0x000000009a2c0000)
  eden space 33856K, 100% used [0x0000000085600000, 0x0000000087710000, 0x0000000087710000)
  from space 4224K,   2% used [0x0000000087b30000, 0x0000000087b48de8, 0x0000000087f50000)
  to   space 4224K,   0% used [0x0000000087710000, 0x0000000087710000, 0x0000000087b30000)
 concurrent mark-sweep generation total 137704K, used 83173K [0x000000009a2c0000, 0x00000000a293a000, 0x0000000100000000)
 Metaspace       used 111740K, capacity 118337K, committed 120492K, reserved 1155072K
  class space    used 13542K, capacity 14759K, committed 15328K, reserved 1048576K
2021-02-02T18:49:02.291+0000: 539127.523: [GC (Allocation Failure) 2021-02-02T18:49:02.291+0000: 539127.523: [ParNew
Desired survivor size 2162688 bytes, new threshold 6 (max 6)
- age   1:      29848 bytes,      29848 total
- age   2:        184 bytes,      30032 total
- age   3:         32 bytes,      30064 total
: 33955K->46K(38080K), 0.0176883 secs] 117129K->83220K(175784K), 0.0180162 secs] [Times: user=0.02 sys=0.00, real=0.02 secs] 
Heap after GC invocations=5536 (full 7):
 par new generation   total 38080K, used 46K [0x0000000085600000, 0x0000000087f50000, 0x000000009a2c0000)
  eden space 33856K,   0% used [0x0000000085600000, 0x0000000085600000, 0x0000000087710000)
  from space 4224K,   1% used [0x0000000087710000, 0x000000008771ba00, 0x0000000087b30000)
  to   space 4224K,   0% used [0x0000000087b30000, 0x0000000087b30000, 0x0000000087f50000)
 concurrent mark-sweep generation total 137704K, used 83173K [0x000000009a2c0000, 0x00000000a293a000, 0x0000000100000000)
 Metaspace       used 111740K, capacity 118337K, committed 120492K, reserved 1155072K
  class space    used 13542K, capacity 14759K, committed 15328K, reserved 1048576K
}
2021-02-02T18:49:02.309+0000: 539127.541: Total time for which application threads were stopped: 0.0189855 seconds, Stopping threads took: 0.0001123 seconds
{Heap before GC invocations=5536 (full 7):
 par new generation   total 38080K, used 33902K [0x0000000085600000, 0x0000000087f50000, 0x000000009a2c0000)
  eden space 33856K, 100% used [0x0000000085600000, 0x0000000087710000, 0x0000000087710000)
  from space 4224K,   1% used [0x0000000087710000, 0x000000008771ba00, 0x0000000087b30000)
  to   space 4224K,   0% used [0x0000000087b30000, 0x0000000087b30000, 0x0000000087f50000)
 concurrent mark-sweep generation total 137704K, used 83173K [0x000000009a2c0000, 0x00000000a293a000, 0x0000000100000000)
 Metaspace       used 111740K, capacity 118337K, committed 120492K, reserved 1155072K
  class space    used 13542K, capacity 14759K, committed 15328K, reserved 1048576K
2021-02-02T18:50:49.630+0000: 539234.862: [GC (Allocation Failure) 2021-02-02T18:50:49.630+0000: 539234.862: [ParNew
Desired survivor size 2162688 bytes, new threshold 6 (max 6)
- age   1:      63856 bytes,      63856 total
- age   2:        120 bytes,      63976 total
- age   3:         32 bytes,      64008 total
- age   4:         32 bytes,      64040 total
: 33902K->66K(38080K), 0.0067826 secs] 117076K->83240K(175784K), 0.0070829 secs] [Times: user=0.02 sys=0.00, real=0.01 secs] 
Heap after GC invocations=5537 (full 7):
 par new generation   total 38080K, used 66K [0x0000000085600000, 0x0000000087f50000, 0x000000009a2c0000)
  eden space 33856K,   0% used [0x0000000085600000, 0x0000000085600000, 0x0000000087710000)
  from space 4224K,   1% used [0x0000000087b30000, 0x0000000087b409c0, 0x0000000087f50000)
  to   space 4224K,   0% used [0x0000000087710000, 0x0000000087710000, 0x0000000087b30000)
 concurrent mark-sweep generation total 137704K, used 83173K [0x000000009a2c0000, 0x00000000a293a000, 0x0000000100000000)
 Metaspace       used 111740K, capacity 118337K, committed 120492K, reserved 1155072K
  class space    used 13542K, capacity 14759K, committed 15328K, reserved 1048576K
}
2021-02-02T18:50:49.638+0000: 539234.870: Total time for which application threads were stopped: 0.0078978 seconds, Stopping threads took: 0.0001882 seconds
{Heap before GC invocations=5537 (full 7):
 par new generation   total 38080K, used 33922K [0x0000000085600000, 0x0000000087f50000, 0x000000009a2c0000)
  eden space 33856K, 100% used [0x0000000085600000, 0x0000000087710000, 0x0000000087710000)
  from space 4224K,   1% used [0x0000000087b30000, 0x0000000087b409c0, 0x0000000087f50000)
  to   space 4224K,   0% used [0x0000000087710000, 0x0000000087710000, 0x0000000087b30000)
 concurrent mark-sweep generation total 137704K, used 83173K [0x000000009a2c0000, 0x00000000a293a000, 0x0000000100000000)
 Metaspace       used 111740K, capacity 118337K, committed 120492K, reserved 1155072K
  class space    used 13542K, capacity 14759K, committed 15328K, reserved 1048576K
2021-02-02T18:52:38.885+0000: 539344.117: [GC (Allocation Failure) 2021-02-02T18:52:38.885+0000: 539344.117: [ParNew
Desired survivor size 2162688 bytes, new threshold 6 (max 6)
- age   1:      26776 bytes,      26776 total
- age   2:         80 bytes,      26856 total
- age   5:         32 bytes,      26888 total
: 33922K->32K(38080K), 0.0046605 secs] 117096K->83206K(175784K), 0.0049018 secs] [Times: user=0.01 sys=0.00, real=0.00 secs] 
Heap after GC invocations=5538 (full 7):
 par new generation   total 38080K, used 32K [0x0000000085600000, 0x0000000087f50000, 0x000000009a2c0000)
  eden space 33856K,   0% used [0x0000000085600000, 0x0000000085600000, 0x0000000087710000)
  from space 4224K,   0% used [0x0000000087710000, 0x0000000087718328, 0x0000000087b30000)
  to   space 4224K,   0% used [0x0000000087b30000, 0x0000000087b30000, 0x0000000087f50000)
 concurrent mark-sweep generation total 137704K, used 83173K [0x000000009a2c0000, 0x00000000a293a000, 0x0000000100000000)
 Metaspace       used 111740K, capacity 118337K, committed 120492K, reserved 1155072K
  class space    used 13542K, capacity 14759K, committed 15328K, reserved 1048576K
}
2021-02-02T18:52:38.890+0000: 539344.122: Total time for which application threads were stopped: 0.0072183 seconds, Stopping threads took: 0.0016920 seconds
{Heap before GC invocations=5538 (full 7):
 par new generation   total 38080K, used 33888K [0x0000000085600000, 0x0000000087f50000, 0x000000009a2c0000)
  eden space 33856K, 100% used [0x0000000085600000, 0x0000000087710000, 0x0000000087710000)
  from space 4224K,   0% used [0x0000000087710000, 0x0000000087718328, 0x0000000087b30000)
  to   space 4224K,   0% used [0x0000000087b30000, 0x0000000087b30000, 0x0000000087f50000)
 concurrent mark-sweep generation total 137704K, used 83173K [0x000000009a2c0000, 0x00000000a293a000, 0x0000000100000000)
 Metaspace       used 111740K, capacity 118337K, committed 120492K, reserved 1155072K
  class space    used 13542K, capacity 14759K, committed 15328K, reserved 1048576K
2021-02-02T18:54:28.142+0000: 539453.374: [GC (Allocation Failure) 2021-02-02T18:54:28.142+0000: 539453.374: [ParNew
Desired survivor size 2162688 bytes, new threshold 6 (max 6)
- age   1:      26184 bytes,      26184 total
- age   2:        120 bytes,      26304 total
- age   6:         32 bytes,      26336 total
: 33888K->31K(38080K), 0.0254064 secs] 117062K->83205K(175784K), 0.0257196 secs] [Times: user=0.07 sys=0.00, real=0.03 secs] 
Heap after GC invocations=5539 (full 7):
 par new generation   total 38080K, used 31K [0x0000000085600000, 0x0000000087f50000, 0x000000009a2c0000)
  eden space 33856K,   0% used [0x0000000085600000, 0x0000000085600000, 0x0000000087710000)
  from space 4224K,   0% used [0x0000000087b30000, 0x0000000087b37e90, 0x0000000087f50000)
  to   space 4224K,   0% used [0x0000000087710000, 0x0000000087710000, 0x0000000087b30000)
 concurrent mark-sweep generation total 137704K, used 83173K [0x000000009a2c0000, 0x00000000a293a000, 0x0000000100000000)
 Metaspace       used 111740K, capacity 118337K, committed 120492K, reserved 1155072K
  class space    used 13542K, capacity 14759K, committed 15328K, reserved 1048576K
}
2021-02-02T18:54:28.167+0000: 539453.400: Total time for which application threads were stopped: 0.0265570 seconds, Stopping threads took: 0.0002357 seconds
{Heap before GC invocations=5539 (full 7):
 par new generation   total 38080K, used 33887K [0x0000000085600000, 0x0000000087f50000, 0x000000009a2c0000)
  eden space 33856K, 100% used [0x0000000085600000, 0x0000000087710000, 0x0000000087710000)
  from space 4224K,   0% used [0x0000000087b30000, 0x0000000087b37e90, 0x0000000087f50000)
  to   space 4224K,   0% used [0x0000000087710000, 0x0000000087710000, 0x0000000087b30000)
 concurrent mark-sweep generation total 137704K, used 83173K [0x000000009a2c0000, 0x00000000a293a000, 0x0000000100000000)
 Metaspace       used 111740K, capacity 118337K, committed 120492K, reserved 1155072K
  class space    used 13542K, capacity 14759K, committed 15328K, reserved 1048576K
2021-02-02T18:56:17.457+0000: 539562.689: [GC (Allocation Failure) 2021-02-02T18:56:17.457+0000: 539562.689: [ParNew
Desired survivor size 2162688 bytes, new threshold 6 (max 6)
- age   1:      25504 bytes,      25504 total
- age   2:        120 bytes,      25624 total
: 33887K->29K(38080K), 0.0188640 secs] 117061K->83203K(175784K), 0.0189860 secs] [Times: user=0.02 sys=0.00, real=0.02 secs] 
Heap after GC invocations=5540 (full 7):
 par new generation   total 38080K, used 29K [0x0000000085600000, 0x0000000087f50000, 0x000000009a2c0000)
  eden space 33856K,   0% used [0x0000000085600000, 0x0000000085600000, 0x0000000087710000)
  from space 4224K,   0% used [0x0000000087710000, 0x0000000087717608, 0x0000000087b30000)
  to   space 4224K,   0% used [0x0000000087b30000, 0x0000000087b30000, 0x0000000087f50000)
 concurrent mark-sweep generation total 137704K, used 83174K [0x000000009a2c0000, 0x00000000a293a000, 0x0000000100000000)
 Metaspace       used 111740K, capacity 118337K, committed 120492K, reserved 1155072K
  class space    used 13542K, capacity 14759K, committed 15328K, reserved 1048576K
}
2021-02-02T18:56:17.476+0000: 539562.708: Total time for which application threads were stopped: 0.0192651 seconds, Stopping threads took: 0.0000460 seconds
{Heap before GC invocations=5540 (full 7):
 par new generation   total 38080K, used 33885K [0x0000000085600000, 0x0000000087f50000, 0x000000009a2c0000)
  eden space 33856K, 100% used [0x0000000085600000, 0x0000000087710000, 0x0000000087710000)
  from space 4224K,   0% used [0x0000000087710000, 0x0000000087717608, 0x0000000087b30000)
  to   space 4224K,   0% used [0x0000000087b30000, 0x0000000087b30000, 0x0000000087f50000)
 concurrent mark-sweep generation total 137704K, used 83174K [0x000000009a2c0000, 0x00000000a293a000, 0x0000000100000000)
 Metaspace       used 111740K, capacity 118337K, committed 120492K, reserved 1155072K
  class space    used 13542K, capacity 14759K, committed 15328K, reserved 1048576K
2021-02-02T18:58:08.876+0000: 539674.108: [GC (Allocation Failure) 2021-02-02T18:58:08.876+0000: 539674.109: [ParNew
Desired survivor size 2162688 bytes, new threshold 6 (max 6)
- age   1:      30712 bytes,      30712 total
: 33885K->33K(38080K), 0.0019411 secs] 117059K->83207K(175784K), 0.0020477 secs] [Times: user=0.01 sys=0.00, real=0.00 secs] 
Heap after GC invocations=5541 (full 7):
 par new generation   total 38080K, used 33K [0x0000000085600000, 0x0000000087f50000, 0x000000009a2c0000)
  eden space 33856K,   0% used [0x0000000085600000, 0x0000000085600000, 0x0000000087710000)
  from space 4224K,   0% used [0x0000000087b30000, 0x0000000087b38628, 0x0000000087f50000)
  to   space 4224K,   0% used [0x0000000087710000, 0x0000000087710000, 0x0000000087b30000)
 concurrent mark-sweep generation total 137704K, used 83174K [0x000000009a2c0000, 0x00000000a293a000, 0x0000000100000000)
 Metaspace       used 111740K, capacity 118337K, committed 120492K, reserved 1155072K
  class space    used 13542K, capacity 14759K, committed 15328K, reserved 1048576K
}
2021-02-02T18:58:08.879+0000: 539674.111: Total time for which application threads were stopped: 0.0023100 seconds, Stopping threads took: 0.0000257 seconds
{Heap before GC invocations=5541 (full 7):
 par new generation   total 38080K, used 33889K [0x0000000085600000, 0x0000000087f50000, 0x000000009a2c0000)
  eden space 33856K, 100% used [0x0000000085600000, 0x0000000087710000, 0x0000000087710000)
  from space 4224K,   0% used [0x0000000087b30000, 0x0000000087b38628, 0x0000000087f50000)
  to   space 4224K,   0% used [0x0000000087710000, 0x0000000087710000, 0x0000000087b30000)
 concurrent mark-sweep generation total 137704K, used 83174K [0x000000009a2c0000, 0x00000000a293a000, 0x0000000100000000)
 Metaspace       used 111740K, capacity 118337K, committed 120492K, reserved 1155072K
  class space    used 13542K, capacity 14759K, committed 15328K, reserved 1048576K
2021-02-02T18:59:56.559+0000: 539781.792: [GC (Allocation Failure) 2021-02-02T18:59:56.559+0000: 539781.792: [ParNew
Desired survivor size 2162688 bytes, new threshold 6 (max 6)
- age   1:      29976 bytes,      29976 total
- age   2:        184 bytes,      30160 total
: 33889K->32K(38080K), 0.0028043 secs] 117063K->83206K(175784K), 0.0029186 secs] [Times: user=0.01 sys=0.00, real=0.00 secs] 
Heap after GC invocations=5542 (full 7):
 par new generation   total 38080K, used 32K [0x0000000085600000, 0x0000000087f50000, 0x000000009a2c0000)
  eden space 33856K,   0% used [0x0000000085600000, 0x0000000085600000, 0x0000000087710000)
  from space 4224K,   0% used [0x0000000087710000, 0x0000000087718250, 0x0000000087b30000)
  to   space 4224K,   0% used [0x0000000087b30000, 0x0000000087b30000, 0x0000000087f50000)
 concurrent mark-sweep generation total 137704K, used 83174K [0x000000009a2c0000, 0x00000000a293a000, 0x0000000100000000)
 Metaspace       used 111740K, capacity 118337K, committed 120492K, reserved 1155072K
  class space    used 13542K, capacity 14759K, committed 15328K, reserved 1048576K
}
2021-02-02T18:59:56.562+0000: 539781.794: Total time for which application threads were stopped: 0.0035237 seconds, Stopping threads took: 0.0001525 seconds
{Heap before GC invocations=5542 (full 7):
 par new generation   total 38080K, used 33888K [0x0000000085600000, 0x0000000087f50000, 0x000000009a2c0000)
  eden space 33856K, 100% used [0x0000000085600000, 0x0000000087710000, 0x0000000087710000)
  from space 4224K,   0% used [0x0000000087710000, 0x0000000087718250, 0x0000000087b30000)
  to   space 4224K,   0% used [0x0000000087b30000, 0x0000000087b30000, 0x0000000087f50000)
 concurrent mark-sweep generation total 137704K, used 83174K [0x000000009a2c0000, 0x00000000a293a000, 0x0000000100000000)
 Metaspace       used 111740K, capacity 118337K, committed 120492K, reserved 1155072K
  class space    used 13542K, capacity 14759K, committed 15328K, reserved 1048576K
2021-02-02T19:01:43.720+0000: 539888.953: [GC (Allocation Failure) 2021-02-02T19:01:43.721+0000: 539888.953: [ParNew
Desired survivor size 2162688 bytes, new threshold 6 (max 6)
- age   1:      96096 bytes,      96096 total
- age   2:        120 bytes,      96216 total
: 33888K->97K(38080K), 0.0059689 secs] 117062K->83271K(175784K), 0.0064558 secs] [Times: user=0.00 sys=0.01, real=0.01 secs] 
Heap after GC invocations=5543 (full 7):
 par new generation   total 38080K, used 97K [0x0000000085600000, 0x0000000087f50000, 0x000000009a2c0000)
  eden space 33856K,   0% used [0x0000000085600000, 0x0000000085600000, 0x0000000087710000)
  from space 4224K,   2% used [0x0000000087b30000, 0x0000000087b48638, 0x0000000087f50000)
  to   space 4224K,   0% used [0x0000000087710000, 0x0000000087710000, 0x0000000087b30000)
 concurrent mark-sweep generation total 137704K, used 83174K [0x000000009a2c0000, 0x00000000a293a000, 0x0000000100000000)
 Metaspace       used 111740K, capacity 118337K, committed 120492K, reserved 1155072K
  class space    used 13542K, capacity 14759K, committed 15328K, reserved 1048576K
}
2021-02-02T19:01:43.727+0000: 539888.959: Total time for which application threads were stopped: 0.0075163 seconds, Stopping threads took: 0.0001329 seconds
{Heap before GC invocations=5543 (full 7):
 par new generation   total 38080K, used 33953K [0x0000000085600000, 0x0000000087f50000, 0x000000009a2c0000)
  eden space 33856K, 100% used [0x0000000085600000, 0x0000000087710000, 0x0000000087710000)
  from space 4224K,   2% used [0x0000000087b30000, 0x0000000087b48638, 0x0000000087f50000)
  to   space 4224K,   0% used [0x0000000087710000, 0x0000000087710000, 0x0000000087b30000)
 concurrent mark-sweep generation total 137704K, used 83174K [0x000000009a2c0000, 0x00000000a293a000, 0x0000000100000000)
 Metaspace       used 111740K, capacity 118337K, committed 120492K, reserved 1155072K
  class space    used 13542K, capacity 14759K, committed 15328K, reserved 1048576K
2021-02-02T19:03:33.200+0000: 539998.432: [GC (Allocation Failure) 2021-02-02T19:03:33.200+0000: 539998.432: [ParNew
Desired survivor size 2162688 bytes, new threshold 6 (max 6)
- age   1:      25520 bytes,      25520 total
- age   2:        152 bytes,      25672 total
: 33953K->30K(38080K), 0.0231592 secs] 117127K->83204K(175784K), 0.0233911 secs] [Times: user=0.02 sys=0.00, real=0.02 secs] 
Heap after GC invocations=5544 (full 7):
 par new generation   total 38080K, used 30K [0x0000000085600000, 0x0000000087f50000, 0x000000009a2c0000)
  eden space 33856K,   0% used [0x0000000085600000, 0x0000000085600000, 0x0000000087710000)
  from space 4224K,   0% used [0x0000000087710000, 0x0000000087717850, 0x0000000087b30000)
  to   space 4224K,   0% used [0x0000000087b30000, 0x0000000087b30000, 0x0000000087f50000)
 concurrent mark-sweep generation total 137704K, used 83174K [0x000000009a2c0000, 0x00000000a293a000, 0x0000000100000000)
 Metaspace       used 111740K, capacity 118337K, committed 120492K, reserved 1155072K
  class space    used 13542K, capacity 14759K, committed 15328K, reserved 1048576K
}
2021-02-02T19:03:33.223+0000: 539998.455: Total time for which application threads were stopped: 0.0238872 seconds, Stopping threads took: 0.0000884 seconds
{Heap before GC invocations=5544 (full 7):
 par new generation   total 38080K, used 33886K [0x0000000085600000, 0x0000000087f50000, 0x000000009a2c0000)
  eden space 33856K, 100% used [0x0000000085600000, 0x0000000087710000, 0x0000000087710000)
  from space 4224K,   0% used [0x0000000087710000, 0x0000000087717850, 0x0000000087b30000)
  to   space 4224K,   0% used [0x0000000087b30000, 0x0000000087b30000, 0x0000000087f50000)
 concurrent mark-sweep generation total 137704K, used 83174K [0x000000009a2c0000, 0x00000000a293a000, 0x0000000100000000)
 Metaspace       used 111740K, capacity 118337K, committed 120492K, reserved 1155072K
  class space    used 13542K, capacity 14759K, committed 15328K, reserved 1048576K
2021-02-02T19:05:22.024+0000: 540107.256: [GC (Allocation Failure) 2021-02-02T19:05:22.024+0000: 540107.256: [ParNew
Desired survivor size 2162688 bytes, new threshold 6 (max 6)
- age   1:      25808 bytes,      25808 total
- age   2:        120 bytes,      25928 total
: 33886K->27K(38080K), 0.0034831 secs] 117060K->83201K(175784K), 0.0036521 secs] [Times: user=0.00 sys=0.00, real=0.01 secs] 
Heap after GC invocations=5545 (full 7):
 par new generation   total 38080K, used 27K [0x0000000085600000, 0x0000000087f50000, 0x000000009a2c0000)
  eden space 33856K,   0% used [0x0000000085600000, 0x0000000085600000, 0x0000000087710000)
  from space 4224K,   0% used [0x0000000087b30000, 0x0000000087b36df8, 0x0000000087f50000)
  to   space 4224K,   0% used [0x0000000087710000, 0x0000000087710000, 0x0000000087b30000)
 concurrent mark-sweep generation total 137704K, used 83174K [0x000000009a2c0000, 0x00000000a293a000, 0x0000000100000000)
 Metaspace       used 111740K, capacity 118337K, committed 120492K, reserved 1155072K
  class space    used 13542K, capacity 14759K, committed 15328K, reserved 1048576K
}
2021-02-02T19:05:22.028+0000: 540107.260: Total time for which application threads were stopped: 0.0041990 seconds, Stopping threads took: 0.0001215 seconds
{Heap before GC invocations=5545 (full 7):
 par new generation   total 38080K, used 33883K [0x0000000085600000, 0x0000000087f50000, 0x000000009a2c0000)
  eden space 33856K, 100% used [0x0000000085600000, 0x0000000087710000, 0x0000000087710000)
  from space 4224K,   0% used [0x0000000087b30000, 0x0000000087b36df8, 0x0000000087f50000)
  to   space 4224K,   0% used [0x0000000087710000, 0x0000000087710000, 0x0000000087b30000)
 concurrent mark-sweep generation total 137704K, used 83174K [0x000000009a2c0000, 0x00000000a293a000, 0x0000000100000000)
 Metaspace       used 111740K, capacity 118337K, committed 120492K, reserved 1155072K
  class space    used 13542K, capacity 14759K, committed 15328K, reserved 1048576K
2021-02-02T19:07:12.995+0000: 540218.227: [GC (Allocation Failure) 2021-02-02T19:07:12.995+0000: 540218.227: [ParNew
Desired survivor size 2162688 bytes, new threshold 6 (max 6)
- age   1:      67368 bytes,      67368 total
- age   2:         64 bytes,      67432 total
: 33883K->67K(38080K), 0.0071130 secs] 117057K->83241K(175784K), 0.0073047 secs] [Times: user=0.00 sys=0.01, real=0.00 secs] 
Heap after GC invocations=5546 (full 7):
 par new generation   total 38080K, used 67K [0x0000000085600000, 0x0000000087f50000, 0x000000009a2c0000)
  eden space 33856K,   0% used [0x0000000085600000, 0x0000000085600000, 0x0000000087710000)
  from space 4224K,   1% used [0x0000000087710000, 0x0000000087720fc8, 0x0000000087b30000)
  to   space 4224K,   0% used [0x0000000087b30000, 0x0000000087b30000, 0x0000000087f50000)
 concurrent mark-sweep generation total 137704K, used 83174K [0x000000009a2c0000, 0x00000000a293a000, 0x0000000100000000)
 Metaspace       used 111740K, capacity 118337K, committed 120492K, reserved 1155072K
  class space    used 13542K, capacity 14759K, committed 15328K, reserved 1048576K
}
2021-02-02T19:07:13.002+0000: 540218.234: Total time for which application threads were stopped: 0.0077605 seconds, Stopping threads took: 0.0000455 seconds
{Heap before GC invocations=5546 (full 7):
 par new generation   total 38080K, used 33923K [0x0000000085600000, 0x0000000087f50000, 0x000000009a2c0000)
  eden space 33856K, 100% used [0x0000000085600000, 0x0000000087710000, 0x0000000087710000)
  from space 4224K,   1% used [0x0000000087710000, 0x0000000087720fc8, 0x0000000087b30000)
  to   space 4224K,   0% used [0x0000000087b30000, 0x0000000087b30000, 0x0000000087f50000)
 concurrent mark-sweep generation total 137704K, used 83174K [0x000000009a2c0000, 0x00000000a293a000, 0x0000000100000000)
 Metaspace       used 111740K, capacity 118337K, committed 120492K, reserved 1155072K
  class space    used 13542K, capacity 14759K, committed 15328K, reserved 1048576K
2021-02-02T19:08:59.929+0000: 540325.161: [GC (Allocation Failure) 2021-02-02T19:08:59.929+0000: 540325.161: [ParNew
Desired survivor size 2162688 bytes, new threshold 6 (max 6)
- age   1:      65440 bytes,      65440 total
- age   2:      35424 bytes,     100864 total
- age   3:         64 bytes,     100928 total
: 33923K->102K(38080K), 0.0045989 secs] 117097K->83276K(175784K), 0.0047268 secs] [Times: user=0.00 sys=0.01, real=0.01 secs] 
Heap after GC invocations=5547 (full 7):
 par new generation   total 38080K, used 102K [0x0000000085600000, 0x0000000087f50000, 0x000000009a2c0000)
  eden space 33856K,   0% used [0x0000000085600000, 0x0000000085600000, 0x0000000087710000)
  from space 4224K,   2% used [0x0000000087b30000, 0x0000000087b49a38, 0x0000000087f50000)
  to   space 4224K,   0% used [0x0000000087710000, 0x0000000087710000, 0x0000000087b30000)
 concurrent mark-sweep generation total 137704K, used 83174K [0x000000009a2c0000, 0x00000000a293a000, 0x0000000100000000)
 Metaspace       used 111740K, capacity 118337K, committed 120492K, reserved 1155072K
  class space    used 13542K, capacity 14759K, committed 15328K, reserved 1048576K
}
2021-02-02T19:08:59.933+0000: 540325.166: Total time for which application threads were stopped: 0.0050695 seconds, Stopping threads took: 0.0000395 seconds
{Heap before GC invocations=5547 (full 7):
 par new generation   total 38080K, used 33958K [0x0000000085600000, 0x0000000087f50000, 0x000000009a2c0000)
  eden space 33856K, 100% used [0x0000000085600000, 0x0000000087710000, 0x0000000087710000)
  from space 4224K,   2% used [0x0000000087b30000, 0x0000000087b49a38, 0x0000000087f50000)
  to   space 4224K,   0% used [0x0000000087710000, 0x0000000087710000, 0x0000000087b30000)
 concurrent mark-sweep generation total 137704K, used 83174K [0x000000009a2c0000, 0x00000000a293a000, 0x0000000100000000)
 Metaspace       used 111740K, capacity 118337K, committed 120492K, reserved 1155072K
  class space    used 13542K, capacity 14759K, committed 15328K, reserved 1048576K
2021-02-02T19:10:46.802+0000: 540432.034: [GC (Allocation Failure) 2021-02-02T19:10:46.802+0000: 540432.034: [ParNew
Desired survivor size 2162688 bytes, new threshold 6 (max 6)
- age   1:      99576 bytes,      99576 total
- age   2:      33856 bytes,     133432 total
- age   3:      35104 bytes,     168536 total
- age   4:         32 bytes,     168568 total
: 33958K->171K(38080K), 0.0126505 secs] 117132K->83345K(175784K), 0.0129007 secs] [Times: user=0.01 sys=0.00, real=0.02 secs] 
Heap after GC invocations=5548 (full 7):
 par new generation   total 38080K, used 171K [0x0000000085600000, 0x0000000087f50000, 0x000000009a2c0000)
  eden space 33856K,   0% used [0x0000000085600000, 0x0000000085600000, 0x0000000087710000)
  from space 4224K,   4% used [0x0000000087710000, 0x000000008773ad88, 0x0000000087b30000)
  to   space 4224K,   0% used [0x0000000087b30000, 0x0000000087b30000, 0x0000000087f50000)
 concurrent mark-sweep generation total 137704K, used 83174K [0x000000009a2c0000, 0x00000000a293a000, 0x0000000100000000)
 Metaspace       used 111740K, capacity 118337K, committed 120492K, reserved 1155072K
  class space    used 13542K, capacity 14759K, committed 15328K, reserved 1048576K
}
2021-02-02T19:10:46.815+0000: 540432.047: Total time for which application threads were stopped: 0.0133667 seconds, Stopping threads took: 0.0000708 seconds
{Heap before GC invocations=5548 (full 7):
 par new generation   total 38080K, used 34027K [0x0000000085600000, 0x0000000087f50000, 0x000000009a2c0000)
  eden space 33856K, 100% used [0x0000000085600000, 0x0000000087710000, 0x0000000087710000)
  from space 4224K,   4% used [0x0000000087710000, 0x000000008773ad88, 0x0000000087b30000)
  to   space 4224K,   0% used [0x0000000087b30000, 0x0000000087b30000, 0x0000000087f50000)
 concurrent mark-sweep generation total 137704K, used 83174K [0x000000009a2c0000, 0x00000000a293a000, 0x0000000100000000)
 Metaspace       used 111740K, capacity 118337K, committed 120492K, reserved 1155072K
  class space    used 13542K, capacity 14759K, committed 15328K, reserved 1048576K
2021-02-02T19:12:35.168+0000: 540540.400: [GC (Allocation Failure) 2021-02-02T19:12:35.168+0000: 540540.400: [ParNew
Desired survivor size 2162688 bytes, new threshold 6 (max 6)
- age   1:      25584 bytes,      25584 total
- age   2:         72 bytes,      25656 total
- age   3:      33736 bytes,      59392 total
- age   4:      34848 bytes,      94240 total
- age   5:         32 bytes,      94272 total
: 34027K->93K(38080K), 0.0092494 secs] 117201K->83267K(175784K), 0.0094246 secs] [Times: user=0.01 sys=0.01, real=0.01 secs] 
Heap after GC invocations=5549 (full 7):
 par new generation   total 38080K, used 93K [0x0000000085600000, 0x0000000087f50000, 0x000000009a2c0000)
  eden space 33856K,   0% used [0x0000000085600000, 0x0000000085600000, 0x0000000087710000)
  from space 4224K,   2% used [0x0000000087b30000, 0x0000000087b476b8, 0x0000000087f50000)
  to   space 4224K,   0% used [0x0000000087710000, 0x0000000087710000, 0x0000000087b30000)
 concurrent mark-sweep generation total 137704K, used 83174K [0x000000009a2c0000, 0x00000000a293a000, 0x0000000100000000)
 Metaspace       used 111740K, capacity 118337K, committed 120492K, reserved 1155072K
  class space    used 13542K, capacity 14759K, committed 15328K, reserved 1048576K
}
2021-02-02T19:12:35.177+0000: 540540.409: Total time for which application threads were stopped: 0.0098950 seconds, Stopping threads took: 0.0000704 seconds
{Heap before GC invocations=5549 (full 7):
 par new generation   total 38080K, used 33949K [0x0000000085600000, 0x0000000087f50000, 0x000000009a2c0000)
  eden space 33856K, 100% used [0x0000000085600000, 0x0000000087710000, 0x0000000087710000)
  from space 4224K,   2% used [0x0000000087b30000, 0x0000000087b476b8, 0x0000000087f50000)
  to   space 4224K,   0% used [0x0000000087710000, 0x0000000087710000, 0x0000000087b30000)
 concurrent mark-sweep generation total 137704K, used 83174K [0x000000009a2c0000, 0x00000000a293a000, 0x0000000100000000)
 Metaspace       used 111740K, capacity 118337K, committed 120492K, reserved 1155072K
  class space    used 13542K, capacity 14759K, committed 15328K, reserved 1048576K
2021-02-02T19:14:23.736+0000: 540648.968: [GC (Allocation Failure) 2021-02-02T19:14:23.736+0000: 540648.968: [ParNew
Desired survivor size 2162688 bytes, new threshold 6 (max 6)
- age   1:      25888 bytes,      25888 total
- age   2:        120 bytes,      26008 total
- age   3:         32 bytes,      26040 total
- age   5:        360 bytes,      26400 total
- age   6:         32 bytes,      26432 total
: 33949K->31K(38080K), 0.0023244 secs] 117123K->83205K(175784K), 0.0025519 secs] [Times: user=0.01 sys=0.00, real=0.00 secs] 
Heap after GC invocations=5550 (full 7):
 par new generation   total 38080K, used 31K [0x0000000085600000, 0x0000000087f50000, 0x000000009a2c0000)
  eden space 33856K,   0% used [0x0000000085600000, 0x0000000085600000, 0x0000000087710000)
  from space 4224K,   0% used [0x0000000087710000, 0x0000000087717cb8, 0x0000000087b30000)
  to   space 4224K,   0% used [0x0000000087b30000, 0x0000000087b30000, 0x0000000087f50000)
 concurrent mark-sweep generation total 137704K, used 83174K [0x000000009a2c0000, 0x00000000a293a000, 0x0000000100000000)
 Metaspace       used 111740K, capacity 118337K, committed 120492K, reserved 1155072K
  class space    used 13542K, capacity 14759K, committed 15328K, reserved 1048576K
}
2021-02-02T19:14:23.738+0000: 540648.970: Total time for which application threads were stopped: 0.0030351 seconds, Stopping threads took: 0.0000871 seconds
{Heap before GC invocations=5550 (full 7):
 par new generation   total 38080K, used 33876K [0x0000000085600000, 0x0000000087f50000, 0x000000009a2c0000)
  eden space 33856K,  99% used [0x0000000085600000, 0x000000008770d480, 0x0000000087710000)
  from space 4224K,   0% used [0x0000000087710000, 0x0000000087717cb8, 0x0000000087b30000)
  to   space 4224K,   0% used [0x0000000087b30000, 0x0000000087b30000, 0x0000000087f50000)
 concurrent mark-sweep generation total 137704K, used 83174K [0x000000009a2c0000, 0x00000000a293a000, 0x0000000100000000)
 Metaspace       used 111740K, capacity 118337K, committed 120492K, reserved 1155072K
  class space    used 13542K, capacity 14759K, committed 15328K, reserved 1048576K
2021-02-02T19:16:13.179+0000: 540758.411: [GC (Allocation Failure) 2021-02-02T19:16:13.179+0000: 540758.411: [ParNew
Desired survivor size 2162688 bytes, new threshold 6 (max 6)
- age   1:      75136 bytes,      75136 total
- age   6:        360 bytes,      75496 total
: 33876K->76K(38080K), 0.0021200 secs] 117050K->83250K(175784K), 0.0022081 secs] [Times: user=0.00 sys=0.00, real=0.00 secs] 
Heap after GC invocations=5551 (full 7):
 par new generation   total 38080K, used 76K [0x0000000085600000, 0x0000000087f50000, 0x000000009a2c0000)
  eden space 33856K,   0% used [0x0000000085600000, 0x0000000085600000, 0x0000000087710000)
  from space 4224K,   1% used [0x0000000087b30000, 0x0000000087b43258, 0x0000000087f50000)
  to   space 4224K,   0% used [0x0000000087710000, 0x0000000087710000, 0x0000000087b30000)
 concurrent mark-sweep generation total 137704K, used 83174K [0x000000009a2c0000, 0x00000000a293a000, 0x0000000100000000)
 Metaspace       used 111740K, capacity 118337K, committed 120492K, reserved 1155072K
  class space    used 13542K, capacity 14759K, committed 15328K, reserved 1048576K
}
2021-02-02T19:16:13.181+0000: 540758.413: Total time for which application threads were stopped: 0.0024495 seconds, Stopping threads took: 0.0000302 seconds
{Heap before GC invocations=5551 (full 7):
 par new generation   total 38080K, used 33932K [0x0000000085600000, 0x0000000087f50000, 0x000000009a2c0000)
  eden space 33856K, 100% used [0x0000000085600000, 0x0000000087710000, 0x0000000087710000)
  from space 4224K,   1% used [0x0000000087b30000, 0x0000000087b43258, 0x0000000087f50000)
  to   space 4224K,   0% used [0x0000000087710000, 0x0000000087710000, 0x0000000087b30000)
 concurrent mark-sweep generation total 137704K, used 83174K [0x000000009a2c0000, 0x00000000a293a000, 0x0000000100000000)
 Metaspace       used 111740K, capacity 118337K, committed 120492K, reserved 1155072K
  class space    used 13542K, capacity 14759K, committed 15328K, reserved 1048576K
2021-02-02T19:18:03.859+0000: 540869.091: [GC (Allocation Failure) 2021-02-02T19:18:03.859+0000: 540869.091: [ParNew
Desired survivor size 2162688 bytes, new threshold 6 (max 6)
- age   1:      30080 bytes,      30080 total
- age   2:        216 bytes,      30296 total
: 33932K->40K(38080K), 0.0058900 secs] 117106K->83214K(175784K), 0.0061252 secs] [Times: user=0.01 sys=0.00, real=0.01 secs] 
Heap after GC invocations=5552 (full 7):
 par new generation   total 38080K, used 40K [0x0000000085600000, 0x0000000087f50000, 0x000000009a2c0000)
  eden space 33856K,   0% used [0x0000000085600000, 0x0000000085600000, 0x0000000087710000)
  from space 4224K,   0% used [0x0000000087710000, 0x000000008771a1e8, 0x0000000087b30000)
  to   space 4224K,   0% used [0x0000000087b30000, 0x0000000087b30000, 0x0000000087f50000)
 concurrent mark-sweep generation total 137704K, used 83174K [0x000000009a2c0000, 0x00000000a293a000, 0x0000000100000000)
 Metaspace       used 111740K, capacity 118337K, committed 120492K, reserved 1155072K
  class space    used 13542K, capacity 14759K, committed 15328K, reserved 1048576K
}
2021-02-02T19:18:03.865+0000: 540869.097: Total time for which application threads were stopped: 0.0066667 seconds, Stopping threads took: 0.0000646 seconds
{Heap before GC invocations=5552 (full 7):
 par new generation   total 38080K, used 33896K [0x0000000085600000, 0x0000000087f50000, 0x000000009a2c0000)
  eden space 33856K, 100% used [0x0000000085600000, 0x0000000087710000, 0x0000000087710000)
  from space 4224K,   0% used [0x0000000087710000, 0x000000008771a1e8, 0x0000000087b30000)
  to   space 4224K,   0% used [0x0000000087b30000, 0x0000000087b30000, 0x0000000087f50000)
 concurrent mark-sweep generation total 137704K, used 83174K [0x000000009a2c0000, 0x00000000a293a000, 0x0000000100000000)
 Metaspace       used 111740K, capacity 118337K, committed 120492K, reserved 1155072K
  class space    used 13542K, capacity 14759K, committed 15328K, reserved 1048576K
2021-02-02T19:19:51.483+0000: 540976.715: [GC (Allocation Failure) 2021-02-02T19:19:51.483+0000: 540976.715: [ParNew
Desired survivor size 2162688 bytes, new threshold 6 (max 6)
- age   1:      63776 bytes,      63776 total
- age   2:        120 bytes,      63896 total
- age   3:         32 bytes,      63928 total
: 33896K->65K(38080K), 0.0299003 secs] 117070K->83239K(175784K), 0.0302679 secs] [Times: user=0.05 sys=0.00, real=0.04 secs] 
Heap after GC invocations=5553 (full 7):
 par new generation   total 38080K, used 65K [0x0000000085600000, 0x0000000087f50000, 0x000000009a2c0000)
  eden space 33856K,   0% used [0x0000000085600000, 0x0000000085600000, 0x0000000087710000)
  from space 4224K,   1% used [0x0000000087b30000, 0x0000000087b40650, 0x0000000087f50000)
  to   space 4224K,   0% used [0x0000000087710000, 0x0000000087710000, 0x0000000087b30000)
 concurrent mark-sweep generation total 137704K, used 83174K [0x000000009a2c0000, 0x00000000a293a000, 0x0000000100000000)
 Metaspace       used 111740K, capacity 118337K, committed 120492K, reserved 1155072K
  class space    used 13542K, capacity 14759K, committed 15328K, reserved 1048576K
}
2021-02-02T19:19:51.513+0000: 540976.745: Total time for which application threads were stopped: 0.0314458 seconds, Stopping threads took: 0.0002229 seconds
{Heap before GC invocations=5553 (full 7):
 par new generation   total 38080K, used 33921K [0x0000000085600000, 0x0000000087f50000, 0x000000009a2c0000)
  eden space 33856K, 100% used [0x0000000085600000, 0x0000000087710000, 0x0000000087710000)
  from space 4224K,   1% used [0x0000000087b30000, 0x0000000087b40650, 0x0000000087f50000)
  to   space 4224K,   0% used [0x0000000087710000, 0x0000000087710000, 0x0000000087b30000)
 concurrent mark-sweep generation total 137704K, used 83174K [0x000000009a2c0000, 0x00000000a293a000, 0x0000000100000000)
 Metaspace       used 111740K, capacity 118337K, committed 120492K, reserved 1155072K
  class space    used 13542K, capacity 14759K, committed 15328K, reserved 1048576K
2021-02-02T19:21:40.534+0000: 541085.766: [GC (Allocation Failure) 2021-02-02T19:21:40.534+0000: 541085.766: [ParNew
Desired survivor size 2162688 bytes, new threshold 6 (max 6)
- age   1:      26000 bytes,      26000 total
- age   2:         48 bytes,      26048 total
- age   4:         32 bytes,      26080 total
: 33921K->27K(38080K), 0.0032570 secs] 117095K->83201K(175784K), 0.0034406 secs] [Times: user=0.01 sys=0.00, real=0.00 secs] 
Heap after GC invocations=5554 (full 7):
 par new generation   total 38080K, used 27K [0x0000000085600000, 0x0000000087f50000, 0x000000009a2c0000)
  eden space 33856K,   0% used [0x0000000085600000, 0x0000000085600000, 0x0000000087710000)
  from space 4224K,   0% used [0x0000000087710000, 0x0000000087716cf0, 0x0000000087b30000)
  to   space 4224K,   0% used [0x0000000087b30000, 0x0000000087b30000, 0x0000000087f50000)
 concurrent mark-sweep generation total 137704K, used 83174K [0x000000009a2c0000, 0x00000000a293a000, 0x0000000100000000)
 Metaspace       used 111740K, capacity 118337K, committed 120492K, reserved 1155072K
  class space    used 13542K, capacity 14759K, committed 15328K, reserved 1048576K
}
2021-02-02T19:21:40.538+0000: 541085.770: Total time for which application threads were stopped: 0.0038586 seconds, Stopping threads took: 0.0000662 seconds
{Heap before GC invocations=5554 (full 7):
 par new generation   total 38080K, used 33883K [0x0000000085600000, 0x0000000087f50000, 0x000000009a2c0000)
  eden space 33856K, 100% used [0x0000000085600000, 0x0000000087710000, 0x0000000087710000)
  from space 4224K,   0% used [0x0000000087710000, 0x0000000087716cf0, 0x0000000087b30000)
  to   space 4224K,   0% used [0x0000000087b30000, 0x0000000087b30000, 0x0000000087f50000)
 concurrent mark-sweep generation total 137704K, used 83174K [0x000000009a2c0000, 0x00000000a293a000, 0x0000000100000000)
 Metaspace       used 111740K, capacity 118337K, committed 120492K, reserved 1155072K
  class space    used 13542K, capacity 14759K, committed 15328K, reserved 1048576K
2021-02-02T19:23:29.807+0000: 541195.039: [GC (Allocation Failure) 2021-02-02T19:23:29.807+0000: 541195.039: [ParNew
Desired survivor size 2162688 bytes, new threshold 6 (max 6)
- age   1:      25496 bytes,      25496 total
- age   2:        120 bytes,      25616 total
- age   5:         32 bytes,      25648 total
: 33883K->29K(38080K), 0.0087990 secs] 117057K->83204K(175784K), 0.0090138 secs] [Times: user=0.01 sys=0.01, real=0.01 secs] 
Heap after GC invocations=5555 (full 7):
 par new generation   total 38080K, used 29K [0x0000000085600000, 0x0000000087f50000, 0x000000009a2c0000)
  eden space 33856K,   0% used [0x0000000085600000, 0x0000000085600000, 0x0000000087710000)
  from space 4224K,   0% used [0x0000000087b30000, 0x0000000087b37680, 0x0000000087f50000)
  to   space 4224K,   0% used [0x0000000087710000, 0x0000000087710000, 0x0000000087b30000)
 concurrent mark-sweep generation total 137704K, used 83174K [0x000000009a2c0000, 0x00000000a293a000, 0x0000000100000000)
 Metaspace       used 111740K, capacity 118337K, committed 120492K, reserved 1155072K
  class space    used 13542K, capacity 14759K, committed 15328K, reserved 1048576K
}
2021-02-02T19:23:29.816+0000: 541195.048: Total time for which application threads were stopped: 0.0095730 seconds, Stopping threads took: 0.0000735 seconds
{Heap before GC invocations=5555 (full 7):
 par new generation   total 38080K, used 33885K [0x0000000085600000, 0x0000000087f50000, 0x000000009a2c0000)
  eden space 33856K, 100% used [0x0000000085600000, 0x0000000087710000, 0x0000000087710000)
  from space 4224K,   0% used [0x0000000087b30000, 0x0000000087b37680, 0x0000000087f50000)
  to   space 4224K,   0% used [0x0000000087710000, 0x0000000087710000, 0x0000000087b30000)
 concurrent mark-sweep generation total 137704K, used 83174K [0x000000009a2c0000, 0x00000000a293a000, 0x0000000100000000)
 Metaspace       used 111740K, capacity 118337K, committed 120492K, reserved 1155072K
  class space    used 13542K, capacity 14759K, committed 15328K, reserved 1048576K
2021-02-02T19:25:19.055+0000: 541304.287: [GC (Allocation Failure) 2021-02-02T19:25:19.055+0000: 541304.287: [ParNew
Desired survivor size 2162688 bytes, new threshold 6 (max 6)
- age   1:      25744 bytes,      25744 total
- age   2:        120 bytes,      25864 total
: 33885K->27K(38080K), 0.0050255 secs] 117060K->83202K(175784K), 0.0052991 secs] [Times: user=0.01 sys=0.00, real=0.00 secs] 
Heap after GC invocations=5556 (full 7):
 par new generation   total 38080K, used 27K [0x0000000085600000, 0x0000000087f50000, 0x000000009a2c0000)
  eden space 33856K,   0% used [0x0000000085600000, 0x0000000085600000, 0x0000000087710000)
  from space 4224K,   0% used [0x0000000087710000, 0x0000000087716f20, 0x0000000087b30000)
  to   space 4224K,   0% used [0x0000000087b30000, 0x0000000087b30000, 0x0000000087f50000)
 concurrent mark-sweep generation total 137704K, used 83174K [0x000000009a2c0000, 0x00000000a293a000, 0x0000000100000000)
 Metaspace       used 111740K, capacity 118337K, committed 120492K, reserved 1155072K
  class space    used 13542K, capacity 14759K, committed 15328K, reserved 1048576K
}
2021-02-02T19:25:19.060+0000: 541304.292: Total time for which application threads were stopped: 0.0056100 seconds, Stopping threads took: 0.0000324 seconds
{Heap before GC invocations=5556 (full 7):
 par new generation   total 38080K, used 33883K [0x0000000085600000, 0x0000000087f50000, 0x000000009a2c0000)
  eden space 33856K, 100% used [0x0000000085600000, 0x0000000087710000, 0x0000000087710000)
  from space 4224K,   0% used [0x0000000087710000, 0x0000000087716f20, 0x0000000087b30000)
  to   space 4224K,   0% used [0x0000000087b30000, 0x0000000087b30000, 0x0000000087f50000)
 concurrent mark-sweep generation total 137704K, used 83174K [0x000000009a2c0000, 0x00000000a293a000, 0x0000000100000000)
 Metaspace       used 111740K, capacity 118337K, committed 120492K, reserved 1155072K
  class space    used 13542K, capacity 14759K, committed 15328K, reserved 1048576K
2021-02-02T19:27:10.360+0000: 541415.592: [GC (Allocation Failure) 2021-02-02T19:27:10.360+0000: 541415.592: [ParNew
Desired survivor size 2162688 bytes, new threshold 6 (max 6)
- age   1:      30352 bytes,      30352 total
: 33883K->33K(38080K), 0.0079067 secs] 117058K->83207K(175784K), 0.0080653 secs] [Times: user=0.02 sys=0.00, real=0.01 secs] 
Heap after GC invocations=5557 (full 7):
 par new generation   total 38080K, used 33K [0x0000000085600000, 0x0000000087f50000, 0x000000009a2c0000)
  eden space 33856K,   0% used [0x0000000085600000, 0x0000000085600000, 0x0000000087710000)
  from space 4224K,   0% used [0x0000000087b30000, 0x0000000087b38628, 0x0000000087f50000)
  to   space 4224K,   0% used [0x0000000087710000, 0x0000000087710000, 0x0000000087b30000)
 concurrent mark-sweep generation total 137704K, used 83174K [0x000000009a2c0000, 0x00000000a293a000, 0x0000000100000000)
 Metaspace       used 111740K, capacity 118337K, committed 120492K, reserved 1155072K
  class space    used 13542K, capacity 14759K, committed 15328K, reserved 1048576K
}
2021-02-02T19:27:10.368+0000: 541415.600: Total time for which application threads were stopped: 0.0085029 seconds, Stopping threads took: 0.0000642 seconds
{Heap before GC invocations=5557 (full 7):
 par new generation   total 38080K, used 33889K [0x0000000085600000, 0x0000000087f50000, 0x000000009a2c0000)
  eden space 33856K, 100% used [0x0000000085600000, 0x0000000087710000, 0x0000000087710000)
  from space 4224K,   0% used [0x0000000087b30000, 0x0000000087b38628, 0x0000000087f50000)
  to   space 4224K,   0% used [0x0000000087710000, 0x0000000087710000, 0x0000000087b30000)
 concurrent mark-sweep generation total 137704K, used 83174K [0x000000009a2c0000, 0x00000000a293a000, 0x0000000100000000)
 Metaspace       used 111740K, capacity 118337K, committed 120492K, reserved 1155072K
  class space    used 13542K, capacity 14759K, committed 15328K, reserved 1048576K
2021-02-02T19:28:57.993+0000: 541523.225: [GC (Allocation Failure) 2021-02-02T19:28:57.993+0000: 541523.225: [ParNew
Desired survivor size 2162688 bytes, new threshold 6 (max 6)
- age   1:      30144 bytes,      30144 total
- age   2:        216 bytes,      30360 total
: 33889K->32K(38080K), 0.0020213 secs] 117063K->83207K(175784K), 0.0021542 secs] [Times: user=0.00 sys=0.00, real=0.00 secs] 
Heap after GC invocations=5558 (full 7):
 par new generation   total 38080K, used 32K [0x0000000085600000, 0x0000000087f50000, 0x000000009a2c0000)
  eden space 33856K,   0% used [0x0000000085600000, 0x0000000085600000, 0x0000000087710000)
  from space 4224K,   0% used [0x0000000087710000, 0x00000000877183a0, 0x0000000087b30000)
  to   space 4224K,   0% used [0x0000000087b30000, 0x0000000087b30000, 0x0000000087f50000)
 concurrent mark-sweep generation total 137704K, used 83174K [0x000000009a2c0000, 0x00000000a293a000, 0x0000000100000000)
 Metaspace       used 111740K, capacity 118337K, committed 120492K, reserved 1155072K
  class space    used 13542K, capacity 14759K, committed 15328K, reserved 1048576K
}
2021-02-02T19:28:57.995+0000: 541523.227: Total time for which application threads were stopped: 0.0024634 seconds, Stopping threads took: 0.0000777 seconds
{Heap before GC invocations=5558 (full 7):
 par new generation   total 38080K, used 33888K [0x0000000085600000, 0x0000000087f50000, 0x000000009a2c0000)
  eden space 33856K, 100% used [0x0000000085600000, 0x0000000087710000, 0x0000000087710000)
  from space 4224K,   0% used [0x0000000087710000, 0x00000000877183a0, 0x0000000087b30000)
  to   space 4224K,   0% used [0x0000000087b30000, 0x0000000087b30000, 0x0000000087f50000)
 concurrent mark-sweep generation total 137704K, used 83174K [0x000000009a2c0000, 0x00000000a293a000, 0x0000000100000000)
 Metaspace       used 111740K, capacity 118337K, committed 120492K, reserved 1155072K
  class space    used 13542K, capacity 14759K, committed 15328K, reserved 1048576K
2021-02-02T19:30:45.165+0000: 541630.397: [GC (Allocation Failure) 2021-02-02T19:30:45.165+0000: 541630.397: [ParNew
Desired survivor size 2162688 bytes, new threshold 6 (max 6)
- age   1:      96056 bytes,      96056 total
- age   2:        120 bytes,      96176 total
- age   3:         32 bytes,      96208 total
: 33888K->95K(38080K), 0.0029737 secs] 117063K->83269K(175784K), 0.0030610 secs] [Times: user=0.00 sys=0.00, real=0.00 secs] 
Heap after GC invocations=5559 (full 7):
 par new generation   total 38080K, used 95K [0x0000000085600000, 0x0000000087f50000, 0x000000009a2c0000)
  eden space 33856K,   0% used [0x0000000085600000, 0x0000000085600000, 0x0000000087710000)
  from space 4224K,   2% used [0x0000000087b30000, 0x0000000087b47d60, 0x0000000087f50000)
  to   space 4224K,   0% used [0x0000000087710000, 0x0000000087710000, 0x0000000087b30000)
 concurrent mark-sweep generation total 137704K, used 83174K [0x000000009a2c0000, 0x00000000a293a000, 0x0000000100000000)
 Metaspace       used 111740K, capacity 118337K, committed 120492K, reserved 1155072K
  class space    used 13542K, capacity 14759K, committed 15328K, reserved 1048576K
}
2021-02-02T19:30:45.168+0000: 541630.400: Total time for which application threads were stopped: 0.0032984 seconds, Stopping threads took: 0.0000305 seconds
{Heap before GC invocations=5559 (full 7):
 par new generation   total 38080K, used 33951K [0x0000000085600000, 0x0000000087f50000, 0x000000009a2c0000)
  eden space 33856K, 100% used [0x0000000085600000, 0x0000000087710000, 0x0000000087710000)
  from space 4224K,   2% used [0x0000000087b30000, 0x0000000087b47d60, 0x0000000087f50000)
  to   space 4224K,   0% used [0x0000000087710000, 0x0000000087710000, 0x0000000087b30000)
 concurrent mark-sweep generation total 137704K, used 83174K [0x000000009a2c0000, 0x00000000a293a000, 0x0000000100000000)
 Metaspace       used 111740K, capacity 118337K, committed 120492K, reserved 1155072K
  class space    used 13542K, capacity 14759K, committed 15328K, reserved 1048576K
2021-02-02T19:32:33.953+0000: 541739.185: [GC (Allocation Failure) 2021-02-02T19:32:33.953+0000: 541739.185: [ParNew
Desired survivor size 2162688 bytes, new threshold 6 (max 6)
- age   1:      25744 bytes,      25744 total
- age   2:        152 bytes,      25896 total
- age   4:         32 bytes,      25928 total
: 33951K->30K(38080K), 0.0026473 secs] 117125K->83204K(175784K), 0.0028705 secs] [Times: user=0.01 sys=0.00, real=0.00 secs] 
Heap after GC invocations=5560 (full 7):
 par new generation   total 38080K, used 30K [0x0000000085600000, 0x0000000087f50000, 0x000000009a2c0000)
  eden space 33856K,   0% used [0x0000000085600000, 0x0000000085600000, 0x0000000087710000)
  from space 4224K,   0% used [0x0000000087710000, 0x0000000087717998, 0x0000000087b30000)
  to   space 4224K,   0% used [0x0000000087b30000, 0x0000000087b30000, 0x0000000087f50000)
 concurrent mark-sweep generation total 137704K, used 83174K [0x000000009a2c0000, 0x00000000a293a000, 0x0000000100000000)
 Metaspace       used 111740K, capacity 118337K, committed 120492K, reserved 1155072K
  class space    used 13542K, capacity 14759K, committed 15328K, reserved 1048576K
}
2021-02-02T19:32:33.956+0000: 541739.188: Total time for which application threads were stopped: 0.0032226 seconds, Stopping threads took: 0.0000254 seconds
{Heap before GC invocations=5560 (full 7):
 par new generation   total 38080K, used 33886K [0x0000000085600000, 0x0000000087f50000, 0x000000009a2c0000)
  eden space 33856K, 100% used [0x0000000085600000, 0x0000000087710000, 0x0000000087710000)
  from space 4224K,   0% used [0x0000000087710000, 0x0000000087717998, 0x0000000087b30000)
  to   space 4224K,   0% used [0x0000000087b30000, 0x0000000087b30000, 0x0000000087f50000)
 concurrent mark-sweep generation total 137704K, used 83174K [0x000000009a2c0000, 0x00000000a293a000, 0x0000000100000000)
 Metaspace       used 111740K, capacity 118337K, committed 120492K, reserved 1155072K
  class space    used 13542K, capacity 14759K, committed 15328K, reserved 1048576K
2021-02-02T19:34:22.730+0000: 541847.962: [GC (Allocation Failure) 2021-02-02T19:34:22.730+0000: 541847.962: [ParNew
Desired survivor size 2162688 bytes, new threshold 6 (max 6)
- age   1:      25880 bytes,      25880 total
- age   2:        120 bytes,      26000 total
- age   3:         32 bytes,      26032 total
: 33886K->29K(38080K), 0.0075841 secs] 117060K->83203K(175784K), 0.0077672 secs] [Times: user=0.01 sys=0.00, real=0.01 secs] 
Heap after GC invocations=5561 (full 7):
 par new generation   total 38080K, used 29K [0x0000000085600000, 0x0000000087f50000, 0x000000009a2c0000)
  eden space 33856K,   0% used [0x0000000085600000, 0x0000000085600000, 0x0000000087710000)
  from space 4224K,   0% used [0x0000000087b30000, 0x0000000087b37608, 0x0000000087f50000)
  to   space 4224K,   0% used [0x0000000087710000, 0x0000000087710000, 0x0000000087b30000)
 concurrent mark-sweep generation total 137704K, used 83174K [0x000000009a2c0000, 0x00000000a293a000, 0x0000000100000000)
 Metaspace       used 111740K, capacity 118337K, committed 120492K, reserved 1155072K
  class space    used 13542K, capacity 14759K, committed 15328K, reserved 1048576K
}
2021-02-02T19:34:22.738+0000: 541847.970: Total time for which application threads were stopped: 0.0082487 seconds, Stopping threads took: 0.0001116 seconds
{Heap before GC invocations=5561 (full 7):
 par new generation   total 38080K, used 33885K [0x0000000085600000, 0x0000000087f50000, 0x000000009a2c0000)
  eden space 33856K, 100% used [0x0000000085600000, 0x0000000087710000, 0x0000000087710000)
  from space 4224K,   0% used [0x0000000087b30000, 0x0000000087b37608, 0x0000000087f50000)
  to   space 4224K,   0% used [0x0000000087710000, 0x0000000087710000, 0x0000000087b30000)
 concurrent mark-sweep generation total 137704K, used 83174K [0x000000009a2c0000, 0x00000000a293a000, 0x0000000100000000)
 Metaspace       used 111740K, capacity 118337K, committed 120492K, reserved 1155072K
  class space    used 13542K, capacity 14759K, committed 15328K, reserved 1048576K
2021-02-02T19:36:13.192+0000: 541958.424: [GC (Allocation Failure) 2021-02-02T19:36:13.192+0000: 541958.425: [ParNew
Desired survivor size 2162688 bytes, new threshold 6 (max 6)
- age   1:      58200 bytes,      58200 total
- age   2:         32 bytes,      58232 total
: 33885K->57K(38080K), 0.0045295 secs] 117059K->83232K(175784K), 0.0047467 secs] [Times: user=0.01 sys=0.00, real=0.01 secs] 
Heap after GC invocations=5562 (full 7):
 par new generation   total 38080K, used 57K [0x0000000085600000, 0x0000000087f50000, 0x000000009a2c0000)
  eden space 33856K,   0% used [0x0000000085600000, 0x0000000085600000, 0x0000000087710000)
  from space 4224K,   1% used [0x0000000087710000, 0x000000008771e708, 0x0000000087b30000)
  to   space 4224K,   0% used [0x0000000087b30000, 0x0000000087b30000, 0x0000000087f50000)
 concurrent mark-sweep generation total 137704K, used 83174K [0x000000009a2c0000, 0x00000000a293a000, 0x0000000100000000)
 Metaspace       used 111740K, capacity 118337K, committed 120492K, reserved 1155072K
  class space    used 13542K, capacity 14759K, committed 15328K, reserved 1048576K
}
2021-02-02T19:36:13.197+0000: 541958.429: Total time for which application threads were stopped: 0.0052690 seconds, Stopping threads took: 0.0000806 seconds
{Heap before GC invocations=5562 (full 7):
 par new generation   total 38080K, used 33913K [0x0000000085600000, 0x0000000087f50000, 0x000000009a2c0000)
  eden space 33856K, 100% used [0x0000000085600000, 0x0000000087710000, 0x0000000087710000)
  from space 4224K,   1% used [0x0000000087710000, 0x000000008771e708, 0x0000000087b30000)
  to   space 4224K,   0% used [0x0000000087b30000, 0x0000000087b30000, 0x0000000087f50000)
 concurrent mark-sweep generation total 137704K, used 83174K [0x000000009a2c0000, 0x00000000a293a000, 0x0000000100000000)
 Metaspace       used 111740K, capacity 118337K, committed 120492K, reserved 1155072K
  class space    used 13542K, capacity 14759K, committed 15328K, reserved 1048576K
2021-02-02T19:38:02.084+0000: 542067.316: [GC (Allocation Failure) 2021-02-02T19:38:02.084+0000: 542067.316: [ParNew
Desired survivor size 2162688 bytes, new threshold 6 (max 6)
- age   1:      30112 bytes,      30112 total
- age   2:        184 bytes,      30296 total
- age   3:         32 bytes,      30328 total
: 33913K->30K(38080K), 0.0025419 secs] 117088K->83204K(175784K), 0.0028238 secs] [Times: user=0.01 sys=0.00, real=0.01 secs] 
Heap after GC invocations=5563 (full 7):
 par new generation   total 38080K, used 30K [0x0000000085600000, 0x0000000087f50000, 0x000000009a2c0000)
  eden space 33856K,   0% used [0x0000000085600000, 0x0000000085600000, 0x0000000087710000)
  from space 4224K,   0% used [0x0000000087b30000, 0x0000000087b37a00, 0x0000000087f50000)
  to   space 4224K,   0% used [0x0000000087710000, 0x0000000087710000, 0x0000000087b30000)
 concurrent mark-sweep generation total 137704K, used 83174K [0x000000009a2c0000, 0x00000000a293a000, 0x0000000100000000)
 Metaspace       used 111740K, capacity 118337K, committed 120492K, reserved 1155072K
  class space    used 13542K, capacity 14759K, committed 15328K, reserved 1048576K
}
2021-02-02T19:38:02.087+0000: 542067.319: Total time for which application threads were stopped: 0.0038559 seconds, Stopping threads took: 0.0002855 seconds
{Heap before GC invocations=5563 (full 7):
 par new generation   total 38080K, used 33886K [0x0000000085600000, 0x0000000087f50000, 0x000000009a2c0000)
  eden space 33856K, 100% used [0x0000000085600000, 0x0000000087710000, 0x0000000087710000)
  from space 4224K,   0% used [0x0000000087b30000, 0x0000000087b37a00, 0x0000000087f50000)
  to   space 4224K,   0% used [0x0000000087710000, 0x0000000087710000, 0x0000000087b30000)
 concurrent mark-sweep generation total 137704K, used 83174K [0x000000009a2c0000, 0x00000000a293a000, 0x0000000100000000)
 Metaspace       used 111740K, capacity 118337K, committed 120492K, reserved 1155072K
  class space    used 13542K, capacity 14759K, committed 15328K, reserved 1048576K
2021-02-02T19:39:49.383+0000: 542174.616: [GC (Allocation Failure) 2021-02-02T19:39:49.384+0000: 542174.616: [ParNew
Desired survivor size 2162688 bytes, new threshold 6 (max 6)
- age   1:      63960 bytes,      63960 total
- age   2:        120 bytes,      64080 total
- age   3:         32 bytes,      64112 total
- age   4:         32 bytes,      64144 total
: 33886K->68K(38080K), 0.0028470 secs] 117060K->83242K(175784K), 0.0029745 secs] [Times: user=0.01 sys=0.00, real=0.01 secs] 
Heap after GC invocations=5564 (full 7):
 par new generation   total 38080K, used 68K [0x0000000085600000, 0x0000000087f50000, 0x000000009a2c0000)
  eden space 33856K,   0% used [0x0000000085600000, 0x0000000085600000, 0x0000000087710000)
  from space 4224K,   1% used [0x0000000087710000, 0x0000000087721070, 0x0000000087b30000)
  to   space 4224K,   0% used [0x0000000087b30000, 0x0000000087b30000, 0x0000000087f50000)
 concurrent mark-sweep generation total 137704K, used 83174K [0x000000009a2c0000, 0x00000000a293a000, 0x0000000100000000)
 Metaspace       used 111740K, capacity 118337K, committed 120492K, reserved 1155072K
  class space    used 13542K, capacity 14759K, committed 15328K, reserved 1048576K
}
2021-02-02T19:39:49.387+0000: 542174.619: Total time for which application threads were stopped: 0.0032496 seconds, Stopping threads took: 0.0000278 seconds
{Heap before GC invocations=5564 (full 7):
 par new generation   total 38080K, used 33924K [0x0000000085600000, 0x0000000087f50000, 0x000000009a2c0000)
  eden space 33856K, 100% used [0x0000000085600000, 0x0000000087710000, 0x0000000087710000)
  from space 4224K,   1% used [0x0000000087710000, 0x0000000087721070, 0x0000000087b30000)
  to   space 4224K,   0% used [0x0000000087b30000, 0x0000000087b30000, 0x0000000087f50000)
 concurrent mark-sweep generation total 137704K, used 83174K [0x000000009a2c0000, 0x00000000a293a000, 0x0000000100000000)
 Metaspace       used 111740K, capacity 118337K, committed 120492K, reserved 1155072K
  class space    used 13542K, capacity 14759K, committed 15328K, reserved 1048576K
2021-02-02T19:41:38.102+0000: 542283.334: [GC (Allocation Failure) 2021-02-02T19:41:38.102+0000: 542283.334: [ParNew
Desired survivor size 2162688 bytes, new threshold 6 (max 6)
- age   1:      25664 bytes,      25664 total
- age   2:         48 bytes,      25712 total
- age   4:         32 bytes,      25744 total
- age   5:         32 bytes,      25776 total
: 33924K->30K(38080K), 0.0021243 secs] 117098K->83205K(175784K), 0.0022246 secs] [Times: user=0.01 sys=0.01, real=0.00 secs] 
Heap after GC invocations=5565 (full 7):
 par new generation   total 38080K, used 30K [0x0000000085600000, 0x0000000087f50000, 0x000000009a2c0000)
  eden space 33856K,   0% used [0x0000000085600000, 0x0000000085600000, 0x0000000087710000)
  from space 4224K,   0% used [0x0000000087b30000, 0x0000000087b37b38, 0x0000000087f50000)
  to   space 4224K,   0% used [0x0000000087710000, 0x0000000087710000, 0x0000000087b30000)
 concurrent mark-sweep generation total 137704K, used 83174K [0x000000009a2c0000, 0x00000000a293a000, 0x0000000100000000)
 Metaspace       used 111740K, capacity 118337K, committed 120492K, reserved 1155072K
  class space    used 13542K, capacity 14759K, committed 15328K, reserved 1048576K
}
2021-02-02T19:41:38.104+0000: 542283.336: Total time for which application threads were stopped: 0.0025175 seconds, Stopping threads took: 0.0001051 seconds
{Heap before GC invocations=5565 (full 7):
 par new generation   total 38080K, used 33886K [0x0000000085600000, 0x0000000087f50000, 0x000000009a2c0000)
  eden space 33856K, 100% used [0x0000000085600000, 0x0000000087710000, 0x0000000087710000)
  from space 4224K,   0% used [0x0000000087b30000, 0x0000000087b37b38, 0x0000000087f50000)
  to   space 4224K,   0% used [0x0000000087710000, 0x0000000087710000, 0x0000000087b30000)
 concurrent mark-sweep generation total 137704K, used 83174K [0x000000009a2c0000, 0x00000000a293a000, 0x0000000100000000)
 Metaspace       used 111740K, capacity 118337K, committed 120492K, reserved 1155072K
  class space    used 13542K, capacity 14759K, committed 15328K, reserved 1048576K
2021-02-02T19:43:26.967+0000: 542392.199: [GC (Allocation Failure) 2021-02-02T19:43:26.967+0000: 542392.199: [ParNew
Desired survivor size 2162688 bytes, new threshold 6 (max 6)
- age   1:      25784 bytes,      25784 total
- age   2:        120 bytes,      25904 total
- age   5:         32 bytes,      25936 total
: 33886K->27K(38080K), 0.0269850 secs] 117061K->83202K(175784K), 0.0272185 secs] [Times: user=0.06 sys=0.00, real=0.03 secs] 
Heap after GC invocations=5566 (full 7):
 par new generation   total 38080K, used 27K [0x0000000085600000, 0x0000000087f50000, 0x000000009a2c0000)
  eden space 33856K,   0% used [0x0000000085600000, 0x0000000085600000, 0x0000000087710000)
  from space 4224K,   0% used [0x0000000087710000, 0x0000000087716f98, 0x0000000087b30000)
  to   space 4224K,   0% used [0x0000000087b30000, 0x0000000087b30000, 0x0000000087f50000)
 concurrent mark-sweep generation total 137704K, used 83174K [0x000000009a2c0000, 0x00000000a293a000, 0x0000000100000000)
 Metaspace       used 111740K, capacity 118337K, committed 120492K, reserved 1155072K
  class space    used 13542K, capacity 14759K, committed 15328K, reserved 1048576K
}
2021-02-02T19:43:26.994+0000: 542392.226: Total time for which application threads were stopped: 0.0276165 seconds, Stopping threads took: 0.0000382 seconds
{Heap before GC invocations=5566 (full 7):
 par new generation   total 38080K, used 33883K [0x0000000085600000, 0x0000000087f50000, 0x000000009a2c0000)
  eden space 33856K, 100% used [0x0000000085600000, 0x0000000087710000, 0x0000000087710000)
  from space 4224K,   0% used [0x0000000087710000, 0x0000000087716f98, 0x0000000087b30000)
  to   space 4224K,   0% used [0x0000000087b30000, 0x0000000087b30000, 0x0000000087f50000)
 concurrent mark-sweep generation total 137704K, used 83174K [0x000000009a2c0000, 0x00000000a293a000, 0x0000000100000000)
 Metaspace       used 111740K, capacity 118337K, committed 120492K, reserved 1155072K
  class space    used 13542K, capacity 14759K, committed 15328K, reserved 1048576K
2021-02-02T19:45:15.877+0000: 542501.109: [GC (Allocation Failure) 2021-02-02T19:45:15.877+0000: 542501.109: [ParNew
Desired survivor size 2162688 bytes, new threshold 6 (max 6)
- age   1:      28824 bytes,      28824 total
- age   2:        152 bytes,      28976 total
: 33883K->31K(38080K), 0.3301740 secs] 117058K->83206K(175784K), 0.3303534 secs] [Times: user=0.89 sys=0.00, real=0.33 secs] 
Heap after GC invocations=5567 (full 7):
 par new generation   total 38080K, used 31K [0x0000000085600000, 0x0000000087f50000, 0x000000009a2c0000)
  eden space 33856K,   0% used [0x0000000085600000, 0x0000000085600000, 0x0000000087710000)
  from space 4224K,   0% used [0x0000000087b30000, 0x0000000087b37ff8, 0x0000000087f50000)
  to   space 4224K,   0% used [0x0000000087710000, 0x0000000087710000, 0x0000000087b30000)
 concurrent mark-sweep generation total 137704K, used 83174K [0x000000009a2c0000, 0x00000000a293a000, 0x0000000100000000)
 Metaspace       used 111740K, capacity 118337K, committed 120492K, reserved 1155072K
  class space    used 13542K, capacity 14759K, committed 15328K, reserved 1048576K
}
2021-02-02T19:45:16.208+0000: 542501.440: Total time for which application threads were stopped: 0.3306674 seconds, Stopping threads took: 0.0000297 seconds
{Heap before GC invocations=5567 (full 7):
 par new generation   total 38080K, used 33887K [0x0000000085600000, 0x0000000087f50000, 0x000000009a2c0000)
  eden space 33856K, 100% used [0x0000000085600000, 0x0000000087710000, 0x0000000087710000)
  from space 4224K,   0% used [0x0000000087b30000, 0x0000000087b37ff8, 0x0000000087f50000)
  to   space 4224K,   0% used [0x0000000087710000, 0x0000000087710000, 0x0000000087b30000)
 concurrent mark-sweep generation total 137704K, used 83174K [0x000000009a2c0000, 0x00000000a293a000, 0x0000000100000000)
 Metaspace       used 111740K, capacity 118337K, committed 120492K, reserved 1155072K
  class space    used 13542K, capacity 14759K, committed 15328K, reserved 1048576K
2021-02-02T19:47:07.152+0000: 542612.385: [GC (Allocation Failure) 2021-02-02T19:47:07.153+0000: 542612.385: [ParNew
Desired survivor size 2162688 bytes, new threshold 6 (max 6)
- age   1:      29896 bytes,      29896 total
- age   2:       1688 bytes,      31584 total
- age   3:         32 bytes,      31616 total
: 33887K->32K(38080K), 0.0044933 secs] 117062K->83207K(175784K), 0.0047493 secs] [Times: user=0.01 sys=0.00, real=0.01 secs] 
Heap after GC invocations=5568 (full 7):
 par new generation   total 38080K, used 32K [0x0000000085600000, 0x0000000087f50000, 0x000000009a2c0000)
  eden space 33856K,   0% used [0x0000000085600000, 0x0000000085600000, 0x0000000087710000)
  from space 4224K,   0% used [0x0000000087710000, 0x00000000877182d8, 0x0000000087b30000)
  to   space 4224K,   0% used [0x0000000087b30000, 0x0000000087b30000, 0x0000000087f50000)
 concurrent mark-sweep generation total 137704K, used 83174K [0x000000009a2c0000, 0x00000000a293a000, 0x0000000100000000)
 Metaspace       used 111740K, capacity 118337K, committed 120492K, reserved 1155072K
  class space    used 13542K, capacity 14759K, committed 15328K, reserved 1048576K
}
2021-02-02T19:47:07.157+0000: 542612.389: Total time for which application threads were stopped: 0.0054269 seconds, Stopping threads took: 0.0000814 seconds
{Heap before GC invocations=5568 (full 7):
 par new generation   total 38080K, used 33888K [0x0000000085600000, 0x0000000087f50000, 0x000000009a2c0000)
  eden space 33856K, 100% used [0x0000000085600000, 0x0000000087710000, 0x0000000087710000)
  from space 4224K,   0% used [0x0000000087710000, 0x00000000877182d8, 0x0000000087b30000)
  to   space 4224K,   0% used [0x0000000087b30000, 0x0000000087b30000, 0x0000000087f50000)
 concurrent mark-sweep generation total 137704K, used 83174K [0x000000009a2c0000, 0x00000000a293a000, 0x0000000100000000)
 Metaspace       used 111740K, capacity 118337K, committed 120492K, reserved 1155072K
  class space    used 13542K, capacity 14759K, committed 15328K, reserved 1048576K
2021-02-02T19:48:54.636+0000: 542719.868: [GC (Allocation Failure) 2021-02-02T19:48:54.636+0000: 542719.868: [ParNew
Desired survivor size 2162688 bytes, new threshold 6 (max 6)
- age   1:      61888 bytes,      61888 total
- age   2:        152 bytes,      62040 total
- age   3:         32 bytes,      62072 total
: 33888K->64K(38080K), 0.0063908 secs] 117063K->83239K(175784K), 0.0065244 secs] [Times: user=0.01 sys=0.00, real=0.00 secs] 
Heap after GC invocations=5569 (full 7):
 par new generation   total 38080K, used 64K [0x0000000085600000, 0x0000000087f50000, 0x000000009a2c0000)
  eden space 33856K,   0% used [0x0000000085600000, 0x0000000085600000, 0x0000000087710000)
  from space 4224K,   1% used [0x0000000087b30000, 0x0000000087b402a0, 0x0000000087f50000)
  to   space 4224K,   0% used [0x0000000087710000, 0x0000000087710000, 0x0000000087b30000)
 concurrent mark-sweep generation total 137704K, used 83174K [0x000000009a2c0000, 0x00000000a293a000, 0x0000000100000000)
 Metaspace       used 111740K, capacity 118337K, committed 120492K, reserved 1155072K
  class space    used 13542K, capacity 14759K, committed 15328K, reserved 1048576K
}
2021-02-02T19:48:54.642+0000: 542719.874: Total time for which application threads were stopped: 0.0069083 seconds, Stopping threads took: 0.0000751 seconds
{Heap before GC invocations=5569 (full 7):
 par new generation   total 38080K, used 33920K [0x0000000085600000, 0x0000000087f50000, 0x000000009a2c0000)
  eden space 33856K, 100% used [0x0000000085600000, 0x0000000087710000, 0x0000000087710000)
  from space 4224K,   1% used [0x0000000087b30000, 0x0000000087b402a0, 0x0000000087f50000)
  to   space 4224K,   0% used [0x0000000087710000, 0x0000000087710000, 0x0000000087b30000)
 concurrent mark-sweep generation total 137704K, used 83174K [0x000000009a2c0000, 0x00000000a293a000, 0x0000000100000000)
 Metaspace       used 111740K, capacity 118337K, committed 120492K, reserved 1155072K
  class space    used 13542K, capacity 14759K, committed 15328K, reserved 1048576K
2021-02-02T19:50:42.829+0000: 542828.061: [GC (Allocation Failure) 2021-02-02T19:50:42.829+0000: 542828.061: [ParNew
Desired survivor size 2162688 bytes, new threshold 6 (max 6)
- age   1:      93704 bytes,      93704 total
- age   3:         32 bytes,      93736 total
- age   4:         32 bytes,      93768 total
: 33920K->97K(38080K), 0.0105410 secs] 117095K->83272K(175784K), 0.0108827 secs] [Times: user=0.02 sys=0.00, real=0.01 secs] 
Heap after GC invocations=5570 (full 7):
 par new generation   total 38080K, used 97K [0x0000000085600000, 0x0000000087f50000, 0x000000009a2c0000)
  eden space 33856K,   0% used [0x0000000085600000, 0x0000000085600000, 0x0000000087710000)
  from space 4224K,   2% used [0x0000000087710000, 0x00000000877286b8, 0x0000000087b30000)
  to   space 4224K,   0% used [0x0000000087b30000, 0x0000000087b30000, 0x0000000087f50000)
 concurrent mark-sweep generation total 137704K, used 83174K [0x000000009a2c0000, 0x00000000a293a000, 0x0000000100000000)
 Metaspace       used 111740K, capacity 118337K, committed 120492K, reserved 1155072K
  class space    used 13542K, capacity 14759K, committed 15328K, reserved 1048576K
}
2021-02-02T19:50:42.840+0000: 542828.072: Total time for which application threads were stopped: 0.0113933 seconds, Stopping threads took: 0.0000787 seconds
{Heap before GC invocations=5570 (full 7):
 par new generation   total 38080K, used 33953K [0x0000000085600000, 0x0000000087f50000, 0x000000009a2c0000)
  eden space 33856K, 100% used [0x0000000085600000, 0x0000000087710000, 0x0000000087710000)
  from space 4224K,   2% used [0x0000000087710000, 0x00000000877286b8, 0x0000000087b30000)
  to   space 4224K,   0% used [0x0000000087b30000, 0x0000000087b30000, 0x0000000087f50000)
 concurrent mark-sweep generation total 137704K, used 83174K [0x000000009a2c0000, 0x00000000a293a000, 0x0000000100000000)
 Metaspace       used 111740K, capacity 118337K, committed 120492K, reserved 1155072K
  class space    used 13542K, capacity 14759K, committed 15328K, reserved 1048576K
2021-02-02T19:52:31.308+0000: 542936.540: [GC (Allocation Failure) 2021-02-02T19:52:31.308+0000: 542936.540: [ParNew
Desired survivor size 2162688 bytes, new threshold 6 (max 6)
- age   1:      25744 bytes,      25744 total
- age   2:        120 bytes,      25864 total
- age   4:         32 bytes,      25896 total
- age   5:         32 bytes,      25928 total
: 33953K->27K(38080K), 0.0038265 secs] 117128K->83202K(175784K), 0.0039931 secs] [Times: user=0.02 sys=0.00, real=0.00 secs] 
Heap after GC invocations=5571 (full 7):
 par new generation   total 38080K, used 27K [0x0000000085600000, 0x0000000087f50000, 0x000000009a2c0000)
  eden space 33856K,   0% used [0x0000000085600000, 0x0000000085600000, 0x0000000087710000)
  from space 4224K,   0% used [0x0000000087b30000, 0x0000000087b36e70, 0x0000000087f50000)
  to   space 4224K,   0% used [0x0000000087710000, 0x0000000087710000, 0x0000000087b30000)
 concurrent mark-sweep generation total 137704K, used 83174K [0x000000009a2c0000, 0x00000000a293a000, 0x0000000100000000)
 Metaspace       used 111740K, capacity 118337K, committed 120492K, reserved 1155072K
  class space    used 13542K, capacity 14759K, committed 15328K, reserved 1048576K
}
2021-02-02T19:52:31.312+0000: 542936.544: Total time for which application threads were stopped: 0.0045084 seconds, Stopping threads took: 0.0000770 seconds
2021-02-02T19:52:57.315+0000: 542962.547: Total time for which application threads were stopped: 0.0002215 seconds, Stopping threads took: 0.0000361 seconds
{Heap before GC invocations=5571 (full 7):
 par new generation   total 38080K, used 33883K [0x0000000085600000, 0x0000000087f50000, 0x000000009a2c0000)
  eden space 33856K, 100% used [0x0000000085600000, 0x0000000087710000, 0x0000000087710000)
  from space 4224K,   0% used [0x0000000087b30000, 0x0000000087b36e70, 0x0000000087f50000)
  to   space 4224K,   0% used [0x0000000087710000, 0x0000000087710000, 0x0000000087b30000)
 concurrent mark-sweep generation total 137704K, used 83174K [0x000000009a2c0000, 0x00000000a293a000, 0x0000000100000000)
 Metaspace       used 111740K, capacity 118337K, committed 120492K, reserved 1155072K
  class space    used 13542K, capacity 14759K, committed 15328K, reserved 1048576K
2021-02-02T19:54:20.222+0000: 543045.454: [GC (Allocation Failure) 2021-02-02T19:54:20.222+0000: 543045.454: [ParNew
Desired survivor size 2162688 bytes, new threshold 6 (max 6)
- age   1:      25912 bytes,      25912 total
- age   2:        120 bytes,      26032 total
: 33883K->27K(38080K), 0.0072795 secs] 117058K->83201K(175784K), 0.0076978 secs] [Times: user=0.01 sys=0.00, real=0.01 secs] 
Heap after GC invocations=5572 (full 7):
 par new generation   total 38080K, used 27K [0x0000000085600000, 0x0000000087f50000, 0x000000009a2c0000)
  eden space 33856K,   0% used [0x0000000085600000, 0x0000000085600000, 0x0000000087710000)
  from space 4224K,   0% used [0x0000000087710000, 0x0000000087716df8, 0x0000000087b30000)
  to   space 4224K,   0% used [0x0000000087b30000, 0x0000000087b30000, 0x0000000087f50000)
 concurrent mark-sweep generation total 137704K, used 83174K [0x000000009a2c0000, 0x00000000a293a000, 0x0000000100000000)
 Metaspace       used 111740K, capacity 118337K, committed 120492K, reserved 1155072K
  class space    used 13542K, capacity 14759K, committed 15328K, reserved 1048576K
}
2021-02-02T19:54:20.229+0000: 543045.462: Total time for which application threads were stopped: 0.0084421 seconds, Stopping threads took: 0.0000762 seconds
{Heap before GC invocations=5572 (full 7):
 par new generation   total 38080K, used 33883K [0x0000000085600000, 0x0000000087f50000, 0x000000009a2c0000)
  eden space 33856K, 100% used [0x0000000085600000, 0x0000000087710000, 0x0000000087710000)
  from space 4224K,   0% used [0x0000000087710000, 0x0000000087716df8, 0x0000000087b30000)
  to   space 4224K,   0% used [0x0000000087b30000, 0x0000000087b30000, 0x0000000087f50000)
 concurrent mark-sweep generation total 137704K, used 83174K [0x000000009a2c0000, 0x00000000a293a000, 0x0000000100000000)
 Metaspace       used 111740K, capacity 118337K, committed 120492K, reserved 1155072K
  class space    used 13542K, capacity 14759K, committed 15328K, reserved 1048576K
2021-02-02T19:56:10.860+0000: 543156.092: [GC (Allocation Failure) 2021-02-02T19:56:10.860+0000: 543156.092: [ParNew
Desired survivor size 2162688 bytes, new threshold 6 (max 6)
- age   1:      29688 bytes,      29688 total
- age   2:         64 bytes,      29752 total
: 33883K->31K(38080K), 0.0061464 secs] 117057K->83205K(175784K), 0.0063716 secs] [Times: user=0.01 sys=0.00, real=0.01 secs] 
Heap after GC invocations=5573 (full 7):
 par new generation   total 38080K, used 31K [0x0000000085600000, 0x0000000087f50000, 0x000000009a2c0000)
  eden space 33856K,   0% used [0x0000000085600000, 0x0000000085600000, 0x0000000087710000)
  from space 4224K,   0% used [0x0000000087b30000, 0x0000000087b37e18, 0x0000000087f50000)
  to   space 4224K,   0% used [0x0000000087710000, 0x0000000087710000, 0x0000000087b30000)
 concurrent mark-sweep generation total 137704K, used 83174K [0x000000009a2c0000, 0x00000000a293a000, 0x0000000100000000)
 Metaspace       used 111740K, capacity 118337K, committed 120492K, reserved 1155072K
  class space    used 13542K, capacity 14759K, committed 15328K, reserved 1048576K
}
2021-02-02T19:56:10.866+0000: 543156.098: Total time for which application threads were stopped: 0.0069658 seconds, Stopping threads took: 0.0000957 seconds
{Heap before GC invocations=5573 (full 7):
 par new generation   total 38080K, used 33887K [0x0000000085600000, 0x0000000087f50000, 0x000000009a2c0000)
  eden space 33856K, 100% used [0x0000000085600000, 0x0000000087710000, 0x0000000087710000)
  from space 4224K,   0% used [0x0000000087b30000, 0x0000000087b37e18, 0x0000000087f50000)
  to   space 4224K,   0% used [0x0000000087710000, 0x0000000087710000, 0x0000000087b30000)
 concurrent mark-sweep generation total 137704K, used 83174K [0x000000009a2c0000, 0x00000000a293a000, 0x0000000100000000)
 Metaspace       used 111740K, capacity 118337K, committed 120492K, reserved 1155072K
  class space    used 13542K, capacity 14759K, committed 15328K, reserved 1048576K
2021-02-02T19:57:57.619+0000: 543262.851: [GC (Allocation Failure) 2021-02-02T19:57:57.619+0000: 543262.851: [ParNew
Desired survivor size 2162688 bytes, new threshold 6 (max 6)
- age   1:      63768 bytes,      63768 total
- age   2:        152 bytes,      63920 total
- age   3:         32 bytes,      63952 total
: 33887K->63K(38080K), 0.0035560 secs] 117061K->83237K(175784K), 0.0038429 secs] [Times: user=0.00 sys=0.00, real=0.00 secs] 
Heap after GC invocations=5574 (full 7):
 par new generation   total 38080K, used 63K [0x0000000085600000, 0x0000000087f50000, 0x000000009a2c0000)
  eden space 33856K,   0% used [0x0000000085600000, 0x0000000085600000, 0x0000000087710000)
  from space 4224K,   1% used [0x0000000087710000, 0x000000008771fc78, 0x0000000087b30000)
  to   space 4224K,   0% used [0x0000000087b30000, 0x0000000087b30000, 0x0000000087f50000)
 concurrent mark-sweep generation total 137704K, used 83174K [0x000000009a2c0000, 0x00000000a293a000, 0x0000000100000000)
 Metaspace       used 111740K, capacity 118337K, committed 120492K, reserved 1155072K
  class space    used 13542K, capacity 14759K, committed 15328K, reserved 1048576K
}
2021-02-02T19:57:57.623+0000: 543262.855: Total time for which application threads were stopped: 0.0043139 seconds, Stopping threads took: 0.0000703 seconds
{Heap before GC invocations=5574 (full 7):
 par new generation   total 38080K, used 33919K [0x0000000085600000, 0x0000000087f50000, 0x000000009a2c0000)
  eden space 33856K, 100% used [0x0000000085600000, 0x0000000087710000, 0x0000000087710000)
  from space 4224K,   1% used [0x0000000087710000, 0x000000008771fc78, 0x0000000087b30000)
  to   space 4224K,   0% used [0x0000000087b30000, 0x0000000087b30000, 0x0000000087f50000)
 concurrent mark-sweep generation total 137704K, used 83174K [0x000000009a2c0000, 0x00000000a293a000, 0x0000000100000000)
 Metaspace       used 111740K, capacity 118337K, committed 120492K, reserved 1155072K
  class space    used 13542K, capacity 14759K, committed 15328K, reserved 1048576K
2021-02-02T19:59:44.247+0000: 543369.479: [GC (Allocation Failure) 2021-02-02T19:59:44.247+0000: 543369.479: [ParNew
Desired survivor size 2162688 bytes, new threshold 6 (max 6)
- age   1:     129968 bytes,     129968 total
- age   2:        184 bytes,     130152 total
: 33919K->130K(38080K), 0.0035851 secs] 117093K->83304K(175784K), 0.0036859 secs] [Times: user=0.01 sys=0.00, real=0.00 secs] 
Heap after GC invocations=5575 (full 7):
 par new generation   total 38080K, used 130K [0x0000000085600000, 0x0000000087f50000, 0x000000009a2c0000)
  eden space 33856K,   0% used [0x0000000085600000, 0x0000000085600000, 0x0000000087710000)
  from space 4224K,   3% used [0x0000000087b30000, 0x0000000087b50a30, 0x0000000087f50000)
  to   space 4224K,   0% used [0x0000000087710000, 0x0000000087710000, 0x0000000087b30000)
 concurrent mark-sweep generation total 137704K, used 83174K [0x000000009a2c0000, 0x00000000a293a000, 0x0000000100000000)
 Metaspace       used 111740K, capacity 118337K, committed 120492K, reserved 1155072K
  class space    used 13542K, capacity 14759K, committed 15328K, reserved 1048576K
}
2021-02-02T19:59:44.251+0000: 543369.483: Total time for which application threads were stopped: 0.0039410 seconds, Stopping threads took: 0.0000277 seconds
{Heap before GC invocations=5575 (full 7):
 par new generation   total 38080K, used 33986K [0x0000000085600000, 0x0000000087f50000, 0x000000009a2c0000)
  eden space 33856K, 100% used [0x0000000085600000, 0x0000000087710000, 0x0000000087710000)
  from space 4224K,   3% used [0x0000000087b30000, 0x0000000087b50a30, 0x0000000087f50000)
  to   space 4224K,   0% used [0x0000000087710000, 0x0000000087710000, 0x0000000087b30000)
 concurrent mark-sweep generation total 137704K, used 83174K [0x000000009a2c0000, 0x00000000a293a000, 0x0000000100000000)
 Metaspace       used 111740K, capacity 118337K, committed 120492K, reserved 1155072K
  class space    used 13542K, capacity 14759K, committed 15328K, reserved 1048576K
2021-02-02T20:01:34.475+0000: 543479.707: [GC (Allocation Failure) 2021-02-02T20:01:34.475+0000: 543479.707: [ParNew
Desired survivor size 2162688 bytes, new threshold 6 (max 6)
- age   1:      25880 bytes,      25880 total
- age   2:        168 bytes,      26048 total
- age   3:         32 bytes,      26080 total
: 33986K->30K(38080K), 0.0029192 secs] 117160K->83204K(175784K), 0.0031364 secs] [Times: user=0.00 sys=0.00, real=0.00 secs] 
Heap after GC invocations=5576 (full 7):
 par new generation   total 38080K, used 30K [0x0000000085600000, 0x0000000087f50000, 0x000000009a2c0000)
  eden space 33856K,   0% used [0x0000000085600000, 0x0000000085600000, 0x0000000087710000)
  from space 4224K,   0% used [0x0000000087710000, 0x0000000087717958, 0x0000000087b30000)
  to   space 4224K,   0% used [0x0000000087b30000, 0x0000000087b30000, 0x0000000087f50000)
 concurrent mark-sweep generation total 137704K, used 83174K [0x000000009a2c0000, 0x00000000a293a000, 0x0000000100000000)
 Metaspace       used 111740K, capacity 118337K, committed 120492K, reserved 1155072K
  class space    used 13542K, capacity 14759K, committed 15328K, reserved 1048576K
}
2021-02-02T20:01:34.478+0000: 543479.710: Total time for which application threads were stopped: 0.0035987 seconds, Stopping threads took: 0.0000719 seconds
{Heap before GC invocations=5576 (full 7):
 par new generation   total 38080K, used 33886K [0x0000000085600000, 0x0000000087f50000, 0x000000009a2c0000)
  eden space 33856K, 100% used [0x0000000085600000, 0x0000000087710000, 0x0000000087710000)
  from space 4224K,   0% used [0x0000000087710000, 0x0000000087717958, 0x0000000087b30000)
  to   space 4224K,   0% used [0x0000000087b30000, 0x0000000087b30000, 0x0000000087f50000)
 concurrent mark-sweep generation total 137704K, used 83174K [0x000000009a2c0000, 0x00000000a293a000, 0x0000000100000000)
 Metaspace       used 111740K, capacity 118337K, committed 120492K, reserved 1155072K
  class space    used 13542K, capacity 14759K, committed 15328K, reserved 1048576K
2021-02-02T20:03:23.418+0000: 543588.651: [GC (Allocation Failure) 2021-02-02T20:03:23.419+0000: 543588.651: [ParNew
Desired survivor size 2162688 bytes, new threshold 6 (max 6)
- age   1:      25960 bytes,      25960 total
- age   2:         32 bytes,      25992 total
: 33886K->27K(38080K), 0.0023687 secs] 117060K->83201K(175784K), 0.0024620 secs] [Times: user=0.01 sys=0.00, real=0.00 secs] 
Heap after GC invocations=5577 (full 7):
 par new generation   total 38080K, used 27K [0x0000000085600000, 0x0000000087f50000, 0x000000009a2c0000)
  eden space 33856K,   0% used [0x0000000085600000, 0x0000000085600000, 0x0000000087710000)
  from space 4224K,   0% used [0x0000000087b30000, 0x0000000087b36df8, 0x0000000087f50000)
  to   space 4224K,   0% used [0x0000000087710000, 0x0000000087710000, 0x0000000087b30000)
 concurrent mark-sweep generation total 137704K, used 83174K [0x000000009a2c0000, 0x00000000a293a000, 0x0000000100000000)
 Metaspace       used 111740K, capacity 118337K, committed 120492K, reserved 1155072K
  class space    used 13542K, capacity 14759K, committed 15328K, reserved 1048576K
}
2021-02-02T20:03:23.421+0000: 543588.653: Total time for which application threads were stopped: 0.0026941 seconds, Stopping threads took: 0.0000297 seconds
2021-02-02T20:04:36.429+0000: 543661.661: Total time for which application threads were stopped: 0.0003995 seconds, Stopping threads took: 0.0000517 seconds
{Heap before GC invocations=5577 (full 7):
 par new generation   total 38080K, used 33883K [0x0000000085600000, 0x0000000087f50000, 0x000000009a2c0000)
  eden space 33856K, 100% used [0x0000000085600000, 0x0000000087710000, 0x0000000087710000)
  from space 4224K,   0% used [0x0000000087b30000, 0x0000000087b36df8, 0x0000000087f50000)
  to   space 4224K,   0% used [0x0000000087710000, 0x0000000087710000, 0x0000000087b30000)
 concurrent mark-sweep generation total 137704K, used 83174K [0x000000009a2c0000, 0x00000000a293a000, 0x0000000100000000)
 Metaspace       used 111740K, capacity 118337K, committed 120492K, reserved 1155072K
  class space    used 13542K, capacity 14759K, committed 15328K, reserved 1048576K
2021-02-02T20:05:13.340+0000: 543698.573: [GC (Allocation Failure) 2021-02-02T20:05:13.341+0000: 543698.573: [ParNew
Desired survivor size 2162688 bytes, new threshold 6 (max 6)
- age   1:      75888 bytes,      75888 total
- age   2:        152 bytes,      76040 total
- age   3:         32 bytes,      76072 total
: 33883K->76K(38080K), 0.0026027 secs] 117057K->83251K(175784K), 0.0027305 secs] [Times: user=0.01 sys=0.00, real=0.00 secs] 
Heap after GC invocations=5578 (full 7):
 par new generation   total 38080K, used 76K [0x0000000085600000, 0x0000000087f50000, 0x000000009a2c0000)
  eden space 33856K,   0% used [0x0000000085600000, 0x0000000085600000, 0x0000000087710000)
  from space 4224K,   1% used [0x0000000087710000, 0x00000000877232f8, 0x0000000087b30000)
  to   space 4224K,   0% used [0x0000000087b30000, 0x0000000087b30000, 0x0000000087f50000)
 concurrent mark-sweep generation total 137704K, used 83174K [0x000000009a2c0000, 0x00000000a293a000, 0x0000000100000000)
 Metaspace       used 111740K, capacity 118337K, committed 120492K, reserved 1155072K
  class space    used 13542K, capacity 14759K, committed 15328K, reserved 1048576K
}
2021-02-02T20:05:13.343+0000: 543698.575: Total time for which application threads were stopped: 0.0031279 seconds, Stopping threads took: 0.0000458 seconds
{Heap before GC invocations=5578 (full 7):
 par new generation   total 38080K, used 33932K [0x0000000085600000, 0x0000000087f50000, 0x000000009a2c0000)
  eden space 33856K, 100% used [0x0000000085600000, 0x0000000087710000, 0x0000000087710000)
  from space 4224K,   1% used [0x0000000087710000, 0x00000000877232f8, 0x0000000087b30000)
  to   space 4224K,   0% used [0x0000000087b30000, 0x0000000087b30000, 0x0000000087f50000)
 concurrent mark-sweep generation total 137704K, used 83174K [0x000000009a2c0000, 0x00000000a293a000, 0x0000000100000000)
 Metaspace       used 111740K, capacity 118337K, committed 120492K, reserved 1155072K
  class space    used 13542K, capacity 14759K, committed 15328K, reserved 1048576K
2021-02-02T20:07:02.193+0000: 543807.425: [GC (Allocation Failure) 2021-02-02T20:07:02.193+0000: 543807.425: [ParNew
Desired survivor size 2162688 bytes, new threshold 6 (max 6)
- age   1:      67248 bytes,      67248 total
- age   2:        272 bytes,      67520 total
- age   3:         32 bytes,      67552 total
- age   4:         32 bytes,      67584 total
: 33932K->71K(38080K), 0.0031997 secs] 117107K->83245K(175784K), 0.0033034 secs] [Times: user=0.00 sys=0.00, real=0.00 secs] 
Heap after GC invocations=5579 (full 7):
 par new generation   total 38080K, used 71K [0x0000000085600000, 0x0000000087f50000, 0x000000009a2c0000)
  eden space 33856K,   0% used [0x0000000085600000, 0x0000000085600000, 0x0000000087710000)
  from space 4224K,   1% used [0x0000000087b30000, 0x0000000087b41e38, 0x0000000087f50000)
  to   space 4224K,   0% used [0x0000000087710000, 0x0000000087710000, 0x0000000087b30000)
 concurrent mark-sweep generation total 137704K, used 83174K [0x000000009a2c0000, 0x00000000a293a000, 0x0000000100000000)
 Metaspace       used 111740K, capacity 118337K, committed 120492K, reserved 1155072K
  class space    used 13542K, capacity 14759K, committed 15328K, reserved 1048576K
}
2021-02-02T20:07:02.196+0000: 543807.428: Total time for which application threads were stopped: 0.0035852 seconds, Stopping threads took: 0.0000284 seconds
{Heap before GC invocations=5579 (full 7):
 par new generation   total 38080K, used 33927K [0x0000000085600000, 0x0000000087f50000, 0x000000009a2c0000)
  eden space 33856K, 100% used [0x0000000085600000, 0x0000000087710000, 0x0000000087710000)
  from space 4224K,   1% used [0x0000000087b30000, 0x0000000087b41e38, 0x0000000087f50000)
  to   space 4224K,   0% used [0x0000000087710000, 0x0000000087710000, 0x0000000087b30000)
 concurrent mark-sweep generation total 137704K, used 83174K [0x000000009a2c0000, 0x00000000a293a000, 0x0000000100000000)
 Metaspace       used 111740K, capacity 118337K, committed 120492K, reserved 1155072K
  class space    used 13542K, capacity 14759K, committed 15328K, reserved 1048576K
2021-02-02T20:08:49.162+0000: 543914.394: [GC (Allocation Failure) 2021-02-02T20:08:49.162+0000: 543914.394: [ParNew
Desired survivor size 2162688 bytes, new threshold 6 (max 6)
- age   1:      99088 bytes,      99088 total
- age   2:      35360 bytes,     134448 total
- age   3:        120 bytes,     134568 total
- age   4:         32 bytes,     134600 total
: 33927K->133K(38080K), 0.0100538 secs] 117101K->83307K(175784K), 0.0101677 secs] [Times: user=0.02 sys=0.01, real=0.01 secs] 
Heap after GC invocations=5580 (full 7):
 par new generation   total 38080K, used 133K [0x0000000085600000, 0x0000000087f50000, 0x000000009a2c0000)
  eden space 33856K,   0% used [0x0000000085600000, 0x0000000085600000, 0x0000000087710000)
  from space 4224K,   3% used [0x0000000087710000, 0x0000000087731468, 0x0000000087b30000)
  to   space 4224K,   0% used [0x0000000087b30000, 0x0000000087b30000, 0x0000000087f50000)
 concurrent mark-sweep generation total 137704K, used 83174K [0x000000009a2c0000, 0x00000000a293a000, 0x0000000100000000)
 Metaspace       used 111740K, capacity 118337K, committed 120492K, reserved 1155072K
  class space    used 13542K, capacity 14759K, committed 15328K, reserved 1048576K
}
2021-02-02T20:08:49.172+0000: 543914.404: Total time for which application threads were stopped: 0.0104264 seconds, Stopping threads took: 0.0000286 seconds
2021-02-02T20:10:14.179+0000: 543999.411: Total time for which application threads were stopped: 0.0001943 seconds, Stopping threads took: 0.0000313 seconds
{Heap before GC invocations=5580 (full 7):
 par new generation   total 38080K, used 33989K [0x0000000085600000, 0x0000000087f50000, 0x000000009a2c0000)
  eden space 33856K, 100% used [0x0000000085600000, 0x0000000087710000, 0x0000000087710000)
  from space 4224K,   3% used [0x0000000087710000, 0x0000000087731468, 0x0000000087b30000)
  to   space 4224K,   0% used [0x0000000087b30000, 0x0000000087b30000, 0x0000000087f50000)
 concurrent mark-sweep generation total 137704K, used 83174K [0x000000009a2c0000, 0x00000000a293a000, 0x0000000100000000)
 Metaspace       used 111740K, capacity 118337K, committed 120492K, reserved 1155072K
  class space    used 13542K, capacity 14759K, committed 15328K, reserved 1048576K
2021-02-02T20:10:37.685+0000: 544022.918: [GC (Allocation Failure) 2021-02-02T20:10:37.686+0000: 544022.918: [ParNew
Desired survivor size 2162688 bytes, new threshold 6 (max 6)
- age   1:      27320 bytes,      27320 total
- age   2:      33936 bytes,      61256 total
- age   3:      35104 bytes,      96360 total
- age   4:        120 bytes,      96480 total
- age   5:         32 bytes,      96512 total
: 33989K->99K(38080K), 0.0025740 secs] 117163K->83274K(175784K), 0.0026656 secs] [Times: user=0.00 sys=0.01, real=0.00 secs] 
Heap after GC invocations=5581 (full 7):
 par new generation   total 38080K, used 99K [0x0000000085600000, 0x0000000087f50000, 0x000000009a2c0000)
  eden space 33856K,   0% used [0x0000000085600000, 0x0000000085600000, 0x0000000087710000)
  from space 4224K,   2% used [0x0000000087b30000, 0x0000000087b48ff0, 0x0000000087f50000)
  to   space 4224K,   0% used [0x0000000087710000, 0x0000000087710000, 0x0000000087b30000)
 concurrent mark-sweep generation total 137704K, used 83174K [0x000000009a2c0000, 0x00000000a293a000, 0x0000000100000000)
 Metaspace       used 111740K, capacity 118337K, committed 120492K, reserved 1155072K
  class space    used 13542K, capacity 14759K, committed 15328K, reserved 1048576K
}
2021-02-02T20:10:37.688+0000: 544022.920: Total time for which application threads were stopped: 0.0029103 seconds, Stopping threads took: 0.0000272 seconds
{Heap before GC invocations=5581 (full 7):
 par new generation   total 38080K, used 33955K [0x0000000085600000, 0x0000000087f50000, 0x000000009a2c0000)
  eden space 33856K, 100% used [0x0000000085600000, 0x0000000087710000, 0x0000000087710000)
  from space 4224K,   2% used [0x0000000087b30000, 0x0000000087b48ff0, 0x0000000087f50000)
  to   space 4224K,   0% used [0x0000000087710000, 0x0000000087710000, 0x0000000087b30000)
 concurrent mark-sweep generation total 137704K, used 83174K [0x000000009a2c0000, 0x00000000a293a000, 0x0000000100000000)
 Metaspace       used 111740K, capacity 118337K, committed 120492K, reserved 1155072K
  class space    used 13542K, capacity 14759K, committed 15328K, reserved 1048576K
2021-02-02T20:12:26.382+0000: 544131.614: [GC (Allocation Failure) 2021-02-02T20:12:26.382+0000: 544131.614: [ParNew
Desired survivor size 2162688 bytes, new threshold 6 (max 6)
- age   1:      27288 bytes,      27288 total
- age   2:        160 bytes,      27448 total
- age   3:      33736 bytes,      61184 total
- age   4:      34888 bytes,      96072 total
- age   5:        120 bytes,      96192 total
- age   6:         32 bytes,      96224 total
: 33955K->96K(38080K), 0.0025928 secs] 117130K->83271K(175784K), 0.0027077 secs] [Times: user=0.00 sys=0.00, real=0.00 secs] 
Heap after GC invocations=5582 (full 7):
 par new generation   total 38080K, used 96K [0x0000000085600000, 0x0000000087f50000, 0x000000009a2c0000)
  eden space 33856K,   0% used [0x0000000085600000, 0x0000000085600000, 0x0000000087710000)
  from space 4224K,   2% used [0x0000000087710000, 0x0000000087728280, 0x0000000087b30000)
  to   space 4224K,   0% used [0x0000000087b30000, 0x0000000087b30000, 0x0000000087f50000)
 concurrent mark-sweep generation total 137704K, used 83174K [0x000000009a2c0000, 0x00000000a293a000, 0x0000000100000000)
 Metaspace       used 111740K, capacity 118337K, committed 120492K, reserved 1155072K
  class space    used 13542K, capacity 14759K, committed 15328K, reserved 1048576K
}
2021-02-02T20:12:26.385+0000: 544131.617: Total time for which application threads were stopped: 0.0030102 seconds, Stopping threads took: 0.0000292 seconds
{Heap before GC invocations=5582 (full 7):
 par new generation   total 38080K, used 33952K [0x0000000085600000, 0x0000000087f50000, 0x000000009a2c0000)
  eden space 33856K, 100% used [0x0000000085600000, 0x0000000087710000, 0x0000000087710000)
  from space 4224K,   2% used [0x0000000087710000, 0x0000000087728280, 0x0000000087b30000)
  to   space 4224K,   0% used [0x0000000087b30000, 0x0000000087b30000, 0x0000000087f50000)
 concurrent mark-sweep generation total 137704K, used 83174K [0x000000009a2c0000, 0x00000000a293a000, 0x0000000100000000)
 Metaspace       used 111740K, capacity 118337K, committed 120492K, reserved 1155072K
  class space    used 13542K, capacity 14759K, committed 15328K, reserved 1048576K
2021-02-02T20:14:15.093+0000: 544240.325: [GC (Allocation Failure) 2021-02-02T20:14:15.093+0000: 544240.325: [ParNew
Desired survivor size 2162688 bytes, new threshold 6 (max 6)
- age   1:      25248 bytes,      25248 total
- age   2:        152 bytes,      25400 total
- age   5:        360 bytes,      25760 total
- age   6:        120 bytes,      25880 total
: 33952K->27K(38080K), 0.0031224 secs] 117127K->83202K(175784K), 0.0032189 secs] [Times: user=0.01 sys=0.01, real=0.00 secs] 
Heap after GC invocations=5583 (full 7):
 par new generation   total 38080K, used 27K [0x0000000085600000, 0x0000000087f50000, 0x000000009a2c0000)
  eden space 33856K,   0% used [0x0000000085600000, 0x0000000085600000, 0x0000000087710000)
  from space 4224K,   0% used [0x0000000087b30000, 0x0000000087b36f48, 0x0000000087f50000)
  to   space 4224K,   0% used [0x0000000087710000, 0x0000000087710000, 0x0000000087b30000)
 concurrent mark-sweep generation total 137704K, used 83174K [0x000000009a2c0000, 0x00000000a293a000, 0x0000000100000000)
 Metaspace       used 111740K, capacity 118337K, committed 120492K, reserved 1155072K
  class space    used 13542K, capacity 14759K, committed 15328K, reserved 1048576K
}
2021-02-02T20:14:15.096+0000: 544240.328: Total time for which application threads were stopped: 0.0034641 seconds, Stopping threads took: 0.0000270 seconds
{Heap before GC invocations=5583 (full 7):
 par new generation   total 38080K, used 33883K [0x0000000085600000, 0x0000000087f50000, 0x000000009a2c0000)
  eden space 33856K, 100% used [0x0000000085600000, 0x0000000087710000, 0x0000000087710000)
  from space 4224K,   0% used [0x0000000087b30000, 0x0000000087b36f48, 0x0000000087f50000)
  to   space 4224K,   0% used [0x0000000087710000, 0x0000000087710000, 0x0000000087b30000)
 concurrent mark-sweep generation total 137704K, used 83174K [0x000000009a2c0000, 0x00000000a293a000, 0x0000000100000000)
 Metaspace       used 111740K, capacity 118337K, committed 120492K, reserved 1155072K
  class space    used 13542K, capacity 14759K, committed 15328K, reserved 1048576K
2021-02-02T20:16:05.759+0000: 544350.991: [GC (Allocation Failure) 2021-02-02T20:16:05.759+0000: 544350.991: [ParNew
Desired survivor size 2162688 bytes, new threshold 6 (max 6)
- age   1:      29800 bytes,      29800 total
- age   2:         64 bytes,      29864 total
- age   6:        360 bytes,      30224 total
: 33883K->31K(38080K), 0.0032724 secs] 117058K->83206K(175784K), 0.0033795 secs] [Times: user=0.01 sys=0.00, real=0.00 secs] 
Heap after GC invocations=5584 (full 7):
 par new generation   total 38080K, used 31K [0x0000000085600000, 0x0000000087f50000, 0x000000009a2c0000)
  eden space 33856K,   0% used [0x0000000085600000, 0x0000000085600000, 0x0000000087710000)
  from space 4224K,   0% used [0x0000000087710000, 0x0000000087717f08, 0x0000000087b30000)
  to   space 4224K,   0% used [0x0000000087b30000, 0x0000000087b30000, 0x0000000087f50000)
 concurrent mark-sweep generation total 137704K, used 83174K [0x000000009a2c0000, 0x00000000a293a000, 0x0000000100000000)
 Metaspace       used 111740K, capacity 118337K, committed 120492K, reserved 1155072K
  class space    used 13542K, capacity 14759K, committed 15328K, reserved 1048576K
}
2021-02-02T20:16:05.762+0000: 544350.994: Total time for which application threads were stopped: 0.0036364 seconds, Stopping threads took: 0.0000272 seconds
{Heap before GC invocations=5584 (full 7):
 par new generation   total 38080K, used 33887K [0x0000000085600000, 0x0000000087f50000, 0x000000009a2c0000)
  eden space 33856K, 100% used [0x0000000085600000, 0x0000000087710000, 0x0000000087710000)
  from space 4224K,   0% used [0x0000000087710000, 0x0000000087717f08, 0x0000000087b30000)
  to   space 4224K,   0% used [0x0000000087b30000, 0x0000000087b30000, 0x0000000087f50000)
 concurrent mark-sweep generation total 137704K, used 83174K [0x000000009a2c0000, 0x00000000a293a000, 0x0000000100000000)
 Metaspace       used 111740K, capacity 118337K, committed 120492K, reserved 1155072K
  class space    used 13542K, capacity 14759K, committed 15328K, reserved 1048576K
2021-02-02T20:17:52.556+0000: 544457.788: [GC (Allocation Failure) 2021-02-02T20:17:52.556+0000: 544457.788: [ParNew
Desired survivor size 2162688 bytes, new threshold 6 (max 6)
- age   1:      97808 bytes,      97808 total
- age   2:        120 bytes,      97928 total
- age   3:         32 bytes,      97960 total
: 33887K->99K(38080K), 0.0028523 secs] 117062K->83274K(175784K), 0.0029604 secs] [Times: user=0.00 sys=0.00, real=0.00 secs] 
Heap after GC invocations=5585 (full 7):
 par new generation   total 38080K, used 99K [0x0000000085600000, 0x0000000087f50000, 0x000000009a2c0000)
  eden space 33856K,   0% used [0x0000000085600000, 0x0000000085600000, 0x0000000087710000)
  from space 4224K,   2% used [0x0000000087b30000, 0x0000000087b48ec8, 0x0000000087f50000)
  to   space 4224K,   0% used [0x0000000087710000, 0x0000000087710000, 0x0000000087b30000)
 concurrent mark-sweep generation total 137704K, used 83174K [0x000000009a2c0000, 0x00000000a293a000, 0x0000000100000000)
 Metaspace       used 111740K, capacity 118337K, committed 120492K, reserved 1155072K
  class space    used 13542K, capacity 14759K, committed 15328K, reserved 1048576K
}
2021-02-02T20:17:52.559+0000: 544457.791: Total time for which application threads were stopped: 0.0032556 seconds, Stopping threads took: 0.0000345 seconds
{Heap before GC invocations=5585 (full 7):
 par new generation   total 38080K, used 33955K [0x0000000085600000, 0x0000000087f50000, 0x000000009a2c0000)
  eden space 33856K, 100% used [0x0000000085600000, 0x0000000087710000, 0x0000000087710000)
  from space 4224K,   2% used [0x0000000087b30000, 0x0000000087b48ec8, 0x0000000087f50000)
  to   space 4224K,   0% used [0x0000000087710000, 0x0000000087710000, 0x0000000087b30000)
 concurrent mark-sweep generation total 137704K, used 83174K [0x000000009a2c0000, 0x00000000a293a000, 0x0000000100000000)
 Metaspace       used 111740K, capacity 118337K, committed 120492K, reserved 1155072K
  class space    used 13542K, capacity 14759K, committed 15328K, reserved 1048576K
2021-02-02T20:19:40.837+0000: 544566.069: [GC (Allocation Failure) 2021-02-02T20:19:40.837+0000: 544566.069: [ParNew
Desired survivor size 2162688 bytes, new threshold 6 (max 6)
- age   1:      25856 bytes,      25856 total
- age   2:        152 bytes,      26008 total
: 33955K->29K(38080K), 0.0029587 secs] 117130K->83204K(175784K), 0.0030605 secs] [Times: user=0.00 sys=0.01, real=0.00 secs] 
Heap after GC invocations=5586 (full 7):
 par new generation   total 38080K, used 29K [0x0000000085600000, 0x0000000087f50000, 0x000000009a2c0000)
  eden space 33856K,   0% used [0x0000000085600000, 0x0000000085600000, 0x0000000087710000)
  from space 4224K,   0% used [0x0000000087710000, 0x00000000877177c0, 0x0000000087b30000)
  to   space 4224K,   0% used [0x0000000087b30000, 0x0000000087b30000, 0x0000000087f50000)
 concurrent mark-sweep generation total 137704K, used 83174K [0x000000009a2c0000, 0x00000000a293a000, 0x0000000100000000)
 Metaspace       used 111740K, capacity 118337K, committed 120492K, reserved 1155072K
  class space    used 13542K, capacity 14759K, committed 15328K, reserved 1048576K
}
2021-02-02T20:19:40.840+0000: 544566.072: Total time for which application threads were stopped: 0.0032971 seconds, Stopping threads took: 0.0000283 seconds
{Heap before GC invocations=5586 (full 7):
 par new generation   total 38080K, used 33885K [0x0000000085600000, 0x0000000087f50000, 0x000000009a2c0000)
  eden space 33856K, 100% used [0x0000000085600000, 0x0000000087710000, 0x0000000087710000)
  from space 4224K,   0% used [0x0000000087710000, 0x00000000877177c0, 0x0000000087b30000)
  to   space 4224K,   0% used [0x0000000087b30000, 0x0000000087b30000, 0x0000000087f50000)
 concurrent mark-sweep generation total 137704K, used 83174K [0x000000009a2c0000, 0x00000000a293a000, 0x0000000100000000)
 Metaspace       used 111740K, capacity 118337K, committed 120492K, reserved 1155072K
  class space    used 13542K, capacity 14759K, committed 15328K, reserved 1048576K
2021-02-02T20:21:29.585+0000: 544674.817: [GC (Allocation Failure) 2021-02-02T20:21:29.585+0000: 544674.817: [ParNew
Desired survivor size 2162688 bytes, new threshold 6 (max 6)
- age   1:      25976 bytes,      25976 total
: 33885K->27K(38080K), 0.0038643 secs] 117060K->83202K(175784K), 0.0039620 secs] [Times: user=0.00 sys=0.00, real=0.00 secs] 
Heap after GC invocations=5587 (full 7):
 par new generation   total 38080K, used 27K [0x0000000085600000, 0x0000000087f50000, 0x000000009a2c0000)
  eden space 33856K,   0% used [0x0000000085600000, 0x0000000085600000, 0x0000000087710000)
  from space 4224K,   0% used [0x0000000087b30000, 0x0000000087b36f20, 0x0000000087f50000)
  to   space 4224K,   0% used [0x0000000087710000, 0x0000000087710000, 0x0000000087b30000)
 concurrent mark-sweep generation total 137704K, used 83174K [0x000000009a2c0000, 0x00000000a293a000, 0x0000000100000000)
 Metaspace       used 111740K, capacity 118337K, committed 120492K, reserved 1155072K
  class space    used 13542K, capacity 14759K, committed 15328K, reserved 1048576K
}
2021-02-02T20:21:29.589+0000: 544674.821: Total time for which application threads were stopped: 0.0042331 seconds, Stopping threads took: 0.0000442 seconds
{Heap before GC invocations=5587 (full 7):
 par new generation   total 38080K, used 33883K [0x0000000085600000, 0x0000000087f50000, 0x000000009a2c0000)
  eden space 33856K, 100% used [0x0000000085600000, 0x0000000087710000, 0x0000000087710000)
  from space 4224K,   0% used [0x0000000087b30000, 0x0000000087b36f20, 0x0000000087f50000)
  to   space 4224K,   0% used [0x0000000087710000, 0x0000000087710000, 0x0000000087b30000)
 concurrent mark-sweep generation total 137704K, used 83174K [0x000000009a2c0000, 0x00000000a293a000, 0x0000000100000000)
 Metaspace       used 111740K, capacity 118337K, committed 120492K, reserved 1155072K
  class space    used 13542K, capacity 14759K, committed 15328K, reserved 1048576K
2021-02-02T20:23:18.223+0000: 544783.455: [GC (Allocation Failure) 2021-02-02T20:23:18.223+0000: 544783.455: [ParNew
Desired survivor size 2162688 bytes, new threshold 6 (max 6)
- age   1:      25544 bytes,      25544 total
- age   2:        120 bytes,      25664 total
: 33883K->27K(38080K), 0.0025469 secs] 117058K->83202K(175784K), 0.0026575 secs] [Times: user=0.00 sys=0.00, real=0.01 secs] 
Heap after GC invocations=5588 (full 7):
 par new generation   total 38080K, used 27K [0x0000000085600000, 0x0000000087f50000, 0x000000009a2c0000)
  eden space 33856K,   0% used [0x0000000085600000, 0x0000000085600000, 0x0000000087710000)
  from space 4224K,   0% used [0x0000000087710000, 0x0000000087716e70, 0x0000000087b30000)
  to   space 4224K,   0% used [0x0000000087b30000, 0x0000000087b30000, 0x0000000087f50000)
 concurrent mark-sweep generation total 137704K, used 83174K [0x000000009a2c0000, 0x00000000a293a000, 0x0000000100000000)
 Metaspace       used 111740K, capacity 118337K, committed 120492K, reserved 1155072K
  class space    used 13542K, capacity 14759K, committed 15328K, reserved 1048576K
}
2021-02-02T20:23:18.226+0000: 544783.458: Total time for which application threads were stopped: 0.0028859 seconds, Stopping threads took: 0.0000275 seconds
{Heap before GC invocations=5588 (full 7):
 par new generation   total 38080K, used 33883K [0x0000000085600000, 0x0000000087f50000, 0x000000009a2c0000)
  eden space 33856K, 100% used [0x0000000085600000, 0x0000000087710000, 0x0000000087710000)
  from space 4224K,   0% used [0x0000000087710000, 0x0000000087716e70, 0x0000000087b30000)
  to   space 4224K,   0% used [0x0000000087b30000, 0x0000000087b30000, 0x0000000087f50000)
 concurrent mark-sweep generation total 137704K, used 83174K [0x000000009a2c0000, 0x00000000a293a000, 0x0000000100000000)
 Metaspace       used 111740K, capacity 118337K, committed 120492K, reserved 1155072K
  class space    used 13542K, capacity 14759K, committed 15328K, reserved 1048576K
2021-02-02T20:25:08.562+0000: 544893.794: [GC (Allocation Failure) 2021-02-02T20:25:08.562+0000: 544893.794: [ParNew
Desired survivor size 2162688 bytes, new threshold 6 (max 6)
- age   1:      30048 bytes,      30048 total
- age   2:        152 bytes,      30200 total
: 33883K->33K(38080K), 0.0032213 secs] 117058K->83208K(175784K), 0.0033308 secs] [Times: user=0.01 sys=0.00, real=0.01 secs] 
Heap after GC invocations=5589 (full 7):
 par new generation   total 38080K, used 33K [0x0000000085600000, 0x0000000087f50000, 0x000000009a2c0000)
  eden space 33856K,   0% used [0x0000000085600000, 0x0000000085600000, 0x0000000087710000)
  from space 4224K,   0% used [0x0000000087b30000, 0x0000000087b38628, 0x0000000087f50000)
  to   space 4224K,   0% used [0x0000000087710000, 0x0000000087710000, 0x0000000087b30000)
 concurrent mark-sweep generation total 137704K, used 83174K [0x000000009a2c0000, 0x00000000a293a000, 0x0000000100000000)
 Metaspace       used 111740K, capacity 118337K, committed 120492K, reserved 1155072K
  class space    used 13542K, capacity 14759K, committed 15328K, reserved 1048576K
}
2021-02-02T20:25:08.566+0000: 544893.798: Total time for which application threads were stopped: 0.0036252 seconds, Stopping threads took: 0.0000321 seconds
{Heap before GC invocations=5589 (full 7):
 par new generation   total 38080K, used 33889K [0x0000000085600000, 0x0000000087f50000, 0x000000009a2c0000)
  eden space 33856K, 100% used [0x0000000085600000, 0x0000000087710000, 0x0000000087710000)
  from space 4224K,   0% used [0x0000000087b30000, 0x0000000087b38628, 0x0000000087f50000)
  to   space 4224K,   0% used [0x0000000087710000, 0x0000000087710000, 0x0000000087b30000)
 concurrent mark-sweep generation total 137704K, used 83174K [0x000000009a2c0000, 0x00000000a293a000, 0x0000000100000000)
 Metaspace       used 111740K, capacity 118337K, committed 120492K, reserved 1155072K
  class space    used 13542K, capacity 14759K, committed 15328K, reserved 1048576K
2021-02-02T22:27:00.071+0000: 545003.628: [GC (Allocation Failure) 2021-02-02T22:27:00.071+0000: 545003.628: [ParNew
Desired survivor size 2162688 bytes, new threshold 6 (max 6)
- age   1:      30176 bytes,      30176 total
- age   2:         64 bytes,      30240 total
- age   3:         32 bytes,      30272 total
: 33889K->32K(38080K), 0.0023725 secs] 117064K->83207K(175784K), 0.0024665 secs] [Times: user=0.01 sys=0.00, real=0.00 secs] 
Heap after GC invocations=5590 (full 7):
 par new generation   total 38080K, used 32K [0x0000000085600000, 0x0000000087f50000, 0x000000009a2c0000)
  eden space 33856K,   0% used [0x0000000085600000, 0x0000000085600000, 0x0000000087710000)
  from space 4224K,   0% used [0x0000000087710000, 0x0000000087718358, 0x0000000087b30000)
  to   space 4224K,   0% used [0x0000000087b30000, 0x0000000087b30000, 0x0000000087f50000)
 concurrent mark-sweep generation total 137704K, used 83174K [0x000000009a2c0000, 0x00000000a293a000, 0x0000000100000000)
 Metaspace       used 111740K, capacity 118337K, committed 120492K, reserved 1155072K
  class space    used 13542K, capacity 14759K, committed 15328K, reserved 1048576K
}
2021-02-02T22:27:00.073+0000: 545003.630: Total time for which application threads were stopped: 0.0026940 seconds, Stopping threads took: 0.0000286 seconds
{Heap before GC invocations=5590 (full 7):
 par new generation   total 38080K, used 33888K [0x0000000085600000, 0x0000000087f50000, 0x000000009a2c0000)
  eden space 33856K, 100% used [0x0000000085600000, 0x0000000087710000, 0x0000000087710000)
  from space 4224K,   0% used [0x0000000087710000, 0x0000000087718358, 0x0000000087b30000)
  to   space 4224K,   0% used [0x0000000087b30000, 0x0000000087b30000, 0x0000000087f50000)
 concurrent mark-sweep generation total 137704K, used 83174K [0x000000009a2c0000, 0x00000000a293a000, 0x0000000100000000)
 Metaspace       used 111740K, capacity 118337K, committed 120492K, reserved 1155072K
  class space    used 13542K, capacity 14759K, committed 15328K, reserved 1048576K
2021-02-02T22:28:47.698+0000: 545111.255: [GC (Allocation Failure) 2021-02-02T22:28:47.698+0000: 545111.255: [ParNew
Desired survivor size 2162688 bytes, new threshold 6 (max 6)
- age   1:      95960 bytes,      95960 total
- age   2:        152 bytes,      96112 total
: 33888K->97K(38080K), 0.0024576 secs] 117063K->83272K(175784K), 0.0025432 secs] [Times: user=0.01 sys=0.00, real=0.01 secs] 
Heap after GC invocations=5591 (full 7):
 par new generation   total 38080K, used 97K [0x0000000085600000, 0x0000000087f50000, 0x000000009a2c0000)
  eden space 33856K,   0% used [0x0000000085600000, 0x0000000085600000, 0x0000000087710000)
  from space 4224K,   2% used [0x0000000087b30000, 0x0000000087b48788, 0x0000000087f50000)
  to   space 4224K,   0% used [0x0000000087710000, 0x0000000087710000, 0x0000000087b30000)
 concurrent mark-sweep generation total 137704K, used 83174K [0x000000009a2c0000, 0x00000000a293a000, 0x0000000100000000)
 Metaspace       used 111740K, capacity 118337K, committed 120492K, reserved 1155072K
  class space    used 13542K, capacity 14759K, committed 15328K, reserved 1048576K
}
2021-02-02T22:28:47.700+0000: 545111.257: Total time for which application threads were stopped: 0.0028159 seconds, Stopping threads took: 0.0000306 seconds
{Heap before GC invocations=5591 (full 7):
 par new generation   total 38080K, used 33953K [0x0000000085600000, 0x0000000087f50000, 0x000000009a2c0000)
  eden space 33856K, 100% used [0x0000000085600000, 0x0000000087710000, 0x0000000087710000)
  from space 4224K,   2% used [0x0000000087b30000, 0x0000000087b48788, 0x0000000087f50000)
  to   space 4224K,   0% used [0x0000000087710000, 0x0000000087710000, 0x0000000087b30000)
 concurrent mark-sweep generation total 137704K, used 83174K [0x000000009a2c0000, 0x00000000a293a000, 0x0000000100000000)
 Metaspace       used 111740K, capacity 118337K, committed 120492K, reserved 1155072K
  class space    used 13542K, capacity 14759K, committed 15328K, reserved 1048576K
2021-02-02T22:30:37.140+0000: 545220.697: [GC (Allocation Failure) 2021-02-02T22:30:37.141+0000: 545220.698: [ParNew
Desired survivor size 2162688 bytes, new threshold 6 (max 6)
- age   1:      28760 bytes,      28760 total
- age   2:         48 bytes,      28808 total
- age   3:         32 bytes,      28840 total
: 33953K->32K(38080K), 0.0025221 secs] 117128K->83207K(175784K), 0.0026248 secs] [Times: user=0.01 sys=0.00, real=0.00 secs] 
Heap after GC invocations=5592 (full 7):
 par new generation   total 38080K, used 32K [0x0000000085600000, 0x0000000087f50000, 0x000000009a2c0000)
  eden space 33856K,   0% used [0x0000000085600000, 0x0000000085600000, 0x0000000087710000)
  from space 4224K,   0% used [0x0000000087710000, 0x0000000087718238, 0x0000000087b30000)
  to   space 4224K,   0% used [0x0000000087b30000, 0x0000000087b30000, 0x0000000087f50000)
 concurrent mark-sweep generation total 137704K, used 83174K [0x000000009a2c0000, 0x00000000a293a000, 0x0000000100000000)
 Metaspace       used 111740K, capacity 118337K, committed 120492K, reserved 1155072K
  class space    used 13542K, capacity 14759K, committed 15328K, reserved 1048576K
}
2021-02-02T22:30:37.143+0000: 545220.700: Total time for which application threads were stopped: 0.0028443 seconds, Stopping threads took: 0.0000287 seconds
{Heap before GC invocations=5592 (full 7):
 par new generation   total 38080K, used 33888K [0x0000000085600000, 0x0000000087f50000, 0x000000009a2c0000)
  eden space 33856K, 100% used [0x0000000085600000, 0x0000000087710000, 0x0000000087710000)
  from space 4224K,   0% used [0x0000000087710000, 0x0000000087718238, 0x0000000087b30000)
  to   space 4224K,   0% used [0x0000000087b30000, 0x0000000087b30000, 0x0000000087f50000)
 concurrent mark-sweep generation total 137704K, used 83174K [0x000000009a2c0000, 0x00000000a293a000, 0x0000000100000000)
 Metaspace       used 111740K, capacity 118337K, committed 120492K, reserved 1155072K
  class space    used 13542K, capacity 14759K, committed 15328K, reserved 1048576K
2021-02-02T22:32:25.725+0000: 545329.282: [GC (Allocation Failure) 2021-02-02T22:32:25.725+0000: 545329.282: [ParNew
Desired survivor size 2162688 bytes, new threshold 6 (max 6)
- age   1:      25752 bytes,      25752 total
- age   2:       3296 bytes,      29048 total
- age   4:         32 bytes,      29080 total
: 33888K->31K(38080K), 0.0022142 secs] 117063K->83205K(175784K), 0.0022873 secs] [Times: user=0.00 sys=0.00, real=0.00 secs] 
Heap after GC invocations=5593 (full 7):
 par new generation   total 38080K, used 31K [0x0000000085600000, 0x0000000087f50000, 0x000000009a2c0000)
  eden space 33856K,   0% used [0x0000000085600000, 0x0000000085600000, 0x0000000087710000)
  from space 4224K,   0% used [0x0000000087b30000, 0x0000000087b37c20, 0x0000000087f50000)
  to   space 4224K,   0% used [0x0000000087710000, 0x0000000087710000, 0x0000000087b30000)
 concurrent mark-sweep generation total 137704K, used 83174K [0x000000009a2c0000, 0x00000000a293a000, 0x0000000100000000)
 Metaspace       used 111740K, capacity 118337K, committed 120492K, reserved 1155072K
  class space    used 13542K, capacity 14759K, committed 15328K, reserved 1048576K
}
2021-02-02T22:32:25.727+0000: 545329.284: Total time for which application threads were stopped: 0.0024831 seconds, Stopping threads took: 0.0000254 seconds
{Heap before GC invocations=5593 (full 7):
 par new generation   total 38080K, used 33887K [0x0000000085600000, 0x0000000087f50000, 0x000000009a2c0000)
  eden space 33856K, 100% used [0x0000000085600000, 0x0000000087710000, 0x0000000087710000)
  from space 4224K,   0% used [0x0000000087b30000, 0x0000000087b37c20, 0x0000000087f50000)
  to   space 4224K,   0% used [0x0000000087710000, 0x0000000087710000, 0x0000000087b30000)
 concurrent mark-sweep generation total 137704K, used 83174K [0x000000009a2c0000, 0x00000000a293a000, 0x0000000100000000)
 Metaspace       used 111740K, capacity 118337K, committed 120492K, reserved 1155072K
  class space    used 13542K, capacity 14759K, committed 15328K, reserved 1048576K
2021-02-02T22:34:15.039+0000: 545438.596: [GC (Allocation Failure) 2021-02-02T22:34:15.039+0000: 545438.596: [ParNew
Desired survivor size 2162688 bytes, new threshold 6 (max 6)
- age   1:      74072 bytes,      74072 total
- age   2:        120 bytes,      74192 total
- age   3:       3144 bytes,      77336 total
- age   5:         32 bytes,      77368 total
: 33887K->78K(38080K), 0.0028369 secs] 117061K->83252K(175784K), 0.0029424 secs] [Times: user=0.01 sys=0.00, real=0.01 secs] 
Heap after GC invocations=5594 (full 7):
 par new generation   total 38080K, used 78K [0x0000000085600000, 0x0000000087f50000, 0x000000009a2c0000)
  eden space 33856K,   0% used [0x0000000085600000, 0x0000000085600000, 0x0000000087710000)
  from space 4224K,   1% used [0x0000000087710000, 0x0000000087723820, 0x0000000087b30000)
  to   space 4224K,   0% used [0x0000000087b30000, 0x0000000087b30000, 0x0000000087f50000)
 concurrent mark-sweep generation total 137704K, used 83174K [0x000000009a2c0000, 0x00000000a293a000, 0x0000000100000000)
 Metaspace       used 111740K, capacity 118337K, committed 120492K, reserved 1155072K
  class space    used 13542K, capacity 14759K, committed 15328K, reserved 1048576K
}
2021-02-02T22:34:15.042+0000: 545438.599: Total time for which application threads were stopped: 0.0032109 seconds, Stopping threads took: 0.0000363 seconds
{Heap before GC invocations=5594 (full 7):
 par new generation   total 38080K, used 33934K [0x0000000085600000, 0x0000000087f50000, 0x000000009a2c0000)
  eden space 33856K, 100% used [0x0000000085600000, 0x0000000087710000, 0x0000000087710000)
  from space 4224K,   1% used [0x0000000087710000, 0x0000000087723820, 0x0000000087b30000)
  to   space 4224K,   0% used [0x0000000087b30000, 0x0000000087b30000, 0x0000000087f50000)
 concurrent mark-sweep generation total 137704K, used 83174K [0x000000009a2c0000, 0x00000000a293a000, 0x0000000100000000)
 Metaspace       used 111740K, capacity 118337K, committed 120492K, reserved 1155072K
  class space    used 13542K, capacity 14759K, committed 15328K, reserved 1048576K
2021-02-02T22:36:04.050+0000: 545547.607: [GC (Allocation Failure) 2021-02-02T22:36:04.050+0000: 545547.607: [ParNew
Desired survivor size 2162688 bytes, new threshold 6 (max 6)
- age   1:      30200 bytes,      30200 total
- age   2:         32 bytes,      30232 total
- age   4:       3144 bytes,      33376 total
- age   6:         32 bytes,      33408 total
: 33934K->42K(38080K), 0.0028335 secs] 117108K->83217K(175784K), 0.0029241 secs] [Times: user=0.01 sys=0.00, real=0.00 secs] 
Heap after GC invocations=5595 (full 7):
 par new generation   total 38080K, used 42K [0x0000000085600000, 0x0000000087f50000, 0x000000009a2c0000)
  eden space 33856K,   0% used [0x0000000085600000, 0x0000000085600000, 0x0000000087710000)
  from space 4224K,   1% used [0x0000000087b30000, 0x0000000087b3a950, 0x0000000087f50000)
  to   space 4224K,   0% used [0x0000000087710000, 0x0000000087710000, 0x0000000087b30000)
 concurrent mark-sweep generation total 137704K, used 83174K [0x000000009a2c0000, 0x00000000a293a000, 0x0000000100000000)
 Metaspace       used 111740K, capacity 118337K, committed 120492K, reserved 1155072K
  class space    used 13542K, capacity 14759K, committed 15328K, reserved 1048576K
}
2021-02-02T22:36:04.052+0000: 545547.609: Total time for which application threads were stopped: 0.0031733 seconds, Stopping threads took: 0.0000312 seconds
{Heap before GC invocations=5595 (full 7):
 par new generation   total 38080K, used 33898K [0x0000000085600000, 0x0000000087f50000, 0x000000009a2c0000)
  eden space 33856K, 100% used [0x0000000085600000, 0x0000000087710000, 0x0000000087710000)
  from space 4224K,   1% used [0x0000000087b30000, 0x0000000087b3a950, 0x0000000087f50000)
  to   space 4224K,   0% used [0x0000000087710000, 0x0000000087710000, 0x0000000087b30000)
 concurrent mark-sweep generation total 137704K, used 83174K [0x000000009a2c0000, 0x00000000a293a000, 0x0000000100000000)
 Metaspace       used 111740K, capacity 118337K, committed 120492K, reserved 1155072K
  class space    used 13542K, capacity 14759K, committed 15328K, reserved 1048576K
2021-02-02T22:37:51.025+0000: 545654.582: [GC (Allocation Failure) 2021-02-02T22:37:51.025+0000: 545654.582: [ParNew
Desired survivor size 2162688 bytes, new threshold 6 (max 6)
- age   1:      63672 bytes,      63672 total
- age   2:        152 bytes,      63824 total
- age   5:       3144 bytes,      66968 total
: 33898K->67K(38080K), 0.0024580 secs] 117073K->83242K(175784K), 0.0025549 secs] [Times: user=0.01 sys=0.00, real=0.01 secs] 
Heap after GC invocations=5596 (full 7):
 par new generation   total 38080K, used 67K [0x0000000085600000, 0x0000000087f50000, 0x000000009a2c0000)
  eden space 33856K,   0% used [0x0000000085600000, 0x0000000085600000, 0x0000000087710000)
  from space 4224K,   1% used [0x0000000087710000, 0x0000000087720fd8, 0x0000000087b30000)
  to   space 4224K,   0% used [0x0000000087b30000, 0x0000000087b30000, 0x0000000087f50000)
 concurrent mark-sweep generation total 137704K, used 83174K [0x000000009a2c0000, 0x00000000a293a000, 0x0000000100000000)
 Metaspace       used 111740K, capacity 118337K, committed 120492K, reserved 1155072K
  class space    used 13542K, capacity 14759K, committed 15328K, reserved 1048576K
}
2021-02-02T22:37:51.028+0000: 545654.585: Total time for which application threads were stopped: 0.0028624 seconds, Stopping threads took: 0.0000305 seconds
{Heap before GC invocations=5596 (full 7):
 par new generation   total 38080K, used 33923K [0x0000000085600000, 0x0000000087f50000, 0x000000009a2c0000)
  eden space 33856K, 100% used [0x0000000085600000, 0x0000000087710000, 0x0000000087710000)
  from space 4224K,   1% used [0x0000000087710000, 0x0000000087720fd8, 0x0000000087b30000)
  to   space 4224K,   0% used [0x0000000087b30000, 0x0000000087b30000, 0x0000000087f50000)
 concurrent mark-sweep generation total 137704K, used 83174K [0x000000009a2c0000, 0x00000000a293a000, 0x0000000100000000)
 Metaspace       used 111740K, capacity 118337K, committed 120492K, reserved 1155072K
  class space    used 13542K, capacity 14759K, committed 15328K, reserved 1048576K
2021-02-02T22:39:39.402+0000: 545762.959: [GC (Allocation Failure) 2021-02-02T22:39:39.402+0000: 545762.959: [ParNew
Desired survivor size 2162688 bytes, new threshold 6 (max 6)
- age   1:      25632 bytes,      25632 total
- age   2:        152 bytes,      25784 total
- age   6:       3144 bytes,      28928 total
: 33923K->32K(38080K), 0.0029412 secs] 117098K->83207K(175784K), 0.0030196 secs] [Times: user=0.01 sys=0.00, real=0.00 secs] 
Heap after GC invocations=5597 (full 7):
 par new generation   total 38080K, used 32K [0x0000000085600000, 0x0000000087f50000, 0x000000009a2c0000)
  eden space 33856K,   0% used [0x0000000085600000, 0x0000000085600000, 0x0000000087710000)
  from space 4224K,   0% used [0x0000000087b30000, 0x0000000087b381b8, 0x0000000087f50000)
  to   space 4224K,   0% used [0x0000000087710000, 0x0000000087710000, 0x0000000087b30000)
 concurrent mark-sweep generation total 137704K, used 83174K [0x000000009a2c0000, 0x00000000a293a000, 0x0000000100000000)
 Metaspace       used 111740K, capacity 118337K, committed 120492K, reserved 1155072K
  class space    used 13542K, capacity 14759K, committed 15328K, reserved 1048576K
}
2021-02-02T22:39:39.405+0000: 545762.962: Total time for which application threads were stopped: 0.0032373 seconds, Stopping threads took: 0.0000305 seconds
{Heap before GC invocations=5597 (full 7):
 par new generation   total 38080K, used 33888K [0x0000000085600000, 0x0000000087f50000, 0x000000009a2c0000)
  eden space 33856K, 100% used [0x0000000085600000, 0x0000000087710000, 0x0000000087710000)
  from space 4224K,   0% used [0x0000000087b30000, 0x0000000087b381b8, 0x0000000087f50000)
  to   space 4224K,   0% used [0x0000000087710000, 0x0000000087710000, 0x0000000087b30000)
 concurrent mark-sweep generation total 137704K, used 83174K [0x000000009a2c0000, 0x00000000a293a000, 0x0000000100000000)
 Metaspace       used 111740K, capacity 118337K, committed 120492K, reserved 1155072K
  class space    used 13542K, capacity 14759K, committed 15328K, reserved 1048576K
2021-02-02T22:41:27.800+0000: 545871.357: [GC (Allocation Failure) 2021-02-02T22:41:27.800+0000: 545871.357: [ParNew
Desired survivor size 2162688 bytes, new threshold 6 (max 6)
- age   1:      23680 bytes,      23680 total
- age   3:         32 bytes,      23712 total
: 33888K->27K(38080K), 0.2132348 secs] 117063K->83205K(175784K), 0.2133503 secs] [Times: user=0.10 sys=0.01, real=0.22 secs] 
Heap after GC invocations=5598 (full 7):
 par new generation   total 38080K, used 27K [0x0000000085600000, 0x0000000087f50000, 0x000000009a2c0000)
  eden space 33856K,   0% used [0x0000000085600000, 0x0000000085600000, 0x0000000087710000)
  from space 4224K,   0% used [0x0000000087710000, 0x0000000087716e48, 0x0000000087b30000)
  to   space 4224K,   0% used [0x0000000087b30000, 0x0000000087b30000, 0x0000000087f50000)
 concurrent mark-sweep generation total 137704K, used 83177K [0x000000009a2c0000, 0x00000000a293a000, 0x0000000100000000)
 Metaspace       used 111740K, capacity 118337K, committed 120492K, reserved 1155072K
  class space    used 13542K, capacity 14759K, committed 15328K, reserved 1048576K
}
2021-02-02T22:41:28.013+0000: 545871.570: Total time for which application threads were stopped: 0.2136406 seconds, Stopping threads took: 0.0000335 seconds
{Heap before GC invocations=5598 (full 7):
 par new generation   total 38080K, used 33883K [0x0000000085600000, 0x0000000087f50000, 0x000000009a2c0000)
  eden space 33856K, 100% used [0x0000000085600000, 0x0000000087710000, 0x0000000087710000)
  from space 4224K,   0% used [0x0000000087710000, 0x0000000087716e48, 0x0000000087b30000)
  to   space 4224K,   0% used [0x0000000087b30000, 0x0000000087b30000, 0x0000000087f50000)
 concurrent mark-sweep generation total 137704K, used 83177K [0x000000009a2c0000, 0x00000000a293a000, 0x0000000100000000)
 Metaspace       used 111740K, capacity 118337K, committed 120492K, reserved 1155072K
  class space    used 13542K, capacity 14759K, committed 15328K, reserved 1048576K
2021-02-02T22:43:16.428+0000: 545979.985: [GC (Allocation Failure) 2021-02-02T22:43:16.428+0000: 545979.985: [ParNew
Desired survivor size 2162688 bytes, new threshold 6 (max 6)
- age   1:      26920 bytes,      26920 total
- age   2:        120 bytes,      27040 total
- age   4:         32 bytes,      27072 total
: 33883K->27K(38080K), 0.0054753 secs] 117061K->83205K(175784K), 0.0055961 secs] [Times: user=0.01 sys=0.00, real=0.00 secs] 
Heap after GC invocations=5599 (full 7):
 par new generation   total 38080K, used 27K [0x0000000085600000, 0x0000000087f50000, 0x000000009a2c0000)
  eden space 33856K,   0% used [0x0000000085600000, 0x0000000085600000, 0x0000000087710000)
  from space 4224K,   0% used [0x0000000087b30000, 0x0000000087b36df8, 0x0000000087f50000)
  to   space 4224K,   0% used [0x0000000087710000, 0x0000000087710000, 0x0000000087b30000)
 concurrent mark-sweep generation total 137704K, used 83177K [0x000000009a2c0000, 0x00000000a293a000, 0x0000000100000000)
 Metaspace       used 111740K, capacity 118337K, committed 120492K, reserved 1155072K
  class space    used 13542K, capacity 14759K, committed 15328K, reserved 1048576K
}
2021-02-02T22:43:16.434+0000: 545979.991: Total time for which application threads were stopped: 0.0058749 seconds, Stopping threads took: 0.0000492 seconds
{Heap before GC invocations=5599 (full 7):
 par new generation   total 38080K, used 33883K [0x0000000085600000, 0x0000000087f50000, 0x000000009a2c0000)
  eden space 33856K, 100% used [0x0000000085600000, 0x0000000087710000, 0x0000000087710000)
  from space 4224K,   0% used [0x0000000087b30000, 0x0000000087b36df8, 0x0000000087f50000)
  to   space 4224K,   0% used [0x0000000087710000, 0x0000000087710000, 0x0000000087b30000)
 concurrent mark-sweep generation total 137704K, used 83177K [0x000000009a2c0000, 0x00000000a293a000, 0x0000000100000000)
 Metaspace       used 111740K, capacity 118337K, committed 120492K, reserved 1155072K
  class space    used 13542K, capacity 14759K, committed 15328K, reserved 1048576K
2021-02-02T22:45:05.406+0000: 546088.963: [GC (Allocation Failure) 2021-02-02T22:45:05.406+0000: 546088.963: [ParNew
Desired survivor size 2162688 bytes, new threshold 6 (max 6)
- age   1:      29752 bytes,      29752 total
- age   2:         64 bytes,      29816 total
- age   5:         32 bytes,      29848 total
: 33883K->31K(38080K), 0.0027491 secs] 117061K->83209K(175784K), 0.0028660 secs] [Times: user=0.01 sys=0.01, real=0.01 secs] 
Heap after GC invocations=5600 (full 7):
 par new generation   total 38080K, used 31K [0x0000000085600000, 0x0000000087f50000, 0x000000009a2c0000)
  eden space 33856K,   0% used [0x0000000085600000, 0x0000000085600000, 0x0000000087710000)
  from space 4224K,   0% used [0x0000000087710000, 0x0000000087717e18, 0x0000000087b30000)
  to   space 4224K,   0% used [0x0000000087b30000, 0x0000000087b30000, 0x0000000087f50000)
 concurrent mark-sweep generation total 137704K, used 83177K [0x000000009a2c0000, 0x00000000a293a000, 0x0000000100000000)
 Metaspace       used 111740K, capacity 118337K, committed 120492K, reserved 1155072K
  class space    used 13542K, capacity 14759K, committed 15328K, reserved 1048576K
}
2021-02-02T22:45:05.408+0000: 546088.965: Total time for which application threads were stopped: 0.0031450 seconds, Stopping threads took: 0.0000302 seconds
{Heap before GC invocations=5600 (full 7):
 par new generation   total 38080K, used 33887K [0x0000000085600000, 0x0000000087f50000, 0x000000009a2c0000)
  eden space 33856K, 100% used [0x0000000085600000, 0x0000000087710000, 0x0000000087710000)
  from space 4224K,   0% used [0x0000000087710000, 0x0000000087717e18, 0x0000000087b30000)
  to   space 4224K,   0% used [0x0000000087b30000, 0x0000000087b30000, 0x0000000087f50000)
 concurrent mark-sweep generation total 137704K, used 83177K [0x000000009a2c0000, 0x00000000a293a000, 0x0000000100000000)
 Metaspace       used 111740K, capacity 118337K, committed 120492K, reserved 1155072K
  class space    used 13542K, capacity 14759K, committed 15328K, reserved 1048576K
2021-02-02T22:46:52.029+0000: 546195.586: [GC (Allocation Failure) 2021-02-02T22:46:52.029+0000: 546195.586: [ParNew
Desired survivor size 2162688 bytes, new threshold 6 (max 6)
- age   1:      97328 bytes,      97328 total
- age   2:        152 bytes,      97480 total
- age   3:         32 bytes,      97512 total
: 33887K->98K(38080K), 0.0026098 secs] 117065K->83276K(175784K), 0.0027129 secs] [Times: user=0.00 sys=0.00, real=0.00 secs] 
Heap after GC invocations=5601 (full 7):
 par new generation   total 38080K, used 98K [0x0000000085600000, 0x0000000087f50000, 0x000000009a2c0000)
  eden space 33856K,   0% used [0x0000000085600000, 0x0000000085600000, 0x0000000087710000)
  from space 4224K,   2% used [0x0000000087b30000, 0x0000000087b48950, 0x0000000087f50000)
  to   space 4224K,   0% used [0x0000000087710000, 0x0000000087710000, 0x0000000087b30000)
 concurrent mark-sweep generation total 137704K, used 83177K [0x000000009a2c0000, 0x00000000a293a000, 0x0000000100000000)
 Metaspace       used 111740K, capacity 118337K, committed 120492K, reserved 1155072K
  class space    used 13542K, capacity 14759K, committed 15328K, reserved 1048576K
}
2021-02-02T22:46:52.032+0000: 546195.589: Total time for which application threads were stopped: 0.0029901 seconds, Stopping threads took: 0.0000305 seconds
{Heap before GC invocations=5601 (full 7):
 par new generation   total 38080K, used 33954K [0x0000000085600000, 0x0000000087f50000, 0x000000009a2c0000)
  eden space 33856K, 100% used [0x0000000085600000, 0x0000000087710000, 0x0000000087710000)
  from space 4224K,   2% used [0x0000000087b30000, 0x0000000087b48950, 0x0000000087f50000)
  to   space 4224K,   0% used [0x0000000087710000, 0x0000000087710000, 0x0000000087b30000)
 concurrent mark-sweep generation total 137704K, used 83177K [0x000000009a2c0000, 0x00000000a293a000, 0x0000000100000000)
 Metaspace       used 111740K, capacity 118337K, committed 120492K, reserved 1155072K
  class space    used 13542K, capacity 14759K, committed 15328K, reserved 1048576K
2021-02-02T22:48:40.387+0000: 546303.944: [GC (Allocation Failure) 2021-02-02T22:48:40.387+0000: 546303.944: [ParNew
Desired survivor size 2162688 bytes, new threshold 6 (max 6)
- age   1:      26200 bytes,      26200 total
- age   2:        200 bytes,      26400 total
- age   4:         32 bytes,      26432 total
: 33954K->26K(38080K), 0.0046245 secs] 117132K->83204K(175784K), 0.0047804 secs] [Times: user=0.01 sys=0.00, real=0.01 secs] 
Heap after GC invocations=5602 (full 7):
 par new generation   total 38080K, used 26K [0x0000000085600000, 0x0000000087f50000, 0x000000009a2c0000)
  eden space 33856K,   0% used [0x0000000085600000, 0x0000000085600000, 0x0000000087710000)
  from space 4224K,   0% used [0x0000000087710000, 0x0000000087716b88, 0x0000000087b30000)
  to   space 4224K,   0% used [0x0000000087b30000, 0x0000000087b30000, 0x0000000087f50000)
 concurrent mark-sweep generation total 137704K, used 83177K [0x000000009a2c0000, 0x00000000a293a000, 0x0000000100000000)
 Metaspace       used 111740K, capacity 118337K, committed 120492K, reserved 1155072K
  class space    used 13542K, capacity 14759K, committed 15328K, reserved 1048576K
}
2021-02-02T22:48:40.392+0000: 546303.949: Total time for which application threads were stopped: 0.0051908 seconds, Stopping threads took: 0.0000857 seconds
{Heap before GC invocations=5602 (full 7):
 par new generation   total 38080K, used 33882K [0x0000000085600000, 0x0000000087f50000, 0x000000009a2c0000)
  eden space 33856K, 100% used [0x0000000085600000, 0x0000000087710000, 0x0000000087710000)
  from space 4224K,   0% used [0x0000000087710000, 0x0000000087716b88, 0x0000000087b30000)
  to   space 4224K,   0% used [0x0000000087b30000, 0x0000000087b30000, 0x0000000087f50000)
 concurrent mark-sweep generation total 137704K, used 83177K [0x000000009a2c0000, 0x00000000a293a000, 0x0000000100000000)
 Metaspace       used 111740K, capacity 118337K, committed 120492K, reserved 1155072K
  class space    used 13542K, capacity 14759K, committed 15328K, reserved 1048576K
2021-02-02T22:50:28.754+0000: 546412.311: [GC (Allocation Failure) 2021-02-02T22:50:28.754+0000: 546412.311: [ParNew
Desired survivor size 2162688 bytes, new threshold 6 (max 6)
- age   1:      25752 bytes,      25752 total
- age   2:        120 bytes,      25872 total
- age   3:         32 bytes,      25904 total
- age   5:         32 bytes,      25936 total
: 33882K->27K(38080K), 0.0036933 secs] 117060K->83205K(175784K), 0.0037986 secs] [Times: user=0.01 sys=0.01, real=0.00 secs] 
Heap after GC invocations=5603 (full 7):
 par new generation   total 38080K, used 27K [0x0000000085600000, 0x0000000087f50000, 0x000000009a2c0000)
  eden space 33856K,   0% used [0x0000000085600000, 0x0000000085600000, 0x0000000087710000)
  from space 4224K,   0% used [0x0000000087b30000, 0x0000000087b36f98, 0x0000000087f50000)
  to   space 4224K,   0% used [0x0000000087710000, 0x0000000087710000, 0x0000000087b30000)
 concurrent mark-sweep generation total 137704K, used 83177K [0x000000009a2c0000, 0x00000000a293a000, 0x0000000100000000)
 Metaspace       used 111740K, capacity 118337K, committed 120492K, reserved 1155072K
  class space    used 13542K, capacity 14759K, committed 15328K, reserved 1048576K
}
2021-02-02T22:50:28.758+0000: 546412.315: Total time for which application threads were stopped: 0.0040568 seconds, Stopping threads took: 0.0000310 seconds
{Heap before GC invocations=5603 (full 7):
 par new generation   total 38080K, used 33883K [0x0000000085600000, 0x0000000087f50000, 0x000000009a2c0000)
  eden space 33856K, 100% used [0x0000000085600000, 0x0000000087710000, 0x0000000087710000)
  from space 4224K,   0% used [0x0000000087b30000, 0x0000000087b36f98, 0x0000000087f50000)
  to   space 4224K,   0% used [0x0000000087710000, 0x0000000087710000, 0x0000000087b30000)
 concurrent mark-sweep generation total 137704K, used 83177K [0x000000009a2c0000, 0x00000000a293a000, 0x0000000100000000)
 Metaspace       used 111740K, capacity 118337K, committed 120492K, reserved 1155072K
  class space    used 13542K, capacity 14759K, committed 15328K, reserved 1048576K
2021-02-02T22:52:17.698+0000: 546521.255: [GC (Allocation Failure) 2021-02-02T22:52:17.698+0000: 546521.255: [ParNew
Desired survivor size 2162688 bytes, new threshold 6 (max 6)
- age   1:      25496 bytes,      25496 total
- age   2:        120 bytes,      25616 total
: 33883K->28K(38080K), 0.0045213 secs] 117061K->83206K(175784K), 0.0046596 secs] [Times: user=0.00 sys=0.00, real=0.01 secs] 
Heap after GC invocations=5604 (full 7):
 par new generation   total 38080K, used 28K [0x0000000085600000, 0x0000000087f50000, 0x000000009a2c0000)
  eden space 33856K,   0% used [0x0000000085600000, 0x0000000085600000, 0x0000000087710000)
  from space 4224K,   0% used [0x0000000087710000, 0x0000000087717040, 0x0000000087b30000)
  to   space 4224K,   0% used [0x0000000087b30000, 0x0000000087b30000, 0x0000000087f50000)
 concurrent mark-sweep generation total 137704K, used 83177K [0x000000009a2c0000, 0x00000000a293a000, 0x0000000100000000)
 Metaspace       used 111740K, capacity 118337K, committed 120492K, reserved 1155072K
  class space    used 13542K, capacity 14759K, committed 15328K, reserved 1048576K
}
2021-02-02T22:52:17.703+0000: 546521.260: Total time for which application threads were stopped: 0.0050023 seconds, Stopping threads took: 0.0000375 seconds
{Heap before GC invocations=5604 (full 7):
 par new generation   total 38080K, used 33884K [0x0000000085600000, 0x0000000087f50000, 0x000000009a2c0000)
  eden space 33856K, 100% used [0x0000000085600000, 0x0000000087710000, 0x0000000087710000)
  from space 4224K,   0% used [0x0000000087710000, 0x0000000087717040, 0x0000000087b30000)
  to   space 4224K,   0% used [0x0000000087b30000, 0x0000000087b30000, 0x0000000087f50000)
 concurrent mark-sweep generation total 137704K, used 83177K [0x000000009a2c0000, 0x00000000a293a000, 0x0000000100000000)
 Metaspace       used 111740K, capacity 118337K, committed 120492K, reserved 1155072K
  class space    used 13542K, capacity 14759K, committed 15328K, reserved 1048576K
2021-02-02T22:54:08.152+0000: 546631.709: [GC (Allocation Failure) 2021-02-02T22:54:08.152+0000: 546631.709: [ParNew
Desired survivor size 2162688 bytes, new threshold 6 (max 6)
- age   1:      29848 bytes,      29848 total
- age   2:        184 bytes,      30032 total
: 33884K->29K(38080K), 0.0026660 secs] 117062K->83207K(175784K), 0.0027698 secs] [Times: user=0.01 sys=0.00, real=0.00 secs] 
Heap after GC invocations=5605 (full 7):
 par new generation   total 38080K, used 29K [0x0000000085600000, 0x0000000087f50000, 0x000000009a2c0000)
  eden space 33856K,   0% used [0x0000000085600000, 0x0000000085600000, 0x0000000087710000)
  from space 4224K,   0% used [0x0000000087b30000, 0x0000000087b37680, 0x0000000087f50000)
  to   space 4224K,   0% used [0x0000000087710000, 0x0000000087710000, 0x0000000087b30000)
 concurrent mark-sweep generation total 137704K, used 83177K [0x000000009a2c0000, 0x00000000a293a000, 0x0000000100000000)
 Metaspace       used 111740K, capacity 118337K, committed 120492K, reserved 1155072K
  class space    used 13542K, capacity 14759K, committed 15328K, reserved 1048576K
}
2021-02-02T22:54:08.155+0000: 546631.712: Total time for which application threads were stopped: 0.0030346 seconds, Stopping threads took: 0.0000300 seconds
{Heap before GC invocations=5605 (full 7):
 par new generation   total 38080K, used 33885K [0x0000000085600000, 0x0000000087f50000, 0x000000009a2c0000)
  eden space 33856K, 100% used [0x0000000085600000, 0x0000000087710000, 0x0000000087710000)
  from space 4224K,   0% used [0x0000000087b30000, 0x0000000087b37680, 0x0000000087f50000)
  to   space 4224K,   0% used [0x0000000087710000, 0x0000000087710000, 0x0000000087b30000)
 concurrent mark-sweep generation total 137704K, used 83177K [0x000000009a2c0000, 0x00000000a293a000, 0x0000000100000000)
 Metaspace       used 111740K, capacity 118337K, committed 120492K, reserved 1155072K
  class space    used 13542K, capacity 14759K, committed 15328K, reserved 1048576K
2021-02-02T22:55:55.270+0000: 546738.827: [GC (Allocation Failure) 2021-02-02T22:55:55.270+0000: 546738.827: [ParNew
Desired survivor size 2162688 bytes, new threshold 6 (max 6)
- age   1:      63616 bytes,      63616 total
- age   2:        152 bytes,      63768 total
: 33885K->63K(38080K), 0.0035088 secs] 117063K->83241K(175784K), 0.0036182 secs] [Times: user=0.01 sys=0.00, real=0.00 secs] 
Heap after GC invocations=5606 (full 7):
 par new generation   total 38080K, used 63K [0x0000000085600000, 0x0000000087f50000, 0x000000009a2c0000)
  eden space 33856K,   0% used [0x0000000085600000, 0x0000000085600000, 0x0000000087710000)
  from space 4224K,   1% used [0x0000000087710000, 0x000000008771fee0, 0x0000000087b30000)
  to   space 4224K,   0% used [0x0000000087b30000, 0x0000000087b30000, 0x0000000087f50000)
 concurrent mark-sweep generation total 137704K, used 83177K [0x000000009a2c0000, 0x00000000a293a000, 0x0000000100000000)
 Metaspace       used 111740K, capacity 118337K, committed 120492K, reserved 1155072K
  class space    used 13542K, capacity 14759K, committed 15328K, reserved 1048576K
}
2021-02-02T22:55:55.274+0000: 546738.831: Total time for which application threads were stopped: 0.0039433 seconds, Stopping threads took: 0.0000600 seconds
{Heap before GC invocations=5606 (full 7):
 par new generation   total 38080K, used 33911K [0x0000000085600000, 0x0000000087f50000, 0x000000009a2c0000)
  eden space 33856K,  99% used [0x0000000085600000, 0x000000008770e090, 0x0000000087710000)
  from space 4224K,   1% used [0x0000000087710000, 0x000000008771fee0, 0x0000000087b30000)
  to   space 4224K,   0% used [0x0000000087b30000, 0x0000000087b30000, 0x0000000087f50000)
 concurrent mark-sweep generation total 137704K, used 83177K [0x000000009a2c0000, 0x00000000a293a000, 0x0000000100000000)
 Metaspace       used 111740K, capacity 118337K, committed 120492K, reserved 1155072K
  class space    used 13542K, capacity 14759K, committed 15328K, reserved 1048576K
2021-02-02T22:57:43.426+0000: 546846.983: [GC (Allocation Failure) 2021-02-02T22:57:43.426+0000: 546846.983: [ParNew
Desired survivor size 2162688 bytes, new threshold 6 (max 6)
- age   1:      95240 bytes,      95240 total
- age   2:         32 bytes,      95272 total
- age   3:         32 bytes,      95304 total
: 33911K->95K(38080K), 0.0040014 secs] 117089K->83273K(175784K), 0.0040973 secs] [Times: user=0.01 sys=0.00, real=0.01 secs] 
Heap after GC invocations=5607 (full 7):
 par new generation   total 38080K, used 95K [0x0000000085600000, 0x0000000087f50000, 0x000000009a2c0000)
  eden space 33856K,   0% used [0x0000000085600000, 0x0000000085600000, 0x0000000087710000)
  from space 4224K,   2% used [0x0000000087b30000, 0x0000000087b47e50, 0x0000000087f50000)
  to   space 4224K,   0% used [0x0000000087710000, 0x0000000087710000, 0x0000000087b30000)
 concurrent mark-sweep generation total 137704K, used 83177K [0x000000009a2c0000, 0x00000000a293a000, 0x0000000100000000)
 Metaspace       used 111740K, capacity 118337K, committed 120492K, reserved 1155072K
  class space    used 13542K, capacity 14759K, committed 15328K, reserved 1048576K
}
2021-02-02T22:57:43.430+0000: 546846.987: Total time for which application threads were stopped: 0.0050329 seconds, Stopping threads took: 0.0006839 seconds
{Heap before GC invocations=5607 (full 7):
 par new generation   total 38080K, used 33951K [0x0000000085600000, 0x0000000087f50000, 0x000000009a2c0000)
  eden space 33856K, 100% used [0x0000000085600000, 0x0000000087710000, 0x0000000087710000)
  from space 4224K,   2% used [0x0000000087b30000, 0x0000000087b47e50, 0x0000000087f50000)
  to   space 4224K,   0% used [0x0000000087710000, 0x0000000087710000, 0x0000000087b30000)
 concurrent mark-sweep generation total 137704K, used 83177K [0x000000009a2c0000, 0x00000000a293a000, 0x0000000100000000)
 Metaspace       used 111740K, capacity 118337K, committed 120492K, reserved 1155072K
  class space    used 13542K, capacity 14759K, committed 15328K, reserved 1048576K
2021-02-02T22:59:32.613+0000: 546956.170: [GC (Allocation Failure) 2021-02-02T22:59:32.613+0000: 546956.170: [ParNew
Desired survivor size 2162688 bytes, new threshold 6 (max 6)
- age   1:      25552 bytes,      25552 total
- age   2:        120 bytes,      25672 total
- age   4:         32 bytes,      25704 total
: 33951K->27K(38080K), 0.0037855 secs] 117129K->83205K(175784K), 0.0039012 secs] [Times: user=0.01 sys=0.00, real=0.00 secs] 
Heap after GC invocations=5608 (full 7):
 par new generation   total 38080K, used 27K [0x0000000085600000, 0x0000000087f50000, 0x000000009a2c0000)
  eden space 33856K,   0% used [0x0000000085600000, 0x0000000085600000, 0x0000000087710000)
  from space 4224K,   0% used [0x0000000087710000, 0x0000000087716f98, 0x0000000087b30000)
  to   space 4224K,   0% used [0x0000000087b30000, 0x0000000087b30000, 0x0000000087f50000)
 concurrent mark-sweep generation total 137704K, used 83177K [0x000000009a2c0000, 0x00000000a293a000, 0x0000000100000000)
 Metaspace       used 111740K, capacity 118337K, committed 120492K, reserved 1155072K
  class space    used 13542K, capacity 14759K, committed 15328K, reserved 1048576K
}
2021-02-02T22:59:32.617+0000: 546956.174: Total time for which application threads were stopped: 0.0041820 seconds, Stopping threads took: 0.0000329 seconds
{Heap before GC invocations=5608 (full 7):
 par new generation   total 38080K, used 33883K [0x0000000085600000, 0x0000000087f50000, 0x000000009a2c0000)
  eden space 33856K, 100% used [0x0000000085600000, 0x0000000087710000, 0x0000000087710000)
  from space 4224K,   0% used [0x0000000087710000, 0x0000000087716f98, 0x0000000087b30000)
  to   space 4224K,   0% used [0x0000000087b30000, 0x0000000087b30000, 0x0000000087f50000)
 concurrent mark-sweep generation total 137704K, used 83177K [0x000000009a2c0000, 0x00000000a293a000, 0x0000000100000000)
 Metaspace       used 111740K, capacity 118337K, committed 120492K, reserved 1155072K
  class space    used 13542K, capacity 14759K, committed 15328K, reserved 1048576K
2021-02-02T23:01:21.912+0000: 547064.859: [GC (Allocation Failure) 2021-02-02T23:01:21.912+0000: 547064.859: [ParNew
Desired survivor size 2162688 bytes, new threshold 6 (max 6)
- age   1:      25552 bytes,      25552 total
- age   2:        120 bytes,      25672 total
- age   5:         32 bytes,      25704 total
: 33883K->29K(38080K), 0.0030133 secs] 117061K->83207K(175784K), 0.0031234 secs] [Times: user=0.00 sys=0.00, real=0.00 secs] 
Heap after GC invocations=5609 (full 7):
 par new generation   total 38080K, used 29K [0x0000000085600000, 0x0000000087f50000, 0x000000009a2c0000)
  eden space 33856K,   0% used [0x0000000085600000, 0x0000000085600000, 0x0000000087710000)
  from space 4224K,   0% used [0x0000000087b30000, 0x0000000087b37608, 0x0000000087f50000)
  to   space 4224K,   0% used [0x0000000087710000, 0x0000000087710000, 0x0000000087b30000)
 concurrent mark-sweep generation total 137704K, used 83177K [0x000000009a2c0000, 0x00000000a293a000, 0x0000000100000000)
 Metaspace       used 111740K, capacity 118337K, committed 120492K, reserved 1155072K
  class space    used 13542K, capacity 14759K, committed 15328K, reserved 1048576K
}
2021-02-02T23:01:21.915+0000: 547064.863: Total time for which application threads were stopped: 0.0034076 seconds, Stopping threads took: 0.0000440 seconds
{Heap before GC invocations=5609 (full 7):
 par new generation   total 38080K, used 33885K [0x0000000085600000, 0x0000000087f50000, 0x000000009a2c0000)
  eden space 33856K, 100% used [0x0000000085600000, 0x0000000087710000, 0x0000000087710000)
  from space 4224K,   0% used [0x0000000087b30000, 0x0000000087b37608, 0x0000000087f50000)
  to   space 4224K,   0% used [0x0000000087710000, 0x0000000087710000, 0x0000000087b30000)
 concurrent mark-sweep generation total 137704K, used 83177K [0x000000009a2c0000, 0x00000000a293a000, 0x0000000100000000)
 Metaspace       used 111740K, capacity 118337K, committed 120492K, reserved 1155072K
  class space    used 13542K, capacity 14759K, committed 15328K, reserved 1048576K
2021-02-02T23:03:12.442+0000: 547175.390: [GC (Allocation Failure) 2021-02-02T23:03:12.442+0000: 547175.390: [ParNew
Desired survivor size 2162688 bytes, new threshold 6 (max 6)
- age   1:      29840 bytes,      29840 total
- age   6:         32 bytes,      29872 total
: 33885K->29K(38080K), 0.0025459 secs] 117063K->83207K(175784K), 0.0026719 secs] [Times: user=0.00 sys=0.01, real=0.00 secs] 
Heap after GC invocations=5610 (full 7):
 par new generation   total 38080K, used 29K [0x0000000085600000, 0x0000000087f50000, 0x000000009a2c0000)
  eden space 33856K,   0% used [0x0000000085600000, 0x0000000085600000, 0x0000000087710000)
  from space 4224K,   0% used [0x0000000087710000, 0x0000000087717608, 0x0000000087b30000)
  to   space 4224K,   0% used [0x0000000087b30000, 0x0000000087b30000, 0x0000000087f50000)
 concurrent mark-sweep generation total 137704K, used 83177K [0x000000009a2c0000, 0x00000000a293a000, 0x0000000100000000)
 Metaspace       used 111740K, capacity 118337K, committed 120492K, reserved 1155072K
  class space    used 13542K, capacity 14759K, committed 15328K, reserved 1048576K
}
2021-02-02T23:03:12.445+0000: 547175.393: Total time for which application threads were stopped: 0.0029437 seconds, Stopping threads took: 0.0000313 seconds
{Heap before GC invocations=5610 (full 7):
 par new generation   total 38080K, used 33885K [0x0000000085600000, 0x0000000087f50000, 0x000000009a2c0000)
  eden space 33856K, 100% used [0x0000000085600000, 0x0000000087710000, 0x0000000087710000)
  from space 4224K,   0% used [0x0000000087710000, 0x0000000087717608, 0x0000000087b30000)
  to   space 4224K,   0% used [0x0000000087b30000, 0x0000000087b30000, 0x0000000087f50000)
 concurrent mark-sweep generation total 137704K, used 83177K [0x000000009a2c0000, 0x00000000a293a000, 0x0000000100000000)
 Metaspace       used 111740K, capacity 118337K, committed 120492K, reserved 1155072K
  class space    used 13542K, capacity 14759K, committed 15328K, reserved 1048576K
2021-02-02T23:04:59.401+0000: 547282.349: [GC (Allocation Failure) 2021-02-02T23:04:59.401+0000: 547282.349: [ParNew
Desired survivor size 2162688 bytes, new threshold 6 (max 6)
- age   1:      64440 bytes,      64440 total
- age   2:        184 bytes,      64624 total
: 33885K->66K(38080K), 0.0038881 secs] 117063K->83244K(175784K), 0.0039983 secs] [Times: user=0.01 sys=0.00, real=0.00 secs] 
Heap after GC invocations=5611 (full 7):
 par new generation   total 38080K, used 66K [0x0000000085600000, 0x0000000087f50000, 0x000000009a2c0000)
  eden space 33856K,   0% used [0x0000000085600000, 0x0000000085600000, 0x0000000087710000)
  from space 4224K,   1% used [0x0000000087b30000, 0x0000000087b40a58, 0x0000000087f50000)
  to   space 4224K,   0% used [0x0000000087710000, 0x0000000087710000, 0x0000000087b30000)
 concurrent mark-sweep generation total 137704K, used 83177K [0x000000009a2c0000, 0x00000000a293a000, 0x0000000100000000)
 Metaspace       used 111740K, capacity 118337K, committed 120492K, reserved 1155072K
  class space    used 13542K, capacity 14759K, committed 15328K, reserved 1048576K
}
2021-02-02T23:04:59.405+0000: 547282.353: Total time for which application threads were stopped: 0.0042716 seconds, Stopping threads took: 0.0000403 seconds
{Heap before GC invocations=5611 (full 7):
 par new generation   total 38080K, used 33922K [0x0000000085600000, 0x0000000087f50000, 0x000000009a2c0000)
  eden space 33856K, 100% used [0x0000000085600000, 0x0000000087710000, 0x0000000087710000)
  from space 4224K,   1% used [0x0000000087b30000, 0x0000000087b40a58, 0x0000000087f50000)
  to   space 4224K,   0% used [0x0000000087710000, 0x0000000087710000, 0x0000000087b30000)
 concurrent mark-sweep generation total 137704K, used 83177K [0x000000009a2c0000, 0x00000000a293a000, 0x0000000100000000)
 Metaspace       used 111740K, capacity 118337K, committed 120492K, reserved 1155072K
  class space    used 13542K, capacity 14759K, committed 15328K, reserved 1048576K
2021-02-02T23:06:46.092+0000: 547389.039: [GC (Allocation Failure) 2021-02-02T23:06:46.092+0000: 547389.039: [ParNew
Desired survivor size 2162688 bytes, new threshold 6 (max 6)
- age   1:     132848 bytes,     132848 total
- age   2:        184 bytes,     133032 total
: 33922K->133K(38080K), 0.0040107 secs] 117100K->83311K(175784K), 0.0041248 secs] [Times: user=0.00 sys=0.00, real=0.00 secs] 
Heap after GC invocations=5612 (full 7):
 par new generation   total 38080K, used 133K [0x0000000085600000, 0x0000000087f50000, 0x000000009a2c0000)
  eden space 33856K,   0% used [0x0000000085600000, 0x0000000085600000, 0x0000000087710000)
  from space 4224K,   3% used [0x0000000087710000, 0x0000000087731558, 0x0000000087b30000)
  to   space 4224K,   0% used [0x0000000087b30000, 0x0000000087b30000, 0x0000000087f50000)
 concurrent mark-sweep generation total 137704K, used 83177K [0x000000009a2c0000, 0x00000000a293a000, 0x0000000100000000)
 Metaspace       used 111740K, capacity 118337K, committed 120492K, reserved 1155072K
  class space    used 13542K, capacity 14759K, committed 15328K, reserved 1048576K
}
2021-02-02T23:06:46.096+0000: 547389.043: Total time for which application threads were stopped: 0.0044105 seconds, Stopping threads took: 0.0000303 seconds
{Heap before GC invocations=5612 (full 7):
 par new generation   total 38080K, used 33989K [0x0000000085600000, 0x0000000087f50000, 0x000000009a2c0000)
  eden space 33856K, 100% used [0x0000000085600000, 0x0000000087710000, 0x0000000087710000)
  from space 4224K,   3% used [0x0000000087710000, 0x0000000087731558, 0x0000000087b30000)
  to   space 4224K,   0% used [0x0000000087b30000, 0x0000000087b30000, 0x0000000087f50000)
 concurrent mark-sweep generation total 137704K, used 83177K [0x000000009a2c0000, 0x00000000a293a000, 0x0000000100000000)
 Metaspace       used 111740K, capacity 118337K, committed 120492K, reserved 1155072K
  class space    used 13542K, capacity 14759K, committed 15328K, reserved 1048576K
2021-02-02T23:08:35.598+0000: 547498.545: [GC (Allocation Failure) 2021-02-02T23:08:35.598+0000: 547498.545: [ParNew
Desired survivor size 2162688 bytes, new threshold 6 (max 6)
- age   1:      60936 bytes,      60936 total
- age   2:      35480 bytes,      96416 total
- age   3:         32 bytes,      96448 total
: 33989K->97K(38080K), 0.0025750 secs] 117167K->83275K(175784K), 0.0026750 secs] [Times: user=0.00 sys=0.00, real=0.00 secs] 
Heap after GC invocations=5613 (full 7):
 par new generation   total 38080K, used 97K [0x0000000085600000, 0x0000000087f50000, 0x000000009a2c0000)
  eden space 33856K,   0% used [0x0000000085600000, 0x0000000085600000, 0x0000000087710000)
  from space 4224K,   2% used [0x0000000087b30000, 0x0000000087b48550, 0x0000000087f50000)
  to   space 4224K,   0% used [0x0000000087710000, 0x0000000087710000, 0x0000000087b30000)
 concurrent mark-sweep generation total 137704K, used 83177K [0x000000009a2c0000, 0x00000000a293a000, 0x0000000100000000)
 Metaspace       used 111740K, capacity 118337K, committed 120492K, reserved 1155072K
  class space    used 13542K, capacity 14759K, committed 15328K, reserved 1048576K
}
2021-02-02T23:08:35.600+0000: 547498.548: Total time for which application threads were stopped: 0.0029068 seconds, Stopping threads took: 0.0000276 seconds
{Heap before GC invocations=5613 (full 7):
 par new generation   total 38080K, used 33953K [0x0000000085600000, 0x0000000087f50000, 0x000000009a2c0000)
  eden space 33856K, 100% used [0x0000000085600000, 0x0000000087710000, 0x0000000087710000)
  from space 4224K,   2% used [0x0000000087b30000, 0x0000000087b48550, 0x0000000087f50000)
  to   space 4224K,   0% used [0x0000000087710000, 0x0000000087710000, 0x0000000087b30000)
 concurrent mark-sweep generation total 137704K, used 83177K [0x000000009a2c0000, 0x00000000a293a000, 0x0000000100000000)
 Metaspace       used 111740K, capacity 118337K, committed 120492K, reserved 1155072K
  class space    used 13542K, capacity 14759K, committed 15328K, reserved 1048576K
2021-02-02T23:10:24.386+0000: 547607.333: [GC (Allocation Failure) 2021-02-02T23:10:24.386+0000: 547607.333: [ParNew
Desired survivor size 2162688 bytes, new threshold 6 (max 6)
- age   1:      27016 bytes,      27016 total
- age   2:      33928 bytes,      60944 total
- age   3:      35144 bytes,      96088 total
- age   4:         32 bytes,      96120 total
: 33953K->98K(38080K), 0.0025093 secs] 117131K->83276K(175784K), 0.0026199 secs] [Times: user=0.00 sys=0.01, real=0.00 secs] 
Heap after GC invocations=5614 (full 7):
 par new generation   total 38080K, used 98K [0x0000000085600000, 0x0000000087f50000, 0x000000009a2c0000)
  eden space 33856K,   0% used [0x0000000085600000, 0x0000000085600000, 0x0000000087710000)
  from space 4224K,   2% used [0x0000000087710000, 0x0000000087728948, 0x0000000087b30000)
  to   space 4224K,   0% used [0x0000000087b30000, 0x0000000087b30000, 0x0000000087f50000)
 concurrent mark-sweep generation total 137704K, used 83177K [0x000000009a2c0000, 0x00000000a293a000, 0x0000000100000000)
 Metaspace       used 111740K, capacity 118337K, committed 120492K, reserved 1155072K
  class space    used 13542K, capacity 14759K, committed 15328K, reserved 1048576K
}
2021-02-02T23:10:24.389+0000: 547607.336: Total time for which application threads were stopped: 0.0028507 seconds, Stopping threads took: 0.0000256 seconds
{Heap before GC invocations=5614 (full 7):
 par new generation   total 38080K, used 33954K [0x0000000085600000, 0x0000000087f50000, 0x000000009a2c0000)
  eden space 33856K, 100% used [0x0000000085600000, 0x0000000087710000, 0x0000000087710000)
  from space 4224K,   2% used [0x0000000087710000, 0x0000000087728948, 0x0000000087b30000)
  to   space 4224K,   0% used [0x0000000087b30000, 0x0000000087b30000, 0x0000000087f50000)
 concurrent mark-sweep generation total 137704K, used 83177K [0x000000009a2c0000, 0x00000000a293a000, 0x0000000100000000)
 Metaspace       used 111740K, capacity 118337K, committed 120492K, reserved 1155072K
  class space    used 13542K, capacity 14759K, committed 15328K, reserved 1048576K
2021-02-02T23:12:15.359+0000: 547718.306: [GC (Allocation Failure) 2021-02-02T23:12:15.359+0000: 547718.306: [ParNew
Desired survivor size 2162688 bytes, new threshold 6 (max 6)
- age   1:      31904 bytes,      31904 total
- age   3:      33768 bytes,      65672 total
- age   4:      34888 bytes,     100560 total
- age   5:         32 bytes,     100592 total
: 33954K->99K(38080K), 0.0028657 secs] 117132K->83277K(175784K), 0.0029698 secs] [Times: user=0.01 sys=0.00, real=0.00 secs] 
Heap after GC invocations=5615 (full 7):
 par new generation   total 38080K, used 99K [0x0000000085600000, 0x0000000087f50000, 0x000000009a2c0000)
  eden space 33856K,   0% used [0x0000000085600000, 0x0000000085600000, 0x0000000087710000)
  from space 4224K,   2% used [0x0000000087b30000, 0x0000000087b48ca0, 0x0000000087f50000)
  to   space 4224K,   0% used [0x0000000087710000, 0x0000000087710000, 0x0000000087b30000)
 concurrent mark-sweep generation total 137704K, used 83177K [0x000000009a2c0000, 0x00000000a293a000, 0x0000000100000000)
 Metaspace       used 111740K, capacity 118337K, committed 120492K, reserved 1155072K
  class space    used 13542K, capacity 14759K, committed 15328K, reserved 1048576K
}
2021-02-02T23:12:15.362+0000: 547718.309: Total time for which application threads were stopped: 0.0032816 seconds, Stopping threads took: 0.0000353 seconds
{Heap before GC invocations=5615 (full 7):
 par new generation   total 38080K, used 33955K [0x0000000085600000, 0x0000000087f50000, 0x000000009a2c0000)
  eden space 33856K, 100% used [0x0000000085600000, 0x0000000087710000, 0x0000000087710000)
  from space 4224K,   2% used [0x0000000087b30000, 0x0000000087b48ca0, 0x0000000087f50000)
  to   space 4224K,   0% used [0x0000000087710000, 0x0000000087710000, 0x0000000087b30000)
 concurrent mark-sweep generation total 137704K, used 83177K [0x000000009a2c0000, 0x00000000a293a000, 0x0000000100000000)
 Metaspace       used 111740K, capacity 118337K, committed 120492K, reserved 1155072K
  class space    used 13542K, capacity 14759K, committed 15328K, reserved 1048576K
2021-02-02T23:14:02.868+0000: 547825.815: [GC (Allocation Failure) 2021-02-02T23:14:02.868+0000: 547825.815: [ParNew
Desired survivor size 2162688 bytes, new threshold 6 (max 6)
- age   1:      30112 bytes,      30112 total
- age   2:        152 bytes,      30264 total
- age   4:         32 bytes,      30296 total
- age   5:        360 bytes,      30656 total
- age   6:         32 bytes,      30688 total
: 33955K->32K(38080K), 0.0036119 secs] 117133K->83210K(175784K), 0.0037518 secs] [Times: user=0.00 sys=0.00, real=0.01 secs] 
Heap after GC invocations=5616 (full 7):
 par new generation   total 38080K, used 32K [0x0000000085600000, 0x0000000087f50000, 0x000000009a2c0000)
  eden space 33856K,   0% used [0x0000000085600000, 0x0000000085600000, 0x0000000087710000)
  from space 4224K,   0% used [0x0000000087710000, 0x00000000877180f0, 0x0000000087b30000)
  to   space 4224K,   0% used [0x0000000087b30000, 0x0000000087b30000, 0x0000000087f50000)
 concurrent mark-sweep generation total 137704K, used 83177K [0x000000009a2c0000, 0x00000000a293a000, 0x0000000100000000)
 Metaspace       used 111740K, capacity 118337K, committed 120492K, reserved 1155072K
  class space    used 13542K, capacity 14759K, committed 15328K, reserved 1048576K
}
2021-02-02T23:14:02.871+0000: 547825.819: Total time for which application threads were stopped: 0.0042553 seconds, Stopping threads took: 0.0001175 seconds
{Heap before GC invocations=5616 (full 7):
 par new generation   total 38080K, used 33888K [0x0000000085600000, 0x0000000087f50000, 0x000000009a2c0000)
  eden space 33856K, 100% used [0x0000000085600000, 0x0000000087710000, 0x0000000087710000)
  from space 4224K,   0% used [0x0000000087710000, 0x00000000877180f0, 0x0000000087b30000)
  to   space 4224K,   0% used [0x0000000087b30000, 0x0000000087b30000, 0x0000000087f50000)
 concurrent mark-sweep generation total 137704K, used 83177K [0x000000009a2c0000, 0x00000000a293a000, 0x0000000100000000)
 Metaspace       used 111740K, capacity 118337K, committed 120492K, reserved 1155072K
  class space    used 13542K, capacity 14759K, committed 15328K, reserved 1048576K
2021-02-02T23:15:49.850+0000: 547932.797: [GC (Allocation Failure) 2021-02-02T23:15:49.850+0000: 547932.797: [ParNew
Desired survivor size 2162688 bytes, new threshold 6 (max 6)
- age   1:      97728 bytes,      97728 total
- age   2:        120 bytes,      97848 total
- age   5:         32 bytes,      97880 total
- age   6:        360 bytes,      98240 total
: 33888K->98K(38080K), 0.0029749 secs] 117066K->83276K(175784K), 0.0030774 secs] [Times: user=0.01 sys=0.00, real=0.00 secs] 
Heap after GC invocations=5617 (full 7):
 par new generation   total 38080K, used 98K [0x0000000085600000, 0x0000000087f50000, 0x000000009a2c0000)
  eden space 33856K,   0% used [0x0000000085600000, 0x0000000085600000, 0x0000000087710000)
  from space 4224K,   2% used [0x0000000087b30000, 0x0000000087b48b90, 0x0000000087f50000)
  to   space 4224K,   0% used [0x0000000087710000, 0x0000000087710000, 0x0000000087b30000)
 concurrent mark-sweep generation total 137704K, used 83177K [0x000000009a2c0000, 0x00000000a293a000, 0x0000000100000000)
 Metaspace       used 111740K, capacity 118337K, committed 120492K, reserved 1155072K
  class space    used 13542K, capacity 14759K, committed 15328K, reserved 1048576K
}
2021-02-02T23:15:49.853+0000: 547932.800: Total time for which application threads were stopped: 0.0033468 seconds, Stopping threads took: 0.0000303 seconds
{Heap before GC invocations=5617 (full 7):
 par new generation   total 38080K, used 33954K [0x0000000085600000, 0x0000000087f50000, 0x000000009a2c0000)
  eden space 33856K, 100% used [0x0000000085600000, 0x0000000087710000, 0x0000000087710000)
  from space 4224K,   2% used [0x0000000087b30000, 0x0000000087b48b90, 0x0000000087f50000)
  to   space 4224K,   0% used [0x0000000087710000, 0x0000000087710000, 0x0000000087b30000)
 concurrent mark-sweep generation total 137704K, used 83177K [0x000000009a2c0000, 0x00000000a293a000, 0x0000000100000000)
 Metaspace       used 111740K, capacity 118337K, committed 120492K, reserved 1155072K
  class space    used 13542K, capacity 14759K, committed 15328K, reserved 1048576K
2021-02-02T23:17:38.385+0000: 548041.333: [GC (Allocation Failure) 2021-02-02T23:17:38.385+0000: 548041.333: [ParNew
Desired survivor size 2162688 bytes, new threshold 6 (max 6)
- age   1:      24112 bytes,      24112 total
- age   2:         48 bytes,      24160 total
: 33954K->28K(38080K), 0.0026440 secs] 117132K->83206K(175784K), 0.0027592 secs] [Times: user=0.00 sys=0.01, real=0.00 secs] 
Heap after GC invocations=5618 (full 7):
 par new generation   total 38080K, used 28K [0x0000000085600000, 0x0000000087f50000, 0x000000009a2c0000)
  eden space 33856K,   0% used [0x0000000085600000, 0x0000000085600000, 0x0000000087710000)
  from space 4224K,   0% used [0x0000000087710000, 0x0000000087717228, 0x0000000087b30000)
  to   space 4224K,   0% used [0x0000000087b30000, 0x0000000087b30000, 0x0000000087f50000)
 concurrent mark-sweep generation total 137704K, used 83178K [0x000000009a2c0000, 0x00000000a293a000, 0x0000000100000000)
 Metaspace       used 111740K, capacity 118337K, committed 120492K, reserved 1155072K
  class space    used 13542K, capacity 14759K, committed 15328K, reserved 1048576K
}
2021-02-02T23:17:38.388+0000: 548041.335: Total time for which application threads were stopped: 0.0030072 seconds, Stopping threads took: 0.0000302 seconds
{Heap before GC invocations=5618 (full 7):
 par new generation   total 38080K, used 33884K [0x0000000085600000, 0x0000000087f50000, 0x000000009a2c0000)
  eden space 33856K, 100% used [0x0000000085600000, 0x0000000087710000, 0x0000000087710000)
  from space 4224K,   0% used [0x0000000087710000, 0x0000000087717228, 0x0000000087b30000)
  to   space 4224K,   0% used [0x0000000087b30000, 0x0000000087b30000, 0x0000000087f50000)
 concurrent mark-sweep generation total 137704K, used 83178K [0x000000009a2c0000, 0x00000000a293a000, 0x0000000100000000)
 Metaspace       used 111740K, capacity 118337K, committed 120492K, reserved 1155072K
  class space    used 13542K, capacity 14759K, committed 15328K, reserved 1048576K
2021-02-02T23:19:27.218+0000: 548150.166: [GC (Allocation Failure) 2021-02-02T23:19:27.218+0000: 548150.166: [ParNew
Desired survivor size 2162688 bytes, new threshold 6 (max 6)
- age   1:      25928 bytes,      25928 total
- age   2:        152 bytes,      26080 total
: 33884K->27K(38080K), 0.0024387 secs] 117062K->83205K(175784K), 0.0025307 secs] [Times: user=0.00 sys=0.00, real=0.00 secs] 
Heap after GC invocations=5619 (full 7):
 par new generation   total 38080K, used 27K [0x0000000085600000, 0x0000000087f50000, 0x000000009a2c0000)
  eden space 33856K,   0% used [0x0000000085600000, 0x0000000085600000, 0x0000000087710000)
  from space 4224K,   0% used [0x0000000087b30000, 0x0000000087b36df8, 0x0000000087f50000)
  to   space 4224K,   0% used [0x0000000087710000, 0x0000000087710000, 0x0000000087b30000)
 concurrent mark-sweep generation total 137704K, used 83178K [0x000000009a2c0000, 0x00000000a293a000, 0x0000000100000000)
 Metaspace       used 111740K, capacity 118337K, committed 120492K, reserved 1155072K
  class space    used 13542K, capacity 14759K, committed 15328K, reserved 1048576K
}
2021-02-02T23:19:27.221+0000: 548150.168: Total time for which application threads were stopped: 0.0027964 seconds, Stopping threads took: 0.0000478 seconds
{Heap before GC invocations=5619 (full 7):
 par new generation   total 38080K, used 33883K [0x0000000085600000, 0x0000000087f50000, 0x000000009a2c0000)
  eden space 33856K, 100% used [0x0000000085600000, 0x0000000087710000, 0x0000000087710000)
  from space 4224K,   0% used [0x0000000087b30000, 0x0000000087b36df8, 0x0000000087f50000)
  to   space 4224K,   0% used [0x0000000087710000, 0x0000000087710000, 0x0000000087b30000)
 concurrent mark-sweep generation total 137704K, used 83178K [0x000000009a2c0000, 0x00000000a293a000, 0x0000000100000000)
 Metaspace       used 111740K, capacity 118337K, committed 120492K, reserved 1155072K
  class space    used 13542K, capacity 14759K, committed 15328K, reserved 1048576K
2021-02-02T23:21:15.869+0000: 548258.817: [GC (Allocation Failure) 2021-02-02T23:21:15.870+0000: 548258.817: [ParNew
Desired survivor size 2162688 bytes, new threshold 6 (max 6)
- age   1:      27240 bytes,      27240 total
- age   3:         32 bytes,      27272 total
: 33883K->27K(38080K), 0.0071514 secs] 117061K->83205K(175784K), 0.0072731 secs] [Times: user=0.00 sys=0.00, real=0.00 secs] 
Heap after GC invocations=5620 (full 7):
 par new generation   total 38080K, used 27K [0x0000000085600000, 0x0000000087f50000, 0x000000009a2c0000)
  eden space 33856K,   0% used [0x0000000085600000, 0x0000000085600000, 0x0000000087710000)
  from space 4224K,   0% used [0x0000000087710000, 0x0000000087716df8, 0x0000000087b30000)
  to   space 4224K,   0% used [0x0000000087b30000, 0x0000000087b30000, 0x0000000087f50000)
 concurrent mark-sweep generation total 137704K, used 83178K [0x000000009a2c0000, 0x00000000a293a000, 0x0000000100000000)
 Metaspace       used 111740K, capacity 118337K, committed 120492K, reserved 1155072K
  class space    used 13542K, capacity 14759K, committed 15328K, reserved 1048576K
}
2021-02-02T23:21:15.877+0000: 548258.824: Total time for which application threads were stopped: 0.0075521 seconds, Stopping threads took: 0.0000338 seconds
{Heap before GC invocations=5620 (full 7):
 par new generation   total 38080K, used 33883K [0x0000000085600000, 0x0000000087f50000, 0x000000009a2c0000)
  eden space 33856K, 100% used [0x0000000085600000, 0x0000000087710000, 0x0000000087710000)
  from space 4224K,   0% used [0x0000000087710000, 0x0000000087716df8, 0x0000000087b30000)
  to   space 4224K,   0% used [0x0000000087b30000, 0x0000000087b30000, 0x0000000087f50000)
 concurrent mark-sweep generation total 137704K, used 83178K [0x000000009a2c0000, 0x00000000a293a000, 0x0000000100000000)
 Metaspace       used 111740K, capacity 118337K, committed 120492K, reserved 1155072K
  class space    used 13542K, capacity 14759K, committed 15328K, reserved 1048576K
2021-02-02T23:23:06.645+0000: 548369.592: [GC (Allocation Failure) 2021-02-02T23:23:06.645+0000: 548369.592: [ParNew
Desired survivor size 2162688 bytes, new threshold 6 (max 6)
- age   1:      30184 bytes,      30184 total
- age   2:        184 bytes,      30368 total
- age   4:         32 bytes,      30400 total
: 33883K->31K(38080K), 0.0082348 secs] 117061K->83209K(175784K), 0.0084175 secs] [Times: user=0.00 sys=0.01, real=0.01 secs] 
Heap after GC invocations=5621 (full 7):
 par new generation   total 38080K, used 31K [0x0000000085600000, 0x0000000087f50000, 0x000000009a2c0000)
  eden space 33856K,   0% used [0x0000000085600000, 0x0000000085600000, 0x0000000087710000)
  from space 4224K,   0% used [0x0000000087b30000, 0x0000000087b37e90, 0x0000000087f50000)
  to   space 4224K,   0% used [0x0000000087710000, 0x0000000087710000, 0x0000000087b30000)
 concurrent mark-sweep generation total 137704K, used 83178K [0x000000009a2c0000, 0x00000000a293a000, 0x0000000100000000)
 Metaspace       used 111740K, capacity 118337K, committed 120492K, reserved 1155072K
  class space    used 13542K, capacity 14759K, committed 15328K, reserved 1048576K
}
2021-02-02T23:23:06.653+0000: 548369.601: Total time for which application threads were stopped: 0.0090191 seconds, Stopping threads took: 0.0000813 seconds
{Heap before GC invocations=5621 (full 7):
 par new generation   total 38080K, used 33887K [0x0000000085600000, 0x0000000087f50000, 0x000000009a2c0000)
  eden space 33856K, 100% used [0x0000000085600000, 0x0000000087710000, 0x0000000087710000)
  from space 4224K,   0% used [0x0000000087b30000, 0x0000000087b37e90, 0x0000000087f50000)
  to   space 4224K,   0% used [0x0000000087710000, 0x0000000087710000, 0x0000000087b30000)
 concurrent mark-sweep generation total 137704K, used 83178K [0x000000009a2c0000, 0x00000000a293a000, 0x0000000100000000)
 Metaspace       used 111740K, capacity 118337K, committed 120492K, reserved 1155072K
  class space    used 13542K, capacity 14759K, committed 15328K, reserved 1048576K
2021-02-02T23:24:53.896+0000: 548476.844: [GC (Allocation Failure) 2021-02-02T23:24:53.896+0000: 548476.844: [ParNew
Desired survivor size 2162688 bytes, new threshold 6 (max 6)
- age   1:      97512 bytes,      97512 total
- age   2:        120 bytes,      97632 total
- age   3:         32 bytes,      97664 total
: 33887K->99K(38080K), 1.1916077 secs] 117065K->83277K(175784K), 1.1917492 secs] [Times: user=3.32 sys=0.00, real=1.19 secs] 
Heap after GC invocations=5622 (full 7):
 par new generation   total 38080K, used 99K [0x0000000085600000, 0x0000000087f50000, 0x000000009a2c0000)
  eden space 33856K,   0% used [0x0000000085600000, 0x0000000085600000, 0x0000000087710000)
  from space 4224K,   2% used [0x0000000087710000, 0x0000000087728c38, 0x0000000087b30000)
  to   space 4224K,   0% used [0x0000000087b30000, 0x0000000087b30000, 0x0000000087f50000)
 concurrent mark-sweep generation total 137704K, used 83178K [0x000000009a2c0000, 0x00000000a293a000, 0x0000000100000000)
 Metaspace       used 111740K, capacity 118337K, committed 120492K, reserved 1155072K
  class space    used 13542K, capacity 14759K, committed 15328K, reserved 1048576K
}
2021-02-02T23:24:55.088+0000: 548478.035: Total time for which application threads were stopped: 1.1920256 seconds, Stopping threads took: 0.0000304 seconds
{Heap before GC invocations=5622 (full 7):
 par new generation   total 38080K, used 33955K [0x0000000085600000, 0x0000000087f50000, 0x000000009a2c0000)
  eden space 33856K, 100% used [0x0000000085600000, 0x0000000087710000, 0x0000000087710000)
  from space 4224K,   2% used [0x0000000087710000, 0x0000000087728c38, 0x0000000087b30000)
  to   space 4224K,   0% used [0x0000000087b30000, 0x0000000087b30000, 0x0000000087f50000)
 concurrent mark-sweep generation total 137704K, used 83178K [0x000000009a2c0000, 0x00000000a293a000, 0x0000000100000000)
 Metaspace       used 111740K, capacity 118337K, committed 120492K, reserved 1155072K
  class space    used 13542K, capacity 14759K, committed 15328K, reserved 1048576K
2021-02-02T23:26:43.714+0000: 548586.661: [GC (Allocation Failure) 2021-02-02T23:26:43.714+0000: 548586.661: [ParNew
Desired survivor size 2162688 bytes, new threshold 6 (max 6)
- age   1:      26000 bytes,      26000 total
- age   2:         32 bytes,      26032 total
: 33955K->26K(38080K), 0.0025793 secs] 117133K->83205K(175784K), 0.0026789 secs] [Times: user=0.01 sys=0.00, real=0.00 secs] 
Heap after GC invocations=5623 (full 7):
 par new generation   total 38080K, used 26K [0x0000000085600000, 0x0000000087f50000, 0x000000009a2c0000)
  eden space 33856K,   0% used [0x0000000085600000, 0x0000000085600000, 0x0000000087710000)
  from space 4224K,   0% used [0x0000000087b30000, 0x0000000087b36be8, 0x0000000087f50000)
  to   space 4224K,   0% used [0x0000000087710000, 0x0000000087710000, 0x0000000087b30000)
 concurrent mark-sweep generation total 137704K, used 83178K [0x000000009a2c0000, 0x00000000a293a000, 0x0000000100000000)
 Metaspace       used 111740K, capacity 118337K, committed 120492K, reserved 1155072K
  class space    used 13542K, capacity 14759K, committed 15328K, reserved 1048576K
}
2021-02-02T23:26:43.716+0000: 548586.664: Total time for which application threads were stopped: 0.0029519 seconds, Stopping threads took: 0.0000464 seconds
{Heap before GC invocations=5623 (full 7):
 par new generation   total 38080K, used 33882K [0x0000000085600000, 0x0000000087f50000, 0x000000009a2c0000)
  eden space 33856K, 100% used [0x0000000085600000, 0x0000000087710000, 0x0000000087710000)
  from space 4224K,   0% used [0x0000000087b30000, 0x0000000087b36be8, 0x0000000087f50000)
  to   space 4224K,   0% used [0x0000000087710000, 0x0000000087710000, 0x0000000087b30000)
 concurrent mark-sweep generation total 137704K, used 83178K [0x000000009a2c0000, 0x00000000a293a000, 0x0000000100000000)
 Metaspace       used 111740K, capacity 118337K, committed 120492K, reserved 1155072K
  class space    used 13542K, capacity 14759K, committed 15328K, reserved 1048576K
2021-02-02T23:28:32.206+0000: 548695.154: [GC (Allocation Failure) 2021-02-02T23:28:32.206+0000: 548695.154: [ParNew
Desired survivor size 2162688 bytes, new threshold 6 (max 6)
- age   1:      25608 bytes,      25608 total
- age   2:        120 bytes,      25728 total
- age   3:         32 bytes,      25760 total
: 33882K->25K(38080K), 0.0052780 secs] 117061K->83204K(175784K), 0.0053993 secs] [Times: user=0.00 sys=0.00, real=0.01 secs] 
Heap after GC invocations=5624 (full 7):
 par new generation   total 38080K, used 25K [0x0000000085600000, 0x0000000087f50000, 0x000000009a2c0000)
  eden space 33856K,   0% used [0x0000000085600000, 0x0000000085600000, 0x0000000087710000)
  from space 4224K,   0% used [0x0000000087710000, 0x0000000087716788, 0x0000000087b30000)
  to   space 4224K,   0% used [0x0000000087b30000, 0x0000000087b30000, 0x0000000087f50000)
 concurrent mark-sweep generation total 137704K, used 83178K [0x000000009a2c0000, 0x00000000a293a000, 0x0000000100000000)
 Metaspace       used 111740K, capacity 118337K, committed 120492K, reserved 1155072K
  class space    used 13542K, capacity 14759K, committed 15328K, reserved 1048576K
}
2021-02-02T23:28:32.212+0000: 548695.159: Total time for which application threads were stopped: 0.0056821 seconds, Stopping threads took: 0.0000526 seconds
{Heap before GC invocations=5624 (full 7):
 par new generation   total 38080K, used 33881K [0x0000000085600000, 0x0000000087f50000, 0x000000009a2c0000)
  eden space 33856K, 100% used [0x0000000085600000, 0x0000000087710000, 0x0000000087710000)
  from space 4224K,   0% used [0x0000000087710000, 0x0000000087716788, 0x0000000087b30000)
  to   space 4224K,   0% used [0x0000000087b30000, 0x0000000087b30000, 0x0000000087f50000)
 concurrent mark-sweep generation total 137704K, used 83178K [0x000000009a2c0000, 0x00000000a293a000, 0x0000000100000000)
 Metaspace       used 111740K, capacity 118337K, committed 120492K, reserved 1155072K
  class space    used 13542K, capacity 14759K, committed 15328K, reserved 1048576K
2021-02-02T23:30:21.118+0000: 548804.066: [GC (Allocation Failure) 2021-02-02T23:30:21.118+0000: 548804.066: [ParNew
Desired survivor size 2162688 bytes, new threshold 6 (max 6)
- age   1:      25880 bytes,      25880 total
- age   2:        152 bytes,      26032 total
: 33881K->27K(38080K), 0.0024557 secs] 117060K->83205K(175784K), 0.0025581 secs] [Times: user=0.01 sys=0.01, real=0.00 secs] 
Heap after GC invocations=5625 (full 7):
 par new generation   total 38080K, used 27K [0x0000000085600000, 0x0000000087f50000, 0x000000009a2c0000)
  eden space 33856K,   0% used [0x0000000085600000, 0x0000000085600000, 0x0000000087710000)
  from space 4224K,   0% used [0x0000000087b30000, 0x0000000087b36df8, 0x0000000087f50000)
  to   space 4224K,   0% used [0x0000000087710000, 0x0000000087710000, 0x0000000087b30000)
 concurrent mark-sweep generation total 137704K, used 83178K [0x000000009a2c0000, 0x00000000a293a000, 0x0000000100000000)
 Metaspace       used 111740K, capacity 118337K, committed 120492K, reserved 1155072K
  class space    used 13542K, capacity 14759K, committed 15328K, reserved 1048576K
}
2021-02-02T23:30:21.121+0000: 548804.068: Total time for which application threads were stopped: 0.0028356 seconds, Stopping threads took: 0.0000330 seconds
{Heap before GC invocations=5625 (full 7):
 par new generation   total 38080K, used 33883K [0x0000000085600000, 0x0000000087f50000, 0x000000009a2c0000)
  eden space 33856K, 100% used [0x0000000085600000, 0x0000000087710000, 0x0000000087710000)
  from space 4224K,   0% used [0x0000000087b30000, 0x0000000087b36df8, 0x0000000087f50000)
  to   space 4224K,   0% used [0x0000000087710000, 0x0000000087710000, 0x0000000087b30000)
 concurrent mark-sweep generation total 137704K, used 83178K [0x000000009a2c0000, 0x00000000a293a000, 0x0000000100000000)
 Metaspace       used 111740K, capacity 118337K, committed 120492K, reserved 1155072K
  class space    used 13542K, capacity 14759K, committed 15328K, reserved 1048576K
2021-02-02T23:32:11.582+0000: 548914.529: [GC (Allocation Failure) 2021-02-02T23:32:11.582+0000: 548914.530: [ParNew
Desired survivor size 2162688 bytes, new threshold 6 (max 6)
- age   1:      29752 bytes,      29752 total
- age   2:         64 bytes,      29816 total
- age   3:         32 bytes,      29848 total
: 33883K->31K(38080K), 0.0036232 secs] 117061K->83209K(175784K), 0.0037452 secs] [Times: user=0.01 sys=0.00, real=0.00 secs] 
Heap after GC invocations=5626 (full 7):
 par new generation   total 38080K, used 31K [0x0000000085600000, 0x0000000087f50000, 0x000000009a2c0000)
  eden space 33856K,   0% used [0x0000000085600000, 0x0000000085600000, 0x0000000087710000)
  from space 4224K,   0% used [0x0000000087710000, 0x0000000087717e18, 0x0000000087b30000)
  to   space 4224K,   0% used [0x0000000087b30000, 0x0000000087b30000, 0x0000000087f50000)
 concurrent mark-sweep generation total 137704K, used 83178K [0x000000009a2c0000, 0x00000000a293a000, 0x0000000100000000)
 Metaspace       used 111740K, capacity 118337K, committed 120492K, reserved 1155072K
  class space    used 13542K, capacity 14759K, committed 15328K, reserved 1048576K
}
2021-02-02T23:32:11.586+0000: 548914.533: Total time for which application threads were stopped: 0.0040880 seconds, Stopping threads took: 0.0000430 seconds
{Heap before GC invocations=5626 (full 7):
 par new generation   total 38080K, used 33887K [0x0000000085600000, 0x0000000087f50000, 0x000000009a2c0000)
  eden space 33856K, 100% used [0x0000000085600000, 0x0000000087710000, 0x0000000087710000)
  from space 4224K,   0% used [0x0000000087710000, 0x0000000087717e18, 0x0000000087b30000)
  to   space 4224K,   0% used [0x0000000087b30000, 0x0000000087b30000, 0x0000000087f50000)
 concurrent mark-sweep generation total 137704K, used 83178K [0x000000009a2c0000, 0x00000000a293a000, 0x0000000100000000)
 Metaspace       used 111740K, capacity 118337K, committed 120492K, reserved 1155072K
  class space    used 13542K, capacity 14759K, committed 15328K, reserved 1048576K
2021-02-02T23:33:58.502+0000: 549021.449: [GC (Allocation Failure) 2021-02-02T23:33:58.502+0000: 549021.450: [ParNew
Desired survivor size 2162688 bytes, new threshold 6 (max 6)
- age   1:      62104 bytes,      62104 total
- age   2:        152 bytes,      62256 total
: 33887K->61K(38080K), 0.0029384 secs] 117065K->83239K(175784K), 0.0030300 secs] [Times: user=0.00 sys=0.00, real=0.00 secs] 
Heap after GC invocations=5627 (full 7):
 par new generation   total 38080K, used 61K [0x0000000085600000, 0x0000000087f50000, 0x000000009a2c0000)
  eden space 33856K,   0% used [0x0000000085600000, 0x0000000085600000, 0x0000000087710000)
  from space 4224K,   1% used [0x0000000087b30000, 0x0000000087b3f588, 0x0000000087f50000)
  to   space 4224K,   0% used [0x0000000087710000, 0x0000000087710000, 0x0000000087b30000)
 concurrent mark-sweep generation total 137704K, used 83178K [0x000000009a2c0000, 0x00000000a293a000, 0x0000000100000000)
 Metaspace       used 111740K, capacity 118337K, committed 120492K, reserved 1155072K
  class space    used 13542K, capacity 14759K, committed 15328K, reserved 1048576K
}
2021-02-02T23:33:58.505+0000: 549021.453: Total time for which application threads were stopped: 0.0032633 seconds, Stopping threads took: 0.0000260 seconds
{Heap before GC invocations=5627 (full 7):
 par new generation   total 38080K, used 33917K [0x0000000085600000, 0x0000000087f50000, 0x000000009a2c0000)
  eden space 33856K, 100% used [0x0000000085600000, 0x0000000087710000, 0x0000000087710000)
  from space 4224K,   1% used [0x0000000087b30000, 0x0000000087b3f588, 0x0000000087f50000)
  to   space 4224K,   0% used [0x0000000087710000, 0x0000000087710000, 0x0000000087b30000)
 concurrent mark-sweep generation total 137704K, used 83178K [0x000000009a2c0000, 0x00000000a293a000, 0x0000000100000000)
 Metaspace       used 111740K, capacity 118337K, committed 120492K, reserved 1155072K
  class space    used 13542K, capacity 14759K, committed 15328K, reserved 1048576K
2021-02-02T23:35:45.449+0000: 549128.397: [GC (Allocation Failure) 2021-02-02T23:35:45.449+0000: 549128.397: [ParNew
Desired survivor size 2162688 bytes, new threshold 6 (max 6)
- age   1:     161352 bytes,     161352 total
: 33917K->160K(38080K), 0.0023090 secs] 117095K->83338K(175784K), 0.0023967 secs] [Times: user=0.00 sys=0.00, real=0.00 secs] 
Heap after GC invocations=5628 (full 7):
 par new generation   total 38080K, used 160K [0x0000000085600000, 0x0000000087f50000, 0x000000009a2c0000)
  eden space 33856K,   0% used [0x0000000085600000, 0x0000000085600000, 0x0000000087710000)
  from space 4224K,   3% used [0x0000000087710000, 0x0000000087738118, 0x0000000087b30000)
  to   space 4224K,   0% used [0x0000000087b30000, 0x0000000087b30000, 0x0000000087f50000)
 concurrent mark-sweep generation total 137704K, used 83178K [0x000000009a2c0000, 0x00000000a293a000, 0x0000000100000000)
 Metaspace       used 111740K, capacity 118337K, committed 120492K, reserved 1155072K
  class space    used 13542K, capacity 14759K, committed 15328K, reserved 1048576K
}
2021-02-02T23:35:45.452+0000: 549128.399: Total time for which application threads were stopped: 0.0026380 seconds, Stopping threads took: 0.0000290 seconds
{Heap before GC invocations=5628 (full 7):
 par new generation   total 38080K, used 34016K [0x0000000085600000, 0x0000000087f50000, 0x000000009a2c0000)
  eden space 33856K, 100% used [0x0000000085600000, 0x0000000087710000, 0x0000000087710000)
  from space 4224K,   3% used [0x0000000087710000, 0x0000000087738118, 0x0000000087b30000)
  to   space 4224K,   0% used [0x0000000087b30000, 0x0000000087b30000, 0x0000000087f50000)
 concurrent mark-sweep generation total 137704K, used 83178K [0x000000009a2c0000, 0x00000000a293a000, 0x0000000100000000)
 Metaspace       used 111740K, capacity 118337K, committed 120492K, reserved 1155072K
  class space    used 13542K, capacity 14759K, committed 15328K, reserved 1048576K
2021-02-02T23:37:34.846+0000: 549237.793: [GC (Allocation Failure) 2021-02-02T23:37:34.846+0000: 549237.793: [ParNew
Desired survivor size 2162688 bytes, new threshold 6 (max 6)
- age   1:      25976 bytes,      25976 total
- age   2:        200 bytes,      26176 total
: 34016K->27K(38080K), 0.0025824 secs] 117194K->83205K(175784K), 0.0026621 secs] [Times: user=0.00 sys=0.01, real=0.00 secs] 
Heap after GC invocations=5629 (full 7):
 par new generation   total 38080K, used 27K [0x0000000085600000, 0x0000000087f50000, 0x000000009a2c0000)
  eden space 33856K,   0% used [0x0000000085600000, 0x0000000085600000, 0x0000000087710000)
  from space 4224K,   0% used [0x0000000087b30000, 0x0000000087b36e70, 0x0000000087f50000)
  to   space 4224K,   0% used [0x0000000087710000, 0x0000000087710000, 0x0000000087b30000)
 concurrent mark-sweep generation total 137704K, used 83178K [0x000000009a2c0000, 0x00000000a293a000, 0x0000000100000000)
 Metaspace       used 111740K, capacity 118337K, committed 120492K, reserved 1155072K
  class space    used 13542K, capacity 14759K, committed 15328K, reserved 1048576K
}
2021-02-02T23:37:34.849+0000: 549237.796: Total time for which application threads were stopped: 0.0028965 seconds, Stopping threads took: 0.0000337 seconds
{Heap before GC invocations=5629 (full 7):
 par new generation   total 38080K, used 33883K [0x0000000085600000, 0x0000000087f50000, 0x000000009a2c0000)
  eden space 33856K, 100% used [0x0000000085600000, 0x0000000087710000, 0x0000000087710000)
  from space 4224K,   0% used [0x0000000087b30000, 0x0000000087b36e70, 0x0000000087f50000)
  to   space 4224K,   0% used [0x0000000087710000, 0x0000000087710000, 0x0000000087b30000)
 concurrent mark-sweep generation total 137704K, used 83178K [0x000000009a2c0000, 0x00000000a293a000, 0x0000000100000000)
 Metaspace       used 111740K, capacity 118337K, committed 120492K, reserved 1155072K
  class space    used 13542K, capacity 14759K, committed 15328K, reserved 1048576K
2021-02-03T07:28:10.115+0000: 549344.468: [GC (Allocation Failure) 2021-02-03T07:28:10.115+0000: 549344.468: [ParNew
Desired survivor size 2162688 bytes, new threshold 6 (max 6)
- age   1:      34912 bytes,      34912 total
- age   3:         32 bytes,      34944 total
: 33883K->35K(38080K), 0.0025255 secs] 117061K->83213K(175784K), 0.0026256 secs] [Times: user=0.00 sys=0.00, real=0.00 secs] 
Heap after GC invocations=5630 (full 7):
 par new generation   total 38080K, used 35K [0x0000000085600000, 0x0000000087f50000, 0x000000009a2c0000)
  eden space 33856K,   0% used [0x0000000085600000, 0x0000000085600000, 0x0000000087710000)
  from space 4224K,   0% used [0x0000000087710000, 0x0000000087718e08, 0x0000000087b30000)
  to   space 4224K,   0% used [0x0000000087b30000, 0x0000000087b30000, 0x0000000087f50000)
 concurrent mark-sweep generation total 137704K, used 83178K [0x000000009a2c0000, 0x00000000a293a000, 0x0000000100000000)
 Metaspace       used 111740K, capacity 118337K, committed 120492K, reserved 1155072K
  class space    used 13542K, capacity 14759K, committed 15328K, reserved 1048576K
}
2021-02-03T07:28:10.117+0000: 549344.470: Total time for which application threads were stopped: 0.0028776 seconds, Stopping threads took: 0.0000325 seconds
{Heap before GC invocations=5630 (full 7):
 par new generation   total 38080K, used 33891K [0x0000000085600000, 0x0000000087f50000, 0x000000009a2c0000)
  eden space 33856K, 100% used [0x0000000085600000, 0x0000000087710000, 0x0000000087710000)
  from space 4224K,   0% used [0x0000000087710000, 0x0000000087718e08, 0x0000000087b30000)
  to   space 4224K,   0% used [0x0000000087b30000, 0x0000000087b30000, 0x0000000087f50000)
 concurrent mark-sweep generation total 137704K, used 83178K [0x000000009a2c0000, 0x00000000a293a000, 0x0000000100000000)
 Metaspace       used 111740K, capacity 118337K, committed 120492K, reserved 1155072K
  class space    used 13542K, capacity 14759K, committed 15328K, reserved 1048576K
2021-02-03T07:30:00.807+0000: 549455.160: [GC (Allocation Failure) 2021-02-03T07:30:00.807+0000: 549455.160: [ParNew
Desired survivor size 2162688 bytes, new threshold 6 (max 6)
- age   1:      29768 bytes,      29768 total
- age   2:       9472 bytes,      39240 total
: 33891K->41K(38080K), 0.0025852 secs] 117069K->83219K(175784K), 0.0027046 secs] [Times: user=0.01 sys=0.00, real=0.00 secs] 
Heap after GC invocations=5631 (full 7):
 par new generation   total 38080K, used 41K [0x0000000085600000, 0x0000000087f50000, 0x000000009a2c0000)
  eden space 33856K,   0% used [0x0000000085600000, 0x0000000085600000, 0x0000000087710000)
  from space 4224K,   0% used [0x0000000087b30000, 0x0000000087b3a6b0, 0x0000000087f50000)
  to   space 4224K,   0% used [0x0000000087710000, 0x0000000087710000, 0x0000000087b30000)
 concurrent mark-sweep generation total 137704K, used 83178K [0x000000009a2c0000, 0x00000000a293a000, 0x0000000100000000)
 Metaspace       used 111740K, capacity 118337K, committed 120492K, reserved 1155072K
  class space    used 13542K, capacity 14759K, committed 15328K, reserved 1048576K
}
2021-02-03T07:30:00.810+0000: 549455.163: Total time for which application threads were stopped: 0.0030641 seconds, Stopping threads took: 0.0000540 seconds
{Heap before GC invocations=5631 (full 7):
 par new generation   total 38080K, used 33897K [0x0000000085600000, 0x0000000087f50000, 0x000000009a2c0000)
  eden space 33856K, 100% used [0x0000000085600000, 0x0000000087710000, 0x0000000087710000)
  from space 4224K,   0% used [0x0000000087b30000, 0x0000000087b3a6b0, 0x0000000087f50000)
  to   space 4224K,   0% used [0x0000000087710000, 0x0000000087710000, 0x0000000087b30000)
 concurrent mark-sweep generation total 137704K, used 83178K [0x000000009a2c0000, 0x00000000a293a000, 0x0000000100000000)
 Metaspace       used 111740K, capacity 118337K, committed 120492K, reserved 1155072K
  class space    used 13542K, capacity 14759K, committed 15328K, reserved 1048576K
2021-02-03T07:31:48.796+0000: 549563.149: [GC (Allocation Failure) 2021-02-03T07:31:48.796+0000: 549563.149: [ParNew
Desired survivor size 2162688 bytes, new threshold 6 (max 6)
- age   1:      30136 bytes,      30136 total
- age   2:        184 bytes,      30320 total
- age   3:       9352 bytes,      39672 total
: 33897K->42K(38080K), 0.0024356 secs] 117075K->83220K(175784K), 0.0025414 secs] [Times: user=0.00 sys=0.00, real=0.00 secs] 
Heap after GC invocations=5632 (full 7):
 par new generation   total 38080K, used 42K [0x0000000085600000, 0x0000000087f50000, 0x000000009a2c0000)
  eden space 33856K,   0% used [0x0000000085600000, 0x0000000085600000, 0x0000000087710000)
  from space 4224K,   0% used [0x0000000087710000, 0x000000008771a818, 0x0000000087b30000)
  to   space 4224K,   0% used [0x0000000087b30000, 0x0000000087b30000, 0x0000000087f50000)
 concurrent mark-sweep generation total 137704K, used 83178K [0x000000009a2c0000, 0x00000000a293a000, 0x0000000100000000)
 Metaspace       used 111740K, capacity 118337K, committed 120492K, reserved 1155072K
  class space    used 13542K, capacity 14759K, committed 15328K, reserved 1048576K
}
2021-02-03T07:31:48.799+0000: 549563.152: Total time for which application threads were stopped: 0.0028399 seconds, Stopping threads took: 0.0000422 seconds
2021-02-03T07:33:06.792+0000: 549641.145: Total time for which application threads were stopped: 0.9839368 seconds, Stopping threads took: 0.9837595 seconds
2021-02-03T07:33:07.792+0000: 549642.145: Total time for which application threads were stopped: 0.0002472 seconds, Stopping threads took: 0.0000418 seconds
2021-02-03T07:33:08.612+0000: 549642.965: Total time for which application threads were stopped: 0.0005713 seconds, Stopping threads took: 0.0000762 seconds
2021-02-03T07:33:08.613+0000: 549642.966: Total time for which application threads were stopped: 0.0003640 seconds, Stopping threads took: 0.0000514 seconds
2021-02-03T07:33:08.614+0000: 549642.967: Total time for which application threads were stopped: 0.0003537 seconds, Stopping threads took: 0.0000481 seconds
2021-02-03T07:33:08.615+0000: 549642.968: Total time for which application threads were stopped: 0.0003466 seconds, Stopping threads took: 0.0000479 seconds
2021-02-03T07:33:08.616+0000: 549642.969: Total time for which application threads were stopped: 0.0003801 seconds, Stopping threads took: 0.0000509 seconds
2021-02-03T07:33:08.617+0000: 549642.970: Total time for which application threads were stopped: 0.0002960 seconds, Stopping threads took: 0.0000417 seconds
2021-02-03T07:33:08.617+0000: 549642.970: Total time for which application threads were stopped: 0.0003004 seconds, Stopping threads took: 0.0000413 seconds
2021-02-03T07:33:08.618+0000: 549642.971: Total time for which application threads were stopped: 0.0002997 seconds, Stopping threads took: 0.0000408 seconds
2021-02-03T07:33:08.619+0000: 549642.972: Total time for which application threads were stopped: 0.0003004 seconds, Stopping threads took: 0.0000410 seconds
2021-02-03T07:33:08.620+0000: 549642.973: Total time for which application threads were stopped: 0.0003279 seconds, Stopping threads took: 0.0000413 seconds
2021-02-03T07:33:08.620+0000: 549642.974: Total time for which application threads were stopped: 0.0003019 seconds, Stopping threads took: 0.0000412 seconds
2021-02-03T07:33:08.621+0000: 549642.974: Total time for which application threads were stopped: 0.0002997 seconds, Stopping threads took: 0.0000414 seconds
2021-02-03T07:33:08.622+0000: 549642.975: Total time for which application threads were stopped: 0.0003003 seconds, Stopping threads took: 0.0000415 seconds
2021-02-03T07:33:08.623+0000: 549642.976: Total time for which application threads were stopped: 0.0002999 seconds, Stopping threads took: 0.0000414 seconds
2021-02-03T07:33:08.623+0000: 549642.977: Total time for which application threads were stopped: 0.0002992 seconds, Stopping threads took: 0.0000409 seconds
2021-02-03T07:33:08.624+0000: 549642.977: Total time for which application threads were stopped: 0.0002997 seconds, Stopping threads took: 0.0000414 seconds
2021-02-03T07:33:08.625+0000: 549642.978: Total time for which application threads were stopped: 0.0002997 seconds, Stopping threads took: 0.0000412 seconds
2021-02-03T07:33:08.626+0000: 549642.979: Total time for which application threads were stopped: 0.0002999 seconds, Stopping threads took: 0.0000414 seconds
2021-02-03T07:33:08.626+0000: 549642.980: Total time for which application threads were stopped: 0.0003002 seconds, Stopping threads took: 0.0000411 seconds
2021-02-03T07:33:08.627+0000: 549642.980: Total time for which application threads were stopped: 0.0003013 seconds, Stopping threads took: 0.0000416 seconds
2021-02-03T07:33:08.628+0000: 549642.981: Total time for which application threads were stopped: 0.0002967 seconds, Stopping threads took: 0.0000415 seconds
2021-02-03T07:33:08.629+0000: 549642.982: Total time for which application threads were stopped: 0.0002951 seconds, Stopping threads took: 0.0000415 seconds
2021-02-03T07:33:08.630+0000: 549642.983: Total time for which application threads were stopped: 0.0002943 seconds, Stopping threads took: 0.0000417 seconds
2021-02-03T07:33:08.630+0000: 549642.983: Total time for which application threads were stopped: 0.0002672 seconds, Stopping threads took: 0.0000363 seconds
2021-02-03T07:33:08.631+0000: 549642.984: Total time for which application threads were stopped: 0.0004659 seconds, Stopping threads took: 0.0000541 seconds
2021-02-03T07:33:08.632+0000: 549642.985: Total time for which application threads were stopped: 0.0003461 seconds, Stopping threads took: 0.0000620 seconds
2021-02-03T07:33:08.633+0000: 549642.986: Total time for which application threads were stopped: 0.0003005 seconds, Stopping threads took: 0.0000419 seconds
2021-02-03T07:33:08.633+0000: 549642.986: Total time for which application threads were stopped: 0.0002957 seconds, Stopping threads took: 0.0000413 seconds
2021-02-03T07:33:09.634+0000: 549643.987: Total time for which application threads were stopped: 0.0003463 seconds, Stopping threads took: 0.0000428 seconds
2021-02-03T07:33:10.634+0000: 549644.987: Total time for which application threads were stopped: 0.0000976 seconds, Stopping threads took: 0.0000170 seconds
2021-02-03T07:33:11.635+0000: 549645.988: Total time for which application threads were stopped: 0.0002122 seconds, Stopping threads took: 0.0000403 seconds
Heap
 par new generation   total 38080K, used 32532K [0x0000000085600000, 0x0000000087f50000, 0x000000009a2c0000)
  eden space 33856K,  95% used [0x0000000085600000, 0x00000000875baac0, 0x0000000087710000)
  from space 4224K,   0% used [0x0000000087710000, 0x000000008771a818, 0x0000000087b30000)
  to   space 4224K,   0% used [0x0000000087b30000, 0x0000000087b30000, 0x0000000087f50000)
 concurrent mark-sweep generation total 137704K, used 83178K [0x000000009a2c0000, 0x00000000a293a000, 0x0000000100000000)
 Metaspace       used 111889K, capacity 118497K, committed 120620K, reserved 1155072K
  class space    used 13565K, capacity 14810K, committed 15456K, reserved 1048576K
